2014-07-28T05:12:42.022+0000: 2.998: [GC2014-07-28T05:12:42.022+0000: 2.998: [ParNew: 81920K->10240K(92160K), 0.0559220 secs] 81920K->11039K(20961280K), 0.0561000 secs] [Times: user=0.28 sys=0.05, real=0.06 secs]
2014-07-28T05:12:43.452+0000: 4.428: [GC2014-07-28T05:12:43.452+0000: 4.428: [ParNew: 92160K->10240K(92160K), 0.0835260 secs] 92959K->19555K(20961280K), 0.0836400 secs] [Times: user=0.47 sys=0.03, real=0.08 secs]
2014-07-28T05:12:49.382+0000: 10.358: [GC2014-07-28T05:12:49.382+0000: 10.358: [ParNew: 92160K->10239K(92160K), 0.0561750 secs] 101475K->26366K(20961280K), 0.0562990 secs] [Times: user=0.37 sys=0.02, real=0.06 secs]
2014-07-28T05:12:56.052+0000: 17.028: [GC2014-07-28T05:12:56.052+0000: 17.028: [ParNew: 92159K->9634K(92160K), 0.0618870 secs] 108286K->31883K(20961280K), 0.0620100 secs] [Times: user=0.47 sys=0.00, real=0.06 secs]
2014-07-28T05:13:00.662+0000: 21.638: [GC2014-07-28T05:13:00.662+0000: 21.638: [ParNew: 91554K->7359K(92160K), 0.0453450 secs] 113803K->33887K(20961280K), 0.0454660 secs] [Times: user=0.35 sys=0.00, real=0.05 secs]
2014-07-28T05:13:04.898+0000: 25.874: [GC2014-07-28T05:13:04.898+0000: 25.874: [ParNew: 89279K->7305K(92160K), 0.0497160 secs] 115807K->38987K(20961280K), 0.0498430 secs] [Times: user=0.37 sys=0.01, real=0.05 secs]
2014-07-28T05:13:08.002+0000: 28.978: [GC2014-07-28T05:13:08.002+0000: 28.978: [ParNew: 89225K->7880K(92160K), 0.0466540 secs] 120907K->44916K(20961280K), 0.0467760 secs] [Times: user=0.35 sys=0.01, real=0.05 secs]
2014-07-28T05:13:11.142+0000: 32.119: [GC2014-07-28T05:13:11.143+0000: 32.119: [ParNew: 89800K->8348K(92160K), 0.0477420 secs] 126836K->50964K(20961280K), 0.0478640 secs] [Times: user=0.36 sys=0.00, real=0.05 secs]
2014-07-28T05:13:14.295+0000: 35.271: [GC2014-07-28T05:13:14.295+0000: 35.271: [ParNew: 90268K->7184K(92160K), 0.0471490 secs] 132884K->55107K(20961280K), 0.0472680 secs] [Times: user=0.36 sys=0.01, real=0.04 secs]
2014-07-28T05:13:16.608+0000: 37.584: [GC2014-07-28T05:13:16.608+0000: 37.584: [ParNew: 89104K->8182K(92160K), 0.0477290 secs] 137027K->61405K(20961280K), 0.0478510 secs] [Times: user=0.35 sys=0.01, real=0.05 secs]
2014-07-28T05:13:18.993+0000: 39.969: [GC2014-07-28T05:13:18.993+0000: 39.969: [ParNew: 90102K->8521K(92160K), 0.0616250 secs] 143325K->67401K(20961280K), 0.0617540 secs] [Times: user=0.43 sys=0.00, real=0.07 secs]
2014-07-28T05:13:21.332+0000: 42.308: [GC2014-07-28T05:13:21.332+0000: 42.308: [ParNew: 90441K->8673K(92160K), 0.0494810 secs] 149321K->73268K(20961280K), 0.0495990 secs] [Times: user=0.38 sys=0.01, real=0.05 secs]
2014-07-28T05:13:23.719+0000: 44.695: [GC2014-07-28T05:13:23.719+0000: 44.695: [ParNew: 90593K->8232K(92160K), 0.0478700 secs] 155188K->78672K(20961280K), 0.0479900 secs] [Times: user=0.34 sys=0.02, real=0.05 secs]
2014-07-28T05:13:25.688+0000: 46.664: [GC2014-07-28T05:13:25.688+0000: 46.664: [ParNew: 90152K->8891K(92160K), 0.0472700 secs] 160592K->85059K(20961280K), 0.0473920 secs] [Times: user=0.35 sys=0.00, real=0.05 secs]
2014-07-28T05:13:27.582+0000: 48.558: [GC2014-07-28T05:13:27.582+0000: 48.558: [ParNew: 90811K->8862K(92160K), 0.0472470 secs] 166979K->90695K(20961280K), 0.0473640 secs] [Times: user=0.36 sys=0.00, real=0.05 secs]
2014-07-28T05:13:29.483+0000: 50.459: [GC2014-07-28T05:13:29.483+0000: 50.459: [ParNew: 90782K->8824K(92160K), 0.0473320 secs] 172615K->96291K(20961280K), 0.0474550 secs] [Times: user=0.36 sys=0.02, real=0.05 secs]
2014-07-28T05:13:31.403+0000: 52.379: [GC2014-07-28T05:13:31.403+0000: 52.379: [ParNew: 90744K->8756K(92160K), 0.0481290 secs] 178211K->101898K(20961280K), 0.0482470 secs] [Times: user=0.36 sys=0.01, real=0.04 secs]
2014-07-28T05:13:33.288+0000: 54.264: [GC2014-07-28T05:13:33.288+0000: 54.264: [ParNew: 90676K->8709K(92160K), 0.0465530 secs] 183818K->107471K(20961280K), 0.0466690 secs] [Times: user=0.36 sys=0.01, real=0.05 secs]
2014-07-28T05:13:35.022+0000: 55.998: [GC2014-07-28T05:13:35.022+0000: 55.998: [ParNew: 90629K->8018K(92160K), 0.0508780 secs] 189391K->112437K(20961280K), 0.0509980 secs] [Times: user=0.36 sys=0.03, real=0.04 secs]
2014-07-28T05:13:36.612+0000: 57.588: [GC2014-07-28T05:13:36.612+0000: 57.589: [ParNew: 89938K->9606K(92160K), 0.0467990 secs] 194357K->119754K(20961280K), 0.0469190 secs] [Times: user=0.36 sys=0.00, real=0.05 secs]
2014-07-28T05:13:38.212+0000: 59.188: [GC2014-07-28T05:13:38.212+0000: 59.188: [ParNew: 91526K->8314K(92160K), 0.0462300 secs] 201674K->124110K(20961280K), 0.0463520 secs] [Times: user=0.35 sys=0.00, real=0.05 secs]
2014-07-28T05:13:39.798+0000: 60.774: [GC2014-07-28T05:13:39.798+0000: 60.774: [ParNew: 90234K->8132K(92160K), 0.0467660 secs] 206030K->129595K(20961280K), 0.0469020 secs] [Times: user=0.34 sys=0.02, real=0.05 secs]
2014-07-28T05:13:41.383+0000: 62.359: [GC2014-07-28T05:13:41.383+0000: 62.360: [ParNew: 90052K->8153K(92160K), 0.0460520 secs] 211515K->135306K(20961280K), 0.0461680 secs] [Times: user=0.36 sys=0.00, real=0.04 secs]
2014-07-28T05:13:42.973+0000: 63.949: [GC2014-07-28T05:13:42.973+0000: 63.949: [ParNew: 90073K->8789K(92160K), 0.0408160 secs] 217226K->137557K(20961280K), 0.0409300 secs] [Times: user=0.31 sys=0.01, real=0.04 secs]
2014-07-28T05:13:44.553+0000: 65.529: [GC2014-07-28T05:13:44.553+0000: 65.529: [ParNew: 90700K->8181K(92160K), 0.0476060 secs] 219468K->142619K(20961280K), 0.0477290 secs] [Times: user=0.35 sys=0.01, real=0.05 secs]
2014-07-28T05:13:45.884+0000: 66.860: [GC2014-07-28T05:13:45.884+0000: 66.860: [ParNew: 90090K->9601K(92160K), 0.0494390 secs] 224528K->149709K(20961280K), 0.0495580 secs] [Times: user=0.36 sys=0.01, real=0.04 secs]
2014-07-28T05:13:47.235+0000: 68.211: [GC2014-07-28T05:13:47.235+0000: 68.211: [ParNew: 91518K->9129K(92160K), 0.0470560 secs] 231625K->155079K(20961280K), 0.0471740 secs] [Times: user=0.36 sys=0.00, real=0.05 secs]
2014-07-28T05:13:48.595+0000: 69.571: [GC2014-07-28T05:13:48.595+0000: 69.571: [ParNew: 91049K->8901K(92160K), 0.0485030 secs] 236999K->160486K(20961280K), 0.0486200 secs] [Times: user=0.37 sys=0.01, real=0.05 secs]
2014-07-28T05:13:49.954+0000: 70.930: [GC2014-07-28T05:13:49.954+0000: 70.930: [ParNew: 90818K->9594K(92160K), 0.0487260 secs] 242403K->166812K(20961280K), 0.0488520 secs] [Times: user=0.37 sys=0.00, real=0.06 secs]
2014-07-28T05:13:51.322+0000: 72.298: [GC2014-07-28T05:13:51.322+0000: 72.298: [ParNew: 91514K->8858K(92160K), 0.0511770 secs] 248732K->171719K(20961280K), 0.0513120 secs] [Times: user=0.37 sys=0.02, real=0.04 secs]
2014-07-28T05:13:52.685+0000: 73.661: [GC2014-07-28T05:13:52.685+0000: 73.661: [ParNew: 90778K->9565K(92160K), 0.0467260 secs] 253639K->178060K(20961280K), 0.0468460 secs] [Times: user=0.36 sys=0.00, real=0.04 secs]
2014-07-28T05:13:54.053+0000: 75.029: [GC2014-07-28T05:13:54.053+0000: 75.029: [ParNew: 91479K->8977K(92160K), 0.0485050 secs] 259974K->183161K(20961280K), 0.0486260 secs] [Times: user=0.37 sys=0.00, real=0.05 secs]
2014-07-28T05:13:55.293+0000: 76.269: [GC2014-07-28T05:13:55.293+0000: 76.269: [ParNew: 90897K->8971K(92160K), 0.0459440 secs] 265081K->188858K(20961280K), 0.0460700 secs] [Times: user=0.36 sys=0.00, real=0.05 secs]
2014-07-28T05:13:56.485+0000: 77.461: [GC2014-07-28T05:13:56.485+0000: 77.461: [ParNew: 90891K->9105K(92160K), 0.0538260 secs] 270778K->194686K(20961280K), 0.0539550 secs] [Times: user=0.38 sys=0.01, real=0.05 secs]
2014-07-28T05:13:57.675+0000: 78.651: [GC2014-07-28T05:13:57.675+0000: 78.651: [ParNew: 91025K->9022K(92160K), 0.0477830 secs] 276606K->200252K(20961280K), 0.0479010 secs] [Times: user=0.37 sys=0.00, real=0.05 secs]
2014-07-28T05:13:58.870+0000: 79.846: [GC2014-07-28T05:13:58.870+0000: 79.846: [ParNew: 90942K->9933K(92160K), 0.0717560 secs] 282172K->206954K(20961280K), 0.0718660 secs] [Times: user=0.46 sys=0.01, real=0.08 secs]
2014-07-28T05:14:00.073+0000: 81.049: [GC2014-07-28T05:14:00.073+0000: 81.049: [ParNew: 91853K->7955K(92160K), 0.0468300 secs] 288874K->210622K(20961280K), 0.0469530 secs] [Times: user=0.35 sys=0.01, real=0.05 secs]
2014-07-28T05:14:01.263+0000: 82.239: [GC2014-07-28T05:14:01.263+0000: 82.239: [ParNew: 89875K->9539K(92160K), 0.0476750 secs] 292542K->217940K(20961280K), 0.0477890 secs] [Times: user=0.35 sys=0.01, real=0.04 secs]
2014-07-28T05:14:02.464+0000: 83.440: [GC2014-07-28T05:14:02.464+0000: 83.440: [ParNew: 91459K->9518K(92160K), 0.0471030 secs] 299860K->223603K(20961280K), 0.0472240 secs] [Times: user=0.36 sys=0.01, real=0.04 secs]
2014-07-28T05:14:03.674+0000: 84.650: [GC2014-07-28T05:14:03.674+0000: 84.650: [ParNew: 91438K->8864K(92160K), 0.0443630 secs] 305523K->228619K(20961280K), 0.0444800 secs] [Times: user=0.33 sys=0.01, real=0.04 secs]
2014-07-28T05:14:04.795+0000: 85.771: [GC2014-07-28T05:14:04.795+0000: 85.771: [ParNew: 90784K->8902K(92160K), 0.0476140 secs] 310539K->234360K(20961280K), 0.0477350 secs] [Times: user=0.37 sys=0.00, real=0.05 secs]
2014-07-28T05:14:05.885+0000: 86.861: [GC2014-07-28T05:14:05.885+0000: 86.861: [ParNew: 90822K->9052K(92160K), 0.0473310 secs] 316280K->240182K(20961280K), 0.0474510 secs] [Times: user=0.36 sys=0.00, real=0.05 secs]
2014-07-28T05:14:06.943+0000: 87.919: [GC2014-07-28T05:14:06.943+0000: 87.919: [ParNew: 90972K->9020K(92160K), 0.0476960 secs] 322102K->245820K(20961280K), 0.0478150 secs] [Times: user=0.36 sys=0.01, real=0.05 secs]
2014-07-28T05:14:07.995+0000: 88.971: [GC2014-07-28T05:14:07.995+0000: 88.971: [ParNew: 90940K->8971K(92160K), 0.0497810 secs] 327740K->251438K(20961280K), 0.0499040 secs] [Times: user=0.38 sys=0.00, real=0.05 secs]
2014-07-28T05:14:09.059+0000: 90.035: [GC2014-07-28T05:14:09.061+0000: 90.037: [ParNew: 90891K->9086K(92160K), 0.0463730 secs] 333358K->257237K(20961280K), 0.0478230 secs] [Times: user=0.35 sys=0.00, real=0.05 secs]
2014-07-28T05:14:10.153+0000: 91.129: [GC2014-07-28T05:14:10.153+0000: 91.129: [ParNew: 91006K->9762K(92160K), 0.0477370 secs] 339157K->263573K(20961280K), 0.0478630 secs] [Times: user=0.34 sys=0.02, real=0.04 secs]
2014-07-28T05:14:11.192+0000: 92.168: [GC2014-07-28T05:14:11.192+0000: 92.168: [ParNew: 91682K->9201K(92160K), 0.0491030 secs] 345493K->268688K(20961280K), 0.0492220 secs] [Times: user=0.36 sys=0.01, real=0.04 secs]
2014-07-28T05:14:12.263+0000: 93.239: [GC2014-07-28T05:14:12.263+0000: 93.239: [ParNew: 91121K->9048K(92160K), 0.0449590 secs] 350608K->274175K(20961280K), 0.0451090 secs] [Times: user=0.33 sys=0.01, real=0.04 secs]
2014-07-28T05:14:13.323+0000: 94.299: [GC2014-07-28T05:14:13.323+0000: 94.299: [ParNew: 90968K->8987K(92160K), 0.0449290 secs] 356095K->279783K(20961280K), 0.0450490 secs] [Times: user=0.34 sys=0.01, real=0.04 secs]
2014-07-28T05:14:14.385+0000: 95.361: [GC2014-07-28T05:14:14.385+0000: 95.361: [ParNew: 90902K->8277K(92160K), 0.0466780 secs] 361698K->284778K(20961280K), 0.0468070 secs] [Times: user=0.35 sys=0.00, real=0.05 secs]
2014-07-28T05:14:15.363+0000: 96.339: [GC2014-07-28T05:14:15.363+0000: 96.339: [ParNew: 90197K->9767K(92160K), 0.0479200 secs] 366698K->291953K(20961280K), 0.0480440 secs] [Times: user=0.37 sys=0.00, real=0.05 secs]
2014-07-28T05:14:16.303+0000: 97.280: [GC2014-07-28T05:14:16.304+0000: 97.280: [ParNew: 91687K->9638K(92160K), 0.0480230 secs] 373873K->297465K(20961280K), 0.0481420 secs] [Times: user=0.37 sys=0.01, real=0.05 secs]
2014-07-28T05:14:17.264+0000: 98.240: [GC2014-07-28T05:14:17.264+0000: 98.240: [ParNew: 91558K->10240K(92160K), 0.0489730 secs] 379385K->303751K(20961280K), 0.0490920 secs] [Times: user=0.38 sys=0.01, real=0.05 secs]
2014-07-28T05:14:18.215+0000: 99.191: [GC2014-07-28T05:14:18.215+0000: 99.191: [ParNew: 92160K->8017K(92160K), 0.0459090 secs] 385671K->307212K(20961280K), 0.0460360 secs] [Times: user=0.34 sys=0.02, real=0.04 secs]
2014-07-28T05:14:19.173+0000: 100.149: [GC2014-07-28T05:14:19.173+0000: 100.149: [ParNew: 89937K->8964K(92160K), 0.0463770 secs] 389132K->313827K(20961280K), 0.0465050 secs] [Times: user=0.34 sys=0.02, real=0.04 secs]
2014-07-28T05:14:20.176+0000: 101.152: [GC2014-07-28T05:14:20.176+0000: 101.152: [ParNew: 90884K->9611K(92160K), 0.0466430 secs] 395747K->320234K(20961280K), 0.0467600 secs] [Times: user=0.34 sys=0.02, real=0.05 secs]
2014-07-28T05:14:21.093+0000: 102.069: [GC2014-07-28T05:14:21.093+0000: 102.069: [ParNew: 91531K->9549K(92160K), 0.0488690 secs] 402154K->325844K(20961280K), 0.0489930 secs] [Times: user=0.35 sys=0.02, real=0.04 secs]
2014-07-28T05:14:22.044+0000: 103.020: [GC2014-07-28T05:14:22.044+0000: 103.020: [ParNew: 91469K->10240K(92160K), 0.0581450 secs] 407764K->332190K(20961280K), 0.0582710 secs] [Times: user=0.42 sys=0.03, real=0.06 secs]
2014-07-28T05:14:23.005+0000: 103.981: [GC2014-07-28T05:14:23.005+0000: 103.981: [ParNew: 92160K->7955K(92160K), 0.0475620 secs] 414110K->335585K(20961280K), 0.0476810 secs] [Times: user=0.37 sys=0.00, real=0.05 secs]
2014-07-28T05:14:23.962+0000: 104.938: [GC2014-07-28T05:14:23.962+0000: 104.939: [ParNew: 89875K->9569K(92160K), 0.0506360 secs] 417505K->342888K(20961280K), 0.0507540 secs] [Times: user=0.37 sys=0.02, real=0.05 secs]
2014-07-28T05:14:24.902+0000: 105.878: [GC2014-07-28T05:14:24.902+0000: 105.879: [ParNew: 91489K->9024K(92160K), 0.0579720 secs] 424808K->348128K(20961280K), 0.0580910 secs] [Times: user=0.42 sys=0.01, real=0.05 secs]
2014-07-28T05:14:25.763+0000: 106.739: [GC2014-07-28T05:14:25.763+0000: 106.739: [ParNew: 90944K->9653K(92160K), 0.0498700 secs] 430048K->354415K(20961280K), 0.0499900 secs] [Times: user=0.39 sys=0.00, real=0.05 secs]
2014-07-28T05:14:26.645+0000: 107.621: [GC2014-07-28T05:14:26.645+0000: 107.621: [ParNew: 91573K->9153K(92160K), 0.0476260 secs] 436335K->359656K(20961280K), 0.0477500 secs] [Times: user=0.36 sys=0.00, real=0.05 secs]
2014-07-28T05:14:27.503+0000: 108.479: [GC2014-07-28T05:14:27.503+0000: 108.479: [ParNew: 91073K->9167K(92160K), 0.0487970 secs] 441576K->365340K(20961280K), 0.0489170 secs] [Times: user=0.35 sys=0.02, real=0.05 secs]
2014-07-28T05:14:28.364+0000: 109.340: [GC2014-07-28T05:14:28.364+0000: 109.340: [ParNew: 91087K->9198K(92160K), 0.0489010 secs] 447260K->371088K(20961280K), 0.0490220 secs] [Times: user=0.37 sys=0.01, real=0.05 secs]
2014-07-28T05:14:29.252+0000: 110.228: [GC2014-07-28T05:14:29.252+0000: 110.228: [ParNew: 91118K->10240K(92160K), 0.0506160 secs] 453008K->377940K(20961280K), 0.0507390 secs] [Times: user=0.37 sys=0.01, real=0.05 secs]
2014-07-28T05:14:30.121+0000: 111.097: [GC2014-07-28T05:14:30.121+0000: 111.097: [ParNew: 92160K->9434K(92160K), 0.0457110 secs] 459860K->382592K(20961280K), 0.0458340 secs] [Times: user=0.33 sys=0.01, real=0.05 secs]
2014-07-28T05:14:30.993+0000: 111.969: [GC2014-07-28T05:14:30.993+0000: 111.969: [ParNew: 91354K->8557K(92160K), 0.0491960 secs] 464512K->387639K(20961280K), 0.0493230 secs] [Times: user=0.37 sys=0.00, real=0.05 secs]
2014-07-28T05:14:31.863+0000: 112.840: [GC2014-07-28T05:14:31.864+0000: 112.840: [ParNew: 90477K->8545K(92160K), 0.0478170 secs] 469559K->393345K(20961280K), 0.0479320 secs] [Times: user=0.36 sys=0.00, real=0.05 secs]
2014-07-28T05:14:32.742+0000: 113.718: [GC2014-07-28T05:14:32.742+0000: 113.718: [ParNew: 90465K->8379K(92160K), 0.0656030 secs] 475265K->398873K(20961280K), 0.0657250 secs] [Times: user=0.48 sys=0.00, real=0.07 secs]
2014-07-28T05:14:33.612+0000: 114.588: [GC2014-07-28T05:14:33.612+0000: 114.588: [ParNew: 90299K->8976K(92160K), 0.0576580 secs] 480793K->405154K(20961280K), 0.0577890 secs] [Times: user=0.42 sys=0.01, real=0.06 secs]
2014-07-28T05:14:34.505+0000: 115.481: [GC2014-07-28T05:14:34.505+0000: 115.481: [ParNew: 90896K->9551K(92160K), 0.0511740 secs] 487074K->411392K(20961280K), 0.0513000 secs] [Times: user=0.37 sys=0.02, real=0.05 secs]
2014-07-28T05:14:35.284+0000: 116.261: [GC2014-07-28T05:14:35.285+0000: 116.261: [ParNew: 91471K->9129K(92160K), 0.0498080 secs] 493312K->416588K(20961280K), 0.0499210 secs] [Times: user=0.37 sys=0.00, real=0.05 secs]
2014-07-28T05:14:36.114+0000: 117.090: [GC2014-07-28T05:14:36.114+0000: 117.090: [ParNew: 91049K->9174K(92160K), 0.0477610 secs] 498508K->422340K(20961280K), 0.0478750 secs] [Times: user=0.36 sys=0.01, real=0.05 secs]
2014-07-28T05:14:36.903+0000: 117.879: [GC2014-07-28T05:14:36.903+0000: 117.879: [ParNew: 91094K->9862K(92160K), 0.0466350 secs] 504260K->428754K(20961280K), 0.0467510 secs] [Times: user=0.35 sys=0.01, real=0.05 secs]
2014-07-28T05:14:37.692+0000: 118.669: [GC2014-07-28T05:14:37.693+0000: 118.669: [ParNew: 91782K->8968K(92160K), 0.0501730 secs] 510674K->433558K(20961280K), 0.0502980 secs] [Times: user=0.38 sys=0.01, real=0.05 secs]
2014-07-28T05:14:38.512+0000: 119.488: [GC2014-07-28T05:14:38.512+0000: 119.488: [ParNew: 90888K->9198K(92160K), 0.0490030 secs] 515478K->439541K(20961280K), 0.0491220 secs] [Times: user=0.37 sys=0.00, real=0.05 secs]
2014-07-28T05:14:39.325+0000: 120.301: [GC2014-07-28T05:14:39.325+0000: 120.301: [ParNew: 91108K->9329K(92160K), 0.0463220 secs] 521451K->445225K(20961280K), 0.0464490 secs] [Times: user=0.35 sys=0.01, real=0.05 secs]
2014-07-28T05:14:40.112+0000: 121.088: [GC2014-07-28T05:14:40.112+0000: 121.088: [ParNew: 91249K->9557K(92160K), 0.0490190 secs] 527145K->451059K(20961280K), 0.0491390 secs] [Times: user=0.37 sys=0.01, real=0.05 secs]
2014-07-28T05:14:40.912+0000: 121.888: [GC2014-07-28T05:14:40.912+0000: 121.889: [ParNew: 91477K->7866K(92160K), 0.0479100 secs] 532979K->455039K(20961280K), 0.0480290 secs] [Times: user=0.35 sys=0.01, real=0.05 secs]
2014-07-28T05:14:41.732+0000: 122.708: [GC2014-07-28T05:14:41.732+0000: 122.709: [ParNew: 89786K->10041K(92160K), 0.0483980 secs] 536959K->462930K(20961280K), 0.0485230 secs] [Times: user=0.36 sys=0.01, real=0.05 secs]
2014-07-28T05:14:42.512+0000: 123.488: [GC2014-07-28T05:14:42.512+0000: 123.488: [ParNew: 91961K->9177K(92160K), 0.0502150 secs] 544850K->465946K(20961280K), 0.0503350 secs] [Times: user=0.39 sys=0.00, real=0.05 secs]
2014-07-28T05:14:43.313+0000: 124.289: [GC2014-07-28T05:14:43.313+0000: 124.289: [ParNew: 91091K->9270K(92160K), 0.0455340 secs] 547861K->471746K(20961280K), 0.0456550 secs] [Times: user=0.33 sys=0.02, real=0.05 secs]
2014-07-28T05:14:44.132+0000: 125.108: [GC2014-07-28T05:14:44.132+0000: 125.108: [ParNew: 91190K->7837K(92160K), 0.0481450 secs] 553666K->475938K(20961280K), 0.0482610 secs] [Times: user=0.37 sys=0.00, real=0.05 secs]
2014-07-28T05:14:44.898+0000: 125.874: [GC2014-07-28T05:14:44.898+0000: 125.875: [ParNew: 89757K->9746K(92160K), 0.0465250 secs] 557858K->483274K(20961280K), 0.0466500 secs] [Times: user=0.35 sys=0.01, real=0.04 secs]
2014-07-28T05:14:45.632+0000: 126.609: [GC2014-07-28T05:14:45.633+0000: 126.609: [ParNew: 91650K->10240K(92160K), 0.0490790 secs] 565177K->489512K(20961280K), 0.0491990 secs] [Times: user=0.36 sys=0.01, real=0.05 secs]
2014-07-28T05:14:46.362+0000: 127.338: [GC2014-07-28T05:14:46.362+0000: 127.338: [ParNew: 92160K->8730K(92160K), 0.0489230 secs] 571432K->493690K(20961280K), 0.0490420 secs] [Times: user=0.37 sys=0.00, real=0.05 secs]
2014-07-28T05:14:47.125+0000: 128.101: [GC2014-07-28T05:14:47.125+0000: 128.101: [ParNew: 90649K->9174K(92160K), 0.0484620 secs] 575609K->499863K(20961280K), 0.0485780 secs] [Times: user=0.35 sys=0.01, real=0.05 secs]
2014-07-28T05:14:47.839+0000: 128.815: [GC2014-07-28T05:14:47.839+0000: 128.815: [ParNew: 91094K->9597K(92160K), 0.0477060 secs] 581783K->506007K(20961280K), 0.0478200 secs] [Times: user=0.35 sys=0.01, real=0.04 secs]
2014-07-28T05:14:48.609+0000: 129.585: [GC2014-07-28T05:14:48.609+0000: 129.585: [ParNew: 91517K->9491K(92160K), 0.0483630 secs] 587927K->511795K(20961280K), 0.0484880 secs] [Times: user=0.35 sys=0.00, real=0.05 secs]
2014-07-28T05:14:49.383+0000: 130.359: [GC2014-07-28T05:14:49.383+0000: 130.359: [ParNew: 91411K->8221K(92160K), 0.0488070 secs] 593715K->516266K(20961280K), 0.0489320 secs] [Times: user=0.36 sys=0.01, real=0.05 secs]
2014-07-28T05:14:50.072+0000: 131.048: [GC2014-07-28T05:14:50.072+0000: 131.048: [ParNew: 90141K->9285K(92160K), 0.0488530 secs] 598186K->523022K(20961280K), 0.0489730 secs] [Times: user=0.36 sys=0.00, real=0.05 secs]
2014-07-28T05:14:50.798+0000: 131.774: [GC2014-07-28T05:14:50.798+0000: 131.774: [ParNew: 91205K->10051K(92160K), 0.0456500 secs] 604942K->529476K(20961280K), 0.0457680 secs] [Times: user=0.34 sys=0.01, real=0.04 secs]
2014-07-28T05:14:51.552+0000: 132.528: [GC2014-07-28T05:14:51.552+0000: 132.528: [ParNew: 91971K->9350K(92160K), 0.0498510 secs] 611396K->534506K(20961280K), 0.0499730 secs] [Times: user=0.38 sys=0.01, real=0.05 secs]
2014-07-28T05:14:52.292+0000: 133.268: [GC2014-07-28T05:14:52.292+0000: 133.268: [ParNew: 91270K->10237K(92160K), 0.0495350 secs] 616426K->541117K(20961280K), 0.0496760 secs] [Times: user=0.37 sys=0.01, real=0.05 secs]
2014-07-28T05:14:53.023+0000: 133.999: [GC2014-07-28T05:14:53.023+0000: 133.999: [ParNew: 92157K->10240K(92160K), 0.0494040 secs] 623037K->546847K(20961280K), 0.0495200 secs] [Times: user=0.38 sys=0.00, real=0.05 secs]
2014-07-28T05:14:53.774+0000: 134.750: [GC2014-07-28T05:14:53.774+0000: 134.750: [ParNew: 92160K->9697K(92160K), 0.0519160 secs] 628767K->552193K(20961280K), 0.0520320 secs] [Times: user=0.40 sys=0.00, real=0.05 secs]
2014-07-28T05:14:54.502+0000: 135.478: [GC2014-07-28T05:14:54.502+0000: 135.478: [ParNew: 91617K->9074K(92160K), 0.0475520 secs] 634113K->557335K(20961280K), 0.0476760 secs] [Times: user=0.35 sys=0.01, real=0.04 secs]
2014-07-28T05:14:55.197+0000: 136.174: [GC2014-07-28T05:14:55.198+0000: 136.174: [ParNew: 90994K->10240K(92160K), 0.0477020 secs] 639255K->564225K(20961280K), 0.0478260 secs] [Times: user=0.35 sys=0.02, real=0.05 secs]
2014-07-28T05:14:55.925+0000: 136.901: [GC2014-07-28T05:14:55.925+0000: 136.901: [ParNew: 92160K->9522K(92160K), 0.0511830 secs] 646145K->569242K(20961280K), 0.0513020 secs] [Times: user=0.38 sys=0.02, real=0.05 secs]
2014-07-28T05:14:56.578+0000: 137.554: [GC2014-07-28T05:14:56.578+0000: 137.554: [ParNew: 91442K->9742K(92160K), 0.0516320 secs] 651162K->575191K(20961280K), 0.0517540 secs] [Times: user=0.38 sys=0.01, real=0.05 secs]
2014-07-28T05:14:57.270+0000: 138.246: [GC2014-07-28T05:14:57.270+0000: 138.246: [ParNew: 91389K->8859K(92160K), 0.0502150 secs] 656838K->580058K(20961280K), 0.0503350 secs] [Times: user=0.38 sys=0.01, real=0.05 secs]
2014-07-28T05:14:57.963+0000: 138.939: [GC2014-07-28T05:14:57.963+0000: 138.939: [ParNew: 90764K->7215K(92160K), 0.0489140 secs] 661962K->584118K(20961280K), 0.0490420 secs] [Times: user=0.36 sys=0.01, real=0.05 secs]
2014-07-28T05:14:58.679+0000: 139.655: [GC2014-07-28T05:14:58.679+0000: 139.655: [ParNew: 89135K->10240K(92160K), 0.0474450 secs] 666038K->592862K(20961280K), 0.0475680 secs] [Times: user=0.35 sys=0.01, real=0.04 secs]
2014-07-28T05:14:59.351+0000: 140.327: [GC2014-07-28T05:14:59.351+0000: 140.327: [ParNew: 92160K->9131K(92160K), 0.0465660 secs] 674782K->597540K(20961280K), 0.0466830 secs] [Times: user=0.35 sys=0.00, real=0.04 secs]
2014-07-28T05:15:00.018+0000: 140.994: [GC2014-07-28T05:15:00.018+0000: 140.995: [ParNew: 91051K->8708K(92160K), 0.0502930 secs] 679460K->602818K(20961280K), 0.0504090 secs] [Times: user=0.38 sys=0.01, real=0.04 secs]
2014-07-28T05:15:00.709+0000: 141.685: [GC2014-07-28T05:15:00.709+0000: 141.685: [ParNew: 90628K->9316K(92160K), 0.0496060 secs] 684738K->609162K(20961280K), 0.0497260 secs] [Times: user=0.38 sys=0.00, real=0.06 secs]
2014-07-28T05:15:01.397+0000: 142.373: [GC2014-07-28T05:15:01.397+0000: 142.373: [ParNew: 91236K->10044K(92160K), 0.0510180 secs] 691082K->615628K(20961280K), 0.0511410 secs] [Times: user=0.38 sys=0.01, real=0.05 secs]
2014-07-28T05:15:02.103+0000: 143.079: [GC2014-07-28T05:15:02.103+0000: 143.079: [ParNew: 91964K->10240K(92160K), 0.0505260 secs] 697548K->621567K(20961280K), 0.0506550 secs] [Times: user=0.38 sys=0.01, real=0.05 secs]
2014-07-28T05:15:02.781+0000: 143.757: [GC2014-07-28T05:15:02.781+0000: 143.757: [ParNew: 92160K->8830K(92160K), 0.0506670 secs] 703487K->625903K(20961280K), 0.0507900 secs] [Times: user=0.38 sys=0.01, real=0.05 secs]
2014-07-28T05:15:03.472+0000: 144.448: [GC2014-07-28T05:15:03.472+0000: 144.448: [ParNew: 90750K->8667K(92160K), 0.0502920 secs] 707823K->631633K(20961280K), 0.0504150 secs] [Times: user=0.37 sys=0.01, real=0.05 secs]
2014-07-28T05:15:04.177+0000: 145.153: [GC2014-07-28T05:15:04.177+0000: 145.153: [ParNew: 90584K->10240K(92160K), 0.0503900 secs] 713550K->638973K(20961280K), 0.0505110 secs] [Times: user=0.37 sys=0.00, real=0.05 secs]
2014-07-28T05:15:04.838+0000: 145.814: [GC2014-07-28T05:15:04.838+0000: 145.814: [ParNew: 92160K->8266K(92160K), 0.0468440 secs] 720893K->642703K(20961280K), 0.0469670 secs] [Times: user=0.33 sys=0.02, real=0.04 secs]
2014-07-28T05:15:05.502+0000: 146.478: [GC2014-07-28T05:15:05.502+0000: 146.478: [ParNew: 90173K->9215K(92160K), 0.0525490 secs] 724609K->649423K(20961280K), 0.0526690 secs] [Times: user=0.38 sys=0.01, real=0.05 secs]
2014-07-28T05:15:06.123+0000: 147.099: [GC2014-07-28T05:15:06.123+0000: 147.099: [ParNew: 91135K->8396K(92160K), 0.0505880 secs] 731343K->654326K(20961280K), 0.0507100 secs] [Times: user=0.39 sys=0.00, real=0.05 secs]
2014-07-28T05:15:06.759+0000: 147.735: [GC2014-07-28T05:15:06.759+0000: 147.735: [ParNew: 90316K->7903K(92160K), 0.0510080 secs] 736246K->659573K(20961280K), 0.0511280 secs] [Times: user=0.39 sys=0.00, real=0.05 secs]
2014-07-28T05:15:07.393+0000: 148.369: [GC2014-07-28T05:15:07.393+0000: 148.369: [ParNew: 89823K->10240K(92160K), 0.0514200 secs] 741493K->667659K(20961280K), 0.0515440 secs] [Times: user=0.39 sys=0.00, real=0.05 secs]
2014-07-28T05:15:08.062+0000: 149.038: [GC2014-07-28T05:15:08.062+0000: 149.038: [ParNew: 92160K->9521K(92160K), 0.0492260 secs] 749579K->672862K(20961280K), 0.0493470 secs] [Times: user=0.38 sys=0.00, real=0.05 secs]
2014-07-28T05:15:08.744+0000: 149.720: [GC2014-07-28T05:15:08.744+0000: 149.720: [ParNew: 91441K->8768K(92160K), 0.0490810 secs] 754782K->677861K(20961280K), 0.0491990 secs] [Times: user=0.37 sys=0.01, real=0.05 secs]
2014-07-28T05:15:09.329+0000: 150.305: [GC2014-07-28T05:15:09.329+0000: 150.305: [ParNew: 90688K->10240K(92160K), 0.0513640 secs] 759781K->685079K(20961280K), 0.0514750 secs] [Times: user=0.37 sys=0.02, real=0.05 secs]
2014-07-28T05:15:09.963+0000: 150.939: [GC2014-07-28T05:15:09.963+0000: 150.939: [ParNew: 92160K->8669K(92160K), 0.0502100 secs] 766999K->689254K(20961280K), 0.0503290 secs] [Times: user=0.38 sys=0.01, real=0.05 secs]
2014-07-28T05:15:10.605+0000: 151.581: [GC2014-07-28T05:15:10.605+0000: 151.581: [ParNew: 90589K->9295K(92160K), 0.0481920 secs] 771174K->695626K(20961280K), 0.0483100 secs] [Times: user=0.37 sys=0.00, real=0.05 secs]
2014-07-28T05:15:11.263+0000: 152.239: [GC2014-07-28T05:15:11.263+0000: 152.239: [ParNew: 91215K->10240K(92160K), 0.0497800 secs] 777546K->702361K(20961280K), 0.0498980 secs] [Times: user=0.39 sys=0.00, real=0.05 secs]
2014-07-28T05:15:11.925+0000: 152.901: [GC2014-07-28T05:15:11.925+0000: 152.901: [ParNew: 92160K->9856K(92160K), 0.0515350 secs] 784281K->707714K(20961280K), 0.0516520 secs] [Times: user=0.38 sys=0.01, real=0.05 secs]
2014-07-28T05:15:12.543+0000: 153.519: [GC2014-07-28T05:15:12.543+0000: 153.519: [ParNew: 91776K->8901K(92160K), 0.0497970 secs] 789634K->712553K(20961280K), 0.0499200 secs] [Times: user=0.38 sys=0.00, real=0.05 secs]
2014-07-28T05:15:13.190+0000: 154.166: [GC2014-07-28T05:15:13.190+0000: 154.166: [ParNew: 90821K->10240K(92160K), 0.0497950 secs] 794473K->719771K(20961280K), 0.0499160 secs] [Times: user=0.38 sys=0.00, real=0.05 secs]
2014-07-28T05:15:13.883+0000: 154.859: [GC2014-07-28T05:15:13.883+0000: 154.859: [ParNew: 92160K->9617K(92160K), 0.0517480 secs] 801691K->724913K(20961280K), 0.0518650 secs] [Times: user=0.39 sys=0.00, real=0.05 secs]
2014-07-28T05:15:14.473+0000: 155.449: [GC2014-07-28T05:15:14.473+0000: 155.449: [ParNew: 91537K->9024K(92160K), 0.0765540 secs] 806833K->730040K(20961280K), 0.0766600 secs] [Times: user=0.42 sys=0.00, real=0.08 secs]
2014-07-28T05:15:15.107+0000: 156.083: [GC2014-07-28T05:15:15.107+0000: 156.083: [ParNew: 90944K->10240K(92160K), 0.0576050 secs] 811960K->737017K(20961280K), 0.0577240 secs] [Times: user=0.42 sys=0.00, real=0.05 secs]
2014-07-28T05:15:15.705+0000: 156.682: [GC2014-07-28T05:15:15.706+0000: 156.682: [ParNew: 92160K->9661K(92160K), 0.0507500 secs] 818937K->742270K(20961280K), 0.0508700 secs] [Times: user=0.39 sys=0.00, real=0.05 secs]
2014-07-28T05:15:16.328+0000: 157.304: [GC2014-07-28T05:15:16.328+0000: 157.304: [ParNew: 91581K->9870K(92160K), 0.0516560 secs] 824190K->748651K(20961280K), 0.0517750 secs] [Times: user=0.39 sys=0.00, real=0.05 secs]
2014-07-28T05:15:16.909+0000: 157.885: [GC2014-07-28T05:15:16.909+0000: 157.886: [ParNew: 91790K->9990K(92160K), 0.0651190 secs] 830571K->754508K(20961280K), 0.0652670 secs] [Times: user=0.37 sys=0.03, real=0.06 secs]
2014-07-28T05:15:17.502+0000: 158.478: [GC2014-07-28T05:15:17.502+0000: 158.479: [ParNew: 91910K->9917K(92160K), 0.0516600 secs] 836428K->760157K(20961280K), 0.0517800 secs] [Times: user=0.38 sys=0.01, real=0.05 secs]
2014-07-28T05:15:18.135+0000: 159.111: [GC2014-07-28T05:15:18.135+0000: 159.111: [ParNew: 91837K->9804K(92160K), 0.0519780 secs] 842077K->765861K(20961280K), 0.0521000 secs] [Times: user=0.39 sys=0.01, real=0.06 secs]
2014-07-28T05:15:18.762+0000: 159.738: [GC2014-07-28T05:15:18.762+0000: 159.738: [ParNew: 91724K->8201K(92160K), 0.0526790 secs] 847781K->770033K(20961280K), 0.0527930 secs] [Times: user=0.39 sys=0.01, real=0.05 secs]
2014-07-28T05:15:19.309+0000: 160.285: [GC2014-07-28T05:15:19.309+0000: 160.285: [ParNew: 90121K->9753K(92160K), 0.0480010 secs] 851953K->777298K(20961280K), 0.0481220 secs] [Times: user=0.35 sys=0.00, real=0.04 secs]
2014-07-28T05:15:19.903+0000: 160.879: [GC2014-07-28T05:15:19.903+0000: 160.879: [ParNew: 91673K->9390K(92160K), 0.0458620 secs] 859218K->782748K(20961280K), 0.0459830 secs] [Times: user=0.33 sys=0.01, real=0.05 secs]
2014-07-28T05:15:20.533+0000: 161.509: [GC2014-07-28T05:15:20.533+0000: 161.510: [ParNew: 91310K->10240K(92160K), 0.0707000 secs] 864668K->789368K(20961280K), 0.0708130 secs] [Times: user=0.47 sys=0.01, real=0.07 secs]
2014-07-28T05:15:21.132+0000: 162.108: [GC2014-07-28T05:15:21.132+0000: 162.108: [ParNew: 92160K->8792K(92160K), 0.0499850 secs] 871288K->793700K(20961280K), 0.0501040 secs] [Times: user=0.36 sys=0.00, real=0.05 secs]
2014-07-28T05:15:21.735+0000: 162.711: [GC2014-07-28T05:15:21.735+0000: 162.711: [ParNew: 90712K->9890K(92160K), 0.0496780 secs] 875620K->800474K(20961280K), 0.0497960 secs] [Times: user=0.36 sys=0.00, real=0.05 secs]
2014-07-28T05:15:22.314+0000: 163.290: [GC2014-07-28T05:15:22.314+0000: 163.290: [ParNew: 91810K->8704K(92160K), 0.0492830 secs] 882394K->805124K(20961280K), 0.0494100 secs] [Times: user=0.35 sys=0.01, real=0.05 secs]
2014-07-28T05:15:22.933+0000: 163.909: [GC2014-07-28T05:15:22.933+0000: 163.909: [ParNew: 90624K->8896K(92160K), 0.0490810 secs] 887044K->811226K(20961280K), 0.0492000 secs] [Times: user=0.35 sys=0.02, real=0.05 secs]
2014-07-28T05:15:23.563+0000: 164.539: [GC2014-07-28T05:15:23.563+0000: 164.540: [ParNew: 90812K->9843K(92160K), 0.0485460 secs] 893142K->817897K(20961280K), 0.0486600 secs] [Times: user=0.36 sys=0.00, real=0.05 secs]
2014-07-28T05:15:24.112+0000: 165.088: [GC2014-07-28T05:15:24.112+0000: 165.088: [ParNew: 91763K->8656K(92160K), 0.0470080 secs] 899817K->822411K(20961280K), 0.0471540 secs] [Times: user=0.35 sys=0.00, real=0.05 secs]
2014-07-28T05:15:24.732+0000: 165.709: [GC2014-07-28T05:15:24.733+0000: 165.709: [ParNew: 90576K->9453K(92160K), 0.0483390 secs] 904331K->828977K(20961280K), 0.0484610 secs] [Times: user=0.36 sys=0.00, real=0.05 secs]
2014-07-28T05:15:25.302+0000: 166.278: [GC2014-07-28T05:15:25.302+0000: 166.278: [ParNew: 91373K->9099K(92160K), 0.0517720 secs] 910897K->834391K(20961280K), 0.0518940 secs] [Times: user=0.39 sys=0.01, real=0.05 secs]
2014-07-28T05:15:25.882+0000: 166.858: [GC2014-07-28T05:15:25.882+0000: 166.858: [ParNew: 91019K->9692K(92160K), 0.0487180 secs] 916311K->840752K(20961280K), 0.0488360 secs] [Times: user=0.35 sys=0.01, real=0.05 secs]
2014-07-28T05:15:26.443+0000: 167.419: [GC2014-07-28T05:15:26.443+0000: 167.419: [ParNew: 91612K->9644K(92160K), 0.0640100 secs] 922672K->846458K(20961280K), 0.0641230 secs] [Times: user=0.44 sys=0.00, real=0.07 secs]
2014-07-28T05:15:27.013+0000: 167.989: [GC2014-07-28T05:15:27.013+0000: 167.989: [ParNew: 91564K->9424K(92160K), 0.0495290 secs] 928378K->852053K(20961280K), 0.0496520 secs] [Times: user=0.36 sys=0.01, real=0.05 secs]
2014-07-28T05:15:27.582+0000: 168.558: [GC2014-07-28T05:15:27.582+0000: 168.558: [ParNew: 91344K->10137K(92160K), 0.0489920 secs] 933973K->858500K(20961280K), 0.0491090 secs] [Times: user=0.36 sys=0.01, real=0.05 secs]
2014-07-28T05:15:28.203+0000: 169.179: [GC2014-07-28T05:15:28.203+0000: 169.179: [ParNew: 92057K->8628K(92160K), 0.0508110 secs] 940420K->862718K(20961280K), 0.0509690 secs] [Times: user=0.37 sys=0.01, real=0.05 secs]
2014-07-28T05:15:28.706+0000: 169.682: [GC2014-07-28T05:15:28.706+0000: 169.683: [ParNew: 90542K->7943K(92160K), 0.0512870 secs] 944633K->867762K(20961280K), 0.0514050 secs] [Times: user=0.37 sys=0.00, real=0.04 secs]
2014-07-28T05:15:29.245+0000: 170.221: [GC2014-07-28T05:15:29.245+0000: 170.221: [ParNew: 89854K->8880K(92160K), 0.0509310 secs] 949673K->874564K(20961280K), 0.0510510 secs] [Times: user=0.38 sys=0.00, real=0.05 secs]
2014-07-28T05:15:29.822+0000: 170.798: [GC2014-07-28T05:15:29.822+0000: 170.798: [ParNew: 90800K->8791K(92160K), 0.0470290 secs] 956484K->880233K(20961280K), 0.0471600 secs] [Times: user=0.35 sys=0.01, real=0.05 secs]
2014-07-28T05:15:30.415+0000: 171.391: [GC2014-07-28T05:15:30.415+0000: 171.391: [ParNew: 90701K->10186K(92160K), 0.0497360 secs] 962143K->887374K(20961280K), 0.0498630 secs] [Times: user=0.36 sys=0.01, real=0.05 secs]
2014-07-28T05:15:30.968+0000: 171.944: [GC2014-07-28T05:15:30.968+0000: 171.944: [ParNew: 92106K->8853K(92160K), 0.0480920 secs] 969294K->891818K(20961280K), 0.0482140 secs] [Times: user=0.36 sys=0.01, real=0.04 secs]
2014-07-28T05:15:31.562+0000: 172.538: [GC2014-07-28T05:15:31.562+0000: 172.539: [ParNew: 90773K->8687K(92160K), 0.0504120 secs] 973738K->897392K(20961280K), 0.0505260 secs] [Times: user=0.38 sys=0.01, real=0.05 secs]
2014-07-28T05:15:32.103+0000: 173.079: [GC2014-07-28T05:15:32.103+0000: 173.079: [ParNew: 90607K->9054K(92160K), 0.0487120 secs] 979312K->903524K(20961280K), 0.0488370 secs] [Times: user=0.36 sys=0.02, real=0.05 secs]
2014-07-28T05:15:32.684+0000: 173.661: [GC2014-07-28T05:15:32.685+0000: 173.661: [ParNew: 90974K->9021K(92160K), 0.0465850 secs] 985444K->909281K(20961280K), 0.0467080 secs] [Times: user=0.32 sys=0.02, real=0.05 secs]
2014-07-28T05:15:33.253+0000: 174.229: [GC2014-07-28T05:15:33.253+0000: 174.229: [ParNew: 90941K->8917K(92160K), 0.0477960 secs] 991201K->914933K(20961280K), 0.0479140 secs] [Times: user=0.34 sys=0.01, real=0.05 secs]
2014-07-28T05:15:33.794+0000: 174.770: [GC2014-07-28T05:15:33.794+0000: 174.770: [ParNew: 90837K->9356K(92160K), 0.0487540 secs] 996853K->921102K(20961280K), 0.0488730 secs] [Times: user=0.35 sys=0.00, real=0.05 secs]
2014-07-28T05:15:34.405+0000: 175.381: [GC2014-07-28T05:15:34.405+0000: 175.381: [ParNew: 91276K->9641K(92160K), 0.0520480 secs] 1003022K->927186K(20961280K), 0.0521720 secs] [Times: user=0.38 sys=0.02, real=0.05 secs]
2014-07-28T05:15:34.928+0000: 175.904: [GC2014-07-28T05:15:34.928+0000: 175.904: [ParNew: 91561K->9502K(92160K), 0.0490290 secs] 1009106K->932806K(20961280K), 0.0491510 secs] [Times: user=0.35 sys=0.01, real=0.04 secs]
2014-07-28T05:15:35.468+0000: 176.444: [GC2014-07-28T05:15:35.468+0000: 176.444: [ParNew: 91422K->8177K(92160K), 0.0557000 secs] 1014726K->937261K(20961280K), 0.0558180 secs] [Times: user=0.39 sys=0.01, real=0.05 secs]
2014-07-28T05:15:36.005+0000: 176.981: [GC2014-07-28T05:15:36.005+0000: 176.981: [ParNew: 90097K->10240K(92160K), 0.0512970 secs] 1019181K->945116K(20961280K), 0.0514210 secs] [Times: user=0.36 sys=0.00, real=0.05 secs]
2014-07-28T05:15:36.563+0000: 177.539: [GC2014-07-28T05:15:36.563+0000: 177.539: [ParNew: 92160K->10024K(92160K), 0.0489970 secs] 1027036K->950744K(20961280K), 0.0491280 secs] [Times: user=0.36 sys=0.01, real=0.05 secs]
2014-07-28T05:15:37.093+0000: 178.070: [GC2014-07-28T05:15:37.093+0000: 178.070: [ParNew: 91944K->9767K(92160K), 0.0500900 secs] 1032664K->956283K(20961280K), 0.0502090 secs] [Times: user=0.38 sys=0.00, real=0.05 secs]
2014-07-28T05:15:37.649+0000: 178.625: [GC2014-07-28T05:15:37.649+0000: 178.626: [ParNew: 91687K->10240K(92160K), 0.0521290 secs] 1038203K->962468K(20961280K), 0.0522490 secs] [Times: user=0.38 sys=0.00, real=0.05 secs]
2014-07-28T05:15:38.162+0000: 179.138: [GC2014-07-28T05:15:38.162+0000: 179.138: [ParNew: 92160K->9280K(92160K), 0.0495740 secs] 1044388K->967241K(20961280K), 0.0496950 secs] [Times: user=0.37 sys=0.01, real=0.05 secs]
2014-07-28T05:15:38.688+0000: 179.664: [GC2014-07-28T05:15:38.688+0000: 179.664: [ParNew: 91200K->8835K(92160K), 0.0484430 secs] 1049161K->972585K(20961280K), 0.0485620 secs] [Times: user=0.36 sys=0.01, real=0.04 secs]
2014-07-28T05:15:39.193+0000: 180.169: [GC2014-07-28T05:15:39.193+0000: 180.169: [ParNew: 90755K->10240K(92160K), 0.0479290 secs] 1054505K->979748K(20961280K), 0.0480480 secs] [Times: user=0.35 sys=0.01, real=0.05 secs]
2014-07-28T05:15:39.752+0000: 180.728: [GC2014-07-28T05:15:39.752+0000: 180.728: [ParNew: 92151K->10240K(92160K), 0.0483120 secs] 1061660K->985516K(20961280K), 0.0484320 secs] [Times: user=0.35 sys=0.02, real=0.05 secs]
2014-07-28T05:15:40.289+0000: 181.265: [GC2014-07-28T05:15:40.289+0000: 181.265: [ParNew: 92160K->9999K(92160K), 0.0499110 secs] 1067436K->991079K(20961280K), 0.0500310 secs] [Times: user=0.37 sys=0.00, real=0.05 secs]
2014-07-28T05:15:40.813+0000: 181.789: [GC2014-07-28T05:15:40.813+0000: 181.789: [ParNew: 91919K->9714K(92160K), 0.0495490 secs] 1072999K->996528K(20961280K), 0.0496640 secs] [Times: user=0.35 sys=0.02, real=0.05 secs]
2014-07-28T05:15:41.365+0000: 182.341: [GC2014-07-28T05:15:41.365+0000: 182.341: [ParNew: 91634K->10056K(92160K), 0.0503010 secs] 1078448K->1002654K(20961280K), 0.0504190 secs] [Times: user=0.36 sys=0.01, real=0.06 secs]
2014-07-28T05:15:41.903+0000: 182.879: [GC2014-07-28T05:15:41.903+0000: 182.879: [ParNew: 91976K->10240K(92160K), 0.0501800 secs] 1084574K->1008577K(20961280K), 0.0502990 secs] [Times: user=0.36 sys=0.01, real=0.05 secs]
2014-07-28T05:15:42.432+0000: 183.408: [GC2014-07-28T05:15:42.432+0000: 183.408: [ParNew: 92160K->10240K(92160K), 0.0488360 secs] 1090497K->1014388K(20961280K), 0.0489580 secs] [Times: user=0.36 sys=0.02, real=0.05 secs]
2014-07-28T05:15:42.932+0000: 183.908: [GC2014-07-28T05:15:42.932+0000: 183.908: [ParNew: 92160K->10240K(92160K), 0.0477020 secs] 1096308K->1020069K(20961280K), 0.0478210 secs] [Times: user=0.36 sys=0.01, real=0.05 secs]
2014-07-28T05:15:43.478+0000: 184.455: [GC2014-07-28T05:15:43.479+0000: 184.455: [ParNew: 92160K->9029K(92160K), 0.0479860 secs] 1101989K->1024635K(20961280K), 0.0481080 secs] [Times: user=0.35 sys=0.01, real=0.05 secs]
2014-07-28T05:15:44.063+0000: 185.039: [GC2014-07-28T05:15:44.063+0000: 185.039: [ParNew: 90949K->8988K(92160K), 0.0490370 secs] 1106555K->1030359K(20961280K), 0.0491600 secs] [Times: user=0.38 sys=0.00, real=0.05 secs]
2014-07-28T05:15:44.558+0000: 185.534: [GC2014-07-28T05:15:44.558+0000: 185.534: [ParNew: 90908K->10124K(92160K), 0.0490210 secs] 1112279K->1037273K(20961280K), 0.0491450 secs] [Times: user=0.36 sys=0.01, real=0.05 secs]
2014-07-28T05:15:45.092+0000: 186.069: [GC2014-07-28T05:15:45.093+0000: 186.069: [ParNew: 92044K->8459K(92160K), 0.0576980 secs] 1119193K->1041411K(20961280K), 0.0578190 secs] [Times: user=0.40 sys=0.03, real=0.06 secs]
2014-07-28T05:15:45.592+0000: 186.568: [GC2014-07-28T05:15:45.592+0000: 186.568: [ParNew: 90379K->10240K(92160K), 0.0488350 secs] 1123331K->1048948K(20961280K), 0.0489480 secs] [Times: user=0.35 sys=0.01, real=0.05 secs]
2014-07-28T05:15:46.119+0000: 187.095: [GC2014-07-28T05:15:46.119+0000: 187.095: [ParNew: 92160K->9316K(92160K), 0.0493130 secs] 1130868K->1053807K(20961280K), 0.0494290 secs] [Times: user=0.35 sys=0.02, real=0.05 secs]
2014-07-28T05:15:46.644+0000: 187.620: [GC2014-07-28T05:15:46.644+0000: 187.620: [ParNew: 91236K->10240K(92160K), 0.0488460 secs] 1135727K->1060838K(20961280K), 0.0489670 secs] [Times: user=0.37 sys=0.00, real=0.05 secs]
2014-07-28T05:15:47.163+0000: 188.139: [GC2014-07-28T05:15:47.163+0000: 188.139: [ParNew: 92160K->9020K(92160K), 0.0514550 secs] 1142758K->1065277K(20961280K), 0.0515740 secs] [Times: user=0.38 sys=0.01, real=0.06 secs]
2014-07-28T05:15:47.654+0000: 188.630: [GC2014-07-28T05:15:47.654+0000: 188.630: [ParNew: 90940K->9157K(92160K), 0.0500620 secs] 1147197K->1071116K(20961280K), 0.0501810 secs] [Times: user=0.37 sys=0.00, real=0.04 secs]
2014-07-28T05:15:48.128+0000: 189.104: [GC2014-07-28T05:15:48.128+0000: 189.104: [ParNew: 91077K->9863K(92160K), 0.0494180 secs] 1153036K->1077543K(20961280K), 0.0495440 secs] [Times: user=0.36 sys=0.01, real=0.05 secs]
2014-07-28T05:15:48.611+0000: 189.587: [GC2014-07-28T05:15:48.611+0000: 189.587: [ParNew: 91783K->9661K(92160K), 0.0493100 secs] 1159463K->1083173K(20961280K), 0.0494320 secs] [Times: user=0.36 sys=0.01, real=0.05 secs]
2014-07-28T05:15:49.120+0000: 190.096: [GC2014-07-28T05:15:49.120+0000: 190.097: [ParNew: 91581K->8778K(92160K), 0.0492740 secs] 1165093K->1088052K(20961280K), 0.0493990 secs] [Times: user=0.37 sys=0.01, real=0.05 secs]
2014-07-28T05:15:49.672+0000: 190.648: [GC2014-07-28T05:15:49.673+0000: 190.649: [ParNew: 90698K->9562K(92160K), 0.0493840 secs] 1169972K->1094610K(20961280K), 0.0506280 secs] [Times: user=0.35 sys=0.02, real=0.05 secs]
2014-07-28T05:15:50.140+0000: 191.116: [GC2014-07-28T05:15:50.140+0000: 191.116: [ParNew: 91482K->9456K(92160K), 0.0512220 secs] 1176530K->1100270K(20961280K), 0.0513460 secs] [Times: user=0.38 sys=0.01, real=0.05 secs]
2014-07-28T05:15:50.713+0000: 191.689: [GC2014-07-28T05:15:50.713+0000: 191.689: [ParNew: 91376K->8786K(92160K), 0.0493410 secs] 1182190K->1105385K(20961280K), 0.0494630 secs] [Times: user=0.37 sys=0.00, real=0.05 secs]
2014-07-28T05:15:51.162+0000: 192.138: [GC2014-07-28T05:15:51.162+0000: 192.138: [ParNew: 90706K->10240K(92160K), 0.0481900 secs] 1187305K->1112603K(20961280K), 0.0483140 secs] [Times: user=0.36 sys=0.00, real=0.05 secs]
2014-07-28T05:15:51.696+0000: 192.672: [GC2014-07-28T05:15:51.696+0000: 192.672: [ParNew: 92155K->9076K(92160K), 0.0478770 secs] 1194518K->1117208K(20961280K), 0.0480190 secs] [Times: user=0.36 sys=0.01, real=0.04 secs]
2014-07-28T05:15:52.217+0000: 193.193: [GC2014-07-28T05:15:52.217+0000: 193.193: [ParNew: 90996K->10215K(92160K), 0.0488120 secs] 1199128K->1124099K(20961280K), 0.0489400 secs] [Times: user=0.35 sys=0.01, real=0.04 secs]
2014-07-28T05:15:52.676+0000: 193.652: [GC2014-07-28T05:15:52.676+0000: 193.652: [ParNew: 92135K->10240K(92160K), 0.0485820 secs] 1206019K->1129929K(20961280K), 0.0487020 secs] [Times: user=0.34 sys=0.02, real=0.04 secs]
2014-07-28T05:15:53.192+0000: 194.168: [GC2014-07-28T05:15:53.192+0000: 194.168: [ParNew: 92160K->9161K(92160K), 0.0466270 secs] 1211849K->1134660K(20961280K), 0.0467490 secs] [Times: user=0.34 sys=0.00, real=0.05 secs]
2014-07-28T05:15:53.733+0000: 194.709: [GC2014-07-28T05:15:53.733+0000: 194.709: [ParNew: 91081K->9020K(92160K), 0.0480810 secs] 1216580K->1140236K(20961280K), 0.0482080 secs] [Times: user=0.36 sys=0.00, real=0.05 secs]
2014-07-28T05:15:54.203+0000: 195.179: [GC2014-07-28T05:15:54.203+0000: 195.179: [ParNew: 90940K->9235K(92160K), 0.0498290 secs] 1222156K->1146215K(20961280K), 0.0499520 secs] [Times: user=0.36 sys=0.02, real=0.05 secs]
2014-07-28T05:15:54.733+0000: 195.709: [GC2014-07-28T05:15:54.733+0000: 195.709: [ParNew: 91155K->10240K(92160K), 0.0498010 secs] 1228135K->1153064K(20961280K), 0.0499190 secs] [Times: user=0.35 sys=0.02, real=0.05 secs]
2014-07-28T05:15:55.223+0000: 196.199: [GC2014-07-28T05:15:55.223+0000: 196.199: [ParNew: 92160K->9195K(92160K), 0.0511150 secs] 1234984K->1157758K(20961280K), 0.0512380 secs] [Times: user=0.37 sys=0.02, real=0.06 secs]
2014-07-28T05:15:55.702+0000: 196.678: [GC2014-07-28T05:15:55.702+0000: 196.678: [ParNew: 91115K->9884K(92160K), 0.0499440 secs] 1239678K->1164225K(20961280K), 0.0500510 secs] [Times: user=0.36 sys=0.01, real=0.05 secs]
2014-07-28T05:15:56.202+0000: 197.178: [GC2014-07-28T05:15:56.202+0000: 197.178: [ParNew: 91804K->10240K(92160K), 0.0526300 secs] 1246145K->1170382K(20961280K), 0.0527500 secs] [Times: user=0.38 sys=0.01, real=0.06 secs]
2014-07-28T05:15:56.719+0000: 197.695: [GC2014-07-28T05:15:56.719+0000: 197.695: [ParNew: 92159K->10240K(92160K), 0.0489780 secs] 1252302K->1176263K(20961280K), 0.0490990 secs] [Times: user=0.35 sys=0.01, real=0.05 secs]
2014-07-28T05:15:57.226+0000: 198.202: [GC2014-07-28T05:15:57.226+0000: 198.202: [ParNew: 92153K->10166K(92160K), 0.0466130 secs] 1258177K->1181911K(20961280K), 0.0467330 secs] [Times: user=0.34 sys=0.01, real=0.04 secs]
2014-07-28T05:15:57.621+0000: 198.597: [GC2014-07-28T05:15:57.621+0000: 198.597: [ParNew: 92086K->8693K(92160K), 0.0491080 secs] 1263831K->1186167K(20961280K), 0.0492250 secs] [Times: user=0.36 sys=0.01, real=0.05 secs]
2014-07-28T05:15:58.082+0000: 199.058: [GC2014-07-28T05:15:58.082+0000: 199.058: [ParNew: 90613K->9141K(92160K), 0.0502590 secs] 1268087K->1192385K(20961280K), 0.0503760 secs] [Times: user=0.37 sys=0.01, real=0.05 secs]
2014-07-28T05:15:58.572+0000: 199.549: [GC2014-07-28T05:15:58.573+0000: 199.549: [ParNew: 91061K->8024K(92160K), 0.0492370 secs] 1274305K->1197016K(20961280K), 0.0493550 secs] [Times: user=0.37 sys=0.00, real=0.05 secs]
2014-07-28T05:15:59.075+0000: 200.051: [GC2014-07-28T05:15:59.075+0000: 200.051: [ParNew: 89944K->10240K(92160K), 0.0492120 secs] 1278936K->1205088K(20961280K), 0.0493370 secs] [Times: user=0.36 sys=0.00, real=0.04 secs]
2014-07-28T05:15:59.542+0000: 200.518: [GC2014-07-28T05:15:59.542+0000: 200.518: [ParNew: 92160K->10240K(92160K), 0.0472470 secs] 1287008K->1211024K(20961280K), 0.0473670 secs] [Times: user=0.33 sys=0.01, real=0.05 secs]
2014-07-28T05:16:00.016+0000: 200.992: [GC2014-07-28T05:16:00.016+0000: 200.992: [ParNew: 92155K->9854K(92160K), 0.0502020 secs] 1292939K->1216297K(20961280K), 0.0503210 secs] [Times: user=0.36 sys=0.01, real=0.05 secs]
2014-07-28T05:16:00.513+0000: 201.489: [GC2014-07-28T05:16:00.513+0000: 201.489: [ParNew: 91774K->9299K(92160K), 0.0495890 secs] 1298217K->1221539K(20961280K), 0.0497060 secs] [Times: user=0.36 sys=0.01, real=0.05 secs]
2014-07-28T05:16:00.986+0000: 201.962: [GC2014-07-28T05:16:00.986+0000: 201.962: [ParNew: 91219K->9710K(92160K), 0.0496030 secs] 1303459K->1227702K(20961280K), 0.0497220 secs] [Times: user=0.37 sys=0.00, real=0.05 secs]
2014-07-28T05:16:01.492+0000: 202.468: [GC2014-07-28T05:16:01.492+0000: 202.468: [ParNew: 91630K->8548K(92160K), 0.0493130 secs] 1309622K->1232389K(20961280K), 0.0494370 secs] [Times: user=0.36 sys=0.01, real=0.05 secs]
2014-07-28T05:16:02.013+0000: 202.990: [GC2014-07-28T05:16:02.014+0000: 202.990: [ParNew: 90468K->8717K(92160K), 0.0515160 secs] 1314309K->1238396K(20961280K), 0.0516400 secs] [Times: user=0.39 sys=0.00, real=0.05 secs]
2014-07-28T05:16:02.444+0000: 203.420: [GC2014-07-28T05:16:02.444+0000: 203.420: [ParNew: 90637K->8402K(92160K), 0.0492610 secs] 1320316K->1243877K(20961280K), 0.0493790 secs] [Times: user=0.35 sys=0.02, real=0.05 secs]
2014-07-28T05:16:02.922+0000: 203.898: [GC2014-07-28T05:16:02.922+0000: 203.898: [ParNew: 90322K->8773K(92160K), 0.0499530 secs] 1325797K->1250077K(20961280K), 0.0500750 secs] [Times: user=0.37 sys=0.00, real=0.05 secs]
2014-07-28T05:16:03.417+0000: 204.394: [GC2014-07-28T05:16:03.418+0000: 204.394: [ParNew: 90693K->8973K(92160K), 0.0492320 secs] 1331997K->1256030K(20961280K), 0.0493510 secs] [Times: user=0.36 sys=0.01, real=0.05 secs]
2014-07-28T05:16:03.873+0000: 204.849: [GC2014-07-28T05:16:03.873+0000: 204.849: [ParNew: 90893K->10240K(92160K), 0.0606090 secs] 1337950K->1263012K(20961280K), 0.0607270 secs] [Times: user=0.42 sys=0.03, real=0.06 secs]
2014-07-28T05:16:04.359+0000: 205.335: [GC2014-07-28T05:16:04.359+0000: 205.335: [ParNew: 92160K->10240K(92160K), 0.0507430 secs] 1344932K->1268716K(20961280K), 0.0509060 secs] [Times: user=0.37 sys=0.01, real=0.05 secs]
2014-07-28T05:16:04.853+0000: 205.829: [GC2014-07-28T05:16:04.853+0000: 205.829: [ParNew: 92160K->10187K(92160K), 0.0498250 secs] 1350636K->1274394K(20961280K), 0.0499450 secs] [Times: user=0.37 sys=0.01, real=0.05 secs]
2014-07-28T05:16:05.345+0000: 206.321: [GC2014-07-28T05:16:05.345+0000: 206.321: [ParNew: 92090K->9308K(92160K), 0.0510560 secs] 1356297K->1279303K(20961280K), 0.0511750 secs] [Times: user=0.38 sys=0.00, real=0.06 secs]
2014-07-28T05:16:05.806+0000: 206.782: [GC2014-07-28T05:16:05.806+0000: 206.782: [ParNew: 91228K->10240K(92160K), 0.0508900 secs] 1361223K->1285977K(20961280K), 0.0510360 secs] [Times: user=0.36 sys=0.01, real=0.05 secs]
2014-07-28T05:16:06.278+0000: 207.254: [GC2014-07-28T05:16:06.278+0000: 207.254: [ParNew: 92160K->10240K(92160K), 0.0513640 secs] 1367897K->1292011K(20961280K), 0.0514960 secs] [Times: user=0.38 sys=0.00, real=0.05 secs]
2014-07-28T05:16:06.785+0000: 207.761: [GC2014-07-28T05:16:06.785+0000: 207.761: [ParNew: 92160K->9881K(92160K), 0.0488380 secs] 1373931K->1297472K(20961280K), 0.0489560 secs] [Times: user=0.36 sys=0.00, real=0.06 secs]
2014-07-28T05:16:07.140+0000: 208.116: [GC2014-07-28T05:16:07.140+0000: 208.116: [ParNew: 91801K->10240K(92160K), 0.0488690 secs] 1379392K->1303501K(20961280K), 0.0489910 secs] [Times: user=0.36 sys=0.01, real=0.05 secs]
2014-07-28T05:16:07.602+0000: 208.578: [GC2014-07-28T05:16:07.602+0000: 208.578: [ParNew: 92160K->10240K(92160K), 0.0477790 secs] 1385421K->1309366K(20961280K), 0.0479110 secs] [Times: user=0.35 sys=0.02, real=0.05 secs]
2014-07-28T05:16:08.052+0000: 209.029: [GC2014-07-28T05:16:08.053+0000: 209.029: [ParNew: 92160K->9870K(92160K), 0.0492420 secs] 1391286K->1314762K(20961280K), 0.0493600 secs] [Times: user=0.35 sys=0.02, real=0.05 secs]
2014-07-28T05:16:08.512+0000: 209.488: [GC2014-07-28T05:16:08.512+0000: 209.488: [ParNew: 91790K->10240K(92160K), 0.0814950 secs] 1396682K->1320935K(20961280K), 0.0816270 secs] [Times: user=0.42 sys=0.01, real=0.09 secs]
2014-07-28T05:16:08.989+0000: 209.965: [GC2014-07-28T05:16:08.989+0000: 209.965: [ParNew: 92160K->10240K(92160K), 0.0521030 secs] 1402855K->1326728K(20961280K), 0.0522240 secs] [Times: user=0.39 sys=0.00, real=0.05 secs]
2014-07-28T05:16:09.423+0000: 210.399: [GC2014-07-28T05:16:09.423+0000: 210.399: [ParNew: 92160K->8238K(92160K), 0.0498740 secs] 1408648K->1330083K(20961280K), 0.0499920 secs] [Times: user=0.36 sys=0.01, real=0.05 secs]
2014-07-28T05:16:09.923+0000: 210.899: [GC2014-07-28T05:16:09.923+0000: 210.899: [ParNew: 90158K->9019K(92160K), 0.0500160 secs] 1412003K->1336684K(20961280K), 0.0501350 secs] [Times: user=0.36 sys=0.00, real=0.05 secs]
2014-07-28T05:16:10.333+0000: 211.309: [GC2014-07-28T05:16:10.333+0000: 211.309: [ParNew: 90939K->10240K(92160K), 0.0493080 secs] 1418604K->1343632K(20961280K), 0.0494290 secs] [Times: user=0.35 sys=0.01, real=0.05 secs]
2014-07-28T05:16:10.859+0000: 211.835: [GC2014-07-28T05:16:10.859+0000: 211.835: [ParNew: 92160K->9046K(92160K), 0.0511100 secs] 1425552K->1348260K(20961280K), 0.0512270 secs] [Times: user=0.37 sys=0.01, real=0.05 secs]
2014-07-28T05:16:11.280+0000: 212.256: [GC2014-07-28T05:16:11.280+0000: 212.256: [ParNew: 90966K->9799K(92160K), 0.0471390 secs] 1430180K->1354768K(20961280K), 0.0472630 secs] [Times: user=0.34 sys=0.01, real=0.05 secs]
2014-07-28T05:16:11.713+0000: 212.689: [GC2014-07-28T05:16:11.713+0000: 212.689: [ParNew: 91718K->8346K(92160K), 0.0472050 secs] 1436687K->1359279K(20961280K), 0.0473210 secs] [Times: user=0.35 sys=0.02, real=0.05 secs]
2014-07-28T05:16:12.182+0000: 213.158: [GC2014-07-28T05:16:12.182+0000: 213.158: [ParNew: 90266K->9868K(92160K), 0.0478350 secs] 1441199K->1366587K(20961280K), 0.0479720 secs] [Times: user=0.34 sys=0.02, real=0.05 secs]
2014-07-28T05:16:12.659+0000: 213.636: [GC2014-07-28T05:16:12.660+0000: 213.636: [ParNew: 91788K->10240K(92160K), 0.0483100 secs] 1448507K->1372739K(20961280K), 0.0484270 secs] [Times: user=0.33 sys=0.02, real=0.05 secs]
2014-07-28T05:16:13.103+0000: 214.079: [GC2014-07-28T05:16:13.103+0000: 214.079: [ParNew: 92160K->10240K(92160K), 0.0486570 secs] 1454659K->1378553K(20961280K), 0.0487780 secs] [Times: user=0.36 sys=0.00, real=0.04 secs]
2014-07-28T05:16:13.550+0000: 214.526: [GC2014-07-28T05:16:13.550+0000: 214.526: [ParNew: 92160K->10240K(92160K), 0.0485890 secs] 1460473K->1384277K(20961280K), 0.0487080 secs] [Times: user=0.35 sys=0.01, real=0.05 secs]
2014-07-28T05:16:14.024+0000: 215.000: [GC2014-07-28T05:16:14.024+0000: 215.000: [ParNew: 92160K->9948K(92160K), 0.0536880 secs] 1466197K->1389739K(20961280K), 0.0538200 secs] [Times: user=0.39 sys=0.02, real=0.05 secs]
2014-07-28T05:16:14.474+0000: 215.450: [GC2014-07-28T05:16:14.474+0000: 215.450: [ParNew: 91868K->9619K(92160K), 0.0492860 secs] 1471659K->1394844K(20961280K), 0.0494090 secs] [Times: user=0.36 sys=0.01, real=0.05 secs]
2014-07-28T05:16:14.954+0000: 215.931: [GC2014-07-28T05:16:14.955+0000: 215.931: [ParNew: 91539K->10240K(92160K), 0.0521610 secs] 1476764K->1401476K(20961280K), 0.0523050 secs] [Times: user=0.38 sys=0.01, real=0.05 secs]
2014-07-28T05:16:15.442+0000: 216.418: [GC2014-07-28T05:16:15.442+0000: 216.418: [ParNew: 92160K->9722K(92160K), 0.0518090 secs] 1483396K->1406628K(20961280K), 0.0519280 secs] [Times: user=0.38 sys=0.01, real=0.05 secs]
2014-07-28T05:16:15.875+0000: 216.851: [GC2014-07-28T05:16:15.875+0000: 216.851: [ParNew: 91642K->10117K(92160K), 0.0515400 secs] 1488548K->1412667K(20961280K), 0.0516560 secs] [Times: user=0.37 sys=0.02, real=0.05 secs]
2014-07-28T05:16:16.353+0000: 217.329: [GC2014-07-28T05:16:16.353+0000: 217.329: [ParNew: 92037K->10240K(92160K), 0.0518960 secs] 1494587K->1418671K(20961280K), 0.0520220 secs] [Times: user=0.37 sys=0.01, real=0.06 secs]
2014-07-28T05:16:16.772+0000: 217.748: [GC2014-07-28T05:16:16.772+0000: 217.748: [ParNew: 92160K->8697K(92160K), 0.0470850 secs] 1500591K->1423007K(20961280K), 0.0472040 secs] [Times: user=0.32 sys=0.03, real=0.05 secs]
2014-07-28T05:16:17.123+0000: 218.099: [GC2014-07-28T05:16:17.123+0000: 218.100: [ParNew: 90617K->9271K(92160K), 0.0487650 secs] 1504927K->1429315K(20961280K), 0.0488890 secs] [Times: user=0.36 sys=0.01, real=0.04 secs]
2014-07-28T05:16:17.558+0000: 218.534: [GC2014-07-28T05:16:17.558+0000: 218.534: [ParNew: 91191K->10071K(92160K), 0.0481130 secs] 1511235K->1435927K(20961280K), 0.0482600 secs] [Times: user=0.35 sys=0.01, real=0.05 secs]
2014-07-28T05:16:17.999+0000: 218.975: [GC2014-07-28T05:16:17.999+0000: 218.975: [ParNew: 91991K->9859K(92160K), 0.0501950 secs] 1517847K->1441517K(20961280K), 0.0503150 secs] [Times: user=0.36 sys=0.02, real=0.05 secs]
2014-07-28T05:16:18.494+0000: 219.470: [GC2014-07-28T05:16:18.494+0000: 219.470: [ParNew: 91779K->8999K(92160K), 0.0488900 secs] 1523437K->1446433K(20961280K), 0.0490090 secs] [Times: user=0.36 sys=0.02, real=0.05 secs]
2014-07-28T05:16:18.889+0000: 219.865: [GC2014-07-28T05:16:18.889+0000: 219.865: [ParNew: 90919K->9583K(92160K), 0.0508670 secs] 1528353K->1452627K(20961280K), 0.0509860 secs] [Times: user=0.37 sys=0.01, real=0.05 secs]
2014-07-28T05:16:19.310+0000: 220.286: [GC2014-07-28T05:16:19.310+0000: 220.286: [ParNew: 91503K->8708K(92160K), 0.0501120 secs] 1534547K->1457050K(20961280K), 0.0502370 secs] [Times: user=0.37 sys=0.00, real=0.05 secs]
2014-07-28T05:16:19.768+0000: 220.744: [GC2014-07-28T05:16:19.768+0000: 220.744: [ParNew: 90628K->9082K(92160K), 0.0484360 secs] 1538970K->1463243K(20961280K), 0.0485570 secs] [Times: user=0.34 sys=0.02, real=0.05 secs]
2014-07-28T05:16:20.186+0000: 221.162: [GC2014-07-28T05:16:20.186+0000: 221.162: [ParNew: 91002K->10240K(92160K), 0.0518060 secs] 1545163K->1470664K(20961280K), 0.0519270 secs] [Times: user=0.37 sys=0.02, real=0.05 secs]
2014-07-28T05:16:20.645+0000: 221.621: [GC2014-07-28T05:16:20.645+0000: 221.621: [ParNew: 92147K->9896K(92160K), 0.0500860 secs] 1552572K->1476587K(20961280K), 0.0502050 secs] [Times: user=0.38 sys=0.00, real=0.05 secs]
2014-07-28T05:16:21.103+0000: 222.079: [GC2014-07-28T05:16:21.103+0000: 222.079: [ParNew: 91816K->9194K(92160K), 0.0794470 secs] 1558507K->1481592K(20961280K), 0.0795690 secs] [Times: user=0.41 sys=0.01, real=0.08 secs]
2014-07-28T05:16:21.488+0000: 222.464: [GC2014-07-28T05:16:21.488+0000: 222.464: [ParNew: 91114K->9684K(92160K), 0.0473400 secs] 1563512K->1487959K(20961280K), 0.0474600 secs] [Times: user=0.32 sys=0.03, real=0.05 secs]
2014-07-28T05:16:21.933+0000: 222.909: [GC2014-07-28T05:16:21.933+0000: 222.910: [ParNew: 91604K->10240K(92160K), 0.0505930 secs] 1569879K->1494507K(20961280K), 0.0507240 secs] [Times: user=0.39 sys=0.00, real=0.06 secs]
2014-07-28T05:16:22.403+0000: 223.379: [GC2014-07-28T05:16:22.403+0000: 223.379: [ParNew: 92160K->10240K(92160K), 0.0480060 secs] 1576427K->1500192K(20961280K), 0.0481210 secs] [Times: user=0.33 sys=0.02, real=0.04 secs]
2014-07-28T05:16:22.842+0000: 223.818: [GC2014-07-28T05:16:22.842+0000: 223.818: [ParNew: 92160K->9226K(92160K), 0.0471500 secs] 1582112K->1504879K(20961280K), 0.0472690 secs] [Times: user=0.33 sys=0.03, real=0.04 secs]
2014-07-28T05:16:23.272+0000: 224.248: [GC2014-07-28T05:16:23.272+0000: 224.248: [ParNew: 91146K->9304K(92160K), 0.0545160 secs] 1586799K->1510648K(20961280K), 0.0546370 secs] [Times: user=0.40 sys=0.01, real=0.06 secs]
2014-07-28T05:16:23.702+0000: 224.678: [GC2014-07-28T05:16:23.702+0000: 224.678: [ParNew: 91224K->9608K(92160K), 0.0463320 secs] 1592568K->1516763K(20961280K), 0.0464740 secs] [Times: user=0.33 sys=0.01, real=0.04 secs]
2014-07-28T05:16:24.135+0000: 225.111: [GC2014-07-28T05:16:24.135+0000: 225.111: [ParNew: 91528K->10076K(92160K), 0.0661770 secs] 1598683K->1522547K(20961280K), 0.0662920 secs] [Times: user=0.40 sys=0.02, real=0.06 secs]
2014-07-28T05:16:24.574+0000: 225.550: [GC2014-07-28T05:16:24.574+0000: 225.550: [ParNew: 91996K->10240K(92160K), 0.0513690 secs] 1604467K->1528519K(20961280K), 0.0514870 secs] [Times: user=0.38 sys=0.00, real=0.06 secs]
2014-07-28T05:16:25.055+0000: 226.031: [GC2014-07-28T05:16:25.055+0000: 226.031: [ParNew: 92159K->10240K(92160K), 0.0525580 secs] 1610438K->1534210K(20961280K), 0.0526850 secs] [Times: user=0.38 sys=0.01, real=0.05 secs]
2014-07-28T05:16:25.505+0000: 226.481: [GC2014-07-28T05:16:25.505+0000: 226.481: [ParNew: 92160K->9560K(92160K), 0.0495230 secs] 1616130K->1539264K(20961280K), 0.0496460 secs] [Times: user=0.35 sys=0.01, real=0.05 secs]
2014-07-28T05:16:25.942+0000: 226.918: [GC2014-07-28T05:16:25.942+0000: 226.918: [ParNew: 91480K->8852K(92160K), 0.0513830 secs] 1621184K->1544271K(20961280K), 0.0515140 secs] [Times: user=0.36 sys=0.01, real=0.05 secs]
2014-07-28T05:16:26.296+0000: 227.272: [GC2014-07-28T05:16:26.296+0000: 227.272: [ParNew: 90772K->8638K(92160K), 0.0665060 secs] 1626191K->1549780K(20961280K), 0.0666190 secs] [Times: user=0.40 sys=0.02, real=0.07 secs]
2014-07-28T05:16:26.672+0000: 227.648: [GC2014-07-28T05:16:26.672+0000: 227.648: [ParNew: 90558K->10160K(92160K), 0.0493350 secs] 1631700K->1557244K(20961280K), 0.0494560 secs] [Times: user=0.36 sys=0.02, real=0.05 secs]
2014-07-28T05:16:27.083+0000: 228.059: [GC2014-07-28T05:16:27.083+0000: 228.059: [ParNew: 92080K->10240K(92160K), 0.0489880 secs] 1639164K->1563081K(20961280K), 0.0491070 secs] [Times: user=0.36 sys=0.01, real=0.04 secs]
2014-07-28T05:16:27.512+0000: 228.488: [GC2014-07-28T05:16:27.512+0000: 228.489: [ParNew: 92160K->9740K(92160K), 0.0481170 secs] 1645001K->1568370K(20961280K), 0.0482330 secs] [Times: user=0.35 sys=0.01, real=0.05 secs]
2014-07-28T05:16:27.960+0000: 228.936: [GC2014-07-28T05:16:27.960+0000: 228.937: [ParNew: 91660K->10240K(92160K), 0.0498770 secs] 1650290K->1574673K(20961280K), 0.0499960 secs] [Times: user=0.37 sys=0.01, real=0.05 secs]
2014-07-28T05:16:28.363+0000: 229.339: [GC2014-07-28T05:16:28.363+0000: 229.339: [ParNew: 92160K->9948K(92160K), 0.0499510 secs] 1656593K->1580182K(20961280K), 0.0500680 secs] [Times: user=0.36 sys=0.01, real=0.04 secs]
2014-07-28T05:16:28.753+0000: 229.729: [GC2014-07-28T05:16:28.753+0000: 229.729: [ParNew: 91868K->10240K(92160K), 0.0911910 secs] 1662102K->1586480K(20961280K), 0.0913120 secs] [Times: user=0.47 sys=0.02, real=0.10 secs]
2014-07-28T05:16:29.243+0000: 230.219: [GC2014-07-28T05:16:29.243+0000: 230.219: [ParNew: 92160K->9760K(92160K), 0.0494150 secs] 1668400K->1591659K(20961280K), 0.0495280 secs] [Times: user=0.35 sys=0.00, real=0.04 secs]
2014-07-28T05:16:29.603+0000: 230.579: [GC2014-07-28T05:16:29.603+0000: 230.579: [ParNew: 91680K->10240K(92160K), 0.0476390 secs] 1673579K->1597880K(20961280K), 0.0477610 secs] [Times: user=0.34 sys=0.01, real=0.04 secs]
2014-07-28T05:16:30.052+0000: 231.028: [GC2014-07-28T05:16:30.052+0000: 231.028: [ParNew: 92160K->10020K(92160K), 0.0489640 secs] 1679800K->1603462K(20961280K), 0.0490850 secs] [Times: user=0.34 sys=0.01, real=0.05 secs]
2014-07-28T05:16:30.452+0000: 231.428: [GC2014-07-28T05:16:30.452+0000: 231.428: [ParNew: 91940K->10240K(92160K), 0.0488660 secs] 1685382K->1609429K(20961280K), 0.0489860 secs] [Times: user=0.35 sys=0.01, real=0.05 secs]
2014-07-28T05:16:30.853+0000: 231.829: [GC2014-07-28T05:16:30.853+0000: 231.829: [ParNew: 92160K->10240K(92160K), 0.0496810 secs] 1691349K->1615186K(20961280K), 0.0498020 secs] [Times: user=0.35 sys=0.02, real=0.06 secs]
2014-07-28T05:16:31.284+0000: 232.260: [GC2014-07-28T05:16:31.284+0000: 232.261: [ParNew: 92160K->9852K(92160K), 0.0480740 secs] 1697106K->1620597K(20961280K), 0.0481990 secs] [Times: user=0.33 sys=0.02, real=0.04 secs]
2014-07-28T05:16:31.721+0000: 232.697: [GC2014-07-28T05:16:31.721+0000: 232.697: [ParNew: 91772K->10240K(92160K), 0.0479690 secs] 1702517K->1626823K(20961280K), 0.0481020 secs] [Times: user=0.35 sys=0.01, real=0.05 secs]
2014-07-28T05:16:32.152+0000: 233.129: [GC2014-07-28T05:16:32.153+0000: 233.129: [ParNew: 92160K->7710K(92160K), 0.0473770 secs] 1708743K->1630008K(20961280K), 0.0475000 secs] [Times: user=0.34 sys=0.02, real=0.05 secs]
2014-07-28T05:16:32.534+0000: 233.510: [GC2014-07-28T05:16:32.534+0000: 233.510: [ParNew: 89630K->10240K(92160K), 0.0462910 secs] 1711928K->1638227K(20961280K), 0.0464080 secs] [Times: user=0.35 sys=0.00, real=0.05 secs]
2014-07-28T05:16:32.960+0000: 233.936: [GC2014-07-28T05:16:32.960+0000: 233.936: [ParNew: 92160K->10240K(92160K), 0.0464820 secs] 1720147K->1644231K(20961280K), 0.0466040 secs] [Times: user=0.33 sys=0.01, real=0.05 secs]
2014-07-28T05:16:33.392+0000: 234.368: [GC2014-07-28T05:16:33.392+0000: 234.368: [ParNew: 92160K->9634K(92160K), 0.0477740 secs] 1726151K->1649323K(20961280K), 0.0478950 secs] [Times: user=0.34 sys=0.02, real=0.05 secs]
2014-07-28T05:16:33.802+0000: 234.778: [GC2014-07-28T05:16:33.802+0000: 234.778: [ParNew: 91554K->10240K(92160K), 0.0526110 secs] 1731243K->1655683K(20961280K), 0.0527300 secs] [Times: user=0.38 sys=0.00, real=0.05 secs]
2014-07-28T05:16:34.253+0000: 235.229: [GC2014-07-28T05:16:34.253+0000: 235.229: [ParNew: 92160K->10240K(92160K), 0.0499040 secs] 1737603K->1661803K(20961280K), 0.0500260 secs] [Times: user=0.36 sys=0.02, real=0.06 secs]
2014-07-28T05:16:34.653+0000: 235.629: [GC2014-07-28T05:16:34.653+0000: 235.629: [ParNew: 92160K->9714K(92160K), 0.0484500 secs] 1743723K->1666833K(20961280K), 0.0485680 secs] [Times: user=0.34 sys=0.01, real=0.05 secs]
2014-07-28T05:16:35.127+0000: 236.103: [GC2014-07-28T05:16:35.127+0000: 236.103: [ParNew: 91634K->10240K(92160K), 0.0489160 secs] 1748753K->1673144K(20961280K), 0.0490400 secs] [Times: user=0.35 sys=0.02, real=0.05 secs]
2014-07-28T05:16:35.481+0000: 236.458: [GC2014-07-28T05:16:35.482+0000: 236.458: [ParNew: 92160K->9966K(92160K), 0.0734660 secs] 1755064K->1678650K(20961280K), 0.0735800 secs] [Times: user=0.48 sys=0.02, real=0.08 secs]
2014-07-28T05:16:35.905+0000: 236.881: [GC2014-07-28T05:16:35.905+0000: 236.881: [ParNew: 91886K->9916K(92160K), 0.0468810 secs] 1760570K->1684247K(20961280K), 0.0469980 secs] [Times: user=0.34 sys=0.00, real=0.04 secs]
2014-07-28T05:16:36.255+0000: 237.231: [GC2014-07-28T05:16:36.255+0000: 237.231: [ParNew: 91828K->9461K(92160K), 0.0473240 secs] 1766159K->1689546K(20961280K), 0.0474460 secs] [Times: user=0.35 sys=0.00, real=0.05 secs]
2014-07-28T05:16:36.642+0000: 237.618: [GC2014-07-28T05:16:36.642+0000: 237.619: [ParNew: 91381K->10240K(92160K), 0.0515980 secs] 1771466K->1696288K(20961280K), 0.0517150 secs] [Times: user=0.35 sys=0.03, real=0.05 secs]
2014-07-28T05:16:37.052+0000: 238.028: [GC2014-07-28T05:16:37.052+0000: 238.028: [ParNew: 92160K->10240K(92160K), 0.0520370 secs] 1778208K->1702256K(20961280K), 0.0521570 secs] [Times: user=0.37 sys=0.01, real=0.06 secs]
2014-07-28T05:16:37.503+0000: 238.479: [GC2014-07-28T05:16:37.503+0000: 238.479: [ParNew: 92160K->10240K(92160K), 0.0489430 secs] 1784176K->1708024K(20961280K), 0.0490640 secs] [Times: user=0.34 sys=0.03, real=0.04 secs]
2014-07-28T05:16:37.863+0000: 238.839: [GC2014-07-28T05:16:37.863+0000: 238.839: [ParNew: 92160K->10240K(92160K), 0.0501070 secs] 1789944K->1713751K(20961280K), 0.0502280 secs] [Times: user=0.36 sys=0.01, real=0.04 secs]
2014-07-28T05:16:38.253+0000: 239.229: [GC2014-07-28T05:16:38.253+0000: 239.229: [ParNew: 92160K->8907K(92160K), 0.0509450 secs] 1795671K->1718183K(20961280K), 0.0510660 secs] [Times: user=0.36 sys=0.02, real=0.06 secs]
2014-07-28T05:16:38.721+0000: 239.697: [GC2014-07-28T05:16:38.721+0000: 239.697: [ParNew: 90827K->10240K(92160K), 0.0480190 secs] 1800103K->1725259K(20961280K), 0.0481420 secs] [Times: user=0.35 sys=0.00, real=0.05 secs]
2014-07-28T05:16:39.068+0000: 240.044: [GC2014-07-28T05:16:39.068+0000: 240.044: [ParNew: 92160K->9496K(92160K), 0.0534840 secs] 1807179K->1730281K(20961280K), 0.0536060 secs] [Times: user=0.39 sys=0.01, real=0.05 secs]
2014-07-28T05:16:39.453+0000: 240.429: [GC2014-07-28T05:16:39.453+0000: 240.429: [ParNew: 91416K->10240K(92160K), 0.0484940 secs] 1812201K->1736787K(20961280K), 0.0486130 secs] [Times: user=0.36 sys=0.00, real=0.05 secs]
2014-07-28T05:16:39.884+0000: 240.860: [GC2014-07-28T05:16:39.884+0000: 240.860: [ParNew: 92148K->9823K(92160K), 0.0496510 secs] 1818696K->1742190K(20961280K), 0.0497700 secs] [Times: user=0.35 sys=0.01, real=0.04 secs]
2014-07-28T05:16:40.303+0000: 241.279: [GC2014-07-28T05:16:40.303+0000: 241.279: [ParNew: 91743K->9597K(92160K), 0.0476930 secs] 1824110K->1747711K(20961280K), 0.0478140 secs] [Times: user=0.33 sys=0.03, real=0.04 secs]
2014-07-28T05:16:40.662+0000: 241.638: [GC2014-07-28T05:16:40.662+0000: 241.638: [ParNew: 91517K->8883K(92160K), 0.0466500 secs] 1829631K->1752772K(20961280K), 0.0467700 secs] [Times: user=0.34 sys=0.01, real=0.04 secs]
2014-07-28T05:16:41.083+0000: 242.059: [GC2014-07-28T05:16:41.083+0000: 242.059: [ParNew: 90803K->10240K(92160K), 0.0474440 secs] 1834692K->1759931K(20961280K), 0.0475650 secs] [Times: user=0.34 sys=0.01, real=0.04 secs]
2014-07-28T05:16:41.483+0000: 242.459: [GC2014-07-28T05:16:41.483+0000: 242.459: [ParNew: 92160K->10240K(92160K), 0.0477210 secs] 1841851K->1765892K(20961280K), 0.0478400 secs] [Times: user=0.33 sys=0.02, real=0.04 secs]
2014-07-28T05:16:41.873+0000: 242.849: [GC2014-07-28T05:16:41.873+0000: 242.849: [ParNew: 92160K->8733K(92160K), 0.0469660 secs] 1847812K->1770095K(20961280K), 0.0470830 secs] [Times: user=0.35 sys=0.01, real=0.05 secs]
2014-07-28T05:16:42.299+0000: 243.275: [GC2014-07-28T05:16:42.299+0000: 243.275: [ParNew: 90653K->10240K(92160K), 0.0482820 secs] 1852015K->1777375K(20961280K), 0.0484030 secs] [Times: user=0.35 sys=0.00, real=0.05 secs]
2014-07-28T05:16:42.684+0000: 243.660: [GC2014-07-28T05:16:42.684+0000: 243.660: [ParNew: 92160K->10240K(92160K), 0.0490410 secs] 1859295K->1783227K(20961280K), 0.0491580 secs] [Times: user=0.35 sys=0.01, real=0.04 secs]
2014-07-28T05:16:43.083+0000: 244.059: [GC2014-07-28T05:16:43.083+0000: 244.059: [ParNew: 92160K->9197K(92160K), 0.0468180 secs] 1865147K->1787873K(20961280K), 0.0469450 secs] [Times: user=0.34 sys=0.00, real=0.04 secs]
2014-07-28T05:16:43.493+0000: 244.469: [GC2014-07-28T05:16:43.493+0000: 244.469: [ParNew: 91117K->10240K(92160K), 0.0474540 secs] 1869793K->1794863K(20961280K), 0.0475790 secs] [Times: user=0.35 sys=0.00, real=0.04 secs]
2014-07-28T05:16:43.893+0000: 244.869: [GC2014-07-28T05:16:43.893+0000: 244.869: [ParNew: 92160K->10240K(92160K), 0.0502930 secs] 1876783K->1800607K(20961280K), 0.0504240 secs] [Times: user=0.36 sys=0.01, real=0.05 secs]
2014-07-28T05:16:44.333+0000: 245.309: [GC2014-07-28T05:16:44.333+0000: 245.310: [ParNew: 92160K->10240K(92160K), 0.0834110 secs] 1882527K->1806569K(20961280K), 0.0835350 secs] [Times: user=0.44 sys=0.01, real=0.08 secs]
2014-07-28T05:16:44.753+0000: 245.729: [GC2014-07-28T05:16:44.753+0000: 245.729: [ParNew: 92160K->10240K(92160K), 0.0522410 secs] 1888489K->1812323K(20961280K), 0.0523580 secs] [Times: user=0.37 sys=0.02, real=0.05 secs]
2014-07-28T05:16:45.230+0000: 246.206: [GC2014-07-28T05:16:45.230+0000: 246.206: [ParNew: 92160K->10240K(92160K), 0.0482040 secs] 1894243K->1818236K(20961280K), 0.0483340 secs] [Times: user=0.34 sys=0.01, real=0.05 secs]
2014-07-28T05:16:45.624+0000: 246.600: [GC2014-07-28T05:16:45.624+0000: 246.600: [ParNew: 92160K->8540K(92160K), 0.0486830 secs] 1900156K->1822147K(20961280K), 0.0488030 secs] [Times: user=0.35 sys=0.01, real=0.05 secs]
2014-07-28T05:16:45.995+0000: 246.971: [GC2014-07-28T05:16:45.995+0000: 246.971: [ParNew: 90447K->9535K(92160K), 0.0478390 secs] 1904055K->1828872K(20961280K), 0.0479620 secs] [Times: user=0.33 sys=0.02, real=0.05 secs]
2014-07-28T05:16:46.352+0000: 247.328: [GC2014-07-28T05:16:46.352+0000: 247.328: [ParNew: 91455K->9830K(92160K), 0.0477670 secs] 1910792K->1834923K(20961280K), 0.0478840 secs] [Times: user=0.34 sys=0.01, real=0.04 secs]
2014-07-28T05:16:46.746+0000: 247.722: [GC2014-07-28T05:16:46.746+0000: 247.722: [ParNew: 91750K->10240K(92160K), 0.0514480 secs] 1916843K->1841123K(20961280K), 0.0515680 secs] [Times: user=0.38 sys=0.00, real=0.05 secs]
2014-07-28T05:16:47.154+0000: 248.131: [GC2014-07-28T05:16:47.155+0000: 248.131: [ParNew: 92160K->10240K(92160K), 0.0506420 secs] 1923043K->1847834K(20961280K), 0.0507600 secs] [Times: user=0.37 sys=0.02, real=0.05 secs]
2014-07-28T05:16:47.605+0000: 248.581: [GC2014-07-28T05:16:47.605+0000: 248.581: [ParNew: 92160K->10240K(92160K), 0.0474410 secs] 1929754K->1853300K(20961280K), 0.0475640 secs] [Times: user=0.35 sys=0.00, real=0.05 secs]
2014-07-28T05:16:47.972+0000: 248.948: [GC2014-07-28T05:16:47.972+0000: 248.948: [ParNew: 92160K->10240K(92160K), 0.0496360 secs] 1935220K->1859157K(20961280K), 0.0497560 secs] [Times: user=0.36 sys=0.01, real=0.04 secs]
2014-07-28T05:16:48.359+0000: 249.335: [GC2014-07-28T05:16:48.359+0000: 249.335: [ParNew: 92160K->9725K(92160K), 0.0507480 secs] 1941077K->1864356K(20961280K), 0.0508680 secs] [Times: user=0.37 sys=0.01, real=0.05 secs]
2014-07-28T05:16:48.793+0000: 249.769: [GC2014-07-28T05:16:48.793+0000: 249.769: [ParNew: 91645K->10240K(92160K), 0.0473080 secs] 1946276K->1870667K(20961280K), 0.0474280 secs] [Times: user=0.34 sys=0.01, real=0.04 secs]
2014-07-28T05:16:49.168+0000: 250.144: [GC2014-07-28T05:16:49.168+0000: 250.144: [ParNew: 92160K->10240K(92160K), 0.0500270 secs] 1952587K->1876477K(20961280K), 0.0501510 secs] [Times: user=0.37 sys=0.01, real=0.05 secs]
2014-07-28T05:16:49.548+0000: 250.524: [GC2014-07-28T05:16:49.548+0000: 250.524: [ParNew: 92160K->10240K(92160K), 0.0655550 secs] 1958397K->1882608K(20961280K), 0.0656800 secs] [Times: user=0.41 sys=0.01, real=0.07 secs]
2014-07-28T05:16:49.993+0000: 250.969: [GC2014-07-28T05:16:49.993+0000: 250.969: [ParNew: 92160K->10240K(92160K), 0.0507490 secs] 1964528K->1888131K(20961280K), 0.0508720 secs] [Times: user=0.36 sys=0.02, real=0.05 secs]
2014-07-28T05:16:50.386+0000: 251.362: [GC2014-07-28T05:16:50.386+0000: 251.362: [ParNew: 92158K->10204K(92160K), 0.0530790 secs] 1970050K->1893783K(20961280K), 0.0532000 secs] [Times: user=0.40 sys=0.01, real=0.05 secs]
2014-07-28T05:16:50.764+0000: 251.740: [GC2014-07-28T05:16:50.764+0000: 251.740: [ParNew: 92124K->10240K(92160K), 0.0498360 secs] 1975703K->1899685K(20961280K), 0.0499590 secs] [Times: user=0.36 sys=0.01, real=0.05 secs]
2014-07-28T05:16:51.183+0000: 252.159: [GC2014-07-28T05:16:51.183+0000: 252.159: [ParNew: 92160K->10240K(92160K), 0.0482820 secs] 1981605K->1905431K(20961280K), 0.0484030 secs] [Times: user=0.37 sys=0.00, real=0.05 secs]
2014-07-28T05:16:51.563+0000: 252.539: [GC2014-07-28T05:16:51.563+0000: 252.539: [ParNew: 92160K->9722K(92160K), 0.0491390 secs] 1987351K->1910735K(20961280K), 0.0492580 secs] [Times: user=0.35 sys=0.01, real=0.05 secs]
2014-07-28T05:16:51.952+0000: 252.928: [GC2014-07-28T05:16:51.952+0000: 252.928: [ParNew: 91642K->10001K(92160K), 0.0497180 secs] 1992655K->1916709K(20961280K), 0.0498410 secs] [Times: user=0.35 sys=0.01, real=0.05 secs]
2014-07-28T05:16:52.404+0000: 253.381: [GC2014-07-28T05:16:52.404+0000: 253.381: [ParNew: 91921K->10240K(92160K), 0.0493100 secs] 1998629K->1922699K(20961280K), 0.0494280 secs] [Times: user=0.35 sys=0.02, real=0.05 secs]
2014-07-28T05:16:52.782+0000: 253.758: [GC2014-07-28T05:16:52.782+0000: 253.758: [ParNew: 92160K->9984K(92160K), 0.0480400 secs] 2004619K->1928353K(20961280K), 0.0481580 secs] [Times: user=0.35 sys=0.01, real=0.05 secs]
2014-07-28T05:16:53.193+0000: 254.169: [GC2014-07-28T05:16:53.193+0000: 254.169: [ParNew: 91904K->9896K(92160K), 0.0488630 secs] 2010273K->1933901K(20961280K), 0.0489780 secs] [Times: user=0.38 sys=0.00, real=0.05 secs]
2014-07-28T05:16:53.574+0000: 254.550: [GC2014-07-28T05:16:53.574+0000: 254.551: [ParNew: 91816K->10240K(92160K), 0.0530730 secs] 2015821K->1940164K(20961280K), 0.0531940 secs] [Times: user=0.37 sys=0.03, real=0.05 secs]
2014-07-28T05:16:53.982+0000: 254.958: [GC2014-07-28T05:16:53.982+0000: 254.958: [ParNew: 92160K->10240K(92160K), 0.0523640 secs] 2022084K->1946709K(20961280K), 0.0524880 secs] [Times: user=0.36 sys=0.02, real=0.06 secs]
2014-07-28T05:16:54.463+0000: 255.439: [GC2014-07-28T05:16:54.463+0000: 255.439: [ParNew: 92160K->10240K(92160K), 0.0492340 secs] 2028629K->1952375K(20961280K), 0.0493530 secs] [Times: user=0.36 sys=0.01, real=0.05 secs]
2014-07-28T05:16:54.855+0000: 255.831: [GC2014-07-28T05:16:54.855+0000: 255.831: [ParNew: 92153K->10240K(92160K), 0.0535090 secs] 2034289K->1958821K(20961280K), 0.0536250 secs] [Times: user=0.38 sys=0.02, real=0.05 secs]
2014-07-28T05:16:55.303+0000: 256.279: [GC2014-07-28T05:16:55.303+0000: 256.279: [ParNew: 92160K->10240K(92160K), 0.0535310 secs] 2040741K->1965151K(20961280K), 0.0536600 secs] [Times: user=0.40 sys=0.02, real=0.05 secs]
2014-07-28T05:16:55.703+0000: 256.679: [GC2014-07-28T05:16:55.703+0000: 256.679: [ParNew: 92160K->10240K(92160K), 0.0481100 secs] 2047071K->1970243K(20961280K), 0.0482300 secs] [Times: user=0.36 sys=0.01, real=0.05 secs]
2014-07-28T05:16:56.104+0000: 257.080: [GC2014-07-28T05:16:56.104+0000: 257.080: [ParNew: 92160K->9609K(92160K), 0.0496420 secs] 2052163K->1975261K(20961280K), 0.0497620 secs] [Times: user=0.38 sys=0.00, real=0.05 secs]
2014-07-28T05:16:56.460+0000: 257.436: [GC2014-07-28T05:16:56.460+0000: 257.436: [ParNew: 91529K->9056K(92160K), 0.0499880 secs] 2057181K->1980456K(20961280K), 0.0501040 secs] [Times: user=0.38 sys=0.01, real=0.05 secs]
2014-07-28T05:16:56.842+0000: 257.818: [GC2014-07-28T05:16:56.842+0000: 257.819: [ParNew: 90976K->10240K(92160K), 0.0496960 secs] 2062376K->1987372K(20961280K), 0.0498160 secs] [Times: user=0.35 sys=0.01, real=0.05 secs]
2014-07-28T05:16:57.262+0000: 258.239: [GC2014-07-28T05:16:57.263+0000: 258.239: [ParNew: 92160K->10240K(92160K), 0.0524170 secs] 2069292K->1993907K(20961280K), 0.0525380 secs] [Times: user=0.36 sys=0.03, real=0.05 secs]
2014-07-28T05:16:57.683+0000: 258.659: [GC2014-07-28T05:16:57.683+0000: 258.659: [ParNew: 92160K->10240K(92160K), 0.0499780 secs] 2075827K->1999463K(20961280K), 0.0500990 secs] [Times: user=0.38 sys=0.01, real=0.05 secs]
2014-07-28T05:16:58.072+0000: 259.048: [GC2014-07-28T05:16:58.072+0000: 259.048: [ParNew: 92160K->10240K(92160K), 0.0514710 secs] 2081383K->2005678K(20961280K), 0.0515920 secs] [Times: user=0.36 sys=0.02, real=0.05 secs]
2014-07-28T05:16:58.442+0000: 259.418: [GC2014-07-28T05:16:58.442+0000: 259.418: [ParNew: 92160K->10240K(92160K), 0.0479650 secs] 2087598K->2011087K(20961280K), 0.0480810 secs] [Times: user=0.36 sys=0.00, real=0.05 secs]
2014-07-28T05:16:58.875+0000: 259.851: [GC2014-07-28T05:16:58.875+0000: 259.851: [ParNew: 92160K->10240K(92160K), 0.0660630 secs] 2093007K->2017433K(20961280K), 0.0661830 secs] [Times: user=0.42 sys=0.00, real=0.06 secs]
2014-07-28T05:16:59.270+0000: 260.246: [GC2014-07-28T05:16:59.270+0000: 260.246: [ParNew: 92160K->10110K(92160K), 0.0479350 secs] 2099353K->2022737K(20961280K), 0.0480890 secs] [Times: user=0.33 sys=0.02, real=0.05 secs]
2014-07-28T05:16:59.642+0000: 260.618: [GC2014-07-28T05:16:59.642+0000: 260.618: [ParNew: 92030K->10240K(92160K), 0.0597230 secs] 2104657K->2029303K(20961280K), 0.0598250 secs] [Times: user=0.40 sys=0.01, real=0.06 secs]
2014-07-28T05:17:00.073+0000: 261.049: [GC2014-07-28T05:17:00.079+0000: 261.055: [ParNew: 92160K->10240K(92160K), 0.0612850 secs] 2111223K->2034798K(20961280K), 0.0664860 secs] [Times: user=0.40 sys=0.01, real=0.06 secs]
2014-07-28T05:17:00.469+0000: 261.445: [GC2014-07-28T05:17:00.469+0000: 261.445: [ParNew: 92160K->10240K(92160K), 0.0847070 secs] 2116718K->2040627K(20961280K), 0.0848190 secs] [Times: user=0.47 sys=0.00, real=0.09 secs]
2014-07-28T05:17:00.872+0000: 261.848: [GC2014-07-28T05:17:00.872+0000: 261.848: [ParNew: 92160K->9316K(92160K), 0.0746740 secs] 2122547K->2045535K(20961280K), 0.0747830 secs] [Times: user=0.46 sys=0.00, real=0.07 secs]
2014-07-28T05:17:01.283+0000: 262.259: [GC2014-07-28T05:17:01.283+0000: 262.259: [ParNew: 91236K->10240K(92160K), 0.0821900 secs] 2127455K->2052411K(20961280K), 0.0822980 secs] [Times: user=0.51 sys=0.01, real=0.08 secs]
2014-07-28T05:17:01.658+0000: 262.634: [GC2014-07-28T05:17:01.658+0000: 262.634: [ParNew: 92160K->10240K(92160K), 0.0827970 secs] 2134331K->2058344K(20961280K), 0.0829210 secs] [Times: user=0.42 sys=0.03, real=0.08 secs]
2014-07-28T05:17:02.052+0000: 263.028: [GC2014-07-28T05:17:02.052+0000: 263.029: [ParNew: 92160K->10240K(92160K), 0.0810450 secs] 2140264K->2063975K(20961280K), 0.0811690 secs] [Times: user=0.43 sys=0.01, real=0.08 secs]
2014-07-28T05:17:02.489+0000: 263.466: [GC2014-07-28T05:17:02.490+0000: 263.466: [ParNew: 92160K->10240K(92160K), 0.0494390 secs] 2145895K->2069895K(20961280K), 0.0495610 secs] [Times: user=0.34 sys=0.03, real=0.05 secs]
2014-07-28T05:17:02.873+0000: 263.849: [GC2014-07-28T05:17:02.873+0000: 263.849: [ParNew: 92160K->10240K(92160K), 0.0479320 secs] 2151815K->2075756K(20961280K), 0.0480550 secs] [Times: user=0.34 sys=0.02, real=0.04 secs]
2014-07-28T05:17:03.274+0000: 264.250: [GC2014-07-28T05:17:03.274+0000: 264.250: [ParNew: 92160K->10240K(92160K), 0.0470350 secs] 2157676K->2081513K(20961280K), 0.0471570 secs] [Times: user=0.34 sys=0.01, real=0.04 secs]
2014-07-28T05:17:03.673+0000: 264.649: [GC2014-07-28T05:17:03.673+0000: 264.649: [ParNew: 92160K->10240K(92160K), 0.0532770 secs] 2163433K->2088433K(20961280K), 0.0533940 secs] [Times: user=0.38 sys=0.02, real=0.05 secs]
2014-07-28T05:17:04.064+0000: 265.040: [GC2014-07-28T05:17:04.064+0000: 265.040: [ParNew: 92160K->10240K(92160K), 0.0546350 secs] 2170353K->2094405K(20961280K), 0.0547590 secs] [Times: user=0.40 sys=0.01, real=0.05 secs]
2014-07-28T05:17:04.547+0000: 265.523: [GC2014-07-28T05:17:04.547+0000: 265.523: [ParNew: 92151K->10240K(92160K), 0.0511110 secs] 2176317K->2100130K(20961280K), 0.0512360 secs] [Times: user=0.37 sys=0.02, real=0.05 secs]
2014-07-28T05:17:04.944+0000: 265.920: [GC2014-07-28T05:17:04.944+0000: 265.920: [ParNew: 92160K->10240K(92160K), 0.0544260 secs] 2182050K->2107680K(20961280K), 0.0545450 secs] [Times: user=0.39 sys=0.02, real=0.05 secs]
2014-07-28T05:17:05.403+0000: 266.379: [GC2014-07-28T05:17:05.403+0000: 266.379: [ParNew: 92160K->10240K(92160K), 0.0542900 secs] 2189600K->2113586K(20961280K), 0.0544100 secs] [Times: user=0.41 sys=0.01, real=0.05 secs]
2014-07-28T05:17:05.792+0000: 266.768: [GC2014-07-28T05:17:05.792+0000: 266.768: [ParNew: 92160K->10240K(92160K), 0.0505770 secs] 2195506K->2118869K(20961280K), 0.0506970 secs] [Times: user=0.37 sys=0.01, real=0.05 secs]
2014-07-28T05:17:06.183+0000: 267.159: [GC2014-07-28T05:17:06.183+0000: 267.159: [ParNew: 92160K->10240K(92160K), 0.0493650 secs] 2200789K->2124590K(20961280K), 0.0494810 secs] [Times: user=0.36 sys=0.00, real=0.05 secs]
2014-07-28T05:17:06.563+0000: 267.539: [GC2014-07-28T05:17:06.563+0000: 267.539: [ParNew: 92160K->9967K(92160K), 0.0463950 secs] 2206510K->2130022K(20961280K), 0.0465360 secs] [Times: user=0.33 sys=0.01, real=0.04 secs]
2014-07-28T05:17:06.928+0000: 267.904: [GC2014-07-28T05:17:06.928+0000: 267.904: [ParNew: 91887K->10240K(92160K), 0.0513310 secs] 2211942K->2136584K(20961280K), 0.0514500 secs] [Times: user=0.38 sys=0.01, real=0.05 secs]
2014-07-28T05:17:07.353+0000: 268.329: [GC2014-07-28T05:17:07.353+0000: 268.329: [ParNew: 92160K->10240K(92160K), 0.0508980 secs] 2218504K->2143387K(20961280K), 0.0510220 secs] [Times: user=0.37 sys=0.02, real=0.05 secs]
2014-07-28T05:17:07.773+0000: 268.749: [GC2014-07-28T05:17:07.773+0000: 268.749: [ParNew: 92160K->10240K(92160K), 0.0548650 secs] 2225307K->2149441K(20961280K), 0.0549810 secs] [Times: user=0.42 sys=0.00, real=0.05 secs]
2014-07-28T05:17:08.185+0000: 269.161: [GC2014-07-28T05:17:08.185+0000: 269.161: [ParNew: 92160K->10240K(92160K), 0.0516230 secs] 2231361K->2155191K(20961280K), 0.0517710 secs] [Times: user=0.40 sys=0.00, real=0.05 secs]
2014-07-28T05:17:08.534+0000: 269.510: [GC2014-07-28T05:17:08.534+0000: 269.510: [ParNew: 92160K->10240K(92160K), 0.0491800 secs] 2237111K->2161056K(20961280K), 0.0493010 secs] [Times: user=0.35 sys=0.02, real=0.05 secs]
2014-07-28T05:17:08.972+0000: 269.948: [GC2014-07-28T05:17:08.972+0000: 269.948: [ParNew: 92160K->10240K(92160K), 0.0499790 secs] 2242976K->2167190K(20961280K), 0.0501040 secs] [Times: user=0.36 sys=0.02, real=0.04 secs]
2014-07-28T05:17:09.345+0000: 270.321: [GC2014-07-28T05:17:09.345+0000: 270.321: [ParNew: 92160K->10240K(92160K), 0.0496160 secs] 2249110K->2172991K(20961280K), 0.0497370 secs] [Times: user=0.36 sys=0.00, real=0.05 secs]
2014-07-28T05:17:09.754+0000: 270.730: [GC2014-07-28T05:17:09.754+0000: 270.730: [ParNew: 92160K->10240K(92160K), 0.0528450 secs] 2254911K->2179297K(20961280K), 0.0529630 secs] [Times: user=0.38 sys=0.01, real=0.05 secs]
2014-07-28T05:17:10.164+0000: 271.140: [GC2014-07-28T05:17:10.164+0000: 271.140: [ParNew: 92160K->10240K(92160K), 0.0478710 secs] 2261217K->2184598K(20961280K), 0.0479920 secs] [Times: user=0.36 sys=0.00, real=0.05 secs]
2014-07-28T05:17:10.574+0000: 271.551: [GC2014-07-28T05:17:10.575+0000: 271.551: [ParNew: 92160K->10240K(92160K), 0.0524810 secs] 2266518K->2190620K(20961280K), 0.0525960 secs] [Times: user=0.39 sys=0.01, real=0.05 secs]
2014-07-28T05:17:10.962+0000: 271.939: [GC2014-07-28T05:17:10.963+0000: 271.939: [ParNew: 92160K->10240K(92160K), 0.0497580 secs] 2272540K->2196673K(20961280K), 0.0498810 secs] [Times: user=0.36 sys=0.01, real=0.05 secs]
2014-07-28T05:17:11.407+0000: 272.383: [GC2014-07-28T05:17:11.407+0000: 272.383: [ParNew: 92147K->10240K(92160K), 0.0515040 secs] 2278581K->2202525K(20961280K), 0.0516230 secs] [Times: user=0.36 sys=0.04, real=0.05 secs]
2014-07-28T05:17:11.764+0000: 272.740: [GC2014-07-28T05:17:11.764+0000: 272.740: [ParNew: 92160K->10240K(92160K), 0.0466750 secs] 2284445K->2208352K(20961280K), 0.0467910 secs] [Times: user=0.34 sys=0.01, real=0.05 secs]
2014-07-28T05:17:12.162+0000: 273.138: [GC2014-07-28T05:17:12.162+0000: 273.138: [ParNew: 92159K->10240K(92160K), 0.0511240 secs] 2290272K->2214624K(20961280K), 0.0512470 secs] [Times: user=0.37 sys=0.02, real=0.05 secs]
2014-07-28T05:17:12.573+0000: 273.549: [GC2014-07-28T05:17:12.573+0000: 273.549: [ParNew: 92160K->10240K(92160K), 0.0476260 secs] 2296544K->2220257K(20961280K), 0.0477410 secs] [Times: user=0.34 sys=0.02, real=0.04 secs]
2014-07-28T05:17:12.955+0000: 273.931: [GC2014-07-28T05:17:12.955+0000: 273.932: [ParNew: 92158K->10240K(92160K), 0.0505290 secs] 2302176K->2226036K(20961280K), 0.0506610 secs] [Times: user=0.36 sys=0.00, real=0.05 secs]
2014-07-28T05:17:13.353+0000: 274.329: [GC2014-07-28T05:17:13.353+0000: 274.329: [ParNew: 92160K->10240K(92160K), 0.0497520 secs] 2307956K->2232021K(20961280K), 0.0498710 secs] [Times: user=0.37 sys=0.00, real=0.05 secs]
2014-07-28T05:17:13.760+0000: 274.736: [GC2014-07-28T05:17:13.760+0000: 274.736: [ParNew: 92160K->10240K(92160K), 0.0508420 secs] 2313941K->2238224K(20961280K), 0.0509610 secs] [Times: user=0.36 sys=0.01, real=0.06 secs]
2014-07-28T05:17:14.173+0000: 275.149: [GC2014-07-28T05:17:14.173+0000: 275.149: [ParNew: 92160K->10240K(92160K), 0.0514810 secs] 2320144K->2244606K(20961280K), 0.0516160 secs] [Times: user=0.38 sys=0.01, real=0.05 secs]
2014-07-28T05:17:14.643+0000: 275.620: [GC2014-07-28T05:17:14.644+0000: 275.620: [ParNew: 92160K->10240K(92160K), 0.0539980 secs] 2326526K->2251303K(20961280K), 0.0541180 secs] [Times: user=0.37 sys=0.03, real=0.05 secs]
2014-07-28T05:17:15.053+0000: 276.029: [GC2014-07-28T05:17:15.053+0000: 276.029: [ParNew: 92160K->10240K(92160K), 0.0530780 secs] 2333223K->2258639K(20961280K), 0.0532610 secs] [Times: user=0.38 sys=0.02, real=0.05 secs]
2014-07-28T05:17:15.485+0000: 276.461: [GC2014-07-28T05:17:15.485+0000: 276.461: [ParNew: 92160K->10240K(92160K), 0.0507100 secs] 2340559K->2264480K(20961280K), 0.0508400 secs] [Times: user=0.38 sys=0.00, real=0.05 secs]
2014-07-28T05:17:15.872+0000: 276.848: [GC2014-07-28T05:17:15.872+0000: 276.849: [ParNew: 92160K->10240K(92160K), 0.0495680 secs] 2346400K->2270225K(20961280K), 0.0496890 secs] [Times: user=0.35 sys=0.01, real=0.05 secs]
2014-07-28T05:17:16.263+0000: 277.239: [GC2014-07-28T05:17:16.263+0000: 277.239: [ParNew: 92160K->10240K(92160K), 0.0516680 secs] 2352145K->2275766K(20961280K), 0.0517910 secs] [Times: user=0.38 sys=0.01, real=0.05 secs]
2014-07-28T05:17:16.665+0000: 277.641: [GC2014-07-28T05:17:16.665+0000: 277.641: [ParNew: 92154K->10240K(92160K), 0.0497610 secs] 2357681K->2281499K(20961280K), 0.0498810 secs] [Times: user=0.37 sys=0.01, real=0.05 secs]
2014-07-28T05:17:17.008+0000: 277.984: [GC2014-07-28T05:17:17.008+0000: 277.984: [ParNew: 92160K->10240K(92160K), 0.0497020 secs] 2363419K->2287819K(20961280K), 0.0498250 secs] [Times: user=0.35 sys=0.02, real=0.05 secs]
2014-07-28T05:17:17.441+0000: 278.417: [GC2014-07-28T05:17:17.441+0000: 278.417: [ParNew: 92160K->10240K(92160K), 0.0493270 secs] 2369739K->2294853K(20961280K), 0.0494610 secs] [Times: user=0.35 sys=0.02, real=0.05 secs]
2014-07-28T05:17:17.860+0000: 278.836: [GC2014-07-28T05:17:17.860+0000: 278.836: [ParNew: 92160K->10240K(92160K), 0.0467000 secs] 2376773K->2300287K(20961280K), 0.0468490 secs] [Times: user=0.33 sys=0.01, real=0.04 secs]
2014-07-28T05:17:18.264+0000: 279.240: [GC2014-07-28T05:17:18.264+0000: 279.240: [ParNew: 92160K->10240K(92160K), 0.0476510 secs] 2382207K->2306109K(20961280K), 0.0477870 secs] [Times: user=0.33 sys=0.02, real=0.05 secs]
2014-07-28T05:17:18.634+0000: 279.611: [GC2014-07-28T05:17:18.635+0000: 279.611: [ParNew: 92160K->10240K(92160K), 0.0503760 secs] 2388029K->2312197K(20961280K), 0.0504980 secs] [Times: user=0.37 sys=0.01, real=0.05 secs]
2014-07-28T05:17:19.063+0000: 280.039: [GC2014-07-28T05:17:19.063+0000: 280.039: [ParNew: 92160K->10240K(92160K), 0.0739960 secs] 2394117K->2318307K(20961280K), 0.0741130 secs] [Times: user=0.53 sys=0.01, real=0.07 secs]
2014-07-28T05:17:19.433+0000: 280.409: [GC2014-07-28T05:17:19.433+0000: 280.409: [ParNew: 92160K->10240K(92160K), 0.0501090 secs] 2400227K->2323925K(20961280K), 0.0502330 secs] [Times: user=0.36 sys=0.01, real=0.05 secs]
2014-07-28T05:17:19.835+0000: 280.811: [GC2014-07-28T05:17:19.835+0000: 280.811: [ParNew: 92160K->10240K(92160K), 0.0525400 secs] 2405845K->2330982K(20961280K), 0.0526640 secs] [Times: user=0.38 sys=0.01, real=0.05 secs]
2014-07-28T05:17:20.247+0000: 281.223: [GC2014-07-28T05:17:20.247+0000: 281.223: [ParNew: 92151K->10240K(92160K), 0.0491080 secs] 2412893K->2336144K(20961280K), 0.0492280 secs] [Times: user=0.36 sys=0.02, real=0.05 secs]
2014-07-28T05:17:20.662+0000: 281.638: [GC2014-07-28T05:17:20.662+0000: 281.639: [ParNew: 92160K->10240K(92160K), 0.0497190 secs] 2418064K->2342011K(20961280K), 0.0498390 secs] [Times: user=0.38 sys=0.00, real=0.05 secs]
2014-07-28T05:17:21.053+0000: 282.029: [GC2014-07-28T05:17:21.053+0000: 282.030: [ParNew: 92160K->10240K(92160K), 0.0529740 secs] 2423931K->2347718K(20961280K), 0.0530950 secs] [Times: user=0.39 sys=0.00, real=0.05 secs]
2014-07-28T05:17:21.493+0000: 282.469: [GC2014-07-28T05:17:21.493+0000: 282.469: [ParNew: 92160K->10240K(92160K), 0.0506690 secs] 2429638K->2354922K(20961280K), 0.0507890 secs] [Times: user=0.36 sys=0.02, real=0.05 secs]
2014-07-28T05:17:21.854+0000: 282.830: [GC2014-07-28T05:17:21.854+0000: 282.830: [ParNew: 92160K->10240K(92160K), 0.0496810 secs] 2436842K->2360290K(20961280K), 0.0498020 secs] [Times: user=0.37 sys=0.01, real=0.05 secs]
2014-07-28T05:17:22.263+0000: 283.239: [GC2014-07-28T05:17:22.263+0000: 283.239: [ParNew: 92160K->10240K(92160K), 0.0468380 secs] 2442210K->2365925K(20961280K), 0.0469560 secs] [Times: user=0.34 sys=0.02, real=0.04 secs]
2014-07-28T05:17:22.654+0000: 283.630: [GC2014-07-28T05:17:22.654+0000: 283.630: [ParNew: 92160K->10240K(92160K), 0.0482080 secs] 2447845K->2372293K(20961280K), 0.0483300 secs] [Times: user=0.36 sys=0.01, real=0.05 secs]
2014-07-28T05:17:23.043+0000: 284.019: [GC2014-07-28T05:17:23.043+0000: 284.019: [ParNew: 92160K->10240K(92160K), 0.0524590 secs] 2454213K->2377742K(20961280K), 0.0526070 secs] [Times: user=0.38 sys=0.02, real=0.05 secs]
2014-07-28T05:17:23.433+0000: 284.410: [GC2014-07-28T05:17:23.434+0000: 284.410: [ParNew: 92160K->10240K(92160K), 0.0514940 secs] 2459662K->2383581K(20961280K), 0.0516160 secs] [Times: user=0.38 sys=0.01, real=0.05 secs]
2014-07-28T05:17:23.863+0000: 284.839: [GC2014-07-28T05:17:23.863+0000: 284.839: [ParNew: 92160K->10240K(92160K), 0.0578630 secs] 2465501K->2390286K(20961280K), 0.0579750 secs] [Times: user=0.41 sys=0.01, real=0.06 secs]
2014-07-28T05:17:24.259+0000: 285.235: [GC2014-07-28T05:17:24.259+0000: 285.235: [ParNew: 92160K->10240K(92160K), 0.0549860 secs] 2472206K->2396310K(20961280K), 0.0551100 secs] [Times: user=0.42 sys=0.00, real=0.05 secs]
2014-07-28T05:17:24.729+0000: 285.705: [GC2014-07-28T05:17:24.729+0000: 285.705: [ParNew: 92160K->10240K(92160K), 0.0494840 secs] 2478230K->2402550K(20961280K), 0.0496040 secs] [Times: user=0.36 sys=0.00, real=0.06 secs]
2014-07-28T05:17:25.143+0000: 286.119: [GC2014-07-28T05:17:25.143+0000: 286.119: [ParNew: 92160K->10240K(92160K), 0.0541470 secs] 2484470K->2410000K(20961280K), 0.0542680 secs] [Times: user=0.39 sys=0.00, real=0.05 secs]
2014-07-28T05:17:25.584+0000: 286.560: [GC2014-07-28T05:17:25.584+0000: 286.560: [ParNew: 92160K->10240K(92160K), 0.0537820 secs] 2491920K->2416916K(20961280K), 0.0538970 secs] [Times: user=0.38 sys=0.01, real=0.05 secs]
2014-07-28T05:17:25.958+0000: 286.934: [GC2014-07-28T05:17:25.958+0000: 286.934: [ParNew: 92160K->10240K(92160K), 0.0496890 secs] 2498836K->2421935K(20961280K), 0.0498100 secs] [Times: user=0.36 sys=0.01, real=0.05 secs]
2014-07-28T05:17:26.342+0000: 287.318: [GC2014-07-28T05:17:26.342+0000: 287.318: [ParNew: 92160K->10240K(92160K), 0.0497240 secs] 2503855K->2427960K(20961280K), 0.0498470 secs] [Times: user=0.35 sys=0.02, real=0.05 secs]
2014-07-28T05:17:26.756+0000: 287.732: [GC2014-07-28T05:17:26.756+0000: 287.732: [ParNew: 92157K->10240K(92160K), 0.0550080 secs] 2509878K->2433947K(20961280K), 0.0551270 secs] [Times: user=0.39 sys=0.01, real=0.06 secs]
2014-07-28T05:17:27.103+0000: 288.079: [GC2014-07-28T05:17:27.103+0000: 288.079: [ParNew: 92160K->10240K(92160K), 0.0519340 secs] 2515867K->2440227K(20961280K), 0.0520560 secs] [Times: user=0.36 sys=0.02, real=0.05 secs]
2014-07-28T05:17:27.530+0000: 288.506: [GC2014-07-28T05:17:27.530+0000: 288.506: [ParNew: 92160K->10240K(92160K), 0.0517600 secs] 2522147K->2447397K(20961280K), 0.0518770 secs] [Times: user=0.38 sys=0.00, real=0.06 secs]
2014-07-28T05:17:27.955+0000: 288.931: [GC2014-07-28T05:17:27.955+0000: 288.931: [ParNew: 92160K->10240K(92160K), 0.0517440 secs] 2529317K->2453324K(20961280K), 0.0518670 secs] [Times: user=0.37 sys=0.01, real=0.05 secs]
2014-07-28T05:17:28.362+0000: 289.338: [GC2014-07-28T05:17:28.362+0000: 289.338: [ParNew: 92160K->10240K(92160K), 0.0483670 secs] 2535244K->2459172K(20961280K), 0.0484960 secs] [Times: user=0.34 sys=0.03, real=0.05 secs]
2014-07-28T05:17:28.720+0000: 289.696: [GC2014-07-28T05:17:28.720+0000: 289.696: [ParNew: 92160K->10240K(92160K), 0.0487650 secs] 2541092K->2465013K(20961280K), 0.0488840 secs] [Times: user=0.35 sys=0.01, real=0.04 secs]
2014-07-28T05:17:29.163+0000: 290.139: [GC2014-07-28T05:17:29.163+0000: 290.139: [ParNew: 92160K->10240K(92160K), 0.0548100 secs] 2546933K->2471821K(20961280K), 0.0549330 secs] [Times: user=0.39 sys=0.01, real=0.06 secs]
2014-07-28T05:17:29.513+0000: 290.490: [GC2014-07-28T05:17:29.514+0000: 290.490: [ParNew: 92160K->10240K(92160K), 0.0749260 secs] 2553741K->2478130K(20961280K), 0.0750530 secs] [Times: user=0.44 sys=0.01, real=0.07 secs]
2014-07-28T05:17:29.935+0000: 290.911: [GC2014-07-28T05:17:29.935+0000: 290.911: [ParNew: 92157K->10240K(92160K), 0.0555530 secs] 2560047K->2484439K(20961280K), 0.0556770 secs] [Times: user=0.41 sys=0.01, real=0.06 secs]
2014-07-28T05:17:30.325+0000: 291.301: [GC2014-07-28T05:17:30.325+0000: 291.301: [ParNew: 92152K->10240K(92160K), 0.0544560 secs] 2566351K->2490221K(20961280K), 0.0546070 secs] [Times: user=0.38 sys=0.01, real=0.06 secs]
2014-07-28T05:17:30.741+0000: 291.717: [GC2014-07-28T05:17:30.741+0000: 291.717: [ParNew: 92160K->10240K(92160K), 0.0490610 secs] 2572141K->2496174K(20961280K), 0.0491840 secs] [Times: user=0.36 sys=0.00, real=0.05 secs]
2014-07-28T05:17:31.133+0000: 292.110: [GC2014-07-28T05:17:31.134+0000: 292.110: [ParNew: 92160K->10240K(92160K), 0.0512700 secs] 2578094K->2502280K(20961280K), 0.0513920 secs] [Times: user=0.38 sys=0.00, real=0.05 secs]
2014-07-28T05:17:31.591+0000: 292.567: [GC2014-07-28T05:17:31.591+0000: 292.567: [ParNew: 92160K->10240K(92160K), 0.0556610 secs] 2584200K->2508624K(20961280K), 0.0557820 secs] [Times: user=0.40 sys=0.01, real=0.05 secs]
2014-07-28T05:17:31.933+0000: 292.910: [GC2014-07-28T05:17:31.933+0000: 292.910: [ParNew: 92160K->10240K(92160K), 0.0490140 secs] 2590544K->2514292K(20961280K), 0.0491340 secs] [Times: user=0.36 sys=0.01, real=0.05 secs]
2014-07-28T05:17:32.340+0000: 293.317: [GC2014-07-28T05:17:32.341+0000: 293.317: [ParNew: 92160K->10240K(92160K), 0.0493160 secs] 2596212K->2520366K(20961280K), 0.0494390 secs] [Times: user=0.36 sys=0.02, real=0.04 secs]
2014-07-28T05:17:32.754+0000: 293.730: [GC2014-07-28T05:17:32.754+0000: 293.730: [ParNew: 92160K->10240K(92160K), 0.0502770 secs] 2602286K->2526164K(20961280K), 0.0503960 secs] [Times: user=0.38 sys=0.01, real=0.05 secs]
2014-07-28T05:17:33.126+0000: 294.102: [GC2014-07-28T05:17:33.126+0000: 294.102: [ParNew: 92160K->10240K(92160K), 0.0478390 secs] 2608084K->2531965K(20961280K), 0.0479610 secs] [Times: user=0.35 sys=0.00, real=0.05 secs]
2014-07-28T05:17:33.512+0000: 294.488: [GC2014-07-28T05:17:33.512+0000: 294.488: [ParNew: 92160K->10240K(92160K), 0.0870170 secs] 2613885K->2538219K(20961280K), 0.0871440 secs] [Times: user=0.49 sys=0.02, real=0.09 secs]
2014-07-28T05:17:33.958+0000: 294.934: [GC2014-07-28T05:17:33.958+0000: 294.935: [ParNew: 92160K->10240K(92160K), 0.0485410 secs] 2620139K->2544054K(20961280K), 0.0486650 secs] [Times: user=0.34 sys=0.02, real=0.04 secs]
2014-07-28T05:17:34.348+0000: 295.324: [GC2014-07-28T05:17:34.348+0000: 295.324: [ParNew: 92160K->10240K(92160K), 0.0527530 secs] 2625974K->2551060K(20961280K), 0.0528720 secs] [Times: user=0.37 sys=0.02, real=0.06 secs]
2014-07-28T05:17:34.826+0000: 295.802: [GC2014-07-28T05:17:34.826+0000: 295.802: [ParNew: 92160K->10240K(92160K), 0.0522180 secs] 2632980K->2558204K(20961280K), 0.0523370 secs] [Times: user=0.37 sys=0.02, real=0.06 secs]
2014-07-28T05:17:35.237+0000: 296.213: [GC2014-07-28T05:17:35.237+0000: 296.213: [ParNew: 92160K->10240K(92160K), 0.0542950 secs] 2640124K->2564161K(20961280K), 0.0544130 secs] [Times: user=0.39 sys=0.02, real=0.06 secs]
2014-07-28T05:17:35.673+0000: 296.649: [GC2014-07-28T05:17:35.673+0000: 296.649: [ParNew: 92160K->10240K(92160K), 0.0665080 secs] 2646081K->2571323K(20961280K), 0.0666460 secs] [Times: user=0.40 sys=0.00, real=0.07 secs]
2014-07-28T05:17:36.033+0000: 297.009: [GC2014-07-28T05:17:36.033+0000: 297.009: [ParNew: 92160K->10240K(92160K), 0.0482620 secs] 2653243K->2576800K(20961280K), 0.0483800 secs] [Times: user=0.36 sys=0.01, real=0.05 secs]
2014-07-28T05:17:36.429+0000: 297.405: [GC2014-07-28T05:17:36.429+0000: 297.405: [ParNew: 92160K->10240K(92160K), 0.0467530 secs] 2658720K->2582407K(20961280K), 0.0468730 secs] [Times: user=0.35 sys=0.00, real=0.05 secs]
2014-07-28T05:17:36.832+0000: 297.808: [GC2014-07-28T05:17:36.832+0000: 297.808: [ParNew: 92160K->9756K(92160K), 0.0512210 secs] 2664327K->2587662K(20961280K), 0.0513450 secs] [Times: user=0.38 sys=0.00, real=0.05 secs]
2014-07-28T05:17:37.187+0000: 298.163: [GC2014-07-28T05:17:37.187+0000: 298.163: [ParNew: 91676K->10240K(92160K), 0.0508370 secs] 2669582K->2594222K(20961280K), 0.0509600 secs] [Times: user=0.36 sys=0.02, real=0.05 secs]
2014-07-28T05:17:37.617+0000: 298.593: [GC2014-07-28T05:17:37.617+0000: 298.593: [ParNew: 92160K->10240K(92160K), 0.0491600 secs] 2676142K->2600786K(20961280K), 0.0492940 secs] [Times: user=0.35 sys=0.02, real=0.05 secs]
2014-07-28T05:17:38.044+0000: 299.020: [GC2014-07-28T05:17:38.044+0000: 299.020: [ParNew: 92160K->10240K(92160K), 0.0555410 secs] 2682706K->2607747K(20961280K), 0.0556610 secs] [Times: user=0.41 sys=0.00, real=0.06 secs]
2014-07-28T05:17:38.439+0000: 299.415: [GC2014-07-28T05:17:38.439+0000: 299.415: [ParNew: 92150K->10240K(92160K), 0.0476510 secs] 2689658K->2613000K(20961280K), 0.0477680 secs] [Times: user=0.34 sys=0.01, real=0.04 secs]
2014-07-28T05:17:38.808+0000: 299.784: [GC2014-07-28T05:17:38.808+0000: 299.784: [ParNew: 92160K->10240K(92160K), 0.0508780 secs] 2694920K->2619287K(20961280K), 0.0509960 secs] [Times: user=0.36 sys=0.02, real=0.06 secs]
2014-07-28T05:17:39.264+0000: 300.240: [GC2014-07-28T05:17:39.264+0000: 300.240: [ParNew: 92160K->10240K(92160K), 0.0499990 secs] 2701207K->2625530K(20961280K), 0.0501200 secs] [Times: user=0.35 sys=0.02, real=0.05 secs]
2014-07-28T05:17:39.624+0000: 300.600: [GC2014-07-28T05:17:39.624+0000: 300.600: [ParNew: 92160K->10240K(92160K), 0.0472010 secs] 2707450K->2630748K(20961280K), 0.0473230 secs] [Times: user=0.36 sys=0.00, real=0.05 secs]
2014-07-28T05:17:40.020+0000: 300.996: [GC2014-07-28T05:17:40.020+0000: 300.996: [ParNew: 92160K->10240K(92160K), 0.0498940 secs] 2712668K->2636704K(20961280K), 0.0500270 secs] [Times: user=0.36 sys=0.02, real=0.04 secs]
2014-07-28T05:17:40.406+0000: 301.382: [GC2014-07-28T05:17:40.406+0000: 301.382: [ParNew: 92160K->10240K(92160K), 0.0614420 secs] 2718624K->2643245K(20961280K), 0.0615630 secs] [Times: user=0.42 sys=0.02, real=0.06 secs]
2014-07-28T05:17:40.822+0000: 301.798: [GC2014-07-28T05:17:40.822+0000: 301.798: [ParNew: 92160K->10240K(92160K), 0.0476020 secs] 2725165K->2648933K(20961280K), 0.0477340 secs] [Times: user=0.35 sys=0.02, real=0.04 secs]
2014-07-28T05:17:41.223+0000: 302.199: [GC2014-07-28T05:17:41.223+0000: 302.199: [ParNew: 92160K->10240K(92160K), 0.0496290 secs] 2730853K->2654879K(20961280K), 0.0497490 secs] [Times: user=0.35 sys=0.02, real=0.05 secs]
2014-07-28T05:17:41.674+0000: 302.651: [GC2014-07-28T05:17:41.675+0000: 302.651: [ParNew: 92160K->10240K(92160K), 0.0501120 secs] 2736799K->2661156K(20961280K), 0.0502540 secs] [Times: user=0.37 sys=0.00, real=0.05 secs]
2014-07-28T05:17:42.024+0000: 303.000: [GC2014-07-28T05:17:42.024+0000: 303.000: [ParNew: 92160K->10240K(92160K), 0.0533400 secs] 2743076K->2668291K(20961280K), 0.0534610 secs] [Times: user=0.41 sys=0.00, real=0.05 secs]
2014-07-28T05:17:42.416+0000: 303.392: [GC2014-07-28T05:17:42.416+0000: 303.392: [ParNew: 92160K->10240K(92160K), 0.0502220 secs] 2750211K->2673195K(20961280K), 0.0503570 secs] [Times: user=0.37 sys=0.01, real=0.05 secs]
2014-07-28T05:17:42.832+0000: 303.808: [GC2014-07-28T05:17:42.832+0000: 303.808: [ParNew: 92160K->10240K(92160K), 0.0520070 secs] 2755115K->2679268K(20961280K), 0.0521260 secs] [Times: user=0.38 sys=0.00, real=0.05 secs]
2014-07-28T05:17:43.213+0000: 304.189: [GC2014-07-28T05:17:43.213+0000: 304.189: [ParNew: 92160K->10240K(92160K), 0.0489760 secs] 2761188K->2685577K(20961280K), 0.0490990 secs] [Times: user=0.37 sys=0.00, real=0.05 secs]
2014-07-28T05:17:43.620+0000: 304.596: [GC2014-07-28T05:17:43.620+0000: 304.596: [ParNew: 92160K->10240K(92160K), 0.0479430 secs] 2767497K->2690754K(20961280K), 0.0480640 secs] [Times: user=0.36 sys=0.00, real=0.04 secs]
2014-07-28T05:17:44.054+0000: 305.030: [GC2014-07-28T05:17:44.054+0000: 305.030: [ParNew: 92160K->10240K(92160K), 0.0507460 secs] 2772674K->2697066K(20961280K), 0.0508690 secs] [Times: user=0.38 sys=0.00, real=0.05 secs]
2014-07-28T05:17:44.430+0000: 305.406: [GC2014-07-28T05:17:44.430+0000: 305.406: [ParNew: 92160K->10240K(92160K), 0.0541020 secs] 2778986K->2703042K(20961280K), 0.0542320 secs] [Times: user=0.41 sys=0.01, real=0.06 secs]
2014-07-28T05:17:44.913+0000: 305.889: [GC2014-07-28T05:17:44.913+0000: 305.889: [ParNew: 92157K->10240K(92160K), 0.0526510 secs] 2784960K->2709420K(20961280K), 0.0527720 secs] [Times: user=0.38 sys=0.01, real=0.05 secs]
2014-07-28T05:17:45.324+0000: 306.300: [GC2014-07-28T05:17:45.324+0000: 306.301: [ParNew: 92160K->10240K(92160K), 0.0498260 secs] 2791340K->2715808K(20961280K), 0.0499710 secs] [Times: user=0.37 sys=0.01, real=0.05 secs]
2014-07-28T05:17:45.778+0000: 306.754: [GC2014-07-28T05:17:45.778+0000: 306.754: [ParNew: 92160K->10240K(92160K), 0.0479300 secs] 2797728K->2722147K(20961280K), 0.0480610 secs] [Times: user=0.37 sys=0.00, real=0.05 secs]
2014-07-28T05:17:46.112+0000: 307.088: [GC2014-07-28T05:17:46.112+0000: 307.089: [ParNew: 92160K->10240K(92160K), 0.0507360 secs] 2804067K->2727905K(20961280K), 0.0508560 secs] [Times: user=0.38 sys=0.00, real=0.05 secs]
2014-07-28T05:17:46.499+0000: 307.475: [GC2014-07-28T05:17:46.499+0000: 307.475: [ParNew: 92155K->10240K(92160K), 0.0492720 secs] 2809821K->2734007K(20961280K), 0.0493900 secs] [Times: user=0.36 sys=0.00, real=0.04 secs]
2014-07-28T05:17:46.904+0000: 307.880: [GC2014-07-28T05:17:46.904+0000: 307.880: [ParNew: 92160K->10240K(92160K), 0.0508250 secs] 2815927K->2739537K(20961280K), 0.0509440 secs] [Times: user=0.36 sys=0.02, real=0.05 secs]
2014-07-28T05:17:47.283+0000: 308.259: [GC2014-07-28T05:17:47.283+0000: 308.259: [ParNew: 92160K->10240K(92160K), 0.0506260 secs] 2821457K->2745810K(20961280K), 0.0507460 secs] [Times: user=0.37 sys=0.02, real=0.05 secs]
2014-07-28T05:17:47.716+0000: 308.692: [GC2014-07-28T05:17:47.716+0000: 308.692: [ParNew: 92160K->10240K(92160K), 0.0521170 secs] 2827730K->2753275K(20961280K), 0.0522350 secs] [Times: user=0.38 sys=0.02, real=0.06 secs]
2014-07-28T05:17:48.134+0000: 309.110: [GC2014-07-28T05:17:48.134+0000: 309.110: [ParNew: 92160K->10240K(92160K), 0.0487260 secs] 2835195K->2758846K(20961280K), 0.0488490 secs] [Times: user=0.37 sys=0.00, real=0.05 secs]
2014-07-28T05:17:48.524+0000: 309.500: [GC2014-07-28T05:17:48.524+0000: 309.500: [ParNew: 92160K->10240K(92160K), 0.0501510 secs] 2840766K->2764294K(20961280K), 0.0502710 secs] [Times: user=0.37 sys=0.01, real=0.05 secs]
2014-07-28T05:17:48.891+0000: 309.867: [GC2014-07-28T05:17:48.891+0000: 309.867: [ParNew: 92160K->10240K(92160K), 0.0502110 secs] 2846214K->2771155K(20961280K), 0.0503340 secs] [Times: user=0.36 sys=0.02, real=0.05 secs]
2014-07-28T05:17:49.343+0000: 310.319: [GC2014-07-28T05:17:49.343+0000: 310.319: [ParNew: 92160K->10240K(92160K), 0.0502210 secs] 2853075K->2776621K(20961280K), 0.0503430 secs] [Times: user=0.37 sys=0.00, real=0.05 secs]
2014-07-28T05:17:49.699+0000: 310.675: [GC2014-07-28T05:17:49.699+0000: 310.675: [ParNew: 92153K->10240K(92160K), 0.0494170 secs] 2858534K->2782533K(20961280K), 0.0495380 secs] [Times: user=0.36 sys=0.00, real=0.05 secs]
2014-07-28T05:17:50.104+0000: 311.081: [GC2014-07-28T05:17:50.104+0000: 311.081: [ParNew: 92160K->10240K(92160K), 0.0495870 secs] 2864453K->2789030K(20961280K), 0.0497110 secs] [Times: user=0.35 sys=0.02, real=0.05 secs]
2014-07-28T05:17:50.493+0000: 311.469: [GC2014-07-28T05:17:50.493+0000: 311.469: [ParNew: 92160K->10240K(92160K), 0.0492830 secs] 2870950K->2794089K(20961280K), 0.0494060 secs] [Times: user=0.36 sys=0.02, real=0.05 secs]
2014-07-28T05:17:50.897+0000: 311.873: [GC2014-07-28T05:17:50.897+0000: 311.873: [ParNew: 92160K->10240K(92160K), 0.0515260 secs] 2876009K->2799728K(20961280K), 0.0516500 secs] [Times: user=0.38 sys=0.01, real=0.06 secs]
2014-07-28T05:17:51.298+0000: 312.274: [GC2014-07-28T05:17:51.298+0000: 312.274: [ParNew: 92160K->10240K(92160K), 0.0500990 secs] 2881648K->2805516K(20961280K), 0.0502190 secs] [Times: user=0.37 sys=0.01, real=0.05 secs]
2014-07-28T05:17:51.772+0000: 312.748: [GC2014-07-28T05:17:51.772+0000: 312.748: [ParNew: 92160K->10240K(92160K), 0.0539160 secs] 2887436K->2812304K(20961280K), 0.0540460 secs] [Times: user=0.39 sys=0.02, real=0.06 secs]
2014-07-28T05:17:52.103+0000: 313.079: [GC2014-07-28T05:17:52.103+0000: 313.079: [ParNew: 92160K->10240K(92160K), 0.0493680 secs] 2894224K->2817788K(20961280K), 0.0494910 secs] [Times: user=0.38 sys=0.00, real=0.05 secs]
2014-07-28T05:17:52.493+0000: 313.469: [GC2014-07-28T05:17:52.493+0000: 313.469: [ParNew: 92160K->10240K(92160K), 0.0485950 secs] 2899708K->2823787K(20961280K), 0.0487110 secs] [Times: user=0.35 sys=0.01, real=0.05 secs]
2014-07-28T05:17:52.934+0000: 313.910: [GC2014-07-28T05:17:52.934+0000: 313.911: [ParNew: 92160K->10240K(92160K), 0.0517890 secs] 2905707K->2830715K(20961280K), 0.0519090 secs] [Times: user=0.38 sys=0.01, real=0.06 secs]
2014-07-28T05:17:53.289+0000: 314.265: [GC2014-07-28T05:17:53.289+0000: 314.265: [ParNew: 92160K->10240K(92160K), 0.0482730 secs] 2912635K->2836661K(20961280K), 0.0483960 secs] [Times: user=0.36 sys=0.00, real=0.04 secs]
2014-07-28T05:17:53.693+0000: 314.669: [GC2014-07-28T05:17:53.693+0000: 314.669: [ParNew: 92160K->9536K(92160K), 0.0497140 secs] 2918581K->2841383K(20961280K), 0.0498320 secs] [Times: user=0.36 sys=0.01, real=0.05 secs]
2014-07-28T05:17:54.141+0000: 315.117: [GC2014-07-28T05:17:54.141+0000: 315.117: [ParNew: 91456K->10240K(92160K), 0.0521420 secs] 2923303K->2848431K(20961280K), 0.0522720 secs] [Times: user=0.38 sys=0.01, real=0.05 secs]
2014-07-28T05:17:54.515+0000: 315.491: [GC2014-07-28T05:17:54.515+0000: 315.491: [ParNew: 92160K->10240K(92160K), 0.0495300 secs] 2930351K->2854830K(20961280K), 0.0496520 secs] [Times: user=0.35 sys=0.01, real=0.05 secs]
2014-07-28T05:17:55.000+0000: 315.976: [GC2014-07-28T05:17:55.000+0000: 315.976: [ParNew: 92160K->10240K(92160K), 0.0489600 secs] 2936750K->2861157K(20961280K), 0.0490800 secs] [Times: user=0.35 sys=0.01, real=0.05 secs]
2014-07-28T05:17:55.414+0000: 316.390: [GC2014-07-28T05:17:55.414+0000: 316.390: [ParNew: 92160K->10240K(92160K), 0.0481840 secs] 2943077K->2867234K(20961280K), 0.0482960 secs] [Times: user=0.34 sys=0.02, real=0.05 secs]
2014-07-28T05:17:55.856+0000: 316.832: [GC2014-07-28T05:17:55.856+0000: 316.832: [ParNew: 92160K->10240K(92160K), 0.0513800 secs] 2949154K->2874382K(20961280K), 0.0515170 secs] [Times: user=0.38 sys=0.01, real=0.06 secs]
2014-07-28T05:17:56.188+0000: 317.164: [GC2014-07-28T05:17:56.188+0000: 317.164: [ParNew: 92160K->10240K(92160K), 0.0471680 secs] 2956302K->2879008K(20961280K), 0.0472890 secs] [Times: user=0.35 sys=0.01, real=0.04 secs]
2014-07-28T05:17:56.568+0000: 317.544: [GC2014-07-28T05:17:56.568+0000: 317.544: [ParNew: 92160K->10240K(92160K), 0.0500230 secs] 2960928K->2884901K(20961280K), 0.0501450 secs] [Times: user=0.36 sys=0.02, real=0.04 secs]
2014-07-28T05:17:56.979+0000: 317.955: [GC2014-07-28T05:17:56.979+0000: 317.956: [ParNew: 92160K->9635K(92160K), 0.0522320 secs] 2966821K->2890054K(20961280K), 0.0523560 secs] [Times: user=0.38 sys=0.01, real=0.05 secs]
2014-07-28T05:17:57.360+0000: 318.336: [GC2014-07-28T05:17:57.360+0000: 318.336: [ParNew: 91555K->10240K(92160K), 0.0471940 secs] 2971974K->2896787K(20961280K), 0.0473130 secs] [Times: user=0.34 sys=0.02, real=0.05 secs]
2014-07-28T05:17:57.800+0000: 318.776: [GC2014-07-28T05:17:57.800+0000: 318.776: [ParNew: 92160K->10240K(92160K), 0.0498330 secs] 2978707K->2903316K(20961280K), 0.0499620 secs] [Times: user=0.36 sys=0.01, real=0.05 secs]
2014-07-28T05:17:58.212+0000: 319.188: [GC2014-07-28T05:17:58.212+0000: 319.188: [ParNew: 92160K->10240K(92160K), 0.0490730 secs] 2985236K->2910171K(20961280K), 0.0491940 secs] [Times: user=0.36 sys=0.00, real=0.05 secs]
2014-07-28T05:17:58.599+0000: 319.575: [GC2014-07-28T05:17:58.599+0000: 319.575: [ParNew: 92160K->10240K(92160K), 0.0490080 secs] 2992091K->2916138K(20961280K), 0.0491300 secs] [Times: user=0.37 sys=0.00, real=0.05 secs]
2014-07-28T05:17:58.976+0000: 319.952: [GC2014-07-28T05:17:58.976+0000: 319.952: [ParNew: 92157K->10240K(92160K), 0.0472390 secs] 2998056K->2921831K(20961280K), 0.0473980 secs] [Times: user=0.34 sys=0.01, real=0.05 secs]
2014-07-28T05:17:59.426+0000: 320.402: [GC2014-07-28T05:17:59.426+0000: 320.402: [ParNew: 92143K->10240K(92160K), 0.0492800 secs] 3003735K->2927519K(20961280K), 0.0493990 secs] [Times: user=0.35 sys=0.01, real=0.05 secs]
2014-07-28T05:17:59.782+0000: 320.759: [GC2014-07-28T05:17:59.782+0000: 320.759: [ParNew: 92160K->10240K(92160K), 0.0696930 secs] 3009439K->2933758K(20961280K), 0.0698100 secs] [Times: user=0.40 sys=0.02, real=0.07 secs]
2014-07-28T05:18:00.185+0000: 321.161: [GC2014-07-28T05:18:00.185+0000: 321.161: [ParNew: 92160K->10240K(92160K), 0.0496620 secs] 3015678K->2940201K(20961280K), 0.0497880 secs] [Times: user=0.36 sys=0.00, real=0.05 secs]
2014-07-28T05:18:00.570+0000: 321.546: [GC2014-07-28T05:18:00.570+0000: 321.546: [ParNew: 92160K->10240K(92160K), 0.0467560 secs] 3022121K->2945682K(20961280K), 0.0468810 secs] [Times: user=0.33 sys=0.02, real=0.04 secs]
2014-07-28T05:18:00.973+0000: 321.949: [GC2014-07-28T05:18:00.973+0000: 321.949: [ParNew: 92160K->10240K(92160K), 0.0489420 secs] 3027602K->2951677K(20961280K), 0.0490670 secs] [Times: user=0.36 sys=0.00, real=0.05 secs]
2014-07-28T05:18:01.376+0000: 322.352: [GC2014-07-28T05:18:01.376+0000: 322.352: [ParNew: 92160K->10240K(92160K), 0.0489620 secs] 3033597K->2957583K(20961280K), 0.0491110 secs] [Times: user=0.35 sys=0.02, real=0.05 secs]
2014-07-28T05:18:01.856+0000: 322.832: [GC2014-07-28T05:18:01.856+0000: 322.832: [ParNew: 92160K->10240K(92160K), 0.0539590 secs] 3039503K->2963845K(20961280K), 0.0540850 secs] [Times: user=0.40 sys=0.00, real=0.06 secs]
2014-07-28T05:18:02.192+0000: 323.168: [GC2014-07-28T05:18:02.192+0000: 323.168: [ParNew: 92160K->10240K(92160K), 0.0508420 secs] 3045765K->2969826K(20961280K), 0.0509650 secs] [Times: user=0.35 sys=0.02, real=0.05 secs]
2014-07-28T05:18:02.567+0000: 323.543: [GC2014-07-28T05:18:02.567+0000: 323.543: [ParNew: 92160K->10240K(92160K), 0.0497060 secs] 3051746K->2975441K(20961280K), 0.0498340 secs] [Times: user=0.36 sys=0.01, real=0.04 secs]
2014-07-28T05:18:03.015+0000: 323.991: [GC2014-07-28T05:18:03.015+0000: 323.991: [ParNew: 92160K->10240K(92160K), 0.0549160 secs] 3057361K->2983464K(20961280K), 0.0550390 secs] [Times: user=0.41 sys=0.02, real=0.06 secs]
2014-07-28T05:18:03.408+0000: 324.384: [GC2014-07-28T05:18:03.408+0000: 324.384: [ParNew: 92160K->10240K(92160K), 0.0482340 secs] 3065384K->2988926K(20961280K), 0.0483580 secs] [Times: user=0.36 sys=0.00, real=0.04 secs]
2014-07-28T05:18:03.763+0000: 324.739: [GC2014-07-28T05:18:03.763+0000: 324.739: [ParNew: 92160K->10240K(92160K), 0.0472020 secs] 3070846K->2995085K(20961280K), 0.0473210 secs] [Times: user=0.35 sys=0.00, real=0.05 secs]
2014-07-28T05:18:04.225+0000: 325.201: [GC2014-07-28T05:18:04.225+0000: 325.201: [ParNew: 92160K->10240K(92160K), 0.0475310 secs] 3077005K->3001134K(20961280K), 0.0476550 secs] [Times: user=0.34 sys=0.01, real=0.05 secs]
2014-07-28T05:18:04.593+0000: 325.569: [GC2014-07-28T05:18:04.593+0000: 325.569: [ParNew: 92160K->10240K(92160K), 0.0475010 secs] 3083054K->3007018K(20961280K), 0.0476190 secs] [Times: user=0.36 sys=0.01, real=0.05 secs]
2014-07-28T05:18:05.077+0000: 326.053: [GC2014-07-28T05:18:05.077+0000: 326.053: [ParNew: 92160K->10240K(92160K), 0.0549520 secs] 3088938K->3013932K(20961280K), 0.0550710 secs] [Times: user=0.41 sys=0.00, real=0.06 secs]
2014-07-28T05:18:05.490+0000: 326.466: [GC2014-07-28T05:18:05.490+0000: 326.466: [ParNew: 92160K->10240K(92160K), 0.0520440 secs] 3095852K->3020062K(20961280K), 0.0521670 secs] [Times: user=0.37 sys=0.01, real=0.05 secs]
2014-07-28T05:18:05.938+0000: 326.914: [GC2014-07-28T05:18:05.938+0000: 326.914: [ParNew: 92160K->10240K(92160K), 0.0505570 secs] 3101982K->3025622K(20961280K), 0.0506780 secs] [Times: user=0.38 sys=0.00, real=0.06 secs]
2014-07-28T05:18:06.259+0000: 327.235: [GC2014-07-28T05:18:06.259+0000: 327.235: [ParNew: 92160K->10240K(92160K), 0.0492160 secs] 3107542K->3031171K(20961280K), 0.0493370 secs] [Times: user=0.35 sys=0.01, real=0.05 secs]
2014-07-28T05:18:06.640+0000: 327.616: [GC2014-07-28T05:18:06.640+0000: 327.617: [ParNew: 92160K->10240K(92160K), 0.0495510 secs] 3113091K->3036886K(20961280K), 0.0496820 secs] [Times: user=0.38 sys=0.01, real=0.05 secs]
2014-07-28T05:18:07.045+0000: 328.021: [GC2014-07-28T05:18:07.045+0000: 328.021: [ParNew: 92160K->10005K(92160K), 0.0525900 secs] 3118806K->3042414K(20961280K), 0.0527110 secs] [Times: user=0.39 sys=0.00, real=0.05 secs]
2014-07-28T05:18:07.443+0000: 328.419: [GC2014-07-28T05:18:07.443+0000: 328.419: [ParNew: 91925K->10240K(92160K), 0.0528320 secs] 3124334K->3048489K(20961280K), 0.0529500 secs] [Times: user=0.39 sys=0.01, real=0.05 secs]
2014-07-28T05:18:07.883+0000: 328.859: [GC2014-07-28T05:18:07.883+0000: 328.859: [ParNew: 92160K->10240K(92160K), 0.0497250 secs] 3130409K->3054762K(20961280K), 0.0498430 secs] [Times: user=0.37 sys=0.01, real=0.05 secs]
2014-07-28T05:18:08.290+0000: 329.266: [GC2014-07-28T05:18:08.290+0000: 329.266: [ParNew: 92160K->10240K(92160K), 0.0480480 secs] 3136682K->3060625K(20961280K), 0.0481730 secs] [Times: user=0.36 sys=0.01, real=0.04 secs]
2014-07-28T05:18:08.675+0000: 329.651: [GC2014-07-28T05:18:08.675+0000: 329.651: [ParNew: 92160K->10240K(92160K), 0.0486770 secs] 3142545K->3066849K(20961280K), 0.0487950 secs] [Times: user=0.36 sys=0.00, real=0.05 secs]
2014-07-28T05:18:09.050+0000: 330.026: [GC2014-07-28T05:18:09.050+0000: 330.026: [ParNew: 92160K->10240K(92160K), 0.0488300 secs] 3148769K->3072680K(20961280K), 0.0489580 secs] [Times: user=0.36 sys=0.01, real=0.05 secs]
2014-07-28T05:18:09.499+0000: 330.475: [GC2014-07-28T05:18:09.499+0000: 330.475: [ParNew: 92160K->10240K(92160K), 0.0482040 secs] 3154600K->3078558K(20961280K), 0.0483230 secs] [Times: user=0.35 sys=0.02, real=0.05 secs]
2014-07-28T05:18:09.870+0000: 330.846: [GC2014-07-28T05:18:09.870+0000: 330.846: [ParNew: 92160K->10240K(92160K), 0.0479880 secs] 3160478K->3084238K(20961280K), 0.0481110 secs] [Times: user=0.35 sys=0.00, real=0.05 secs]
2014-07-28T05:18:10.261+0000: 331.237: [GC2014-07-28T05:18:10.261+0000: 331.237: [ParNew: 92160K->10240K(92160K), 0.0508770 secs] 3166158K->3090116K(20961280K), 0.0510000 secs] [Times: user=0.37 sys=0.01, real=0.05 secs]
2014-07-28T05:18:10.637+0000: 331.613: [GC2014-07-28T05:18:10.637+0000: 331.613: [ParNew: 92160K->10184K(92160K), 0.0542570 secs] 3172036K->3095723K(20961280K), 0.0543770 secs] [Times: user=0.40 sys=0.00, real=0.06 secs]
2014-07-28T05:18:11.043+0000: 332.019: [GC2014-07-28T05:18:11.043+0000: 332.019: [ParNew: 92104K->10240K(92160K), 0.0478730 secs] 3177643K->3101481K(20961280K), 0.0479970 secs] [Times: user=0.34 sys=0.02, real=0.05 secs]
2014-07-28T05:18:11.450+0000: 332.426: [GC2014-07-28T05:18:11.450+0000: 332.426: [ParNew: 92160K->10063K(92160K), 0.0499750 secs] 3183401K->3106949K(20961280K), 0.0500930 secs] [Times: user=0.37 sys=0.01, real=0.05 secs]
2014-07-28T05:18:11.937+0000: 332.913: [GC2014-07-28T05:18:11.937+0000: 332.913: [ParNew: 91983K->10240K(92160K), 0.0504240 secs] 3188869K->3113794K(20961280K), 0.0505550 secs] [Times: user=0.37 sys=0.01, real=0.06 secs]
2014-07-28T05:18:12.261+0000: 333.237: [GC2014-07-28T05:18:12.261+0000: 333.237: [ParNew: 92160K->10240K(92160K), 0.0464630 secs] 3195714K->3119019K(20961280K), 0.0465830 secs] [Times: user=0.35 sys=0.00, real=0.05 secs]
2014-07-28T05:18:12.636+0000: 333.613: [GC2014-07-28T05:18:12.637+0000: 333.613: [ParNew: 92160K->10240K(92160K), 0.0508560 secs] 3200939K->3125154K(20961280K), 0.0509760 secs] [Times: user=0.39 sys=0.01, real=0.06 secs]
2014-07-28T05:18:13.097+0000: 334.073: [GC2014-07-28T05:18:13.097+0000: 334.073: [ParNew: 92160K->10240K(92160K), 0.0491790 secs] 3207074K->3130537K(20961280K), 0.0493040 secs] [Times: user=0.36 sys=0.01, real=0.05 secs]
2014-07-28T05:18:13.492+0000: 334.468: [GC2014-07-28T05:18:13.492+0000: 334.468: [ParNew: 92160K->10240K(92160K), 0.0716400 secs] 3212457K->3136359K(20961280K), 0.0717510 secs] [Times: user=0.47 sys=0.02, real=0.07 secs]
2014-07-28T05:18:13.832+0000: 334.808: [GC2014-07-28T05:18:13.832+0000: 334.808: [ParNew: 92160K->10240K(92160K), 0.0483090 secs] 3218279K->3142034K(20961280K), 0.0484300 secs] [Times: user=0.35 sys=0.01, real=0.05 secs]
2014-07-28T05:18:14.303+0000: 335.279: [GC2014-07-28T05:18:14.303+0000: 335.279: [ParNew: 92160K->10240K(92160K), 0.0542850 secs] 3223954K->3148211K(20961280K), 0.0544080 secs] [Times: user=0.39 sys=0.01, real=0.05 secs]
2014-07-28T05:18:14.673+0000: 335.649: [GC2014-07-28T05:18:14.673+0000: 335.649: [ParNew: 92160K->10240K(92160K), 0.0806320 secs] 3230131K->3154036K(20961280K), 0.0807550 secs] [Times: user=0.53 sys=0.01, real=0.08 secs]
2014-07-28T05:18:15.162+0000: 336.138: [GC2014-07-28T05:18:15.162+0000: 336.138: [ParNew: 92160K->10240K(92160K), 0.0508500 secs] 3235956K->3160568K(20961280K), 0.0509730 secs] [Times: user=0.36 sys=0.02, real=0.05 secs]
2014-07-28T05:18:15.573+0000: 336.549: [GC2014-07-28T05:18:15.573+0000: 336.550: [ParNew: 92160K->10240K(92160K), 0.0550630 secs] 3242488K->3167832K(20961280K), 0.0552580 secs] [Times: user=0.40 sys=0.02, real=0.06 secs]
2014-07-28T05:18:16.016+0000: 336.992: [GC2014-07-28T05:18:16.016+0000: 336.992: [ParNew: 92160K->10240K(92160K), 0.0448710 secs] 3249752K->3172777K(20961280K), 0.0449880 secs] [Times: user=0.34 sys=0.01, real=0.05 secs]
2014-07-28T05:18:16.323+0000: 337.299: [GC2014-07-28T05:18:16.323+0000: 337.299: [ParNew: 92160K->10240K(92160K), 0.0483790 secs] 3254697K->3178569K(20961280K), 0.0484980 secs] [Times: user=0.32 sys=0.04, real=0.05 secs]
2014-07-28T05:18:16.709+0000: 337.685: [GC2014-07-28T05:18:16.709+0000: 337.685: [ParNew: 92160K->10240K(92160K), 0.0661810 secs] 3260489K->3184220K(20961280K), 0.0663010 secs] [Times: user=0.40 sys=0.01, real=0.06 secs]
2014-07-28T05:18:17.115+0000: 338.091: [GC2014-07-28T05:18:17.115+0000: 338.091: [ParNew: 92160K->10240K(92160K), 0.0531860 secs] 3266140K->3190001K(20961280K), 0.0533060 secs] [Times: user=0.39 sys=0.02, real=0.06 secs]
2014-07-28T05:18:17.516+0000: 338.492: [GC2014-07-28T05:18:17.516+0000: 338.492: [ParNew: 92160K->10052K(92160K), 0.0510990 secs] 3271921K->3195521K(20961280K), 0.0512230 secs] [Times: user=0.37 sys=0.02, real=0.06 secs]
2014-07-28T05:18:17.964+0000: 338.940: [GC2014-07-28T05:18:17.964+0000: 338.940: [ParNew: 91972K->10240K(92160K), 0.0538770 secs] 3277441K->3202037K(20961280K), 0.0540010 secs] [Times: user=0.41 sys=0.01, real=0.06 secs]
2014-07-28T05:18:18.363+0000: 339.339: [GC2014-07-28T05:18:18.363+0000: 339.339: [ParNew: 92160K->10240K(92160K), 0.0495700 secs] 3283957K->3208240K(20961280K), 0.0496960 secs] [Times: user=0.38 sys=0.01, real=0.05 secs]
2014-07-28T05:18:18.746+0000: 339.722: [GC2014-07-28T05:18:18.746+0000: 339.722: [ParNew: 92160K->10240K(92160K), 0.0491440 secs] 3290160K->3213827K(20961280K), 0.0492780 secs] [Times: user=0.37 sys=0.01, real=0.04 secs]
2014-07-28T05:18:19.122+0000: 340.098: [GC2014-07-28T05:18:19.122+0000: 340.098: [ParNew: 92160K->10240K(92160K), 0.0500040 secs] 3295747K->3219800K(20961280K), 0.0501250 secs] [Times: user=0.36 sys=0.02, real=0.05 secs]
2014-07-28T05:18:19.571+0000: 340.547: [GC2014-07-28T05:18:19.571+0000: 340.547: [ParNew: 92160K->10240K(92160K), 0.0490910 secs] 3301720K->3225572K(20961280K), 0.0492110 secs] [Times: user=0.36 sys=0.00, real=0.05 secs]
2014-07-28T05:18:19.937+0000: 340.914: [GC2014-07-28T05:18:19.938+0000: 340.914: [ParNew: 92160K->10240K(92160K), 0.0490010 secs] 3307492K->3231150K(20961280K), 0.0491210 secs] [Times: user=0.35 sys=0.01, real=0.05 secs]
2014-07-28T05:18:20.334+0000: 341.310: [GC2014-07-28T05:18:20.334+0000: 341.310: [ParNew: 92154K->10240K(92160K), 0.0535140 secs] 3313064K->3237022K(20961280K), 0.0536420 secs] [Times: user=0.39 sys=0.01, real=0.06 secs]
2014-07-28T05:18:20.710+0000: 341.686: [GC2014-07-28T05:18:20.710+0000: 341.686: [ParNew: 92160K->10240K(92160K), 0.0495520 secs] 3318942K->3243057K(20961280K), 0.0496750 secs] [Times: user=0.37 sys=0.00, real=0.05 secs]
2014-07-28T05:18:21.113+0000: 342.089: [GC2014-07-28T05:18:21.113+0000: 342.089: [ParNew: 92160K->10240K(92160K), 0.0504910 secs] 3324977K->3248703K(20961280K), 0.0506140 secs] [Times: user=0.38 sys=0.00, real=0.05 secs]
2014-07-28T05:18:21.513+0000: 342.489: [GC2014-07-28T05:18:21.513+0000: 342.489: [ParNew: 92160K->9581K(92160K), 0.0494480 secs] 3330623K->3253852K(20961280K), 0.0495660 secs] [Times: user=0.37 sys=0.01, real=0.05 secs]
2014-07-28T05:18:22.013+0000: 342.989: [GC2014-07-28T05:18:22.013+0000: 342.989: [ParNew: 91501K->10240K(92160K), 0.0555150 secs] 3335772K->3260873K(20961280K), 0.0556380 secs] [Times: user=0.40 sys=0.00, real=0.06 secs]
2014-07-28T05:18:22.327+0000: 343.303: [GC2014-07-28T05:18:22.327+0000: 343.303: [ParNew: 92160K->10101K(92160K), 0.0484150 secs] 3342793K->3266233K(20961280K), 0.0485350 secs] [Times: user=0.37 sys=0.01, real=0.05 secs]
2014-07-28T05:18:22.705+0000: 343.681: [GC2014-07-28T05:18:22.705+0000: 343.681: [ParNew: 92021K->9865K(92160K), 0.0473500 secs] 3348153K->3271773K(20961280K), 0.0474720 secs] [Times: user=0.36 sys=0.01, real=0.05 secs]
2014-07-28T05:18:23.174+0000: 344.150: [GC2014-07-28T05:18:23.174+0000: 344.150: [ParNew: 91785K->10240K(92160K), 0.0480140 secs] 3353693K->3277854K(20961280K), 0.0481320 secs] [Times: user=0.35 sys=0.02, real=0.05 secs]
2014-07-28T05:18:23.573+0000: 344.549: [GC2014-07-28T05:18:23.573+0000: 344.549: [ParNew: 92160K->9911K(92160K), 0.0892940 secs] 3359774K->3283354K(20961280K), 0.0921540 secs] [Times: user=0.64 sys=0.01, real=0.09 secs]
2014-07-28T05:18:23.896+0000: 344.872: [GC2014-07-28T05:18:23.896+0000: 344.872: [ParNew: 91831K->8619K(92160K), 0.0495480 secs] 3365274K->3287739K(20961280K), 0.0496770 secs] [Times: user=0.37 sys=0.01, real=0.04 secs]
2014-07-28T05:18:24.386+0000: 345.362: [GC2014-07-28T05:18:24.386+0000: 345.363: [ParNew: 90539K->10240K(92160K), 0.0525940 secs] 3369659K->3295219K(20961280K), 0.0527150 secs] [Times: user=0.37 sys=0.03, real=0.05 secs]
2014-07-28T05:18:24.766+0000: 345.742: [GC2014-07-28T05:18:24.766+0000: 345.742: [ParNew: 92160K->10240K(92160K), 0.0499030 secs] 3377139K->3301029K(20961280K), 0.0500220 secs] [Times: user=0.37 sys=0.01, real=0.06 secs]
2014-07-28T05:18:25.237+0000: 346.213: [GC2014-07-28T05:18:25.237+0000: 346.213: [ParNew: 92160K->10240K(92160K), 0.0500210 secs] 3382949K->3307248K(20961280K), 0.0501460 secs] [Times: user=0.33 sys=0.05, real=0.05 secs]
2014-07-28T05:18:25.653+0000: 346.629: [GC2014-07-28T05:18:25.653+0000: 346.629: [ParNew: 92160K->10240K(92160K), 0.0580760 secs] 3389168K->3312813K(20961280K), 0.0582000 secs] [Times: user=0.41 sys=0.00, real=0.06 secs]
2014-07-28T05:18:26.087+0000: 347.063: [GC2014-07-28T05:18:26.087+0000: 347.063: [ParNew: 92160K->10240K(92160K), 0.0490270 secs] 3394733K->3318600K(20961280K), 0.0491530 secs] [Times: user=0.36 sys=0.01, real=0.05 secs]
2014-07-28T05:18:26.386+0000: 347.362: [GC2014-07-28T05:18:26.386+0000: 347.362: [ParNew: 92160K->10240K(92160K), 0.0483330 secs] 3400520K->3324321K(20961280K), 0.0484520 secs] [Times: user=0.35 sys=0.02, real=0.05 secs]
2014-07-28T05:18:26.776+0000: 347.752: [GC2014-07-28T05:18:26.776+0000: 347.752: [ParNew: 92157K->10022K(92160K), 0.0492010 secs] 3406239K->3329761K(20961280K), 0.0493240 secs] [Times: user=0.36 sys=0.02, real=0.04 secs]
2014-07-28T05:18:27.173+0000: 348.149: [GC2014-07-28T05:18:27.173+0000: 348.149: [ParNew: 91942K->9568K(92160K), 0.0517650 secs] 3411681K->3335027K(20961280K), 0.0518840 secs] [Times: user=0.39 sys=0.01, real=0.05 secs]
2014-07-28T05:18:27.587+0000: 348.563: [GC2014-07-28T05:18:27.587+0000: 348.563: [ParNew: 91488K->8856K(92160K), 0.0498640 secs] 3416947K->3340007K(20961280K), 0.0499910 secs] [Times: user=0.37 sys=0.01, real=0.05 secs]
2014-07-28T05:18:28.041+0000: 349.017: [GC2014-07-28T05:18:28.041+0000: 349.017: [ParNew: 90776K->10240K(92160K), 0.0485670 secs] 3421927K->3347286K(20961280K), 0.0486910 secs] [Times: user=0.35 sys=0.01, real=0.05 secs]
2014-07-28T05:18:28.435+0000: 349.411: [GC2014-07-28T05:18:28.435+0000: 349.411: [ParNew: 92160K->10240K(92160K), 0.0509790 secs] 3429206K->3353382K(20961280K), 0.0510980 secs] [Times: user=0.37 sys=0.02, real=0.05 secs]
2014-07-28T05:18:28.815+0000: 349.791: [GC2014-07-28T05:18:28.815+0000: 349.791: [ParNew: 92160K->9286K(92160K), 0.0485990 secs] 3435302K->3357955K(20961280K), 0.0487170 secs] [Times: user=0.36 sys=0.01, real=0.04 secs]
2014-07-28T05:18:29.194+0000: 350.170: [GC2014-07-28T05:18:29.194+0000: 350.170: [ParNew: 91206K->10240K(92160K), 0.0535210 secs] 3439875K->3364916K(20961280K), 0.0536440 secs] [Times: user=0.39 sys=0.01, real=0.05 secs]
2014-07-28T05:18:29.637+0000: 350.613: [GC2014-07-28T05:18:29.637+0000: 350.614: [ParNew: 92160K->9555K(92160K), 0.0465760 secs] 3446836K->3369760K(20961280K), 0.0467030 secs] [Times: user=0.35 sys=0.00, real=0.04 secs]
2014-07-28T05:18:30.006+0000: 350.982: [GC2014-07-28T05:18:30.006+0000: 350.982: [ParNew: 91475K->9712K(92160K), 0.0493510 secs] 3451680K->3375654K(20961280K), 0.0494980 secs] [Times: user=0.37 sys=0.01, real=0.05 secs]
2014-07-28T05:18:30.415+0000: 351.391: [GC2014-07-28T05:18:30.415+0000: 351.391: [ParNew: 91632K->10240K(92160K), 0.0524260 secs] 3457574K->3382258K(20961280K), 0.0525450 secs] [Times: user=0.38 sys=0.02, real=0.05 secs]
2014-07-28T05:18:30.775+0000: 351.751: [GC2014-07-28T05:18:30.775+0000: 351.751: [ParNew: 92160K->10240K(92160K), 0.0484740 secs] 3464178K->3387714K(20961280K), 0.0486110 secs] [Times: user=0.36 sys=0.01, real=0.04 secs]
2014-07-28T05:18:31.176+0000: 352.152: [GC2014-07-28T05:18:31.176+0000: 352.152: [ParNew: 92160K->9338K(92160K), 0.0487000 secs] 3469634K->3392507K(20961280K), 0.0488280 secs] [Times: user=0.35 sys=0.02, real=0.04 secs]
2014-07-28T05:18:31.574+0000: 352.551: [GC2014-07-28T05:18:31.575+0000: 352.551: [ParNew: 91258K->10240K(92160K), 0.0488830 secs] 3474427K->3399157K(20961280K), 0.0490060 secs] [Times: user=0.36 sys=0.01, real=0.04 secs]
2014-07-28T05:18:32.088+0000: 353.064: [GC2014-07-28T05:18:32.088+0000: 353.064: [ParNew: 92160K->10240K(92160K), 0.0482130 secs] 3481077K->3404936K(20961280K), 0.0483390 secs] [Times: user=0.36 sys=0.01, real=0.05 secs]
2014-07-28T05:18:32.395+0000: 353.371: [GC2014-07-28T05:18:32.395+0000: 353.372: [ParNew: 92160K->10003K(92160K), 0.0471930 secs] 3486856K->3410514K(20961280K), 0.0473120 secs] [Times: user=0.36 sys=0.00, real=0.04 secs]
2014-07-28T05:18:32.764+0000: 353.740: [GC2014-07-28T05:18:32.764+0000: 353.740: [ParNew: 91923K->9280K(92160K), 0.0487220 secs] 3492434K->3415459K(20961280K), 0.0488390 secs] [Times: user=0.36 sys=0.01, real=0.05 secs]
2014-07-28T05:18:33.243+0000: 354.219: [GC2014-07-28T05:18:33.243+0000: 354.219: [ParNew: 91200K->9750K(92160K), 0.0498970 secs] 3497379K->3421607K(20961280K), 0.0500170 secs] [Times: user=0.36 sys=0.01, real=0.05 secs]
2014-07-28T05:18:33.648+0000: 354.624: [GC2014-07-28T05:18:33.648+0000: 354.625: [ParNew: 91670K->9170K(92160K), 0.0482350 secs] 3503527K->3426841K(20961280K), 0.0483570 secs] [Times: user=0.36 sys=0.01, real=0.05 secs]
2014-07-28T05:18:33.954+0000: 354.930: [GC2014-07-28T05:18:33.954+0000: 354.930: [ParNew: 91090K->9008K(92160K), 0.0466970 secs] 3508761K->3432395K(20961280K), 0.0468180 secs] [Times: user=0.35 sys=0.00, real=0.05 secs]
2014-07-28T05:18:34.461+0000: 355.437: [GC2014-07-28T05:18:34.461+0000: 355.437: [ParNew: 90928K->10240K(92160K), 0.0490670 secs] 3514315K->3439385K(20961280K), 0.0491900 secs] [Times: user=0.36 sys=0.00, real=0.05 secs]
2014-07-28T05:18:34.836+0000: 355.812: [GC2014-07-28T05:18:34.836+0000: 355.812: [ParNew: 92154K->10240K(92160K), 0.0481410 secs] 3521299K->3445255K(20961280K), 0.0482660 secs] [Times: user=0.36 sys=0.02, real=0.04 secs]
2014-07-28T05:18:35.310+0000: 356.286: [GC2014-07-28T05:18:35.310+0000: 356.286: [ParNew: 92160K->10240K(92160K), 0.0510290 secs] 3527175K->3450887K(20961280K), 0.0511530 secs] [Times: user=0.38 sys=0.00, real=0.05 secs]
2014-07-28T05:18:35.734+0000: 356.710: [GC2014-07-28T05:18:35.734+0000: 356.710: [ParNew: 92160K->10240K(92160K), 0.0491210 secs] 3532807K->3456696K(20961280K), 0.0492410 secs] [Times: user=0.37 sys=0.01, real=0.05 secs]
2014-07-28T05:18:36.162+0000: 357.138: [GC2014-07-28T05:18:36.162+0000: 357.138: [ParNew: 92160K->10135K(92160K), 0.0503900 secs] 3538616K->3462283K(20961280K), 0.0505150 secs] [Times: user=0.38 sys=0.00, real=0.05 secs]
2014-07-28T05:18:36.442+0000: 357.418: [GC2014-07-28T05:18:36.442+0000: 357.418: [ParNew: 92055K->9152K(92160K), 0.0484560 secs] 3544203K->3467032K(20961280K), 0.0485740 secs] [Times: user=0.35 sys=0.02, real=0.05 secs]
2014-07-28T05:18:36.617+0000: 357.593: [GC2014-07-28T05:18:36.617+0000: 357.593: [ParNew: 91071K->9839K(92160K), 0.0480690 secs] 3548951K->3473353K(20961280K), 0.0481860 secs] [Times: user=0.36 sys=0.01, real=0.04 secs]
2014-07-28T05:18:36.993+0000: 357.969: [GC2014-07-28T05:18:36.993+0000: 357.969: [ParNew: 91759K->7849K(92160K), 0.0495630 secs] 3555273K->3477132K(20961280K), 0.0496840 secs] [Times: user=0.36 sys=0.02, real=0.05 secs]
2014-07-28T05:18:37.653+0000: 358.629: [GC2014-07-28T05:18:37.653+0000: 358.629: [ParNew: 89769K->8785K(92160K), 0.0477590 secs] 3559052K->3483807K(20961280K), 0.0478770 secs] [Times: user=0.36 sys=0.01, real=0.05 secs]
2014-07-28T05:18:38.113+0000: 359.089: [GC2014-07-28T05:18:38.113+0000: 359.089: [ParNew: 90705K->10240K(92160K), 0.0547300 secs] 3565727K->3491307K(20961280K), 0.0548510 secs] [Times: user=0.40 sys=0.01, real=0.06 secs]
2014-07-28T05:18:38.506+0000: 359.482: [GC2014-07-28T05:18:38.506+0000: 359.482: [ParNew: 92159K->9679K(92160K), 0.0496250 secs] 3573227K->3496490K(20961280K), 0.0497570 secs] [Times: user=0.37 sys=0.00, real=0.05 secs]
2014-07-28T05:18:38.882+0000: 359.859: [GC2014-07-28T05:18:38.883+0000: 359.859: [ParNew: 91599K->9584K(92160K), 0.0495500 secs] 3578410K->3502194K(20961280K), 0.0496630 secs] [Times: user=0.38 sys=0.00, real=0.05 secs]
2014-07-28T05:18:39.265+0000: 360.241: [GC2014-07-28T05:18:39.265+0000: 360.241: [ParNew: 91504K->8876K(92160K), 0.0481040 secs] 3584114K->3507151K(20961280K), 0.0482230 secs] [Times: user=0.37 sys=0.00, real=0.05 secs]
2014-07-28T05:18:39.702+0000: 360.678: [GC2014-07-28T05:18:39.702+0000: 360.679: [ParNew: 90796K->9549K(92160K), 0.0481010 secs] 3589071K->3513621K(20961280K), 0.0482160 secs] [Times: user=0.36 sys=0.01, real=0.05 secs]
2014-07-28T05:18:40.073+0000: 361.049: [GC2014-07-28T05:18:40.073+0000: 361.049: [ParNew: 91469K->9304K(92160K), 0.0502450 secs] 3595541K->3519085K(20961280K), 0.0503670 secs] [Times: user=0.39 sys=0.00, real=0.05 secs]
2014-07-28T05:18:40.488+0000: 361.464: [GC2014-07-28T05:18:40.488+0000: 361.464: [ParNew: 91224K->10240K(92160K), 0.0502020 secs] 3601005K->3525763K(20961280K), 0.0503230 secs] [Times: user=0.38 sys=0.02, real=0.05 secs]
2014-07-28T05:18:40.834+0000: 361.811: [GC2014-07-28T05:18:40.834+0000: 361.811: [ParNew: 92160K->8589K(92160K), 0.0470240 secs] 3607683K->3529935K(20961280K), 0.0471450 secs] [Times: user=0.35 sys=0.00, real=0.04 secs]
2014-07-28T05:18:41.120+0000: 362.096: [GC2014-07-28T05:18:41.120+0000: 362.097: [ParNew: 90508K->9039K(92160K), 0.0520150 secs] 3611854K->3536077K(20961280K), 0.0521370 secs] [Times: user=0.37 sys=0.01, real=0.05 secs]
2014-07-28T05:18:41.400+0000: 362.376: [GC2014-07-28T05:18:41.400+0000: 362.376: [ParNew: 90959K->8932K(92160K), 0.0483090 secs] 3617997K->3541673K(20961280K), 0.0484270 secs] [Times: user=0.35 sys=0.01, real=0.05 secs]
2014-07-28T05:18:42.154+0000: 363.130: [GC2014-07-28T05:18:42.154+0000: 363.130: [ParNew: 90852K->9515K(92160K), 0.0481950 secs] 3623593K->3547968K(20961280K), 0.0483170 secs] [Times: user=0.35 sys=0.01, real=0.05 secs]
2014-07-28T05:18:42.452+0000: 363.428: [GC2014-07-28T05:18:42.452+0000: 363.428: [ParNew: 91435K->8593K(92160K), 0.0487500 secs] 3629888K->3552835K(20961280K), 0.0488660 secs] [Times: user=0.38 sys=0.00, real=0.05 secs]
2014-07-28T05:18:42.591+0000: 363.567: [GC2014-07-28T05:18:42.591+0000: 363.567: [ParNew: 90513K->10180K(92160K), 0.0477520 secs] 3634755K->3560040K(20961280K), 0.0478720 secs] [Times: user=0.36 sys=0.00, real=0.05 secs]
2014-07-28T05:18:43.303+0000: 364.279: [GC2014-07-28T05:18:43.303+0000: 364.279: [ParNew: 92087K->8746K(92160K), 0.0555570 secs] 3641947K->3564541K(20961280K), 0.0556800 secs] [Times: user=0.38 sys=0.03, real=0.06 secs]
2014-07-28T05:18:43.472+0000: 364.448: [GC2014-07-28T05:18:43.472+0000: 364.449: [ParNew: 90666K->8819K(92160K), 0.0469560 secs] 3646461K->3570191K(20961280K), 0.0470760 secs] [Times: user=0.34 sys=0.00, real=0.05 secs]
2014-07-28T05:18:43.831+0000: 364.807: [GC2014-07-28T05:18:43.831+0000: 364.807: [ParNew: 90739K->10240K(92160K), 0.0487060 secs] 3652111K->3577599K(20961280K), 0.0488260 secs] [Times: user=0.36 sys=0.01, real=0.05 secs]
2014-07-28T05:18:44.523+0000: 365.499: [GC2014-07-28T05:18:44.523+0000: 365.499: [ParNew: 92160K->9031K(92160K), 0.0484510 secs] 3659519K->3582160K(20961280K), 0.0485720 secs] [Times: user=0.36 sys=0.01, real=0.05 secs]
2014-07-28T05:18:44.895+0000: 365.871: [GC2014-07-28T05:18:44.895+0000: 365.871: [ParNew: 90951K->9173K(92160K), 0.0835530 secs] 3664080K->3587926K(20961280K), 0.0837030 secs] [Times: user=0.41 sys=0.01, real=0.08 secs]
2014-07-28T05:18:45.376+0000: 366.352: [GC2014-07-28T05:18:45.376+0000: 366.352: [ParNew: 91093K->9181K(92160K), 0.0573940 secs] 3669846K->3593667K(20961280K), 0.0574970 secs] [Times: user=0.40 sys=0.02, real=0.05 secs]
2014-07-28T05:18:45.796+0000: 366.772: [GC2014-07-28T05:18:45.796+0000: 366.772: [ParNew: 91101K->8072K(92160K), 0.0601000 secs] 3675587K->3598398K(20961280K), 0.0602180 secs] [Times: user=0.42 sys=0.00, real=0.06 secs]
2014-07-28T05:18:46.223+0000: 367.199: [GC2014-07-28T05:18:46.223+0000: 367.199: [ParNew: 89992K->8635K(92160K), 0.0792360 secs] 3680318K->3604695K(20961280K), 0.0793380 secs] [Times: user=0.50 sys=0.02, real=0.08 secs]
2014-07-28T05:18:46.410+0000: 367.386: [GC2014-07-28T05:18:46.410+0000: 367.386: [ParNew: 90555K->10240K(92160K), 0.0943960 secs] 3686615K->3612626K(20961280K), 0.0945070 secs] [Times: user=0.46 sys=0.00, real=0.09 secs]
2014-07-28T05:18:46.640+0000: 367.616: [GC2014-07-28T05:18:46.640+0000: 367.616: [ParNew: 92160K->10240K(92160K), 0.0754800 secs] 3694546K->3618217K(20961280K), 0.0756090 secs] [Times: user=0.41 sys=0.01, real=0.08 secs]
2014-07-28T05:18:47.010+0000: 367.986: [GC2014-07-28T05:18:47.010+0000: 367.986: [ParNew: 92160K->10240K(92160K), 0.0735000 secs] 3700137K->3623980K(20961280K), 0.0736010 secs] [Times: user=0.41 sys=0.01, real=0.07 secs]
2014-07-28T05:18:47.425+0000: 368.401: [GC2014-07-28T05:18:47.425+0000: 368.401: [ParNew: 92160K->9254K(92160K), 0.0726530 secs] 3705900K->3628744K(20961280K), 0.0727540 secs] [Times: user=0.44 sys=0.02, real=0.08 secs]
2014-07-28T05:18:48.185+0000: 369.161: [GC2014-07-28T05:18:48.185+0000: 369.161: [ParNew: 91174K->9556K(92160K), 0.0782090 secs] 3710664K->3634675K(20961280K), 0.0783240 secs] [Times: user=0.50 sys=0.00, real=0.08 secs]
2014-07-28T05:18:48.562+0000: 369.539: [GC2014-07-28T05:18:48.563+0000: 369.539: [ParNew: 91476K->8755K(92160K), 0.0861350 secs] 3716595K->3639634K(20961280K), 0.0862650 secs] [Times: user=0.42 sys=0.00, real=0.09 secs]
2014-07-28T05:18:48.767+0000: 369.743: [GC2014-07-28T05:18:48.767+0000: 369.743: [ParNew: 90675K->9604K(92160K), 0.0651260 secs] 3721554K->3646156K(20961280K), 0.0652250 secs] [Times: user=0.39 sys=0.01, real=0.06 secs]
2014-07-28T05:18:49.085+0000: 370.061: [GC2014-07-28T05:18:49.085+0000: 370.061: [ParNew: 91524K->8083K(92160K), 0.0916120 secs] 3728076K->3650518K(20961280K), 0.0917340 secs] [Times: user=0.55 sys=0.00, real=0.10 secs]
2014-07-28T05:18:49.451+0000: 370.427: [GC2014-07-28T05:18:49.451+0000: 370.427: [ParNew: 90003K->9719K(92160K), 0.0491070 secs] 3732438K->3657850K(20961280K), 0.0492270 secs] [Times: user=0.38 sys=0.01, real=0.05 secs]
2014-07-28T05:18:49.904+0000: 370.880: [GC2014-07-28T05:18:49.904+0000: 370.880: [ParNew: 91639K->9935K(92160K), 0.0496640 secs] 3739770K->3663845K(20961280K), 0.0497810 secs] [Times: user=0.37 sys=0.00, real=0.06 secs]
2014-07-28T05:18:50.544+0000: 371.520: [GC2014-07-28T05:18:50.544+0000: 371.520: [ParNew: 91855K->8119K(92160K), 0.0481220 secs] 3745765K->3667756K(20961280K), 0.0482430 secs] [Times: user=0.35 sys=0.00, real=0.05 secs]
2014-07-28T05:18:50.677+0000: 371.653: [GC2014-07-28T05:18:50.677+0000: 371.653: [ParNew: 90039K->10240K(92160K), 0.0500210 secs] 3749676K->3675589K(20961280K), 0.0501310 secs] [Times: user=0.38 sys=0.00, real=0.05 secs]
2014-07-28T05:18:51.028+0000: 372.004: [GC2014-07-28T05:18:51.028+0000: 372.004: [ParNew: 92160K->10240K(92160K), 0.0529910 secs] 3757509K->3681439K(20961280K), 0.0531080 secs] [Times: user=0.38 sys=0.00, real=0.05 secs]
2014-07-28T05:18:51.415+0000: 372.391: [GC2014-07-28T05:18:51.415+0000: 372.391: [ParNew: 92160K->9415K(92160K), 0.0478450 secs] 3763359K->3686270K(20961280K), 0.0479600 secs] [Times: user=0.35 sys=0.01, real=0.05 secs]
2014-07-28T05:18:51.928+0000: 372.904: [GC2014-07-28T05:18:51.928+0000: 372.904: [ParNew: 91335K->8011K(92160K), 0.0486690 secs] 3768190K->3690672K(20961280K), 0.0487870 secs] [Times: user=0.36 sys=0.00, real=0.05 secs]
2014-07-28T05:18:52.344+0000: 373.320: [GC2014-07-28T05:18:52.344+0000: 373.320: [ParNew: 89931K->9743K(92160K), 0.0495430 secs] 3772592K->3697993K(20961280K), 0.0496740 secs] [Times: user=0.36 sys=0.02, real=0.04 secs]
2014-07-28T05:18:52.650+0000: 373.626: [GC2014-07-28T05:18:52.650+0000: 373.626: [ParNew: 91663K->10240K(92160K), 0.0511180 secs] 3779913K->3704560K(20961280K), 0.0512530 secs] [Times: user=0.38 sys=0.01, real=0.05 secs]
2014-07-28T05:18:53.024+0000: 374.000: [GC2014-07-28T05:18:53.024+0000: 374.000: [ParNew: 92160K->10240K(92160K), 0.0508420 secs] 3786480K->3710222K(20961280K), 0.0509640 secs] [Times: user=0.38 sys=0.00, real=0.05 secs]
2014-07-28T05:18:53.513+0000: 374.489: [GC2014-07-28T05:18:53.513+0000: 374.489: [ParNew: 92160K->10135K(92160K), 0.0489290 secs] 3792142K->3715697K(20961280K), 0.0490620 secs] [Times: user=0.35 sys=0.00, real=0.06 secs]
2014-07-28T05:18:53.896+0000: 374.872: [GC2014-07-28T05:18:53.896+0000: 374.872: [ParNew: 92055K->10240K(92160K), 0.0514190 secs] 3797617K->3721596K(20961280K), 0.0515410 secs] [Times: user=0.39 sys=0.01, real=0.05 secs]
2014-07-28T05:18:54.572+0000: 375.549: [GC2014-07-28T05:18:54.573+0000: 375.549: [ParNew: 92160K->10126K(92160K), 0.0488200 secs] 3803516K->3727294K(20961280K), 0.0489390 secs] [Times: user=0.36 sys=0.00, real=0.05 secs]
2014-07-28T05:18:54.713+0000: 375.689: [GC2014-07-28T05:18:54.713+0000: 375.689: [ParNew: 92046K->8783K(92160K), 0.0479870 secs] 3809214K->3731454K(20961280K), 0.0481080 secs] [Times: user=0.36 sys=0.00, real=0.05 secs]
2014-07-28T05:18:55.146+0000: 376.122: [GC2014-07-28T05:18:55.146+0000: 376.122: [ParNew: 90703K->8943K(92160K), 0.0484030 secs] 3813374K->3737478K(20961280K), 0.0485170 secs] [Times: user=0.36 sys=0.00, real=0.05 secs]
2014-07-28T05:18:55.581+0000: 376.557: [GC2014-07-28T05:18:55.581+0000: 376.557: [ParNew: 90863K->8544K(92160K), 0.0477020 secs] 3819398K->3742706K(20961280K), 0.0478230 secs] [Times: user=0.35 sys=0.01, real=0.05 secs]
2014-07-28T05:18:55.991+0000: 376.967: [GC2014-07-28T05:18:55.991+0000: 376.967: [ParNew: 90464K->10240K(92160K), 0.0492550 secs] 3824626K->3750164K(20961280K), 0.0493780 secs] [Times: user=0.37 sys=0.01, real=0.05 secs]
2014-07-28T05:18:56.518+0000: 377.494: [GC2014-07-28T05:18:56.518+0000: 377.494: [ParNew: 92160K->10240K(92160K), 0.0485920 secs] 3832084K->3756365K(20961280K), 0.0487100 secs] [Times: user=0.35 sys=0.01, real=0.05 secs]
2014-07-28T05:18:56.727+0000: 377.703: [GC2014-07-28T05:18:56.727+0000: 377.703: [ParNew: 92160K->10240K(92160K), 0.0481470 secs] 3838285K->3762045K(20961280K), 0.0482690 secs] [Times: user=0.37 sys=0.01, real=0.05 secs]
2014-07-28T05:18:57.100+0000: 378.076: [GC2014-07-28T05:18:57.100+0000: 378.076: [ParNew: 92160K->10240K(92160K), 0.0499340 secs] 3843965K->3767979K(20961280K), 0.0500570 secs] [Times: user=0.36 sys=0.02, real=0.05 secs]
2014-07-28T05:18:57.494+0000: 378.470: [GC2014-07-28T05:18:57.494+0000: 378.470: [ParNew: 92160K->9734K(92160K), 0.0527130 secs] 3849899K->3773024K(20961280K), 0.0528280 secs] [Times: user=0.39 sys=0.00, real=0.05 secs]
2014-07-28T05:18:58.032+0000: 379.009: [GC2014-07-28T05:18:58.033+0000: 379.009: [ParNew: 91654K->8746K(92160K), 0.0475550 secs] 3854944K->3777663K(20961280K), 0.0476730 secs] [Times: user=0.35 sys=0.01, real=0.05 secs]
2014-07-28T05:18:58.399+0000: 379.376: [GC2014-07-28T05:18:58.399+0000: 379.376: [ParNew: 90666K->10240K(92160K), 0.0492380 secs] 3859583K->3784827K(20961280K), 0.0493520 secs] [Times: user=0.37 sys=0.01, real=0.05 secs]
2014-07-28T05:18:58.833+0000: 379.809: [GC2014-07-28T05:18:58.833+0000: 379.809: [ParNew: 92160K->10240K(92160K), 0.0500220 secs] 3866747K->3790728K(20961280K), 0.0501380 secs] [Times: user=0.38 sys=0.00, real=0.06 secs]
2014-07-28T05:18:59.184+0000: 380.160: [GC2014-07-28T05:18:59.184+0000: 380.160: [ParNew: 92160K->8660K(92160K), 0.0493450 secs] 3872648K->3794808K(20961280K), 0.0494700 secs] [Times: user=0.39 sys=0.00, real=0.04 secs]
2014-07-28T05:18:59.508+0000: 380.484: [GC2014-07-28T05:18:59.508+0000: 380.484: [ParNew: 90580K->10240K(92160K), 0.0480020 secs] 3876728K->3802159K(20961280K), 0.0481450 secs] [Times: user=0.35 sys=0.01, real=0.05 secs]
2014-07-28T05:18:59.963+0000: 380.939: [GC2014-07-28T05:18:59.963+0000: 380.939: [ParNew: 92160K->10240K(92160K), 0.0804610 secs] 3884079K->3807978K(20961280K), 0.0805900 secs] [Times: user=0.45 sys=0.02, real=0.08 secs]
2014-07-28T05:19:00.312+0000: 381.288: [GC2014-07-28T05:19:00.312+0000: 381.288: [ParNew: 92160K->9042K(92160K), 0.0485060 secs] 3889898K->3812445K(20961280K), 0.0486050 secs] [Times: user=0.36 sys=0.00, real=0.05 secs]
2014-07-28T05:19:00.745+0000: 381.721: [GC2014-07-28T05:19:00.745+0000: 381.721: [ParNew: 90962K->10240K(92160K), 0.0605520 secs] 3894365K->3820148K(20961280K), 0.0606520 secs] [Times: user=0.41 sys=0.02, real=0.06 secs]
2014-07-28T05:19:01.093+0000: 382.069: [GC2014-07-28T05:19:01.093+0000: 382.069: [ParNew: 92160K->10240K(92160K), 0.0700870 secs] 3902068K->3826334K(20961280K), 0.0702070 secs] [Times: user=0.39 sys=0.01, real=0.08 secs]
2014-07-28T05:19:01.477+0000: 382.453: [GC2014-07-28T05:19:01.477+0000: 382.453: [ParNew: 92160K->10240K(92160K), 0.0620220 secs] 3908254K->3831645K(20961280K), 0.0621270 secs] [Times: user=0.44 sys=0.01, real=0.06 secs]
2014-07-28T05:19:01.859+0000: 382.835: [GC2014-07-28T05:19:01.859+0000: 382.835: [ParNew: 92160K->10240K(92160K), 0.0665470 secs] 3913565K->3837466K(20961280K), 0.0666470 secs] [Times: user=0.48 sys=0.00, real=0.07 secs]
2014-07-28T05:19:02.401+0000: 383.377: [GC2014-07-28T05:19:02.401+0000: 383.377: [ParNew: 92160K->10240K(92160K), 0.0701640 secs] 3919386K->3843095K(20961280K), 0.0702740 secs] [Times: user=0.44 sys=0.01, real=0.07 secs]
2014-07-28T05:19:02.713+0000: 383.689: [GC2014-07-28T05:19:02.713+0000: 383.689: [ParNew: 92160K->9914K(92160K), 0.0668030 secs] 3925015K->3848433K(20961280K), 0.0669160 secs] [Times: user=0.42 sys=0.01, real=0.07 secs]
2014-07-28T05:19:03.070+0000: 384.047: [GC2014-07-28T05:19:03.071+0000: 384.047: [ParNew: 91834K->9601K(92160K), 0.0481580 secs] 3930353K->3853936K(20961280K), 0.0482800 secs] [Times: user=0.36 sys=0.01, real=0.05 secs]
2014-07-28T05:19:03.572+0000: 384.548: [GC2014-07-28T05:19:03.572+0000: 384.548: [ParNew: 91515K->8200K(92160K), 0.0472550 secs] 3935850K->3858168K(20961280K), 0.0473720 secs] [Times: user=0.34 sys=0.01, real=0.05 secs]
2014-07-28T05:19:03.966+0000: 384.942: [GC2014-07-28T05:19:03.966+0000: 384.942: [ParNew: 90120K->9327K(92160K), 0.0481560 secs] 3940088K->3865060K(20961280K), 0.0482830 secs] [Times: user=0.36 sys=0.01, real=0.05 secs]
2014-07-28T05:19:04.250+0000: 385.226: [GC2014-07-28T05:19:04.250+0000: 385.226: [ParNew: 91247K->10159K(92160K), 0.0492660 secs] 3946980K->3871847K(20961280K), 0.0493910 secs] [Times: user=0.38 sys=0.00, real=0.05 secs]
2014-07-28T05:19:04.773+0000: 385.749: [GC2014-07-28T05:19:04.773+0000: 385.749: [ParNew: 92079K->10089K(92160K), 0.0491750 secs] 3953767K->3877475K(20961280K), 0.0493070 secs] [Times: user=0.36 sys=0.02, real=0.06 secs]
2014-07-28T05:19:05.158+0000: 386.134: [GC2014-07-28T05:19:05.158+0000: 386.134: [ParNew: 92009K->10240K(92160K), 0.0477850 secs] 3959395K->3883282K(20961280K), 0.0479100 secs] [Times: user=0.35 sys=0.02, real=0.05 secs]
2014-07-28T05:19:05.629+0000: 386.605: [GC2014-07-28T05:19:05.629+0000: 386.605: [ParNew: 92160K->9936K(92160K), 0.0466250 secs] 3965202K->3888744K(20961280K), 0.0467470 secs] [Times: user=0.36 sys=0.00, real=0.05 secs]
2014-07-28T05:19:06.051+0000: 387.027: [GC2014-07-28T05:19:06.051+0000: 387.027: [ParNew: 91856K->10240K(92160K), 0.0514590 secs] 3970664K->3894773K(20961280K), 0.0515830 secs] [Times: user=0.36 sys=0.02, real=0.06 secs]
2014-07-28T05:19:06.585+0000: 387.561: [GC2014-07-28T05:19:06.585+0000: 387.561: [ParNew: 92160K->10240K(92160K), 0.0478840 secs] 3976693K->3900490K(20961280K), 0.0480050 secs] [Times: user=0.36 sys=0.01, real=0.04 secs]
2014-07-28T05:19:06.783+0000: 387.759: [GC2014-07-28T05:19:06.783+0000: 387.759: [ParNew: 92160K->9898K(92160K), 0.0477330 secs] 3982410K->3905912K(20961280K), 0.0478520 secs] [Times: user=0.36 sys=0.01, real=0.04 secs]
2014-07-28T05:19:07.154+0000: 388.130: [GC2014-07-28T05:19:07.154+0000: 388.130: [ParNew: 91818K->7155K(92160K), 0.0486300 secs] 3987832K->3908807K(20961280K), 0.0487510 secs] [Times: user=0.34 sys=0.02, real=0.05 secs]
2014-07-28T05:19:07.534+0000: 388.510: [GC2014-07-28T05:19:07.534+0000: 388.510: [ParNew: 89075K->10240K(92160K), 0.0492680 secs] 3990727K->3917695K(20961280K), 0.0493880 secs] [Times: user=0.38 sys=0.00, real=0.05 secs]
2014-07-28T05:19:07.941+0000: 388.917: [GC2014-07-28T05:19:07.941+0000: 388.917: [ParNew: 92160K->10240K(92160K), 0.0504470 secs] 3999615K->3923534K(20961280K), 0.0505670 secs] [Times: user=0.38 sys=0.01, real=0.05 secs]
2014-07-28T05:19:08.463+0000: 389.439: [GC2014-07-28T05:19:08.463+0000: 389.439: [ParNew: 92160K->10240K(92160K), 0.0488720 secs] 4005454K->3929295K(20961280K), 0.0489930 secs] [Times: user=0.37 sys=0.01, real=0.04 secs]
2014-07-28T05:19:08.845+0000: 389.821: [GC2014-07-28T05:19:08.845+0000: 389.821: [ParNew: 92160K->10240K(92160K), 0.0487040 secs] 4011215K->3934997K(20961280K), 0.0488150 secs] [Times: user=0.36 sys=0.01, real=0.04 secs]
2014-07-28T05:19:09.170+0000: 390.146: [GC2014-07-28T05:19:09.170+0000: 390.146: [ParNew: 92160K->9705K(92160K), 0.0482020 secs] 4016917K->3940124K(20961280K), 0.0483210 secs] [Times: user=0.37 sys=0.01, real=0.05 secs]
2014-07-28T05:19:09.549+0000: 390.525: [GC2014-07-28T05:19:09.549+0000: 390.525: [ParNew: 91625K->10240K(92160K), 0.0898410 secs] 4022044K->3946480K(20961280K), 0.0899580 secs] [Times: user=0.54 sys=0.01, real=0.09 secs]
2014-07-28T05:19:10.004+0000: 390.980: [GC2014-07-28T05:19:10.004+0000: 390.980: [ParNew: 92160K->9099K(92160K), 0.0495500 secs] 4028400K->3951006K(20961280K), 0.0496630 secs] [Times: user=0.36 sys=0.01, real=0.04 secs]
2014-07-28T05:19:10.369+0000: 391.345: [GC2014-07-28T05:19:10.369+0000: 391.345: [ParNew: 91019K->10240K(92160K), 0.0479270 secs] 4032926K->3957873K(20961280K), 0.0480440 secs] [Times: user=0.35 sys=0.02, real=0.05 secs]
2014-07-28T05:19:10.827+0000: 391.803: [GC2014-07-28T05:19:10.827+0000: 391.803: [ParNew: 92160K->8705K(92160K), 0.0473350 secs] 4039793K->3962210K(20961280K), 0.0474570 secs] [Times: user=0.35 sys=0.02, real=0.05 secs]
2014-07-28T05:19:11.172+0000: 392.148: [GC2014-07-28T05:19:11.172+0000: 392.149: [ParNew: 90625K->9495K(92160K), 0.0484610 secs] 4044130K->3968730K(20961280K), 0.0485840 secs] [Times: user=0.36 sys=0.00, real=0.05 secs]
2014-07-28T05:19:11.543+0000: 392.519: [GC2014-07-28T05:19:11.543+0000: 392.519: [ParNew: 91415K->7840K(92160K), 0.0462180 secs] 4050650K->3972693K(20961280K), 0.0463360 secs] [Times: user=0.34 sys=0.01, real=0.04 secs]
2014-07-28T05:19:11.946+0000: 392.922: [GC2014-07-28T05:19:11.946+0000: 392.922: [ParNew: 89760K->10240K(92160K), 0.0647240 secs] 4054613K->3981417K(20961280K), 0.0648430 secs] [Times: user=0.43 sys=0.01, real=0.06 secs]
2014-07-28T05:19:12.453+0000: 393.429: [GC2014-07-28T05:19:12.453+0000: 393.430: [ParNew: 92160K->9934K(92160K), 0.0480560 secs] 4063337K->3986518K(20961280K), 0.0481770 secs] [Times: user=0.36 sys=0.00, real=0.05 secs]
2014-07-28T05:19:12.785+0000: 393.761: [GC2014-07-28T05:19:12.785+0000: 393.761: [ParNew: 91854K->8488K(92160K), 0.0476420 secs] 4068438K->3990693K(20961280K), 0.0477610 secs] [Times: user=0.37 sys=0.00, real=0.04 secs]
2014-07-28T05:19:13.109+0000: 394.085: [GC2014-07-28T05:19:13.109+0000: 394.085: [ParNew: 90408K->8710K(92160K), 0.0489590 secs] 4072613K->3996713K(20961280K), 0.0490820 secs] [Times: user=0.36 sys=0.02, real=0.05 secs]
2014-07-28T05:19:13.610+0000: 394.586: [GC2014-07-28T05:19:13.610+0000: 394.586: [ParNew: 90630K->8295K(92160K), 0.0489680 secs] 4078633K->4001995K(20961280K), 0.0491060 secs] [Times: user=0.35 sys=0.02, real=0.05 secs]
2014-07-28T05:19:14.028+0000: 395.004: [GC2014-07-28T05:19:14.028+0000: 395.004: [ParNew: 90215K->8442K(92160K), 0.0614180 secs] 4083915K->4007870K(20961280K), 0.0615480 secs] [Times: user=0.39 sys=0.00, real=0.06 secs]
2014-07-28T05:19:14.317+0000: 395.293: [GC2014-07-28T05:19:14.317+0000: 395.293: [ParNew: 90362K->10240K(92160K), 0.0593770 secs] 4089790K->4015442K(20961280K), 0.0595230 secs] [Times: user=0.45 sys=0.00, real=0.06 secs]
2014-07-28T05:19:14.825+0000: 395.801: [GC2014-07-28T05:19:14.825+0000: 395.801: [ParNew: 92153K->9538K(92160K), 0.0495390 secs] 4097356K->4020723K(20961280K), 0.0496640 secs] [Times: user=0.36 sys=0.01, real=0.05 secs]
2014-07-28T05:19:15.218+0000: 396.194: [GC2014-07-28T05:19:15.218+0000: 396.194: [ParNew: 91458K->10211K(92160K), 0.0486220 secs] 4102643K->4026983K(20961280K), 0.0487500 secs] [Times: user=0.37 sys=0.00, real=0.05 secs]
2014-07-28T05:19:15.671+0000: 396.647: [GC2014-07-28T05:19:15.671+0000: 396.647: [ParNew: 92131K->8843K(92160K), 0.0518880 secs] 4108903K->4031459K(20961280K), 0.0520070 secs] [Times: user=0.36 sys=0.02, real=0.06 secs]
2014-07-28T05:19:16.091+0000: 397.067: [GC2014-07-28T05:19:16.091+0000: 397.067: [ParNew: 90763K->8915K(92160K), 0.0487700 secs] 4113379K->4037156K(20961280K), 0.0488930 secs] [Times: user=0.37 sys=0.00, real=0.05 secs]
2014-07-28T05:19:16.592+0000: 397.568: [GC2014-07-28T05:19:16.592+0000: 397.568: [ParNew: 90835K->9654K(92160K), 0.0475540 secs] 4119076K->4043644K(20961280K), 0.0476720 secs] [Times: user=0.35 sys=0.02, real=0.05 secs]
2014-07-28T05:19:16.782+0000: 397.758: [GC2014-07-28T05:19:16.782+0000: 397.758: [ParNew: 91574K->9838K(92160K), 0.0477020 secs] 4125564K->4049489K(20961280K), 0.0478230 secs] [Times: user=0.35 sys=0.01, real=0.05 secs]
2014-07-28T05:19:17.158+0000: 398.134: [GC2014-07-28T05:19:17.158+0000: 398.134: [ParNew: 91758K->7796K(92160K), 0.0491800 secs] 4131409K->4053334K(20961280K), 0.0493000 secs] [Times: user=0.36 sys=0.01, real=0.05 secs]
2014-07-28T05:19:17.601+0000: 398.577: [GC2014-07-28T05:19:17.601+0000: 398.577: [ParNew: 89716K->10240K(92160K), 0.0603650 secs] 4135254K->4061448K(20961280K), 0.0604820 secs] [Times: user=0.40 sys=0.01, real=0.06 secs]
2014-07-28T05:19:18.007+0000: 398.983: [GC2014-07-28T05:19:18.007+0000: 398.983: [ParNew: 92160K->9994K(92160K), 0.0517970 secs] 4143368K->4066966K(20961280K), 0.0519210 secs] [Times: user=0.38 sys=0.02, real=0.05 secs]
2014-07-28T05:19:18.524+0000: 399.500: [GC2014-07-28T05:19:18.524+0000: 399.500: [ParNew: 91914K->10097K(92160K), 0.0510600 secs] 4148886K->4072862K(20961280K), 0.0511780 secs] [Times: user=0.39 sys=0.00, real=0.05 secs]
2014-07-28T05:19:18.873+0000: 399.849: [GC2014-07-28T05:19:18.873+0000: 399.849: [ParNew: 92017K->8665K(92160K), 0.0478970 secs] 4154782K->4077033K(20961280K), 0.0480180 secs] [Times: user=0.35 sys=0.01, real=0.05 secs]
2014-07-28T05:19:19.233+0000: 400.209: [GC2014-07-28T05:19:19.233+0000: 400.209: [ParNew: 90585K->10240K(92160K), 0.0472690 secs] 4158953K->4084605K(20961280K), 0.0473890 secs] [Times: user=0.36 sys=0.01, real=0.05 secs]
2014-07-28T05:19:19.634+0000: 400.610: [GC2014-07-28T05:19:19.634+0000: 400.610: [ParNew: 92160K->9066K(92160K), 0.0484780 secs] 4166525K->4088999K(20961280K), 0.0486000 secs] [Times: user=0.35 sys=0.01, real=0.06 secs]
2014-07-28T05:19:20.040+0000: 401.017: [GC2014-07-28T05:19:20.041+0000: 401.017: [ParNew: 90986K->8050K(92160K), 0.0491210 secs] 4170919K->4093642K(20961280K), 0.0492430 secs] [Times: user=0.36 sys=0.01, real=0.05 secs]
2014-07-28T05:19:20.412+0000: 401.388: [GC2014-07-28T05:19:20.412+0000: 401.388: [ParNew: 89970K->9194K(92160K), 0.0493900 secs] 4175562K->4100492K(20961280K), 0.0495250 secs] [Times: user=0.37 sys=0.01, real=0.05 secs]
2014-07-28T05:19:20.884+0000: 401.860: [GC2014-07-28T05:19:20.884+0000: 401.860: [ParNew: 91099K->9508K(92160K), 0.0457460 secs] 4182396K->4106547K(20961280K), 0.0458660 secs] [Times: user=0.35 sys=0.00, real=0.04 secs]
2014-07-28T05:19:21.172+0000: 402.148: [GC2014-07-28T05:19:21.172+0000: 402.148: [ParNew: 91427K->10240K(92160K), 0.0476360 secs] 4188465K->4113038K(20961280K), 0.0477580 secs] [Times: user=0.36 sys=0.01, real=0.05 secs]
2014-07-28T05:19:21.555+0000: 402.531: [GC2014-07-28T05:19:21.555+0000: 402.531: [ParNew: 92160K->10240K(92160K), 0.0503570 secs] 4194958K->4118856K(20961280K), 0.0504760 secs] [Times: user=0.38 sys=0.00, real=0.05 secs]
2014-07-28T05:19:22.012+0000: 402.988: [GC2014-07-28T05:19:22.012+0000: 402.988: [ParNew: 92160K->9604K(92160K), 0.0461810 secs] 4200776K->4123878K(20961280K), 0.0462980 secs] [Times: user=0.34 sys=0.01, real=0.05 secs]
2014-07-28T05:19:22.464+0000: 403.440: [GC2014-07-28T05:19:22.464+0000: 403.440: [ParNew: 91524K->10240K(92160K), 0.0498650 secs] 4205798K->4130948K(20961280K), 0.0499850 secs] [Times: user=0.36 sys=0.02, real=0.05 secs]
2014-07-28T05:19:22.789+0000: 403.765: [GC2014-07-28T05:19:22.789+0000: 403.765: [ParNew: 92160K->10240K(92160K), 0.0488030 secs] 4212868K->4136465K(20961280K), 0.0489190 secs] [Times: user=0.38 sys=0.00, real=0.05 secs]
2014-07-28T05:19:23.157+0000: 404.133: [GC2014-07-28T05:19:23.157+0000: 404.133: [ParNew: 92160K->10240K(92160K), 0.0471550 secs] 4218385K->4142151K(20961280K), 0.0472750 secs] [Times: user=0.35 sys=0.01, real=0.05 secs]
2014-07-28T05:19:23.662+0000: 404.638: [GC2014-07-28T05:19:23.662+0000: 404.638: [ParNew: 92160K->8591K(92160K), 0.0463720 secs] 4224071K->4146294K(20961280K), 0.0464910 secs] [Times: user=0.35 sys=0.00, real=0.05 secs]
2014-07-28T05:19:24.004+0000: 404.980: [GC2014-07-28T05:19:24.004+0000: 404.980: [ParNew: 90511K->10240K(92160K), 0.0486460 secs] 4228214K->4153778K(20961280K), 0.0487680 secs] [Times: user=0.37 sys=0.00, real=0.05 secs]
2014-07-28T05:19:24.394+0000: 405.370: [GC2014-07-28T05:19:24.394+0000: 405.370: [ParNew: 92160K->10240K(92160K), 0.0483660 secs] 4235698K->4159638K(20961280K), 0.0484890 secs] [Times: user=0.36 sys=0.00, real=0.05 secs]
2014-07-28T05:19:24.872+0000: 405.848: [GC2014-07-28T05:19:24.872+0000: 405.848: [ParNew: 92160K->8484K(92160K), 0.0503260 secs] 4241558K->4163517K(20961280K), 0.0504440 secs] [Times: user=0.37 sys=0.01, real=0.05 secs]
2014-07-28T05:19:25.263+0000: 406.239: [GC2014-07-28T05:19:25.263+0000: 406.239: [ParNew: 90404K->8663K(92160K), 0.0478540 secs] 4245437K->4169358K(20961280K), 0.0479740 secs] [Times: user=0.36 sys=0.00, real=0.05 secs]
2014-07-28T05:19:25.725+0000: 406.701: [GC2014-07-28T05:19:25.725+0000: 406.701: [ParNew: 90583K->9562K(92160K), 0.0479780 secs] 4251278K->4175991K(20961280K), 0.0480930 secs] [Times: user=0.37 sys=0.00, real=0.05 secs]
2014-07-28T05:19:26.146+0000: 407.122: [GC2014-07-28T05:19:26.146+0000: 407.122: [ParNew: 91482K->10240K(92160K), 0.0655360 secs] 4257911K->4182490K(20961280K), 0.0656720 secs] [Times: user=0.37 sys=0.02, real=0.07 secs]
2014-07-28T05:19:26.586+0000: 407.562: [GC2014-07-28T05:19:26.586+0000: 407.562: [ParNew: 92160K->10240K(92160K), 0.0487900 secs] 4264410K->4188245K(20961280K), 0.0489090 secs] [Times: user=0.34 sys=0.03, real=0.05 secs]
2014-07-28T05:19:26.847+0000: 407.823: [GC2014-07-28T05:19:26.847+0000: 407.823: [ParNew: 92160K->10240K(92160K), 0.0516940 secs] 4270165K->4194234K(20961280K), 0.0518120 secs] [Times: user=0.38 sys=0.01, real=0.05 secs]
2014-07-28T05:19:27.214+0000: 408.190: [GC2014-07-28T05:19:27.214+0000: 408.190: [ParNew: 92160K->10240K(92160K), 0.0509140 secs] 4276154K->4199872K(20961280K), 0.0510350 secs] [Times: user=0.38 sys=0.01, real=0.05 secs]
2014-07-28T05:19:27.662+0000: 408.638: [GC2014-07-28T05:19:27.662+0000: 408.638: [ParNew: 92160K->9154K(92160K), 0.0475200 secs] 4281792K->4204413K(20961280K), 0.0476580 secs] [Times: user=0.35 sys=0.01, real=0.05 secs]
2014-07-28T05:19:28.070+0000: 409.046: [GC2014-07-28T05:19:28.070+0000: 409.046: [ParNew: 91074K->7801K(92160K), 0.0499430 secs] 4286333K->4208722K(20961280K), 0.0500540 secs] [Times: user=0.35 sys=0.02, real=0.05 secs]
2014-07-28T05:19:28.535+0000: 409.511: [GC2014-07-28T05:19:28.535+0000: 409.511: [ParNew: 89721K->9760K(92160K), 0.0481990 secs] 4290642K->4216361K(20961280K), 0.0483170 secs] [Times: user=0.36 sys=0.01, real=0.05 secs]
2014-07-28T05:19:28.924+0000: 409.900: [GC2014-07-28T05:19:28.924+0000: 409.900: [ParNew: 91680K->9338K(92160K), 0.0484420 secs] 4298281K->4221774K(20961280K), 0.0485600 secs] [Times: user=0.36 sys=0.01, real=0.05 secs]
2014-07-28T05:19:29.282+0000: 410.258: [GC2014-07-28T05:19:29.282+0000: 410.258: [ParNew: 91258K->9059K(92160K), 0.0483890 secs] 4303694K->4227176K(20961280K), 0.0485390 secs] [Times: user=0.36 sys=0.01, real=0.05 secs]
2014-07-28T05:19:29.631+0000: 410.607: [GC2014-07-28T05:19:29.631+0000: 410.607: [ParNew: 90974K->10240K(92160K), 0.0481900 secs] 4309091K->4234253K(20961280K), 0.0483130 secs] [Times: user=0.34 sys=0.01, real=0.04 secs]
2014-07-28T05:19:30.075+0000: 411.051: [GC2014-07-28T05:19:30.075+0000: 411.051: [ParNew: 92160K->10240K(92160K), 0.0731650 secs] 4316173K->4239957K(20961280K), 0.0732790 secs] [Times: user=0.53 sys=0.00, real=0.07 secs]
2014-07-28T05:19:30.463+0000: 411.439: [GC2014-07-28T05:19:30.463+0000: 411.439: [ParNew: 92160K->10240K(92160K), 0.0498190 secs] 4321877K->4245654K(20961280K), 0.0499370 secs] [Times: user=0.38 sys=0.00, real=0.05 secs]
2014-07-28T05:19:30.882+0000: 411.858: [GC2014-07-28T05:19:30.882+0000: 411.858: [ParNew: 92160K->8480K(92160K), 0.0476690 secs] 4327574K->4249558K(20961280K), 0.0477850 secs] [Times: user=0.35 sys=0.02, real=0.05 secs]
2014-07-28T05:19:31.234+0000: 412.210: [GC2014-07-28T05:19:31.234+0000: 412.210: [ParNew: 90400K->10158K(92160K), 0.0498440 secs] 4331478K->4257031K(20961280K), 0.0499680 secs] [Times: user=0.37 sys=0.00, real=0.05 secs]
2014-07-28T05:19:31.615+0000: 412.591: [GC2014-07-28T05:19:31.615+0000: 412.591: [ParNew: 92078K->9679K(92160K), 0.0496410 secs] 4338951K->4262285K(20961280K), 0.0497600 secs] [Times: user=0.37 sys=0.01, real=0.05 secs]
2014-07-28T05:19:32.013+0000: 412.989: [GC2014-07-28T05:19:32.013+0000: 412.989: [ParNew: 91599K->9335K(92160K), 0.0471460 secs] 4344205K->4267677K(20961280K), 0.0472670 secs] [Times: user=0.34 sys=0.01, real=0.04 secs]
2014-07-28T05:19:32.536+0000: 413.512: [GC2014-07-28T05:19:32.536+0000: 413.512: [ParNew: 91255K->10240K(92160K), 0.0559750 secs] 4349597K->4274818K(20961280K), 0.0560940 secs] [Times: user=0.39 sys=0.02, real=0.06 secs]
2014-07-28T05:19:32.838+0000: 413.814: [GC2014-07-28T05:19:32.838+0000: 413.814: [ParNew: 92160K->10237K(92160K), 0.0465260 secs] 4356738K->4280397K(20961280K), 0.0466470 secs] [Times: user=0.35 sys=0.01, real=0.05 secs]
2014-07-28T05:19:33.203+0000: 414.179: [GC2014-07-28T05:19:33.203+0000: 414.179: [ParNew: 92157K->8996K(92160K), 0.0471950 secs] 4362317K->4284750K(20961280K), 0.0473170 secs] [Times: user=0.35 sys=0.01, real=0.05 secs]
2014-07-28T05:19:33.683+0000: 414.659: [GC2014-07-28T05:19:33.683+0000: 414.660: [ParNew: 90916K->10240K(92160K), 0.0483370 secs] 4366670K->4291677K(20961280K), 0.0484550 secs] [Times: user=0.37 sys=0.00, real=0.05 secs]
2014-07-28T05:19:34.066+0000: 415.042: [GC2014-07-28T05:19:34.066+0000: 415.042: [ParNew: 92160K->10240K(92160K), 0.0633820 secs] 4373597K->4297497K(20961280K), 0.0635000 secs] [Times: user=0.38 sys=0.01, real=0.06 secs]
2014-07-28T05:19:34.443+0000: 415.419: [GC2014-07-28T05:19:34.443+0000: 415.419: [ParNew: 92160K->9882K(92160K), 0.0475130 secs] 4379417K->4302890K(20961280K), 0.0476250 secs] [Times: user=0.35 sys=0.01, real=0.05 secs]
2014-07-28T05:19:34.925+0000: 415.901: [GC2014-07-28T05:19:34.925+0000: 415.901: [ParNew: 91802K->8249K(92160K), 0.0474660 secs] 4384810K->4306851K(20961280K), 0.0475840 secs] [Times: user=0.36 sys=0.01, real=0.05 secs]
2014-07-28T05:19:35.292+0000: 416.268: [GC2014-07-28T05:19:35.292+0000: 416.268: [ParNew: 90163K->9408K(92160K), 0.0534990 secs] 4388765K->4313847K(20961280K), 0.0536120 secs] [Times: user=0.39 sys=0.02, real=0.05 secs]
2014-07-28T05:19:35.745+0000: 416.721: [GC2014-07-28T05:19:35.745+0000: 416.721: [ParNew: 91328K->10240K(92160K), 0.0510970 secs] 4395767K->4320506K(20961280K), 0.0512130 secs] [Times: user=0.38 sys=0.01, real=0.05 secs]
2014-07-28T05:19:36.175+0000: 417.151: [GC2014-07-28T05:19:36.181+0000: 417.157: [ParNew: 92160K->10240K(92160K), 0.0463360 secs] 4402426K->4326225K(20961280K), 0.0526040 secs] [Times: user=0.36 sys=0.00, real=0.05 secs]
2014-07-28T05:19:36.644+0000: 417.620: [GC2014-07-28T05:19:36.644+0000: 417.620: [ParNew: 92160K->9474K(92160K), 0.0473840 secs] 4408145K->4331183K(20961280K), 0.0475040 secs] [Times: user=0.36 sys=0.00, real=0.05 secs]
2014-07-28T05:19:36.913+0000: 417.890: [GC2014-07-28T05:19:36.914+0000: 417.890: [ParNew: 91394K->10240K(92160K), 0.0485200 secs] 4413103K->4337621K(20961280K), 0.0486380 secs] [Times: user=0.37 sys=0.01, real=0.05 secs]
2014-07-28T05:19:37.232+0000: 418.208: [GC2014-07-28T05:19:37.232+0000: 418.208: [ParNew: 92160K->9555K(92160K), 0.0508870 secs] 4419541K->4342635K(20961280K), 0.0510020 secs] [Times: user=0.37 sys=0.01, real=0.05 secs]
2014-07-28T05:19:37.632+0000: 418.608: [GC2014-07-28T05:19:37.632+0000: 418.608: [ParNew: 91475K->10240K(92160K), 0.0489850 secs] 4424555K->4349119K(20961280K), 0.0491060 secs] [Times: user=0.36 sys=0.02, real=0.04 secs]
2014-07-28T05:19:38.068+0000: 419.044: [GC2014-07-28T05:19:38.068+0000: 419.044: [ParNew: 92160K->10240K(92160K), 0.0490270 secs] 4431039K->4354972K(20961280K), 0.0491420 secs] [Times: user=0.37 sys=0.00, real=0.05 secs]
2014-07-28T05:19:38.590+0000: 419.566: [GC2014-07-28T05:19:38.590+0000: 419.566: [ParNew: 92160K->10240K(92160K), 0.0506460 secs] 4436892K->4360576K(20961280K), 0.0507640 secs] [Times: user=0.36 sys=0.01, real=0.04 secs]
2014-07-28T05:19:38.941+0000: 419.917: [GC2014-07-28T05:19:38.941+0000: 419.918: [ParNew: 92160K->10240K(92160K), 0.0462620 secs] 4442496K->4366487K(20961280K), 0.0463890 secs] [Times: user=0.34 sys=0.00, real=0.05 secs]
2014-07-28T05:19:39.333+0000: 420.309: [GC2014-07-28T05:19:39.333+0000: 420.309: [ParNew: 92160K->8423K(92160K), 0.0467930 secs] 4448407K->4370298K(20961280K), 0.0469150 secs] [Times: user=0.35 sys=0.00, real=0.04 secs]
2014-07-28T05:19:39.693+0000: 420.669: [GC2014-07-28T05:19:39.693+0000: 420.669: [ParNew: 90343K->10240K(92160K), 0.0898730 secs] 4452218K->4377716K(20961280K), 0.0899920 secs] [Times: user=0.45 sys=0.01, real=0.09 secs]
2014-07-28T05:19:40.143+0000: 421.119: [GC2014-07-28T05:19:40.143+0000: 421.119: [ParNew: 92160K->9738K(92160K), 0.0471600 secs] 4459636K->4383065K(20961280K), 0.0472800 secs] [Times: user=0.35 sys=0.01, real=0.05 secs]
2014-07-28T05:19:40.475+0000: 421.451: [GC2014-07-28T05:19:40.475+0000: 421.452: [ParNew: 91658K->10240K(92160K), 0.0475720 secs] 4464985K->4389754K(20961280K), 0.0476830 secs] [Times: user=0.36 sys=0.00, real=0.05 secs]
2014-07-28T05:19:40.922+0000: 421.898: [GC2014-07-28T05:19:40.922+0000: 421.898: [ParNew: 92160K->10240K(92160K), 0.0492240 secs] 4471674K->4395294K(20961280K), 0.0493440 secs] [Times: user=0.36 sys=0.01, real=0.05 secs]
2014-07-28T05:19:41.258+0000: 422.234: [GC2014-07-28T05:19:41.258+0000: 422.234: [ParNew: 92160K->9713K(92160K), 0.0491820 secs] 4477214K->4400420K(20961280K), 0.0493110 secs] [Times: user=0.38 sys=0.00, real=0.05 secs]
2014-07-28T05:19:41.631+0000: 422.607: [GC2014-07-28T05:19:41.631+0000: 422.608: [ParNew: 91633K->10240K(92160K), 0.0485220 secs] 4482340K->4406698K(20961280K), 0.0487010 secs] [Times: user=0.37 sys=0.02, real=0.04 secs]
2014-07-28T05:19:42.015+0000: 422.991: [GC2014-07-28T05:19:42.015+0000: 422.991: [ParNew: 92160K->10240K(92160K), 0.0484830 secs] 4488618K->4412633K(20961280K), 0.0486070 secs] [Times: user=0.37 sys=0.01, real=0.05 secs]
2014-07-28T05:19:42.614+0000: 423.590: [GC2014-07-28T05:19:42.614+0000: 423.590: [ParNew: 92160K->10181K(92160K), 0.0478110 secs] 4494553K->4418345K(20961280K), 0.0479280 secs] [Times: user=0.34 sys=0.02, real=0.04 secs]
2014-07-28T05:19:42.883+0000: 423.859: [GC2014-07-28T05:19:42.883+0000: 423.859: [ParNew: 92101K->10240K(92160K), 0.0484230 secs] 4500265K->4424348K(20961280K), 0.0485680 secs] [Times: user=0.36 sys=0.02, real=0.05 secs]
2014-07-28T05:19:43.218+0000: 424.194: [GC2014-07-28T05:19:43.218+0000: 424.194: [ParNew: 92160K->10240K(92160K), 0.0482640 secs] 4506268K->4429979K(20961280K), 0.0483930 secs] [Times: user=0.35 sys=0.01, real=0.05 secs]
2014-07-28T05:19:43.740+0000: 424.716: [GC2014-07-28T05:19:43.740+0000: 424.716: [ParNew: 92160K->9854K(92160K), 0.0479580 secs] 4511899K->4435335K(20961280K), 0.0480730 secs] [Times: user=0.36 sys=0.00, real=0.05 secs]
2014-07-28T05:19:44.143+0000: 425.119: [GC2014-07-28T05:19:44.143+0000: 425.119: [ParNew: 91774K->8259K(92160K), 0.0467720 secs] 4517255K->4439403K(20961280K), 0.0469200 secs] [Times: user=0.36 sys=0.00, real=0.05 secs]
2014-07-28T05:19:44.408+0000: 425.384: [GC2014-07-28T05:19:44.408+0000: 425.384: [ParNew: 90179K->10240K(92160K), 0.0487320 secs] 4521323K->4447205K(20961280K), 0.0488530 secs] [Times: user=0.37 sys=0.00, real=0.05 secs]
2014-07-28T05:19:44.942+0000: 425.918: [GC2014-07-28T05:19:44.942+0000: 425.918: [ParNew: 92160K->10059K(92160K), 0.0489910 secs] 4529125K->4452821K(20961280K), 0.0491060 secs] [Times: user=0.36 sys=0.02, real=0.06 secs]
2014-07-28T05:19:45.343+0000: 426.320: [GC2014-07-28T05:19:45.344+0000: 426.320: [ParNew: 91971K->10240K(92160K), 0.0463360 secs] 4534733K->4458702K(20961280K), 0.0464600 secs] [Times: user=0.35 sys=0.00, real=0.04 secs]
2014-07-28T05:19:45.809+0000: 426.785: [GC2014-07-28T05:19:45.809+0000: 426.785: [ParNew: 92160K->8550K(92160K), 0.0477630 secs] 4540622K->4462622K(20961280K), 0.0478860 secs] [Times: user=0.35 sys=0.01, real=0.05 secs]
2014-07-28T05:19:46.229+0000: 427.205: [GC2014-07-28T05:19:46.236+0000: 427.212: [ParNew: 90470K->9204K(92160K), 0.0655200 secs] 4544542K->4469098K(20961280K), 0.0721680 secs] [Times: user=0.38 sys=0.01, real=0.07 secs]
2014-07-28T05:19:46.655+0000: 427.631: [GC2014-07-28T05:19:46.655+0000: 427.631: [ParNew: 91124K->10240K(92160K), 0.0453960 secs] 4551018K->4475730K(20961280K), 0.0455160 secs] [Times: user=0.34 sys=0.01, real=0.04 secs]
2014-07-28T05:19:46.941+0000: 427.917: [GC2014-07-28T05:19:46.941+0000: 427.917: [ParNew: 92160K->10240K(92160K), 0.0504930 secs] 4557650K->4481602K(20961280K), 0.0506120 secs] [Times: user=0.38 sys=0.01, real=0.06 secs]
2014-07-28T05:19:47.285+0000: 428.261: [GC2014-07-28T05:19:47.285+0000: 428.262: [ParNew: 92160K->9023K(92160K), 0.0495900 secs] 4563522K->4486039K(20961280K), 0.0497080 secs] [Times: user=0.37 sys=0.01, real=0.05 secs]
2014-07-28T05:19:47.693+0000: 428.669: [GC2014-07-28T05:19:47.693+0000: 428.669: [ParNew: 90943K->9242K(92160K), 0.0470330 secs] 4567959K->4492032K(20961280K), 0.0471460 secs] [Times: user=0.36 sys=0.01, real=0.04 secs]
2014-07-28T05:19:48.129+0000: 429.105: [GC2014-07-28T05:19:48.129+0000: 429.105: [ParNew: 91162K->9900K(92160K), 0.0541630 secs] 4573952K->4498378K(20961280K), 0.0542930 secs] [Times: user=0.35 sys=0.02, real=0.06 secs]
2014-07-28T05:19:48.601+0000: 429.577: [GC2014-07-28T05:19:48.601+0000: 429.577: [ParNew: 91820K->10240K(92160K), 0.0452260 secs] 4580298K->4504466K(20961280K), 0.0453420 secs] [Times: user=0.34 sys=0.01, real=0.05 secs]
2014-07-28T05:19:49.003+0000: 429.979: [GC2014-07-28T05:19:49.003+0000: 429.979: [ParNew: 92160K->10240K(92160K), 0.0476720 secs] 4586386K->4510201K(20961280K), 0.0477940 secs] [Times: user=0.36 sys=0.00, real=0.05 secs]
2014-07-28T05:19:49.325+0000: 430.301: [GC2014-07-28T05:19:49.325+0000: 430.301: [ParNew: 92160K->10240K(92160K), 0.0503790 secs] 4592121K->4516571K(20961280K), 0.0504970 secs] [Times: user=0.37 sys=0.01, real=0.05 secs]
2014-07-28T05:19:49.754+0000: 430.730: [GC2014-07-28T05:19:49.754+0000: 430.731: [ParNew: 92156K->9145K(92160K), 0.0458580 secs] 4598488K->4520958K(20961280K), 0.0459740 secs] [Times: user=0.34 sys=0.01, real=0.04 secs]
2014-07-28T05:19:50.138+0000: 431.114: [GC2014-07-28T05:19:50.138+0000: 431.114: [ParNew: 91065K->10240K(92160K), 0.0490350 secs] 4602878K->4527825K(20961280K), 0.0491540 secs] [Times: user=0.36 sys=0.01, real=0.05 secs]
2014-07-28T05:19:50.539+0000: 431.515: [GC2014-07-28T05:19:50.539+0000: 431.515: [ParNew: 92160K->10240K(92160K), 0.0495790 secs] 4609745K->4533602K(20961280K), 0.0496990 secs] [Times: user=0.36 sys=0.02, real=0.05 secs]
2014-07-28T05:19:50.964+0000: 431.940: [GC2014-07-28T05:19:50.964+0000: 431.940: [ParNew: 92160K->9122K(92160K), 0.0491880 secs] 4615522K->4538290K(20961280K), 0.0493110 secs] [Times: user=0.36 sys=0.01, real=0.05 secs]
2014-07-28T05:19:51.306+0000: 432.282: [GC2014-07-28T05:19:51.306+0000: 432.282: [ParNew: 91041K->9734K(92160K), 0.0570850 secs] 4620209K->4544496K(20961280K), 0.0572280 secs] [Times: user=0.40 sys=0.01, real=0.06 secs]
2014-07-28T05:19:51.689+0000: 432.665: [GC2014-07-28T05:19:51.689+0000: 432.666: [ParNew: 91654K->10240K(92160K), 0.0471230 secs] 4626416K->4550742K(20961280K), 0.0472490 secs] [Times: user=0.36 sys=0.00, real=0.05 secs]
2014-07-28T05:19:52.080+0000: 433.056: [GC2014-07-28T05:19:52.080+0000: 433.056: [ParNew: 92149K->10220K(92160K), 0.0487760 secs] 4632651K->4556541K(20961280K), 0.0489090 secs] [Times: user=0.37 sys=0.01, real=0.05 secs]
2014-07-28T05:19:52.673+0000: 433.649: [GC2014-07-28T05:19:52.673+0000: 433.649: [ParNew: 92140K->8622K(92160K), 0.0491220 secs] 4638461K->4560668K(20961280K), 0.0492420 secs] [Times: user=0.36 sys=0.01, real=0.05 secs]
2014-07-28T05:19:52.945+0000: 433.921: [GC2014-07-28T05:19:52.945+0000: 433.921: [ParNew: 90542K->9758K(92160K), 0.0474520 secs] 4642588K->4567382K(20961280K), 0.0475670 secs] [Times: user=0.35 sys=0.01, real=0.05 secs]
2014-07-28T05:19:53.275+0000: 434.252: [GC2014-07-28T05:19:53.276+0000: 434.252: [ParNew: 91678K->9841K(92160K), 0.0483750 secs] 4649302K->4573364K(20961280K), 0.0484960 secs] [Times: user=0.37 sys=0.00, real=0.05 secs]
2014-07-28T05:19:53.760+0000: 434.736: [GC2014-07-28T05:19:53.760+0000: 434.736: [ParNew: 91761K->10240K(92160K), 0.0492620 secs] 4655284K->4579484K(20961280K), 0.0493800 secs] [Times: user=0.36 sys=0.01, real=0.05 secs]
2014-07-28T05:19:54.120+0000: 435.096: [GC2014-07-28T05:19:54.120+0000: 435.096: [ParNew: 92160K->9927K(92160K), 0.0515630 secs] 4661404K->4584892K(20961280K), 0.0516910 secs] [Times: user=0.40 sys=0.01, real=0.06 secs]
2014-07-28T05:19:54.473+0000: 435.449: [GC2014-07-28T05:19:54.473+0000: 435.449: [ParNew: 91847K->9128K(92160K), 0.0498180 secs] 4666812K->4589866K(20961280K), 0.0499340 secs] [Times: user=0.37 sys=0.01, real=0.05 secs]
2014-07-28T05:19:55.005+0000: 435.981: [GC2014-07-28T05:19:55.005+0000: 435.981: [ParNew: 91048K->10231K(92160K), 0.0479080 secs] 4671786K->4596661K(20961280K), 0.0480260 secs] [Times: user=0.35 sys=0.01, real=0.05 secs]
2014-07-28T05:19:55.349+0000: 436.325: [GC2014-07-28T05:19:55.349+0000: 436.325: [ParNew: 92151K->10240K(92160K), 0.0485420 secs] 4678581K->4602453K(20961280K), 0.0486590 secs] [Times: user=0.37 sys=0.00, real=0.05 secs]
2014-07-28T05:19:55.846+0000: 436.822: [GC2014-07-28T05:19:55.846+0000: 436.822: [ParNew: 92160K->9201K(92160K), 0.0488890 secs] 4684373K->4607197K(20961280K), 0.0490120 secs] [Times: user=0.36 sys=0.02, real=0.05 secs]
2014-07-28T05:19:56.262+0000: 437.238: [GC2014-07-28T05:19:56.262+0000: 437.238: [ParNew: 91121K->9741K(92160K), 0.0746710 secs] 4689117K->4613369K(20961280K), 0.0747890 secs] [Times: user=0.42 sys=0.01, real=0.07 secs]
2014-07-28T05:19:56.711+0000: 437.687: [GC2014-07-28T05:19:56.711+0000: 437.687: [ParNew: 91661K->9775K(92160K), 0.0457810 secs] 4695289K->4619086K(20961280K), 0.0459070 secs] [Times: user=0.35 sys=0.00, real=0.04 secs]
2014-07-28T05:19:56.993+0000: 437.969: [GC2014-07-28T05:19:56.993+0000: 437.969: [ParNew: 91695K->9327K(92160K), 0.0473590 secs] 4701006K->4624422K(20961280K), 0.0474800 secs] [Times: user=0.36 sys=0.00, real=0.05 secs]
2014-07-28T05:19:57.310+0000: 438.286: [GC2014-07-28T05:19:57.310+0000: 438.286: [ParNew: 91247K->9349K(92160K), 0.0484250 secs] 4706342K->4630116K(20961280K), 0.0485460 secs] [Times: user=0.35 sys=0.01, real=0.05 secs]
2014-07-28T05:19:57.673+0000: 438.649: [GC2014-07-28T05:19:57.673+0000: 438.649: [ParNew: 91269K->9554K(92160K), 0.0483180 secs] 4712036K->4636092K(20961280K), 0.0484360 secs] [Times: user=0.34 sys=0.02, real=0.05 secs]
2014-07-28T05:19:58.157+0000: 439.133: [GC2014-07-28T05:19:58.157+0000: 439.133: [ParNew: 91474K->9899K(92160K), 0.0688370 secs] 4718012K->4642196K(20961280K), 0.0689690 secs] [Times: user=0.39 sys=0.00, real=0.07 secs]
2014-07-28T05:19:58.656+0000: 439.632: [GC2014-07-28T05:19:58.656+0000: 439.632: [ParNew: 91819K->9529K(92160K), 0.0487720 secs] 4724116K->4647482K(20961280K), 0.0488910 secs] [Times: user=0.36 sys=0.01, real=0.05 secs]
2014-07-28T05:19:59.058+0000: 440.034: [GC2014-07-28T05:19:59.058+0000: 440.034: [ParNew: 91449K->8492K(92160K), 0.0469650 secs] 4729402K->4652303K(20961280K), 0.0471170 secs] [Times: user=0.35 sys=0.00, real=0.04 secs]
2014-07-28T05:19:59.392+0000: 440.368: [GC2014-07-28T05:19:59.392+0000: 440.368: [ParNew: 90412K->10240K(92160K), 0.0459890 secs] 4734223K->4659699K(20961280K), 0.0461130 secs] [Times: user=0.34 sys=0.02, real=0.05 secs]
2014-07-28T05:19:59.735+0000: 440.711: [GC2014-07-28T05:19:59.735+0000: 440.711: [ParNew: 92160K->10240K(92160K), 0.0562140 secs] 4741619K->4665810K(20961280K), 0.0563360 secs] [Times: user=0.44 sys=0.00, real=0.06 secs]
2014-07-28T05:20:00.203+0000: 441.180: [GC2014-07-28T05:20:00.204+0000: 441.180: [ParNew: 92160K->10240K(92160K), 0.0481460 secs] 4747730K->4671349K(20961280K), 0.0482660 secs] [Times: user=0.36 sys=0.01, real=0.05 secs]
2014-07-28T05:20:00.594+0000: 441.570: [GC2014-07-28T05:20:00.594+0000: 441.570: [ParNew: 92149K->10240K(92160K), 0.0611180 secs] 4753259K->4676966K(20961280K), 0.0612400 secs] [Times: user=0.41 sys=0.02, real=0.06 secs]
2014-07-28T05:20:01.013+0000: 441.989: [GC2014-07-28T05:20:01.013+0000: 441.989: [ParNew: 92160K->7861K(92160K), 0.0457570 secs] 4758886K->4680267K(20961280K), 0.0458800 secs] [Times: user=0.34 sys=0.01, real=0.05 secs]
2014-07-28T05:20:01.302+0000: 442.278: [GC2014-07-28T05:20:01.315+0000: 442.291: [ParNew: 89781K->9383K(92160K), 0.0487940 secs] 4762187K->4687497K(20961280K), 0.0612300 secs] [Times: user=0.37 sys=0.00, real=0.06 secs]
2014-07-28T05:20:01.700+0000: 442.676: [GC2014-07-28T05:20:01.700+0000: 442.676: [ParNew: 91303K->9895K(92160K), 0.0521200 secs] 4769417K->4693833K(20961280K), 0.0522460 secs] [Times: user=0.37 sys=0.02, real=0.05 secs]
2014-07-28T05:20:02.107+0000: 443.083: [GC2014-07-28T05:20:02.107+0000: 443.083: [ParNew: 91815K->9204K(92160K), 0.0510000 secs] 4775753K->4698856K(20961280K), 0.0511230 secs] [Times: user=0.38 sys=0.01, real=0.06 secs]
2014-07-28T05:20:02.631+0000: 443.607: [GC2014-07-28T05:20:02.631+0000: 443.607: [ParNew: 91124K->10240K(92160K), 0.0493690 secs] 4780776K->4705566K(20961280K), 0.0494830 secs] [Times: user=0.38 sys=0.00, real=0.05 secs]
2014-07-28T05:20:02.966+0000: 443.943: [GC2014-07-28T05:20:02.967+0000: 443.943: [ParNew: 92160K->8709K(92160K), 0.0475980 secs] 4787486K->4709835K(20961280K), 0.0477220 secs] [Times: user=0.36 sys=0.00, real=0.05 secs]
2014-07-28T05:20:03.265+0000: 444.241: [GC2014-07-28T05:20:03.265+0000: 444.241: [ParNew: 90613K->9135K(92160K), 0.0462650 secs] 4791739K->4715883K(20961280K), 0.0464010 secs] [Times: user=0.34 sys=0.00, real=0.05 secs]
2014-07-28T05:20:03.813+0000: 444.790: [GC2014-07-28T05:20:03.814+0000: 444.790: [ParNew: 91055K->9391K(92160K), 0.0471210 secs] 4797803K->4721920K(20961280K), 0.0472390 secs] [Times: user=0.36 sys=0.00, real=0.05 secs]
2014-07-28T05:20:04.182+0000: 445.158: [GC2014-07-28T05:20:04.182+0000: 445.158: [ParNew: 91311K->9590K(92160K), 0.0474160 secs] 4803840K->4727809K(20961280K), 0.0475400 secs] [Times: user=0.36 sys=0.01, real=0.04 secs]
2014-07-28T05:20:04.453+0000: 445.429: [GC2014-07-28T05:20:04.453+0000: 445.429: [ParNew: 91510K->7847K(92160K), 0.0482990 secs] 4809729K->4731797K(20961280K), 0.0484220 secs] [Times: user=0.36 sys=0.02, real=0.05 secs]
2014-07-28T05:20:05.039+0000: 446.015: [GC2014-07-28T05:20:05.039+0000: 446.015: [ParNew: 89767K->8335K(92160K), 0.0460950 secs] 4813717K->4738020K(20961280K), 0.0462160 secs] [Times: user=0.34 sys=0.00, real=0.04 secs]
2014-07-28T05:20:05.406+0000: 446.382: [GC2014-07-28T05:20:05.406+0000: 446.382: [ParNew: 90255K->8342K(92160K), 0.0476740 secs] 4819940K->4743759K(20961280K), 0.0477930 secs] [Times: user=0.36 sys=0.00, real=0.05 secs]
2014-07-28T05:20:05.885+0000: 446.861: [GC2014-07-28T05:20:05.885+0000: 446.861: [ParNew: 90251K->9486K(92160K), 0.0463090 secs] 4825667K->4750679K(20961280K), 0.0464300 secs] [Times: user=0.34 sys=0.00, real=0.05 secs]
2014-07-28T05:20:06.283+0000: 447.259: [GC2014-07-28T05:20:06.283+0000: 447.259: [ParNew: 91406K->9897K(92160K), 0.0483740 secs] 4832599K->4756752K(20961280K), 0.0484890 secs] [Times: user=0.35 sys=0.00, real=0.05 secs]
2014-07-28T05:20:06.743+0000: 447.719: [GC2014-07-28T05:20:06.743+0000: 447.719: [ParNew: 91817K->9182K(92160K), 0.0482790 secs] 4838671K->4761822K(20961280K), 0.0484030 secs] [Times: user=0.36 sys=0.00, real=0.05 secs]
2014-07-28T05:20:07.002+0000: 447.978: [GC2014-07-28T05:20:07.002+0000: 447.978: [ParNew: 91102K->10240K(92160K), 0.0497570 secs] 4843742K->4768624K(20961280K), 0.0498820 secs] [Times: user=0.36 sys=0.02, real=0.05 secs]
2014-07-28T05:20:07.309+0000: 448.285: [GC2014-07-28T05:20:07.309+0000: 448.285: [ParNew: 92160K->8871K(92160K), 0.0499490 secs] 4850544K->4773347K(20961280K), 0.0500670 secs] [Times: user=0.38 sys=0.01, real=0.06 secs]
2014-07-28T05:20:07.601+0000: 448.577: [GC2014-07-28T05:20:07.601+0000: 448.577: [ParNew: 90791K->9437K(92160K), 0.0475650 secs] 4855267K->4779607K(20961280K), 0.0476830 secs] [Times: user=0.36 sys=0.01, real=0.04 secs]
2014-07-28T05:20:08.158+0000: 449.134: [GC2014-07-28T05:20:08.158+0000: 449.134: [ParNew: 91357K->8803K(92160K), 0.0473180 secs] 4861527K->4784781K(20961280K), 0.0474370 secs] [Times: user=0.33 sys=0.03, real=0.05 secs]
2014-07-28T05:20:08.682+0000: 449.658: [GC2014-07-28T05:20:08.682+0000: 449.658: [ParNew: 90723K->9665K(92160K), 0.0475310 secs] 4866701K->4791377K(20961280K), 0.0476510 secs] [Times: user=0.34 sys=0.02, real=0.04 secs]
2014-07-28T05:20:09.042+0000: 450.018: [GC2014-07-28T05:20:09.042+0000: 450.019: [ParNew: 91585K->9912K(92160K), 0.0465750 secs] 4873297K->4797352K(20961280K), 0.0466950 secs] [Times: user=0.35 sys=0.01, real=0.04 secs]
2014-07-28T05:20:09.405+0000: 450.381: [GC2014-07-28T05:20:09.405+0000: 450.381: [ParNew: 91822K->8312K(92160K), 0.0459260 secs] 4879263K->4801510K(20961280K), 0.0460460 secs] [Times: user=0.32 sys=0.03, real=0.05 secs]
2014-07-28T05:20:09.799+0000: 450.775: [GC2014-07-28T05:20:09.799+0000: 450.775: [ParNew: 90232K->10003K(92160K), 0.0454490 secs] 4883430K->4808865K(20961280K), 0.0455680 secs] [Times: user=0.33 sys=0.01, real=0.04 secs]
2014-07-28T05:20:10.222+0000: 451.198: [GC2014-07-28T05:20:10.222+0000: 451.198: [ParNew: 91923K->8002K(92160K), 0.0468730 secs] 4890785K->4812654K(20961280K), 0.0469950 secs] [Times: user=0.36 sys=0.00, real=0.04 secs]
2014-07-28T05:20:10.568+0000: 451.544: [GC2014-07-28T05:20:10.568+0000: 451.544: [ParNew: 89922K->9238K(92160K), 0.0483390 secs] 4894574K->4819578K(20961280K), 0.0484620 secs] [Times: user=0.35 sys=0.02, real=0.05 secs]
2014-07-28T05:20:10.998+0000: 451.974: [GC2014-07-28T05:20:10.998+0000: 451.974: [ParNew: 91158K->9274K(92160K), 0.0512530 secs] 4901498K->4825359K(20961280K), 0.0513810 secs] [Times: user=0.38 sys=0.01, real=0.05 secs]
2014-07-28T05:20:11.279+0000: 452.255: [GC2014-07-28T05:20:11.279+0000: 452.256: [ParNew: 91194K->9341K(92160K), 0.0477210 secs] 4907279K->4831240K(20961280K), 0.0478380 secs] [Times: user=0.35 sys=0.01, real=0.04 secs]
2014-07-28T05:20:11.626+0000: 452.602: [GC2014-07-28T05:20:11.626+0000: 452.602: [ParNew: 91261K->8541K(92160K), 0.0486270 secs] 4913160K->4836040K(20961280K), 0.0487410 secs] [Times: user=0.34 sys=0.02, real=0.05 secs]
2014-07-28T05:20:11.974+0000: 452.950: [GC2014-07-28T05:20:11.974+0000: 452.950: [ParNew: 90461K->9061K(92160K), 0.0479060 secs] 4917960K->4842346K(20961280K), 0.0480250 secs] [Times: user=0.35 sys=0.00, real=0.05 secs]
2014-07-28T05:20:12.684+0000: 453.660: [GC2014-07-28T05:20:12.684+0000: 453.660: [ParNew: 90981K->9902K(92160K), 0.0453800 secs] 4924266K->4848901K(20961280K), 0.0455000 secs] [Times: user=0.35 sys=0.00, real=0.04 secs]
2014-07-28T05:20:12.925+0000: 453.901: [GC2014-07-28T05:20:12.925+0000: 453.901: [ParNew: 91822K->7501K(92160K), 0.0441590 secs] 4930821K->4852201K(20961280K), 0.0442690 secs] [Times: user=0.34 sys=0.01, real=0.04 secs]
2014-07-28T05:20:13.198+0000: 454.174: [GC2014-07-28T05:20:13.198+0000: 454.174: [ParNew: 89421K->10240K(92160K), 0.0477080 secs] 4934121K->4860659K(20961280K), 0.0478500 secs] [Times: user=0.36 sys=0.02, real=0.04 secs]
2014-07-28T05:20:13.782+0000: 454.758: [GC2014-07-28T05:20:13.782+0000: 454.758: [ParNew: 92160K->9135K(92160K), 0.0474490 secs] 4942579K->4865433K(20961280K), 0.0475950 secs] [Times: user=0.36 sys=0.01, real=0.04 secs]
2014-07-28T05:20:14.037+0000: 455.013: [GC2014-07-28T05:20:14.037+0000: 455.013: [ParNew: 91055K->9931K(92160K), 0.0482570 secs] 4947353K->4871793K(20961280K), 0.0483800 secs] [Times: user=0.37 sys=0.00, real=0.05 secs]
2014-07-28T05:20:14.440+0000: 455.416: [GC2014-07-28T05:20:14.440+0000: 455.416: [ParNew: 91848K->10240K(92160K), 0.0498970 secs] 4953710K->4878251K(20961280K), 0.0500180 secs] [Times: user=0.35 sys=0.02, real=0.04 secs]
2014-07-28T05:20:15.025+0000: 456.001: [GC2014-07-28T05:20:15.025+0000: 456.001: [ParNew: 92160K->10240K(92160K), 0.0467230 secs] 4960171K->4883801K(20961280K), 0.0468540 secs] [Times: user=0.35 sys=0.01, real=0.05 secs]
2014-07-28T05:20:15.382+0000: 456.359: [GC2014-07-28T05:20:15.383+0000: 456.359: [ParNew: 92160K->8264K(92160K), 0.0672370 secs] 4965721K->4887394K(20961280K), 0.0673520 secs] [Times: user=0.42 sys=0.01, real=0.06 secs]
2014-07-28T05:20:15.882+0000: 456.858: [GC2014-07-28T05:20:15.882+0000: 456.858: [ParNew: 90184K->9316K(92160K), 0.0483440 secs] 4969314K->4894129K(20961280K), 0.0484610 secs] [Times: user=0.36 sys=0.01, real=0.05 secs]
2014-07-28T05:20:16.333+0000: 457.309: [GC2014-07-28T05:20:16.333+0000: 457.309: [ParNew: 91236K->8284K(92160K), 0.0479310 secs] 4976049K->4898843K(20961280K), 0.0480460 secs] [Times: user=0.35 sys=0.01, real=0.05 secs]
2014-07-28T05:20:16.713+0000: 457.689: [GC2014-07-28T05:20:16.713+0000: 457.689: [ParNew: 90204K->7233K(92160K), 0.0476300 secs] 4980763K->4903495K(20961280K), 0.0477500 secs] [Times: user=0.37 sys=0.00, real=0.05 secs]
2014-07-28T05:20:17.072+0000: 458.048: [GC2014-07-28T05:20:17.072+0000: 458.048: [ParNew: 89153K->10036K(92160K), 0.0446100 secs] 4985415K->4912016K(20961280K), 0.0447290 secs] [Times: user=0.32 sys=0.01, real=0.04 secs]
2014-07-28T05:20:17.250+0000: 458.226: [GC2014-07-28T05:20:17.250+0000: 458.226: [ParNew: 91956K->10240K(92160K), 0.0474970 secs] 4993936K->4918501K(20961280K), 0.0476700 secs] [Times: user=0.35 sys=0.01, real=0.04 secs]
2014-07-28T05:20:17.645+0000: 458.621: [GC2014-07-28T05:20:17.645+0000: 458.621: [ParNew: 92160K->10137K(92160K), 0.0462640 secs] 5000421K->4923813K(20961280K), 0.0463930 secs] [Times: user=0.34 sys=0.02, real=0.05 secs]
2014-07-28T05:20:18.043+0000: 459.019: [GC2014-07-28T05:20:18.043+0000: 459.019: [ParNew: 92042K->9137K(92160K), 0.0468720 secs] 5005717K->4928425K(20961280K), 0.0469990 secs] [Times: user=0.34 sys=0.02, real=0.04 secs]
2014-07-28T05:20:18.672+0000: 459.648: [GC2014-07-28T05:20:18.672+0000: 459.648: [ParNew: 91057K->8193K(92160K), 0.0455110 secs] 5010345K->4933212K(20961280K), 0.0456290 secs] [Times: user=0.35 sys=0.00, real=0.04 secs]
2014-07-28T05:20:18.952+0000: 459.928: [GC2014-07-28T05:20:18.952+0000: 459.928: [ParNew: 90113K->10240K(92160K), 0.0468050 secs] 5015132K->4940804K(20961280K), 0.0469240 secs] [Times: user=0.35 sys=0.00, real=0.05 secs]
2014-07-28T05:20:19.311+0000: 460.287: [GC2014-07-28T05:20:19.311+0000: 460.287: [ParNew: 92160K->9785K(92160K), 0.0478060 secs] 5022724K->4946153K(20961280K), 0.0479270 secs] [Times: user=0.35 sys=0.01, real=0.05 secs]
2014-07-28T05:20:19.669+0000: 460.645: [GC2014-07-28T05:20:19.669+0000: 460.645: [ParNew: 91705K->9472K(92160K), 0.0483130 secs] 5028073K->4951637K(20961280K), 0.0484320 secs] [Times: user=0.37 sys=0.01, real=0.05 secs]
2014-07-28T05:20:20.062+0000: 461.039: [GC2014-07-28T05:20:20.063+0000: 461.039: [ParNew: 91392K->10240K(92160K), 0.0473390 secs] 5033557K->4958802K(20961280K), 0.0474600 secs] [Times: user=0.35 sys=0.01, real=0.05 secs]
2014-07-28T05:20:20.479+0000: 461.455: [GC2014-07-28T05:20:20.479+0000: 461.455: [ParNew: 92160K->10049K(92160K), 0.0464100 secs] 5040722K->4963748K(20961280K), 0.0465320 secs] [Times: user=0.35 sys=0.01, real=0.04 secs]
2014-07-28T05:20:20.867+0000: 461.843: [GC2014-07-28T05:20:20.867+0000: 461.843: [ParNew: 91969K->10240K(92160K), 0.0476310 secs] 5045668K->4969606K(20961280K), 0.0477510 secs] [Times: user=0.36 sys=0.01, real=0.05 secs]
2014-07-28T05:20:21.273+0000: 462.249: [GC2014-07-28T05:20:21.273+0000: 462.249: [ParNew: 92160K->10240K(92160K), 0.0476510 secs] 5051526K->4975418K(20961280K), 0.0477760 secs] [Times: user=0.36 sys=0.01, real=0.05 secs]
2014-07-28T05:20:21.642+0000: 462.619: [GC2014-07-28T05:20:21.643+0000: 462.619: [ParNew: 92160K->9392K(92160K), 0.0471430 secs] 5057338K->4980292K(20961280K), 0.0472670 secs] [Times: user=0.33 sys=0.03, real=0.04 secs]
2014-07-28T05:20:21.995+0000: 462.971: [GC2014-07-28T05:20:21.995+0000: 462.971: [ParNew: 91312K->10240K(92160K), 0.0479860 secs] 5062212K->4986829K(20961280K), 0.0481080 secs] [Times: user=0.38 sys=0.00, real=0.05 secs]
2014-07-28T05:20:22.414+0000: 463.390: [GC2014-07-28T05:20:22.414+0000: 463.390: [ParNew: 92160K->10240K(92160K), 0.0502320 secs] 5068749K->4992917K(20961280K), 0.0503500 secs] [Times: user=0.38 sys=0.01, real=0.05 secs]
2014-07-28T05:20:22.956+0000: 463.932: [GC2014-07-28T05:20:22.956+0000: 463.932: [ParNew: 92160K->10240K(92160K), 0.0462700 secs] 5074837K->4998430K(20961280K), 0.0463870 secs] [Times: user=0.33 sys=0.01, real=0.05 secs]
2014-07-28T05:20:23.256+0000: 464.232: [GC2014-07-28T05:20:23.256+0000: 464.233: [ParNew: 92160K->9872K(92160K), 0.0471900 secs] 5080350K->5003763K(20961280K), 0.0473070 secs] [Times: user=0.34 sys=0.02, real=0.05 secs]
2014-07-28T05:20:23.563+0000: 464.539: [GC2014-07-28T05:20:23.563+0000: 464.539: [ParNew: 91792K->10240K(92160K), 0.0451270 secs] 5085683K->5010178K(20961280K), 0.0452470 secs] [Times: user=0.33 sys=0.02, real=0.04 secs]
2014-07-28T05:20:24.087+0000: 465.063: [GC2014-07-28T05:20:24.087+0000: 465.063: [ParNew: 92160K->10240K(92160K), 0.0468930 secs] 5092098K->5015693K(20961280K), 0.0470130 secs] [Times: user=0.34 sys=0.01, real=0.05 secs]
2014-07-28T05:20:24.505+0000: 465.481: [GC2014-07-28T05:20:24.505+0000: 465.481: [ParNew: 92160K->9779K(92160K), 0.0508090 secs] 5097613K->5020793K(20961280K), 0.0509290 secs] [Times: user=0.39 sys=0.01, real=0.05 secs]
2014-07-28T05:20:24.811+0000: 465.787: [GC2014-07-28T05:20:24.811+0000: 465.787: [ParNew: 91699K->10240K(92160K), 0.0486860 secs] 5102713K->5027119K(20961280K), 0.0488040 secs] [Times: user=0.37 sys=0.01, real=0.05 secs]
2014-07-28T05:20:25.291+0000: 466.267: [GC2014-07-28T05:20:25.291+0000: 466.267: [ParNew: 92160K->10240K(92160K), 0.0485640 secs] 5109039K->5033716K(20961280K), 0.0486890 secs] [Times: user=0.36 sys=0.01, real=0.05 secs]
2014-07-28T05:20:25.671+0000: 466.647: [GC2014-07-28T05:20:25.671+0000: 466.647: [ParNew: 92160K->10240K(92160K), 0.0534680 secs] 5115636K->5039003K(20961280K), 0.0535800 secs] [Times: user=0.39 sys=0.02, real=0.05 secs]
2014-07-28T05:20:26.128+0000: 467.104: [GC2014-07-28T05:20:26.128+0000: 467.104: [ParNew: 92160K->10240K(92160K), 0.0495410 secs] 5120923K->5045783K(20961280K), 0.0496590 secs] [Times: user=0.37 sys=0.02, real=0.05 secs]
2014-07-28T05:20:26.559+0000: 467.535: [GC2014-07-28T05:20:26.559+0000: 467.535: [ParNew: 92160K->10240K(92160K), 0.0461160 secs] 5127703K->5051000K(20961280K), 0.0462370 secs] [Times: user=0.34 sys=0.01, real=0.04 secs]
2014-07-28T05:20:27.099+0000: 468.075: [GC2014-07-28T05:20:27.099+0000: 468.075: [ParNew: 92160K->8945K(92160K), 0.0447800 secs] 5132920K->5055293K(20961280K), 0.0449110 secs] [Times: user=0.34 sys=0.01, real=0.04 secs]
2014-07-28T05:20:27.312+0000: 468.288: [GC2014-07-28T05:20:27.312+0000: 468.288: [ParNew: 90865K->10011K(92160K), 0.0460970 secs] 5137213K->5061852K(20961280K), 0.0462160 secs] [Times: user=0.35 sys=0.00, real=0.05 secs]
2014-07-28T05:20:27.657+0000: 468.633: [GC2014-07-28T05:20:27.657+0000: 468.633: [ParNew: 91931K->10240K(92160K), 0.0473460 secs] 5143772K->5067987K(20961280K), 0.0474660 secs] [Times: user=0.35 sys=0.01, real=0.05 secs]
2014-07-28T05:20:28.095+0000: 469.071: [GC2014-07-28T05:20:28.095+0000: 469.071: [ParNew: 92160K->8830K(92160K), 0.0461640 secs] 5149907K->5072313K(20961280K), 0.0462820 secs] [Times: user=0.33 sys=0.02, real=0.05 secs]
2014-07-28T05:20:28.464+0000: 469.440: [GC2014-07-28T05:20:28.464+0000: 469.440: [ParNew: 90750K->10240K(92160K), 0.0485260 secs] 5154233K->5079358K(20961280K), 0.0486650 secs] [Times: user=0.38 sys=0.00, real=0.05 secs]
2014-07-28T05:20:28.988+0000: 469.964: [GC2014-07-28T05:20:28.988+0000: 469.964: [ParNew: 92151K->10240K(92160K), 0.0472810 secs] 5161270K->5085152K(20961280K), 0.0474090 secs] [Times: user=0.34 sys=0.01, real=0.04 secs]
2014-07-28T05:20:29.363+0000: 470.339: [GC2014-07-28T05:20:29.363+0000: 470.339: [ParNew: 92160K->9283K(92160K), 0.0465940 secs] 5167072K->5089769K(20961280K), 0.0467170 secs] [Times: user=0.34 sys=0.01, real=0.05 secs]
2014-07-28T05:20:29.723+0000: 470.699: [GC2014-07-28T05:20:29.723+0000: 470.699: [ParNew: 91203K->9811K(92160K), 0.0471630 secs] 5171689K->5096085K(20961280K), 0.0472790 secs] [Times: user=0.36 sys=0.00, real=0.05 secs]
2014-07-28T05:20:30.126+0000: 471.102: [GC2014-07-28T05:20:30.126+0000: 471.102: [ParNew: 91731K->10240K(92160K), 0.0615120 secs] 5178005K->5102170K(20961280K), 0.0616250 secs] [Times: user=0.41 sys=0.00, real=0.07 secs]
2014-07-28T05:20:30.522+0000: 471.498: [GC2014-07-28T05:20:30.522+0000: 471.498: [ParNew: 92160K->8369K(92160K), 0.0465100 secs] 5184090K->5106120K(20961280K), 0.0466340 secs] [Times: user=0.35 sys=0.01, real=0.05 secs]
2014-07-28T05:20:30.914+0000: 471.890: [GC2014-07-28T05:20:30.914+0000: 471.890: [ParNew: 90289K->9958K(92160K), 0.0460130 secs] 5188040K->5113328K(20961280K), 0.0461410 secs] [Times: user=0.34 sys=0.01, real=0.05 secs]
2014-07-28T05:20:31.331+0000: 472.307: [GC2014-07-28T05:20:31.331+0000: 472.307: [ParNew: 91878K->9468K(92160K), 0.0460220 secs] 5195248K->5118699K(20961280K), 0.0461440 secs] [Times: user=0.35 sys=0.01, real=0.04 secs]
2014-07-28T05:20:31.683+0000: 472.659: [GC2014-07-28T05:20:31.683+0000: 472.659: [ParNew: 91388K->8877K(92160K), 0.0466300 secs] 5200619K->5123734K(20961280K), 0.0467510 secs] [Times: user=0.34 sys=0.01, real=0.05 secs]
2014-07-28T05:20:32.047+0000: 473.023: [GC2014-07-28T05:20:32.047+0000: 473.023: [ParNew: 90797K->10142K(92160K), 0.0443980 secs] 5205654K->5130766K(20961280K), 0.0445210 secs] [Times: user=0.33 sys=0.01, real=0.04 secs]
2014-07-28T05:20:32.474+0000: 473.450: [GC2014-07-28T05:20:32.474+0000: 473.450: [ParNew: 92062K->9510K(92160K), 0.0494840 secs] 5212686K->5135809K(20961280K), 0.0496040 secs] [Times: user=0.38 sys=0.00, real=0.05 secs]
2014-07-28T05:20:33.013+0000: 473.989: [GC2014-07-28T05:20:33.013+0000: 473.989: [ParNew: 91430K->10207K(92160K), 0.0455690 secs] 5217729K->5142206K(20961280K), 0.0456920 secs] [Times: user=0.33 sys=0.01, real=0.05 secs]
2014-07-28T05:20:33.280+0000: 474.256: [GC2014-07-28T05:20:33.280+0000: 474.256: [ParNew: 92127K->10107K(92160K), 0.0454210 secs] 5224126K->5147829K(20961280K), 0.0455460 secs] [Times: user=0.35 sys=0.00, real=0.04 secs]
2014-07-28T05:20:33.625+0000: 474.601: [GC2014-07-28T05:20:33.625+0000: 474.601: [ParNew: 92027K->10111K(92160K), 0.0458150 secs] 5229749K->5153584K(20961280K), 0.0459340 secs] [Times: user=0.34 sys=0.01, real=0.05 secs]
2014-07-28T05:20:34.095+0000: 475.071: [GC2014-07-28T05:20:34.095+0000: 475.072: [ParNew: 92031K->10240K(92160K), 0.0502200 secs] 5235504K->5160278K(20961280K), 0.0503400 secs] [Times: user=0.38 sys=0.01, real=0.05 secs]
2014-07-28T05:20:34.533+0000: 475.509: [GC2014-07-28T05:20:34.533+0000: 475.509: [ParNew: 92160K->8346K(92160K), 0.0461690 secs] 5242198K->5163744K(20961280K), 0.0462900 secs] [Times: user=0.35 sys=0.00, real=0.05 secs]
2014-07-28T05:20:34.870+0000: 475.846: [GC2014-07-28T05:20:34.870+0000: 475.846: [ParNew: 90263K->9856K(92160K), 0.0465970 secs] 5245660K->5170924K(20961280K), 0.0467150 secs] [Times: user=0.34 sys=0.00, real=0.04 secs]
2014-07-28T05:20:35.354+0000: 476.330: [GC2014-07-28T05:20:35.354+0000: 476.330: [ParNew: 91776K->10240K(92160K), 0.0466180 secs] 5252844K->5177371K(20961280K), 0.0467370 secs] [Times: user=0.34 sys=0.01, real=0.05 secs]
2014-07-28T05:20:35.736+0000: 476.713: [GC2014-07-28T05:20:35.736+0000: 476.713: [ParNew: 92160K->10240K(92160K), 0.0517100 secs] 5259291K->5183355K(20961280K), 0.0518440 secs] [Times: user=0.36 sys=0.01, real=0.06 secs]
2014-07-28T05:20:36.196+0000: 477.172: [GC2014-07-28T05:20:36.196+0000: 477.172: [ParNew: 92160K->10240K(92160K), 0.0562120 secs] 5265275K->5188762K(20961280K), 0.0563400 secs] [Times: user=0.36 sys=0.00, real=0.06 secs]
2014-07-28T05:20:36.619+0000: 477.595: [GC2014-07-28T05:20:36.619+0000: 477.595: [ParNew: 92160K->10240K(92160K), 0.0459620 secs] 5270682K->5194546K(20961280K), 0.0460840 secs] [Times: user=0.34 sys=0.01, real=0.04 secs]
2014-07-28T05:20:37.053+0000: 478.029: [GC2014-07-28T05:20:37.053+0000: 478.029: [ParNew: 92160K->9327K(92160K), 0.0498490 secs] 5276466K->5199306K(20961280K), 0.0499740 secs] [Times: user=0.37 sys=0.02, real=0.05 secs]
2014-07-28T05:20:37.363+0000: 478.339: [GC2014-07-28T05:20:37.363+0000: 478.339: [ParNew: 91247K->8646K(92160K), 0.0484380 secs] 5281226K->5204277K(20961280K), 0.0485560 secs] [Times: user=0.35 sys=0.02, real=0.05 secs]
2014-07-28T05:20:37.721+0000: 478.697: [GC2014-07-28T05:20:37.721+0000: 478.697: [ParNew: 90566K->10240K(92160K), 0.0467440 secs] 5286197K->5211578K(20961280K), 0.0468640 secs] [Times: user=0.33 sys=0.02, real=0.05 secs]
2014-07-28T05:20:38.087+0000: 479.063: [GC2014-07-28T05:20:38.087+0000: 479.063: [ParNew: 92160K->10224K(92160K), 0.0768450 secs] 5293498K->5217351K(20961280K), 0.0769660 secs] [Times: user=0.40 sys=0.00, real=0.07 secs]
2014-07-28T05:20:38.526+0000: 479.502: [GC2014-07-28T05:20:38.526+0000: 479.502: [ParNew: 92144K->10029K(92160K), 0.0462650 secs] 5299271K->5222851K(20961280K), 0.0463810 secs] [Times: user=0.34 sys=0.01, real=0.04 secs]
2014-07-28T05:20:38.990+0000: 479.966: [GC2014-07-28T05:20:38.990+0000: 479.966: [ParNew: 91949K->10240K(92160K), 0.0454300 secs] 5304771K->5228846K(20961280K), 0.0455660 secs] [Times: user=0.33 sys=0.01, real=0.04 secs]
2014-07-28T05:20:39.389+0000: 480.365: [GC2014-07-28T05:20:39.389+0000: 480.365: [ParNew: 92160K->10240K(92160K), 0.0468110 secs] 5310766K->5234669K(20961280K), 0.0469280 secs] [Times: user=0.35 sys=0.01, real=0.04 secs]
2014-07-28T05:20:39.725+0000: 480.701: [GC2014-07-28T05:20:39.725+0000: 480.701: [ParNew: 92160K->10240K(92160K), 0.0464790 secs] 5316589K->5240595K(20961280K), 0.0466020 secs] [Times: user=0.35 sys=0.00, real=0.05 secs]
2014-07-28T05:20:40.159+0000: 481.135: [GC2014-07-28T05:20:40.159+0000: 481.135: [ParNew: 92159K->10240K(92160K), 0.0463900 secs] 5322514K->5246094K(20961280K), 0.0465120 secs] [Times: user=0.35 sys=0.01, real=0.04 secs]
2014-07-28T05:20:40.545+0000: 481.521: [GC2014-07-28T05:20:40.545+0000: 481.521: [ParNew: 92160K->9181K(92160K), 0.0455190 secs] 5328014K->5250592K(20961280K), 0.0456430 secs] [Times: user=0.34 sys=0.01, real=0.05 secs]
2014-07-28T05:20:40.951+0000: 481.927: [GC2014-07-28T05:20:40.951+0000: 481.927: [ParNew: 91095K->8987K(92160K), 0.0464270 secs] 5332506K->5256232K(20961280K), 0.0465430 secs] [Times: user=0.33 sys=0.02, real=0.04 secs]
2014-07-28T05:20:41.329+0000: 482.305: [GC2014-07-28T05:20:41.329+0000: 482.305: [ParNew: 90907K->10006K(92160K), 0.0464890 secs] 5338152K->5262860K(20961280K), 0.0466140 secs] [Times: user=0.36 sys=0.00, real=0.04 secs]
2014-07-28T05:20:41.695+0000: 482.671: [GC2014-07-28T05:20:41.695+0000: 482.671: [ParNew: 91916K->9109K(92160K), 0.0446920 secs] 5344769K->5267787K(20961280K), 0.0448150 secs] [Times: user=0.31 sys=0.03, real=0.05 secs]
2014-07-28T05:20:42.052+0000: 483.028: [GC2014-07-28T05:20:42.052+0000: 483.028: [ParNew: 91028K->10240K(92160K), 0.0497340 secs] 5349705K->5274545K(20961280K), 0.0498540 secs] [Times: user=0.37 sys=0.01, real=0.05 secs]
2014-07-28T05:20:42.466+0000: 483.442: [GC2014-07-28T05:20:42.466+0000: 483.442: [ParNew: 92160K->10240K(92160K), 0.0480630 secs] 5356465K->5280340K(20961280K), 0.0481810 secs] [Times: user=0.36 sys=0.01, real=0.04 secs]
2014-07-28T05:20:43.023+0000: 483.999: [GC2014-07-28T05:20:43.023+0000: 483.999: [ParNew: 92160K->10240K(92160K), 0.0444010 secs] 5362260K->5285998K(20961280K), 0.0445260 secs] [Times: user=0.34 sys=0.00, real=0.05 secs]
2014-07-28T05:20:43.333+0000: 484.309: [GC2014-07-28T05:20:43.333+0000: 484.309: [ParNew: 92160K->10024K(92160K), 0.0470250 secs] 5367918K->5291508K(20961280K), 0.0471640 secs] [Times: user=0.37 sys=0.00, real=0.05 secs]
2014-07-28T05:20:43.664+0000: 484.640: [GC2014-07-28T05:20:43.664+0000: 484.640: [ParNew: 91944K->10240K(92160K), 0.0450830 secs] 5373428K->5297352K(20961280K), 0.0452090 secs] [Times: user=0.34 sys=0.00, real=0.05 secs]
2014-07-28T05:20:44.165+0000: 485.141: [GC2014-07-28T05:20:44.165+0000: 485.141: [ParNew: 92160K->10240K(92160K), 0.0582360 secs] 5379272K->5303149K(20961280K), 0.0583650 secs] [Times: user=0.40 sys=0.00, real=0.06 secs]
2014-07-28T05:20:44.544+0000: 485.520: [GC2014-07-28T05:20:44.544+0000: 485.520: [ParNew: 92160K->10240K(92160K), 0.0761680 secs] 5385069K->5308946K(20961280K), 0.0762960 secs] [Times: user=0.41 sys=0.00, real=0.08 secs]
2014-07-28T05:20:44.875+0000: 485.852: [GC2014-07-28T05:20:44.876+0000: 485.852: [ParNew: 92160K->8858K(92160K), 0.0471270 secs] 5390866K->5313183K(20961280K), 0.0472420 secs] [Times: user=0.35 sys=0.01, real=0.05 secs]
2014-07-28T05:20:45.384+0000: 486.360: [GC2014-07-28T05:20:45.384+0000: 486.360: [ParNew: 90778K->9366K(92160K), 0.0720100 secs] 5395103K->5319407K(20961280K), 0.0721140 secs] [Times: user=0.47 sys=0.00, real=0.07 secs]
2014-07-28T05:20:45.758+0000: 486.734: [GC2014-07-28T05:20:45.758+0000: 486.734: [ParNew: 91286K->9638K(92160K), 0.0638490 secs] 5401327K->5325418K(20961280K), 0.0639590 secs] [Times: user=0.45 sys=0.01, real=0.07 secs]
2014-07-28T05:20:46.222+0000: 487.199: [GC2014-07-28T05:20:46.222+0000: 487.199: [ParNew: 91558K->8506K(92160K), 0.0796710 secs] 5407338K->5330019K(20961280K), 0.0797970 secs] [Times: user=0.38 sys=0.00, real=0.08 secs]
2014-07-28T05:20:46.624+0000: 487.600: [GC2014-07-28T05:20:46.624+0000: 487.600: [ParNew: 90426K->10240K(92160K), 0.0774690 secs] 5411939K->5337357K(20961280K), 0.0775720 secs] [Times: user=0.52 sys=0.00, real=0.08 secs]
2014-07-28T05:20:47.081+0000: 488.057: [GC2014-07-28T05:20:47.081+0000: 488.057: [ParNew: 92160K->9094K(92160K), 0.0594320 secs] 5419277K->5342056K(20961280K), 0.0595390 secs] [Times: user=0.38 sys=0.01, real=0.06 secs]
2014-07-28T05:20:47.355+0000: 488.331: [GC2014-07-28T05:20:47.355+0000: 488.331: [ParNew: 91014K->10240K(92160K), 0.0482120 secs] 5423976K->5348819K(20961280K), 0.0483430 secs] [Times: user=0.34 sys=0.02, real=0.05 secs]
2014-07-28T05:20:47.692+0000: 488.668: [GC2014-07-28T05:20:47.692+0000: 488.668: [ParNew: 92160K->8752K(92160K), 0.0475560 secs] 5430739K->5353248K(20961280K), 0.0476770 secs] [Times: user=0.34 sys=0.02, real=0.05 secs]
2014-07-28T05:20:48.162+0000: 489.138: [GC2014-07-28T05:20:48.162+0000: 489.138: [ParNew: 90672K->9174K(92160K), 0.0530030 secs] 5435168K->5359217K(20961280K), 0.0531340 secs] [Times: user=0.35 sys=0.01, real=0.05 secs]
2014-07-28T05:20:48.517+0000: 489.493: [GC2014-07-28T05:20:48.517+0000: 489.493: [ParNew: 91094K->10240K(92160K), 0.0469300 secs] 5441137K->5365889K(20961280K), 0.0470480 secs] [Times: user=0.36 sys=0.00, real=0.05 secs]
2014-07-28T05:20:49.039+0000: 490.016: [GC2014-07-28T05:20:49.040+0000: 490.016: [ParNew: 92160K->9840K(92160K), 0.0520450 secs] 5447809K->5371352K(20961280K), 0.0521720 secs] [Times: user=0.36 sys=0.02, real=0.05 secs]
2014-07-28T05:20:49.444+0000: 490.421: [GC2014-07-28T05:20:49.445+0000: 490.421: [ParNew: 91760K->8892K(92160K), 0.0471640 secs] 5453272K->5376009K(20961280K), 0.0472840 secs] [Times: user=0.35 sys=0.01, real=0.05 secs]
2014-07-28T05:20:49.777+0000: 490.753: [GC2014-07-28T05:20:49.777+0000: 490.753: [ParNew: 90812K->9529K(92160K), 0.0488950 secs] 5457929K->5382434K(20961280K), 0.0490140 secs] [Times: user=0.34 sys=0.01, real=0.06 secs]
2014-07-28T05:20:50.139+0000: 491.115: [GC2014-07-28T05:20:50.139+0000: 491.115: [ParNew: 91449K->8927K(92160K), 0.0476810 secs] 5464354K->5387588K(20961280K), 0.0478100 secs] [Times: user=0.34 sys=0.01, real=0.05 secs]
2014-07-28T05:20:50.579+0000: 491.555: [GC2014-07-28T05:20:50.579+0000: 491.555: [ParNew: 90847K->10240K(92160K), 0.0464900 secs] 5469508K->5394558K(20961280K), 0.0466390 secs] [Times: user=0.34 sys=0.02, real=0.04 secs]
2014-07-28T05:20:50.940+0000: 491.916: [GC2014-07-28T05:20:50.940+0000: 491.916: [ParNew: 92160K->9343K(92160K), 0.0475800 secs] 5476478K->5399410K(20961280K), 0.0477030 secs] [Times: user=0.37 sys=0.00, real=0.05 secs]
2014-07-28T05:20:51.379+0000: 492.355: [GC2014-07-28T05:20:51.379+0000: 492.355: [ParNew: 91263K->10240K(92160K), 0.0471930 secs] 5481330K->5406066K(20961280K), 0.0473240 secs] [Times: user=0.34 sys=0.02, real=0.05 secs]
2014-07-28T05:20:51.678+0000: 492.654: [GC2014-07-28T05:20:51.678+0000: 492.654: [ParNew: 92160K->10240K(92160K), 0.0449130 secs] 5487986K->5411718K(20961280K), 0.0450380 secs] [Times: user=0.33 sys=0.00, real=0.04 secs]
2014-07-28T05:20:52.103+0000: 493.079: [GC2014-07-28T05:20:52.103+0000: 493.079: [ParNew: 92160K->9393K(92160K), 0.0462980 secs] 5493638K->5416665K(20961280K), 0.0464150 secs] [Times: user=0.36 sys=0.00, real=0.05 secs]
2014-07-28T05:20:52.470+0000: 493.446: [GC2014-07-28T05:20:52.470+0000: 493.446: [ParNew: 91313K->9228K(92160K), 0.0454110 secs] 5498585K->5422121K(20961280K), 0.0455270 secs] [Times: user=0.34 sys=0.00, real=0.04 secs]
2014-07-28T05:20:53.063+0000: 494.040: [GC2014-07-28T05:20:53.064+0000: 494.040: [ParNew: 91148K->8729K(92160K), 0.0454930 secs] 5504041K->5427396K(20961280K), 0.0456130 secs] [Times: user=0.34 sys=0.00, real=0.05 secs]
2014-07-28T05:20:53.314+0000: 494.290: [GC2014-07-28T05:20:53.314+0000: 494.290: [ParNew: 90649K->10240K(92160K), 0.0482820 secs] 5509316K->5434550K(20961280K), 0.0484020 secs] [Times: user=0.36 sys=0.01, real=0.05 secs]
2014-07-28T05:20:53.642+0000: 494.618: [GC2014-07-28T05:20:53.642+0000: 494.618: [ParNew: 92160K->10230K(92160K), 0.0463240 secs] 5516470K->5440376K(20961280K), 0.0464440 secs] [Times: user=0.35 sys=0.01, real=0.05 secs]
2014-07-28T05:20:54.154+0000: 495.130: [GC2014-07-28T05:20:54.154+0000: 495.130: [ParNew: 92137K->9796K(92160K), 0.0478570 secs] 5522282K->5445594K(20961280K), 0.0479860 secs] [Times: user=0.35 sys=0.01, real=0.05 secs]
2014-07-28T05:20:54.533+0000: 495.509: [GC2014-07-28T05:20:54.533+0000: 495.509: [ParNew: 91716K->10240K(92160K), 0.0459840 secs] 5527514K->5451825K(20961280K), 0.0461010 secs] [Times: user=0.33 sys=0.02, real=0.05 secs]
2014-07-28T05:20:54.874+0000: 495.850: [GC2014-07-28T05:20:54.874+0000: 495.850: [ParNew: 92160K->9579K(92160K), 0.0458060 secs] 5533745K->5456806K(20961280K), 0.0459220 secs] [Times: user=0.34 sys=0.01, real=0.05 secs]
2014-07-28T05:20:55.375+0000: 496.351: [GC2014-07-28T05:20:55.376+0000: 496.352: [ParNew: 91499K->10240K(92160K), 0.0673530 secs] 5538726K->5463262K(20961280K), 0.0685760 secs] [Times: user=0.47 sys=0.01, real=0.07 secs]
2014-07-28T05:20:55.815+0000: 496.791: [GC2014-07-28T05:20:55.815+0000: 496.791: [ParNew: 92145K->9431K(92160K), 0.0459630 secs] 5545167K->5468106K(20961280K), 0.0460840 secs] [Times: user=0.34 sys=0.01, real=0.05 secs]
2014-07-28T05:20:56.213+0000: 497.189: [GC2014-07-28T05:20:56.213+0000: 497.189: [ParNew: 91351K->10240K(92160K), 0.0467610 secs] 5550026K->5474572K(20961280K), 0.0468810 secs] [Times: user=0.35 sys=0.00, real=0.05 secs]
2014-07-28T05:20:56.703+0000: 497.680: [GC2014-07-28T05:20:56.704+0000: 497.680: [ParNew: 92160K->8775K(92160K), 0.0467900 secs] 5556492K->5478906K(20961280K), 0.0469080 secs] [Times: user=0.35 sys=0.02, real=0.05 secs]
2014-07-28T05:20:57.072+0000: 498.048: [GC2014-07-28T05:20:57.072+0000: 498.048: [ParNew: 90695K->10240K(92160K), 0.0435470 secs] 5560826K->5485957K(20961280K), 0.0436670 secs] [Times: user=0.32 sys=0.01, real=0.04 secs]
2014-07-28T05:20:57.415+0000: 498.392: [GC2014-07-28T05:20:57.416+0000: 498.392: [ParNew: 92160K->10240K(92160K), 0.0454660 secs] 5567877K->5491753K(20961280K), 0.0455850 secs] [Times: user=0.34 sys=0.01, real=0.05 secs]
2014-07-28T05:20:57.683+0000: 498.659: [GC2014-07-28T05:20:57.683+0000: 498.659: [ParNew: 92160K->9450K(92160K), 0.0445280 secs] 5573673K->5496752K(20961280K), 0.0446480 secs] [Times: user=0.33 sys=0.00, real=0.05 secs]
2014-07-28T05:20:58.078+0000: 499.054: [GC2014-07-28T05:20:58.078+0000: 499.055: [ParNew: 91365K->9055K(92160K), 0.0708340 secs] 5578667K->5502023K(20961280K), 0.0709860 secs] [Times: user=0.38 sys=0.01, real=0.07 secs]
2014-07-28T05:20:58.564+0000: 499.540: [GC2014-07-28T05:20:58.564+0000: 499.540: [ParNew: 90975K->8312K(92160K), 0.0443300 secs] 5583943K->5506894K(20961280K), 0.0444490 secs] [Times: user=0.32 sys=0.02, real=0.05 secs]
2014-07-28T05:20:59.019+0000: 499.995: [GC2014-07-28T05:20:59.019+0000: 499.995: [ParNew: 90232K->9624K(92160K), 0.0465770 secs] 5588814K->5513949K(20961280K), 0.0466980 secs] [Times: user=0.33 sys=0.02, real=0.04 secs]
2014-07-28T05:20:59.406+0000: 500.382: [GC2014-07-28T05:20:59.406+0000: 500.382: [ParNew: 91544K->9264K(92160K), 0.0440880 secs] 5595869K->5519355K(20961280K), 0.0442070 secs] [Times: user=0.33 sys=0.01, real=0.05 secs]
2014-07-28T05:20:59.764+0000: 500.740: [GC2014-07-28T05:20:59.764+0000: 500.740: [ParNew: 91184K->9968K(92160K), 0.0464430 secs] 5601275K->5525733K(20961280K), 0.0465610 secs] [Times: user=0.34 sys=0.02, real=0.05 secs]
2014-07-28T05:21:00.132+0000: 501.108: [GC2014-07-28T05:21:00.132+0000: 501.108: [ParNew: 91888K->10058K(92160K), 0.0472260 secs] 5607653K->5531571K(20961280K), 0.0473540 secs] [Times: user=0.34 sys=0.02, real=0.05 secs]
2014-07-28T05:21:00.588+0000: 501.564: [GC2014-07-28T05:21:00.588+0000: 501.564: [ParNew: 91978K->10240K(92160K), 0.0586170 secs] 5613491K->5537497K(20961280K), 0.0587230 secs] [Times: user=0.40 sys=0.01, real=0.06 secs]
2014-07-28T05:21:00.962+0000: 501.938: [GC2014-07-28T05:21:00.962+0000: 501.938: [ParNew: 92160K->10092K(92160K), 0.0479190 secs] 5619417K->5543030K(20961280K), 0.0480240 secs] [Times: user=0.33 sys=0.02, real=0.05 secs]
2014-07-28T05:21:01.348+0000: 502.324: [GC2014-07-28T05:21:01.348+0000: 502.324: [ParNew: 92012K->8224K(92160K), 0.0564860 secs] 5624950K->5546815K(20961280K), 0.0565910 secs] [Times: user=0.39 sys=0.01, real=0.05 secs]
2014-07-28T05:21:01.670+0000: 502.646: [GC2014-07-28T05:21:01.671+0000: 502.647: [ParNew: 90144K->9505K(92160K), 0.0509920 secs] 5628735K->5553857K(20961280K), 0.0524490 secs] [Times: user=0.36 sys=0.01, real=0.05 secs]
2014-07-28T05:21:02.057+0000: 503.033: [GC2014-07-28T05:21:02.057+0000: 503.033: [ParNew: 91425K->9217K(92160K), 0.0458940 secs] 5635777K->5559320K(20961280K), 0.0460150 secs] [Times: user=0.33 sys=0.02, real=0.04 secs]
2014-07-28T05:21:02.443+0000: 503.419: [GC2014-07-28T05:21:02.443+0000: 503.420: [ParNew: 91137K->8957K(92160K), 0.0441370 secs] 5641240K->5564747K(20961280K), 0.0442590 secs] [Times: user=0.33 sys=0.01, real=0.05 secs]
2014-07-28T05:21:03.019+0000: 503.995: [GC2014-07-28T05:21:03.019+0000: 503.995: [ParNew: 90877K->10240K(92160K), 0.0467050 secs] 5646667K->5571706K(20961280K), 0.0468300 secs] [Times: user=0.34 sys=0.01, real=0.04 secs]
2014-07-28T05:21:03.300+0000: 504.276: [GC2014-07-28T05:21:03.300+0000: 504.276: [ParNew: 92158K->8568K(92160K), 0.0477660 secs] 5653624K->5575786K(20961280K), 0.0479000 secs] [Times: user=0.34 sys=0.01, real=0.05 secs]
2014-07-28T05:21:03.603+0000: 504.579: [GC2014-07-28T05:21:03.603+0000: 504.579: [ParNew: 90488K->9582K(92160K), 0.0437460 secs] 5657706K->5582440K(20961280K), 0.0438700 secs] [Times: user=0.33 sys=0.01, real=0.05 secs]
2014-07-28T05:21:04.125+0000: 505.101: [GC2014-07-28T05:21:04.125+0000: 505.101: [ParNew: 91502K->9739K(92160K), 0.0474410 secs] 5664360K->5588296K(20961280K), 0.0475640 secs] [Times: user=0.35 sys=0.02, real=0.05 secs]
2014-07-28T05:21:04.513+0000: 505.489: [GC2014-07-28T05:21:04.513+0000: 505.489: [ParNew: 91650K->8727K(92160K), 0.0449090 secs] 5670207K->5593038K(20961280K), 0.0450250 secs] [Times: user=0.33 sys=0.02, real=0.05 secs]
2014-07-28T05:21:04.821+0000: 505.797: [GC2014-07-28T05:21:04.821+0000: 505.797: [ParNew: 90647K->10240K(92160K), 0.0464900 secs] 5674958K->5600266K(20961280K), 0.0466160 secs] [Times: user=0.35 sys=0.01, real=0.05 secs]
2014-07-28T05:21:05.368+0000: 506.344: [GC2014-07-28T05:21:05.368+0000: 506.344: [ParNew: 92160K->9747K(92160K), 0.0457740 secs] 5682186K->5605561K(20961280K), 0.0459210 secs] [Times: user=0.32 sys=0.02, real=0.04 secs]
2014-07-28T05:21:05.752+0000: 506.728: [GC2014-07-28T05:21:05.752+0000: 506.728: [ParNew: 91667K->9900K(92160K), 0.0478570 secs] 5687481K->5611363K(20961280K), 0.0479840 secs] [Times: user=0.36 sys=0.02, real=0.05 secs]
2014-07-28T05:21:06.263+0000: 507.239: [GC2014-07-28T05:21:06.263+0000: 507.239: [ParNew: 91820K->8883K(92160K), 0.0470500 secs] 5693283K->5616043K(20961280K), 0.0471740 secs] [Times: user=0.35 sys=0.01, real=0.05 secs]
2014-07-28T05:21:06.652+0000: 507.628: [GC2014-07-28T05:21:06.652+0000: 507.628: [ParNew: 90803K->8902K(92160K), 0.0614550 secs] 5697963K->5621733K(20961280K), 0.0615570 secs] [Times: user=0.42 sys=0.01, real=0.06 secs]
2014-07-28T05:21:07.068+0000: 508.044: [GC2014-07-28T05:21:07.068+0000: 508.044: [ParNew: 90820K->8864K(92160K), 0.0512650 secs] 5703650K->5627456K(20961280K), 0.0513700 secs] [Times: user=0.36 sys=0.00, real=0.05 secs]
2014-07-28T05:21:07.415+0000: 508.391: [GC2014-07-28T05:21:07.415+0000: 508.391: [ParNew: 90777K->10008K(92160K), 0.0562920 secs] 5709370K->5634327K(20961280K), 0.0563950 secs] [Times: user=0.40 sys=0.01, real=0.05 secs]
2014-07-28T05:21:07.649+0000: 508.625: [GC2014-07-28T05:21:07.649+0000: 508.625: [ParNew: 91928K->10240K(92160K), 0.0595370 secs] 5716247K->5640361K(20961280K), 0.0596410 secs] [Times: user=0.43 sys=0.00, real=0.06 secs]
2014-07-28T05:21:07.993+0000: 508.969: [GC2014-07-28T05:21:07.993+0000: 508.969: [ParNew: 92160K->10240K(92160K), 0.0433460 secs] 5722281K->5646059K(20961280K), 0.0434700 secs] [Times: user=0.34 sys=0.00, real=0.05 secs]
2014-07-28T05:21:08.474+0000: 509.450: [GC2014-07-28T05:21:08.474+0000: 509.450: [ParNew: 92159K->9090K(92160K), 0.0454410 secs] 5727979K->5650623K(20961280K), 0.0455650 secs] [Times: user=0.34 sys=0.00, real=0.04 secs]
2014-07-28T05:21:09.052+0000: 510.028: [GC2014-07-28T05:21:09.052+0000: 510.028: [ParNew: 91010K->8077K(92160K), 0.0429870 secs] 5732543K->5655215K(20961280K), 0.0431090 secs] [Times: user=0.32 sys=0.01, real=0.05 secs]
2014-07-28T05:21:09.373+0000: 510.349: [GC2014-07-28T05:21:09.373+0000: 510.349: [ParNew: 89997K->8750K(92160K), 0.0465840 secs] 5737135K->5661546K(20961280K), 0.0467070 secs] [Times: user=0.35 sys=0.01, real=0.05 secs]
2014-07-28T05:21:09.687+0000: 510.663: [GC2014-07-28T05:21:09.687+0000: 510.663: [ParNew: 90670K->8289K(92160K), 0.0453110 secs] 5743466K->5666815K(20961280K), 0.0454310 secs] [Times: user=0.33 sys=0.01, real=0.04 secs]
2014-07-28T05:21:10.052+0000: 511.028: [GC2014-07-28T05:21:10.052+0000: 511.028: [ParNew: 90205K->8262K(92160K), 0.0457720 secs] 5748731K->5672530K(20961280K), 0.0459040 secs] [Times: user=0.34 sys=0.01, real=0.05 secs]
2014-07-28T05:21:10.458+0000: 511.434: [GC2014-07-28T05:21:10.458+0000: 511.434: [ParNew: 90182K->9569K(92160K), 0.0469150 secs] 5754450K->5679519K(20961280K), 0.0470380 secs] [Times: user=0.35 sys=0.01, real=0.04 secs]
2014-07-28T05:21:10.826+0000: 511.802: [GC2014-07-28T05:21:10.826+0000: 511.802: [ParNew: 91489K->9294K(92160K), 0.0465600 secs] 5761439K->5684990K(20961280K), 0.0466770 secs] [Times: user=0.34 sys=0.02, real=0.04 secs]
2014-07-28T05:21:11.333+0000: 512.309: [GC2014-07-28T05:21:11.333+0000: 512.309: [ParNew: 91214K->8775K(92160K), 0.0433970 secs] 5766910K->5690205K(20961280K), 0.0435180 secs] [Times: user=0.32 sys=0.02, real=0.05 secs]
2014-07-28T05:21:11.618+0000: 512.594: [GC2014-07-28T05:21:11.618+0000: 512.594: [ParNew: 90695K->8886K(92160K), 0.0437830 secs] 5772125K->5695968K(20961280K), 0.0439030 secs] [Times: user=0.33 sys=0.00, real=0.04 secs]
2014-07-28T05:21:11.967+0000: 512.943: [GC2014-07-28T05:21:11.967+0000: 512.943: [ParNew: 90806K->10240K(92160K), 0.0468970 secs] 5777888K->5703263K(20961280K), 0.0470220 secs] [Times: user=0.35 sys=0.01, real=0.04 secs]
2014-07-28T05:21:12.325+0000: 513.301: [GC2014-07-28T05:21:12.325+0000: 513.301: [ParNew: 92160K->10240K(92160K), 0.0476570 secs] 5785183K->5708894K(20961280K), 0.0477820 secs] [Times: user=0.34 sys=0.02, real=0.05 secs]
2014-07-28T05:21:12.794+0000: 513.770: [GC2014-07-28T05:21:12.794+0000: 513.770: [ParNew: 92160K->9431K(92160K), 0.0475430 secs] 5790814K->5713828K(20961280K), 0.0476860 secs] [Times: user=0.36 sys=0.01, real=0.04 secs]
2014-07-28T05:21:13.325+0000: 514.301: [GC2014-07-28T05:21:13.325+0000: 514.301: [ParNew: 91351K->10240K(92160K), 0.0481090 secs] 5795748K->5720165K(20961280K), 0.0482320 secs] [Times: user=0.36 sys=0.00, real=0.05 secs]
2014-07-28T05:21:13.585+0000: 514.561: [GC2014-07-28T05:21:13.585+0000: 514.561: [ParNew: 92160K->10240K(92160K), 0.0459070 secs] 5802085K->5726014K(20961280K), 0.0460230 secs] [Times: user=0.33 sys=0.02, real=0.05 secs]
2014-07-28T05:21:13.934+0000: 514.910: [GC2014-07-28T05:21:13.934+0000: 514.910: [ParNew: 92160K->10240K(92160K), 0.0462320 secs] 5807934K->5731845K(20961280K), 0.0463530 secs] [Times: user=0.34 sys=0.00, real=0.04 secs]
2014-07-28T05:21:14.420+0000: 515.396: [GC2014-07-28T05:21:14.420+0000: 515.396: [ParNew: 92160K->10240K(92160K), 0.0441840 secs] 5813765K->5737636K(20961280K), 0.0443040 secs] [Times: user=0.32 sys=0.01, real=0.04 secs]
2014-07-28T05:21:14.869+0000: 515.845: [GC2014-07-28T05:21:14.869+0000: 515.845: [ParNew: 92160K->10240K(92160K), 0.0424400 secs] 5819556K->5743288K(20961280K), 0.0425560 secs] [Times: user=0.28 sys=0.04, real=0.04 secs]
2014-07-28T05:21:15.159+0000: 516.135: [GC2014-07-28T05:21:15.159+0000: 516.135: [ParNew: 92160K->8707K(92160K), 0.0495370 secs] 5825208K->5747290K(20961280K), 0.0496550 secs] [Times: user=0.36 sys=0.00, real=0.05 secs]
2014-07-28T05:21:15.654+0000: 516.630: [GC2014-07-28T05:21:15.654+0000: 516.630: [ParNew: 90627K->9820K(92160K), 0.0462790 secs] 5829210K->5754146K(20961280K), 0.0463970 secs] [Times: user=0.35 sys=0.00, real=0.04 secs]
2014-07-28T05:21:16.035+0000: 517.012: [GC2014-07-28T05:21:16.036+0000: 517.012: [ParNew: 91740K->10240K(92160K), 0.0486480 secs] 5836066K->5760347K(20961280K), 0.0487760 secs] [Times: user=0.37 sys=0.01, real=0.04 secs]
2014-07-28T05:21:16.524+0000: 517.500: [GC2014-07-28T05:21:16.524+0000: 517.500: [ParNew: 92160K->10240K(92160K), 0.0451910 secs] 5842267K->5765995K(20961280K), 0.0453240 secs] [Times: user=0.34 sys=0.01, real=0.05 secs]
2014-07-28T05:21:16.919+0000: 517.895: [GC2014-07-28T05:21:16.919+0000: 517.895: [ParNew: 92160K->10240K(92160K), 0.0454270 secs] 5847915K->5772218K(20961280K), 0.0455580 secs] [Times: user=0.35 sys=0.00, real=0.04 secs]
2014-07-28T05:21:17.403+0000: 518.379: [GC2014-07-28T05:21:17.403+0000: 518.379: [ParNew: 92160K->10240K(92160K), 0.0433110 secs] 5854138K->5777677K(20961280K), 0.0434380 secs] [Times: user=0.34 sys=0.00, real=0.05 secs]
2014-07-28T05:21:17.693+0000: 518.669: [GC2014-07-28T05:21:17.693+0000: 518.669: [ParNew: 92160K->7745K(92160K), 0.0426940 secs] 5859597K->5780758K(20961280K), 0.0428140 secs] [Times: user=0.32 sys=0.00, real=0.05 secs]
2014-07-28T05:21:17.998+0000: 518.974: [GC2014-07-28T05:21:17.998+0000: 518.974: [ParNew: 89665K->9996K(92160K), 0.0480420 secs] 5862678K->5788704K(20961280K), 0.0481760 secs] [Times: user=0.37 sys=0.00, real=0.04 secs]
2014-07-28T05:21:18.410+0000: 519.386: [GC2014-07-28T05:21:18.410+0000: 519.386: [ParNew: 91916K->10240K(92160K), 0.0450400 secs] 5870624K->5794821K(20961280K), 0.0451600 secs] [Times: user=0.32 sys=0.03, real=0.05 secs]
2014-07-28T05:21:18.802+0000: 519.778: [GC2014-07-28T05:21:18.802+0000: 519.778: [ParNew: 92160K->10240K(92160K), 0.0450770 secs] 5876741K->5800477K(20961280K), 0.0451960 secs] [Times: user=0.35 sys=0.00, real=0.05 secs]
2014-07-28T05:21:19.287+0000: 520.263: [GC2014-07-28T05:21:19.287+0000: 520.263: [ParNew: 92160K->10240K(92160K), 0.0454240 secs] 5882397K->5806195K(20961280K), 0.0455420 secs] [Times: user=0.33 sys=0.03, real=0.04 secs]
2014-07-28T05:21:19.686+0000: 520.662: [GC2014-07-28T05:21:19.686+0000: 520.662: [ParNew: 92160K->10240K(92160K), 0.0473530 secs] 5888115K->5812251K(20961280K), 0.0474720 secs] [Times: user=0.35 sys=0.01, real=0.05 secs]
2014-07-28T05:21:20.019+0000: 520.995: [GC2014-07-28T05:21:20.019+0000: 520.995: [ParNew: 92160K->10240K(92160K), 0.0458590 secs] 5894171K->5818047K(20961280K), 0.0460060 secs] [Times: user=0.34 sys=0.01, real=0.04 secs]
2014-07-28T05:21:20.446+0000: 521.422: [GC2014-07-28T05:21:20.446+0000: 521.422: [ParNew: 92160K->10240K(92160K), 0.0444730 secs] 5899967K->5824004K(20961280K), 0.0445970 secs] [Times: user=0.32 sys=0.02, real=0.05 secs]
2014-07-28T05:21:20.825+0000: 521.801: [GC2014-07-28T05:21:20.825+0000: 521.801: [ParNew: 92160K->10065K(92160K), 0.0465510 secs] 5905924K->5829063K(20961280K), 0.0466620 secs] [Times: user=0.34 sys=0.02, real=0.05 secs]
2014-07-28T05:21:21.215+0000: 522.191: [GC2014-07-28T05:21:21.215+0000: 522.191: [ParNew: 91985K->10240K(92160K), 0.0451120 secs] 5910983K->5835156K(20961280K), 0.0452340 secs] [Times: user=0.34 sys=0.00, real=0.04 secs]
2014-07-28T05:21:21.664+0000: 522.640: [GC2014-07-28T05:21:21.664+0000: 522.640: [ParNew: 92160K->9124K(92160K), 0.0463120 secs] 5917076K->5839582K(20961280K), 0.0464310 secs] [Times: user=0.34 sys=0.01, real=0.05 secs]
2014-07-28T05:21:22.009+0000: 522.985: [GC2014-07-28T05:21:22.009+0000: 522.985: [ParNew: 91044K->9343K(92160K), 0.0468440 secs] 5921502K->5845415K(20961280K), 0.0469610 secs] [Times: user=0.35 sys=0.01, real=0.05 secs]
2014-07-28T05:21:22.379+0000: 523.355: [GC2014-07-28T05:21:22.379+0000: 523.356: [ParNew: 91263K->9552K(92160K), 0.0458490 secs] 5927335K->5851276K(20961280K), 0.0459730 secs] [Times: user=0.34 sys=0.01, real=0.04 secs]
2014-07-28T05:21:22.761+0000: 523.737: [GC2014-07-28T05:21:22.761+0000: 523.737: [ParNew: 91472K->8906K(92160K), 0.0454750 secs] 5933196K->5856397K(20961280K), 0.0455970 secs] [Times: user=0.34 sys=0.01, real=0.05 secs]
2014-07-28T05:21:23.322+0000: 524.298: [GC2014-07-28T05:21:23.322+0000: 524.298: [ParNew: 90826K->9651K(92160K), 0.0461170 secs] 5938317K->5862848K(20961280K), 0.0462330 secs] [Times: user=0.34 sys=0.01, real=0.05 secs]
2014-07-28T05:21:23.642+0000: 524.618: [GC2014-07-28T05:21:23.642+0000: 524.618: [ParNew: 91571K->9915K(92160K), 0.0460300 secs] 5944768K->5868797K(20961280K), 0.0461470 secs] [Times: user=0.34 sys=0.02, real=0.05 secs]
2014-07-28T05:21:23.983+0000: 524.960: [GC2014-07-28T05:21:23.984+0000: 524.960: [ParNew: 91835K->8884K(92160K), 0.0460210 secs] 5950717K->5873460K(20961280K), 0.0461430 secs] [Times: user=0.35 sys=0.00, real=0.05 secs]
2014-07-28T05:21:24.478+0000: 525.454: [GC2014-07-28T05:21:24.478+0000: 525.454: [ParNew: 90804K->10240K(92160K), 0.0453350 secs] 5955380K->5880514K(20961280K), 0.0454560 secs] [Times: user=0.35 sys=0.00, real=0.04 secs]
2014-07-28T05:21:24.843+0000: 525.819: [GC2014-07-28T05:21:24.843+0000: 525.819: [ParNew: 92160K->10089K(92160K), 0.0458360 secs] 5962434K->5886165K(20961280K), 0.0459550 secs] [Times: user=0.34 sys=0.01, real=0.05 secs]
2014-07-28T05:21:25.159+0000: 526.135: [GC2014-07-28T05:21:25.159+0000: 526.135: [ParNew: 92009K->9367K(92160K), 0.0439150 secs] 5968085K->5891120K(20961280K), 0.0440330 secs] [Times: user=0.33 sys=0.01, real=0.04 secs]
2014-07-28T05:21:25.702+0000: 526.678: [GC2014-07-28T05:21:25.702+0000: 526.678: [ParNew: 91287K->8111K(92160K), 0.0506800 secs] 5973040K->5895515K(20961280K), 0.0507980 secs] [Times: user=0.37 sys=0.01, real=0.05 secs]
2014-07-28T05:21:26.078+0000: 527.054: [GC2014-07-28T05:21:26.078+0000: 527.054: [ParNew: 90031K->10061K(92160K), 0.0461710 secs] 5977435K->5903181K(20961280K), 0.0462870 secs] [Times: user=0.36 sys=0.00, real=0.04 secs]
2014-07-28T05:21:26.528+0000: 527.505: [GC2014-07-28T05:21:26.529+0000: 527.505: [ParNew: 91981K->8531K(92160K), 0.0775470 secs] 5985101K->5911460K(20961280K), 0.0776810 secs] [Times: user=0.36 sys=0.01, real=0.08 secs]
2014-07-28T05:21:26.972+0000: 527.949: [GC2014-07-28T05:21:26.973+0000: 527.949: [ParNew: 90451K->8411K(92160K), 0.0454270 secs] 5993380K->5916745K(20961280K), 0.0455620 secs] [Times: user=0.35 sys=0.00, real=0.05 secs]
2014-07-28T05:21:27.344+0000: 528.320: [GC2014-07-28T05:21:27.344+0000: 528.320: [ParNew: 90331K->10240K(92160K), 0.0458050 secs] 5998665K->5924375K(20961280K), 0.0459250 secs] [Times: user=0.34 sys=0.01, real=0.05 secs]
2014-07-28T05:21:27.658+0000: 528.634: [GC2014-07-28T05:21:27.658+0000: 528.634: [ParNew: 92160K->10240K(92160K), 0.0466030 secs] 6006295K->5930416K(20961280K), 0.0467560 secs] [Times: user=0.35 sys=0.01, real=0.04 secs]
2014-07-28T05:21:27.998+0000: 528.974: [GC2014-07-28T05:21:27.998+0000: 528.974: [ParNew: 92160K->9614K(92160K), 0.0428260 secs] 6012336K->5935459K(20961280K), 0.0429480 secs] [Times: user=0.32 sys=0.00, real=0.04 secs]
2014-07-28T05:21:28.443+0000: 529.419: [GC2014-07-28T05:21:28.443+0000: 529.419: [ParNew: 91534K->9802K(92160K), 0.0443030 secs] 6017379K->5941170K(20961280K), 0.0444200 secs] [Times: user=0.33 sys=0.00, real=0.05 secs]
2014-07-28T05:21:28.805+0000: 529.781: [GC2014-07-28T05:21:28.805+0000: 529.781: [ParNew: 91722K->9930K(92160K), 0.0454230 secs] 6023090K->5946986K(20961280K), 0.0455450 secs] [Times: user=0.34 sys=0.01, real=0.05 secs]
2014-07-28T05:21:29.282+0000: 530.258: [GC2014-07-28T05:21:29.282+0000: 530.258: [ParNew: 91850K->9241K(92160K), 0.0441190 secs] 6028906K->5952059K(20961280K), 0.0442380 secs] [Times: user=0.32 sys=0.01, real=0.05 secs]
2014-07-28T05:21:29.734+0000: 530.710: [GC2014-07-28T05:21:29.734+0000: 530.710: [ParNew: 91161K->9779K(92160K), 0.0432580 secs] 6033979K->5958287K(20961280K), 0.0433780 secs] [Times: user=0.31 sys=0.02, real=0.04 secs]
2014-07-28T05:21:30.054+0000: 531.030: [GC2014-07-28T05:21:30.054+0000: 531.030: [ParNew: 91699K->7789K(92160K), 0.0456000 secs] 6040207K->5961951K(20961280K), 0.0457210 secs] [Times: user=0.34 sys=0.01, real=0.05 secs]
2014-07-28T05:21:30.401+0000: 531.377: [GC2014-07-28T05:21:30.401+0000: 531.377: [ParNew: 89709K->9850K(92160K), 0.0592180 secs] 6043871K->5969746K(20961280K), 0.0593380 secs] [Times: user=0.37 sys=0.01, real=0.06 secs]
2014-07-28T05:21:30.863+0000: 531.840: [GC2014-07-28T05:21:30.864+0000: 531.840: [ParNew: 91770K->9901K(92160K), 0.0462390 secs] 6051666K->5975512K(20961280K), 0.0463590 secs] [Times: user=0.35 sys=0.00, real=0.05 secs]
2014-07-28T05:21:31.203+0000: 532.179: [GC2014-07-28T05:21:31.203+0000: 532.179: [ParNew: 91821K->9673K(92160K), 0.0461260 secs] 6057432K->5980921K(20961280K), 0.0462460 secs] [Times: user=0.34 sys=0.01, real=0.04 secs]
2014-07-28T05:21:31.614+0000: 532.590: [GC2014-07-28T05:21:31.614+0000: 532.590: [ParNew: 91579K->10080K(92160K), 0.0464950 secs] 6062827K->5987136K(20961280K), 0.0466120 secs] [Times: user=0.33 sys=0.02, real=0.05 secs]
2014-07-28T05:21:31.946+0000: 532.922: [GC2014-07-28T05:21:31.946+0000: 532.922: [ParNew: 92000K->9958K(92160K), 0.0442920 secs] 6069056K->5992684K(20961280K), 0.0444150 secs] [Times: user=0.33 sys=0.01, real=0.04 secs]
2014-07-28T05:21:32.336+0000: 533.312: [GC2014-07-28T05:21:32.336+0000: 533.312: [ParNew: 91878K->9873K(92160K), 0.0454840 secs] 6074604K->5998286K(20961280K), 0.0456060 secs] [Times: user=0.34 sys=0.01, real=0.04 secs]
2014-07-28T05:21:32.735+0000: 533.711: [GC2014-07-28T05:21:32.735+0000: 533.711: [ParNew: 91793K->9042K(92160K), 0.0451580 secs] 6080206K->6003155K(20961280K), 0.0452760 secs] [Times: user=0.34 sys=0.01, real=0.04 secs]
2014-07-28T05:21:33.296+0000: 534.272: [GC2014-07-28T05:21:33.296+0000: 534.272: [ParNew: 90961K->9202K(92160K), 0.0458980 secs] 6085074K->6009005K(20961280K), 0.0460200 secs] [Times: user=0.35 sys=0.00, real=0.05 secs]
2014-07-28T05:21:33.575+0000: 534.551: [GC2014-07-28T05:21:33.575+0000: 534.551: [ParNew: 91107K->10240K(92160K), 0.0450500 secs] 6090909K->6015739K(20961280K), 0.0451650 secs] [Times: user=0.34 sys=0.00, real=0.04 secs]
2014-07-28T05:21:33.918+0000: 534.894: [GC2014-07-28T05:21:33.918+0000: 534.894: [ParNew: 92160K->8989K(92160K), 0.0432690 secs] 6097659K->6020264K(20961280K), 0.0433910 secs] [Times: user=0.33 sys=0.01, real=0.04 secs]
2014-07-28T05:21:34.439+0000: 535.415: [GC2014-07-28T05:21:34.439+0000: 535.415: [ParNew: 90909K->9785K(92160K), 0.0435150 secs] 6102184K->6026676K(20961280K), 0.0436230 secs] [Times: user=0.32 sys=0.00, real=0.05 secs]
2014-07-28T05:21:34.803+0000: 535.779: [GC2014-07-28T05:21:34.803+0000: 535.779: [ParNew: 91705K->8480K(92160K), 0.0447840 secs] 6108596K->6031044K(20961280K), 0.0449290 secs] [Times: user=0.34 sys=0.00, real=0.04 secs]
2014-07-28T05:21:35.133+0000: 536.109: [GC2014-07-28T05:21:35.133+0000: 536.109: [ParNew: 90400K->9125K(92160K), 0.0472950 secs] 6112964K->6037452K(20961280K), 0.0474190 secs] [Times: user=0.34 sys=0.01, real=0.05 secs]
2014-07-28T05:21:35.666+0000: 536.642: [GC2014-07-28T05:21:35.666+0000: 536.642: [ParNew: 91045K->9962K(92160K), 0.0759400 secs] 6119372K->6043974K(20961280K), 0.0760590 secs] [Times: user=0.44 sys=0.00, real=0.08 secs]
2014-07-28T05:21:36.043+0000: 537.019: [GC2014-07-28T05:21:36.043+0000: 537.019: [ParNew: 91882K->10240K(92160K), 0.0445520 secs] 6125894K->6049916K(20961280K), 0.0446760 secs] [Times: user=0.33 sys=0.01, real=0.04 secs]
2014-07-28T05:21:36.494+0000: 537.470: [GC2014-07-28T05:21:36.494+0000: 537.470: [ParNew: 92160K->10240K(92160K), 0.0455410 secs] 6131836K->6055669K(20961280K), 0.0456650 secs] [Times: user=0.33 sys=0.02, real=0.05 secs]
2014-07-28T05:21:36.943+0000: 537.919: [GC2014-07-28T05:21:36.943+0000: 537.919: [ParNew: 92160K->8950K(92160K), 0.0457200 secs] 6137589K->6060136K(20961280K), 0.0458370 secs] [Times: user=0.34 sys=0.01, real=0.04 secs]
2014-07-28T05:21:37.339+0000: 538.315: [GC2014-07-28T05:21:37.339+0000: 538.315: [ParNew: 90870K->10102K(92160K), 0.0445870 secs] 6142056K->6066910K(20961280K), 0.0447080 secs] [Times: user=0.33 sys=0.00, real=0.05 secs]
2014-07-28T05:21:37.713+0000: 538.689: [GC2014-07-28T05:21:37.713+0000: 538.689: [ParNew: 92022K->9922K(92160K), 0.0440470 secs] 6148830K->6072459K(20961280K), 0.0441620 secs] [Times: user=0.32 sys=0.02, real=0.05 secs]
2014-07-28T05:21:37.944+0000: 538.920: [GC2014-07-28T05:21:37.944+0000: 538.920: [ParNew: 91842K->10142K(92160K), 0.0536320 secs] 6154379K->6078328K(20961280K), 0.0537460 secs] [Times: user=0.38 sys=0.02, real=0.05 secs]
2014-07-28T05:21:38.338+0000: 539.315: [GC2014-07-28T05:21:38.339+0000: 539.315: [ParNew: 92062K->9696K(92160K), 0.0458830 secs] 6160248K->6083703K(20961280K), 0.0460060 secs] [Times: user=0.34 sys=0.01, real=0.05 secs]
2014-07-28T05:21:38.797+0000: 539.773: [GC2014-07-28T05:21:38.797+0000: 539.773: [ParNew: 91616K->8773K(92160K), 0.0479330 secs] 6165623K->6088432K(20961280K), 0.0480500 secs] [Times: user=0.38 sys=0.00, real=0.05 secs]
2014-07-28T05:21:39.283+0000: 540.259: [GC2014-07-28T05:21:39.283+0000: 540.259: [ParNew: 90693K->10240K(92160K), 0.0430750 secs] 6170352K->6095616K(20961280K), 0.0431910 secs] [Times: user=0.32 sys=0.00, real=0.04 secs]
2014-07-28T05:21:39.663+0000: 540.639: [GC2014-07-28T05:21:39.663+0000: 540.640: [ParNew: 92160K->9391K(92160K), 0.0441800 secs] 6177536K->6100469K(20961280K), 0.0443000 secs] [Times: user=0.33 sys=0.01, real=0.04 secs]
2014-07-28T05:21:40.022+0000: 540.998: [GC2014-07-28T05:21:40.022+0000: 540.998: [ParNew: 91311K->10240K(92160K), 0.0465570 secs] 6182389K->6107039K(20961280K), 0.0466780 secs] [Times: user=0.36 sys=0.00, real=0.04 secs]
2014-07-28T05:21:40.393+0000: 541.369: [GC2014-07-28T05:21:40.393+0000: 541.369: [ParNew: 92160K->10240K(92160K), 0.0476910 secs] 6188959K->6112715K(20961280K), 0.0478100 secs] [Times: user=0.36 sys=0.01, real=0.05 secs]
2014-07-28T05:21:40.844+0000: 541.820: [GC2014-07-28T05:21:40.844+0000: 541.820: [ParNew: 92160K->10240K(92160K), 0.0471150 secs] 6194635K->6118472K(20961280K), 0.0472330 secs] [Times: user=0.35 sys=0.02, real=0.04 secs]
2014-07-28T05:21:41.202+0000: 542.178: [GC2014-07-28T05:21:41.202+0000: 542.179: [ParNew: 92160K->9687K(92160K), 0.0454450 secs] 6200392K->6123631K(20961280K), 0.0455680 secs] [Times: user=0.34 sys=0.00, real=0.04 secs]
2014-07-28T05:21:41.592+0000: 542.568: [GC2014-07-28T05:21:41.592+0000: 542.569: [ParNew: 91607K->10108K(92160K), 0.0476890 secs] 6205551K->6129609K(20961280K), 0.0478220 secs] [Times: user=0.35 sys=0.02, real=0.05 secs]
2014-07-28T05:21:41.937+0000: 542.913: [GC2014-07-28T05:21:41.937+0000: 542.913: [ParNew: 92027K->10240K(92160K), 0.0439880 secs] 6211529K->6135559K(20961280K), 0.0441080 secs] [Times: user=0.31 sys=0.02, real=0.04 secs]
2014-07-28T05:21:42.303+0000: 543.279: [GC2014-07-28T05:21:42.303+0000: 543.279: [ParNew: 92160K->10145K(92160K), 0.0473090 secs] 6217479K->6141157K(20961280K), 0.0474570 secs] [Times: user=0.36 sys=0.01, real=0.04 secs]
2014-07-28T05:21:42.683+0000: 543.659: [GC2014-07-28T05:21:42.683+0000: 543.659: [ParNew: 92065K->10134K(92160K), 0.0445450 secs] 6223077K->6146868K(20961280K), 0.0446810 secs] [Times: user=0.33 sys=0.02, real=0.04 secs]
2014-07-28T05:21:43.263+0000: 544.239: [GC2014-07-28T05:21:43.263+0000: 544.239: [ParNew: 92054K->10240K(92160K), 0.0454860 secs] 6228788K->6152586K(20961280K), 0.0456070 secs] [Times: user=0.35 sys=0.00, real=0.04 secs]
2014-07-28T05:21:43.575+0000: 544.551: [GC2014-07-28T05:21:43.575+0000: 544.551: [ParNew: 92160K->8847K(92160K), 0.0444350 secs] 6234506K->6156929K(20961280K), 0.0445560 secs] [Times: user=0.33 sys=0.01, real=0.04 secs]
2014-07-28T05:21:43.861+0000: 544.837: [GC2014-07-28T05:21:43.861+0000: 544.838: [ParNew: 90767K->9373K(92160K), 0.0525170 secs] 6238849K->6163099K(20961280K), 0.0526520 secs] [Times: user=0.38 sys=0.00, real=0.06 secs]
2014-07-28T05:21:44.389+0000: 545.365: [GC2014-07-28T05:21:44.389+0000: 545.365: [ParNew: 91293K->9073K(92160K), 0.0439960 secs] 6245019K->6168589K(20961280K), 0.0441200 secs] [Times: user=0.32 sys=0.01, real=0.04 secs]
2014-07-28T05:21:44.773+0000: 545.749: [GC2014-07-28T05:21:44.773+0000: 545.749: [ParNew: 90993K->7841K(92160K), 0.0417680 secs] 6250509K->6173017K(20961280K), 0.0418830 secs] [Times: user=0.32 sys=0.01, real=0.05 secs]
2014-07-28T05:21:45.085+0000: 546.061: [GC2014-07-28T05:21:45.085+0000: 546.061: [ParNew: 89761K->10240K(92160K), 0.0448350 secs] 6254937K->6181082K(20961280K), 0.0449560 secs] [Times: user=0.34 sys=0.00, real=0.04 secs]
2014-07-28T05:21:45.636+0000: 546.612: [GC2014-07-28T05:21:45.636+0000: 546.612: [ParNew: 92160K->9820K(92160K), 0.0449100 secs] 6263002K->6186494K(20961280K), 0.0450260 secs] [Times: user=0.33 sys=0.01, real=0.04 secs]
2014-07-28T05:21:46.003+0000: 546.979: [GC2014-07-28T05:21:46.003+0000: 546.979: [ParNew: 91740K->8778K(92160K), 0.0461430 secs] 6268414K->6191035K(20961280K), 0.0462640 secs] [Times: user=0.34 sys=0.01, real=0.04 secs]
2014-07-28T05:21:46.493+0000: 547.469: [GC2014-07-28T05:21:46.493+0000: 547.469: [ParNew: 90698K->9277K(92160K), 0.0455500 secs] 6272955K->6197233K(20961280K), 0.0456710 secs] [Times: user=0.34 sys=0.01, real=0.05 secs]
2014-07-28T05:21:46.890+0000: 547.866: [GC2014-07-28T05:21:46.897+0000: 547.873: [ParNew: 91197K->10240K(92160K), 0.0438600 secs] 6279153K->6203879K(20961280K), 0.0504820 secs] [Times: user=0.33 sys=0.00, real=0.05 secs]
2014-07-28T05:21:47.322+0000: 548.298: [GC2014-07-28T05:21:47.322+0000: 548.298: [ParNew: 92160K->9345K(92160K), 0.0455440 secs] 6285799K->6208756K(20961280K), 0.0456660 secs] [Times: user=0.33 sys=0.01, real=0.04 secs]
2014-07-28T05:21:47.684+0000: 548.660: [GC2014-07-28T05:21:47.684+0000: 548.660: [ParNew: 91265K->9252K(92160K), 0.0807260 secs] 6290676K->6214301K(20961280K), 0.0808530 secs] [Times: user=0.37 sys=0.01, real=0.08 secs]
2014-07-28T05:21:47.916+0000: 548.892: [GC2014-07-28T05:21:47.916+0000: 548.892: [ParNew: 91172K->10240K(92160K), 0.0465480 secs] 6296221K->6221129K(20961280K), 0.0466690 secs] [Times: user=0.35 sys=0.01, real=0.05 secs]
2014-07-28T05:21:48.252+0000: 549.228: [GC2014-07-28T05:21:48.252+0000: 549.228: [ParNew: 92160K->9441K(92160K), 0.0470460 secs] 6303049K->6226002K(20961280K), 0.0471620 secs] [Times: user=0.36 sys=0.01, real=0.05 secs]
2014-07-28T05:21:48.693+0000: 549.669: [GC2014-07-28T05:21:48.693+0000: 549.669: [ParNew: 91361K->9881K(92160K), 0.0464780 secs] 6307922K->6232131K(20961280K), 0.0465990 secs] [Times: user=0.35 sys=0.00, real=0.05 secs]
2014-07-28T05:21:49.272+0000: 550.248: [GC2014-07-28T05:21:49.272+0000: 550.248: [ParNew: 91801K->7664K(92160K), 0.0435020 secs] 6314051K->6235116K(20961280K), 0.0436170 secs] [Times: user=0.32 sys=0.01, real=0.05 secs]
2014-07-28T05:21:49.597+0000: 550.573: [GC2014-07-28T05:21:49.597+0000: 550.573: [ParNew: 89584K->8992K(92160K), 0.0438990 secs] 6317036K->6241710K(20961280K), 0.0440440 secs] [Times: user=0.32 sys=0.02, real=0.04 secs]
2014-07-28T05:21:49.941+0000: 550.917: [GC2014-07-28T05:21:49.941+0000: 550.917: [ParNew: 90912K->9079K(92160K), 0.0455250 secs] 6323630K->6247550K(20961280K), 0.0456520 secs] [Times: user=0.33 sys=0.02, real=0.05 secs]
2014-07-28T05:21:50.317+0000: 551.293: [GC2014-07-28T05:21:50.317+0000: 551.293: [ParNew: 90999K->8427K(92160K), 0.0434860 secs] 6329470K->6252636K(20961280K), 0.0436060 secs] [Times: user=0.33 sys=0.00, real=0.04 secs]
2014-07-28T05:21:50.713+0000: 551.689: [GC2014-07-28T05:21:50.713+0000: 551.689: [ParNew: 90347K->9508K(92160K), 0.0445960 secs] 6334556K->6259317K(20961280K), 0.0447290 secs] [Times: user=0.32 sys=0.01, real=0.05 secs]
2014-07-28T05:21:51.088+0000: 552.064: [GC2014-07-28T05:21:51.088+0000: 552.064: [ParNew: 91428K->9023K(92160K), 0.0629150 secs] 6341237K->6264575K(20961280K), 0.0630250 secs] [Times: user=0.46 sys=0.01, real=0.06 secs]
2014-07-28T05:21:51.558+0000: 552.534: [GC2014-07-28T05:21:51.558+0000: 552.534: [ParNew: 90943K->7699K(92160K), 0.0442130 secs] 6346495K->6268983K(20961280K), 0.0443420 secs] [Times: user=0.32 sys=0.01, real=0.05 secs]
2014-07-28T05:21:51.884+0000: 552.860: [GC2014-07-28T05:21:51.884+0000: 552.861: [ParNew: 89619K->9777K(92160K), 0.0459370 secs] 6350903K->6276695K(20961280K), 0.0460480 secs] [Times: user=0.34 sys=0.01, real=0.04 secs]
2014-07-28T05:21:52.212+0000: 553.189: [GC2014-07-28T05:21:52.213+0000: 553.189: [ParNew: 91697K->10240K(92160K), 0.0456060 secs] 6358615K->6282966K(20961280K), 0.0457280 secs] [Times: user=0.34 sys=0.01, real=0.05 secs]
2014-07-28T05:21:52.594+0000: 553.570: [GC2014-07-28T05:21:52.594+0000: 553.570: [ParNew: 92160K->10240K(92160K), 0.0439890 secs] 6364886K->6288655K(20961280K), 0.0441040 secs] [Times: user=0.32 sys=0.01, real=0.05 secs]
2014-07-28T05:21:53.039+0000: 554.015: [GC2014-07-28T05:21:53.039+0000: 554.015: [ParNew: 92160K->8858K(92160K), 0.0436530 secs] 6370575K->6293015K(20961280K), 0.0437740 secs] [Times: user=0.33 sys=0.00, real=0.05 secs]
2014-07-28T05:21:53.554+0000: 554.530: [GC2014-07-28T05:21:53.554+0000: 554.530: [ParNew: 90778K->10240K(92160K), 0.0470910 secs] 6374935K->6299998K(20961280K), 0.0472080 secs] [Times: user=0.37 sys=0.00, real=0.05 secs]
2014-07-28T05:21:53.907+0000: 554.883: [GC2014-07-28T05:21:53.907+0000: 554.883: [ParNew: 92160K->8521K(92160K), 0.0434510 secs] 6381918K->6304045K(20961280K), 0.0435650 secs] [Times: user=0.32 sys=0.01, real=0.04 secs]
2014-07-28T05:21:54.204+0000: 555.181: [GC2014-07-28T05:21:54.204+0000: 555.181: [ParNew: 90441K->9515K(92160K), 0.0428390 secs] 6385965K->6310686K(20961280K), 0.0429610 secs] [Times: user=0.32 sys=0.00, real=0.04 secs]
2014-07-28T05:21:54.695+0000: 555.671: [GC2014-07-28T05:21:54.695+0000: 555.671: [ParNew: 91435K->10240K(92160K), 0.0442500 secs] 6392606K->6317249K(20961280K), 0.0443720 secs] [Times: user=0.31 sys=0.03, real=0.04 secs]
2014-07-28T05:21:55.082+0000: 556.058: [GC2014-07-28T05:21:55.082+0000: 556.058: [ParNew: 92160K->8402K(92160K), 0.0450310 secs] 6399169K->6321139K(20961280K), 0.0451490 secs] [Times: user=0.33 sys=0.01, real=0.05 secs]
2014-07-28T05:21:55.388+0000: 556.364: [GC2014-07-28T05:21:55.388+0000: 556.365: [ParNew: 90322K->10212K(92160K), 0.0463680 secs] 6403059K->6328478K(20961280K), 0.0464860 secs] [Times: user=0.36 sys=0.00, real=0.05 secs]
2014-07-28T05:21:55.932+0000: 556.908: [GC2014-07-28T05:21:55.932+0000: 556.908: [ParNew: 92132K->10200K(92160K), 0.0462680 secs] 6410398K->6334213K(20961280K), 0.0463860 secs] [Times: user=0.35 sys=0.01, real=0.05 secs]
2014-07-28T05:21:56.285+0000: 557.261: [GC2014-07-28T05:21:56.285+0000: 557.261: [ParNew: 92120K->10240K(92160K), 0.0445300 secs] 6416133K->6340156K(20961280K), 0.0446510 secs] [Times: user=0.34 sys=0.01, real=0.04 secs]
2014-07-28T05:21:56.773+0000: 557.749: [GC2014-07-28T05:21:56.773+0000: 557.749: [ParNew: 92160K->10240K(92160K), 0.0465990 secs] 6422076K->6345979K(20961280K), 0.0467230 secs] [Times: user=0.34 sys=0.02, real=0.05 secs]
2014-07-28T05:21:57.190+0000: 558.166: [GC2014-07-28T05:21:57.190+0000: 558.166: [ParNew: 92160K->10240K(92160K), 0.0430710 secs] 6427899K->6351606K(20961280K), 0.0432190 secs] [Times: user=0.32 sys=0.01, real=0.04 secs]
2014-07-28T05:21:57.633+0000: 558.609: [GC2014-07-28T05:21:57.633+0000: 558.609: [ParNew: 92160K->9713K(92160K), 0.0440660 secs] 6433526K->6356787K(20961280K), 0.0441850 secs] [Times: user=0.34 sys=0.00, real=0.05 secs]
2014-07-28T05:21:57.918+0000: 558.894: [GC2014-07-28T05:21:57.918+0000: 558.894: [ParNew: 91633K->10240K(92160K), 0.0447180 secs] 6438707K->6362953K(20961280K), 0.0448500 secs] [Times: user=0.32 sys=0.03, real=0.05 secs]
2014-07-28T05:21:58.241+0000: 559.217: [GC2014-07-28T05:21:58.241+0000: 559.217: [ParNew: 92160K->10240K(92160K), 0.0433170 secs] 6444873K->6368997K(20961280K), 0.0434300 secs] [Times: user=0.33 sys=0.01, real=0.05 secs]
2014-07-28T05:21:58.649+0000: 559.625: [GC2014-07-28T05:21:58.649+0000: 559.625: [ParNew: 92157K->10240K(92160K), 0.0443770 secs] 6450915K->6374498K(20961280K), 0.0445010 secs] [Times: user=0.33 sys=0.01, real=0.04 secs]
2014-07-28T05:21:59.036+0000: 560.012: [GC2014-07-28T05:21:59.036+0000: 560.012: [ParNew: 92160K->10240K(92160K), 0.0434320 secs] 6456418K->6380322K(20961280K), 0.0435510 secs] [Times: user=0.31 sys=0.03, real=0.04 secs]
2014-07-28T05:21:59.513+0000: 560.489: [GC2014-07-28T05:21:59.513+0000: 560.489: [ParNew: 92160K->10240K(92160K), 0.0440340 secs] 6462242K->6385907K(20961280K), 0.0441520 secs] [Times: user=0.33 sys=0.01, real=0.05 secs]
2014-07-28T05:21:59.952+0000: 560.928: [GC2014-07-28T05:21:59.952+0000: 560.928: [ParNew: 92160K->10240K(92160K), 0.0448130 secs] 6467827K->6391541K(20961280K), 0.0449280 secs] [Times: user=0.33 sys=0.01, real=0.05 secs]
2014-07-28T05:22:00.263+0000: 561.239: [GC2014-07-28T05:22:00.263+0000: 561.239: [ParNew: 92160K->10240K(92160K), 0.0456050 secs] 6473461K->6397382K(20961280K), 0.0457230 secs] [Times: user=0.34 sys=0.00, real=0.04 secs]
2014-07-28T05:22:00.673+0000: 561.649: [GC2014-07-28T05:22:00.673+0000: 561.649: [ParNew: 92146K->10240K(92160K), 0.0467720 secs] 6479288K->6403026K(20961280K), 0.0468980 secs] [Times: user=0.35 sys=0.02, real=0.05 secs]
2014-07-28T05:22:01.067+0000: 562.043: [GC2014-07-28T05:22:01.067+0000: 562.043: [ParNew: 92160K->10240K(92160K), 0.0457090 secs] 6484946K->6408768K(20961280K), 0.0458330 secs] [Times: user=0.33 sys=0.02, real=0.04 secs]
2014-07-28T05:22:01.446+0000: 562.422: [GC2014-07-28T05:22:01.446+0000: 562.422: [ParNew: 92155K->10240K(92160K), 0.0440290 secs] 6490683K->6414501K(20961280K), 0.0441540 secs] [Times: user=0.32 sys=0.01, real=0.04 secs]
2014-07-28T05:22:01.872+0000: 562.848: [GC2014-07-28T05:22:01.872+0000: 562.848: [ParNew: 92160K->9549K(92160K), 0.0509650 secs] 6496421K->6419493K(20961280K), 0.0510840 secs] [Times: user=0.36 sys=0.01, real=0.06 secs]
2014-07-28T05:22:02.198+0000: 563.174: [GC2014-07-28T05:22:02.198+0000: 563.174: [ParNew: 91469K->10240K(92160K), 0.0449130 secs] 6501413K->6425779K(20961280K), 0.0450330 secs] [Times: user=0.33 sys=0.02, real=0.05 secs]
2014-07-28T05:22:02.597+0000: 563.573: [GC2014-07-28T05:22:02.597+0000: 563.573: [ParNew: 92160K->9737K(92160K), 0.0434060 secs] 6507699K->6430977K(20961280K), 0.0435290 secs] [Times: user=0.32 sys=0.02, real=0.04 secs]
2014-07-28T05:22:02.982+0000: 563.958: [GC2014-07-28T05:22:02.982+0000: 563.958: [ParNew: 91657K->9500K(92160K), 0.0429970 secs] 6512897K->6436458K(20961280K), 0.0431220 secs] [Times: user=0.32 sys=0.02, real=0.04 secs]
2014-07-28T05:22:03.542+0000: 564.518: [GC2014-07-28T05:22:03.542+0000: 564.518: [ParNew: 91420K->9764K(92160K), 0.0453850 secs] 6518378K->6442399K(20961280K), 0.0455040 secs] [Times: user=0.35 sys=0.00, real=0.04 secs]
2014-07-28T05:22:03.855+0000: 564.831: [GC2014-07-28T05:22:03.855+0000: 564.831: [ParNew: 91675K->9146K(92160K), 0.0438660 secs] 6524310K->6447454K(20961280K), 0.0439850 secs] [Times: user=0.32 sys=0.01, real=0.04 secs]
2014-07-28T05:22:04.175+0000: 565.151: [GC2014-07-28T05:22:04.175+0000: 565.151: [ParNew: 91066K->9237K(92160K), 0.0456100 secs] 6529374K->6453204K(20961280K), 0.0457580 secs] [Times: user=0.35 sys=0.00, real=0.04 secs]
2014-07-28T05:22:04.730+0000: 565.706: [GC2014-07-28T05:22:04.730+0000: 565.706: [ParNew: 91157K->8216K(92160K), 0.0437580 secs] 6535124K->6457884K(20961280K), 0.0438810 secs] [Times: user=0.33 sys=0.00, real=0.05 secs]
2014-07-28T05:22:05.062+0000: 566.038: [GC2014-07-28T05:22:05.062+0000: 566.038: [ParNew: 90136K->9418K(92160K), 0.0473850 secs] 6539804K->6464743K(20961280K), 0.0475070 secs] [Times: user=0.34 sys=0.02, real=0.04 secs]
2014-07-28T05:22:05.368+0000: 566.344: [GC2014-07-28T05:22:05.368+0000: 566.344: [ParNew: 91338K->9893K(92160K), 0.0447120 secs] 6546663K->6470983K(20961280K), 0.0448290 secs] [Times: user=0.34 sys=0.00, real=0.05 secs]
2014-07-28T05:22:05.913+0000: 566.889: [GC2014-07-28T05:22:05.913+0000: 566.889: [ParNew: 91813K->10240K(92160K), 0.0454380 secs] 6552903K->6477020K(20961280K), 0.0455570 secs] [Times: user=0.32 sys=0.03, real=0.04 secs]
2014-07-28T05:22:06.282+0000: 567.258: [GC2014-07-28T05:22:06.282+0000: 567.258: [ParNew: 92160K->8781K(92160K), 0.0445600 secs] 6558940K->6481269K(20961280K), 0.0447910 secs] [Times: user=0.33 sys=0.02, real=0.05 secs]
2014-07-28T05:22:06.777+0000: 567.753: [GC2014-07-28T05:22:06.777+0000: 567.753: [ParNew: 90701K->9609K(92160K), 0.0457880 secs] 6563189K->6487778K(20961280K), 0.0459090 secs] [Times: user=0.35 sys=0.01, real=0.05 secs]
2014-07-28T05:22:07.233+0000: 568.209: [GC2014-07-28T05:22:07.233+0000: 568.209: [ParNew: 91529K->8674K(92160K), 0.0442640 secs] 6569698K->6492542K(20961280K), 0.0443900 secs] [Times: user=0.34 sys=0.01, real=0.04 secs]
2014-07-28T05:22:07.580+0000: 568.556: [GC2014-07-28T05:22:07.580+0000: 568.556: [ParNew: 90594K->10240K(92160K), 0.0813440 secs] 6574462K->6500201K(20961280K), 0.0814970 secs] [Times: user=0.39 sys=0.00, real=0.08 secs]
2014-07-28T05:22:07.967+0000: 568.943: [GC2014-07-28T05:22:07.967+0000: 568.943: [ParNew: 92160K->9582K(92160K), 0.0450790 secs] 6582121K->6505033K(20961280K), 0.0452020 secs] [Times: user=0.32 sys=0.02, real=0.05 secs]
2014-07-28T05:22:08.222+0000: 569.198: [GC2014-07-28T05:22:08.222+0000: 569.198: [ParNew: 91502K->9687K(92160K), 0.0423220 secs] 6586953K->6510758K(20961280K), 0.0424510 secs] [Times: user=0.32 sys=0.00, real=0.05 secs]
2014-07-28T05:22:08.692+0000: 569.669: [GC2014-07-28T05:22:08.693+0000: 569.669: [ParNew: 91607K->9507K(92160K), 0.0444820 secs] 6592678K->6516230K(20961280K), 0.0445990 secs] [Times: user=0.33 sys=0.01, real=0.04 secs]
2014-07-28T05:22:09.067+0000: 570.043: [GC2014-07-28T05:22:09.067+0000: 570.043: [ParNew: 91427K->9528K(92160K), 0.0454530 secs] 6598150K->6521866K(20961280K), 0.0455730 secs] [Times: user=0.33 sys=0.01, real=0.05 secs]
2014-07-28T05:22:09.510+0000: 570.486: [GC2014-07-28T05:22:09.510+0000: 570.486: [ParNew: 91448K->10240K(92160K), 0.0498650 secs] 6603786K->6528659K(20961280K), 0.0499850 secs] [Times: user=0.36 sys=0.01, real=0.04 secs]
2014-07-28T05:22:09.945+0000: 570.921: [GC2014-07-28T05:22:09.945+0000: 570.921: [ParNew: 92160K->9649K(92160K), 0.0425880 secs] 6610579K->6533619K(20961280K), 0.0427080 secs] [Times: user=0.32 sys=0.00, real=0.04 secs]
2014-07-28T05:22:10.313+0000: 571.289: [GC2014-07-28T05:22:10.313+0000: 571.289: [ParNew: 91559K->8444K(92160K), 0.0453770 secs] 6615529K->6538072K(20961280K), 0.0454980 secs] [Times: user=0.34 sys=0.01, real=0.04 secs]
2014-07-28T05:22:10.637+0000: 571.613: [GC2014-07-28T05:22:10.637+0000: 571.613: [ParNew: 90364K->10240K(92160K), 0.0468080 secs] 6619992K->6545652K(20961280K), 0.0469330 secs] [Times: user=0.36 sys=0.00, real=0.05 secs]
2014-07-28T05:22:11.115+0000: 572.091: [GC2014-07-28T05:22:11.115+0000: 572.091: [ParNew: 92160K->9743K(92160K), 0.0451910 secs] 6627572K->6550951K(20961280K), 0.0453120 secs] [Times: user=0.34 sys=0.01, real=0.04 secs]
2014-07-28T05:22:11.459+0000: 572.436: [GC2014-07-28T05:22:11.460+0000: 572.436: [ParNew: 91663K->10035K(92160K), 0.0466380 secs] 6632871K->6556831K(20961280K), 0.0467580 secs] [Times: user=0.34 sys=0.01, real=0.05 secs]
2014-07-28T05:22:11.840+0000: 572.816: [GC2014-07-28T05:22:11.840+0000: 572.816: [ParNew: 91955K->9583K(92160K), 0.0486370 secs] 6638751K->6562117K(20961280K), 0.0487810 secs] [Times: user=0.34 sys=0.03, real=0.05 secs]
2014-07-28T05:22:12.170+0000: 573.146: [GC2014-07-28T05:22:12.170+0000: 573.146: [ParNew: 91503K->10240K(92160K), 0.0451320 secs] 6644037K->6568519K(20961280K), 0.0452610 secs] [Times: user=0.32 sys=0.02, real=0.05 secs]
2014-07-28T05:22:12.562+0000: 573.538: [GC2014-07-28T05:22:12.562+0000: 573.538: [ParNew: 92160K->9854K(92160K), 0.0441660 secs] 6650439K->6573807K(20961280K), 0.0442850 secs] [Times: user=0.33 sys=0.00, real=0.05 secs]
2014-07-28T05:22:12.952+0000: 573.928: [GC2014-07-28T05:22:12.952+0000: 573.928: [ParNew: 91774K->10046K(92160K), 0.0440470 secs] 6655727K->6579599K(20961280K), 0.0441640 secs] [Times: user=0.33 sys=0.01, real=0.04 secs]
2014-07-28T05:22:13.519+0000: 574.496: [GC2014-07-28T05:22:13.520+0000: 574.496: [ParNew: 91966K->9510K(92160K), 0.0478500 secs] 6661519K->6584736K(20961280K), 0.0479740 secs] [Times: user=0.35 sys=0.01, real=0.05 secs]
2014-07-28T05:22:13.813+0000: 574.789: [GC2014-07-28T05:22:13.813+0000: 574.789: [ParNew: 91430K->10240K(92160K), 0.0450000 secs] 6666656K->6591155K(20961280K), 0.0451230 secs] [Times: user=0.33 sys=0.02, real=0.04 secs]
2014-07-28T05:22:14.134+0000: 575.110: [GC2014-07-28T05:22:14.134+0000: 575.111: [ParNew: 92160K->8174K(92160K), 0.0458220 secs] 6673075K->6594862K(20961280K), 0.0459430 secs] [Times: user=0.34 sys=0.00, real=0.04 secs]
2014-07-28T05:22:14.644+0000: 575.620: [GC2014-07-28T05:22:14.644+0000: 575.620: [ParNew: 90085K->9721K(92160K), 0.0454020 secs] 6676774K->6602040K(20961280K), 0.0455180 secs] [Times: user=0.34 sys=0.00, real=0.04 secs]
2014-07-28T05:22:15.024+0000: 576.000: [GC2014-07-28T05:22:15.024+0000: 576.000: [ParNew: 91641K->9479K(92160K), 0.0421570 secs] 6683960K->6607467K(20961280K), 0.0422790 secs] [Times: user=0.31 sys=0.01, real=0.04 secs]
2014-07-28T05:22:15.352+0000: 576.328: [GC2014-07-28T05:22:15.352+0000: 576.328: [ParNew: 91399K->10240K(92160K), 0.0436180 secs] 6689387K->6613966K(20961280K), 0.0437380 secs] [Times: user=0.33 sys=0.01, real=0.04 secs]
2014-07-28T05:22:15.897+0000: 576.873: [GC2014-07-28T05:22:15.897+0000: 576.873: [ParNew: 92160K->10240K(92160K), 0.0462400 secs] 6695886K->6619607K(20961280K), 0.0463440 secs] [Times: user=0.34 sys=0.00, real=0.05 secs]
2014-07-28T05:22:16.264+0000: 577.240: [GC2014-07-28T05:22:16.264+0000: 577.240: [ParNew: 92160K->8788K(92160K), 0.0609630 secs] 6701527K->6623841K(20961280K), 0.0610730 secs] [Times: user=0.37 sys=0.01, real=0.06 secs]
2014-07-28T05:22:16.733+0000: 577.709: [GC2014-07-28T05:22:16.733+0000: 577.709: [ParNew: 90697K->10240K(92160K), 0.0483960 secs] 6705749K->6631052K(20961280K), 0.0484970 secs] [Times: user=0.34 sys=0.02, real=0.04 secs]
2014-07-28T05:22:17.162+0000: 578.138: [GC2014-07-28T05:22:17.162+0000: 578.138: [ParNew: 92160K->9812K(92160K), 0.0487420 secs] 6712972K->6636357K(20961280K), 0.0488600 secs] [Times: user=0.34 sys=0.02, real=0.06 secs]
2014-07-28T05:22:17.563+0000: 578.539: [GC2014-07-28T05:22:17.563+0000: 578.539: [ParNew: 91732K->10240K(92160K), 0.0546100 secs] 6718277K->6642386K(20961280K), 0.0547130 secs] [Times: user=0.40 sys=0.00, real=0.05 secs]
2014-07-28T05:22:17.934+0000: 578.910: [GC2014-07-28T05:22:17.934+0000: 578.910: [ParNew: 92160K->10007K(92160K), 0.0416850 secs] 6724306K->6647885K(20961280K), 0.0418030 secs] [Times: user=0.30 sys=0.02, real=0.04 secs]
2014-07-28T05:22:18.183+0000: 579.159: [GC2014-07-28T05:22:18.183+0000: 579.159: [ParNew: 91927K->10240K(92160K), 0.0445900 secs] 6729805K->6653895K(20961280K), 0.0447130 secs] [Times: user=0.35 sys=0.00, real=0.04 secs]
2014-07-28T05:22:18.545+0000: 579.521: [GC2014-07-28T05:22:18.545+0000: 579.521: [ParNew: 92158K->8476K(92160K), 0.0452960 secs] 6735814K->6657821K(20961280K), 0.0454150 secs] [Times: user=0.32 sys=0.02, real=0.05 secs]
2014-07-28T05:22:19.013+0000: 579.989: [GC2014-07-28T05:22:19.013+0000: 579.989: [ParNew: 90396K->9238K(92160K), 0.0469260 secs] 6739741K->6664230K(20961280K), 0.0470740 secs] [Times: user=0.36 sys=0.00, real=0.04 secs]
2014-07-28T05:22:19.502+0000: 580.478: [GC2014-07-28T05:22:19.502+0000: 580.478: [ParNew: 91158K->10240K(92160K), 0.0442160 secs] 6746150K->6670892K(20961280K), 0.0443360 secs] [Times: user=0.34 sys=0.00, real=0.05 secs]
2014-07-28T05:22:19.874+0000: 580.851: [GC2014-07-28T05:22:19.875+0000: 580.851: [ParNew: 92149K->8842K(92160K), 0.0451250 secs] 6752801K->6675211K(20961280K), 0.0452440 secs] [Times: user=0.34 sys=0.02, real=0.04 secs]
2014-07-28T05:22:20.242+0000: 581.218: [GC2014-07-28T05:22:20.242+0000: 581.218: [ParNew: 90762K->9855K(92160K), 0.0468920 secs] 6757131K->6681923K(20961280K), 0.0470160 secs] [Times: user=0.35 sys=0.01, real=0.05 secs]
2014-07-28T05:22:20.618+0000: 581.594: [GC2014-07-28T05:22:20.618+0000: 581.594: [ParNew: 91775K->9924K(92160K), 0.0445810 secs] 6763843K->6687658K(20961280K), 0.0447030 secs] [Times: user=0.32 sys=0.01, real=0.05 secs]
2014-07-28T05:22:21.064+0000: 582.040: [GC2014-07-28T05:22:21.064+0000: 582.040: [ParNew: 91838K->9641K(92160K), 0.0460360 secs] 6769572K->6693166K(20961280K), 0.0461830 secs] [Times: user=0.33 sys=0.02, real=0.05 secs]
2014-07-28T05:22:21.387+0000: 582.363: [GC2014-07-28T05:22:21.387+0000: 582.363: [ParNew: 91561K->8240K(92160K), 0.0448880 secs] 6775086K->6697400K(20961280K), 0.0450030 secs] [Times: user=0.34 sys=0.00, real=0.05 secs]
2014-07-28T05:22:21.817+0000: 582.794: [GC2014-07-28T05:22:21.818+0000: 582.794: [ParNew: 90160K->10177K(92160K), 0.0463650 secs] 6779320K->6704906K(20961280K), 0.0464840 secs] [Times: user=0.36 sys=0.00, real=0.05 secs]
2014-07-28T05:22:22.152+0000: 583.128: [GC2014-07-28T05:22:22.152+0000: 583.128: [ParNew: 92097K->8538K(92160K), 0.0451810 secs] 6786826K->6709118K(20961280K), 0.0453000 secs] [Times: user=0.34 sys=0.01, real=0.04 secs]
2014-07-28T05:22:22.517+0000: 583.493: [GC2014-07-28T05:22:22.517+0000: 583.493: [ParNew: 90458K->9631K(92160K), 0.0436730 secs] 6791038K->6715819K(20961280K), 0.0437990 secs] [Times: user=0.33 sys=0.00, real=0.04 secs]
2014-07-28T05:22:22.883+0000: 583.859: [GC2014-07-28T05:22:22.883+0000: 583.860: [ParNew: 91551K->9607K(92160K), 0.0447060 secs] 6797739K->6721488K(20961280K), 0.0448240 secs] [Times: user=0.35 sys=0.00, real=0.04 secs]
2014-07-28T05:22:23.484+0000: 584.460: [GC2014-07-28T05:22:23.484+0000: 584.460: [ParNew: 91527K->9753K(92160K), 0.0453930 secs] 6803408K->6727300K(20961280K), 0.0455180 secs] [Times: user=0.34 sys=0.01, real=0.04 secs]
2014-07-28T05:22:23.779+0000: 584.755: [GC2014-07-28T05:22:23.779+0000: 584.755: [ParNew: 91673K->9716K(92160K), 0.0437070 secs] 6809220K->6732995K(20961280K), 0.0438360 secs] [Times: user=0.32 sys=0.02, real=0.05 secs]
2014-07-28T05:22:24.093+0000: 585.069: [GC2014-07-28T05:22:24.093+0000: 585.069: [ParNew: 91636K->10240K(92160K), 0.0428250 secs] 6814915K->6739206K(20961280K), 0.0429460 secs] [Times: user=0.33 sys=0.00, real=0.04 secs]
2014-07-28T05:22:24.583+0000: 585.559: [GC2014-07-28T05:22:24.583+0000: 585.559: [ParNew: 92160K->9592K(92160K), 0.0406650 secs] 6821126K->6744257K(20961280K), 0.0407860 secs] [Times: user=0.30 sys=0.01, real=0.04 secs]
2014-07-28T05:22:24.936+0000: 585.912: [GC2014-07-28T05:22:24.936+0000: 585.912: [ParNew: 91512K->9067K(92160K), 0.0442980 secs] 6826177K->6749346K(20961280K), 0.0444170 secs] [Times: user=0.34 sys=0.01, real=0.04 secs]
2014-07-28T05:22:25.303+0000: 586.279: [GC2014-07-28T05:22:25.303+0000: 586.279: [ParNew: 90987K->10240K(92160K), 0.0417530 secs] 6831266K->6756529K(20961280K), 0.0418700 secs] [Times: user=0.31 sys=0.01, real=0.04 secs]
2014-07-28T05:22:25.813+0000: 586.789: [GC2014-07-28T05:22:25.813+0000: 586.789: [ParNew: 92160K->9009K(92160K), 0.0448260 secs] 6838449K->6760743K(20961280K), 0.0449430 secs] [Times: user=0.35 sys=0.00, real=0.04 secs]
2014-07-28T05:22:26.192+0000: 587.168: [GC2014-07-28T05:22:26.192+0000: 587.168: [ParNew: 90929K->9098K(92160K), 0.0424290 secs] 6842663K->6766428K(20961280K), 0.0425470 secs] [Times: user=0.31 sys=0.01, real=0.04 secs]
2014-07-28T05:22:26.605+0000: 587.581: [GC2014-07-28T05:22:26.605+0000: 587.581: [ParNew: 91018K->8001K(92160K), 0.0446890 secs] 6848348K->6771012K(20961280K), 0.0448320 secs] [Times: user=0.34 sys=0.00, real=0.04 secs]
2014-07-28T05:22:27.103+0000: 588.079: [GC2014-07-28T05:22:27.103+0000: 588.079: [ParNew: 89921K->9940K(92160K), 0.0444150 secs] 6852932K->6778659K(20961280K), 0.0445260 secs] [Times: user=0.33 sys=0.01, real=0.04 secs]
2014-07-28T05:22:27.460+0000: 588.436: [GC2014-07-28T05:22:27.460+0000: 588.436: [ParNew: 91860K->9094K(92160K), 0.0430720 secs] 6860579K->6783522K(20961280K), 0.0431940 secs] [Times: user=0.33 sys=0.01, real=0.05 secs]
2014-07-28T05:22:27.923+0000: 588.899: [GC2014-07-28T05:22:27.923+0000: 588.899: [ParNew: 91014K->10030K(92160K), 0.0447750 secs] 6865442K->6790080K(20961280K), 0.0448970 secs] [Times: user=0.33 sys=0.02, real=0.04 secs]
2014-07-28T05:22:28.179+0000: 589.155: [GC2014-07-28T05:22:28.179+0000: 589.156: [ParNew: 91950K->10240K(92160K), 0.0446770 secs] 6872000K->6796054K(20961280K), 0.0447960 secs] [Times: user=0.34 sys=0.01, real=0.05 secs]
2014-07-28T05:22:28.473+0000: 589.449: [GC2014-07-28T05:22:28.473+0000: 589.449: [ParNew: 92151K->10240K(92160K), 0.0472530 secs] 6877966K->6801933K(20961280K), 0.0473700 secs] [Times: user=0.36 sys=0.01, real=0.04 secs]
2014-07-28T05:22:28.877+0000: 589.853: [GC2014-07-28T05:22:28.877+0000: 589.853: [ParNew: 92160K->10240K(92160K), 0.0445900 secs] 6883853K->6807654K(20961280K), 0.0447090 secs] [Times: user=0.33 sys=0.02, real=0.04 secs]
2014-07-28T05:22:29.362+0000: 590.338: [GC2014-07-28T05:22:29.362+0000: 590.338: [ParNew: 92160K->9248K(92160K), 0.0440130 secs] 6889574K->6812294K(20961280K), 0.0441360 secs] [Times: user=0.32 sys=0.02, real=0.04 secs]
2014-07-28T05:22:29.735+0000: 590.711: [GC2014-07-28T05:22:29.735+0000: 590.711: [ParNew: 91167K->10240K(92160K), 0.0433880 secs] 6894213K->6818821K(20961280K), 0.0435040 secs] [Times: user=0.32 sys=0.01, real=0.04 secs]
2014-07-28T05:22:30.159+0000: 591.135: [GC2014-07-28T05:22:30.159+0000: 591.136: [ParNew: 92160K->10240K(92160K), 0.0446110 secs] 6900741K->6824597K(20961280K), 0.0447320 secs] [Times: user=0.32 sys=0.01, real=0.05 secs]
2014-07-28T05:22:30.498+0000: 591.474: [GC2014-07-28T05:22:30.498+0000: 591.474: [ParNew: 92160K->10240K(92160K), 0.0589430 secs] 6906517K->6830645K(20961280K), 0.0590780 secs] [Times: user=0.36 sys=0.01, real=0.06 secs]
2014-07-28T05:22:30.912+0000: 591.888: [GC2014-07-28T05:22:30.912+0000: 591.888: [ParNew: 92160K->9367K(92160K), 0.0526180 secs] 6912565K->6835227K(20961280K), 0.0527340 secs] [Times: user=0.38 sys=0.02, real=0.05 secs]
2014-07-28T05:22:31.306+0000: 592.282: [GC2014-07-28T05:22:31.306+0000: 592.282: [ParNew: 91287K->9695K(92160K), 0.0469370 secs] 6917147K->6841098K(20961280K), 0.0470520 secs] [Times: user=0.33 sys=0.01, real=0.05 secs]
2014-07-28T05:22:31.671+0000: 592.648: [GC2014-07-28T05:22:31.672+0000: 592.648: [ParNew: 91615K->10240K(92160K), 0.0658580 secs] 6923018K->6847377K(20961280K), 0.0659600 secs] [Times: user=0.40 sys=0.02, real=0.06 secs]
2014-07-28T05:22:32.102+0000: 593.079: [GC2014-07-28T05:22:32.103+0000: 593.079: [ParNew: 92160K->10240K(92160K), 0.0540360 secs] 6929297K->6853118K(20961280K), 0.1424970 secs] [Times: user=0.34 sys=0.01, real=0.14 secs]
2014-07-28T05:22:32.428+0000: 593.404: [GC2014-07-28T05:22:32.428+0000: 593.404: [ParNew: 92160K->9067K(92160K), 0.0532200 secs] 6935038K->6857575K(20961280K), 0.0533480 secs] [Times: user=0.34 sys=0.01, real=0.05 secs]
2014-07-28T05:22:32.812+0000: 593.789: [GC2014-07-28T05:22:32.813+0000: 593.789: [ParNew: 90987K->10240K(92160K), 0.0522240 secs] 6939495K->6864492K(20961280K), 0.0523280 secs] [Times: user=0.37 sys=0.00, real=0.05 secs]
2014-07-28T05:22:33.208+0000: 594.185: [GC2014-07-28T05:22:33.209+0000: 594.185: [ParNew: 92160K->9412K(92160K), 0.0566230 secs] 6946412K->6869363K(20961280K), 0.0567250 secs] [Times: user=0.38 sys=0.01, real=0.06 secs]
2014-07-28T05:22:33.764+0000: 594.740: [GC2014-07-28T05:22:33.764+0000: 594.740: [ParNew: 91332K->10240K(92160K), 0.0441620 secs] 6951283K->6875877K(20961280K), 0.0443080 secs] [Times: user=0.32 sys=0.02, real=0.04 secs]
2014-07-28T05:22:34.064+0000: 595.040: [GC2014-07-28T05:22:34.064+0000: 595.040: [ParNew: 92160K->10240K(92160K), 0.0438590 secs] 6957797K->6881548K(20961280K), 0.0439790 secs] [Times: user=0.33 sys=0.01, real=0.04 secs]
2014-07-28T05:22:34.414+0000: 595.390: [GC2014-07-28T05:22:34.414+0000: 595.390: [ParNew: 92160K->8525K(92160K), 0.0448590 secs] 6963468K->6885575K(20961280K), 0.0449800 secs] [Times: user=0.34 sys=0.01, real=0.04 secs]
2014-07-28T05:22:34.918+0000: 595.894: [GC2014-07-28T05:22:34.918+0000: 595.894: [ParNew: 90445K->10240K(92160K), 0.0428100 secs] 6967495K->6892965K(20961280K), 0.0429310 secs] [Times: user=0.32 sys=0.01, real=0.05 secs]
2014-07-28T05:22:35.281+0000: 596.257: [GC2014-07-28T05:22:35.281+0000: 596.257: [ParNew: 92160K->8947K(92160K), 0.0433650 secs] 6974885K->6897414K(20961280K), 0.0434870 secs] [Times: user=0.33 sys=0.01, real=0.04 secs]
2014-07-28T05:22:35.593+0000: 596.569: [GC2014-07-28T05:22:35.593+0000: 596.569: [ParNew: 90867K->9316K(92160K), 0.0705620 secs] 6979334K->6903389K(20961280K), 0.0706800 secs] [Times: user=0.35 sys=0.01, real=0.07 secs]
2014-07-28T05:22:36.143+0000: 597.119: [GC2014-07-28T05:22:36.143+0000: 597.119: [ParNew: 91236K->9323K(92160K), 0.0429090 secs] 6985309K->6909029K(20961280K), 0.0430290 secs] [Times: user=0.31 sys=0.02, real=0.04 secs]
2014-07-28T05:22:36.503+0000: 597.479: [GC2014-07-28T05:22:36.503+0000: 597.479: [ParNew: 91243K->8677K(92160K), 0.0463960 secs] 6990949K->6914123K(20961280K), 0.0465160 secs] [Times: user=0.35 sys=0.01, real=0.04 secs]
2014-07-28T05:22:36.994+0000: 597.970: [GC2014-07-28T05:22:36.994+0000: 597.970: [ParNew: 90597K->9873K(92160K), 0.0457750 secs] 6996043K->6921020K(20961280K), 0.0458970 secs] [Times: user=0.35 sys=0.00, real=0.05 secs]
2014-07-28T05:22:37.419+0000: 598.395: [GC2014-07-28T05:22:37.419+0000: 598.395: [ParNew: 91793K->10240K(92160K), 0.0441770 secs] 7002940K->6927203K(20961280K), 0.0443310 secs] [Times: user=0.33 sys=0.01, real=0.04 secs]
2014-07-28T05:22:37.823+0000: 598.799: [GC2014-07-28T05:22:37.823+0000: 598.799: [ParNew: 92160K->10240K(92160K), 0.0442850 secs] 7009123K->6932846K(20961280K), 0.0444060 secs] [Times: user=0.32 sys=0.01, real=0.04 secs]
2014-07-28T05:22:38.219+0000: 599.195: [GC2014-07-28T05:22:38.219+0000: 599.195: [ParNew: 92160K->7961K(92160K), 0.0432210 secs] 7014766K->6936276K(20961280K), 0.0433480 secs] [Times: user=0.31 sys=0.02, real=0.04 secs]
2014-07-28T05:22:38.489+0000: 599.465: [GC2014-07-28T05:22:38.489+0000: 599.466: [ParNew: 89879K->8455K(92160K), 0.0441640 secs] 7018194K->6942365K(20961280K), 0.0442880 secs] [Times: user=0.33 sys=0.01, real=0.05 secs]
2014-07-28T05:22:38.900+0000: 599.876: [GC2014-07-28T05:22:38.900+0000: 599.876: [ParNew: 90375K->9542K(92160K), 0.0418890 secs] 7024285K->6949125K(20961280K), 0.0419970 secs] [Times: user=0.31 sys=0.02, real=0.04 secs]
2014-07-28T05:22:39.254+0000: 600.231: [GC2014-07-28T05:22:39.255+0000: 600.231: [ParNew: 91462K->10240K(92160K), 0.0445200 secs] 7031045K->6955611K(20961280K), 0.0446420 secs] [Times: user=0.33 sys=0.01, real=0.05 secs]
2014-07-28T05:22:39.731+0000: 600.707: [GC2014-07-28T05:22:39.731+0000: 600.707: [ParNew: 92160K->9871K(92160K), 0.0434460 secs] 7037531K->6961046K(20961280K), 0.0435650 secs] [Times: user=0.31 sys=0.02, real=0.04 secs]
2014-07-28T05:22:40.158+0000: 601.134: [GC2014-07-28T05:22:40.158+0000: 601.134: [ParNew: 91791K->10240K(92160K), 0.0445090 secs] 7042966K->6967036K(20961280K), 0.0446280 secs] [Times: user=0.33 sys=0.01, real=0.05 secs]
2014-07-28T05:22:40.543+0000: 601.519: [GC2014-07-28T05:22:40.543+0000: 601.519: [ParNew: 92160K->9299K(92160K), 0.0463290 secs] 7048956K->6971760K(20961280K), 0.0464540 secs] [Times: user=0.35 sys=0.01, real=0.04 secs]
2014-07-28T05:22:40.873+0000: 601.849: [GC2014-07-28T05:22:40.873+0000: 601.849: [ParNew: 91219K->10240K(92160K), 0.0438190 secs] 7053680K->6978334K(20961280K), 0.0439390 secs] [Times: user=0.33 sys=0.01, real=0.04 secs]
2014-07-28T05:22:41.302+0000: 602.279: [GC2014-07-28T05:22:41.303+0000: 602.279: [ParNew: 92160K->9969K(92160K), 0.0454760 secs] 7060254K->6983776K(20961280K), 0.0456250 secs] [Times: user=0.31 sys=0.03, real=0.04 secs]
2014-07-28T05:22:41.676+0000: 602.653: [GC2014-07-28T05:22:41.677+0000: 602.653: [ParNew: 91889K->8781K(92160K), 0.0443280 secs] 7065696K->6988360K(20961280K), 0.0444480 secs] [Times: user=0.33 sys=0.01, real=0.05 secs]
2014-07-28T05:22:42.054+0000: 603.030: [GC2014-07-28T05:22:42.054+0000: 603.030: [ParNew: 90701K->10240K(92160K), 0.0452400 secs] 7070280K->6995479K(20961280K), 0.0453620 secs] [Times: user=0.34 sys=0.00, real=0.05 secs]
2014-07-28T05:22:42.386+0000: 603.362: [GC2014-07-28T05:22:42.386+0000: 603.362: [ParNew: 92160K->8347K(92160K), 0.0460500 secs] 7077399K->6999308K(20961280K), 0.0461650 secs] [Times: user=0.33 sys=0.03, real=0.05 secs]
2014-07-28T05:22:42.783+0000: 603.759: [GC2014-07-28T05:22:42.783+0000: 603.759: [ParNew: 90267K->9764K(92160K), 0.0455170 secs] 7081228K->7006420K(20961280K), 0.0456340 secs] [Times: user=0.33 sys=0.02, real=0.04 secs]
2014-07-28T05:22:43.167+0000: 604.143: [GC2014-07-28T05:22:43.167+0000: 604.143: [ParNew: 91684K->10240K(92160K), 0.0459900 secs] 7088340K->7012522K(20961280K), 0.0461110 secs] [Times: user=0.34 sys=0.02, real=0.05 secs]
2014-07-28T05:22:43.732+0000: 604.708: [GC2014-07-28T05:22:43.732+0000: 604.708: [ParNew: 92160K->9321K(92160K), 0.0432430 secs] 7094442K->7017269K(20961280K), 0.0433630 secs] [Times: user=0.32 sys=0.00, real=0.04 secs]
2014-07-28T05:22:44.013+0000: 604.989: [GC2014-07-28T05:22:44.013+0000: 604.989: [ParNew: 91241K->10240K(92160K), 0.0443970 secs] 7099189K->7023863K(20961280K), 0.0445200 secs] [Times: user=0.32 sys=0.01, real=0.04 secs]
2014-07-28T05:22:44.333+0000: 605.309: [GC2014-07-28T05:22:44.333+0000: 605.309: [ParNew: 92160K->10240K(92160K), 0.0442350 secs] 7105783K->7029711K(20961280K), 0.0443530 secs] [Times: user=0.34 sys=0.00, real=0.04 secs]
2014-07-28T05:22:44.852+0000: 605.828: [GC2014-07-28T05:22:44.852+0000: 605.828: [ParNew: 92160K->10240K(92160K), 0.0432190 secs] 7111631K->7035339K(20961280K), 0.0433380 secs] [Times: user=0.32 sys=0.01, real=0.04 secs]
2014-07-28T05:22:45.248+0000: 606.224: [GC2014-07-28T05:22:45.248+0000: 606.224: [ParNew: 92160K->9997K(92160K), 0.0461310 secs] 7117259K->7040723K(20961280K), 0.0462510 secs] [Times: user=0.32 sys=0.03, real=0.05 secs]
2014-07-28T05:22:45.563+0000: 606.539: [GC2014-07-28T05:22:45.563+0000: 606.539: [ParNew: 91917K->9434K(92160K), 0.0638900 secs] 7122643K->7045815K(20961280K), 0.0640100 secs] [Times: user=0.40 sys=0.00, real=0.06 secs]
2014-07-28T05:22:46.102+0000: 607.078: [GC2014-07-28T05:22:46.102+0000: 607.078: [ParNew: 91354K->8949K(92160K), 0.0478790 secs] 7127735K->7051041K(20961280K), 0.0479970 secs] [Times: user=0.34 sys=0.01, real=0.05 secs]
2014-07-28T05:22:46.484+0000: 607.460: [GC2014-07-28T05:22:46.484+0000: 607.460: [ParNew: 90868K->9134K(92160K), 0.0715820 secs] 7132960K->7056904K(20961280K), 0.0716890 secs] [Times: user=0.35 sys=0.00, real=0.07 secs]
2014-07-28T05:22:46.939+0000: 607.915: [GC2014-07-28T05:22:46.939+0000: 607.915: [ParNew: 91054K->10240K(92160K), 0.0521560 secs] 7138824K->7063789K(20961280K), 0.0522650 secs] [Times: user=0.36 sys=0.01, real=0.05 secs]
2014-07-28T05:22:47.364+0000: 608.340: [GC2014-07-28T05:22:47.401+0000: 608.377: [ParNew: 92160K->9818K(92160K), 0.0540300 secs] 7145709K->7069036K(20961280K), 0.0910840 secs] [Times: user=0.39 sys=0.00, real=0.09 secs]
2014-07-28T05:22:47.795+0000: 608.771: [GC2014-07-28T05:22:47.795+0000: 608.771: [ParNew: 91738K->9057K(92160K), 0.0611690 secs] 7150956K->7073953K(20961280K), 0.0612730 secs] [Times: user=0.43 sys=0.02, real=0.06 secs]
2014-07-28T05:22:48.133+0000: 609.109: [GC2014-07-28T05:22:48.133+0000: 609.109: [ParNew: 90977K->9717K(92160K), 0.0458260 secs] 7155873K->7080203K(20961280K), 0.0459490 secs] [Times: user=0.31 sys=0.01, real=0.05 secs]
2014-07-28T05:22:48.386+0000: 609.362: [GC2014-07-28T05:22:48.386+0000: 609.362: [ParNew: 91637K->10240K(92160K), 0.0462130 secs] 7162123K->7086547K(20961280K), 0.0463530 secs] [Times: user=0.35 sys=0.00, real=0.05 secs]
2014-07-28T05:22:48.755+0000: 609.731: [GC2014-07-28T05:22:48.755+0000: 609.731: [ParNew: 92160K->10240K(92160K), 0.0449520 secs] 7168467K->7092279K(20961280K), 0.0450820 secs] [Times: user=0.33 sys=0.01, real=0.05 secs]
2014-07-28T05:22:49.218+0000: 610.194: [GC2014-07-28T05:22:49.218+0000: 610.194: [ParNew: 92160K->9359K(92160K), 0.0453900 secs] 7174199K->7096973K(20961280K), 0.0455070 secs] [Times: user=0.32 sys=0.02, real=0.05 secs]
2014-07-28T05:22:49.717+0000: 610.694: [GC2014-07-28T05:22:49.718+0000: 610.694: [ParNew: 91279K->9334K(92160K), 0.0443300 secs] 7178893K->7102632K(20961280K), 0.0444580 secs] [Times: user=0.33 sys=0.01, real=0.05 secs]
2014-07-28T05:22:50.085+0000: 611.061: [GC2014-07-28T05:22:50.085+0000: 611.061: [ParNew: 91254K->9861K(92160K), 0.0442700 secs] 7184552K->7108826K(20961280K), 0.0443940 secs] [Times: user=0.32 sys=0.02, real=0.04 secs]
2014-07-28T05:22:50.446+0000: 611.422: [GC2014-07-28T05:22:50.446+0000: 611.422: [ParNew: 91781K->10240K(92160K), 0.0433320 secs] 7190746K->7115025K(20961280K), 0.0434630 secs] [Times: user=0.32 sys=0.01, real=0.04 secs]
2014-07-28T05:22:50.842+0000: 611.818: [GC2014-07-28T05:22:50.842+0000: 611.819: [ParNew: 92160K->9664K(92160K), 0.0436580 secs] 7196945K->7120114K(20961280K), 0.0437810 secs] [Times: user=0.33 sys=0.01, real=0.04 secs]
2014-07-28T05:22:51.263+0000: 612.239: [GC2014-07-28T05:22:51.263+0000: 612.240: [ParNew: 91584K->10240K(92160K), 0.0450810 secs] 7202034K->7126307K(20961280K), 0.0452080 secs] [Times: user=0.34 sys=0.00, real=0.04 secs]
2014-07-28T05:22:51.653+0000: 612.629: [GC2014-07-28T05:22:51.653+0000: 612.629: [ParNew: 92160K->9720K(92160K), 0.0443250 secs] 7208227K->7131557K(20961280K), 0.0444430 secs] [Times: user=0.33 sys=0.02, real=0.04 secs]
2014-07-28T05:22:52.033+0000: 613.009: [GC2014-07-28T05:22:52.033+0000: 613.009: [ParNew: 91640K->9967K(92160K), 0.0431540 secs] 7213477K->7137391K(20961280K), 0.0432730 secs] [Times: user=0.33 sys=0.01, real=0.04 secs]
2014-07-28T05:22:52.375+0000: 613.351: [GC2014-07-28T05:22:52.375+0000: 613.351: [ParNew: 91887K->9712K(92160K), 0.0430700 secs] 7219311K->7142859K(20961280K), 0.0431850 secs] [Times: user=0.32 sys=0.02, real=0.05 secs]
2014-07-28T05:22:52.713+0000: 613.690: [GC2014-07-28T05:22:52.714+0000: 613.690: [ParNew: 91632K->10240K(92160K), 0.0437390 secs] 7224779K->7149173K(20961280K), 0.0438590 secs] [Times: user=0.33 sys=0.00, real=0.04 secs]
2014-07-28T05:22:53.086+0000: 614.062: [GC2014-07-28T05:22:53.086+0000: 614.062: [ParNew: 92160K->9488K(92160K), 0.0440660 secs] 7231093K->7154061K(20961280K), 0.0441890 secs] [Times: user=0.34 sys=0.00, real=0.05 secs]
2014-07-28T05:22:53.687+0000: 614.663: [GC2014-07-28T05:22:53.687+0000: 614.663: [ParNew: 91408K->10240K(92160K), 0.0430960 secs] 7235981K->7160527K(20961280K), 0.0432190 secs] [Times: user=0.32 sys=0.01, real=0.04 secs]
2014-07-28T05:22:54.003+0000: 614.979: [GC2014-07-28T05:22:54.003+0000: 614.980: [ParNew: 92160K->9554K(92160K), 0.0434410 secs] 7242447K->7165496K(20961280K), 0.0435560 secs] [Times: user=0.34 sys=0.01, real=0.04 secs]
2014-07-28T05:22:54.286+0000: 615.262: [GC2014-07-28T05:22:54.286+0000: 615.262: [ParNew: 91474K->10240K(92160K), 0.0441200 secs] 7247416K->7171778K(20961280K), 0.0442390 secs] [Times: user=0.32 sys=0.02, real=0.04 secs]
2014-07-28T05:22:54.783+0000: 615.759: [GC2014-07-28T05:22:54.783+0000: 615.759: [ParNew: 92160K->9059K(92160K), 0.0458800 secs] 7253698K->7176427K(20961280K), 0.0460000 secs] [Times: user=0.34 sys=0.01, real=0.04 secs]
2014-07-28T05:22:55.153+0000: 616.130: [GC2014-07-28T05:22:55.154+0000: 616.130: [ParNew: 90979K->10035K(92160K), 0.0442880 secs] 7258347K->7183026K(20961280K), 0.0444150 secs] [Times: user=0.32 sys=0.02, real=0.04 secs]
2014-07-28T05:22:55.498+0000: 616.474: [GC2014-07-28T05:22:55.498+0000: 616.474: [ParNew: 91955K->10240K(92160K), 0.0452660 secs] 7264946K->7189113K(20961280K), 0.0453830 secs] [Times: user=0.35 sys=0.00, real=0.04 secs]
2014-07-28T05:22:56.012+0000: 616.988: [GC2014-07-28T05:22:56.012+0000: 616.988: [ParNew: 92160K->10240K(92160K), 0.0453540 secs] 7271033K->7194643K(20961280K), 0.0454950 secs] [Times: user=0.33 sys=0.02, real=0.04 secs]
2014-07-28T05:22:56.383+0000: 617.359: [GC2014-07-28T05:22:56.383+0000: 617.359: [ParNew: 92160K->9975K(92160K), 0.0580180 secs] 7276563K->7200031K(20961280K), 0.0581310 secs] [Times: user=0.34 sys=0.01, real=0.06 secs]
2014-07-28T05:22:56.885+0000: 617.861: [GC2014-07-28T05:22:56.885+0000: 617.861: [ParNew: 91895K->9596K(92160K), 0.0428330 secs] 7281951K->7205279K(20961280K), 0.0429550 secs] [Times: user=0.32 sys=0.02, real=0.04 secs]
2014-07-28T05:22:57.294+0000: 618.270: [GC2014-07-28T05:22:57.294+0000: 618.270: [ParNew: 91516K->8921K(92160K), 0.0446390 secs] 7287199K->7210230K(20961280K), 0.0447860 secs] [Times: user=0.32 sys=0.01, real=0.05 secs]
2014-07-28T05:22:57.683+0000: 618.659: [GC2014-07-28T05:22:57.683+0000: 618.659: [ParNew: 90841K->8400K(92160K), 0.0839810 secs] 7292150K->7215505K(20961280K), 0.0840990 secs] [Times: user=0.39 sys=0.01, real=0.08 secs]
2014-07-28T05:22:58.132+0000: 619.108: [GC2014-07-28T05:22:58.132+0000: 619.108: [ParNew: 90318K->9197K(92160K), 0.0470960 secs] 7297424K->7221912K(20961280K), 0.0472140 secs] [Times: user=0.35 sys=0.00, real=0.05 secs]
2014-07-28T05:22:58.398+0000: 619.374: [GC2014-07-28T05:22:58.398+0000: 619.374: [ParNew: 91117K->8589K(92160K), 0.0464810 secs] 7303832K->7226994K(20961280K), 0.0466030 secs] [Times: user=0.35 sys=0.01, real=0.04 secs]
2014-07-28T05:22:58.672+0000: 619.648: [GC2014-07-28T05:22:58.672+0000: 619.648: [ParNew: 90509K->10240K(92160K), 0.0485570 secs] 7308914K->7234890K(20961280K), 0.0486770 secs] [Times: user=0.36 sys=0.02, real=0.05 secs]
2014-07-28T05:22:59.082+0000: 620.058: [GC2014-07-28T05:22:59.082+0000: 620.058: [ParNew: 92160K->10240K(92160K), 0.0424180 secs] 7316810K->7240504K(20961280K), 0.0425500 secs] [Times: user=0.32 sys=0.01, real=0.04 secs]
2014-07-28T05:22:59.623+0000: 620.599: [GC2014-07-28T05:22:59.623+0000: 620.599: [ParNew: 92160K->8152K(92160K), 0.0440170 secs] 7322424K->7244075K(20961280K), 0.0441440 secs] [Times: user=0.34 sys=0.01, real=0.04 secs]
2014-07-28T05:22:59.972+0000: 620.948: [GC2014-07-28T05:22:59.972+0000: 620.948: [ParNew: 90072K->9394K(92160K), 0.0440100 secs] 7325995K->7250872K(20961280K), 0.0441330 secs] [Times: user=0.32 sys=0.02, real=0.04 secs]
2014-07-28T05:23:00.363+0000: 621.339: [GC2014-07-28T05:23:00.363+0000: 621.339: [ParNew: 91314K->10240K(92160K), 0.0444690 secs] 7332792K->7257556K(20961280K), 0.0445910 secs] [Times: user=0.35 sys=0.00, real=0.04 secs]
2014-07-28T05:23:00.725+0000: 621.701: [GC2014-07-28T05:23:00.725+0000: 621.701: [ParNew: 92160K->10240K(92160K), 0.0442830 secs] 7339476K->7263314K(20961280K), 0.0443950 secs] [Times: user=0.32 sys=0.01, real=0.04 secs]
2014-07-28T05:23:01.123+0000: 622.099: [GC2014-07-28T05:23:01.123+0000: 622.099: [ParNew: 92160K->10240K(92160K), 0.0483620 secs] 7345234K->7268964K(20961280K), 0.0484700 secs] [Times: user=0.32 sys=0.02, real=0.05 secs]
2014-07-28T05:23:01.503+0000: 622.479: [GC2014-07-28T05:23:01.503+0000: 622.479: [ParNew: 92160K->10240K(92160K), 0.0745840 secs] 7350884K->7274677K(20961280K), 0.0746890 secs] [Times: user=0.53 sys=0.00, real=0.07 secs]
2014-07-28T05:23:01.913+0000: 622.889: [GC2014-07-28T05:23:01.913+0000: 622.889: [ParNew: 92160K->9517K(92160K), 0.0487300 secs] 7356597K->7279675K(20961280K), 0.0488480 secs] [Times: user=0.35 sys=0.02, real=0.05 secs]
2014-07-28T05:23:02.362+0000: 623.338: [GC2014-07-28T05:23:02.362+0000: 623.338: [ParNew: 91437K->9303K(92160K), 0.0597450 secs] 7361595K->7284987K(20961280K), 0.0598510 secs] [Times: user=0.42 sys=0.02, real=0.06 secs]
2014-07-28T05:23:02.616+0000: 623.592: [GC2014-07-28T05:23:02.616+0000: 623.592: [ParNew: 91223K->10240K(92160K), 0.0549330 secs] 7366907K->7291962K(20961280K), 0.0550550 secs] [Times: user=0.37 sys=0.02, real=0.06 secs]
2014-07-28T05:23:03.003+0000: 623.979: [GC2014-07-28T05:23:03.003+0000: 623.979: [ParNew: 92154K->10240K(92160K), 0.0532540 secs] 7373876K->7297621K(20961280K), 0.0533770 secs] [Times: user=0.37 sys=0.02, real=0.05 secs]
2014-07-28T05:23:03.412+0000: 624.388: [GC2014-07-28T05:23:03.412+0000: 624.389: [ParNew: 92160K->10052K(92160K), 0.0533340 secs] 7379541K->7303177K(20961280K), 0.0534560 secs] [Times: user=0.37 sys=0.03, real=0.05 secs]
2014-07-28T05:23:03.957+0000: 624.933: [GC2014-07-28T05:23:03.957+0000: 624.933: [ParNew: 91972K->10240K(92160K), 0.0450340 secs] 7385097K->7308958K(20961280K), 0.0451650 secs] [Times: user=0.33 sys=0.01, real=0.05 secs]
2014-07-28T05:23:04.266+0000: 625.242: [GC2014-07-28T05:23:04.266+0000: 625.242: [ParNew: 92160K->10206K(92160K), 0.0474180 secs] 7390878K->7314608K(20961280K), 0.0475390 secs] [Times: user=0.34 sys=0.03, real=0.05 secs]
2014-07-28T05:23:04.603+0000: 625.579: [GC2014-07-28T05:23:04.603+0000: 625.579: [ParNew: 92126K->9589K(92160K), 0.0444820 secs] 7396528K->7319718K(20961280K), 0.0446040 secs] [Times: user=0.34 sys=0.01, real=0.04 secs]
2014-07-28T05:23:05.113+0000: 626.089: [GC2014-07-28T05:23:05.113+0000: 626.089: [ParNew: 91509K->10240K(92160K), 0.0440480 secs] 7401638K->7326126K(20961280K), 0.0441750 secs] [Times: user=0.33 sys=0.00, real=0.04 secs]
2014-07-28T05:23:05.456+0000: 626.432: [GC2014-07-28T05:23:05.456+0000: 626.432: [ParNew: 92160K->10240K(92160K), 0.0440060 secs] 7408046K->7331767K(20961280K), 0.0441260 secs] [Times: user=0.33 sys=0.00, real=0.05 secs]
2014-07-28T05:23:05.808+0000: 626.784: [GC2014-07-28T05:23:05.808+0000: 626.784: [ParNew: 92160K->9410K(92160K), 0.0454020 secs] 7413687K->7336649K(20961280K), 0.0455170 secs] [Times: user=0.34 sys=0.02, real=0.05 secs]
2014-07-28T05:23:06.324+0000: 627.300: [GC2014-07-28T05:23:06.324+0000: 627.300: [ParNew: 91330K->10240K(92160K), 0.0448930 secs] 7418569K->7343072K(20961280K), 0.0450120 secs] [Times: user=0.34 sys=0.00, real=0.04 secs]
2014-07-28T05:23:06.693+0000: 627.669: [GC2014-07-28T05:23:06.693+0000: 627.669: [ParNew: 92160K->10240K(92160K), 0.0435560 secs] 7424992K->7348816K(20961280K), 0.0436870 secs] [Times: user=0.32 sys=0.01, real=0.04 secs]
2014-07-28T05:23:07.183+0000: 628.159: [GC2014-07-28T05:23:07.183+0000: 628.159: [ParNew: 92160K->10240K(92160K), 0.0422730 secs] 7430736K->7354654K(20961280K), 0.0423960 secs] [Times: user=0.31 sys=0.01, real=0.04 secs]
2014-07-28T05:23:07.597+0000: 628.573: [GC2014-07-28T05:23:07.597+0000: 628.573: [ParNew: 92160K->10240K(92160K), 0.0444260 secs] 7436574K->7360471K(20961280K), 0.0445520 secs] [Times: user=0.34 sys=0.01, real=0.05 secs]
2014-07-28T05:23:08.015+0000: 628.991: [GC2014-07-28T05:23:08.015+0000: 628.991: [ParNew: 92160K->10240K(92160K), 0.0462930 secs] 7442391K->7366179K(20961280K), 0.0464140 secs] [Times: user=0.35 sys=0.00, real=0.05 secs]
2014-07-28T05:23:08.385+0000: 629.361: [GC2014-07-28T05:23:08.385+0000: 629.361: [ParNew: 92154K->10063K(92160K), 0.0428660 secs] 7448094K->7371574K(20961280K), 0.0429840 secs] [Times: user=0.32 sys=0.00, real=0.05 secs]
2014-07-28T05:23:08.664+0000: 629.640: [GC2014-07-28T05:23:08.664+0000: 629.640: [ParNew: 91983K->9922K(92160K), 0.0426780 secs] 7453494K->7377046K(20961280K), 0.0427990 secs] [Times: user=0.31 sys=0.02, real=0.05 secs]
2014-07-28T05:23:09.074+0000: 630.050: [GC2014-07-28T05:23:09.074+0000: 630.050: [ParNew: 91842K->10240K(92160K), 0.0438230 secs] 7458966K->7383057K(20961280K), 0.0439440 secs] [Times: user=0.33 sys=0.01, real=0.04 secs]
2014-07-28T05:23:09.443+0000: 630.419: [GC2014-07-28T05:23:09.443+0000: 630.419: [ParNew: 92160K->10240K(92160K), 0.0431540 secs] 7464977K->7388812K(20961280K), 0.0432730 secs] [Times: user=0.32 sys=0.01, real=0.05 secs]
2014-07-28T05:23:09.913+0000: 630.889: [GC2014-07-28T05:23:09.913+0000: 630.889: [ParNew: 92160K->10240K(92160K), 0.0433240 secs] 7470732K->7394518K(20961280K), 0.0434420 secs] [Times: user=0.34 sys=0.00, real=0.04 secs]
2014-07-28T05:23:10.353+0000: 631.329: [GC2014-07-28T05:23:10.353+0000: 631.329: [ParNew: 92146K->10240K(92160K), 0.0436190 secs] 7476424K->7400158K(20961280K), 0.0437390 secs] [Times: user=0.33 sys=0.01, real=0.04 secs]
2014-07-28T05:23:10.708+0000: 631.684: [GC2014-07-28T05:23:10.708+0000: 631.684: [ParNew: 92160K->10092K(92160K), 0.0439330 secs] 7482078K->7405605K(20961280K), 0.0440530 secs] [Times: user=0.33 sys=0.00, real=0.04 secs]
2014-07-28T05:23:11.044+0000: 632.020: [GC2014-07-28T05:23:11.044+0000: 632.021: [ParNew: 92012K->10240K(92160K), 0.0442970 secs] 7487525K->7411404K(20961280K), 0.0444200 secs] [Times: user=0.34 sys=0.00, real=0.05 secs]
2014-07-28T05:23:11.503+0000: 632.479: [GC2014-07-28T05:23:11.503+0000: 632.479: [ParNew: 92146K->10240K(92160K), 0.0452970 secs] 7493310K->7417326K(20961280K), 0.0454170 secs] [Times: user=0.35 sys=0.00, real=0.05 secs]
2014-07-28T05:23:11.863+0000: 632.840: [GC2014-07-28T05:23:11.863+0000: 632.840: [ParNew: 92160K->10240K(92160K), 0.0427710 secs] 7499246K->7422807K(20961280K), 0.0428900 secs] [Times: user=0.31 sys=0.01, real=0.05 secs]
2014-07-28T05:23:12.234+0000: 633.210: [GC2014-07-28T05:23:12.234+0000: 633.210: [ParNew: 92160K->10240K(92160K), 0.0489900 secs] 7504727K->7428886K(20961280K), 0.0491210 secs] [Times: user=0.36 sys=0.01, real=0.05 secs]
2014-07-28T05:23:12.564+0000: 633.540: [GC2014-07-28T05:23:12.574+0000: 633.550: [ParNew: 92160K->10240K(92160K), 0.0455900 secs] 7510806K->7434701K(20961280K), 0.0558430 secs] [Times: user=0.34 sys=0.01, real=0.06 secs]
2014-07-28T05:23:12.953+0000: 633.929: [GC2014-07-28T05:23:12.953+0000: 633.930: [ParNew: 92160K->10240K(92160K), 0.0447360 secs] 7516621K->7440061K(20961280K), 0.0448530 secs] [Times: user=0.35 sys=0.00, real=0.05 secs]
2014-07-28T05:23:13.343+0000: 634.319: [GC2014-07-28T05:23:13.343+0000: 634.319: [ParNew: 92160K->10240K(92160K), 0.0452120 secs] 7521981K->7445715K(20961280K), 0.0453340 secs] [Times: user=0.34 sys=0.01, real=0.05 secs]
2014-07-28T05:23:13.904+0000: 634.880: [GC2014-07-28T05:23:13.904+0000: 634.880: [ParNew: 92157K->10240K(92160K), 0.0436720 secs] 7527633K->7451341K(20961280K), 0.0437920 secs] [Times: user=0.32 sys=0.01, real=0.05 secs]
2014-07-28T05:23:14.213+0000: 635.189: [GC2014-07-28T05:23:14.213+0000: 635.189: [ParNew: 92160K->10240K(92160K), 0.0440580 secs] 7533261K->7457117K(20961280K), 0.0441750 secs] [Times: user=0.33 sys=0.01, real=0.04 secs]
2014-07-28T05:23:14.523+0000: 635.499: [GC2014-07-28T05:23:14.523+0000: 635.499: [ParNew: 92160K->8896K(92160K), 0.0440340 secs] 7539037K->7461442K(20961280K), 0.0441530 secs] [Times: user=0.32 sys=0.02, real=0.05 secs]
2014-07-28T05:23:15.032+0000: 636.008: [GC2014-07-28T05:23:15.032+0000: 636.008: [ParNew: 90816K->10240K(92160K), 0.0462130 secs] 7543362K->7468476K(20961280K), 0.0463320 secs] [Times: user=0.35 sys=0.00, real=0.05 secs]
2014-07-28T05:23:15.416+0000: 636.392: [GC2014-07-28T05:23:15.416+0000: 636.392: [ParNew: 92160K->9474K(92160K), 0.0457780 secs] 7550396K->7473319K(20961280K), 0.0458990 secs] [Times: user=0.35 sys=0.01, real=0.05 secs]
2014-07-28T05:23:15.746+0000: 636.722: [GC2014-07-28T05:23:15.746+0000: 636.722: [ParNew: 91394K->10240K(92160K), 0.0614800 secs] 7555239K->7479785K(20961280K), 0.0616130 secs] [Times: user=0.36 sys=0.01, real=0.07 secs]
2014-07-28T05:23:16.275+0000: 637.251: [GC2014-07-28T05:23:16.275+0000: 637.251: [ParNew: 92160K->9025K(92160K), 0.0437570 secs] 7561705K->7484293K(20961280K), 0.0438810 secs] [Times: user=0.32 sys=0.02, real=0.05 secs]
2014-07-28T05:23:16.663+0000: 637.639: [GC2014-07-28T05:23:16.663+0000: 637.639: [ParNew: 90945K->10240K(92160K), 0.0435990 secs] 7566213K->7491191K(20961280K), 0.0437200 secs] [Times: user=0.33 sys=0.00, real=0.05 secs]
2014-07-28T05:23:17.124+0000: 638.100: [GC2014-07-28T05:23:17.124+0000: 638.100: [ParNew: 92160K->10240K(92160K), 0.0446430 secs] 7573111K->7497180K(20961280K), 0.0447690 secs] [Times: user=0.34 sys=0.01, real=0.05 secs]
2014-07-28T05:23:17.589+0000: 638.565: [GC2014-07-28T05:23:17.611+0000: 638.587: [ParNew: 92160K->10240K(92160K), 0.0716420 secs] 7579100K->7502758K(20961280K), 0.0944690 secs] [Times: user=0.34 sys=0.01, real=0.09 secs]
2014-07-28T05:23:17.974+0000: 638.950: [GC2014-07-28T05:23:17.974+0000: 638.950: [ParNew: 92160K->9630K(92160K), 0.0435930 secs] 7584678K->7507745K(20961280K), 0.0437360 secs] [Times: user=0.31 sys=0.02, real=0.04 secs]
2014-07-28T05:23:18.323+0000: 639.299: [GC2014-07-28T05:23:18.323+0000: 639.299: [ParNew: 91550K->10240K(92160K), 0.0431880 secs] 7589665K->7514539K(20961280K), 0.0433060 secs] [Times: user=0.31 sys=0.01, real=0.05 secs]
2014-07-28T05:23:18.576+0000: 639.552: [GC2014-07-28T05:23:18.576+0000: 639.552: [ParNew: 92160K->10240K(92160K), 0.0445200 secs] 7596459K->7520772K(20961280K), 0.0446490 secs] [Times: user=0.32 sys=0.01, real=0.05 secs]
2014-07-28T05:23:18.936+0000: 639.912: [GC2014-07-28T05:23:18.936+0000: 639.912: [ParNew: 92160K->10240K(92160K), 0.0432310 secs] 7602692K->7525995K(20961280K), 0.0433560 secs] [Times: user=0.30 sys=0.03, real=0.05 secs]
2014-07-28T05:23:19.395+0000: 640.371: [GC2014-07-28T05:23:19.395+0000: 640.371: [ParNew: 92160K->9530K(92160K), 0.0448590 secs] 7607915K->7530933K(20961280K), 0.0449780 secs] [Times: user=0.34 sys=0.01, real=0.05 secs]
2014-07-28T05:23:19.882+0000: 640.858: [GC2014-07-28T05:23:19.882+0000: 640.859: [ParNew: 91450K->10240K(92160K), 0.0438080 secs] 7612853K->7537342K(20961280K), 0.0439270 secs] [Times: user=0.32 sys=0.02, real=0.05 secs]
2014-07-28T05:23:20.274+0000: 641.250: [GC2014-07-28T05:23:20.274+0000: 641.250: [ParNew: 92160K->9530K(92160K), 0.0446060 secs] 7619262K->7542280K(20961280K), 0.0447250 secs] [Times: user=0.35 sys=0.00, real=0.05 secs]
2014-07-28T05:23:20.614+0000: 641.590: [GC2014-07-28T05:23:20.614+0000: 641.590: [ParNew: 91450K->10240K(92160K), 0.0446740 secs] 7624200K->7548728K(20961280K), 0.0448030 secs] [Times: user=0.34 sys=0.00, real=0.05 secs]
2014-07-28T05:23:21.006+0000: 641.982: [GC2014-07-28T05:23:21.006+0000: 641.983: [ParNew: 92152K->10240K(92160K), 0.0440020 secs] 7630640K->7554487K(20961280K), 0.0441240 secs] [Times: user=0.30 sys=0.02, real=0.04 secs]
2014-07-28T05:23:21.443+0000: 642.419: [GC2014-07-28T05:23:21.443+0000: 642.419: [ParNew: 92160K->10240K(92160K), 0.0465590 secs] 7636407K->7560196K(20961280K), 0.0466780 secs] [Times: user=0.33 sys=0.01, real=0.05 secs]
2014-07-28T05:23:21.813+0000: 642.789: [GC2014-07-28T05:23:21.813+0000: 642.789: [ParNew: 92160K->9117K(92160K), 0.0442110 secs] 7642116K->7564740K(20961280K), 0.0443280 secs] [Times: user=0.32 sys=0.02, real=0.04 secs]
2014-07-28T05:23:22.212+0000: 643.188: [GC2014-07-28T05:23:22.212+0000: 643.188: [ParNew: 91037K->8689K(92160K), 0.0430410 secs] 7646660K->7569900K(20961280K), 0.0431660 secs] [Times: user=0.32 sys=0.01, real=0.04 secs]
2014-07-28T05:23:22.553+0000: 643.529: [GC2014-07-28T05:23:22.553+0000: 643.529: [ParNew: 90609K->10240K(92160K), 0.0460650 secs] 7651820K->7577584K(20961280K), 0.0461840 secs] [Times: user=0.34 sys=0.02, real=0.05 secs]
2014-07-28T05:23:22.897+0000: 643.873: [GC2014-07-28T05:23:22.897+0000: 643.873: [ParNew: 92160K->10240K(92160K), 0.0452090 secs] 7659504K->7583117K(20961280K), 0.0453260 secs] [Times: user=0.33 sys=0.02, real=0.05 secs]
2014-07-28T05:23:23.253+0000: 644.229: [GC2014-07-28T05:23:23.253+0000: 644.229: [ParNew: 92160K->10240K(92160K), 0.0445190 secs] 7665037K->7588744K(20961280K), 0.0446440 secs] [Times: user=0.34 sys=0.00, real=0.04 secs]
2014-07-28T05:23:23.863+0000: 644.839: [GC2014-07-28T05:23:23.863+0000: 644.839: [ParNew: 92160K->10240K(92160K), 0.0453440 secs] 7670664K->7594439K(20961280K), 0.0454680 secs] [Times: user=0.35 sys=0.01, real=0.05 secs]
2014-07-28T05:23:24.166+0000: 645.142: [GC2014-07-28T05:23:24.166+0000: 645.142: [ParNew: 92160K->8885K(92160K), 0.0423790 secs] 7676359K->7598757K(20961280K), 0.0425480 secs] [Times: user=0.31 sys=0.01, real=0.05 secs]
2014-07-28T05:23:24.473+0000: 645.449: [GC2014-07-28T05:23:24.473+0000: 645.449: [ParNew: 90804K->9414K(92160K), 0.0424100 secs] 7680676K->7604883K(20961280K), 0.0425330 secs] [Times: user=0.32 sys=0.01, real=0.04 secs]
2014-07-28T05:23:24.944+0000: 645.920: [GC2014-07-28T05:23:24.944+0000: 645.920: [ParNew: 91326K->8803K(92160K), 0.0417740 secs] 7686795K->7610066K(20961280K), 0.0418970 secs] [Times: user=0.31 sys=0.02, real=0.05 secs]
2014-07-28T05:23:25.342+0000: 646.318: [GC2014-07-28T05:23:25.342+0000: 646.318: [ParNew: 90723K->9504K(92160K), 0.0430590 secs] 7691986K->7616423K(20961280K), 0.0431800 secs] [Times: user=0.33 sys=0.00, real=0.04 secs]
2014-07-28T05:23:25.670+0000: 646.646: [GC2014-07-28T05:23:25.670+0000: 646.646: [ParNew: 91424K->10240K(92160K), 0.0442420 secs] 7698343K->7623058K(20961280K), 0.0443630 secs] [Times: user=0.34 sys=0.00, real=0.04 secs]
2014-07-28T05:23:26.183+0000: 647.159: [GC2014-07-28T05:23:26.183+0000: 647.159: [ParNew: 92160K->9780K(92160K), 0.0459070 secs] 7704978K->7628078K(20961280K), 0.0460250 secs] [Times: user=0.33 sys=0.01, real=0.05 secs]
2014-07-28T05:23:26.563+0000: 647.539: [GC2014-07-28T05:23:26.563+0000: 647.539: [ParNew: 91700K->8539K(92160K), 0.0424170 secs] 7709998K->7632465K(20961280K), 0.0425330 secs] [Times: user=0.32 sys=0.00, real=0.04 secs]
2014-07-28T05:23:27.062+0000: 648.038: [GC2014-07-28T05:23:27.062+0000: 648.039: [ParNew: 90459K->8447K(92160K), 0.0436290 secs] 7714385K->7638061K(20961280K), 0.0437510 secs] [Times: user=0.33 sys=0.01, real=0.05 secs]
2014-07-28T05:23:27.463+0000: 648.439: [GC2014-07-28T05:23:27.463+0000: 648.439: [ParNew: 90367K->10240K(92160K), 0.0437760 secs] 7719981K->7645438K(20961280K), 0.0438950 secs] [Times: user=0.33 sys=0.00, real=0.05 secs]
2014-07-28T05:23:27.873+0000: 648.849: [GC2014-07-28T05:23:27.873+0000: 648.849: [ParNew: 92160K->9379K(92160K), 0.0452790 secs] 7727358K->7650378K(20961280K), 0.0453980 secs] [Times: user=0.35 sys=0.00, real=0.05 secs]
2014-07-28T05:23:28.317+0000: 649.293: [GC2014-07-28T05:23:28.317+0000: 649.293: [ParNew: 91299K->10240K(92160K), 0.0432630 secs] 7732298K->7656885K(20961280K), 0.0433840 secs] [Times: user=0.32 sys=0.01, real=0.05 secs]
2014-07-28T05:23:28.573+0000: 649.549: [GC2014-07-28T05:23:28.573+0000: 649.549: [ParNew: 92160K->10240K(92160K), 0.0459470 secs] 7738805K->7662610K(20961280K), 0.0460650 secs] [Times: user=0.33 sys=0.01, real=0.05 secs]
2014-07-28T05:23:28.854+0000: 649.830: [GC2014-07-28T05:23:28.854+0000: 649.830: [ParNew: 92160K->10240K(92160K), 0.0440050 secs] 7744530K->7668425K(20961280K), 0.0441400 secs] [Times: user=0.33 sys=0.01, real=0.04 secs]
2014-07-28T05:23:29.255+0000: 650.231: [GC2014-07-28T05:23:29.255+0000: 650.231: [ParNew: 92160K->10240K(92160K), 0.0425250 secs] 7750345K->7674275K(20961280K), 0.0426490 secs] [Times: user=0.31 sys=0.01, real=0.04 secs]
2014-07-28T05:23:29.802+0000: 650.778: [GC2014-07-28T05:23:29.802+0000: 650.778: [ParNew: 92150K->8805K(92160K), 0.0450320 secs] 7756186K->7678418K(20961280K), 0.0451520 secs] [Times: user=0.33 sys=0.01, real=0.05 secs]
2014-07-28T05:23:30.130+0000: 651.106: [GC2014-07-28T05:23:30.130+0000: 651.106: [ParNew: 90725K->8566K(92160K), 0.0433350 secs] 7760338K->7683642K(20961280K), 0.0434590 secs] [Times: user=0.33 sys=0.01, real=0.04 secs]
2014-07-28T05:23:30.547+0000: 651.523: [GC2014-07-28T05:23:30.547+0000: 651.523: [ParNew: 90486K->10240K(92160K), 0.0425680 secs] 7765562K->7691033K(20961280K), 0.0426860 secs] [Times: user=0.31 sys=0.02, real=0.04 secs]
2014-07-28T05:23:30.906+0000: 651.882: [GC2014-07-28T05:23:30.906+0000: 651.882: [ParNew: 92160K->10240K(92160K), 0.0526410 secs] 7772953K->7696830K(20961280K), 0.0527560 secs] [Times: user=0.33 sys=0.01, real=0.05 secs]
2014-07-28T05:23:31.303+0000: 652.279: [GC2014-07-28T05:23:31.303+0000: 652.279: [ParNew: 92160K->9829K(92160K), 0.0450070 secs] 7778750K->7702063K(20961280K), 0.0451290 secs] [Times: user=0.34 sys=0.02, real=0.05 secs]
2014-07-28T05:23:31.703+0000: 652.679: [GC2014-07-28T05:23:31.703+0000: 652.679: [ParNew: 91749K->10240K(92160K), 0.0433490 secs] 7783983K->7708186K(20961280K), 0.0434670 secs] [Times: user=0.33 sys=0.01, real=0.05 secs]
2014-07-28T05:23:32.072+0000: 653.048: [GC2014-07-28T05:23:32.072+0000: 653.048: [ParNew: 92160K->10240K(92160K), 0.0425790 secs] 7790106K->7713906K(20961280K), 0.0426960 secs] [Times: user=0.32 sys=0.00, real=0.04 secs]
2014-07-28T05:23:32.535+0000: 653.511: [GC2014-07-28T05:23:32.535+0000: 653.512: [ParNew: 92160K->8356K(92160K), 0.0428350 secs] 7795826K->7717512K(20961280K), 0.0429770 secs] [Times: user=0.33 sys=0.00, real=0.05 secs]
2014-07-28T05:23:32.793+0000: 653.769: [GC2014-07-28T05:23:32.793+0000: 653.769: [ParNew: 90276K->10170K(92160K), 0.0447440 secs] 7799432K->7725041K(20961280K), 0.0448630 secs] [Times: user=0.34 sys=0.01, real=0.04 secs]
2014-07-28T05:23:33.177+0000: 654.153: [GC2014-07-28T05:23:33.177+0000: 654.153: [ParNew: 92090K->10240K(92160K), 0.0441980 secs] 7806961K->7730969K(20961280K), 0.0443220 secs] [Times: user=0.33 sys=0.01, real=0.05 secs]
2014-07-28T05:23:33.583+0000: 654.559: [GC2014-07-28T05:23:33.583+0000: 654.559: [ParNew: 92145K->9267K(92160K), 0.0441040 secs] 7812875K->7735678K(20961280K), 0.0442250 secs] [Times: user=0.33 sys=0.01, real=0.05 secs]
2014-07-28T05:23:34.116+0000: 655.092: [GC2014-07-28T05:23:34.116+0000: 655.092: [ParNew: 91187K->10240K(92160K), 0.0435770 secs] 7817598K->7742233K(20961280K), 0.0436980 secs] [Times: user=0.33 sys=0.01, real=0.05 secs]
2014-07-28T05:23:34.432+0000: 655.408: [GC2014-07-28T05:23:34.432+0000: 655.409: [ParNew: 92160K->9453K(92160K), 0.0434920 secs] 7824153K->7747147K(20961280K), 0.0436160 secs] [Times: user=0.33 sys=0.01, real=0.04 secs]
2014-07-28T05:23:34.765+0000: 655.741: [GC2014-07-28T05:23:34.765+0000: 655.741: [ParNew: 91373K->9792K(92160K), 0.0457230 secs] 7829067K->7753197K(20961280K), 0.0458410 secs] [Times: user=0.33 sys=0.02, real=0.05 secs]
2014-07-28T05:23:35.278+0000: 656.254: [GC2014-07-28T05:23:35.278+0000: 656.254: [ParNew: 91712K->10240K(92160K), 0.0439690 secs] 7835117K->7759439K(20961280K), 0.0440910 secs] [Times: user=0.33 sys=0.01, real=0.05 secs]
2014-07-28T05:23:35.624+0000: 656.600: [GC2014-07-28T05:23:35.624+0000: 656.600: [ParNew: 92158K->10240K(92160K), 0.0789900 secs] 7841358K->7765086K(20961280K), 0.0791320 secs] [Times: user=0.38 sys=0.02, real=0.08 secs]
2014-07-28T05:23:35.964+0000: 656.941: [GC2014-07-28T05:23:35.965+0000: 656.941: [ParNew: 92160K->9481K(92160K), 0.0445430 secs] 7847006K->7770037K(20961280K), 0.0446660 secs] [Times: user=0.33 sys=0.01, real=0.05 secs]
2014-07-28T05:23:36.494+0000: 657.470: [GC2014-07-28T05:23:36.494+0000: 657.470: [ParNew: 91401K->9212K(92160K), 0.0430770 secs] 7851957K->7775372K(20961280K), 0.0432120 secs] [Times: user=0.32 sys=0.01, real=0.04 secs]
2014-07-28T05:23:36.866+0000: 657.842: [GC2014-07-28T05:23:36.866+0000: 657.842: [ParNew: 91132K->10240K(92160K), 0.0432790 secs] 7857292K->7782155K(20961280K), 0.0433960 secs] [Times: user=0.33 sys=0.01, real=0.05 secs]
2014-07-28T05:23:37.346+0000: 658.322: [GC2014-07-28T05:23:37.346+0000: 658.322: [ParNew: 92160K->10240K(92160K), 0.0518820 secs] 7864075K->7788362K(20961280K), 0.0519900 secs] [Times: user=0.33 sys=0.03, real=0.05 secs]
2014-07-28T05:23:37.802+0000: 658.778: [GC2014-07-28T05:23:37.802+0000: 658.778: [ParNew: 92160K->10240K(92160K), 0.0754010 secs] 7870282K->7794272K(20961280K), 0.0755470 secs] [Times: user=0.36 sys=0.00, real=0.07 secs]
2014-07-28T05:23:38.184+0000: 659.160: [GC2014-07-28T05:23:38.184+0000: 659.161: [ParNew: 92160K->10240K(92160K), 0.0446740 secs] 7876192K->7800044K(20961280K), 0.0448510 secs] [Times: user=0.34 sys=0.00, real=0.05 secs]
2014-07-28T05:23:38.544+0000: 659.520: [GC2014-07-28T05:23:38.544+0000: 659.520: [ParNew: 92160K->9197K(92160K), 0.0438770 secs] 7881964K->7804547K(20961280K), 0.0439940 secs] [Times: user=0.33 sys=0.01, real=0.05 secs]
2014-07-28T05:23:38.823+0000: 659.799: [GC2014-07-28T05:23:38.823+0000: 659.799: [ParNew: 91117K->9491K(92160K), 0.0420070 secs] 7886467K->7810394K(20961280K), 0.0421250 secs] [Times: user=0.30 sys=0.02, real=0.04 secs]
2014-07-28T05:23:39.235+0000: 660.211: [GC2014-07-28T05:23:39.235+0000: 660.211: [ParNew: 91399K->9399K(92160K), 0.0448400 secs] 7892302K->7816011K(20961280K), 0.0449620 secs] [Times: user=0.33 sys=0.01, real=0.04 secs]
2014-07-28T05:23:39.617+0000: 660.593: [GC2014-07-28T05:23:39.617+0000: 660.593: [ParNew: 91319K->10240K(92160K), 0.0476340 secs] 7897931K->7822595K(20961280K), 0.0477530 secs] [Times: user=0.35 sys=0.01, real=0.04 secs]
2014-07-28T05:23:40.083+0000: 661.059: [GC2014-07-28T05:23:40.083+0000: 661.059: [ParNew: 92160K->10240K(92160K), 0.0479080 secs] 7904515K->7828659K(20961280K), 0.0480260 secs] [Times: user=0.37 sys=0.01, real=0.05 secs]
2014-07-28T05:23:40.505+0000: 661.481: [GC2014-07-28T05:23:40.505+0000: 661.482: [ParNew: 92160K->10240K(92160K), 0.0433170 secs] 7910579K->7834022K(20961280K), 0.0434370 secs] [Times: user=0.32 sys=0.00, real=0.05 secs]
2014-07-28T05:23:40.863+0000: 661.839: [GC2014-07-28T05:23:40.863+0000: 661.839: [ParNew: 92160K->10240K(92160K), 0.0425500 secs] 7915942K->7839676K(20961280K), 0.0426700 secs] [Times: user=0.32 sys=0.01, real=0.04 secs]
2014-07-28T05:23:41.223+0000: 662.199: [GC2014-07-28T05:23:41.223+0000: 662.199: [ParNew: 92160K->10240K(92160K), 0.0431870 secs] 7921596K->7845304K(20961280K), 0.0433120 secs] [Times: user=0.32 sys=0.01, real=0.05 secs]
2014-07-28T05:23:41.672+0000: 662.648: [GC2014-07-28T05:23:41.672+0000: 662.648: [ParNew: 92160K->10240K(92160K), 0.0432140 secs] 7927224K->7851048K(20961280K), 0.0433300 secs] [Times: user=0.32 sys=0.01, real=0.05 secs]
2014-07-28T05:23:42.026+0000: 663.002: [GC2014-07-28T05:23:42.026+0000: 663.002: [ParNew: 92160K->10240K(92160K), 0.0417170 secs] 7932968K->7856707K(20961280K), 0.0418470 secs] [Times: user=0.30 sys=0.02, real=0.04 secs]
2014-07-28T05:23:42.416+0000: 663.392: [GC2014-07-28T05:23:42.416+0000: 663.392: [ParNew: 92160K->10240K(92160K), 0.0431910 secs] 7938627K->7862405K(20961280K), 0.0433080 secs] [Times: user=0.32 sys=0.02, real=0.04 secs]
2014-07-28T05:23:42.742+0000: 663.718: [GC2014-07-28T05:23:42.742+0000: 663.718: [ParNew: 92160K->10240K(92160K), 0.0451780 secs] 7944325K->7868578K(20961280K), 0.0453070 secs] [Times: user=0.34 sys=0.02, real=0.05 secs]
2014-07-28T05:23:43.117+0000: 664.093: [GC2014-07-28T05:23:43.117+0000: 664.093: [ParNew: 92154K->9952K(92160K), 0.0436950 secs] 7950493K->7873513K(20961280K), 0.0438140 secs] [Times: user=0.34 sys=0.00, real=0.04 secs]
2014-07-28T05:23:43.505+0000: 664.481: [GC2014-07-28T05:23:43.505+0000: 664.481: [ParNew: 91872K->10240K(92160K), 0.0420250 secs] 7955433K->7879460K(20961280K), 0.0421470 secs] [Times: user=0.32 sys=0.01, real=0.05 secs]
2014-07-28T05:23:44.072+0000: 665.048: [GC2014-07-28T05:23:44.072+0000: 665.048: [ParNew: 92160K->10213K(92160K), 0.0428950 secs] 7961380K->7885075K(20961280K), 0.0430190 secs] [Times: user=0.32 sys=0.00, real=0.05 secs]
2014-07-28T05:23:44.379+0000: 665.355: [GC2014-07-28T05:23:44.379+0000: 665.355: [ParNew: 92133K->10240K(92160K), 0.0443220 secs] 7966995K->7890809K(20961280K), 0.0444420 secs] [Times: user=0.32 sys=0.01, real=0.04 secs]
2014-07-28T05:23:44.687+0000: 665.663: [GC2014-07-28T05:23:44.687+0000: 665.663: [ParNew: 92160K->10240K(92160K), 0.0437910 secs] 7972729K->7896555K(20961280K), 0.0439100 secs] [Times: user=0.31 sys=0.02, real=0.04 secs]
2014-07-28T05:23:45.195+0000: 666.171: [GC2014-07-28T05:23:45.195+0000: 666.171: [ParNew: 92160K->9844K(92160K), 0.0434030 secs] 7978475K->7901865K(20961280K), 0.0435280 secs] [Times: user=0.33 sys=0.00, real=0.04 secs]
2014-07-28T05:23:45.578+0000: 666.554: [GC2014-07-28T05:23:45.578+0000: 666.554: [ParNew: 91764K->8444K(92160K), 0.0425020 secs] 7983785K->7906127K(20961280K), 0.0426230 secs] [Times: user=0.31 sys=0.02, real=0.04 secs]
2014-07-28T05:23:45.924+0000: 666.900: [GC2014-07-28T05:23:45.924+0000: 666.900: [ParNew: 90364K->10240K(92160K), 0.0549920 secs] 7988047K->7913589K(20961280K), 0.0551100 secs] [Times: user=0.36 sys=0.02, real=0.06 secs]
2014-07-28T05:23:46.440+0000: 667.416: [GC2014-07-28T05:23:46.440+0000: 667.416: [ParNew: 92160K->10175K(92160K), 0.0447210 secs] 7995509K->7919213K(20961280K), 0.0448430 secs] [Times: user=0.32 sys=0.02, real=0.04 secs]
2014-07-28T05:23:46.833+0000: 667.809: [GC2014-07-28T05:23:46.833+0000: 667.809: [ParNew: 92095K->10240K(92160K), 0.0442580 secs] 8001133K->7925011K(20961280K), 0.0443770 secs] [Times: user=0.33 sys=0.01, real=0.05 secs]
2014-07-28T05:23:47.295+0000: 668.271: [GC2014-07-28T05:23:47.295+0000: 668.271: [ParNew: 92160K->10240K(92160K), 0.0448140 secs] 8006931K->7930877K(20961280K), 0.0449380 secs] [Times: user=0.34 sys=0.01, real=0.04 secs]
2014-07-28T05:23:47.834+0000: 668.810: [GC2014-07-28T05:23:47.834+0000: 668.810: [ParNew: 92160K->9351K(92160K), 0.0448800 secs] 8012797K->7935666K(20961280K), 0.0450070 secs] [Times: user=0.34 sys=0.00, real=0.05 secs]
2014-07-28T05:23:48.133+0000: 669.109: [GC2014-07-28T05:23:48.133+0000: 669.109: [ParNew: 91271K->9871K(92160K), 0.0441530 secs] 8017586K->7941705K(20961280K), 0.0442740 secs] [Times: user=0.33 sys=0.01, real=0.05 secs]
2014-07-28T05:23:48.498+0000: 669.474: [GC2014-07-28T05:23:48.498+0000: 669.474: [ParNew: 91791K->10240K(92160K), 0.0443290 secs] 8023625K->7947821K(20961280K), 0.0444480 secs] [Times: user=0.33 sys=0.01, real=0.04 secs]
2014-07-28T05:23:48.752+0000: 669.728: [GC2014-07-28T05:23:48.752+0000: 669.728: [ParNew: 92160K->10240K(92160K), 0.0460480 secs] 8029741K->7953990K(20961280K), 0.0461680 secs] [Times: user=0.34 sys=0.02, real=0.05 secs]
2014-07-28T05:23:49.095+0000: 670.071: [GC2014-07-28T05:23:49.095+0000: 670.071: [ParNew: 92160K->8932K(92160K), 0.0434960 secs] 8035910K->7958157K(20961280K), 0.0436370 secs] [Times: user=0.32 sys=0.02, real=0.04 secs]
2014-07-28T05:23:49.601+0000: 670.577: [GC2014-07-28T05:23:49.601+0000: 670.577: [ParNew: 90852K->8607K(92160K), 0.0443350 secs] 8040077K->7963497K(20961280K), 0.0444540 secs] [Times: user=0.33 sys=0.01, real=0.04 secs]
2014-07-28T05:23:50.042+0000: 671.018: [GC2014-07-28T05:23:50.042+0000: 671.018: [ParNew: 90527K->8951K(92160K), 0.0439940 secs] 8045417K->7969495K(20961280K), 0.0441120 secs] [Times: user=0.33 sys=0.01, real=0.05 secs]
2014-07-28T05:23:50.443+0000: 671.419: [GC2014-07-28T05:23:50.443+0000: 671.419: [ParNew: 90871K->9073K(92160K), 0.0444480 secs] 8051415K->7975215K(20961280K), 0.0445710 secs] [Times: user=0.33 sys=0.01, real=0.05 secs]
2014-07-28T05:23:50.785+0000: 671.761: [GC2014-07-28T05:23:50.785+0000: 671.761: [ParNew: 90993K->10096K(92160K), 0.0464920 secs] 8057135K->7981976K(20961280K), 0.0466120 secs] [Times: user=0.36 sys=0.00, real=0.05 secs]
2014-07-28T05:23:51.174+0000: 672.150: [GC2014-07-28T05:23:51.174+0000: 672.150: [ParNew: 92016K->9902K(92160K), 0.0434630 secs] 8063896K->7987549K(20961280K), 0.0435850 secs] [Times: user=0.34 sys=0.00, real=0.04 secs]
2014-07-28T05:23:51.612+0000: 672.588: [GC2014-07-28T05:23:51.612+0000: 672.588: [ParNew: 91822K->10030K(92160K), 0.0429920 secs] 8069469K->7993331K(20961280K), 0.0431120 secs] [Times: user=0.31 sys=0.02, real=0.05 secs]
2014-07-28T05:23:51.968+0000: 672.944: [GC2014-07-28T05:23:51.968+0000: 672.944: [ParNew: 91950K->8026K(92160K), 0.0456470 secs] 8075251K->7997028K(20961280K), 0.0457680 secs] [Times: user=0.33 sys=0.01, real=0.04 secs]
2014-07-28T05:23:52.375+0000: 673.351: [GC2014-07-28T05:23:52.375+0000: 673.351: [ParNew: 89941K->10240K(92160K), 0.0454430 secs] 8078943K->8004898K(20961280K), 0.0455640 secs] [Times: user=0.34 sys=0.00, real=0.04 secs]
2014-07-28T05:23:52.732+0000: 673.708: [GC2014-07-28T05:23:52.732+0000: 673.708: [ParNew: 92160K->10240K(92160K), 0.0487530 secs] 8086818K->8010650K(20961280K), 0.0488770 secs] [Times: user=0.36 sys=0.01, real=0.05 secs]
2014-07-28T05:23:53.062+0000: 674.039: [GC2014-07-28T05:23:53.063+0000: 674.039: [ParNew: 92160K->10240K(92160K), 0.0462710 secs] 8092570K->8016394K(20961280K), 0.0463950 secs] [Times: user=0.36 sys=0.01, real=0.05 secs]
2014-07-28T05:23:53.418+0000: 674.394: [GC2014-07-28T05:23:53.418+0000: 674.394: [ParNew: 92160K->9777K(92160K), 0.0475350 secs] 8098314K->8021496K(20961280K), 0.0476560 secs] [Times: user=0.36 sys=0.01, real=0.04 secs]
2014-07-28T05:23:54.027+0000: 675.003: [GC2014-07-28T05:23:54.027+0000: 675.003: [ParNew: 91697K->9355K(92160K), 0.0438620 secs] 8103416K->8026726K(20961280K), 0.0439820 secs] [Times: user=0.33 sys=0.01, real=0.04 secs]
2014-07-28T05:23:54.325+0000: 675.301: [GC2014-07-28T05:23:54.325+0000: 675.301: [ParNew: 91273K->9668K(92160K), 0.0424000 secs] 8108644K->8032783K(20961280K), 0.0425200 secs] [Times: user=0.32 sys=0.01, real=0.05 secs]
2014-07-28T05:23:54.645+0000: 675.621: [GC2014-07-28T05:23:54.645+0000: 675.621: [ParNew: 91588K->9325K(92160K), 0.0424810 secs] 8114703K->8038035K(20961280K), 0.0426040 secs] [Times: user=0.33 sys=0.00, real=0.05 secs]
2014-07-28T05:23:55.113+0000: 676.089: [GC2014-07-28T05:23:55.113+0000: 676.089: [ParNew: 91245K->9630K(92160K), 0.0468210 secs] 8119955K->8044102K(20961280K), 0.0469420 secs] [Times: user=0.35 sys=0.00, real=0.05 secs]
2014-07-28T05:23:55.503+0000: 676.479: [GC2014-07-28T05:23:55.503+0000: 676.479: [ParNew: 91550K->9642K(92160K), 0.0436390 secs] 8126022K->8049726K(20961280K), 0.0437570 secs] [Times: user=0.33 sys=0.00, real=0.05 secs]
2014-07-28T05:23:55.853+0000: 676.829: [GC2014-07-28T05:23:55.853+0000: 676.829: [ParNew: 91562K->10240K(92160K), 0.0499150 secs] 8131646K->8056527K(20961280K), 0.0500320 secs] [Times: user=0.36 sys=0.02, real=0.05 secs]
2014-07-28T05:23:56.353+0000: 677.329: [GC2014-07-28T05:23:56.353+0000: 677.329: [ParNew: 92160K->9508K(92160K), 0.0435380 secs] 8138447K->8061222K(20961280K), 0.0436590 secs] [Times: user=0.32 sys=0.01, real=0.05 secs]
2014-07-28T05:23:56.730+0000: 677.706: [GC2014-07-28T05:23:56.730+0000: 677.706: [ParNew: 91428K->9920K(92160K), 0.0431820 secs] 8143142K->8067285K(20961280K), 0.0433030 secs] [Times: user=0.33 sys=0.00, real=0.04 secs]
2014-07-28T05:23:57.169+0000: 678.145: [GC2014-07-28T05:23:57.169+0000: 678.145: [ParNew: 91840K->8170K(92160K), 0.0443860 secs] 8149205K->8071186K(20961280K), 0.0445100 secs] [Times: user=0.35 sys=0.00, real=0.04 secs]
2014-07-28T05:23:57.635+0000: 678.611: [GC2014-07-28T05:23:57.635+0000: 678.611: [ParNew: 90090K->10240K(92160K), 0.0427700 secs] 8153106K->8078858K(20961280K), 0.0428870 secs] [Times: user=0.32 sys=0.01, real=0.04 secs]
2014-07-28T05:23:58.036+0000: 679.012: [GC2014-07-28T05:23:58.036+0000: 679.012: [ParNew: 92160K->10240K(92160K), 0.0453810 secs] 8160778K->8084668K(20961280K), 0.0455080 secs] [Times: user=0.33 sys=0.02, real=0.04 secs]
2014-07-28T05:23:58.478+0000: 679.454: [GC2014-07-28T05:23:58.478+0000: 679.454: [ParNew: 92160K->9843K(92160K), 0.0426030 secs] 8166588K->8089930K(20961280K), 0.0427190 secs] [Times: user=0.32 sys=0.00, real=0.04 secs]
2014-07-28T05:23:58.761+0000: 679.737: [GC2014-07-28T05:23:58.761+0000: 679.737: [ParNew: 91758K->10201K(92160K), 0.0433180 secs] 8171845K->8095917K(20961280K), 0.0434410 secs] [Times: user=0.32 sys=0.01, real=0.04 secs]
2014-07-28T05:23:59.033+0000: 680.009: [GC2014-07-28T05:23:59.033+0000: 680.009: [ParNew: 92121K->10240K(92160K), 0.0445410 secs] 8177837K->8102071K(20961280K), 0.0446650 secs] [Times: user=0.33 sys=0.00, real=0.05 secs]
2014-07-28T05:23:59.436+0000: 680.413: [GC2014-07-28T05:23:59.437+0000: 680.413: [ParNew: 92160K->10240K(92160K), 0.0416150 secs] 8183991K->8108305K(20961280K), 0.0417330 secs] [Times: user=0.32 sys=0.01, real=0.04 secs]
2014-07-28T05:23:59.953+0000: 680.929: [GC2014-07-28T05:23:59.953+0000: 680.929: [ParNew: 92160K->9973K(92160K), 0.0424630 secs] 8190225K->8113290K(20961280K), 0.0425800 secs] [Times: user=0.33 sys=0.00, real=0.05 secs]
2014-07-28T05:24:00.289+0000: 681.265: [GC2014-07-28T05:24:00.289+0000: 681.265: [ParNew: 91893K->9311K(92160K), 0.0408700 secs] 8195210K->8118078K(20961280K), 0.0409910 secs] [Times: user=0.31 sys=0.00, real=0.04 secs]
2014-07-28T05:24:00.718+0000: 681.694: [GC2014-07-28T05:24:00.718+0000: 681.695: [ParNew: 91231K->10240K(92160K), 0.0444440 secs] 8199998K->8124749K(20961280K), 0.0445620 secs] [Times: user=0.33 sys=0.01, real=0.04 secs]
2014-07-28T05:24:01.085+0000: 682.061: [GC2014-07-28T05:24:01.085+0000: 682.061: [ParNew: 92160K->10240K(92160K), 0.0478700 secs] 8206669K->8130551K(20961280K), 0.0479750 secs] [Times: user=0.35 sys=0.02, real=0.05 secs]
2014-07-28T05:24:01.472+0000: 682.448: [GC2014-07-28T05:24:01.472+0000: 682.448: [ParNew: 92160K->9474K(92160K), 0.0630380 secs] 8212471K->8135429K(20961280K), 0.0631480 secs] [Times: user=0.39 sys=0.01, real=0.07 secs]
2014-07-28T05:24:01.884+0000: 682.860: [GC2014-07-28T05:24:01.884+0000: 682.860: [ParNew: 91394K->10240K(92160K), 0.0469330 secs] 8217349K->8142417K(20961280K), 0.0470370 secs] [Times: user=0.33 sys=0.01, real=0.05 secs]
2014-07-28T05:24:02.226+0000: 683.202: [GC2014-07-28T05:24:02.226+0000: 683.202: [ParNew: 92160K->9919K(92160K), 0.0470640 secs] 8224337K->8147506K(20961280K), 0.0471700 secs] [Times: user=0.35 sys=0.00, real=0.05 secs]
2014-07-28T05:24:02.692+0000: 683.668: [GC2014-07-28T05:24:02.692+0000: 683.669: [ParNew: 91839K->7533K(92160K), 0.0495930 secs] 8229426K->8150680K(20961280K), 0.0496950 secs] [Times: user=0.33 sys=0.01, real=0.05 secs]
2014-07-28T05:24:02.967+0000: 683.943: [GC2014-07-28T05:24:02.967+0000: 683.943: [ParNew: 89453K->9618K(92160K), 0.0527820 secs] 8232600K->8158381K(20961280K), 0.0528910 secs] [Times: user=0.37 sys=0.01, real=0.05 secs]
2014-07-28T05:24:03.355+0000: 684.331: [GC2014-07-28T05:24:03.355+0000: 684.331: [ParNew: 91538K->10104K(92160K), 0.0542990 secs] 8240301K->8164752K(20961280K), 0.0544010 secs] [Times: user=0.39 sys=0.01, real=0.05 secs]
2014-07-28T05:24:03.745+0000: 684.721: [GC2014-07-28T05:24:03.745+0000: 684.721: [ParNew: 92024K->10240K(92160K), 0.0481910 secs] 8246672K->8170535K(20961280K), 0.0483090 secs] [Times: user=0.35 sys=0.00, real=0.05 secs]
2014-07-28T05:24:04.287+0000: 685.263: [GC2014-07-28T05:24:04.287+0000: 685.263: [ParNew: 92147K->8846K(92160K), 0.0522650 secs] 8252443K->8174723K(20961280K), 0.0523770 secs] [Times: user=0.34 sys=0.02, real=0.05 secs]
2014-07-28T05:24:04.610+0000: 685.586: [GC2014-07-28T05:24:04.610+0000: 685.586: [ParNew: 90766K->9386K(92160K), 0.0619030 secs] 8256643K->8180937K(20961280K), 0.0620600 secs] [Times: user=0.43 sys=0.02, real=0.06 secs]
2014-07-28T05:24:04.943+0000: 685.919: [GC2014-07-28T05:24:04.943+0000: 685.919: [ParNew: 91306K->9786K(92160K), 0.0544700 secs] 8262857K->8186995K(20961280K), 0.0545730 secs] [Times: user=0.33 sys=0.00, real=0.06 secs]
2014-07-28T05:24:05.453+0000: 686.429: [GC2014-07-28T05:24:05.453+0000: 686.429: [ParNew: 91706K->10240K(92160K), 0.0562590 secs] 8268915K->8193112K(20961280K), 0.0563580 secs] [Times: user=0.41 sys=0.01, real=0.06 secs]
2014-07-28T05:24:05.836+0000: 686.812: [GC2014-07-28T05:24:05.836+0000: 686.812: [ParNew: 92160K->10240K(92160K), 0.0517600 secs] 8275032K->8199206K(20961280K), 0.0518620 secs] [Times: user=0.34 sys=0.01, real=0.05 secs]
2014-07-28T05:24:06.138+0000: 687.114: [GC2014-07-28T05:24:06.138+0000: 687.114: [ParNew: 92160K->9205K(92160K), 0.0495040 secs] 8281126K->8203575K(20961280K), 0.0496340 secs] [Times: user=0.32 sys=0.00, real=0.05 secs]
2014-07-28T05:24:06.667+0000: 687.643: [GC2014-07-28T05:24:06.667+0000: 687.643: [ParNew: 91125K->9889K(92160K), 0.0582300 secs] 8285495K->8209879K(20961280K), 0.0583570 secs] [Times: user=0.37 sys=0.02, real=0.05 secs]
2014-07-28T05:24:07.045+0000: 688.021: [GC2014-07-28T05:24:07.045+0000: 688.021: [ParNew: 91809K->10240K(92160K), 0.0469630 secs] 8291799K->8215924K(20961280K), 0.0470880 secs] [Times: user=0.35 sys=0.01, real=0.05 secs]
2014-07-28T05:24:07.529+0000: 688.505: [GC2014-07-28T05:24:07.529+0000: 688.505: [ParNew: 92160K->8990K(92160K), 0.0439730 secs] 8297844K->8220418K(20961280K), 0.0440940 secs] [Times: user=0.33 sys=0.01, real=0.04 secs]
2014-07-28T05:24:08.018+0000: 688.994: [GC2014-07-28T05:24:08.018+0000: 688.994: [ParNew: 90910K->10240K(92160K), 0.0435700 secs] 8302338K->8227499K(20961280K), 0.0436970 secs] [Times: user=0.33 sys=0.01, real=0.04 secs]
2014-07-28T05:24:08.364+0000: 689.340: [GC2014-07-28T05:24:08.364+0000: 689.340: [ParNew: 92160K->10240K(92160K), 0.0444100 secs] 8309419K->8233266K(20961280K), 0.0445280 secs] [Times: user=0.33 sys=0.01, real=0.05 secs]
2014-07-28T05:24:08.713+0000: 689.689: [GC2014-07-28T05:24:08.713+0000: 689.689: [ParNew: 92160K->8012K(92160K), 0.0435040 secs] 8315186K->8236505K(20961280K), 0.0436250 secs] [Times: user=0.34 sys=0.00, real=0.05 secs]
2014-07-28T05:24:08.983+0000: 689.960: [GC2014-07-28T05:24:08.984+0000: 689.960: [ParNew: 89932K->8726K(92160K), 0.0431820 secs] 8318425K->8242800K(20961280K), 0.0433040 secs] [Times: user=0.33 sys=0.01, real=0.05 secs]
2014-07-28T05:24:09.404+0000: 690.380: [GC2014-07-28T05:24:09.404+0000: 690.380: [ParNew: 90646K->8862K(92160K), 0.0762950 secs] 8324720K->8248576K(20961280K), 0.0764110 secs] [Times: user=0.35 sys=0.01, real=0.08 secs]
2014-07-28T05:24:09.812+0000: 690.788: [GC2014-07-28T05:24:09.812+0000: 690.788: [ParNew: 90782K->10240K(92160K), 0.0431480 secs] 8330496K->8255660K(20961280K), 0.0432710 secs] [Times: user=0.33 sys=0.00, real=0.05 secs]
2014-07-28T05:24:10.268+0000: 691.244: [GC2014-07-28T05:24:10.268+0000: 691.244: [ParNew: 92160K->10060K(92160K), 0.0448750 secs] 8337580K->8261445K(20961280K), 0.0449930 secs] [Times: user=0.34 sys=0.01, real=0.04 secs]
2014-07-28T05:24:10.673+0000: 691.650: [GC2014-07-28T05:24:10.674+0000: 691.650: [ParNew: 91980K->9791K(92160K), 0.0432350 secs] 8343365K->8266652K(20961280K), 0.0433540 secs] [Times: user=0.33 sys=0.01, real=0.05 secs]
2014-07-28T05:24:11.023+0000: 691.999: [GC2014-07-28T05:24:11.023+0000: 691.999: [ParNew: 91711K->8738K(92160K), 0.0442130 secs] 8348572K->8271189K(20961280K), 0.0443380 secs] [Times: user=0.33 sys=0.01, real=0.04 secs]
2014-07-28T05:24:11.413+0000: 692.389: [GC2014-07-28T05:24:11.413+0000: 692.389: [ParNew: 90658K->10240K(92160K), 0.0452640 secs] 8353109K->8278306K(20961280K), 0.0453860 secs] [Times: user=0.32 sys=0.03, real=0.05 secs]
2014-07-28T05:24:11.846+0000: 692.822: [GC2014-07-28T05:24:11.846+0000: 692.822: [ParNew: 92160K->10135K(92160K), 0.0444140 secs] 8360226K->8283966K(20961280K), 0.0445340 secs] [Times: user=0.33 sys=0.01, real=0.04 secs]
2014-07-28T05:24:12.197+0000: 693.173: [GC2014-07-28T05:24:12.197+0000: 693.173: [ParNew: 92055K->9906K(92160K), 0.0427520 secs] 8365886K->8289440K(20961280K), 0.0428750 secs] [Times: user=0.31 sys=0.01, real=0.04 secs]
2014-07-28T05:24:12.600+0000: 693.577: [GC2014-07-28T05:24:12.601+0000: 693.577: [ParNew: 91826K->10240K(92160K), 0.0445580 secs] 8371360K->8295480K(20961280K), 0.0446790 secs] [Times: user=0.35 sys=0.00, real=0.05 secs]
2014-07-28T05:24:12.928+0000: 693.904: [GC2014-07-28T05:24:12.928+0000: 693.904: [ParNew: 92160K->10240K(92160K), 0.0440770 secs] 8377400K->8301142K(20961280K), 0.0442550 secs] [Times: user=0.33 sys=0.01, real=0.04 secs]
2014-07-28T05:24:13.292+0000: 694.269: [GC2014-07-28T05:24:13.293+0000: 694.269: [ParNew: 92160K->10240K(92160K), 0.0455500 secs] 8383062K->8306908K(20961280K), 0.0456690 secs] [Times: user=0.35 sys=0.00, real=0.05 secs]
2014-07-28T05:24:13.670+0000: 694.646: [GC2014-07-28T05:24:13.670+0000: 694.646: [ParNew: 92160K->10058K(92160K), 0.0433600 secs] 8388828K->8312230K(20961280K), 0.0434800 secs] [Times: user=0.34 sys=0.00, real=0.04 secs]
2014-07-28T05:24:14.246+0000: 695.222: [GC2014-07-28T05:24:14.246+0000: 695.222: [ParNew: 91978K->9370K(92160K), 0.0425730 secs] 8394150K->8317191K(20961280K), 0.0426950 secs] [Times: user=0.31 sys=0.02, real=0.04 secs]
2014-07-28T05:24:14.563+0000: 695.539: [GC2014-07-28T05:24:14.563+0000: 695.539: [ParNew: 91290K->9668K(92160K), 0.0434580 secs] 8399111K->8323256K(20961280K), 0.0435800 secs] [Times: user=0.33 sys=0.00, real=0.04 secs]
2014-07-28T05:24:14.863+0000: 695.839: [GC2014-07-28T05:24:14.863+0000: 695.839: [ParNew: 91588K->9238K(92160K), 0.0431040 secs] 8405176K->8328469K(20961280K), 0.0432240 secs] [Times: user=0.32 sys=0.02, real=0.04 secs]
2014-07-28T05:24:15.363+0000: 696.339: [GC2014-07-28T05:24:15.363+0000: 696.339: [ParNew: 91158K->9677K(92160K), 0.0443790 secs] 8410389K->8334549K(20961280K), 0.0444980 secs] [Times: user=0.33 sys=0.01, real=0.04 secs]
2014-07-28T05:24:15.742+0000: 696.718: [GC2014-07-28T05:24:15.742+0000: 696.718: [ParNew: 91597K->7803K(92160K), 0.0447120 secs] 8416469K->8338349K(20961280K), 0.0448270 secs] [Times: user=0.31 sys=0.03, real=0.04 secs]
2014-07-28T05:24:16.106+0000: 697.082: [GC2014-07-28T05:24:16.106+0000: 697.082: [ParNew: 89723K->8808K(92160K), 0.0433110 secs] 8420269K->8344956K(20961280K), 0.0434310 secs] [Times: user=0.33 sys=0.01, real=0.04 secs]
2014-07-28T05:24:16.614+0000: 697.590: [GC2014-07-28T05:24:16.614+0000: 697.590: [ParNew: 90728K->10056K(92160K), 0.0429210 secs] 8426876K->8351963K(20961280K), 0.0430220 secs] [Times: user=0.30 sys=0.04, real=0.05 secs]
2014-07-28T05:24:17.003+0000: 697.979: [GC2014-07-28T05:24:17.003+0000: 697.979: [ParNew: 91976K->9252K(92160K), 0.0442130 secs] 8433883K->8356799K(20961280K), 0.0443170 secs] [Times: user=0.32 sys=0.01, real=0.04 secs]
2014-07-28T05:24:17.483+0000: 698.459: [GC2014-07-28T05:24:17.483+0000: 698.459: [ParNew: 91172K->9041K(92160K), 0.0556080 secs] 8438719K->8362233K(20961280K), 0.0557090 secs] [Times: user=0.40 sys=0.02, real=0.05 secs]
2014-07-28T05:24:17.993+0000: 698.969: [GC2014-07-28T05:24:17.993+0000: 698.969: [ParNew: 90961K->9609K(92160K), 0.0559360 secs] 8444153K->8368547K(20961280K), 0.0867210 secs] [Times: user=0.41 sys=0.01, real=0.09 secs]
2014-07-28T05:24:18.294+0000: 699.270: [GC2014-07-28T05:24:18.294+0000: 699.270: [ParNew: 91529K->7717K(92160K), 0.0599430 secs] 8450467K->8372228K(20961280K), 0.0600480 secs] [Times: user=0.40 sys=0.01, real=0.06 secs]
2014-07-28T05:24:18.685+0000: 699.661: [GC2014-07-28T05:24:18.685+0000: 699.661: [ParNew: 89637K->10032K(92160K), 0.0536310 secs] 8454148K->8380228K(20961280K), 0.0537420 secs] [Times: user=0.31 sys=0.01, real=0.05 secs]
2014-07-28T05:24:18.939+0000: 699.915: [GC2014-07-28T05:24:18.939+0000: 699.915: [ParNew: 91952K->10240K(92160K), 0.0593910 secs] 8462148K->8386893K(20961280K), 0.0595140 secs] [Times: user=0.33 sys=0.01, real=0.06 secs]
2014-07-28T05:24:19.263+0000: 700.239: [GC2014-07-28T05:24:19.263+0000: 700.239: [ParNew: 92160K->8572K(92160K), 0.0533480 secs] 8468813K->8390557K(20961280K), 0.0534790 secs] [Times: user=0.38 sys=0.00, real=0.05 secs]
2014-07-28T05:24:19.768+0000: 700.744: [GC2014-07-28T05:24:19.768+0000: 700.744: [ParNew: 90492K->9042K(92160K), 0.0527530 secs] 8472477K->8396590K(20961280K), 0.0528560 secs] [Times: user=0.36 sys=0.01, real=0.05 secs]
2014-07-28T05:24:20.204+0000: 701.180: [GC2014-07-28T05:24:20.204+0000: 701.180: [ParNew: 90962K->9489K(92160K), 0.0576780 secs] 8478510K->8402687K(20961280K), 0.0577860 secs] [Times: user=0.40 sys=0.02, real=0.05 secs]
2014-07-28T05:24:20.611+0000: 701.587: [GC2014-07-28T05:24:20.611+0000: 701.587: [ParNew: 91409K->8015K(92160K), 0.0626230 secs] 8484607K->8406880K(20961280K), 0.0627470 secs] [Times: user=0.44 sys=0.01, real=0.06 secs]
2014-07-28T05:24:20.961+0000: 701.937: [GC2014-07-28T05:24:20.961+0000: 701.937: [ParNew: 89935K->10240K(92160K), 0.0520780 secs] 8488800K->8415080K(20961280K), 0.0521850 secs] [Times: user=0.37 sys=0.01, real=0.05 secs]
2014-07-28T05:24:21.343+0000: 702.319: [GC2014-07-28T05:24:21.343+0000: 702.319: [ParNew: 92160K->8834K(92160K), 0.0472580 secs] 8497000K->8419123K(20961280K), 0.0473810 secs] [Times: user=0.33 sys=0.02, real=0.04 secs]
2014-07-28T05:24:21.778+0000: 702.754: [GC2014-07-28T05:24:21.779+0000: 702.755: [ParNew: 90753K->9802K(92160K), 0.0508960 secs] 8501042K->8425733K(20961280K), 0.0510350 secs] [Times: user=0.36 sys=0.00, real=0.05 secs]
2014-07-28T05:24:22.082+0000: 703.058: [GC2014-07-28T05:24:22.082+0000: 703.058: [ParNew: 91722K->10240K(92160K), 0.0504170 secs] 8507653K->8431864K(20961280K), 0.0505380 secs] [Times: user=0.34 sys=0.02, real=0.05 secs]
2014-07-28T05:24:22.533+0000: 703.509: [GC2014-07-28T05:24:22.533+0000: 703.509: [ParNew: 92148K->8675K(92160K), 0.0433230 secs] 8513772K->8436016K(20961280K), 0.0434410 secs] [Times: user=0.33 sys=0.00, real=0.05 secs]
2014-07-28T05:24:22.917+0000: 703.893: [GC2014-07-28T05:24:22.917+0000: 703.893: [ParNew: 90595K->10240K(92160K), 0.0438340 secs] 8517936K->8443122K(20961280K), 0.0439580 secs] [Times: user=0.34 sys=0.00, real=0.04 secs]
2014-07-28T05:24:23.228+0000: 704.204: [GC2014-07-28T05:24:23.228+0000: 704.204: [ParNew: 92160K->8959K(92160K), 0.0424860 secs] 8525042K->8447735K(20961280K), 0.0426050 secs] [Times: user=0.32 sys=0.00, real=0.04 secs]
2014-07-28T05:24:23.573+0000: 704.549: [GC2014-07-28T05:24:23.573+0000: 704.549: [ParNew: 90879K->7642K(92160K), 0.0442050 secs] 8529655K->8451909K(20961280K), 0.0443270 secs] [Times: user=0.34 sys=0.00, real=0.05 secs]
2014-07-28T05:24:24.195+0000: 705.171: [GC2014-07-28T05:24:24.195+0000: 705.171: [ParNew: 89562K->9538K(92160K), 0.0433440 secs] 8533829K->8459489K(20961280K), 0.0434650 secs] [Times: user=0.33 sys=0.01, real=0.04 secs]
2014-07-28T05:24:24.481+0000: 705.457: [GC2014-07-28T05:24:24.481+0000: 705.457: [ParNew: 91458K->10240K(92160K), 0.0440020 secs] 8541409K->8465915K(20961280K), 0.0441280 secs] [Times: user=0.32 sys=0.02, real=0.05 secs]
2014-07-28T05:24:24.815+0000: 705.791: [GC2014-07-28T05:24:24.815+0000: 705.791: [ParNew: 92160K->9168K(92160K), 0.0416760 secs] 8547835K->8470525K(20961280K), 0.0417930 secs] [Times: user=0.31 sys=0.01, real=0.04 secs]
2014-07-28T05:24:25.178+0000: 706.154: [GC2014-07-28T05:24:25.178+0000: 706.154: [ParNew: 91088K->8085K(92160K), 0.0438310 secs] 8552445K->8475131K(20961280K), 0.0439530 secs] [Times: user=0.33 sys=0.00, real=0.05 secs]
2014-07-28T05:24:25.638+0000: 706.614: [GC2014-07-28T05:24:25.638+0000: 706.614: [ParNew: 90005K->9530K(92160K), 0.0435310 secs] 8557051K->8482128K(20961280K), 0.0436530 secs] [Times: user=0.32 sys=0.01, real=0.04 secs]
2014-07-28T05:24:26.038+0000: 707.014: [GC2014-07-28T05:24:26.038+0000: 707.014: [ParNew: 91450K->10174K(92160K), 0.0444570 secs] 8564048K->8488541K(20961280K), 0.0445860 secs] [Times: user=0.33 sys=0.02, real=0.05 secs]
2014-07-28T05:24:26.367+0000: 707.343: [GC2014-07-28T05:24:26.367+0000: 707.343: [ParNew: 92094K->8329K(92160K), 0.0432090 secs] 8570461K->8492483K(20961280K), 0.0433420 secs] [Times: user=0.33 sys=0.00, real=0.04 secs]
2014-07-28T05:24:26.878+0000: 707.855: [GC2014-07-28T05:24:26.879+0000: 707.855: [ParNew: 90249K->8281K(92160K), 0.0434500 secs] 8574403K->8497878K(20961280K), 0.0435850 secs] [Times: user=0.34 sys=0.00, real=0.05 secs]
2014-07-28T05:24:27.236+0000: 708.212: [GC2014-07-28T05:24:27.236+0000: 708.212: [ParNew: 90201K->10162K(92160K), 0.0427890 secs] 8579798K->8505460K(20961280K), 0.0429130 secs] [Times: user=0.31 sys=0.02, real=0.04 secs]
2014-07-28T05:24:27.782+0000: 708.758: [GC2014-07-28T05:24:27.782+0000: 708.758: [ParNew: 92082K->9434K(92160K), 0.0539030 secs] 8587380K->8510455K(20961280K), 0.0540260 secs] [Times: user=0.34 sys=0.01, real=0.05 secs]
2014-07-28T05:24:28.246+0000: 709.222: [GC2014-07-28T05:24:28.246+0000: 709.222: [ParNew: 91354K->10240K(92160K), 0.0467130 secs] 8592375K->8516820K(20961280K), 0.0468330 secs] [Times: user=0.34 sys=0.01, real=0.04 secs]
2014-07-28T05:24:28.553+0000: 709.529: [GC2014-07-28T05:24:28.553+0000: 709.529: [ParNew: 92160K->10240K(92160K), 0.0580010 secs] 8598740K->8522823K(20961280K), 0.0581230 secs] [Times: user=0.37 sys=0.00, real=0.06 secs]
2014-07-28T05:24:28.918+0000: 709.894: [GC2014-07-28T05:24:28.918+0000: 709.894: [ParNew: 92160K->9580K(92160K), 0.0436120 secs] 8604743K->8527607K(20961280K), 0.0437320 secs] [Times: user=0.32 sys=0.01, real=0.05 secs]
2014-07-28T05:24:29.210+0000: 710.186: [GC2014-07-28T05:24:29.210+0000: 710.186: [ParNew: 91500K->9765K(92160K), 0.0436980 secs] 8609527K->8533444K(20961280K), 0.0438220 secs] [Times: user=0.32 sys=0.01, real=0.04 secs]
2014-07-28T05:24:29.623+0000: 710.599: [GC2014-07-28T05:24:29.623+0000: 710.599: [ParNew: 91685K->10240K(92160K), 0.0473980 secs] 8615364K->8539671K(20961280K), 0.0475160 secs] [Times: user=0.36 sys=0.01, real=0.04 secs]
2014-07-28T05:24:30.003+0000: 710.979: [GC2014-07-28T05:24:30.003+0000: 710.979: [ParNew: 92160K->10240K(92160K), 0.0457830 secs] 8621591K->8545422K(20961280K), 0.0459030 secs] [Times: user=0.33 sys=0.03, real=0.04 secs]
2014-07-28T05:24:30.446+0000: 711.422: [GC2014-07-28T05:24:30.446+0000: 711.422: [ParNew: 92151K->10240K(92160K), 0.0436040 secs] 8627333K->8551086K(20961280K), 0.0437340 secs] [Times: user=0.31 sys=0.02, real=0.04 secs]
2014-07-28T05:24:30.891+0000: 711.867: [GC2014-07-28T05:24:30.891+0000: 711.867: [ParNew: 92160K->8846K(92160K), 0.0604870 secs] 8633006K->8555296K(20961280K), 0.0605910 secs] [Times: user=0.39 sys=0.00, real=0.06 secs]
2014-07-28T05:24:31.252+0000: 712.228: [GC2014-07-28T05:24:31.252+0000: 712.228: [ParNew: 90766K->9097K(92160K), 0.0771170 secs] 8637216K->8561160K(20961280K), 0.0772220 secs] [Times: user=0.44 sys=0.01, real=0.08 secs]
2014-07-28T05:24:31.598+0000: 712.574: [GC2014-07-28T05:24:31.598+0000: 712.574: [ParNew: 91017K->10240K(92160K), 0.0437660 secs] 8643080K->8567906K(20961280K), 0.0438660 secs] [Times: user=0.31 sys=0.01, real=0.05 secs]
2014-07-28T05:24:32.064+0000: 713.040: [GC2014-07-28T05:24:32.085+0000: 713.061: [ParNew: 92160K->9568K(92160K), 0.0646270 secs] 8649826K->8572961K(20961280K), 0.0856860 secs] [Times: user=0.44 sys=0.00, real=0.08 secs]
2014-07-28T05:24:32.373+0000: 713.349: [GC2014-07-28T05:24:32.373+0000: 713.349: [ParNew: 91488K->10240K(92160K), 0.0557970 secs] 8654881K->8579330K(20961280K), 0.0558960 secs] [Times: user=0.40 sys=0.00, real=0.06 secs]
2014-07-28T05:24:32.770+0000: 713.746: [GC2014-07-28T05:24:32.770+0000: 713.746: [ParNew: 92160K->10240K(92160K), 0.0508490 secs] 8661250K->8585159K(20961280K), 0.0509500 secs] [Times: user=0.36 sys=0.01, real=0.05 secs]
2014-07-28T05:24:33.136+0000: 714.112: [GC2014-07-28T05:24:33.136+0000: 714.112: [ParNew: 92160K->8999K(92160K), 0.0508110 secs] 8667079K->8589554K(20961280K), 0.0509120 secs] [Times: user=0.35 sys=0.02, real=0.05 secs]
2014-07-28T05:24:33.523+0000: 714.499: [GC2014-07-28T05:24:33.523+0000: 714.499: [ParNew: 90919K->8747K(92160K), 0.0606710 secs] 8671474K->8594931K(20961280K), 0.0607910 secs] [Times: user=0.41 sys=0.00, real=0.06 secs]
2014-07-28T05:24:33.843+0000: 714.819: [GC2014-07-28T05:24:33.843+0000: 714.819: [ParNew: 90667K->10240K(92160K), 0.0649160 secs] 8676851K->8601991K(20961280K), 0.0650290 secs] [Times: user=0.35 sys=0.01, real=0.06 secs]
2014-07-28T05:24:34.433+0000: 715.409: [GC2014-07-28T05:24:34.433+0000: 715.409: [ParNew: 92160K->10240K(92160K), 0.0518550 secs] 8683911K->8607813K(20961280K), 0.0519580 secs] [Times: user=0.32 sys=0.02, real=0.06 secs]
2014-07-28T05:24:34.759+0000: 715.735: [GC2014-07-28T05:24:34.759+0000: 715.735: [ParNew: 92153K->8491K(92160K), 0.0553200 secs] 8689727K->8611682K(20961280K), 0.0554280 secs] [Times: user=0.35 sys=0.00, real=0.06 secs]
2014-07-28T05:24:35.054+0000: 716.030: [GC2014-07-28T05:24:35.054+0000: 716.030: [ParNew: 90411K->10054K(92160K), 0.0492840 secs] 8693602K->8618857K(20961280K), 0.0493990 secs] [Times: user=0.33 sys=0.02, real=0.06 secs]
2014-07-28T05:24:35.579+0000: 716.555: [GC2014-07-28T05:24:35.579+0000: 716.555: [ParNew: 91974K->9843K(92160K), 0.0788560 secs] 8700777K->8624397K(20961280K), 0.0789670 secs] [Times: user=0.35 sys=0.00, real=0.08 secs]
2014-07-28T05:24:35.993+0000: 716.969: [GC2014-07-28T05:24:35.993+0000: 716.969: [ParNew: 91763K->8473K(92160K), 0.0690370 secs] 8706317K->8628642K(20961280K), 0.0691620 secs] [Times: user=0.49 sys=0.00, real=0.08 secs]
2014-07-28T05:24:36.287+0000: 717.263: [GC2014-07-28T05:24:36.287+0000: 717.263: [ParNew: 90393K->10240K(92160K), 0.0640990 secs] 8710562K->8636001K(20961280K), 0.0642350 secs] [Times: user=0.33 sys=0.01, real=0.06 secs]
2014-07-28T05:24:36.798+0000: 717.774: [GC2014-07-28T05:24:36.798+0000: 717.775: [ParNew: 92160K->10240K(92160K), 0.0567620 secs] 8717921K->8642336K(20961280K), 0.0568660 secs] [Times: user=0.38 sys=0.00, real=0.06 secs]
2014-07-28T05:24:37.214+0000: 718.190: [GC2014-07-28T05:24:37.214+0000: 718.190: [ParNew: 92160K->8361K(92160K), 0.0563250 secs] 8724256K->8645625K(20961280K), 0.0564260 secs] [Times: user=0.40 sys=0.00, real=0.05 secs]
2014-07-28T05:24:37.683+0000: 718.659: [GC2014-07-28T05:24:37.683+0000: 718.659: [ParNew: 90281K->10240K(92160K), 0.0565930 secs] 8727545K->8653301K(20961280K), 0.0566980 secs] [Times: user=0.38 sys=0.00, real=0.05 secs]
2014-07-28T05:24:38.293+0000: 719.269: [GC2014-07-28T05:24:38.399+0000: 719.375: [ParNew: 92160K->8080K(92160K), 0.0545460 secs] 8735221K->8656676K(20961280K), 0.1600630 secs] [Times: user=0.35 sys=0.00, real=0.16 secs]
2014-07-28T05:24:38.543+0000: 719.519: [GC2014-07-28T05:24:38.543+0000: 719.520: [ParNew: 90000K->10240K(92160K), 0.0585880 secs] 8738596K->8664743K(20961280K), 0.0586890 secs] [Times: user=0.37 sys=0.02, real=0.06 secs]
2014-07-28T05:24:38.864+0000: 719.840: [GC2014-07-28T05:24:38.864+0000: 719.840: [ParNew: 92160K->10240K(92160K), 0.0438660 secs] 8746663K->8670530K(20961280K), 0.0439890 secs] [Times: user=0.32 sys=0.02, real=0.04 secs]
2014-07-28T05:24:39.115+0000: 720.091: [GC2014-07-28T05:24:39.115+0000: 720.091: [ParNew: 92160K->10240K(92160K), 0.0440020 secs] 8752450K->8676627K(20961280K), 0.0441240 secs] [Times: user=0.33 sys=0.01, real=0.04 secs]
2014-07-28T05:24:39.454+0000: 720.430: [GC2014-07-28T05:24:39.454+0000: 720.430: [ParNew: 92160K->10240K(92160K), 0.0412920 secs] 8758547K->8682127K(20961280K), 0.0414170 secs] [Times: user=0.28 sys=0.04, real=0.04 secs]
2014-07-28T05:24:39.984+0000: 720.960: [GC2014-07-28T05:24:39.984+0000: 720.960: [ParNew: 92160K->9515K(92160K), 0.0433130 secs] 8764047K->8686796K(20961280K), 0.0434370 secs] [Times: user=0.34 sys=0.00, real=0.04 secs]
2014-07-28T05:24:40.423+0000: 721.399: [GC2014-07-28T05:24:40.423+0000: 721.399: [ParNew: 91435K->9079K(92160K), 0.0422490 secs] 8768716K->8691979K(20961280K), 0.0423630 secs] [Times: user=0.30 sys=0.03, real=0.04 secs]
2014-07-28T05:24:40.788+0000: 721.764: [GC2014-07-28T05:24:40.788+0000: 721.764: [ParNew: 90989K->10240K(92160K), 0.0452900 secs] 8773889K->8698726K(20961280K), 0.0454350 secs] [Times: user=0.34 sys=0.00, real=0.04 secs]
2014-07-28T05:24:41.124+0000: 722.100: [GC2014-07-28T05:24:41.124+0000: 722.100: [ParNew: 92160K->10240K(92160K), 0.0439310 secs] 8780646K->8704900K(20961280K), 0.0440580 secs] [Times: user=0.33 sys=0.00, real=0.04 secs]
2014-07-28T05:24:41.532+0000: 722.508: [GC2014-07-28T05:24:41.532+0000: 722.508: [ParNew: 92160K->10240K(92160K), 0.0677690 secs] 8786820K->8710488K(20961280K), 0.0678870 secs] [Times: user=0.31 sys=0.01, real=0.07 secs]
2014-07-28T05:24:41.953+0000: 722.929: [GC2014-07-28T05:24:41.953+0000: 722.930: [ParNew: 92160K->10240K(92160K), 0.0409600 secs] 8792408K->8716000K(20961280K), 0.0410770 secs] [Times: user=0.29 sys=0.02, real=0.05 secs]
2014-07-28T05:24:42.294+0000: 723.270: [GC2014-07-28T05:24:42.294+0000: 723.270: [ParNew: 92160K->10240K(92160K), 0.0424630 secs] 8797920K->8721724K(20961280K), 0.0426130 secs] [Times: user=0.32 sys=0.00, real=0.05 secs]
2014-07-28T05:24:42.750+0000: 723.726: [GC2014-07-28T05:24:42.750+0000: 723.726: [ParNew: 92160K->9484K(92160K), 0.0447620 secs] 8803644K->8726607K(20961280K), 0.0448760 secs] [Times: user=0.32 sys=0.02, real=0.05 secs]
2014-07-28T05:24:43.096+0000: 724.073: [GC2014-07-28T05:24:43.096+0000: 724.073: [ParNew: 91400K->10240K(92160K), 0.0415520 secs] 8808523K->8732930K(20961280K), 0.0416760 secs] [Times: user=0.29 sys=0.02, real=0.04 secs]
2014-07-28T05:24:43.393+0000: 724.369: [GC2014-07-28T05:24:43.393+0000: 724.369: [ParNew: 92160K->9769K(92160K), 0.0421930 secs] 8814850K->8738303K(20961280K), 0.0423080 secs] [Times: user=0.29 sys=0.03, real=0.04 secs]
2014-07-28T05:24:43.751+0000: 724.727: [GC2014-07-28T05:24:43.751+0000: 724.727: [ParNew: 91689K->10240K(92160K), 0.0402660 secs] 8820223K->8744415K(20961280K), 0.0403890 secs] [Times: user=0.31 sys=0.00, real=0.04 secs]
2014-07-28T05:24:44.370+0000: 725.346: [GC2014-07-28T05:24:44.370+0000: 725.346: [ParNew: 92160K->10240K(92160K), 0.0424440 secs] 8826335K->8750063K(20961280K), 0.0425630 secs] [Times: user=0.31 sys=0.01, real=0.05 secs]
2014-07-28T05:24:44.655+0000: 725.631: [GC2014-07-28T05:24:44.655+0000: 725.631: [ParNew: 92160K->9625K(92160K), 0.0418940 secs] 8831983K->8755082K(20961280K), 0.0420190 secs] [Times: user=0.32 sys=0.01, real=0.04 secs]
2014-07-28T05:24:44.977+0000: 725.953: [GC2014-07-28T05:24:44.977+0000: 725.953: [ParNew: 91545K->10006K(92160K), 0.0415830 secs] 8837002K->8761107K(20961280K), 0.0417020 secs] [Times: user=0.29 sys=0.02, real=0.04 secs]
2014-07-28T05:24:45.426+0000: 726.402: [GC2014-07-28T05:24:45.426+0000: 726.402: [ParNew: 91926K->9888K(92160K), 0.0447150 secs] 8843027K->8766718K(20961280K), 0.0448360 secs] [Times: user=0.32 sys=0.02, real=0.05 secs]
2014-07-28T05:24:45.822+0000: 726.798: [GC2014-07-28T05:24:45.822+0000: 726.799: [ParNew: 91808K->10240K(92160K), 0.0432320 secs] 8848638K->8772751K(20961280K), 0.0433500 secs] [Times: user=0.31 sys=0.02, real=0.04 secs]
2014-07-28T05:24:46.203+0000: 727.179: [GC2014-07-28T05:24:46.203+0000: 727.179: [ParNew: 92160K->10240K(92160K), 0.0433520 secs] 8854671K->8778368K(20961280K), 0.0434880 secs] [Times: user=0.32 sys=0.01, real=0.04 secs]
2014-07-28T05:24:46.664+0000: 727.640: [GC2014-07-28T05:24:46.664+0000: 727.640: [ParNew: 92151K->10240K(92160K), 0.0411790 secs] 8860279K->8784091K(20961280K), 0.0413020 secs] [Times: user=0.30 sys=0.00, real=0.04 secs]
2014-07-28T05:24:47.044+0000: 728.020: [GC2014-07-28T05:24:47.044+0000: 728.020: [ParNew: 92153K->9569K(92160K), 0.0417790 secs] 8866005K->8789027K(20961280K), 0.0418980 secs] [Times: user=0.31 sys=0.01, real=0.04 secs]
2014-07-28T05:24:47.543+0000: 728.519: [GC2014-07-28T05:24:47.543+0000: 728.519: [ParNew: 91489K->9752K(92160K), 0.0883340 secs] 8870947K->8794894K(20961280K), 0.0884670 secs] [Times: user=0.41 sys=0.01, real=0.09 secs]
2014-07-28T05:24:47.958+0000: 728.934: [GC2014-07-28T05:24:47.958+0000: 728.934: [ParNew: 91672K->8515K(92160K), 0.0400550 secs] 8876814K->8799191K(20961280K), 0.0401800 secs] [Times: user=0.29 sys=0.01, real=0.04 secs]
2014-07-28T05:24:48.492+0000: 729.468: [GC2014-07-28T05:24:48.492+0000: 729.468: [ParNew: 90435K->9333K(92160K), 0.0403540 secs] 8881111K->8805778K(20961280K), 0.0404750 secs] [Times: user=0.29 sys=0.02, real=0.04 secs]
2014-07-28T05:24:48.843+0000: 729.819: [GC2014-07-28T05:24:48.843+0000: 729.819: [ParNew: 91253K->9584K(92160K), 0.0410100 secs] 8887698K->8811630K(20961280K), 0.0411340 secs] [Times: user=0.30 sys=0.00, real=0.04 secs]
2014-07-28T05:24:49.100+0000: 730.076: [GC2014-07-28T05:24:49.100+0000: 730.076: [ParNew: 91504K->7891K(92160K), 0.0400630 secs] 8893550K->8815538K(20961280K), 0.0401810 secs] [Times: user=0.29 sys=0.01, real=0.04 secs]
2014-07-28T05:24:49.369+0000: 730.345: [GC2014-07-28T05:24:49.369+0000: 730.345: [ParNew: 89811K->9415K(92160K), 0.0418700 secs] 8897458K->8822754K(20961280K), 0.0419940 secs] [Times: user=0.31 sys=0.02, real=0.05 secs]
2014-07-28T05:24:49.786+0000: 730.763: [GC2014-07-28T05:24:49.787+0000: 730.763: [ParNew: 91335K->10240K(92160K), 0.0416920 secs] 8904674K->8829698K(20961280K), 0.0418120 secs] [Times: user=0.30 sys=0.02, real=0.04 secs]
2014-07-28T05:24:50.272+0000: 731.248: [GC2014-07-28T05:24:50.272+0000: 731.248: [ParNew: 92160K->8477K(92160K), 0.0424720 secs] 8911618K->8833382K(20961280K), 0.0425890 secs] [Times: user=0.31 sys=0.02, real=0.04 secs]
2014-07-28T05:24:50.613+0000: 731.589: [GC2014-07-28T05:24:50.613+0000: 731.589: [ParNew: 90397K->9709K(92160K), 0.0406990 secs] 8915302K->8840076K(20961280K), 0.0408210 secs] [Times: user=0.31 sys=0.01, real=0.04 secs]
2014-07-28T05:24:51.060+0000: 732.037: [GC2014-07-28T05:24:51.061+0000: 732.037: [ParNew: 91628K->10240K(92160K), 0.0415670 secs] 8921995K->8846341K(20961280K), 0.0416860 secs] [Times: user=0.30 sys=0.01, real=0.05 secs]
2014-07-28T05:24:51.433+0000: 732.409: [GC2014-07-28T05:24:51.433+0000: 732.409: [ParNew: 92160K->9599K(92160K), 0.0418810 secs] 8928261K->8851386K(20961280K), 0.0419980 secs] [Times: user=0.31 sys=0.01, real=0.04 secs]
2014-07-28T05:24:51.791+0000: 732.767: [GC2014-07-28T05:24:51.791+0000: 732.767: [ParNew: 91519K->9338K(92160K), 0.0422530 secs] 8933306K->8856755K(20961280K), 0.0423730 secs] [Times: user=0.31 sys=0.02, real=0.04 secs]
2014-07-28T05:24:52.264+0000: 733.240: [GC2014-07-28T05:24:52.264+0000: 733.240: [ParNew: 91258K->9809K(92160K), 0.0385320 secs] 8938675K->8862864K(20961280K), 0.0386510 secs] [Times: user=0.27 sys=0.03, real=0.04 secs]
2014-07-28T05:24:52.552+0000: 733.528: [GC2014-07-28T05:24:52.552+0000: 733.528: [ParNew: 91729K->8904K(92160K), 0.0393020 secs] 8944784K->8867612K(20961280K), 0.0394210 secs] [Times: user=0.26 sys=0.04, real=0.04 secs]
2014-07-28T05:24:53.022+0000: 733.999: [GC2014-07-28T05:24:53.022+0000: 733.999: [ParNew: 90824K->8785K(92160K), 0.0398450 secs] 8949532K->8873174K(20961280K), 0.0399640 secs] [Times: user=0.29 sys=0.01, real=0.04 secs]
2014-07-28T05:24:53.304+0000: 734.281: [GC2014-07-28T05:24:53.305+0000: 734.281: [ParNew: 90705K->10240K(92160K), 0.0407560 secs] 8955094K->8880228K(20961280K), 0.0408710 secs] [Times: user=0.31 sys=0.00, real=0.04 secs]
2014-07-28T05:24:53.693+0000: 734.669: [GC2014-07-28T05:24:53.693+0000: 734.669: [ParNew: 92160K->10240K(92160K), 0.0409210 secs] 8962148K->8886117K(20961280K), 0.0410460 secs] [Times: user=0.30 sys=0.00, real=0.04 secs]
2014-07-28T05:24:54.065+0000: 735.041: [GC2014-07-28T05:24:54.065+0000: 735.041: [ParNew: 92160K->9977K(92160K), 0.0419420 secs] 8968037K->8891431K(20961280K), 0.0420660 secs] [Times: user=0.31 sys=0.00, real=0.04 secs]
2014-07-28T05:24:54.592+0000: 735.568: [GC2014-07-28T05:24:54.592+0000: 735.568: [ParNew: 91897K->10240K(92160K), 0.0438760 secs] 8973351K->8897283K(20961280K), 0.0439950 secs] [Times: user=0.33 sys=0.00, real=0.04 secs]
2014-07-28T05:24:54.915+0000: 735.891: [GC2014-07-28T05:24:54.915+0000: 735.891: [ParNew: 92160K->10240K(92160K), 0.0415480 secs] 8979203K->8903001K(20961280K), 0.0416610 secs] [Times: user=0.31 sys=0.01, real=0.04 secs]
2014-07-28T05:24:55.243+0000: 736.219: [GC2014-07-28T05:24:55.243+0000: 736.219: [ParNew: 92160K->10029K(92160K), 0.0411480 secs] 8984921K->8908472K(20961280K), 0.0412900 secs] [Times: user=0.32 sys=0.00, real=0.04 secs]
2014-07-28T05:24:55.762+0000: 736.738: [GC2014-07-28T05:24:55.762+0000: 736.738: [ParNew: 91929K->10240K(92160K), 0.0406170 secs] 8990373K->8914497K(20961280K), 0.0407330 secs] [Times: user=0.31 sys=0.00, real=0.05 secs]
2014-07-28T05:24:56.182+0000: 737.158: [GC2014-07-28T05:24:56.182+0000: 737.158: [ParNew: 92160K->9273K(92160K), 0.0376250 secs] 8996417K->8919044K(20961280K), 0.0377490 secs] [Times: user=0.27 sys=0.02, real=0.04 secs]
2014-07-28T05:24:56.453+0000: 737.429: [GC2014-07-28T05:24:56.453+0000: 737.429: [ParNew: 91193K->9827K(92160K), 0.0406550 secs] 9000964K->8925196K(20961280K), 0.0407790 secs] [Times: user=0.32 sys=0.00, real=0.04 secs]
2014-07-28T05:24:56.967+0000: 737.943: [GC2014-07-28T05:24:56.967+0000: 737.943: [ParNew: 91747K->9983K(92160K), 0.0407130 secs] 9007116K->8931159K(20961280K), 0.0408320 secs] [Times: user=0.31 sys=0.00, real=0.04 secs]
2014-07-28T05:24:57.383+0000: 738.359: [GC2014-07-28T05:24:57.383+0000: 738.359: [ParNew: 91903K->9457K(92160K), 0.0414210 secs] 9013079K->8936212K(20961280K), 0.0415430 secs] [Times: user=0.31 sys=0.01, real=0.04 secs]
2014-07-28T05:24:57.843+0000: 738.819: [GC2014-07-28T05:24:57.843+0000: 738.819: [ParNew: 91377K->9948K(92160K), 0.0405650 secs] 9018132K->8942337K(20961280K), 0.0406740 secs] [Times: user=0.29 sys=0.01, real=0.04 secs]
2014-07-28T05:24:58.435+0000: 739.411: [GC2014-07-28T05:24:58.435+0000: 739.411: [ParNew: 91868K->10240K(92160K), 0.0423970 secs] 9024257K->8948357K(20961280K), 0.0425130 secs] [Times: user=0.33 sys=0.00, real=0.04 secs]
2014-07-28T05:24:58.711+0000: 739.687: [GC2014-07-28T05:24:58.711+0000: 739.687: [ParNew: 92160K->10217K(92160K), 0.0408270 secs] 9030277K->8954003K(20961280K), 0.0409480 secs] [Times: user=0.30 sys=0.00, real=0.04 secs]
2014-07-28T05:24:59.015+0000: 739.991: [GC2014-07-28T05:24:59.015+0000: 739.991: [ParNew: 92137K->10240K(92160K), 0.0401430 secs] 9035923K->8959739K(20961280K), 0.0402650 secs] [Times: user=0.28 sys=0.02, real=0.04 secs]
2014-07-28T05:24:59.279+0000: 740.255: [GC2014-07-28T05:24:59.279+0000: 740.256: [ParNew: 92160K->9055K(92160K), 0.0397000 secs] 9041659K->8964242K(20961280K), 0.0398160 secs] [Times: user=0.29 sys=0.01, real=0.04 secs]
2014-07-28T05:24:59.705+0000: 740.681: [GC2014-07-28T05:24:59.705+0000: 740.681: [ParNew: 90975K->9085K(92160K), 0.0399030 secs] 9046162K->8969846K(20961280K), 0.0400240 secs] [Times: user=0.30 sys=0.00, real=0.04 secs]
2014-07-28T05:25:00.155+0000: 741.131: [GC2014-07-28T05:25:00.155+0000: 741.131: [ParNew: 91005K->9273K(92160K), 0.0423680 secs] 9051766K->8975632K(20961280K), 0.0424900 secs] [Times: user=0.30 sys=0.01, real=0.04 secs]
2014-07-28T05:25:00.564+0000: 741.540: [GC2014-07-28T05:25:00.564+0000: 741.540: [ParNew: 91193K->9656K(92160K), 0.0426420 secs] 9057552K->8981708K(20961280K), 0.0427630 secs] [Times: user=0.31 sys=0.02, real=0.04 secs]
2014-07-28T05:25:00.972+0000: 741.948: [GC2014-07-28T05:25:00.972+0000: 741.948: [ParNew: 91576K->10240K(92160K), 0.0546830 secs] 9063628K->8987995K(20961280K), 0.0547990 secs] [Times: user=0.36 sys=0.00, real=0.05 secs]
2014-07-28T05:25:01.294+0000: 742.270: [GC2014-07-28T05:25:01.294+0000: 742.270: [ParNew: 92160K->9937K(92160K), 0.0429510 secs] 9069915K->8993300K(20961280K), 0.0430640 secs] [Times: user=0.32 sys=0.00, real=0.04 secs]
2014-07-28T05:25:01.703+0000: 742.679: [GC2014-07-28T05:25:01.703+0000: 742.679: [ParNew: 91857K->10240K(92160K), 0.0433990 secs] 9075220K->8999241K(20961280K), 0.0435020 secs] [Times: user=0.31 sys=0.02, real=0.04 secs]
2014-07-28T05:25:02.128+0000: 743.104: [GC2014-07-28T05:25:02.128+0000: 743.104: [ParNew: 92160K->10240K(92160K), 0.0443650 secs] 9081161K->9004989K(20961280K), 0.0444720 secs] [Times: user=0.32 sys=0.01, real=0.05 secs]
2014-07-28T05:25:02.498+0000: 743.474: [GC2014-07-28T05:25:02.498+0000: 743.474: [ParNew: 92160K->10103K(92160K), 0.0450090 secs] 9086909K->9010454K(20961280K), 0.0451200 secs] [Times: user=0.31 sys=0.00, real=0.05 secs]
2014-07-28T05:25:02.919+0000: 743.895: [GC2014-07-28T05:25:02.919+0000: 743.895: [ParNew: 92023K->7893K(92160K), 0.0477100 secs] 9092374K->9013878K(20961280K), 0.0478110 secs] [Times: user=0.36 sys=0.00, real=0.05 secs]
2014-07-28T05:25:03.244+0000: 744.220: [GC2014-07-28T05:25:03.244+0000: 744.220: [ParNew: 89813K->10240K(92160K), 0.0522550 secs] 9095798K->9021845K(20961280K), 0.0523610 secs] [Times: user=0.36 sys=0.00, real=0.05 secs]
2014-07-28T05:25:03.565+0000: 744.541: [GC2014-07-28T05:25:03.594+0000: 744.570: [ParNew: 92160K->10240K(92160K), 0.0841020 secs] 9103765K->9027817K(20961280K), 0.1128710 secs] [Times: user=0.49 sys=0.03, real=0.11 secs]
2014-07-28T05:25:03.925+0000: 744.901: [GC2014-07-28T05:25:03.925+0000: 744.901: [ParNew: 92160K->8313K(92160K), 0.0469930 secs] 9109737K->9031297K(20961280K), 0.0471140 secs] [Times: user=0.32 sys=0.00, real=0.05 secs]
2014-07-28T05:25:04.524+0000: 745.500: [GC2014-07-28T05:25:04.524+0000: 745.500: [ParNew: 90217K->8896K(92160K), 0.0462290 secs] 9113201K->9037484K(20961280K), 0.0463620 secs] [Times: user=0.32 sys=0.00, real=0.05 secs]
2014-07-28T05:25:04.835+0000: 745.811: [GC2014-07-28T05:25:04.835+0000: 745.811: [ParNew: 90816K->9637K(92160K), 0.0641230 secs] 9119404K->9043955K(20961280K), 0.0642280 secs] [Times: user=0.37 sys=0.01, real=0.06 secs]
2014-07-28T05:25:05.132+0000: 746.109: [GC2014-07-28T05:25:05.133+0000: 746.109: [ParNew: 91557K->9934K(92160K), 0.0480750 secs] 9125875K->9049884K(20961280K), 0.0481770 secs] [Times: user=0.33 sys=0.01, real=0.04 secs]
2014-07-28T05:25:05.612+0000: 746.588: [GC2014-07-28T05:25:05.612+0000: 746.588: [ParNew: 91854K->8191K(92160K), 0.0571710 secs] 9131804K->9053822K(20961280K), 0.0572770 secs] [Times: user=0.40 sys=0.02, real=0.05 secs]
2014-07-28T05:25:05.992+0000: 746.968: [GC2014-07-28T05:25:05.992+0000: 746.968: [ParNew: 90111K->8824K(92160K), 0.0480220 secs] 9135742K->9060032K(20961280K), 0.0481270 secs] [Times: user=0.33 sys=0.01, real=0.04 secs]
2014-07-28T05:25:06.372+0000: 747.348: [GC2014-07-28T05:25:06.372+0000: 747.348: [ParNew: 90744K->9339K(92160K), 0.0613330 secs] 9141952K->9066292K(20961280K), 0.0614550 secs] [Times: user=0.34 sys=0.00, real=0.06 secs]
2014-07-28T05:25:06.862+0000: 747.839: [GC2014-07-28T05:25:06.863+0000: 747.839: [ParNew: 91259K->9320K(92160K), 0.0574720 secs] 9148212K->9071870K(20961280K), 0.0575780 secs] [Times: user=0.41 sys=0.00, real=0.05 secs]
2014-07-28T05:25:07.212+0000: 748.188: [GC2014-07-28T05:25:07.212+0000: 748.188: [ParNew: 91240K->8771K(92160K), 0.0543760 secs] 9153790K->9076977K(20961280K), 0.0544810 secs] [Times: user=0.39 sys=0.00, real=0.05 secs]
2014-07-28T05:25:07.767+0000: 748.743: [GC2014-07-28T05:25:07.767+0000: 748.743: [ParNew: 90691K->9745K(92160K), 0.0827980 secs] 9158897K->9083634K(20961280K), 0.0829180 secs] [Times: user=0.34 sys=0.00, real=0.08 secs]
2014-07-28T05:25:08.143+0000: 749.120: [GC2014-07-28T05:25:08.144+0000: 749.120: [ParNew: 91665K->8196K(92160K), 0.0409570 secs] 9165554K->9087785K(20961280K), 0.0410790 secs] [Times: user=0.31 sys=0.00, real=0.04 secs]
2014-07-28T05:25:08.637+0000: 749.613: [GC2014-07-28T05:25:08.711+0000: 749.687: [ParNew: 90116K->10240K(92160K), 0.0592350 secs] 9169705K->9095431K(20961280K), 0.1335970 secs] [Times: user=0.33 sys=0.02, real=0.14 secs]
2014-07-28T05:25:09.002+0000: 749.978: [GC2014-07-28T05:25:09.002+0000: 749.978: [ParNew: 92160K->8094K(92160K), 0.0416440 secs] 9177351K->9098981K(20961280K), 0.0417610 secs] [Times: user=0.30 sys=0.02, real=0.05 secs]
2014-07-28T05:25:09.256+0000: 750.232: [GC2014-07-28T05:25:09.256+0000: 750.232: [ParNew: 90014K->8389K(92160K), 0.0411870 secs] 9180901K->9104924K(20961280K), 0.0413100 secs] [Times: user=0.31 sys=0.01, real=0.04 secs]
2014-07-28T05:25:09.524+0000: 750.500: [GC2014-07-28T05:25:09.524+0000: 750.500: [ParNew: 90309K->9196K(92160K), 0.0404630 secs] 9186844K->9111414K(20961280K), 0.0405820 secs] [Times: user=0.30 sys=0.01, real=0.04 secs]
2014-07-28T05:25:09.947+0000: 750.924: [GC2014-07-28T05:25:09.948+0000: 750.924: [ParNew: 91116K->9352K(92160K), 0.0406190 secs] 9193334K->9117314K(20961280K), 0.0407380 secs] [Times: user=0.30 sys=0.00, real=0.04 secs]
2014-07-28T05:25:10.463+0000: 751.439: [GC2014-07-28T05:25:10.463+0000: 751.439: [ParNew: 91272K->9016K(92160K), 0.0398050 secs] 9199234K->9122583K(20961280K), 0.0399230 secs] [Times: user=0.30 sys=0.01, real=0.04 secs]
2014-07-28T05:25:10.772+0000: 751.748: [GC2014-07-28T05:25:10.772+0000: 751.749: [ParNew: 90936K->9911K(92160K), 0.0403170 secs] 9204503K->9129104K(20961280K), 0.0404340 secs] [Times: user=0.30 sys=0.00, real=0.04 secs]
2014-07-28T05:25:11.252+0000: 752.229: [GC2014-07-28T05:25:11.252+0000: 752.229: [ParNew: 91823K->8719K(92160K), 0.0402410 secs] 9211016K->9133520K(20961280K), 0.0403610 secs] [Times: user=0.31 sys=0.00, real=0.04 secs]
2014-07-28T05:25:11.583+0000: 752.559: [GC2014-07-28T05:25:11.583+0000: 752.559: [ParNew: 90639K->9610K(92160K), 0.0412070 secs] 9215440K->9140024K(20961280K), 0.0413230 secs] [Times: user=0.30 sys=0.01, real=0.04 secs]
2014-07-28T05:25:11.954+0000: 752.930: [GC2014-07-28T05:25:11.954+0000: 752.930: [ParNew: 91530K->9174K(92160K), 0.0420650 secs] 9221944K->9145358K(20961280K), 0.0421890 secs] [Times: user=0.30 sys=0.03, real=0.04 secs]
2014-07-28T05:25:12.399+0000: 753.375: [GC2014-07-28T05:25:12.399+0000: 753.375: [ParNew: 91094K->10240K(92160K), 0.0418440 secs] 9227278K->9152291K(20961280K), 0.0419630 secs] [Times: user=0.31 sys=0.01, real=0.04 secs]
2014-07-28T05:25:12.703+0000: 753.679: [GC2014-07-28T05:25:12.703+0000: 753.679: [ParNew: 92160K->10070K(92160K), 0.0430380 secs] 9234211K->9157606K(20961280K), 0.0431540 secs] [Times: user=0.33 sys=0.01, real=0.04 secs]
2014-07-28T05:25:13.187+0000: 754.163: [GC2014-07-28T05:25:13.187+0000: 754.163: [ParNew: 91990K->10240K(92160K), 0.0407780 secs] 9239526K->9163376K(20961280K), 0.0409020 secs] [Times: user=0.31 sys=0.00, real=0.04 secs]
2014-07-28T05:25:13.451+0000: 754.427: [GC2014-07-28T05:25:13.451+0000: 754.427: [ParNew: 92160K->10114K(92160K), 0.0682020 secs] 9245296K->9168909K(20961280K), 0.0683240 secs] [Times: user=0.31 sys=0.01, real=0.06 secs]
2014-07-28T05:25:13.840+0000: 754.817: [GC2014-07-28T05:25:13.841+0000: 754.817: [ParNew: 92034K->10240K(92160K), 0.0426150 secs] 9250829K->9174719K(20961280K), 0.0427370 secs] [Times: user=0.34 sys=0.00, real=0.05 secs]
2014-07-28T05:25:14.265+0000: 755.241: [GC2014-07-28T05:25:14.265+0000: 755.241: [ParNew: 92160K->8323K(92160K), 0.0402930 secs] 9256639K->9178512K(20961280K), 0.0404160 secs] [Times: user=0.30 sys=0.00, real=0.04 secs]
2014-07-28T05:25:14.742+0000: 755.718: [GC2014-07-28T05:25:14.742+0000: 755.718: [ParNew: 90243K->8874K(92160K), 0.0416860 secs] 9260432K->9184535K(20961280K), 0.0418050 secs] [Times: user=0.32 sys=0.00, real=0.04 secs]
2014-07-28T05:25:15.065+0000: 756.041: [GC2014-07-28T05:25:15.065+0000: 756.042: [ParNew: 90791K->10240K(92160K), 0.0402270 secs] 9266452K->9191695K(20961280K), 0.0403470 secs] [Times: user=0.30 sys=0.01, real=0.04 secs]
2014-07-28T05:25:15.384+0000: 756.360: [GC2014-07-28T05:25:15.384+0000: 756.360: [ParNew: 92160K->10240K(92160K), 0.0405680 secs] 9273615K->9197345K(20961280K), 0.0406900 secs] [Times: user=0.29 sys=0.02, real=0.04 secs]
2014-07-28T05:25:15.913+0000: 756.889: [GC2014-07-28T05:25:15.913+0000: 756.889: [ParNew: 92160K->10240K(92160K), 0.0419010 secs] 9279265K->9203017K(20961280K), 0.0420220 secs] [Times: user=0.32 sys=0.00, real=0.04 secs]
2014-07-28T05:25:16.313+0000: 757.289: [GC2014-07-28T05:25:16.313+0000: 757.290: [ParNew: 92160K->10240K(92160K), 0.0402930 secs] 9284937K->9208592K(20961280K), 0.0404140 secs] [Times: user=0.30 sys=0.00, real=0.04 secs]
2014-07-28T05:25:16.596+0000: 757.572: [GC2014-07-28T05:25:16.596+0000: 757.572: [ParNew: 92160K->10240K(92160K), 0.0410880 secs] 9290512K->9214283K(20961280K), 0.0412070 secs] [Times: user=0.29 sys=0.03, real=0.04 secs]
2014-07-28T05:25:17.119+0000: 758.095: [GC2014-07-28T05:25:17.119+0000: 758.095: [ParNew: 92156K->9587K(92160K), 0.0448940 secs] 9296200K->9219385K(20961280K), 0.0450190 secs] [Times: user=0.33 sys=0.00, real=0.04 secs]
2014-07-28T05:25:17.514+0000: 758.490: [GC2014-07-28T05:25:17.514+0000: 758.490: [ParNew: 91507K->10240K(92160K), 0.0410620 secs] 9301305K->9225583K(20961280K), 0.0411790 secs] [Times: user=0.31 sys=0.00, real=0.04 secs]
2014-07-28T05:25:17.983+0000: 758.959: [GC2014-07-28T05:25:17.983+0000: 758.959: [ParNew: 92160K->10240K(92160K), 0.0402040 secs] 9307503K->9231551K(20961280K), 0.0403290 secs] [Times: user=0.30 sys=0.01, real=0.04 secs]
2014-07-28T05:25:18.572+0000: 759.548: [GC2014-07-28T05:25:18.572+0000: 759.548: [ParNew: 92160K->10240K(92160K), 0.0428010 secs] 9313471K->9237373K(20961280K), 0.0429210 secs] [Times: user=0.31 sys=0.01, real=0.04 secs]
2014-07-28T05:25:18.848+0000: 759.824: [GC2014-07-28T05:25:18.848+0000: 759.824: [ParNew: 92160K->10240K(92160K), 0.0387250 secs] 9319293K->9243002K(20961280K), 0.0388450 secs] [Times: user=0.28 sys=0.01, real=0.04 secs]
2014-07-28T05:25:19.163+0000: 760.140: [GC2014-07-28T05:25:19.164+0000: 760.140: [ParNew: 92160K->10154K(92160K), 0.0412260 secs] 9324922K->9248540K(20961280K), 0.0413500 secs] [Times: user=0.29 sys=0.01, real=0.04 secs]
2014-07-28T05:25:19.427+0000: 760.403: [GC2014-07-28T05:25:19.427+0000: 760.404: [ParNew: 92074K->8831K(92160K), 0.0398840 secs] 9330460K->9252832K(20961280K), 0.0400020 secs] [Times: user=0.28 sys=0.02, real=0.04 secs]
2014-07-28T05:25:19.883+0000: 760.859: [GC2014-07-28T05:25:19.883+0000: 760.859: [ParNew: 90751K->9694K(92160K), 0.0400640 secs] 9334752K->9259272K(20961280K), 0.0401840 secs] [Times: user=0.30 sys=0.00, real=0.04 secs]
2014-07-28T05:25:20.284+0000: 761.260: [GC2014-07-28T05:25:20.284+0000: 761.260: [ParNew: 91614K->10240K(92160K), 0.0410360 secs] 9341192K->9265467K(20961280K), 0.0411550 secs] [Times: user=0.30 sys=0.02, real=0.04 secs]
2014-07-28T05:25:20.708+0000: 761.684: [GC2014-07-28T05:25:20.708+0000: 761.684: [ParNew: 92160K->10240K(92160K), 0.0417140 secs] 9347387K->9271216K(20961280K), 0.0418330 secs] [Times: user=0.30 sys=0.02, real=0.04 secs]
2014-07-28T05:25:21.124+0000: 762.100: [GC2014-07-28T05:25:21.124+0000: 762.100: [ParNew: 92160K->10240K(92160K), 0.0430380 secs] 9353136K->9276878K(20961280K), 0.0431620 secs] [Times: user=0.30 sys=0.02, real=0.04 secs]
2014-07-28T05:25:21.443+0000: 762.419: [GC2014-07-28T05:25:21.443+0000: 762.419: [ParNew: 92160K->8642K(92160K), 0.0422720 secs] 9358798K->9280905K(20961280K), 0.0423890 secs] [Times: user=0.32 sys=0.01, real=0.04 secs]
2014-07-28T05:25:21.853+0000: 762.829: [GC2014-07-28T05:25:21.853+0000: 762.829: [ParNew: 90562K->8979K(92160K), 0.0415350 secs] 9362825K->9286834K(20961280K), 0.0416570 secs] [Times: user=0.30 sys=0.02, real=0.04 secs]
2014-07-28T05:25:22.274+0000: 763.250: [GC2014-07-28T05:25:22.274+0000: 763.250: [ParNew: 90899K->9528K(92160K), 0.0417680 secs] 9368754K->9293067K(20961280K), 0.0419000 secs] [Times: user=0.32 sys=0.00, real=0.04 secs]
2014-07-28T05:25:22.644+0000: 763.620: [GC2014-07-28T05:25:22.644+0000: 763.620: [ParNew: 91448K->8803K(92160K), 0.0403360 secs] 9374987K->9298003K(20961280K), 0.0404550 secs] [Times: user=0.30 sys=0.01, real=0.04 secs]
2014-07-28T05:25:23.037+0000: 764.013: [GC2014-07-28T05:25:23.037+0000: 764.013: [ParNew: 90723K->10009K(92160K), 0.0406010 secs] 9379923K->9304816K(20961280K), 0.0407290 secs] [Times: user=0.30 sys=0.01, real=0.04 secs]
2014-07-28T05:25:23.399+0000: 764.375: [GC2014-07-28T05:25:23.399+0000: 764.375: [ParNew: 91929K->10240K(92160K), 0.0428220 secs] 9386736K->9310992K(20961280K), 0.0429420 secs] [Times: user=0.30 sys=0.03, real=0.04 secs]
2014-07-28T05:25:23.722+0000: 764.698: [GC2014-07-28T05:25:23.722+0000: 764.698: [ParNew: 92160K->8322K(92160K), 0.0386380 secs] 9392912K->9314648K(20961280K), 0.0387640 secs] [Times: user=0.27 sys=0.02, real=0.04 secs]
2014-07-28T05:25:24.113+0000: 765.089: [GC2014-07-28T05:25:24.113+0000: 765.089: [ParNew: 90242K->9198K(92160K), 0.0398590 secs] 9396568K->9321074K(20961280K), 0.0399980 secs] [Times: user=0.29 sys=0.01, real=0.04 secs]
2014-07-28T05:25:24.676+0000: 765.652: [GC2014-07-28T05:25:24.676+0000: 765.652: [ParNew: 91118K->9163K(92160K), 0.0398610 secs] 9402994K->9326651K(20961280K), 0.0399850 secs] [Times: user=0.30 sys=0.00, real=0.04 secs]
2014-07-28T05:25:24.992+0000: 765.968: [GC2014-07-28T05:25:24.992+0000: 765.968: [ParNew: 91083K->10240K(92160K), 0.0410860 secs] 9408571K->9333422K(20961280K), 0.0412060 secs] [Times: user=0.32 sys=0.00, real=0.04 secs]
2014-07-28T05:25:25.277+0000: 766.254: [GC2014-07-28T05:25:25.278+0000: 766.254: [ParNew: 92160K->10240K(92160K), 0.0415000 secs] 9415342K->9339055K(20961280K), 0.0416320 secs] [Times: user=0.29 sys=0.03, real=0.05 secs]
2014-07-28T05:25:25.762+0000: 766.738: [GC2014-07-28T05:25:25.762+0000: 766.738: [ParNew: 92160K->8602K(92160K), 0.0394330 secs] 9420975K->9343118K(20961280K), 0.0395700 secs] [Times: user=0.29 sys=0.01, real=0.04 secs]
2014-07-28T05:25:26.132+0000: 767.108: [GC2014-07-28T05:25:26.132+0000: 767.109: [ParNew: 90522K->9001K(92160K), 0.0398720 secs] 9425038K->9349107K(20961280K), 0.0400040 secs] [Times: user=0.29 sys=0.01, real=0.04 secs]
2014-07-28T05:25:26.528+0000: 767.504: [GC2014-07-28T05:25:26.528+0000: 767.504: [ParNew: 90921K->9374K(92160K), 0.0406990 secs] 9431027K->9355198K(20961280K), 0.0408170 secs] [Times: user=0.30 sys=0.01, real=0.04 secs]
2014-07-28T05:25:27.013+0000: 767.989: [GC2014-07-28T05:25:27.013+0000: 767.989: [ParNew: 91294K->9685K(92160K), 0.0426730 secs] 9437118K->9361107K(20961280K), 0.0427970 secs] [Times: user=0.33 sys=0.00, real=0.04 secs]
2014-07-28T05:25:27.382+0000: 768.359: [GC2014-07-28T05:25:27.383+0000: 768.359: [ParNew: 91605K->10017K(92160K), 0.0402660 secs] 9443027K->9367084K(20961280K), 0.0403850 secs] [Times: user=0.30 sys=0.00, real=0.04 secs]
2014-07-28T05:25:27.933+0000: 768.909: [GC2014-07-28T05:25:27.933+0000: 768.909: [ParNew: 91937K->10240K(92160K), 0.0399800 secs] 9449004K->9372968K(20961280K), 0.0401010 secs] [Times: user=0.30 sys=0.01, real=0.04 secs]
2014-07-28T05:25:28.392+0000: 769.368: [GC2014-07-28T05:25:28.392+0000: 769.369: [ParNew: 92160K->8937K(92160K), 0.0393840 secs] 9454888K->9377337K(20961280K), 0.0395050 secs] [Times: user=0.30 sys=0.00, real=0.04 secs]
2014-07-28T05:25:28.825+0000: 769.801: [GC2014-07-28T05:25:28.825+0000: 769.801: [ParNew: 90857K->8741K(92160K), 0.0397560 secs] 9459257K->9382722K(20961280K), 0.0398760 secs] [Times: user=0.30 sys=0.01, real=0.04 secs]
2014-07-28T05:25:29.141+0000: 770.118: [GC2014-07-28T05:25:29.142+0000: 770.118: [ParNew: 90657K->9932K(92160K), 0.0402040 secs] 9464638K->9389673K(20961280K), 0.0403270 secs] [Times: user=0.29 sys=0.02, real=0.04 secs]
2014-07-28T05:25:29.376+0000: 770.352: [GC2014-07-28T05:25:29.376+0000: 770.352: [ParNew: 91852K->10240K(92160K), 0.0413220 secs] 9471593K->9395612K(20961280K), 0.0414420 secs] [Times: user=0.31 sys=0.01, real=0.04 secs]
2014-07-28T05:25:29.671+0000: 770.647: [GC2014-07-28T05:25:29.671+0000: 770.647: [ParNew: 92160K->10240K(92160K), 0.0408190 secs] 9477532K->9401376K(20961280K), 0.0409550 secs] [Times: user=0.30 sys=0.00, real=0.04 secs]
2014-07-28T05:25:30.125+0000: 771.101: [GC2014-07-28T05:25:30.125+0000: 771.101: [ParNew: 92160K->9169K(92160K), 0.0382500 secs] 9483296K->9405919K(20961280K), 0.0383700 secs] [Times: user=0.28 sys=0.00, real=0.04 secs]
2014-07-28T05:25:30.594+0000: 771.570: [GC2014-07-28T05:25:30.594+0000: 771.570: [ParNew: 91089K->9558K(92160K), 0.0411700 secs] 9487839K->9411840K(20961280K), 0.0413030 secs] [Times: user=0.31 sys=0.00, real=0.04 secs]
2014-07-28T05:25:30.965+0000: 771.941: [GC2014-07-28T05:25:30.965+0000: 771.941: [ParNew: 91478K->8625K(92160K), 0.0407400 secs] 9493760K->9416696K(20961280K), 0.0408620 secs] [Times: user=0.31 sys=0.00, real=0.04 secs]
2014-07-28T05:25:31.383+0000: 772.359: [GC2014-07-28T05:25:31.383+0000: 772.359: [ParNew: 90545K->8969K(92160K), 0.0398640 secs] 9498616K->9422549K(20961280K), 0.0399940 secs] [Times: user=0.29 sys=0.02, real=0.04 secs]
2014-07-28T05:25:31.726+0000: 772.702: [GC2014-07-28T05:25:31.726+0000: 772.702: [ParNew: 90889K->10240K(92160K), 0.0410630 secs] 9504469K->9429530K(20961280K), 0.0411860 secs] [Times: user=0.30 sys=0.01, real=0.04 secs]
2014-07-28T05:25:32.144+0000: 773.120: [GC2014-07-28T05:25:32.144+0000: 773.120: [ParNew: 92143K->9468K(92160K), 0.0409830 secs] 9511434K->9434473K(20961280K), 0.0411060 secs] [Times: user=0.30 sys=0.01, real=0.04 secs]
2014-07-28T05:25:32.542+0000: 773.519: [GC2014-07-28T05:25:32.543+0000: 773.519: [ParNew: 91388K->10240K(92160K), 0.0419660 secs] 9516393K->9441357K(20961280K), 0.0420920 secs] [Times: user=0.32 sys=0.01, real=0.04 secs]
2014-07-28T05:25:32.853+0000: 773.829: [GC2014-07-28T05:25:32.853+0000: 773.829: [ParNew: 92160K->9933K(92160K), 0.0402460 secs] 9523277K->9446501K(20961280K), 0.0403630 secs] [Times: user=0.30 sys=0.01, real=0.04 secs]
2014-07-28T05:25:33.333+0000: 774.309: [GC2014-07-28T05:25:33.333+0000: 774.309: [ParNew: 91853K->8544K(92160K), 0.0440550 secs] 9528421K->9450677K(20961280K), 0.0441760 secs] [Times: user=0.32 sys=0.02, real=0.04 secs]
2014-07-28T05:25:33.622+0000: 774.598: [GC2014-07-28T05:25:33.622+0000: 774.598: [ParNew: 90464K->9086K(92160K), 0.0406370 secs] 9532597K->9456949K(20961280K), 0.0407580 secs] [Times: user=0.29 sys=0.02, real=0.04 secs]
2014-07-28T05:25:33.985+0000: 774.961: [GC2014-07-28T05:25:33.985+0000: 774.961: [ParNew: 91006K->10240K(92160K), 0.0430680 secs] 9538869K->9463737K(20961280K), 0.0431990 secs] [Times: user=0.33 sys=0.00, real=0.04 secs]
2014-07-28T05:25:34.469+0000: 775.446: [GC2014-07-28T05:25:34.469+0000: 775.446: [ParNew: 92160K->8435K(92160K), 0.0407420 secs] 9545657K->9467636K(20961280K), 0.0408550 secs] [Times: user=0.30 sys=0.01, real=0.05 secs]
2014-07-28T05:25:34.883+0000: 775.859: [GC2014-07-28T05:25:34.883+0000: 775.859: [ParNew: 90348K->10240K(92160K), 0.0411710 secs] 9549548K->9474925K(20961280K), 0.0412940 secs] [Times: user=0.30 sys=0.01, real=0.04 secs]
2014-07-28T05:25:35.207+0000: 776.184: [GC2014-07-28T05:25:35.207+0000: 776.184: [ParNew: 92160K->10240K(92160K), 0.0397310 secs] 9556845K->9480711K(20961280K), 0.0398490 secs] [Times: user=0.29 sys=0.01, real=0.04 secs]
2014-07-28T05:25:35.533+0000: 776.509: [GC2014-07-28T05:25:35.533+0000: 776.509: [ParNew: 92160K->9750K(92160K), 0.0802170 secs] 9562631K->9485877K(20961280K), 0.0803350 secs] [Times: user=0.36 sys=0.01, real=0.08 secs]
2014-07-28T05:25:36.053+0000: 777.029: [GC2014-07-28T05:25:36.053+0000: 777.029: [ParNew: 91670K->10240K(92160K), 0.0393980 secs] 9567797K->9491988K(20961280K), 0.0395200 secs] [Times: user=0.30 sys=0.00, real=0.04 secs]
2014-07-28T05:25:36.444+0000: 777.420: [GC2014-07-28T05:25:36.444+0000: 777.420: [ParNew: 92160K->10240K(92160K), 0.0407640 secs] 9573908K->9497721K(20961280K), 0.0408810 secs] [Times: user=0.30 sys=0.01, real=0.04 secs]
2014-07-28T05:25:36.742+0000: 777.718: [GC2014-07-28T05:25:36.742+0000: 777.718: [ParNew: 92160K->9864K(92160K), 0.0516240 secs] 9579641K->9502941K(20961280K), 0.0517450 secs] [Times: user=0.33 sys=0.02, real=0.05 secs]
2014-07-28T05:25:37.244+0000: 778.220: [GC2014-07-28T05:25:37.244+0000: 778.220: [ParNew: 91773K->10240K(92160K), 0.0401700 secs] 9584849K->9508977K(20961280K), 0.0403000 secs] [Times: user=0.31 sys=0.01, real=0.04 secs]
2014-07-28T05:25:37.646+0000: 778.622: [GC2014-07-28T05:25:37.646+0000: 778.622: [ParNew: 92160K->10240K(92160K), 0.0393640 secs] 9590897K->9514869K(20961280K), 0.0394820 secs] [Times: user=0.30 sys=0.00, real=0.04 secs]
2014-07-28T05:25:38.132+0000: 779.108: [GC2014-07-28T05:25:38.132+0000: 779.108: [ParNew: 92160K->10240K(92160K), 0.0399420 secs] 9596789K->9520413K(20961280K), 0.0400690 secs] [Times: user=0.30 sys=0.00, real=0.04 secs]
2014-07-28T05:25:38.704+0000: 779.680: [GC2014-07-28T05:25:38.704+0000: 779.680: [ParNew: 92160K->10240K(92160K), 0.0412410 secs] 9602333K->9526038K(20961280K), 0.0413600 secs] [Times: user=0.28 sys=0.02, real=0.04 secs]
2014-07-28T05:25:38.983+0000: 779.960: [GC2014-07-28T05:25:38.983+0000: 779.960: [ParNew: 92160K->10240K(92160K), 0.0403920 secs] 9607958K->9531777K(20961280K), 0.0405150 secs] [Times: user=0.31 sys=0.00, real=0.04 secs]
2014-07-28T05:25:39.286+0000: 780.262: [GC2014-07-28T05:25:39.286+0000: 780.262: [ParNew: 92160K->10240K(92160K), 0.0410170 secs] 9613697K->9537384K(20961280K), 0.0411380 secs] [Times: user=0.30 sys=0.02, real=0.04 secs]
2014-07-28T05:25:39.561+0000: 780.537: [GC2014-07-28T05:25:39.561+0000: 780.537: [ParNew: 92160K->10240K(92160K), 0.0412480 secs] 9619304K->9543034K(20961280K), 0.0413860 secs] [Times: user=0.31 sys=0.00, real=0.04 secs]
2014-07-28T05:25:40.024+0000: 781.000: [GC2014-07-28T05:25:40.024+0000: 781.000: [ParNew: 92160K->9541K(92160K), 0.0404260 secs] 9624954K->9547871K(20961280K), 0.0405510 secs] [Times: user=0.29 sys=0.01, real=0.04 secs]
2014-07-28T05:25:40.413+0000: 781.389: [GC2014-07-28T05:25:40.413+0000: 781.389: [ParNew: 91461K->10240K(92160K), 0.0401940 secs] 9629791K->9554810K(20961280K), 0.0403150 secs] [Times: user=0.31 sys=0.00, real=0.04 secs]
2014-07-28T05:25:40.835+0000: 781.811: [GC2014-07-28T05:25:40.835+0000: 781.811: [ParNew: 92160K->10240K(92160K), 0.0457830 secs] 9636730K->9560042K(20961280K), 0.0459020 secs] [Times: user=0.32 sys=0.00, real=0.05 secs]
2014-07-28T05:25:41.256+0000: 782.232: [GC2014-07-28T05:25:41.256+0000: 782.232: [ParNew: 92160K->10240K(92160K), 0.0428880 secs] 9641962K->9565921K(20961280K), 0.0430100 secs] [Times: user=0.32 sys=0.00, real=0.05 secs]
2014-07-28T05:25:41.572+0000: 782.548: [GC2014-07-28T05:25:41.572+0000: 782.549: [ParNew: 92160K->10240K(92160K), 0.0400910 secs] 9647841K->9571414K(20961280K), 0.0402140 secs] [Times: user=0.30 sys=0.00, real=0.04 secs]
2014-07-28T05:25:41.974+0000: 782.951: [GC2014-07-28T05:25:41.975+0000: 782.951: [ParNew: 92160K->10240K(92160K), 0.0403900 secs] 9653334K->9577024K(20961280K), 0.0405280 secs] [Times: user=0.29 sys=0.03, real=0.04 secs]
2014-07-28T05:25:42.425+0000: 783.401: [GC2014-07-28T05:25:42.425+0000: 783.401: [ParNew: 92160K->10240K(92160K), 0.0390010 secs] 9658944K->9582737K(20961280K), 0.0391200 secs] [Times: user=0.28 sys=0.02, real=0.04 secs]
2014-07-28T05:25:42.775+0000: 783.751: [GC2014-07-28T05:25:42.775+0000: 783.751: [ParNew: 92153K->9363K(92160K), 0.0379910 secs] 9664650K->9587452K(20961280K), 0.0381110 secs] [Times: user=0.28 sys=0.00, real=0.04 secs]
2014-07-28T05:25:43.157+0000: 784.133: [GC2014-07-28T05:25:43.157+0000: 784.133: [ParNew: 91283K->10240K(92160K), 0.0399620 secs] 9669372K->9594136K(20961280K), 0.0400880 secs] [Times: user=0.30 sys=0.01, real=0.04 secs]
2014-07-28T05:25:43.543+0000: 784.519: [GC2014-07-28T05:25:43.543+0000: 784.519: [ParNew: 92160K->10240K(92160K), 0.0408110 secs] 9676056K->9599620K(20961280K), 0.0409340 secs] [Times: user=0.30 sys=0.02, real=0.04 secs]
2014-07-28T05:25:43.843+0000: 784.820: [GC2014-07-28T05:25:43.844+0000: 784.820: [ParNew: 92160K->10240K(92160K), 0.0426680 secs] 9681540K->9605484K(20961280K), 0.0427830 secs] [Times: user=0.32 sys=0.01, real=0.04 secs]
2014-07-28T05:25:44.232+0000: 785.208: [GC2014-07-28T05:25:44.232+0000: 785.208: [ParNew: 92160K->9706K(92160K), 0.0417050 secs] 9687404K->9610380K(20961280K), 0.0418280 secs] [Times: user=0.30 sys=0.01, real=0.04 secs]
2014-07-28T05:25:44.812+0000: 785.788: [GC2014-07-28T05:25:44.812+0000: 785.788: [ParNew: 91626K->9870K(92160K), 0.0417300 secs] 9692300K->9616136K(20961280K), 0.0418540 secs] [Times: user=0.31 sys=0.01, real=0.04 secs]
2014-07-28T05:25:45.113+0000: 786.089: [GC2014-07-28T05:25:45.113+0000: 786.089: [ParNew: 91790K->10240K(92160K), 0.0404370 secs] 9698056K->9622204K(20961280K), 0.0405600 secs] [Times: user=0.30 sys=0.01, real=0.04 secs]
2014-07-28T05:25:45.409+0000: 786.385: [GC2014-07-28T05:25:45.409+0000: 786.385: [ParNew: 92160K->9923K(92160K), 0.0403860 secs] 9704124K->9627576K(20961280K), 0.0405160 secs] [Times: user=0.30 sys=0.00, real=0.04 secs]
2014-07-28T05:25:45.897+0000: 786.873: [GC2014-07-28T05:25:45.897+0000: 786.874: [ParNew: 91843K->10240K(92160K), 0.0412900 secs] 9709496K->9633940K(20961280K), 0.0414160 secs] [Times: user=0.32 sys=0.00, real=0.05 secs]
2014-07-28T05:25:46.263+0000: 787.239: [GC2014-07-28T05:25:46.263+0000: 787.239: [ParNew: 92160K->10240K(92160K), 0.0575700 secs] 9715860K->9639220K(20961280K), 0.0576780 secs] [Times: user=0.36 sys=0.01, real=0.06 secs]
2014-07-28T05:25:46.663+0000: 787.639: [GC2014-07-28T05:25:46.663+0000: 787.639: [ParNew: 92160K->10240K(92160K), 0.0431890 secs] 9721140K->9645062K(20961280K), 0.0433140 secs] [Times: user=0.33 sys=0.00, real=0.04 secs]
2014-07-28T05:25:47.155+0000: 788.131: [GC2014-07-28T05:25:47.155+0000: 788.131: [ParNew: 92160K->8897K(92160K), 0.0445460 secs] 9726982K->9649185K(20961280K), 0.0446720 secs] [Times: user=0.32 sys=0.02, real=0.05 secs]
2014-07-28T05:25:47.521+0000: 788.497: [GC2014-07-28T05:25:47.521+0000: 788.497: [ParNew: 90810K->9173K(92160K), 0.0432170 secs] 9731099K->9655125K(20961280K), 0.0433390 secs] [Times: user=0.33 sys=0.00, real=0.04 secs]
2014-07-28T05:25:48.058+0000: 789.034: [GC2014-07-28T05:25:48.058+0000: 789.034: [ParNew: 91093K->10240K(92160K), 0.0422170 secs] 9737045K->9661829K(20961280K), 0.0423440 secs] [Times: user=0.32 sys=0.01, real=0.04 secs]
2014-07-28T05:25:48.533+0000: 789.509: [GC2014-07-28T05:25:48.533+0000: 789.509: [ParNew: 92160K->9723K(92160K), 0.0385470 secs] 9743749K->9666996K(20961280K), 0.0386700 secs] [Times: user=0.29 sys=0.00, real=0.04 secs]
2014-07-28T05:25:48.953+0000: 789.929: [GC2014-07-28T05:25:48.953+0000: 789.929: [ParNew: 91643K->9439K(92160K), 0.0395640 secs] 9748916K->9672343K(20961280K), 0.0396890 secs] [Times: user=0.31 sys=0.00, real=0.04 secs]
2014-07-28T05:25:49.255+0000: 790.231: [GC2014-07-28T05:25:49.255+0000: 790.231: [ParNew: 91359K->8936K(92160K), 0.0422580 secs] 9754263K->9677566K(20961280K), 0.0423770 secs] [Times: user=0.31 sys=0.01, real=0.04 secs]
2014-07-28T05:25:49.505+0000: 790.481: [GC2014-07-28T05:25:49.505+0000: 790.481: [ParNew: 90847K->9703K(92160K), 0.0402030 secs] 9759477K->9684006K(20961280K), 0.0403410 secs] [Times: user=0.30 sys=0.01, real=0.04 secs]
2014-07-28T05:25:49.804+0000: 790.780: [GC2014-07-28T05:25:49.804+0000: 790.780: [ParNew: 91623K->10231K(92160K), 0.0418380 secs] 9765926K->9690261K(20961280K), 0.0419590 secs] [Times: user=0.30 sys=0.01, real=0.04 secs]
2014-07-28T05:25:50.272+0000: 791.248: [GC2014-07-28T05:25:50.272+0000: 791.248: [ParNew: 92151K->8277K(92160K), 0.0416530 secs] 9772181K->9693917K(20961280K), 0.0417900 secs] [Times: user=0.31 sys=0.01, real=0.04 secs]
2014-07-28T05:25:50.734+0000: 791.710: [GC2014-07-28T05:25:50.734+0000: 791.710: [ParNew: 90197K->10240K(92160K), 0.0445740 secs] 9775837K->9701561K(20961280K), 0.0446980 secs] [Times: user=0.31 sys=0.01, real=0.05 secs]
2014-07-28T05:25:51.115+0000: 792.091: [GC2014-07-28T05:25:51.115+0000: 792.091: [ParNew: 92160K->9143K(92160K), 0.0418560 secs] 9783481K->9706111K(20961280K), 0.0419830 secs] [Times: user=0.32 sys=0.00, real=0.04 secs]
2014-07-28T05:25:51.505+0000: 792.481: [GC2014-07-28T05:25:51.505+0000: 792.481: [ParNew: 91063K->8747K(92160K), 0.0409720 secs] 9788031K->9711228K(20961280K), 0.0410940 secs] [Times: user=0.32 sys=0.00, real=0.04 secs]
2014-07-28T05:25:51.878+0000: 792.854: [GC2014-07-28T05:25:51.878+0000: 792.854: [ParNew: 90667K->9404K(92160K), 0.0400610 secs] 9793148K->9717643K(20961280K), 0.0401820 secs] [Times: user=0.30 sys=0.00, real=0.04 secs]
2014-07-28T05:25:52.295+0000: 793.271: [GC2014-07-28T05:25:52.295+0000: 793.271: [ParNew: 91324K->9941K(92160K), 0.0411040 secs] 9799563K->9723789K(20961280K), 0.0412240 secs] [Times: user=0.30 sys=0.01, real=0.04 secs]
2014-07-28T05:25:52.674+0000: 793.650: [GC2014-07-28T05:25:52.674+0000: 793.650: [ParNew: 91861K->10240K(92160K), 0.0413350 secs] 9805709K->9730172K(20961280K), 0.0414680 secs] [Times: user=0.30 sys=0.01, real=0.04 secs]
2014-07-28T05:25:53.007+0000: 793.983: [GC2014-07-28T05:25:53.007+0000: 793.983: [ParNew: 92160K->10179K(92160K), 0.0403980 secs] 9812092K->9735848K(20961280K), 0.0405210 secs] [Times: user=0.30 sys=0.01, real=0.04 secs]
2014-07-28T05:25:53.483+0000: 794.459: [GC2014-07-28T05:25:53.483+0000: 794.459: [ParNew: 92099K->8601K(92160K), 0.0391130 secs] 9817768K->9739728K(20961280K), 0.0392340 secs] [Times: user=0.29 sys=0.01, real=0.04 secs]
2014-07-28T05:25:53.754+0000: 794.730: [GC2014-07-28T05:25:53.754+0000: 794.730: [ParNew: 90521K->10240K(92160K), 0.0429060 secs] 9821648K->9747321K(20961280K), 0.0430430 secs] [Times: user=0.30 sys=0.03, real=0.04 secs]
2014-07-28T05:25:54.115+0000: 795.091: [GC2014-07-28T05:25:54.115+0000: 795.091: [ParNew: 92157K->10240K(92160K), 0.0450000 secs] 9829238K->9753105K(20961280K), 0.0451230 secs] [Times: user=0.33 sys=0.01, real=0.05 secs]
2014-07-28T05:25:54.688+0000: 795.664: [GC2014-07-28T05:25:54.688+0000: 795.664: [ParNew: 92160K->9313K(92160K), 0.0410130 secs] 9835025K->9757618K(20961280K), 0.0411340 secs] [Times: user=0.30 sys=0.01, real=0.04 secs]
2014-07-28T05:25:55.015+0000: 795.991: [GC2014-07-28T05:25:55.015+0000: 795.991: [ParNew: 91218K->10240K(92160K), 0.0411950 secs] 9839523K->9764013K(20961280K), 0.0413180 secs] [Times: user=0.31 sys=0.00, real=0.04 secs]
2014-07-28T05:25:55.337+0000: 796.313: [GC2014-07-28T05:25:55.337+0000: 796.313: [ParNew: 92160K->10240K(92160K), 0.0412600 secs] 9845933K->9770025K(20961280K), 0.0413820 secs] [Times: user=0.32 sys=0.00, real=0.05 secs]
2014-07-28T05:25:55.729+0000: 796.705: [GC2014-07-28T05:25:55.729+0000: 796.705: [ParNew: 92158K->10240K(92160K), 0.0392080 secs] 9851943K->9775507K(20961280K), 0.0393260 secs] [Times: user=0.30 sys=0.00, real=0.04 secs]
2014-07-28T05:25:56.187+0000: 797.163: [GC2014-07-28T05:25:56.187+0000: 797.163: [ParNew: 92160K->10240K(92160K), 0.0393750 secs] 9857427K->9780960K(20961280K), 0.0395070 secs] [Times: user=0.29 sys=0.01, real=0.04 secs]
2014-07-28T05:25:56.577+0000: 797.553: [GC2014-07-28T05:25:56.577+0000: 797.553: [ParNew: 92160K->10240K(92160K), 0.0415050 secs] 9862880K->9786785K(20961280K), 0.0416240 secs] [Times: user=0.31 sys=0.01, real=0.05 secs]
2014-07-28T05:25:56.915+0000: 797.891: [GC2014-07-28T05:25:56.915+0000: 797.891: [ParNew: 92160K->9963K(92160K), 0.0403310 secs] 9868705K->9792179K(20961280K), 0.0404530 secs] [Times: user=0.30 sys=0.01, real=0.04 secs]
2014-07-28T05:25:57.393+0000: 798.369: [GC2014-07-28T05:25:57.393+0000: 798.369: [ParNew: 91883K->9805K(92160K), 0.0417820 secs] 9874099K->9797487K(20961280K), 0.0418970 secs] [Times: user=0.31 sys=0.02, real=0.04 secs]
2014-07-28T05:25:57.793+0000: 798.769: [GC2014-07-28T05:25:57.793+0000: 798.769: [ParNew: 91719K->10240K(92160K), 0.0396760 secs] 9879402K->9803684K(20961280K), 0.0397960 secs] [Times: user=0.30 sys=0.00, real=0.04 secs]
2014-07-28T05:25:58.280+0000: 799.256: [GC2014-07-28T05:25:58.280+0000: 799.256: [ParNew: 92160K->10240K(92160K), 0.0430250 secs] 9885604K->9809513K(20961280K), 0.0431450 secs] [Times: user=0.31 sys=0.02, real=0.04 secs]
2014-07-28T05:25:58.847+0000: 799.823: [GC2014-07-28T05:25:58.847+0000: 799.824: [ParNew: 92160K->10240K(92160K), 0.0421410 secs] 9891433K->9816648K(20961280K), 0.0422590 secs] [Times: user=0.31 sys=0.01, real=0.04 secs]
2014-07-28T05:25:59.133+0000: 800.109: [GC2014-07-28T05:25:59.133+0000: 800.109: [ParNew: 92160K->10240K(92160K), 0.0433610 secs] 9898568K->9821674K(20961280K), 0.0434840 secs] [Times: user=0.32 sys=0.01, real=0.04 secs]
2014-07-28T05:25:59.433+0000: 800.409: [GC2014-07-28T05:25:59.433+0000: 800.409: [ParNew: 92160K->10240K(92160K), 0.0400490 secs] 9903594K->9827755K(20961280K), 0.0401660 secs] [Times: user=0.30 sys=0.01, real=0.04 secs]
2014-07-28T05:25:59.714+0000: 800.690: [GC2014-07-28T05:25:59.714+0000: 800.690: [ParNew: 92160K->10112K(92160K), 0.0390680 secs] 9909675K->9833045K(20961280K), 0.0391900 secs] [Times: user=0.30 sys=0.00, real=0.04 secs]
2014-07-28T05:26:00.152+0000: 801.128: [GC2014-07-28T05:26:00.152+0000: 801.128: [ParNew: 92032K->9308K(92160K), 0.0417610 secs] 9914965K->9837784K(20961280K), 0.0419000 secs] [Times: user=0.30 sys=0.01, real=0.04 secs]
2014-07-28T05:26:00.555+0000: 801.531: [GC2014-07-28T05:26:00.555+0000: 801.531: [ParNew: 91216K->10240K(92160K), 0.0434120 secs] 9919692K->9845211K(20961280K), 0.0435840 secs] [Times: user=0.32 sys=0.02, real=0.05 secs]
2014-07-28T05:26:00.979+0000: 801.955: [GC2014-07-28T05:26:00.979+0000: 801.955: [ParNew: 92160K->10240K(92160K), 0.0428640 secs] 9927131K->9850946K(20961280K), 0.0429880 secs] [Times: user=0.32 sys=0.00, real=0.04 secs]
2014-07-28T05:26:01.405+0000: 802.381: [GC2014-07-28T05:26:01.405+0000: 802.381: [ParNew: 92160K->10240K(92160K), 0.0449940 secs] 9932866K->9856937K(20961280K), 0.0451030 secs] [Times: user=0.32 sys=0.01, real=0.05 secs]
2014-07-28T05:26:01.721+0000: 802.697: [GC2014-07-28T05:26:01.721+0000: 802.697: [ParNew: 92160K->10240K(92160K), 0.0377700 secs] 9938857K->9862299K(20961280K), 0.0378930 secs] [Times: user=0.27 sys=0.01, real=0.04 secs]
2014-07-28T05:26:02.124+0000: 803.100: [GC2014-07-28T05:26:02.124+0000: 803.100: [ParNew: 92160K->10240K(92160K), 0.0423880 secs] 9944219K->9867956K(20961280K), 0.0425160 secs] [Times: user=0.31 sys=0.01, real=0.05 secs]
2014-07-28T05:26:02.568+0000: 803.544: [GC2014-07-28T05:26:02.568+0000: 803.544: [ParNew: 92160K->10240K(92160K), 0.0381750 secs] 9949876K->9873599K(20961280K), 0.0383020 secs] [Times: user=0.29 sys=0.00, real=0.04 secs]
2014-07-28T05:26:02.914+0000: 803.890: [GC2014-07-28T05:26:02.914+0000: 803.890: [ParNew: 92160K->10240K(92160K), 0.0408570 secs] 9955519K->9879369K(20961280K), 0.0409790 secs] [Times: user=0.32 sys=0.00, real=0.04 secs]
2014-07-28T05:26:03.287+0000: 804.263: [GC2014-07-28T05:26:03.287+0000: 804.263: [ParNew: 92160K->10240K(92160K), 0.0405820 secs] 9961289K->9885041K(20961280K), 0.0407030 secs] [Times: user=0.30 sys=0.00, real=0.04 secs]
2014-07-28T05:26:03.693+0000: 804.670: [GC2014-07-28T05:26:03.694+0000: 804.670: [ParNew: 92160K->10240K(92160K), 0.0394550 secs] 9966961K->9890702K(20961280K), 0.0395730 secs] [Times: user=0.28 sys=0.02, real=0.04 secs]
2014-07-28T05:26:04.002+0000: 804.978: [GC2014-07-28T05:26:04.002+0000: 804.978: [ParNew: 92160K->9273K(92160K), 0.0397080 secs] 9972622K->9895413K(20961280K), 0.0398310 secs] [Times: user=0.30 sys=0.00, real=0.04 secs]
2014-07-28T05:26:04.374+0000: 805.350: [GC2014-07-28T05:26:04.374+0000: 805.350: [ParNew: 91193K->10078K(92160K), 0.0404140 secs] 9977333K->9901707K(20961280K), 0.0405360 secs] [Times: user=0.30 sys=0.01, real=0.04 secs]
2014-07-28T05:26:04.950+0000: 805.926: [GC2014-07-28T05:26:04.950+0000: 805.926: [ParNew: 91992K->10240K(92160K), 0.0412860 secs] 9983622K->9907572K(20961280K), 0.0414050 secs] [Times: user=0.31 sys=0.00, real=0.04 secs]
2014-07-28T05:26:05.264+0000: 806.240: [GC2014-07-28T05:26:05.264+0000: 806.240: [ParNew: 92160K->9507K(92160K), 0.0421090 secs] 9989492K->9912507K(20961280K), 0.0422300 secs] [Times: user=0.30 sys=0.01, real=0.05 secs]
2014-07-28T05:26:05.553+0000: 806.530: [GC2014-07-28T05:26:05.554+0000: 806.530: [ParNew: 91427K->10240K(92160K), 0.0420060 secs] 9994427K->9918872K(20961280K), 0.0421260 secs] [Times: user=0.33 sys=0.00, real=0.04 secs]
2014-07-28T05:26:06.054+0000: 807.030: [GC2014-07-28T05:26:06.054+0000: 807.030: [ParNew: 92160K->9177K(92160K), 0.0407550 secs] 10000792K->9923548K(20961280K), 0.0408750 secs] [Times: user=0.31 sys=0.01, real=0.04 secs]
2014-07-28T05:26:06.433+0000: 807.409: [GC2014-07-28T05:26:06.433+0000: 807.409: [ParNew: 91097K->9849K(92160K), 0.0402040 secs] 10005468K->9929705K(20961280K), 0.0403260 secs] [Times: user=0.29 sys=0.01, real=0.04 secs]
2014-07-28T05:26:06.814+0000: 807.790: [GC2014-07-28T05:26:06.814+0000: 807.790: [ParNew: 91769K->9580K(92160K), 0.0427300 secs] 10011625K->9935139K(20961280K), 0.0428540 secs] [Times: user=0.31 sys=0.01, real=0.04 secs]
2014-07-28T05:26:07.303+0000: 808.279: [GC2014-07-28T05:26:07.303+0000: 808.279: [ParNew: 91500K->10234K(92160K), 0.0398540 secs] 10017059K->9941390K(20961280K), 0.0399740 secs] [Times: user=0.29 sys=0.01, real=0.04 secs]
2014-07-28T05:26:07.668+0000: 808.644: [GC2014-07-28T05:26:07.668+0000: 808.644: [ParNew: 92154K->10240K(92160K), 0.0400240 secs] 10023310K->9947036K(20961280K), 0.0401460 secs] [Times: user=0.30 sys=0.01, real=0.04 secs]
2014-07-28T05:26:08.195+0000: 809.171: [GC2014-07-28T05:26:08.195+0000: 809.171: [ParNew: 92160K->10240K(92160K), 0.0407660 secs] 10028956K->9952655K(20961280K), 0.0408860 secs] [Times: user=0.30 sys=0.01, real=0.04 secs]
2014-07-28T05:26:08.675+0000: 809.651: [GC2014-07-28T05:26:08.675+0000: 809.651: [ParNew: 92147K->9364K(92160K), 0.0409580 secs] 10034562K->9957499K(20961280K), 0.0410760 secs] [Times: user=0.31 sys=0.00, real=0.04 secs]
2014-07-28T05:26:09.078+0000: 810.054: [GC2014-07-28T05:26:09.078+0000: 810.054: [ParNew: 91284K->10240K(92160K), 0.0409130 secs] 10039419K->9963976K(20961280K), 0.0410350 secs] [Times: user=0.30 sys=0.01, real=0.05 secs]
2014-07-28T05:26:09.384+0000: 810.360: [GC2014-07-28T05:26:09.384+0000: 810.360: [ParNew: 92160K->10240K(92160K), 0.0414720 secs] 10045896K->9969726K(20961280K), 0.0415990 secs] [Times: user=0.31 sys=0.01, real=0.04 secs]
2014-07-28T05:26:09.638+0000: 810.614: [GC2014-07-28T05:26:09.638+0000: 810.614: [ParNew: 92160K->10240K(92160K), 0.0388550 secs] 10051646K->9975603K(20961280K), 0.0389900 secs] [Times: user=0.30 sys=0.00, real=0.03 secs]
2014-07-28T05:26:09.937+0000: 810.913: [GC2014-07-28T05:26:09.937+0000: 810.913: [ParNew: 92160K->10240K(92160K), 0.0400260 secs] 10057523K->9981527K(20961280K), 0.0401480 secs] [Times: user=0.29 sys=0.01, real=0.04 secs]
2014-07-28T05:26:10.426+0000: 811.402: [GC2014-07-28T05:26:10.426+0000: 811.402: [ParNew: 92160K->9686K(92160K), 0.0386710 secs] 10063447K->9986361K(20961280K), 0.0387930 secs] [Times: user=0.30 sys=0.01, real=0.04 secs]
2014-07-28T05:26:10.881+0000: 811.857: [GC2014-07-28T05:26:10.881+0000: 811.857: [ParNew: 91602K->10240K(92160K), 0.0397510 secs] 10068277K->9992374K(20961280K), 0.0398700 secs] [Times: user=0.31 sys=0.00, real=0.04 secs]
2014-07-28T05:26:11.242+0000: 812.218: [GC2014-07-28T05:26:11.242+0000: 812.218: [ParNew: 92160K->9262K(92160K), 0.0399760 secs] 10074294K->9997133K(20961280K), 0.0400970 secs] [Times: user=0.29 sys=0.01, real=0.04 secs]
2014-07-28T05:26:11.633+0000: 812.609: [GC2014-07-28T05:26:11.633+0000: 812.609: [ParNew: 91182K->10240K(92160K), 0.0386990 secs] 10079053K->10003654K(20961280K), 0.0388200 secs] [Times: user=0.28 sys=0.01, real=0.04 secs]
2014-07-28T05:26:12.003+0000: 812.979: [GC2014-07-28T05:26:12.003+0000: 812.979: [ParNew: 92160K->10240K(92160K), 0.0417250 secs] 10085574K->10009402K(20961280K), 0.0418470 secs] [Times: user=0.32 sys=0.00, real=0.04 secs]
2014-07-28T05:26:12.413+0000: 813.389: [GC2014-07-28T05:26:12.413+0000: 813.389: [ParNew: 92160K->10240K(92160K), 0.0407900 secs] 10091322K->10015047K(20961280K), 0.0409080 secs] [Times: user=0.28 sys=0.02, real=0.04 secs]
2014-07-28T05:26:12.817+0000: 813.793: [GC2014-07-28T05:26:12.817+0000: 813.793: [ParNew: 92160K->10240K(92160K), 0.0447640 secs] 10096967K->10021766K(20961280K), 0.0448840 secs] [Times: user=0.33 sys=0.02, real=0.05 secs]
2014-07-28T05:26:13.145+0000: 814.121: [GC2014-07-28T05:26:13.145+0000: 814.121: [ParNew: 92160K->9636K(92160K), 0.0374810 secs] 10103686K->10026285K(20961280K), 0.0375990 secs] [Times: user=0.28 sys=0.00, real=0.04 secs]
2014-07-28T05:26:13.615+0000: 814.591: [GC2014-07-28T05:26:13.615+0000: 814.591: [ParNew: 91556K->10134K(92160K), 0.0415660 secs] 10108205K->10032362K(20961280K), 0.0417130 secs] [Times: user=0.31 sys=0.00, real=0.04 secs]
2014-07-28T05:26:13.891+0000: 814.867: [GC2014-07-28T05:26:13.891+0000: 814.867: [ParNew: 92054K->10240K(92160K), 0.0406200 secs] 10114282K->10038733K(20961280K), 0.0407400 secs] [Times: user=0.30 sys=0.02, real=0.04 secs]
2014-07-28T05:26:14.262+0000: 815.238: [GC2014-07-28T05:26:14.262+0000: 815.238: [ParNew: 92160K->10240K(92160K), 0.0431810 secs] 10120653K->10045543K(20961280K), 0.0433050 secs] [Times: user=0.30 sys=0.02, real=0.04 secs]
2014-07-28T05:26:14.823+0000: 815.799: [GC2014-07-28T05:26:14.823+0000: 815.799: [ParNew: 92160K->9325K(92160K), 0.0429910 secs] 10127463K->10050015K(20961280K), 0.0431090 secs] [Times: user=0.31 sys=0.02, real=0.04 secs]
2014-07-28T05:26:15.149+0000: 816.125: [GC2014-07-28T05:26:15.149+0000: 816.125: [ParNew: 91245K->10240K(92160K), 0.0395900 secs] 10131935K->10056804K(20961280K), 0.0397130 secs] [Times: user=0.30 sys=0.00, real=0.04 secs]
2014-07-28T05:26:15.473+0000: 816.449: [GC2014-07-28T05:26:15.473+0000: 816.449: [ParNew: 92160K->10240K(92160K), 0.0439730 secs] 10138724K->10063272K(20961280K), 0.0440910 secs] [Times: user=0.32 sys=0.02, real=0.04 secs]
2014-07-28T05:26:15.872+0000: 816.849: [GC2014-07-28T05:26:15.873+0000: 816.849: [ParNew: 92160K->8819K(92160K), 0.0457960 secs] 10145192K->10066910K(20961280K), 0.0458990 secs] [Times: user=0.33 sys=0.01, real=0.05 secs]
2014-07-28T05:26:16.309+0000: 817.285: [GC2014-07-28T05:26:16.309+0000: 817.285: [ParNew: 90739K->10240K(92160K), 0.0583080 secs] 10148830K->10073861K(20961280K), 0.0584150 secs] [Times: user=0.35 sys=0.01, real=0.06 secs]
2014-07-28T05:26:16.704+0000: 817.680: [GC2014-07-28T05:26:16.704+0000: 817.680: [ParNew: 92160K->10240K(92160K), 0.0540510 secs] 10155781K->10080056K(20961280K), 0.0541530 secs] [Times: user=0.32 sys=0.01, real=0.06 secs]
2014-07-28T05:26:17.067+0000: 818.043: [GC2014-07-28T05:26:17.067+0000: 818.043: [ParNew: 92160K->8866K(92160K), 0.0597740 secs] 10161976K->10084215K(20961280K), 0.0598820 secs] [Times: user=0.41 sys=0.00, real=0.06 secs]
2014-07-28T05:26:17.520+0000: 818.496: [GC2014-07-28T05:26:17.520+0000: 818.496: [ParNew: 90786K->9992K(92160K), 0.0509250 secs] 10166135K->10090810K(20961280K), 0.0510350 secs] [Times: user=0.32 sys=0.02, real=0.05 secs]
2014-07-28T05:26:17.943+0000: 818.919: [GC2014-07-28T05:26:17.943+0000: 818.919: [ParNew: 91912K->10240K(92160K), 0.0425630 secs] 10172730K->10097125K(20961280K), 0.0427010 secs] [Times: user=0.29 sys=0.03, real=0.04 secs]
2014-07-28T05:26:18.403+0000: 819.380: [GC2014-07-28T05:26:18.404+0000: 819.380: [ParNew: 92160K->10240K(92160K), 0.0410340 secs] 10179045K->10102745K(20961280K), 0.0411600 secs] [Times: user=0.28 sys=0.04, real=0.04 secs]
2014-07-28T05:26:18.992+0000: 819.968: [GC2014-07-28T05:26:18.992+0000: 819.968: [ParNew: 92160K->10240K(92160K), 0.0435430 secs] 10184665K->10109679K(20961280K), 0.1160430 secs] [Times: user=0.32 sys=0.01, real=0.12 secs]
2014-07-28T05:26:19.273+0000: 820.249: [GC2014-07-28T05:26:19.273+0000: 820.249: [ParNew: 92160K->10240K(92160K), 0.0424950 secs] 10191599K->10115742K(20961280K), 0.0426230 secs] [Times: user=0.32 sys=0.00, real=0.05 secs]
2014-07-28T05:26:19.567+0000: 820.543: [GC2014-07-28T05:26:19.567+0000: 820.543: [ParNew: 92160K->10240K(92160K), 0.0446010 secs] 10197662K->10122159K(20961280K), 0.0447300 secs] [Times: user=0.34 sys=0.01, real=0.04 secs]
2014-07-28T05:26:19.843+0000: 820.819: [GC2014-07-28T05:26:19.843+0000: 820.819: [ParNew: 92160K->10150K(92160K), 0.0397550 secs] 10204079K->10126919K(20961280K), 0.0398760 secs] [Times: user=0.28 sys=0.02, real=0.04 secs]
2014-07-28T05:26:20.274+0000: 821.250: [GC2014-07-28T05:26:20.274+0000: 821.250: [ParNew: 92065K->10240K(92160K), 0.0412930 secs] 10208834K->10132762K(20961280K), 0.0414180 secs] [Times: user=0.31 sys=0.01, real=0.04 secs]
2014-07-28T05:26:20.704+0000: 821.680: [GC2014-07-28T05:26:20.704+0000: 821.680: [ParNew: 92160K->10240K(92160K), 0.0398350 secs] 10214682K->10138635K(20961280K), 0.0399880 secs] [Times: user=0.29 sys=0.01, real=0.04 secs]
2014-07-28T05:26:21.114+0000: 822.090: [GC2014-07-28T05:26:21.114+0000: 822.090: [ParNew: 92160K->10240K(92160K), 0.0461870 secs] 10220555K->10146466K(20961280K), 0.0463090 secs] [Times: user=0.34 sys=0.01, real=0.05 secs]
2014-07-28T05:26:21.536+0000: 822.512: [GC2014-07-28T05:26:21.536+0000: 822.512: [ParNew: 92160K->10240K(92160K), 0.0401270 secs] 10228386K->10151673K(20961280K), 0.0402500 secs] [Times: user=0.31 sys=0.00, real=0.04 secs]
2014-07-28T05:26:21.854+0000: 822.830: [GC2014-07-28T05:26:21.854+0000: 822.830: [ParNew: 92152K->10240K(92160K), 0.0429870 secs] 10233585K->10157945K(20961280K), 0.0431080 secs] [Times: user=0.31 sys=0.01, real=0.04 secs]
2014-07-28T05:26:22.266+0000: 823.242: [GC2014-07-28T05:26:22.266+0000: 823.242: [ParNew: 92159K->10240K(92160K), 0.0392950 secs] 10239864K->10163569K(20961280K), 0.0394230 secs] [Times: user=0.28 sys=0.03, real=0.03 secs]
2014-07-28T05:26:22.715+0000: 823.691: [GC2014-07-28T05:26:22.715+0000: 823.691: [ParNew: 92160K->10240K(92160K), 0.0399210 secs] 10245489K->10169020K(20961280K), 0.0400430 secs] [Times: user=0.30 sys=0.01, real=0.04 secs]
2014-07-28T05:26:23.053+0000: 824.029: [GC2014-07-28T05:26:23.053+0000: 824.029: [ParNew: 92160K->10240K(92160K), 0.0431970 secs] 10250940K->10174981K(20961280K), 0.0433190 secs] [Times: user=0.33 sys=0.00, real=0.05 secs]
2014-07-28T05:26:23.424+0000: 824.400: [GC2014-07-28T05:26:23.424+0000: 824.400: [ParNew: 92155K->10240K(92160K), 0.0420750 secs] 10256896K->10181046K(20961280K), 0.0421930 secs] [Times: user=0.31 sys=0.01, real=0.04 secs]
2014-07-28T05:26:23.832+0000: 824.808: [GC2014-07-28T05:26:23.832+0000: 824.808: [ParNew: 92160K->10240K(92160K), 0.0397850 secs] 10262966K->10186353K(20961280K), 0.0399060 secs] [Times: user=0.28 sys=0.01, real=0.04 secs]
2014-07-28T05:26:24.156+0000: 825.132: [GC2014-07-28T05:26:24.156+0000: 825.132: [ParNew: 92160K->10240K(92160K), 0.0400280 secs] 10268273K->10192012K(20961280K), 0.0401540 secs] [Times: user=0.30 sys=0.01, real=0.04 secs]
2014-07-28T05:26:24.524+0000: 825.500: [GC2014-07-28T05:26:24.524+0000: 825.500: [ParNew: 92160K->8607K(92160K), 0.0379110 secs] 10273932K->10195793K(20961280K), 0.0380460 secs] [Times: user=0.29 sys=0.01, real=0.04 secs]
2014-07-28T05:26:25.084+0000: 826.060: [GC2014-07-28T05:26:25.084+0000: 826.060: [ParNew: 90527K->10240K(92160K), 0.0398620 secs] 10277713K->10203267K(20961280K), 0.0399840 secs] [Times: user=0.29 sys=0.02, real=0.04 secs]
2014-07-28T05:26:25.404+0000: 826.380: [GC2014-07-28T05:26:25.404+0000: 826.380: [ParNew: 92145K->10240K(92160K), 0.0431180 secs] 10285173K->10209423K(20961280K), 0.0432390 secs] [Times: user=0.32 sys=0.01, real=0.05 secs]
2014-07-28T05:26:25.703+0000: 826.679: [GC2014-07-28T05:26:25.703+0000: 826.679: [ParNew: 92160K->10240K(92160K), 0.0396800 secs] 10291343K->10215046K(20961280K), 0.0398030 secs] [Times: user=0.28 sys=0.02, real=0.04 secs]
2014-07-28T05:26:26.203+0000: 827.179: [GC2014-07-28T05:26:26.203+0000: 827.179: [ParNew: 92160K->9771K(92160K), 0.0395020 secs] 10296966K->10220194K(20961280K), 0.0396250 secs] [Times: user=0.28 sys=0.02, real=0.04 secs]
2014-07-28T05:26:26.582+0000: 827.558: [GC2014-07-28T05:26:26.582+0000: 827.558: [ParNew: 91691K->9138K(92160K), 0.0402210 secs] 10302114K->10225094K(20961280K), 0.0403370 secs] [Times: user=0.30 sys=0.01, real=0.04 secs]
2014-07-28T05:26:26.954+0000: 827.930: [GC2014-07-28T05:26:26.954+0000: 827.930: [ParNew: 91043K->10240K(92160K), 0.0412920 secs] 10306998K->10232038K(20961280K), 0.0414130 secs] [Times: user=0.31 sys=0.01, real=0.04 secs]
2014-07-28T05:26:27.437+0000: 828.413: [GC2014-07-28T05:26:27.437+0000: 828.413: [ParNew: 92160K->10240K(92160K), 0.0409230 secs] 10313958K->10237620K(20961280K), 0.0410460 secs] [Times: user=0.32 sys=0.00, real=0.04 secs]
2014-07-28T05:26:27.803+0000: 828.779: [GC2014-07-28T05:26:27.803+0000: 828.779: [ParNew: 92160K->10240K(92160K), 0.0424830 secs] 10319540K->10243256K(20961280K), 0.0426020 secs] [Times: user=0.31 sys=0.01, real=0.04 secs]
2014-07-28T05:26:28.338+0000: 829.314: [GC2014-07-28T05:26:28.338+0000: 829.314: [ParNew: 92160K->10240K(92160K), 0.0416520 secs] 10325176K->10249626K(20961280K), 0.0417760 secs] [Times: user=0.32 sys=0.00, real=0.04 secs]
2014-07-28T05:26:28.838+0000: 829.814: [GC2014-07-28T05:26:28.838+0000: 829.814: [ParNew: 91975K->9923K(92160K), 0.0370190 secs] 10331361K->10254279K(20961280K), 0.0371340 secs] [Times: user=0.27 sys=0.01, real=0.04 secs]
2014-07-28T05:26:29.231+0000: 830.207: [GC2014-07-28T05:26:29.231+0000: 830.207: [ParNew: 91843K->9877K(92160K), 0.0403470 secs] 10336199K->10259719K(20961280K), 0.0404710 secs] [Times: user=0.29 sys=0.01, real=0.04 secs]
2014-07-28T05:26:29.530+0000: 830.506: [GC2014-07-28T05:26:29.530+0000: 830.506: [ParNew: 91797K->10240K(92160K), 0.0421680 secs] 10341639K->10265900K(20961280K), 0.0422910 secs] [Times: user=0.32 sys=0.01, real=0.04 secs]
2014-07-28T05:26:29.767+0000: 830.743: [GC2014-07-28T05:26:29.767+0000: 830.743: [ParNew: 92160K->10240K(92160K), 0.0409250 secs] 10347820K->10272487K(20961280K), 0.0410430 secs] [Times: user=0.31 sys=0.01, real=0.04 secs]
2014-07-28T05:26:30.064+0000: 831.040: [GC2014-07-28T05:26:30.064+0000: 831.040: [ParNew: 92160K->10240K(92160K), 0.0425780 secs] 10354407K->10278532K(20961280K), 0.0427020 secs] [Times: user=0.30 sys=0.02, real=0.05 secs]
2014-07-28T05:26:30.546+0000: 831.522: [GC2014-07-28T05:26:30.546+0000: 831.522: [ParNew: 92160K->9289K(92160K), 0.0391510 secs] 10360452K->10282537K(20961280K), 0.0392680 secs] [Times: user=0.29 sys=0.01, real=0.03 secs]
2014-07-28T05:26:31.022+0000: 831.998: [GC2014-07-28T05:26:31.022+0000: 831.998: [ParNew: 91205K->10240K(92160K), 0.0406300 secs] 10364453K->10289412K(20961280K), 0.0407500 secs] [Times: user=0.30 sys=0.00, real=0.04 secs]
2014-07-28T05:26:31.370+0000: 832.346: [GC2014-07-28T05:26:31.370+0000: 832.346: [ParNew: 92152K->10240K(92160K), 0.0749430 secs] 10371325K->10294841K(20961280K), 0.0750820 secs] [Times: user=0.38 sys=0.00, real=0.07 secs]
2014-07-28T05:26:31.757+0000: 832.733: [GC2014-07-28T05:26:31.757+0000: 832.733: [ParNew: 92160K->10240K(92160K), 0.0484210 secs] 10376761K->10300515K(20961280K), 0.0485210 secs] [Times: user=0.34 sys=0.01, real=0.04 secs]
2014-07-28T05:26:32.154+0000: 833.130: [GC2014-07-28T05:26:32.154+0000: 833.130: [ParNew: 92160K->10240K(92160K), 0.0595280 secs] 10382435K->10306092K(20961280K), 0.0596400 secs] [Times: user=0.35 sys=0.03, real=0.05 secs]
2014-07-28T05:26:32.543+0000: 833.519: [GC2014-07-28T05:26:32.543+0000: 833.519: [ParNew: 92160K->9311K(92160K), 0.0555950 secs] 10388012K->10310742K(20961280K), 0.0557060 secs] [Times: user=0.37 sys=0.02, real=0.06 secs]
2014-07-28T05:26:32.955+0000: 833.931: [GC2014-07-28T05:26:32.955+0000: 833.931: [ParNew: 91227K->10240K(92160K), 0.0508060 secs] 10392658K->10317989K(20961280K), 0.0509220 secs] [Times: user=0.34 sys=0.03, real=0.04 secs]
2014-07-28T05:26:33.273+0000: 834.249: [GC2014-07-28T05:26:33.273+0000: 834.249: [ParNew: 92160K->10240K(92160K), 0.0416690 secs] 10399909K->10323403K(20961280K), 0.0417940 secs] [Times: user=0.32 sys=0.00, real=0.05 secs]
2014-07-28T05:26:33.746+0000: 834.722: [GC2014-07-28T05:26:33.746+0000: 834.722: [ParNew: 92160K->10240K(92160K), 0.0390110 secs] 10405323K->10328919K(20961280K), 0.0391340 secs] [Times: user=0.29 sys=0.00, real=0.03 secs]
2014-07-28T05:26:34.035+0000: 835.011: [GC2014-07-28T05:26:34.035+0000: 835.011: [ParNew: 92160K->10240K(92160K), 0.0429840 secs] 10410839K->10334994K(20961280K), 0.0431010 secs] [Times: user=0.31 sys=0.02, real=0.04 secs]
2014-07-28T05:26:34.403+0000: 835.379: [GC2014-07-28T05:26:34.403+0000: 835.379: [ParNew: 92160K->10240K(92160K), 0.0453610 secs] 10416914K->10343184K(20961280K), 0.0454890 secs] [Times: user=0.33 sys=0.01, real=0.05 secs]
2014-07-28T05:26:34.963+0000: 835.939: [GC2014-07-28T05:26:34.963+0000: 835.939: [ParNew: 92160K->10039K(92160K), 0.0417320 secs] 10425104K->10347601K(20961280K), 0.0418590 secs] [Times: user=0.31 sys=0.01, real=0.04 secs]
2014-07-28T05:26:35.281+0000: 836.257: [GC2014-07-28T05:26:35.281+0000: 836.257: [ParNew: 91959K->10240K(92160K), 0.0412950 secs] 10429521K->10353954K(20961280K), 0.0414450 secs] [Times: user=0.30 sys=0.01, real=0.04 secs]
2014-07-28T05:26:35.622+0000: 836.598: [GC2014-07-28T05:26:35.622+0000: 836.598: [ParNew: 92160K->10240K(92160K), 0.0728250 secs] 10435874K->10360417K(20961280K), 0.0729520 secs] [Times: user=0.34 sys=0.01, real=0.08 secs]
2014-07-28T05:26:35.998+0000: 836.974: [GC2014-07-28T05:26:35.998+0000: 836.974: [ParNew: 92160K->10240K(92160K), 0.0451220 secs] 10442337K->10365468K(20961280K), 0.0452350 secs] [Times: user=0.31 sys=0.01, real=0.04 secs]
2014-07-28T05:26:36.461+0000: 837.437: [GC2014-07-28T05:26:36.461+0000: 837.437: [ParNew: 92160K->10240K(92160K), 0.0400510 secs] 10447388K->10371072K(20961280K), 0.0401760 secs] [Times: user=0.31 sys=0.01, real=0.04 secs]
2014-07-28T05:26:36.845+0000: 837.821: [GC2014-07-28T05:26:36.845+0000: 837.821: [ParNew: 92160K->10240K(92160K), 0.0437470 secs] 10452992K->10377426K(20961280K), 0.0438630 secs] [Times: user=0.32 sys=0.00, real=0.05 secs]
2014-07-28T05:26:37.203+0000: 838.179: [GC2014-07-28T05:26:37.203+0000: 838.179: [ParNew: 92160K->10240K(92160K), 0.0376840 secs] 10459346K->10382690K(20961280K), 0.0378050 secs] [Times: user=0.29 sys=0.00, real=0.04 secs]
2014-07-28T05:26:37.654+0000: 838.630: [GC2014-07-28T05:26:37.654+0000: 838.630: [ParNew: 92160K->10240K(92160K), 0.0932860 secs] 10464610K->10388130K(20961280K), 0.0934150 secs] [Times: user=0.40 sys=0.00, real=0.09 secs]
2014-07-28T05:26:38.093+0000: 839.069: [GC2014-07-28T05:26:38.093+0000: 839.069: [ParNew: 92160K->10108K(92160K), 0.0472660 secs] 10470050K->10393903K(20961280K), 0.0473850 secs] [Times: user=0.36 sys=0.00, real=0.05 secs]
2014-07-28T05:26:38.533+0000: 839.509: [GC2014-07-28T05:26:38.533+0000: 839.509: [ParNew: 92028K->10240K(92160K), 0.0413580 secs] 10475823K->10399847K(20961280K), 0.0414890 secs] [Times: user=0.29 sys=0.02, real=0.05 secs]
2014-07-28T05:26:39.207+0000: 840.183: [GC2014-07-28T05:26:39.207+0000: 840.183: [ParNew: 92160K->10240K(92160K), 0.0425800 secs] 10481767K->10406613K(20961280K), 0.0426940 secs] [Times: user=0.29 sys=0.04, real=0.04 secs]
2014-07-28T05:26:39.409+0000: 840.385: [GC2014-07-28T05:26:39.409+0000: 840.386: [ParNew: 92160K->10240K(92160K), 0.0428870 secs] 10488533K->10412887K(20961280K), 0.0430100 secs] [Times: user=0.32 sys=0.01, real=0.04 secs]
2014-07-28T05:26:39.705+0000: 840.681: [GC2014-07-28T05:26:39.705+0000: 840.681: [ParNew: 92160K->10240K(92160K), 0.0443810 secs] 10494807K->10419100K(20961280K), 0.0445020 secs] [Times: user=0.31 sys=0.02, real=0.05 secs]
2014-07-28T05:26:39.967+0000: 840.943: [GC2014-07-28T05:26:39.967+0000: 840.943: [ParNew: 92160K->10240K(92160K), 0.0436090 secs] 10501020K->10424403K(20961280K), 0.0437320 secs] [Times: user=0.32 sys=0.02, real=0.04 secs]
2014-07-28T05:26:40.402+0000: 841.379: [GC2014-07-28T05:26:40.403+0000: 841.379: [ParNew: 92160K->10240K(92160K), 0.0419240 secs] 10506323K->10430133K(20961280K), 0.0420440 secs] [Times: user=0.31 sys=0.01, real=0.04 secs]
2014-07-28T05:26:40.848+0000: 841.824: [GC2014-07-28T05:26:40.848+0000: 841.824: [ParNew: 92160K->10240K(92160K), 0.0441970 secs] 10512053K->10436043K(20961280K), 0.0443140 secs] [Times: user=0.32 sys=0.02, real=0.04 secs]
2014-07-28T05:26:41.254+0000: 842.230: [GC2014-07-28T05:26:41.254+0000: 842.230: [ParNew: 92160K->10240K(92160K), 0.0474300 secs] 10517963K->10443914K(20961280K), 0.0475510 secs] [Times: user=0.35 sys=0.02, real=0.05 secs]
2014-07-28T05:26:41.668+0000: 842.644: [GC2014-07-28T05:26:41.668+0000: 842.644: [ParNew: 92160K->10240K(92160K), 0.0428150 secs] 10525834K->10449767K(20961280K), 0.0429340 secs] [Times: user=0.29 sys=0.04, real=0.04 secs]
2014-07-28T05:26:41.979+0000: 842.955: [GC2014-07-28T05:26:41.979+0000: 842.955: [ParNew: 92160K->10240K(92160K), 0.0370830 secs] 10531687K->10455208K(20961280K), 0.0372050 secs] [Times: user=0.28 sys=0.01, real=0.04 secs]
2014-07-28T05:26:42.403+0000: 843.379: [GC2014-07-28T05:26:42.403+0000: 843.379: [ParNew: 92160K->10240K(92160K), 0.0412920 secs] 10537128K->10461632K(20961280K), 0.0414110 secs] [Times: user=0.29 sys=0.02, real=0.04 secs]
2014-07-28T05:26:42.835+0000: 843.811: [GC2014-07-28T05:26:42.835+0000: 843.811: [ParNew: 92160K->10240K(92160K), 0.0394040 secs] 10543552K->10466890K(20961280K), 0.0395240 secs] [Times: user=0.29 sys=0.01, real=0.04 secs]
2014-07-28T05:26:43.178+0000: 844.154: [GC2014-07-28T05:26:43.178+0000: 844.154: [ParNew: 92160K->10240K(92160K), 0.0417930 secs] 10548810K->10472680K(20961280K), 0.0419180 secs] [Times: user=0.32 sys=0.00, real=0.04 secs]
2014-07-28T05:26:43.552+0000: 844.529: [GC2014-07-28T05:26:43.553+0000: 844.529: [ParNew: 92160K->10240K(92160K), 0.0420160 secs] 10554600K->10479421K(20961280K), 0.0421350 secs] [Times: user=0.31 sys=0.01, real=0.05 secs]
2014-07-28T05:26:43.960+0000: 844.936: [GC2014-07-28T05:26:43.960+0000: 844.936: [ParNew: 92160K->10240K(92160K), 0.0405720 secs] 10561341K->10484710K(20961280K), 0.0406970 secs] [Times: user=0.30 sys=0.00, real=0.04 secs]
2014-07-28T05:26:44.262+0000: 845.238: [GC2014-07-28T05:26:44.262+0000: 845.239: [ParNew: 92160K->10240K(92160K), 0.0426610 secs] 10566630K->10490379K(20961280K), 0.0427830 secs] [Times: user=0.31 sys=0.00, real=0.04 secs]
2014-07-28T05:26:44.638+0000: 845.614: [GC2014-07-28T05:26:44.638+0000: 845.614: [ParNew: 92160K->9838K(92160K), 0.0397770 secs] 10572299K->10495403K(20961280K), 0.0398980 secs] [Times: user=0.29 sys=0.01, real=0.04 secs]
2014-07-28T05:26:45.204+0000: 846.180: [GC2014-07-28T05:26:45.204+0000: 846.181: [ParNew: 91758K->10240K(92160K), 0.0436150 secs] 10577323K->10501568K(20961280K), 0.0437650 secs] [Times: user=0.32 sys=0.01, real=0.05 secs]
2014-07-28T05:26:45.524+0000: 846.500: [GC2014-07-28T05:26:45.524+0000: 846.501: [ParNew: 92160K->10240K(92160K), 0.0415680 secs] 10583488K->10507214K(20961280K), 0.0416880 secs] [Times: user=0.30 sys=0.01, real=0.05 secs]
2014-07-28T05:26:45.833+0000: 846.809: [GC2014-07-28T05:26:45.833+0000: 846.810: [ParNew: 92160K->10240K(92160K), 0.0403170 secs] 10589134K->10512943K(20961280K), 0.0404390 secs] [Times: user=0.29 sys=0.01, real=0.04 secs]
2014-07-28T05:26:46.304+0000: 847.280: [GC2014-07-28T05:26:46.304+0000: 847.280: [ParNew: 92160K->9958K(92160K), 0.0395140 secs] 10594863K->10518289K(20961280K), 0.0396300 secs] [Times: user=0.30 sys=0.00, real=0.04 secs]
2014-07-28T05:26:46.696+0000: 847.672: [GC2014-07-28T05:26:46.696+0000: 847.672: [ParNew: 91878K->9805K(92160K), 0.0462010 secs] 10600209K->10523658K(20961280K), 0.0463280 secs] [Times: user=0.31 sys=0.01, real=0.04 secs]
2014-07-28T05:26:47.071+0000: 848.047: [GC2014-07-28T05:26:47.071+0000: 848.047: [ParNew: 91725K->9528K(92160K), 0.0401690 secs] 10605578K->10529107K(20961280K), 0.0403120 secs] [Times: user=0.30 sys=0.02, real=0.04 secs]
2014-07-28T05:26:47.554+0000: 848.530: [GC2014-07-28T05:26:47.554+0000: 848.530: [ParNew: 91448K->10240K(92160K), 0.0415420 secs] 10611027K->10535489K(20961280K), 0.0416600 secs] [Times: user=0.31 sys=0.01, real=0.05 secs]
2014-07-28T05:26:47.920+0000: 848.896: [GC2014-07-28T05:26:47.920+0000: 848.896: [ParNew: 92147K->10240K(92160K), 0.0417520 secs] 10617397K->10541439K(20961280K), 0.0418740 secs] [Times: user=0.31 sys=0.00, real=0.04 secs]
2014-07-28T05:26:48.456+0000: 849.432: [GC2014-07-28T05:26:48.456+0000: 849.432: [ParNew: 92160K->10240K(92160K), 0.0409940 secs] 10623359K->10546997K(20961280K), 0.0411130 secs] [Times: user=0.31 sys=0.00, real=0.04 secs]
2014-07-28T05:26:48.932+0000: 849.908: [GC2014-07-28T05:26:48.932+0000: 849.908: [ParNew: 92160K->10237K(92160K), 0.0386200 secs] 10628917K->10552726K(20961280K), 0.0387380 secs] [Times: user=0.30 sys=0.01, real=0.04 secs]
2014-07-28T05:26:49.353+0000: 850.329: [GC2014-07-28T05:26:49.353+0000: 850.329: [ParNew: 92157K->10240K(92160K), 0.0398990 secs] 10634646K->10558300K(20961280K), 0.0400250 secs] [Times: user=0.30 sys=0.01, real=0.04 secs]
2014-07-28T05:26:49.647+0000: 850.623: [GC2014-07-28T05:26:49.647+0000: 850.623: [ParNew: 92152K->10240K(92160K), 0.0389910 secs] 10640213K->10564090K(20961280K), 0.0391130 secs] [Times: user=0.28 sys=0.02, real=0.03 secs]
2014-07-28T05:26:49.893+0000: 850.869: [GC2014-07-28T05:26:49.893+0000: 850.870: [ParNew: 92160K->10240K(92160K), 0.0410200 secs] 10646010K->10569695K(20961280K), 0.0411390 secs] [Times: user=0.31 sys=0.01, real=0.05 secs]
2014-07-28T05:26:50.189+0000: 851.165: [GC2014-07-28T05:26:50.189+0000: 851.165: [ParNew: 92160K->9963K(92160K), 0.0405410 secs] 10651615K->10575114K(20961280K), 0.0406630 secs] [Times: user=0.31 sys=0.00, real=0.04 secs]
2014-07-28T05:26:50.656+0000: 851.632: [GC2014-07-28T05:26:50.656+0000: 851.632: [ParNew: 91883K->9086K(92160K), 0.0398920 secs] 10657034K->10579873K(20961280K), 0.0400080 secs] [Times: user=0.31 sys=0.00, real=0.04 secs]
2014-07-28T05:26:51.140+0000: 852.116: [GC2014-07-28T05:26:51.140+0000: 852.116: [ParNew: 91006K->10240K(92160K), 0.0409990 secs] 10661793K->10586509K(20961280K), 0.0411220 secs] [Times: user=0.30 sys=0.01, real=0.04 secs]
2014-07-28T05:26:51.503+0000: 852.480: [GC2014-07-28T05:26:51.504+0000: 852.480: [ParNew: 92160K->9403K(92160K), 0.0393590 secs] 10668429K->10591365K(20961280K), 0.0394770 secs] [Times: user=0.26 sys=0.03, real=0.04 secs]
2014-07-28T05:26:51.882+0000: 852.858: [GC2014-07-28T05:26:51.882+0000: 852.858: [ParNew: 91323K->9664K(92160K), 0.0400830 secs] 10673285K->10597168K(20961280K), 0.0401990 secs] [Times: user=0.29 sys=0.02, real=0.04 secs]
2014-07-28T05:26:52.282+0000: 853.258: [GC2014-07-28T05:26:52.282+0000: 853.258: [ParNew: 91584K->9740K(92160K), 0.0421620 secs] 10679088K->10602960K(20961280K), 0.0422850 secs] [Times: user=0.31 sys=0.01, real=0.04 secs]
2014-07-28T05:26:52.665+0000: 853.641: [GC2014-07-28T05:26:52.665+0000: 853.641: [ParNew: 91660K->8533K(92160K), 0.0377730 secs] 10684880K->10607312K(20961280K), 0.0379030 secs] [Times: user=0.28 sys=0.00, real=0.04 secs]
2014-07-28T05:26:53.095+0000: 854.071: [GC2014-07-28T05:26:53.095+0000: 854.071: [ParNew: 90453K->10240K(92160K), 0.0419370 secs] 10689232K->10615521K(20961280K), 0.0420610 secs] [Times: user=0.29 sys=0.02, real=0.04 secs]
2014-07-28T05:26:53.383+0000: 854.359: [GC2014-07-28T05:26:53.383+0000: 854.359: [ParNew: 92160K->9890K(92160K), 0.0375170 secs] 10697441K->10620526K(20961280K), 0.0376690 secs] [Times: user=0.28 sys=0.01, real=0.03 secs]
2014-07-28T05:26:53.855+0000: 854.831: [GC2014-07-28T05:26:53.855+0000: 854.831: [ParNew: 91810K->9774K(92160K), 0.0414480 secs] 10702446K->10625863K(20961280K), 0.0415650 secs] [Times: user=0.30 sys=0.02, real=0.04 secs]
2014-07-28T05:26:54.162+0000: 855.138: [GC2014-07-28T05:26:54.162+0000: 855.138: [ParNew: 91694K->10240K(92160K), 0.0405470 secs] 10707783K->10632049K(20961280K), 0.0406790 secs] [Times: user=0.31 sys=0.00, real=0.05 secs]
2014-07-28T05:26:54.547+0000: 855.523: [GC2014-07-28T05:26:54.547+0000: 855.524: [ParNew: 92160K->10240K(92160K), 0.0407500 secs] 10713969K->10638750K(20961280K), 0.0408760 secs] [Times: user=0.30 sys=0.02, real=0.04 secs]
2014-07-28T05:26:55.075+0000: 856.051: [GC2014-07-28T05:26:55.075+0000: 856.051: [ParNew: 92160K->10240K(92160K), 0.0400760 secs] 10720670K->10643943K(20961280K), 0.0401980 secs] [Times: user=0.30 sys=0.00, real=0.04 secs]
2014-07-28T05:26:55.403+0000: 856.379: [GC2014-07-28T05:26:55.403+0000: 856.379: [ParNew: 92160K->10214K(92160K), 0.0394070 secs] 10725863K->10649512K(20961280K), 0.0395270 secs] [Times: user=0.29 sys=0.01, real=0.04 secs]
2014-07-28T05:26:55.784+0000: 856.760: [GC2014-07-28T05:26:55.784+0000: 856.760: [ParNew: 92134K->10240K(92160K), 0.0396640 secs] 10731432K->10655695K(20961280K), 0.0397830 secs] [Times: user=0.29 sys=0.01, real=0.04 secs]
2014-07-28T05:26:56.108+0000: 857.084: [GC2014-07-28T05:26:56.108+0000: 857.084: [ParNew: 92160K->8835K(92160K), 0.0387730 secs] 10737615K->10659680K(20961280K), 0.0388980 secs] [Times: user=0.29 sys=0.01, real=0.04 secs]
2014-07-28T05:26:56.580+0000: 857.556: [GC2014-07-28T05:26:56.580+0000: 857.556: [ParNew: 90755K->10240K(92160K), 0.0386110 secs] 10741600K->10666719K(20961280K), 0.0387310 secs] [Times: user=0.30 sys=0.00, real=0.04 secs]
2014-07-28T05:26:56.975+0000: 857.951: [GC2014-07-28T05:26:56.975+0000: 857.951: [ParNew: 92160K->10240K(92160K), 0.0417620 secs] 10748639K->10672842K(20961280K), 0.0418840 secs] [Times: user=0.30 sys=0.02, real=0.04 secs]
2014-07-28T05:26:57.241+0000: 858.217: [GC2014-07-28T05:26:57.241+0000: 858.217: [ParNew: 92154K->9149K(92160K), 0.0388920 secs] 10754757K->10676955K(20961280K), 0.0390090 secs] [Times: user=0.30 sys=0.00, real=0.04 secs]
2014-07-28T05:26:57.826+0000: 858.802: [GC2014-07-28T05:26:57.826+0000: 858.802: [ParNew: 91069K->9457K(92160K), 0.0767050 secs] 10758875K->10682757K(20961280K), 0.0768220 secs] [Times: user=0.35 sys=0.00, real=0.08 secs]
2014-07-28T05:26:58.220+0000: 859.196: [GC2014-07-28T05:26:58.220+0000: 859.196: [ParNew: 91377K->10240K(92160K), 0.0409110 secs] 10764677K->10689799K(20961280K), 0.0410350 secs] [Times: user=0.30 sys=0.01, real=0.04 secs]
2014-07-28T05:26:58.654+0000: 859.630: [GC2014-07-28T05:26:58.654+0000: 859.630: [ParNew: 92160K->10240K(92160K), 0.0411660 secs] 10771719K->10695049K(20961280K), 0.0412880 secs] [Times: user=0.31 sys=0.00, real=0.04 secs]
2014-07-28T05:26:59.342+0000: 860.318: [GC2014-07-28T05:26:59.342+0000: 860.318: [ParNew: 92160K->10240K(92160K), 0.0402310 secs] 10776969K->10700901K(20961280K), 0.0403510 secs] [Times: user=0.27 sys=0.02, real=0.04 secs]
2014-07-28T05:26:59.541+0000: 860.517: [GC2014-07-28T05:26:59.541+0000: 860.517: [ParNew: 92160K->10240K(92160K), 0.0404530 secs] 10782821K->10706444K(20961280K), 0.0405720 secs] [Times: user=0.31 sys=0.01, real=0.04 secs]
2014-07-28T05:26:59.834+0000: 860.810: [GC2014-07-28T05:26:59.834+0000: 860.810: [ParNew: 92160K->10240K(92160K), 0.0415640 secs] 10788364K->10712666K(20961280K), 0.0416820 secs] [Times: user=0.30 sys=0.01, real=0.05 secs]
2014-07-28T05:27:00.078+0000: 861.055: [GC2014-07-28T05:27:00.079+0000: 861.055: [ParNew: 92150K->9033K(92160K), 0.0392670 secs] 10794576K->10716280K(20961280K), 0.0394030 secs] [Times: user=0.28 sys=0.01, real=0.04 secs]
2014-07-28T05:27:00.518+0000: 861.494: [GC2014-07-28T05:27:00.518+0000: 861.494: [ParNew: 90946K->9205K(92160K), 0.0408350 secs] 10798193K->10722155K(20961280K), 0.0409560 secs] [Times: user=0.31 sys=0.01, real=0.04 secs]
2014-07-28T05:27:00.977+0000: 861.953: [GC2014-07-28T05:27:00.977+0000: 861.953: [ParNew: 91125K->10240K(92160K), 0.0414910 secs] 10804075K->10729078K(20961280K), 0.0416120 secs] [Times: user=0.31 sys=0.01, real=0.04 secs]
2014-07-28T05:27:01.392+0000: 862.368: [GC2014-07-28T05:27:01.392+0000: 862.368: [ParNew: 92160K->10240K(92160K), 0.0417520 secs] 10810998K->10735197K(20961280K), 0.0418750 secs] [Times: user=0.32 sys=0.01, real=0.05 secs]
2014-07-28T05:27:01.793+0000: 862.769: [GC2014-07-28T05:27:01.793+0000: 862.769: [ParNew: 92160K->10240K(92160K), 0.0683560 secs] 10817117K->10740811K(20961280K), 0.0684610 secs] [Times: user=0.49 sys=0.00, real=0.07 secs]
2014-07-28T05:27:02.089+0000: 863.065: [GC2014-07-28T05:27:02.089+0000: 863.065: [ParNew: 92160K->8791K(92160K), 0.0511440 secs] 10822731K->10744964K(20961280K), 0.0512630 secs] [Times: user=0.37 sys=0.00, real=0.05 secs]
2014-07-28T05:27:02.527+0000: 863.503: [GC2014-07-28T05:27:02.527+0000: 863.503: [ParNew: 90711K->10240K(92160K), 0.0517720 secs] 10826884K->10752007K(20961280K), 0.0518780 secs] [Times: user=0.36 sys=0.01, real=0.05 secs]
2014-07-28T05:27:02.947+0000: 863.923: [GC2014-07-28T05:27:02.947+0000: 863.923: [ParNew: 92160K->8467K(92160K), 0.0410100 secs] 10833927K->10755903K(20961280K), 0.0411350 secs] [Times: user=0.29 sys=0.02, real=0.04 secs]
2014-07-28T05:27:03.297+0000: 864.273: [GC2014-07-28T05:27:03.297+0000: 864.273: [ParNew: 90387K->10017K(92160K), 0.0401340 secs] 10837823K->10763004K(20961280K), 0.0402560 secs] [Times: user=0.29 sys=0.01, real=0.04 secs]
2014-07-28T05:27:03.674+0000: 864.650: [GC2014-07-28T05:27:03.674+0000: 864.650: [ParNew: 91937K->10240K(92160K), 0.0397720 secs] 10844924K->10768935K(20961280K), 0.0398930 secs] [Times: user=0.29 sys=0.02, real=0.04 secs]
2014-07-28T05:27:04.083+0000: 865.060: [GC2014-07-28T05:27:04.084+0000: 865.060: [ParNew: 92160K->10240K(92160K), 0.0404710 secs] 10850855K->10775016K(20961280K), 0.0406040 secs] [Times: user=0.29 sys=0.02, real=0.04 secs]
2014-07-28T05:27:04.362+0000: 865.338: [GC2014-07-28T05:27:04.362+0000: 865.338: [ParNew: 92160K->9416K(92160K), 0.0419780 secs] 10856936K->10779480K(20961280K), 0.0715850 secs] [Times: user=0.31 sys=0.02, real=0.06 secs]
2014-07-28T05:27:04.749+0000: 865.725: [GC2014-07-28T05:27:04.749+0000: 865.725: [ParNew: 91336K->8969K(92160K), 0.0389830 secs] 10861400K->10784499K(20961280K), 0.0391100 secs] [Times: user=0.28 sys=0.01, real=0.04 secs]
2014-07-28T05:27:05.325+0000: 866.302: [GC2014-07-28T05:27:05.326+0000: 866.302: [ParNew: 90889K->10240K(92160K), 0.0406040 secs] 10866419K->10791530K(20961280K), 0.0407270 secs] [Times: user=0.31 sys=0.00, real=0.04 secs]
2014-07-28T05:27:05.638+0000: 866.615: [GC2014-07-28T05:27:05.639+0000: 866.615: [ParNew: 92160K->10240K(92160K), 0.0406530 secs] 10873450K->10797258K(20961280K), 0.0407750 secs] [Times: user=0.32 sys=0.00, real=0.04 secs]
2014-07-28T05:27:05.952+0000: 866.928: [GC2014-07-28T05:27:05.952+0000: 866.928: [ParNew: 92160K->10124K(92160K), 0.0411020 secs] 10879178K->10802744K(20961280K), 0.0412230 secs] [Times: user=0.31 sys=0.01, real=0.04 secs]
2014-07-28T05:27:06.379+0000: 867.355: [GC2014-07-28T05:27:06.379+0000: 867.355: [ParNew: 92044K->9142K(92160K), 0.0397640 secs] 10884664K->10807434K(20961280K), 0.0398880 secs] [Times: user=0.29 sys=0.00, real=0.04 secs]
2014-07-28T05:27:06.812+0000: 867.788: [GC2014-07-28T05:27:06.812+0000: 867.788: [ParNew: 91062K->9120K(92160K), 0.0410020 secs] 10889354K->10812867K(20961280K), 0.0411220 secs] [Times: user=0.31 sys=0.00, real=0.04 secs]
2014-07-28T05:27:07.183+0000: 868.159: [GC2014-07-28T05:27:07.183+0000: 868.159: [ParNew: 91040K->9377K(92160K), 0.0387190 secs] 10894787K->10818796K(20961280K), 0.0388360 secs] [Times: user=0.30 sys=0.01, real=0.03 secs]
2014-07-28T05:27:07.669+0000: 868.645: [GC2014-07-28T05:27:07.669+0000: 868.645: [ParNew: 91297K->8808K(92160K), 0.0411300 secs] 10900716K->10823878K(20961280K), 0.0412530 secs] [Times: user=0.31 sys=0.01, real=0.04 secs]
2014-07-28T05:27:08.036+0000: 869.012: [GC2014-07-28T05:27:08.036+0000: 869.012: [ParNew: 90728K->9314K(92160K), 0.0416840 secs] 10905798K->10830116K(20961280K), 0.0418040 secs] [Times: user=0.31 sys=0.01, real=0.04 secs]
2014-07-28T05:27:08.573+0000: 869.549: [GC2014-07-28T05:27:08.573+0000: 869.549: [ParNew: 91234K->9718K(92160K), 0.0406880 secs] 10912036K->10836109K(20961280K), 0.0408050 secs] [Times: user=0.31 sys=0.00, real=0.04 secs]
2014-07-28T05:27:08.974+0000: 869.950: [GC2014-07-28T05:27:08.974+0000: 869.950: [ParNew: 91638K->9261K(92160K), 0.0393840 secs] 10918029K->10841296K(20961280K), 0.0395060 secs] [Times: user=0.29 sys=0.01, real=0.03 secs]
2014-07-28T05:27:09.478+0000: 870.454: [GC2014-07-28T05:27:09.478+0000: 870.455: [ParNew: 91181K->10240K(92160K), 0.0400400 secs] 10923216K->10848383K(20961280K), 0.0401600 secs] [Times: user=0.30 sys=0.01, real=0.04 secs]
2014-07-28T05:27:09.756+0000: 870.732: [GC2014-07-28T05:27:09.756+0000: 870.732: [ParNew: 92160K->9836K(92160K), 0.0385820 secs] 10930303K->10853589K(20961280K), 0.0387000 secs] [Times: user=0.28 sys=0.02, real=0.04 secs]
2014-07-28T05:27:10.013+0000: 870.989: [GC2014-07-28T05:27:10.013+0000: 870.989: [ParNew: 91756K->10240K(92160K), 0.0399910 secs] 10935509K->10859550K(20961280K), 0.0401140 secs] [Times: user=0.30 sys=0.00, real=0.04 secs]
2014-07-28T05:27:10.306+0000: 871.282: [GC2014-07-28T05:27:10.306+0000: 871.282: [ParNew: 92160K->9944K(92160K), 0.0394730 secs] 10941470K->10864862K(20961280K), 0.0395950 secs] [Times: user=0.30 sys=0.01, real=0.04 secs]
2014-07-28T05:27:10.682+0000: 871.658: [GC2014-07-28T05:27:10.682+0000: 871.658: [ParNew: 91864K->8710K(92160K), 0.0389520 secs] 10946782K->10869298K(20961280K), 0.0390720 secs] [Times: user=0.28 sys=0.03, real=0.03 secs]
2014-07-28T05:27:11.254+0000: 872.230: [GC2014-07-28T05:27:11.254+0000: 872.230: [ParNew: 90630K->9000K(92160K), 0.0391920 secs] 10951218K->10875086K(20961280K), 0.0393140 secs] [Times: user=0.29 sys=0.01, real=0.04 secs]
2014-07-28T05:27:11.561+0000: 872.537: [GC2014-07-28T05:27:11.561+0000: 872.537: [ParNew: 90920K->8344K(92160K), 0.0391850 secs] 10957006K->10880096K(20961280K), 0.0393090 secs] [Times: user=0.30 sys=0.00, real=0.04 secs]
2014-07-28T05:27:11.995+0000: 872.971: [GC2014-07-28T05:27:11.995+0000: 872.971: [ParNew: 90264K->8945K(92160K), 0.0389430 secs] 10962016K->10886251K(20961280K), 0.0390610 secs] [Times: user=0.28 sys=0.01, real=0.04 secs]
2014-07-28T05:27:12.385+0000: 873.361: [GC2014-07-28T05:27:12.385+0000: 873.361: [ParNew: 90851K->8678K(92160K), 0.0383130 secs] 10968158K->10891716K(20961280K), 0.0384300 secs] [Times: user=0.28 sys=0.02, real=0.04 secs]
2014-07-28T05:27:12.753+0000: 873.729: [GC2014-07-28T05:27:12.753+0000: 873.729: [ParNew: 90598K->8681K(92160K), 0.0399360 secs] 10973636K->10897282K(20961280K), 0.0400570 secs] [Times: user=0.30 sys=0.00, real=0.04 secs]
2014-07-28T05:27:13.223+0000: 874.199: [GC2014-07-28T05:27:13.223+0000: 874.199: [ParNew: 90601K->10240K(92160K), 0.0383770 secs] 10979202K->10904407K(20961280K), 0.0384960 secs] [Times: user=0.28 sys=0.01, real=0.03 secs]
2014-07-28T05:27:13.454+0000: 874.430: [GC2014-07-28T05:27:13.454+0000: 874.431: [ParNew: 92160K->10240K(92160K), 0.0457340 secs] 10986327K->10910263K(20961280K), 0.0458420 secs] [Times: user=0.33 sys=0.00, real=0.04 secs]
2014-07-28T05:27:13.964+0000: 874.940: [GC2014-07-28T05:27:13.964+0000: 874.940: [ParNew: 92160K->8338K(92160K), 0.0415600 secs] 10992183K->10913847K(20961280K), 0.0416870 secs] [Times: user=0.31 sys=0.02, real=0.04 secs]
2014-07-28T05:27:14.277+0000: 875.253: [GC2014-07-28T05:27:14.277+0000: 875.253: [ParNew: 90258K->9435K(92160K), 0.0408170 secs] 10995767K->10920569K(20961280K), 0.0409410 secs] [Times: user=0.30 sys=0.00, real=0.04 secs]
2014-07-28T05:27:14.676+0000: 875.652: [GC2014-07-28T05:27:14.676+0000: 875.652: [ParNew: 91340K->10240K(92160K), 0.0396290 secs] 11002474K->10927170K(20961280K), 0.0397530 secs] [Times: user=0.29 sys=0.01, real=0.04 secs]
2014-07-28T05:27:15.174+0000: 876.150: [GC2014-07-28T05:27:15.174+0000: 876.150: [ParNew: 92160K->8665K(92160K), 0.0384790 secs] 11009090K->10931274K(20961280K), 0.0385990 secs] [Times: user=0.29 sys=0.00, real=0.03 secs]
2014-07-28T05:27:15.524+0000: 876.500: [GC2014-07-28T05:27:15.524+0000: 876.500: [ParNew: 90585K->9752K(92160K), 0.0369780 secs] 11013194K->10937759K(20961280K), 0.0370990 secs] [Times: user=0.27 sys=0.01, real=0.03 secs]
2014-07-28T05:27:15.903+0000: 876.879: [GC2014-07-28T05:27:15.903+0000: 876.879: [ParNew: 91672K->10240K(92160K), 0.0404130 secs] 11019679K->10943970K(20961280K), 0.0405290 secs] [Times: user=0.30 sys=0.00, real=0.04 secs]
2014-07-28T05:27:16.113+0000: 877.089: [GC2014-07-28T05:27:16.113+0000: 877.089: [ParNew: 92160K->9953K(92160K), 0.0407090 secs] 11025890K->10949325K(20961280K), 0.0408350 secs] [Times: user=0.31 sys=0.01, real=0.04 secs]
2014-07-28T05:27:16.692+0000: 877.668: [GC2014-07-28T05:27:16.692+0000: 877.668: [ParNew: 91873K->10240K(92160K), 0.0381150 secs] 11031245K->10955316K(20961280K), 0.0382300 secs] [Times: user=0.28 sys=0.01, real=0.04 secs]
2014-07-28T05:27:17.093+0000: 878.070: [GC2014-07-28T05:27:17.094+0000: 878.070: [ParNew: 92160K->10240K(92160K), 0.0407720 secs] 11037236K->10960961K(20961280K), 0.0409050 secs] [Times: user=0.31 sys=0.01, real=0.05 secs]
2014-07-28T05:27:17.339+0000: 878.315: [GC2014-07-28T05:27:17.339+0000: 878.315: [ParNew: 92160K->8446K(92160K), 0.0397750 secs] 11042881K->10964764K(20961280K), 0.0398970 secs] [Times: user=0.30 sys=0.01, real=0.04 secs]
2014-07-28T05:27:17.974+0000: 878.950: [GC2014-07-28T05:27:17.974+0000: 878.950: [ParNew: 90366K->9580K(92160K), 0.0393020 secs] 11046684K->10971523K(20961280K), 0.0394240 secs] [Times: user=0.28 sys=0.01, real=0.04 secs]
2014-07-28T05:27:18.331+0000: 879.307: [GC2014-07-28T05:27:18.331+0000: 879.307: [ParNew: 91500K->8914K(92160K), 0.0401850 secs] 11053443K->10976471K(20961280K), 0.0403120 secs] [Times: user=0.30 sys=0.01, real=0.04 secs]
2014-07-28T05:27:18.770+0000: 879.746: [GC2014-07-28T05:27:18.770+0000: 879.747: [ParNew: 90834K->10240K(92160K), 0.0491410 secs] 11058391K->10983494K(20961280K), 0.0492830 secs] [Times: user=0.33 sys=0.02, real=0.05 secs]
2014-07-28T05:27:19.465+0000: 880.441: [GC2014-07-28T05:27:19.465+0000: 880.441: [ParNew: 92160K->9777K(92160K), 0.0411010 secs] 11065414K->10988607K(20961280K), 0.0412260 secs] [Times: user=0.29 sys=0.01, real=0.04 secs]
2014-07-28T05:27:19.664+0000: 880.640: [GC2014-07-28T05:27:19.664+0000: 880.640: [ParNew: 91697K->10240K(92160K), 0.0404970 secs] 11070527K->10994846K(20961280K), 0.0406140 secs] [Times: user=0.30 sys=0.00, real=0.04 secs]
2014-07-28T05:27:19.953+0000: 880.929: [GC2014-07-28T05:27:19.953+0000: 880.929: [ParNew: 92160K->10240K(92160K), 0.0398810 secs] 11076766K->11000494K(20961280K), 0.0400130 secs] [Times: user=0.29 sys=0.01, real=0.04 secs]
2014-07-28T05:27:20.172+0000: 881.148: [GC2014-07-28T05:27:20.172+0000: 881.148: [ParNew: 92160K->9176K(92160K), 0.0400990 secs] 11082414K->11004983K(20961280K), 0.0402240 secs] [Times: user=0.30 sys=0.01, real=0.04 secs]
2014-07-28T05:27:20.622+0000: 881.598: [GC2014-07-28T05:27:20.622+0000: 881.598: [ParNew: 91096K->7660K(92160K), 0.0404840 secs] 11086903K->11009026K(20961280K), 0.0406010 secs] [Times: user=0.30 sys=0.00, real=0.04 secs]
2014-07-28T05:27:21.094+0000: 882.070: [GC2014-07-28T05:27:21.094+0000: 882.070: [ParNew: 89580K->10240K(92160K), 0.0403200 secs] 11090946K->11017222K(20961280K), 0.0404450 secs] [Times: user=0.29 sys=0.02, real=0.04 secs]
2014-07-28T05:27:21.524+0000: 882.500: [GC2014-07-28T05:27:21.524+0000: 882.500: [ParNew: 92160K->10240K(92160K), 0.0409660 secs] 11099142K->11023003K(20961280K), 0.0410880 secs] [Times: user=0.30 sys=0.01, real=0.04 secs]
2014-07-28T05:27:21.935+0000: 882.911: [GC2014-07-28T05:27:21.935+0000: 882.911: [ParNew: 92160K->10152K(92160K), 0.0400050 secs] 11104923K->11028577K(20961280K), 0.0401310 secs] [Times: user=0.29 sys=0.01, real=0.04 secs]
2014-07-28T05:27:22.195+0000: 883.171: [GC2014-07-28T05:27:22.195+0000: 883.171: [ParNew: 92072K->10032K(92160K), 0.0396320 secs] 11110497K->11034013K(20961280K), 0.0397500 secs] [Times: user=0.28 sys=0.01, real=0.04 secs]
2014-07-28T05:27:22.652+0000: 883.628: [GC2014-07-28T05:27:22.652+0000: 883.628: [ParNew: 91952K->8135K(92160K), 0.0394270 secs] 11115933K->11037685K(20961280K), 0.0395440 secs] [Times: user=0.29 sys=0.00, real=0.04 secs]
2014-07-28T05:27:23.017+0000: 883.993: [GC2014-07-28T05:27:23.017+0000: 883.993: [ParNew: 90055K->9617K(92160K), 0.0388140 secs] 11119605K->11044804K(20961280K), 0.0389330 secs] [Times: user=0.29 sys=0.00, real=0.04 secs]
2014-07-28T05:27:23.405+0000: 884.381: [GC2014-07-28T05:27:23.405+0000: 884.381: [ParNew: 91521K->8821K(92160K), 0.0406610 secs] 11126708K->11049624K(20961280K), 0.0407860 secs] [Times: user=0.30 sys=0.01, real=0.04 secs]
2014-07-28T05:27:23.784+0000: 884.760: [GC2014-07-28T05:27:23.784+0000: 884.760: [ParNew: 90741K->8975K(92160K), 0.0411210 secs] 11131544K->11055462K(20961280K), 0.0412480 secs] [Times: user=0.31 sys=0.00, real=0.04 secs]
2014-07-28T05:27:24.197+0000: 885.173: [GC2014-07-28T05:27:24.197+0000: 885.173: [ParNew: 90895K->9281K(92160K), 0.0395760 secs] 11137382K->11061418K(20961280K), 0.0397000 secs] [Times: user=0.30 sys=0.00, real=0.04 secs]
2014-07-28T05:27:24.424+0000: 885.400: [GC2014-07-28T05:27:24.424+0000: 885.400: [ParNew: 91198K->10066K(92160K), 0.0408520 secs] 11143335K->11067927K(20961280K), 0.0409730 secs] [Times: user=0.29 sys=0.02, real=0.04 secs]
2014-07-28T05:27:24.835+0000: 885.811: [GC2014-07-28T05:27:24.835+0000: 885.811: [ParNew: 91986K->9160K(92160K), 0.0389980 secs] 11149847K->11072700K(20961280K), 0.0391210 secs] [Times: user=0.28 sys=0.02, real=0.04 secs]
2014-07-28T05:27:25.434+0000: 886.410: [GC2014-07-28T05:27:25.434+0000: 886.410: [ParNew: 91080K->9054K(92160K), 0.0381060 secs] 11154620K->11078045K(20961280K), 0.0382240 secs] [Times: user=0.29 sys=0.00, real=0.04 secs]
2014-07-28T05:27:25.724+0000: 886.700: [GC2014-07-28T05:27:25.724+0000: 886.700: [ParNew: 90961K->9002K(92160K), 0.0384380 secs] 11159953K->11083628K(20961280K), 0.0385560 secs] [Times: user=0.28 sys=0.00, real=0.04 secs]
2014-07-28T05:27:26.064+0000: 887.040: [GC2014-07-28T05:27:26.064+0000: 887.040: [ParNew: 90922K->9192K(92160K), 0.0395490 secs] 11165548K->11089394K(20961280K), 0.0396680 secs] [Times: user=0.30 sys=0.00, real=0.04 secs]
2014-07-28T05:27:26.393+0000: 887.369: [GC2014-07-28T05:27:26.393+0000: 887.369: [ParNew: 91112K->8392K(92160K), 0.0390130 secs] 11171314K->11094318K(20961280K), 0.0391320 secs] [Times: user=0.30 sys=0.00, real=0.04 secs]
2014-07-28T05:27:26.851+0000: 887.827: [GC2014-07-28T05:27:26.851+0000: 887.827: [ParNew: 90312K->9467K(92160K), 0.0385260 secs] 11176238K->11100963K(20961280K), 0.0386510 secs] [Times: user=0.26 sys=0.03, real=0.04 secs]
2014-07-28T05:27:27.248+0000: 888.224: [GC2014-07-28T05:27:27.248+0000: 888.224: [ParNew: 91385K->9268K(92160K), 0.0390870 secs] 11182880K->11106408K(20961280K), 0.0392120 secs] [Times: user=0.27 sys=0.02, real=0.04 secs]
2014-07-28T05:27:27.623+0000: 888.599: [GC2014-07-28T05:27:27.623+0000: 888.599: [ParNew: 91188K->9067K(92160K), 0.0384000 secs] 11188328K->11111873K(20961280K), 0.0385160 secs] [Times: user=0.27 sys=0.01, real=0.03 secs]
2014-07-28T05:27:28.113+0000: 889.089: [GC2014-07-28T05:27:28.113+0000: 889.089: [ParNew: 90987K->10240K(92160K), 0.0401940 secs] 11193793K->11118630K(20961280K), 0.0403170 secs] [Times: user=0.31 sys=0.00, real=0.04 secs]
2014-07-28T05:27:28.572+0000: 889.548: [GC2014-07-28T05:27:28.572+0000: 889.548: [ParNew: 92160K->8244K(92160K), 0.0419220 secs] 11200550K->11122327K(20961280K), 0.0420450 secs] [Times: user=0.32 sys=0.01, real=0.04 secs]
2014-07-28T05:27:28.908+0000: 889.884: [GC2014-07-28T05:27:28.908+0000: 889.884: [ParNew: 90164K->10240K(92160K), 0.0420330 secs] 11204247K->11129956K(20961280K), 0.0421560 secs] [Times: user=0.30 sys=0.02, real=0.05 secs]
2014-07-28T05:27:29.605+0000: 890.581: [GC2014-07-28T05:27:29.605+0000: 890.581: [ParNew: 92160K->10240K(92160K), 0.0412960 secs] 11211876K->11136093K(20961280K), 0.0414230 secs] [Times: user=0.31 sys=0.01, real=0.04 secs]
2014-07-28T05:27:29.819+0000: 890.796: [GC2014-07-28T05:27:29.820+0000: 890.796: [ParNew: 92160K->9586K(92160K), 0.0398790 secs] 11218013K->11140594K(20961280K), 0.0399960 secs] [Times: user=0.29 sys=0.01, real=0.04 secs]
2014-07-28T05:27:30.114+0000: 891.090: [GC2014-07-28T05:27:30.114+0000: 891.091: [ParNew: 91506K->9563K(92160K), 0.0412540 secs] 11222514K->11146087K(20961280K), 0.0413730 secs] [Times: user=0.31 sys=0.00, real=0.04 secs]
2014-07-28T05:27:30.403+0000: 891.379: [GC2014-07-28T05:27:30.403+0000: 891.379: [ParNew: 91483K->8856K(92160K), 0.0403920 secs] 11228007K->11151011K(20961280K), 0.0405160 secs] [Times: user=0.31 sys=0.00, real=0.04 secs]
2014-07-28T05:27:30.765+0000: 891.741: [GC2014-07-28T05:27:30.765+0000: 891.741: [ParNew: 90776K->10240K(92160K), 0.0400180 secs] 11232931K->11157999K(20961280K), 0.0401400 secs] [Times: user=0.30 sys=0.00, real=0.04 secs]
2014-07-28T05:27:31.300+0000: 892.276: [GC2014-07-28T05:27:31.300+0000: 892.276: [ParNew: 92160K->9205K(92160K), 0.0378420 secs] 11239919K->11162739K(20961280K), 0.0379720 secs] [Times: user=0.28 sys=0.02, real=0.04 secs]
2014-07-28T05:27:31.663+0000: 892.639: [GC2014-07-28T05:27:31.663+0000: 892.639: [ParNew: 91125K->10240K(92160K), 0.0534030 secs] 11244659K->11169824K(20961280K), 0.0535220 secs] [Times: user=0.32 sys=0.02, real=0.05 secs]
2014-07-28T05:27:32.085+0000: 893.061: [GC2014-07-28T05:27:32.085+0000: 893.061: [ParNew: 92160K->10240K(92160K), 0.0378040 secs] 11251744K->11175423K(20961280K), 0.0379250 secs] [Times: user=0.28 sys=0.00, real=0.04 secs]
2014-07-28T05:27:32.364+0000: 893.340: [GC2014-07-28T05:27:32.364+0000: 893.340: [ParNew: 92160K->8822K(92160K), 0.0392360 secs] 11257343K->11179487K(20961280K), 0.0393620 secs] [Times: user=0.27 sys=0.02, real=0.04 secs]
2014-07-28T05:27:32.780+0000: 893.757: [GC2014-07-28T05:27:32.780+0000: 893.757: [ParNew: 90742K->10240K(92160K), 0.0410430 secs] 11261407K->11186934K(20961280K), 0.0411580 secs] [Times: user=0.31 sys=0.01, real=0.04 secs]
2014-07-28T05:27:33.334+0000: 894.310: [GC2014-07-28T05:27:33.334+0000: 894.311: [ParNew: 92160K->10240K(92160K), 0.0388700 secs] 11268854K->11192544K(20961280K), 0.0389910 secs] [Times: user=0.28 sys=0.02, real=0.04 secs]
2014-07-28T05:27:33.554+0000: 894.530: [GC2014-07-28T05:27:33.554+0000: 894.530: [ParNew: 92160K->10225K(92160K), 0.0503740 secs] 11274464K->11198030K(20961280K), 0.0505060 secs] [Times: user=0.34 sys=0.02, real=0.05 secs]
2014-07-28T05:27:33.940+0000: 894.916: [GC2014-07-28T05:27:33.940+0000: 894.916: [ParNew: 92145K->10240K(92160K), 0.0446450 secs] 11279950K->11203762K(20961280K), 0.0447630 secs] [Times: user=0.32 sys=0.01, real=0.05 secs]
2014-07-28T05:27:34.358+0000: 895.334: [GC2014-07-28T05:27:34.358+0000: 895.334: [ParNew: 92160K->7610K(92160K), 0.0407340 secs] 11285682K->11206687K(20961280K), 0.0408600 secs] [Times: user=0.31 sys=0.01, real=0.04 secs]
2014-07-28T05:27:34.792+0000: 895.769: [GC2014-07-28T05:27:34.793+0000: 895.769: [ParNew: 89530K->10178K(92160K), 0.0424500 secs] 11288607K->11214785K(20961280K), 0.0425710 secs] [Times: user=0.32 sys=0.01, real=0.04 secs]
2014-07-28T05:27:35.000+0000: 895.976: [GC2014-07-28T05:27:35.000+0000: 895.976: [ParNew: 92098K->10022K(92160K), 0.0397680 secs] 11296705K->11220359K(20961280K), 0.0398860 secs] [Times: user=0.31 sys=0.00, real=0.04 secs]
2014-07-28T05:27:35.624+0000: 896.600: [GC2014-07-28T05:27:35.624+0000: 896.600: [ParNew: 91942K->8904K(92160K), 0.0725990 secs] 11302279K->11224883K(20961280K), 0.0727180 secs] [Times: user=0.34 sys=0.01, real=0.07 secs]
2014-07-28T05:27:36.004+0000: 896.980: [GC2014-07-28T05:27:36.004+0000: 896.980: [ParNew: 90821K->8809K(92160K), 0.0397110 secs] 11306799K->11230333K(20961280K), 0.0398350 secs] [Times: user=0.30 sys=0.01, real=0.04 secs]
2014-07-28T05:27:36.214+0000: 897.190: [GC2014-07-28T05:27:36.214+0000: 897.190: [ParNew: 90729K->9362K(92160K), 0.0382450 secs] 11312253K->11236522K(20961280K), 0.0383620 secs] [Times: user=0.29 sys=0.01, real=0.04 secs]
2014-07-28T05:27:36.664+0000: 897.640: [GC2014-07-28T05:27:36.664+0000: 897.640: [ParNew: 91282K->8626K(92160K), 0.0375680 secs] 11318442K->11241594K(20961280K), 0.0377010 secs] [Times: user=0.27 sys=0.01, real=0.04 secs]
2014-07-28T05:27:37.183+0000: 898.159: [GC2014-07-28T05:27:37.183+0000: 898.159: [ParNew: 90546K->7612K(92160K), 0.0377150 secs] 11323514K->11246079K(20961280K), 0.0378360 secs] [Times: user=0.27 sys=0.01, real=0.03 secs]
2014-07-28T05:27:37.435+0000: 898.411: [GC2014-07-28T05:27:37.435+0000: 898.411: [ParNew: 89532K->9360K(92160K), 0.0394230 secs] 11327999K->11253407K(20961280K), 0.0395430 secs] [Times: user=0.30 sys=0.00, real=0.04 secs]
2014-07-28T05:27:37.941+0000: 898.917: [GC2014-07-28T05:27:37.941+0000: 898.917: [ParNew: 91280K->8325K(92160K), 0.0739500 secs] 11335327K->11258183K(20961280K), 0.0740780 secs] [Times: user=0.34 sys=0.01, real=0.08 secs]
2014-07-28T05:27:38.352+0000: 899.329: [GC2014-07-28T05:27:38.353+0000: 899.329: [ParNew: 90238K->8751K(92160K), 0.0398650 secs] 11340096K->11264076K(20961280K), 0.0399970 secs] [Times: user=0.30 sys=0.01, real=0.04 secs]
2014-07-28T05:27:38.813+0000: 899.789: [GC2014-07-28T05:27:38.813+0000: 899.790: [ParNew: 90671K->10240K(92160K), 0.0544680 secs] 11345996K->11271306K(20961280K), 0.0545800 secs] [Times: user=0.31 sys=0.00, real=0.05 secs]
2014-07-28T05:27:39.576+0000: 900.552: [GC2014-07-28T05:27:39.576+0000: 900.552: [ParNew: 92160K->7471K(92160K), 0.0384980 secs] 11353226K->11273953K(20961280K), 0.0386220 secs] [Times: user=0.29 sys=0.01, real=0.04 secs]
2014-07-28T05:27:39.774+0000: 900.750: [GC2014-07-28T05:27:39.774+0000: 900.750: [ParNew: 89391K->9095K(92160K), 0.0398510 secs] 11355873K->11280791K(20961280K), 0.0399720 secs] [Times: user=0.30 sys=0.01, real=0.04 secs]
2014-07-28T05:27:40.047+0000: 901.023: [GC2014-07-28T05:27:40.047+0000: 901.023: [ParNew: 91015K->7676K(92160K), 0.0388710 secs] 11362711K->11285011K(20961280K), 0.0389910 secs] [Times: user=0.29 sys=0.01, real=0.04 secs]
2014-07-28T05:27:40.252+0000: 901.228: [GC2014-07-28T05:27:40.252+0000: 901.229: [ParNew: 89596K->10240K(92160K), 0.0406360 secs] 11366931K->11293222K(20961280K), 0.0407520 secs] [Times: user=0.30 sys=0.02, real=0.04 secs]
2014-07-28T05:27:40.548+0000: 901.524: [GC2014-07-28T05:27:40.548+0000: 901.524: [ParNew: 92160K->10240K(92160K), 0.0383290 secs] 11375142K->11299333K(20961280K), 0.0384510 secs] [Times: user=0.28 sys=0.01, real=0.04 secs]
2014-07-28T05:27:41.102+0000: 902.078: [GC2014-07-28T05:27:41.102+0000: 902.078: [ParNew: 92160K->9787K(92160K), 0.0378470 secs] 11381253K->11304248K(20961280K), 0.0379660 secs] [Times: user=0.28 sys=0.00, real=0.03 secs]
2014-07-28T05:27:41.635+0000: 902.611: [GC2014-07-28T05:27:41.635+0000: 902.611: [ParNew: 91707K->7909K(92160K), 0.0393650 secs] 11386168K->11307720K(20961280K), 0.0394880 secs] [Times: user=0.29 sys=0.01, real=0.04 secs]
2014-07-28T05:27:41.871+0000: 902.847: [GC2014-07-28T05:27:41.871+0000: 902.847: [ParNew: 89829K->8236K(92160K), 0.0399090 secs] 11389640K->11313775K(20961280K), 0.0400280 secs] [Times: user=0.29 sys=0.01, real=0.04 secs]
2014-07-28T05:27:42.215+0000: 903.191: [GC2014-07-28T05:27:42.215+0000: 903.191: [ParNew: 90144K->10240K(92160K), 0.0407470 secs] 11395683K->11321447K(20961280K), 0.0408620 secs] [Times: user=0.31 sys=0.01, real=0.04 secs]
2014-07-28T05:27:42.649+0000: 903.625: [GC2014-07-28T05:27:42.649+0000: 903.625: [ParNew: 92160K->8625K(92160K), 0.0421960 secs] 11403367K->11325612K(20961280K), 0.0423370 secs] [Times: user=0.33 sys=0.00, real=0.05 secs]
2014-07-28T05:27:43.002+0000: 903.978: [GC2014-07-28T05:27:43.002+0000: 903.978: [ParNew: 90545K->8779K(92160K), 0.0389350 secs] 11407532K->11331168K(20961280K), 0.0390560 secs] [Times: user=0.28 sys=0.01, real=0.04 secs]
2014-07-28T05:27:43.467+0000: 904.443: [GC2014-07-28T05:27:43.467+0000: 904.443: [ParNew: 90699K->10240K(92160K), 0.0456660 secs] 11413088K->11338828K(20961280K), 0.0457850 secs] [Times: user=0.33 sys=0.01, real=0.05 secs]
2014-07-28T05:27:43.720+0000: 904.696: [GC2014-07-28T05:27:43.720+0000: 904.696: [ParNew: 92160K->9455K(92160K), 0.0394930 secs] 11420748K->11343223K(20961280K), 0.0396140 secs] [Times: user=0.29 sys=0.02, real=0.04 secs]
2014-07-28T05:27:44.219+0000: 905.195: [GC2014-07-28T05:27:44.219+0000: 905.195: [ParNew: 91375K->8958K(92160K), 0.0491920 secs] 11425143K->11348297K(20961280K), 0.0493130 secs] [Times: user=0.31 sys=0.03, real=0.05 secs]
2014-07-28T05:27:44.533+0000: 905.509: [GC2014-07-28T05:27:44.533+0000: 905.510: [ParNew: 90878K->10240K(92160K), 0.0416670 secs] 11430217K->11355127K(20961280K), 0.0417790 secs] [Times: user=0.30 sys=0.01, real=0.04 secs]
2014-07-28T05:27:44.919+0000: 905.895: [GC2014-07-28T05:27:44.919+0000: 905.895: [ParNew: 92160K->10240K(92160K), 0.0413940 secs] 11437047K->11360832K(20961280K), 0.0415170 secs] [Times: user=0.30 sys=0.02, real=0.04 secs]
2014-07-28T05:27:45.403+0000: 906.379: [GC2014-07-28T05:27:45.403+0000: 906.379: [ParNew: 92160K->10240K(92160K), 0.0425960 secs] 11442752K->11367585K(20961280K), 0.0427190 secs] [Times: user=0.31 sys=0.01, real=0.04 secs]
2014-07-28T05:27:45.766+0000: 906.742: [GC2014-07-28T05:27:45.766+0000: 906.742: [ParNew: 92160K->10240K(92160K), 0.0390370 secs] 11449505K->11372373K(20961280K), 0.0391560 secs] [Times: user=0.29 sys=0.02, real=0.04 secs]
2014-07-28T05:27:46.147+0000: 907.123: [GC2014-07-28T05:27:46.147+0000: 907.123: [ParNew: 92160K->10240K(92160K), 0.0416270 secs] 11454293K->11378319K(20961280K), 0.0417400 secs] [Times: user=0.28 sys=0.04, real=0.04 secs]
2014-07-28T05:27:46.424+0000: 907.400: [GC2014-07-28T05:27:46.424+0000: 907.400: [ParNew: 92160K->10240K(92160K), 0.0385050 secs] 11460239K->11383680K(20961280K), 0.0386210 secs] [Times: user=0.28 sys=0.01, real=0.04 secs]
2014-07-28T05:27:46.943+0000: 907.919: [GC2014-07-28T05:27:46.943+0000: 907.919: [ParNew: 92160K->9066K(92160K), 0.0401960 secs] 11465600K->11388204K(20961280K), 0.0403340 secs] [Times: user=0.28 sys=0.01, real=0.04 secs]
2014-07-28T05:27:47.346+0000: 908.322: [GC2014-07-28T05:27:47.346+0000: 908.322: [ParNew: 90986K->9233K(92160K), 0.0385350 secs] 11470124K->11393845K(20961280K), 0.0386550 secs] [Times: user=0.28 sys=0.01, real=0.04 secs]
2014-07-28T05:27:47.637+0000: 908.613: [GC2014-07-28T05:27:47.637+0000: 908.613: [ParNew: 91153K->9767K(92160K), 0.0385850 secs] 11475765K->11400053K(20961280K), 0.0387150 secs] [Times: user=0.28 sys=0.02, real=0.04 secs]
2014-07-28T05:27:48.213+0000: 909.189: [GC2014-07-28T05:27:48.213+0000: 909.189: [ParNew: 91687K->8599K(92160K), 0.0402110 secs] 11481973K->11404529K(20961280K), 0.0403320 secs] [Times: user=0.29 sys=0.02, real=0.04 secs]
2014-07-28T05:27:48.555+0000: 909.531: [GC2014-07-28T05:27:48.555+0000: 909.531: [ParNew: 90519K->9753K(92160K), 0.0419100 secs] 11486449K->11411235K(20961280K), 0.0420260 secs] [Times: user=0.31 sys=0.00, real=0.04 secs]
2014-07-28T05:27:49.021+0000: 909.997: [GC2014-07-28T05:27:49.021+0000: 909.997: [ParNew: 91673K->9457K(92160K), 0.0369840 secs] 11493155K->11416662K(20961280K), 0.0371070 secs] [Times: user=0.27 sys=0.02, real=0.04 secs]
2014-07-28T05:27:49.727+0000: 910.703: [GC2014-07-28T05:27:49.727+0000: 910.703: [ParNew: 91377K->9423K(92160K), 0.0380420 secs] 11498582K->11421888K(20961280K), 0.0381620 secs] [Times: user=0.28 sys=0.01, real=0.04 secs]
2014-07-28T05:27:49.916+0000: 910.892: [GC2014-07-28T05:27:49.916+0000: 910.892: [ParNew: 91343K->10240K(92160K), 0.0412010 secs] 11503808K->11428179K(20961280K), 0.0413170 secs] [Times: user=0.32 sys=0.00, real=0.04 secs]
2014-07-28T05:27:50.179+0000: 911.155: [GC2014-07-28T05:27:50.179+0000: 911.155: [ParNew: 92160K->10240K(92160K), 0.0430420 secs] 11510099K->11433971K(20961280K), 0.0432090 secs] [Times: user=0.34 sys=0.00, real=0.05 secs]
2014-07-28T05:27:50.400+0000: 911.376: [GC2014-07-28T05:27:50.400+0000: 911.376: [ParNew: 92160K->10240K(92160K), 0.0420280 secs] 11515891K->11439597K(20961280K), 0.0421510 secs] [Times: user=0.31 sys=0.01, real=0.05 secs]
2014-07-28T05:27:50.876+0000: 911.852: [GC2014-07-28T05:27:50.876+0000: 911.852: [ParNew: 92160K->9838K(92160K), 0.0399310 secs] 11521517K->11444811K(20961280K), 0.0400510 secs] [Times: user=0.28 sys=0.02, real=0.04 secs]
2014-07-28T05:27:51.327+0000: 912.304: [GC2014-07-28T05:27:51.328+0000: 912.304: [ParNew: 91758K->10240K(92160K), 0.0500960 secs] 11526731K->11450846K(20961280K), 0.0502320 secs] [Times: user=0.32 sys=0.00, real=0.05 secs]
2014-07-28T05:27:51.796+0000: 912.772: [GC2014-07-28T05:27:51.796+0000: 912.772: [ParNew: 92160K->10240K(92160K), 0.0403720 secs] 11532766K->11457196K(20961280K), 0.0404890 secs] [Times: user=0.29 sys=0.01, real=0.04 secs]
2014-07-28T05:27:52.183+0000: 913.159: [GC2014-07-28T05:27:52.183+0000: 913.159: [ParNew: 92146K->9287K(92160K), 0.0392150 secs] 11539102K->11461515K(20961280K), 0.0393340 secs] [Times: user=0.30 sys=0.00, real=0.04 secs]
2014-07-28T05:27:52.464+0000: 913.441: [GC2014-07-28T05:27:52.465+0000: 913.441: [ParNew: 91198K->8044K(92160K), 0.0388750 secs] 11543426K->11465799K(20961280K), 0.0389980 secs] [Times: user=0.31 sys=0.00, real=0.04 secs]
2014-07-28T05:27:52.899+0000: 913.875: [GC2014-07-28T05:27:52.899+0000: 913.875: [ParNew: 89964K->10240K(92160K), 0.0395240 secs] 11547719K->11473678K(20961280K), 0.0396410 secs] [Times: user=0.28 sys=0.02, real=0.04 secs]
2014-07-28T05:27:53.274+0000: 914.250: [GC2014-07-28T05:27:53.274+0000: 914.250: [ParNew: 92160K->9813K(92160K), 0.0402870 secs] 11555598K->11478963K(20961280K), 0.0404120 secs] [Times: user=0.28 sys=0.03, real=0.04 secs]
2014-07-28T05:27:53.662+0000: 914.638: [GC2014-07-28T05:27:53.662+0000: 914.638: [ParNew: 91733K->9588K(92160K), 0.0398970 secs] 11560883K->11484245K(20961280K), 0.0400220 secs] [Times: user=0.29 sys=0.01, real=0.04 secs]
2014-07-28T05:27:54.033+0000: 915.009: [GC2014-07-28T05:27:54.033+0000: 915.009: [ParNew: 91508K->9873K(92160K), 0.0391820 secs] 11566165K->11490049K(20961280K), 0.0393020 secs] [Times: user=0.30 sys=0.00, real=0.04 secs]
2014-07-28T05:27:54.411+0000: 915.387: [GC2014-07-28T05:27:54.411+0000: 915.387: [ParNew: 91793K->10240K(92160K), 0.0403550 secs] 11571969K->11496358K(20961280K), 0.0404770 secs] [Times: user=0.30 sys=0.01, real=0.04 secs]
2014-07-28T05:27:54.709+0000: 915.685: [GC2014-07-28T05:27:54.709+0000: 915.685: [ParNew: 92160K->8806K(92160K), 0.0376480 secs] 11578278K->11500595K(20961280K), 0.0377650 secs] [Times: user=0.28 sys=0.02, real=0.04 secs]
2014-07-28T05:27:55.079+0000: 916.056: [GC2014-07-28T05:27:55.080+0000: 916.056: [ParNew: 90726K->10240K(92160K), 0.0390400 secs] 11582515K->11507518K(20961280K), 0.0391590 secs] [Times: user=0.29 sys=0.01, real=0.04 secs]
2014-07-28T05:27:55.658+0000: 916.634: [GC2014-07-28T05:27:55.658+0000: 916.634: [ParNew: 92160K->9993K(92160K), 0.0406470 secs] 11589438K->11512934K(20961280K), 0.0407640 secs] [Times: user=0.28 sys=0.03, real=0.04 secs]
2014-07-28T05:27:55.956+0000: 916.932: [GC2014-07-28T05:27:55.956+0000: 916.932: [ParNew: 91913K->10143K(92160K), 0.0422240 secs] 11594854K->11518759K(20961280K), 0.0423470 secs] [Times: user=0.30 sys=0.03, real=0.05 secs]
2014-07-28T05:27:56.315+0000: 917.291: [GC2014-07-28T05:27:56.315+0000: 917.291: [ParNew: 92063K->10072K(92160K), 0.0413890 secs] 11600679K->11524357K(20961280K), 0.0415070 secs] [Times: user=0.31 sys=0.00, real=0.04 secs]
2014-07-28T05:27:56.703+0000: 917.679: [GC2014-07-28T05:27:56.703+0000: 917.679: [ParNew: 91992K->9642K(92160K), 0.0391030 secs] 11606277K->11529476K(20961280K), 0.0392230 secs] [Times: user=0.29 sys=0.01, real=0.04 secs]
2014-07-28T05:27:57.124+0000: 918.100: [GC2014-07-28T05:27:57.124+0000: 918.100: [ParNew: 91562K->9746K(92160K), 0.0404870 secs] 11611396K->11535185K(20961280K), 0.0406260 secs] [Times: user=0.29 sys=0.01, real=0.04 secs]
2014-07-28T05:27:57.519+0000: 918.496: [GC2014-07-28T05:27:57.520+0000: 918.496: [ParNew: 91666K->9158K(92160K), 0.0388560 secs] 11617105K->11540286K(20961280K), 0.0389870 secs] [Times: user=0.29 sys=0.01, real=0.04 secs]
2014-07-28T05:27:57.984+0000: 918.960: [GC2014-07-28T05:27:57.984+0000: 918.960: [ParNew: 91078K->10240K(92160K), 0.0384110 secs] 11622206K->11546873K(20961280K), 0.0385320 secs] [Times: user=0.29 sys=0.01, real=0.04 secs]
2014-07-28T05:27:58.359+0000: 919.335: [GC2014-07-28T05:27:58.359+0000: 919.335: [ParNew: 92160K->9494K(92160K), 0.0415230 secs] 11628793K->11551890K(20961280K), 0.0416420 secs] [Times: user=0.30 sys=0.02, real=0.04 secs]
2014-07-28T05:27:58.900+0000: 919.876: [GC2014-07-28T05:27:58.900+0000: 919.876: [ParNew: 91414K->9049K(92160K), 0.0405080 secs] 11633810K->11557073K(20961280K), 0.0406250 secs] [Times: user=0.29 sys=0.01, real=0.04 secs]
2014-07-28T05:27:59.344+0000: 920.320: [GC2014-07-28T05:27:59.344+0000: 920.320: [ParNew: 90969K->9431K(92160K), 0.0420900 secs] 11638993K->11562963K(20961280K), 0.0422100 secs] [Times: user=0.31 sys=0.01, real=0.04 secs]
2014-07-28T05:27:59.851+0000: 920.827: [GC2014-07-28T05:27:59.851+0000: 920.827: [ParNew: 91351K->10240K(92160K), 0.0426060 secs] 11644883K->11569459K(20961280K), 0.0427300 secs] [Times: user=0.32 sys=0.01, real=0.04 secs]
2014-07-28T05:28:00.070+0000: 921.046: [GC2014-07-28T05:28:00.070+0000: 921.046: [ParNew: 92160K->10240K(92160K), 0.0411720 secs] 11651379K->11575224K(20961280K), 0.0412950 secs] [Times: user=0.32 sys=0.01, real=0.04 secs]
2014-07-28T05:28:00.367+0000: 921.343: [GC2014-07-28T05:28:00.367+0000: 921.343: [ParNew: 92160K->8425K(92160K), 0.0399420 secs] 11657144K->11579005K(20961280K), 0.0401050 secs] [Times: user=0.29 sys=0.01, real=0.04 secs]
2014-07-28T05:28:00.655+0000: 921.631: [GC2014-07-28T05:28:00.655+0000: 921.631: [ParNew: 90345K->10240K(92160K), 0.0389430 secs] 11660925K->11586476K(20961280K), 0.0390610 secs] [Times: user=0.29 sys=0.01, real=0.04 secs]
2014-07-28T05:28:01.058+0000: 922.034: [GC2014-07-28T05:28:01.058+0000: 922.034: [ParNew: 92160K->9076K(92160K), 0.0395690 secs] 11668396K->11590934K(20961280K), 0.0396890 secs] [Times: user=0.29 sys=0.01, real=0.03 secs]
2014-07-28T05:28:01.568+0000: 922.544: [GC2014-07-28T05:28:01.568+0000: 922.544: [ParNew: 90996K->10240K(92160K), 0.0413600 secs] 11672854K->11597723K(20961280K), 0.0414830 secs] [Times: user=0.30 sys=0.01, real=0.04 secs]
2014-07-28T05:28:01.929+0000: 922.905: [GC2014-07-28T05:28:01.929+0000: 922.905: [ParNew: 92160K->10240K(92160K), 0.0469790 secs] 11679643K->11603377K(20961280K), 0.0471040 secs] [Times: user=0.32 sys=0.01, real=0.05 secs]
2014-07-28T05:28:02.329+0000: 923.306: [GC2014-07-28T05:28:02.330+0000: 923.306: [ParNew: 92160K->10240K(92160K), 0.0388220 secs] 11685297K->11609081K(20961280K), 0.0389430 secs] [Times: user=0.29 sys=0.01, real=0.04 secs]
2014-07-28T05:28:02.694+0000: 923.670: [GC2014-07-28T05:28:02.694+0000: 923.670: [ParNew: 92160K->9956K(92160K), 0.0385190 secs] 11691001K->11614402K(20961280K), 0.0386360 secs] [Times: user=0.27 sys=0.02, real=0.04 secs]
2014-07-28T05:28:03.093+0000: 924.069: [GC2014-07-28T05:28:03.093+0000: 924.069: [ParNew: 91876K->9061K(92160K), 0.0378560 secs] 11696322K->11619011K(20961280K), 0.0379750 secs] [Times: user=0.28 sys=0.01, real=0.04 secs]
2014-07-28T05:28:03.585+0000: 924.561: [GC2014-07-28T05:28:03.585+0000: 924.561: [ParNew: 90981K->9891K(92160K), 0.0384160 secs] 11700931K->11625409K(20961280K), 0.0385370 secs] [Times: user=0.28 sys=0.02, real=0.04 secs]
2014-07-28T05:28:03.818+0000: 924.794: [GC2014-07-28T05:28:03.818+0000: 924.794: [ParNew: 91811K->9804K(92160K), 0.0376120 secs] 11707329K->11631064K(20961280K), 0.0377460 secs] [Times: user=0.28 sys=0.00, real=0.04 secs]
2014-07-28T05:28:04.275+0000: 925.251: [GC2014-07-28T05:28:04.275+0000: 925.251: [ParNew: 91724K->10240K(92160K), 0.0373510 secs] 11712984K->11637073K(20961280K), 0.0374710 secs] [Times: user=0.26 sys=0.02, real=0.04 secs]
2014-07-28T05:28:04.591+0000: 925.567: [GC2014-07-28T05:28:04.591+0000: 925.567: [ParNew: 92160K->10240K(92160K), 0.0599200 secs] 11718993K->11642854K(20961280K), 0.0600470 secs] [Times: user=0.33 sys=0.02, real=0.06 secs]
2014-07-28T05:28:05.033+0000: 926.009: [GC2014-07-28T05:28:05.033+0000: 926.009: [ParNew: 92160K->9766K(92160K), 0.0383830 secs] 11724774K->11647954K(20961280K), 0.0385090 secs] [Times: user=0.29 sys=0.00, real=0.04 secs]
2014-07-28T05:28:05.504+0000: 926.480: [GC2014-07-28T05:28:05.504+0000: 926.480: [ParNew: 91686K->9302K(92160K), 0.0408400 secs] 11729874K->11653119K(20961280K), 0.0409600 secs] [Times: user=0.31 sys=0.00, real=0.04 secs]
2014-07-28T05:28:05.876+0000: 926.852: [GC2014-07-28T05:28:05.876+0000: 926.852: [ParNew: 91222K->9369K(92160K), 0.0379980 secs] 11735039K->11658796K(20961280K), 0.0381200 secs] [Times: user=0.28 sys=0.01, real=0.04 secs]
2014-07-28T05:28:06.255+0000: 927.231: [GC2014-07-28T05:28:06.255+0000: 927.231: [ParNew: 91285K->9282K(92160K), 0.0382700 secs] 11740711K->11664454K(20961280K), 0.0383980 secs] [Times: user=0.29 sys=0.00, real=0.04 secs]
2014-07-28T05:28:06.513+0000: 927.489: [GC2014-07-28T05:28:06.513+0000: 927.489: [ParNew: 91202K->8486K(92160K), 0.0476030 secs] 11746374K->11669200K(20961280K), 0.0477180 secs] [Times: user=0.29 sys=0.01, real=0.05 secs]
2014-07-28T05:28:07.002+0000: 927.978: [GC2014-07-28T05:28:07.002+0000: 927.978: [ParNew: 90406K->10194K(92160K), 0.0398420 secs] 11751120K->11676428K(20961280K), 0.0399840 secs] [Times: user=0.28 sys=0.02, real=0.04 secs]
2014-07-28T05:28:07.424+0000: 928.400: [GC2014-07-28T05:28:07.424+0000: 928.401: [ParNew: 92114K->10240K(92160K), 0.0513960 secs] 11758348K->11682186K(20961280K), 0.0515290 secs] [Times: user=0.32 sys=0.01, real=0.05 secs]
2014-07-28T05:28:07.686+0000: 928.663: [GC2014-07-28T05:28:07.687+0000: 928.663: [ParNew: 92160K->9588K(92160K), 0.0399540 secs] 11764106K->11687197K(20961280K), 0.0401000 secs] [Times: user=0.29 sys=0.02, real=0.04 secs]
2014-07-28T05:28:08.264+0000: 929.240: [GC2014-07-28T05:28:08.264+0000: 929.240: [ParNew: 91508K->9856K(92160K), 0.0403250 secs] 11769117K->11693066K(20961280K), 0.0404460 secs] [Times: user=0.29 sys=0.01, real=0.04 secs]
2014-07-28T05:28:08.652+0000: 929.628: [GC2014-07-28T05:28:08.652+0000: 929.628: [ParNew: 91776K->9088K(92160K), 0.0384900 secs] 11774986K->11698014K(20961280K), 0.0386030 secs] [Times: user=0.27 sys=0.03, real=0.04 secs]
2014-07-28T05:28:09.077+0000: 930.053: [GC2014-07-28T05:28:09.077+0000: 930.053: [ParNew: 91008K->10240K(92160K), 0.0400580 secs] 11779934K->11704653K(20961280K), 0.0401810 secs] [Times: user=0.31 sys=0.00, real=0.04 secs]
2014-07-28T05:28:09.823+0000: 930.799: [GC2014-07-28T05:28:09.823+0000: 930.799: [ParNew: 92160K->9442K(92160K), 0.0384020 secs] 11786573K->11709156K(20961280K), 0.0385290 secs] [Times: user=0.30 sys=0.00, real=0.04 secs]
2014-07-28T05:28:10.023+0000: 930.999: [GC2014-07-28T05:28:10.023+0000: 930.999: [ParNew: 91362K->8112K(92160K), 0.0389210 secs] 11791076K->11713029K(20961280K), 0.0390470 secs] [Times: user=0.28 sys=0.02, real=0.04 secs]
2014-07-28T05:28:10.295+0000: 931.271: [GC2014-07-28T05:28:10.295+0000: 931.271: [ParNew: 90032K->9963K(92160K), 0.0404030 secs] 11794949K->11720519K(20961280K), 0.0405240 secs] [Times: user=0.31 sys=0.00, real=0.04 secs]
2014-07-28T05:28:10.510+0000: 931.486: [GC2014-07-28T05:28:10.510+0000: 931.486: [ParNew: 91883K->10240K(92160K), 0.0386970 secs] 11802439K->11726511K(20961280K), 0.0388160 secs] [Times: user=0.29 sys=0.00, real=0.04 secs]
2014-07-28T05:28:10.918+0000: 931.894: [GC2014-07-28T05:28:10.918+0000: 931.894: [ParNew: 92160K->8940K(92160K), 0.0384160 secs] 11808431K->11730951K(20961280K), 0.0385300 secs] [Times: user=0.27 sys=0.02, real=0.03 secs]
2014-07-28T05:28:11.443+0000: 932.419: [GC2014-07-28T05:28:11.443+0000: 932.419: [ParNew: 90860K->8289K(92160K), 0.0397110 secs] 11812871K->11735830K(20961280K), 0.0398310 secs] [Times: user=0.29 sys=0.01, real=0.04 secs]
2014-07-28T05:28:11.906+0000: 932.882: [GC2014-07-28T05:28:11.906+0000: 932.882: [ParNew: 90209K->9813K(92160K), 0.0421380 secs] 11817750K->11742850K(20961280K), 0.0422620 secs] [Times: user=0.30 sys=0.02, real=0.04 secs]
2014-07-28T05:28:12.240+0000: 933.216: [GC2014-07-28T05:28:12.240+0000: 933.216: [ParNew: 91732K->9274K(92160K), 0.0392950 secs] 11824769K->11747999K(20961280K), 0.0394150 secs] [Times: user=0.29 sys=0.01, real=0.04 secs]
2014-07-28T05:28:12.508+0000: 933.484: [GC2014-07-28T05:28:12.508+0000: 933.484: [ParNew: 91194K->10240K(92160K), 0.0452650 secs] 11829919K->11754622K(20961280K), 0.0453770 secs] [Times: user=0.32 sys=0.02, real=0.05 secs]
2014-07-28T05:28:12.986+0000: 933.962: [GC2014-07-28T05:28:12.986+0000: 933.962: [ParNew: 92160K->8130K(92160K), 0.0542980 secs] 11836542K->11758108K(20961280K), 0.0544040 secs] [Times: user=0.39 sys=0.01, real=0.06 secs]
2014-07-28T05:28:13.325+0000: 934.301: [GC2014-07-28T05:28:13.325+0000: 934.301: [ParNew: 90050K->8744K(92160K), 0.0492340 secs] 11840028K->11764284K(20961280K), 0.0493370 secs] [Times: user=0.36 sys=0.01, real=0.05 secs]
2014-07-28T05:28:13.703+0000: 934.679: [GC2014-07-28T05:28:13.703+0000: 934.679: [ParNew: 90664K->9809K(92160K), 0.0853470 secs] 11846204K->11779191K(20961280K), 0.0854560 secs] [Times: user=0.59 sys=0.02, real=0.08 secs]
2014-07-28T05:28:14.053+0000: 935.029: [GC2014-07-28T05:28:14.053+0000: 935.029: [ParNew: 91714K->8575K(92160K), 0.0412250 secs] 11861096K->11783207K(20961280K), 0.0413450 secs] [Times: user=0.29 sys=0.00, real=0.04 secs]
2014-07-28T05:28:14.515+0000: 935.491: [GC2014-07-28T05:28:14.515+0000: 935.491: [ParNew: 90495K->8566K(92160K), 0.0408480 secs] 11865127K->11788618K(20961280K), 0.0409640 secs] [Times: user=0.30 sys=0.01, real=0.04 secs]
2014-07-28T05:28:14.745+0000: 935.721: [GC2014-07-28T05:28:14.745+0000: 935.721: [ParNew: 90486K->10240K(92160K), 0.0415250 secs] 11870538K->11796218K(20961280K), 0.0416430 secs] [Times: user=0.32 sys=0.00, real=0.04 secs]
2014-07-28T05:28:15.144+0000: 936.120: [GC2014-07-28T05:28:15.144+0000: 936.121: [ParNew: 92160K->10240K(92160K), 0.0406710 secs] 11878138K->11801914K(20961280K), 0.0407940 secs] [Times: user=0.31 sys=0.00, real=0.04 secs]
2014-07-28T05:28:15.693+0000: 936.669: [GC2014-07-28T05:28:15.693+0000: 936.669: [ParNew: 92160K->8613K(92160K), 0.0388030 secs] 11883834K->11805770K(20961280K), 0.0389270 secs] [Times: user=0.29 sys=0.00, real=0.04 secs]
2014-07-28T05:28:16.012+0000: 936.988: [GC2014-07-28T05:28:16.012+0000: 936.989: [ParNew: 90533K->10240K(92160K), 0.0402710 secs] 11887690K->11812758K(20961280K), 0.0404070 secs] [Times: user=0.31 sys=0.00, real=0.04 secs]
2014-07-28T05:28:16.368+0000: 937.344: [GC2014-07-28T05:28:16.368+0000: 937.344: [ParNew: 92160K->10240K(92160K), 0.0395390 secs] 11894678K->11818643K(20961280K), 0.0396870 secs] [Times: user=0.29 sys=0.01, real=0.04 secs]
2014-07-28T05:28:16.647+0000: 937.623: [GC2014-07-28T05:28:16.647+0000: 937.624: [ParNew: 92160K->10240K(92160K), 0.0448220 secs] 11900563K->11824334K(20961280K), 0.0449360 secs] [Times: user=0.32 sys=0.00, real=0.05 secs]
2014-07-28T05:28:17.144+0000: 938.120: [GC2014-07-28T05:28:17.144+0000: 938.120: [ParNew: 92160K->10240K(92160K), 0.0504560 secs] 11906254K->11829785K(20961280K), 0.0505620 secs] [Times: user=0.35 sys=0.01, real=0.05 secs]
2014-07-28T05:28:17.552+0000: 938.528: [GC2014-07-28T05:28:17.552+0000: 938.528: [ParNew: 92160K->10240K(92160K), 0.0610930 secs] 11911705K->11835631K(20961280K), 0.0612130 secs] [Times: user=0.36 sys=0.00, real=0.06 secs]
2014-07-28T05:28:17.857+0000: 938.833: [GC2014-07-28T05:28:17.857+0000: 938.833: [ParNew: 92160K->10019K(92160K), 0.0550330 secs] 11917551K->11840944K(20961280K), 0.0551390 secs] [Times: user=0.37 sys=0.01, real=0.06 secs]
2014-07-28T05:28:18.412+0000: 939.388: [GC2014-07-28T05:28:18.412+0000: 939.388: [ParNew: 91939K->10240K(92160K), 0.0535680 secs] 11922864K->11846761K(20961280K), 0.0536830 secs] [Times: user=0.37 sys=0.00, real=0.05 secs]
2014-07-28T05:28:18.782+0000: 939.758: [GC2014-07-28T05:28:18.782+0000: 939.758: [ParNew: 92160K->9699K(92160K), 0.0399360 secs] 11928681K->11851928K(20961280K), 0.0400700 secs] [Times: user=0.30 sys=0.01, real=0.04 secs]
2014-07-28T05:28:19.214+0000: 940.190: [GC2014-07-28T05:28:19.214+0000: 940.190: [ParNew: 91603K->10059K(92160K), 0.0386640 secs] 11933832K->11857842K(20961280K), 0.0388440 secs] [Times: user=0.29 sys=0.01, real=0.04 secs]
2014-07-28T05:28:19.953+0000: 940.929: [GC2014-07-28T05:28:19.953+0000: 940.929: [ParNew: 91979K->10109K(92160K), 0.0765640 secs] 11939762K->11863573K(20961280K), 0.0767210 secs] [Times: user=0.35 sys=0.00, real=0.08 secs]
2014-07-28T05:28:20.147+0000: 941.123: [GC2014-07-28T05:28:20.147+0000: 941.123: [ParNew: 92029K->10240K(92160K), 0.0699060 secs] 11945493K->11869238K(20961280K), 0.0700190 secs] [Times: user=0.37 sys=0.02, real=0.07 secs]
2014-07-28T05:28:20.411+0000: 941.387: [GC2014-07-28T05:28:20.411+0000: 941.387: [ParNew: 92160K->10240K(92160K), 0.0422530 secs] 11951158K->11875793K(20961280K), 0.0423720 secs] [Times: user=0.31 sys=0.01, real=0.04 secs]
2014-07-28T05:28:20.648+0000: 941.624: [GC2014-07-28T05:28:20.648+0000: 941.624: [ParNew: 92160K->10240K(92160K), 0.0395600 secs] 11957713K->11880880K(20961280K), 0.0396790 secs] [Times: user=0.28 sys=0.02, real=0.04 secs]
2014-07-28T05:28:21.080+0000: 942.056: [GC2014-07-28T05:28:21.080+0000: 942.056: [ParNew: 92160K->10240K(92160K), 0.0418640 secs] 11962800K->11886388K(20961280K), 0.0419910 secs] [Times: user=0.31 sys=0.01, real=0.04 secs]
2014-07-28T05:28:21.581+0000: 942.557: [GC2014-07-28T05:28:21.581+0000: 942.557: [ParNew: 92160K->10240K(92160K), 0.0395980 secs] 11968308K->11892185K(20961280K), 0.0397470 secs] [Times: user=0.30 sys=0.01, real=0.04 secs]
2014-07-28T05:28:22.039+0000: 943.015: [GC2014-07-28T05:28:22.039+0000: 943.015: [ParNew: 92160K->10240K(92160K), 0.0388970 secs] 11974105K->11897637K(20961280K), 0.0390190 secs] [Times: user=0.28 sys=0.01, real=0.04 secs]
2014-07-28T05:28:22.384+0000: 943.360: [GC2014-07-28T05:28:22.384+0000: 943.360: [ParNew: 92160K->10231K(92160K), 0.0392790 secs] 11979557K->11903245K(20961280K), 0.0393990 secs] [Times: user=0.29 sys=0.01, real=0.04 secs]
2014-07-28T05:28:22.664+0000: 943.640: [GC2014-07-28T05:28:22.664+0000: 943.640: [ParNew: 92141K->9695K(92160K), 0.0400700 secs] 11985155K->11908405K(20961280K), 0.0401880 secs] [Times: user=0.32 sys=0.00, real=0.04 secs]
2014-07-28T05:28:23.123+0000: 944.099: [GC2014-07-28T05:28:23.123+0000: 944.099: [ParNew: 91615K->10240K(92160K), 0.0398480 secs] 11990325K->11914594K(20961280K), 0.0399680 secs] [Times: user=0.30 sys=0.00, real=0.04 secs]
2014-07-28T05:28:23.599+0000: 944.575: [GC2014-07-28T05:28:23.599+0000: 944.575: [ParNew: 92160K->9811K(92160K), 0.0378720 secs] 11996514K->11919744K(20961280K), 0.0379920 secs] [Times: user=0.28 sys=0.01, real=0.03 secs]
2014-07-28T05:28:23.873+0000: 944.849: [GC2014-07-28T05:28:23.873+0000: 944.849: [ParNew: 91731K->10240K(92160K), 0.0394860 secs] 12001664K->11925826K(20961280K), 0.0396030 secs] [Times: user=0.30 sys=0.01, real=0.04 secs]
2014-07-28T05:28:24.223+0000: 945.200: [GC2014-07-28T05:28:24.224+0000: 945.200: [ParNew: 92160K->10240K(92160K), 0.0401640 secs] 12007746K->11931582K(20961280K), 0.0402900 secs] [Times: user=0.30 sys=0.01, real=0.04 secs]
2014-07-28T05:28:24.642+0000: 945.618: [GC2014-07-28T05:28:24.642+0000: 945.618: [ParNew: 92160K->10240K(92160K), 0.0414020 secs] 12013502K->11937557K(20961280K), 0.0415160 secs] [Times: user=0.30 sys=0.02, real=0.04 secs]
2014-07-28T05:28:25.063+0000: 946.039: [GC2014-07-28T05:28:25.063+0000: 946.039: [ParNew: 92160K->9618K(92160K), 0.0395400 secs] 12019477K->11942211K(20961280K), 0.0396590 secs] [Times: user=0.30 sys=0.00, real=0.04 secs]
2014-07-28T05:28:25.283+0000: 946.259: [GC2014-07-28T05:28:25.283+0000: 946.259: [ParNew: 91538K->10240K(92160K), 0.0397610 secs] 12024131K->11948399K(20961280K), 0.0398730 secs] [Times: user=0.29 sys=0.01, real=0.04 secs]
2014-07-28T05:28:25.880+0000: 946.856: [GC2014-07-28T05:28:25.880+0000: 946.856: [ParNew: 92160K->10240K(92160K), 0.0435700 secs] 12030319K->11954110K(20961280K), 0.0436840 secs] [Times: user=0.32 sys=0.01, real=0.04 secs]
2014-07-28T05:28:26.187+0000: 947.163: [GC2014-07-28T05:28:26.187+0000: 947.163: [ParNew: 92160K->7451K(92160K), 0.0390910 secs] 12036030K->11956751K(20961280K), 0.0392160 secs] [Times: user=0.29 sys=0.01, real=0.04 secs]
2014-07-28T05:28:26.526+0000: 947.502: [GC2014-07-28T05:28:26.526+0000: 947.502: [ParNew: 89371K->9925K(92160K), 0.0506740 secs] 12038671K->11964824K(20961280K), 0.0508060 secs] [Times: user=0.33 sys=0.01, real=0.05 secs]
2014-07-28T05:28:26.911+0000: 947.887: [GC2014-07-28T05:28:26.911+0000: 947.887: [ParNew: 91845K->8495K(92160K), 0.0396620 secs] 12046744K->11969091K(20961280K), 0.0397830 secs] [Times: user=0.29 sys=0.01, real=0.04 secs]
2014-07-28T05:28:27.332+0000: 948.308: [GC2014-07-28T05:28:27.332+0000: 948.308: [ParNew: 90415K->9804K(92160K), 0.0409650 secs] 12051011K->11975967K(20961280K), 0.0410920 secs] [Times: user=0.30 sys=0.02, real=0.04 secs]
2014-07-28T05:28:27.716+0000: 948.692: [GC2014-07-28T05:28:27.716+0000: 948.692: [ParNew: 91724K->10240K(92160K), 0.0405340 secs] 12057887K->11982049K(20961280K), 0.0406520 secs] [Times: user=0.31 sys=0.01, real=0.04 secs]
2014-07-28T05:28:28.195+0000: 949.171: [GC2014-07-28T05:28:28.195+0000: 949.171: [ParNew: 92160K->8452K(92160K), 0.0389660 secs] 12063969K->11985945K(20961280K), 0.0390890 secs] [Times: user=0.29 sys=0.01, real=0.04 secs]
2014-07-28T05:28:28.581+0000: 949.557: [GC2014-07-28T05:28:28.581+0000: 949.557: [ParNew: 90372K->10240K(92160K), 0.0682170 secs] 12067865K->11993309K(20961280K), 0.0683500 secs] [Times: user=0.33 sys=0.01, real=0.07 secs]
2014-07-28T05:28:29.098+0000: 950.075: [GC2014-07-28T05:28:29.099+0000: 950.075: [ParNew: 92160K->10240K(92160K), 0.0392210 secs] 12075229K->11998843K(20961280K), 0.0393410 secs] [Times: user=0.29 sys=0.02, real=0.03 secs]
2014-07-28T05:28:29.738+0000: 950.714: [GC2014-07-28T05:28:29.738+0000: 950.714: [ParNew: 92160K->9336K(92160K), 0.0409410 secs] 12080763K->12003593K(20961280K), 0.0410580 secs] [Times: user=0.30 sys=0.00, real=0.04 secs]
2014-07-28T05:28:30.100+0000: 951.076: [GC2014-07-28T05:28:30.100+0000: 951.076: [ParNew: 91256K->10240K(92160K), 0.0402280 secs] 12085513K->12010034K(20961280K), 0.0403500 secs] [Times: user=0.30 sys=0.00, real=0.04 secs]
2014-07-28T05:28:30.293+0000: 951.270: [GC2014-07-28T05:28:30.294+0000: 951.270: [ParNew: 92160K->10240K(92160K), 0.0389690 secs] 12091954K->12015893K(20961280K), 0.0390820 secs] [Times: user=0.29 sys=0.01, real=0.04 secs]
2014-07-28T05:28:30.565+0000: 951.541: [GC2014-07-28T05:28:30.565+0000: 951.541: [ParNew: 92160K->10240K(92160K), 0.0393040 secs] 12097813K->12021738K(20961280K), 0.0394360 secs] [Times: user=0.30 sys=0.00, real=0.04 secs]
2014-07-28T05:28:30.851+0000: 951.827: [GC2014-07-28T05:28:30.851+0000: 951.827: [ParNew: 92160K->10240K(92160K), 0.0385810 secs] 12103658K->12027148K(20961280K), 0.0386990 secs] [Times: user=0.30 sys=0.01, real=0.04 secs]
2014-07-28T05:28:31.255+0000: 952.232: [GC2014-07-28T05:28:31.256+0000: 952.232: [ParNew: 92160K->10240K(92160K), 0.0404900 secs] 12109068K->12032735K(20961280K), 0.0406110 secs] [Times: user=0.30 sys=0.01, real=0.04 secs]
2014-07-28T05:28:31.783+0000: 952.759: [GC2014-07-28T05:28:31.783+0000: 952.759: [ParNew: 92160K->10240K(92160K), 0.0761120 secs] 12114655K->12038338K(20961280K), 0.0762240 secs] [Times: user=0.40 sys=0.01, real=0.08 secs]
2014-07-28T05:28:32.156+0000: 953.132: [GC2014-07-28T05:28:32.156+0000: 953.132: [ParNew: 92159K->10240K(92160K), 0.0412740 secs] 12120257K->12043870K(20961280K), 0.0413890 secs] [Times: user=0.32 sys=0.00, real=0.04 secs]
2014-07-28T05:28:32.526+0000: 953.502: [GC2014-07-28T05:28:32.526+0000: 953.502: [ParNew: 92160K->10240K(92160K), 0.0413860 secs] 12125790K->12050089K(20961280K), 0.0415050 secs] [Times: user=0.30 sys=0.02, real=0.04 secs]
2014-07-28T05:28:32.906+0000: 953.882: [GC2014-07-28T05:28:32.906+0000: 953.882: [ParNew: 92160K->10240K(92160K), 0.0364880 secs] 12132009K->12055284K(20961280K), 0.0366060 secs] [Times: user=0.27 sys=0.01, real=0.03 secs]
2014-07-28T05:28:33.276+0000: 954.252: [GC2014-07-28T05:28:33.276+0000: 954.253: [ParNew: 92160K->9345K(92160K), 0.0397050 secs] 12137204K->12059858K(20961280K), 0.0398630 secs] [Times: user=0.28 sys=0.02, real=0.04 secs]
2014-07-28T05:28:33.860+0000: 954.836: [GC2014-07-28T05:28:33.860+0000: 954.836: [ParNew: 91265K->10240K(92160K), 0.0385330 secs] 12141778K->12066458K(20961280K), 0.0386540 secs] [Times: user=0.29 sys=0.01, real=0.04 secs]
2014-07-28T05:28:34.009+0000: 954.985: [GC2014-07-28T05:28:34.009+0000: 954.985: [ParNew: 92160K->10240K(92160K), 0.0446470 secs] 12148378K->12072295K(20961280K), 0.0447640 secs] [Times: user=0.31 sys=0.01, real=0.04 secs]
2014-07-28T05:28:34.484+0000: 955.460: [GC2014-07-28T05:28:34.484+0000: 955.460: [ParNew: 92160K->10077K(92160K), 0.0372140 secs] 12154215K->12077788K(20961280K), 0.0373310 secs] [Times: user=0.27 sys=0.01, real=0.04 secs]
2014-07-28T05:28:34.863+0000: 955.839: [GC2014-07-28T05:28:34.863+0000: 955.839: [ParNew: 91997K->8382K(92160K), 0.0380710 secs] 12159708K->12081614K(20961280K), 0.0381800 secs] [Times: user=0.29 sys=0.01, real=0.04 secs]
2014-07-28T05:28:35.254+0000: 956.230: [GC2014-07-28T05:28:35.254+0000: 956.230: [ParNew: 90302K->8796K(92160K), 0.0395010 secs] 12163534K->12087514K(20961280K), 0.0396210 secs] [Times: user=0.29 sys=0.01, real=0.04 secs]
2014-07-28T05:28:35.686+0000: 956.662: [GC2014-07-28T05:28:35.686+0000: 956.662: [ParNew: 90716K->10240K(92160K), 0.0827560 secs] 12169434K->12094664K(20961280K), 0.0828760 secs] [Times: user=0.36 sys=0.01, real=0.09 secs]
2014-07-28T05:28:36.106+0000: 957.082: [GC2014-07-28T05:28:36.106+0000: 957.082: [ParNew: 92160K->9232K(92160K), 0.0383530 secs] 12176584K->12099386K(20961280K), 0.0384840 secs] [Times: user=0.28 sys=0.02, real=0.04 secs]
2014-07-28T05:28:36.476+0000: 957.452: [GC2014-07-28T05:28:36.476+0000: 957.452: [ParNew: 91152K->9204K(92160K), 0.0395460 secs] 12181306K->12104864K(20961280K), 0.0396690 secs] [Times: user=0.29 sys=0.02, real=0.04 secs]
2014-07-28T05:28:36.694+0000: 957.670: [GC2014-07-28T05:28:36.694+0000: 957.670: [ParNew: 91124K->9415K(92160K), 0.0406830 secs] 12186784K->12110733K(20961280K), 0.0408210 secs] [Times: user=0.29 sys=0.02, real=0.04 secs]
2014-07-28T05:28:37.232+0000: 958.208: [GC2014-07-28T05:28:37.232+0000: 958.208: [ParNew: 91332K->8778K(92160K), 0.0402680 secs] 12192649K->12115760K(20961280K), 0.0403850 secs] [Times: user=0.29 sys=0.02, real=0.04 secs]
2014-07-28T05:28:37.664+0000: 958.640: [GC2014-07-28T05:28:37.664+0000: 958.640: [ParNew: 90698K->8116K(92160K), 0.0369400 secs] 12197680K->12120581K(20961280K), 0.0370820 secs] [Times: user=0.27 sys=0.01, real=0.04 secs]
2014-07-28T05:28:37.897+0000: 958.873: [GC2014-07-28T05:28:37.897+0000: 958.873: [ParNew: 90036K->7856K(92160K), 0.0387380 secs] 12202501K->12125967K(20961280K), 0.0388570 secs] [Times: user=0.31 sys=0.00, real=0.04 secs]
2014-07-28T05:28:38.479+0000: 959.455: [GC2014-07-28T05:28:38.479+0000: 959.455: [ParNew: 89776K->9853K(92160K), 0.0394800 secs] 12207887K->12133596K(20961280K), 0.0395990 secs] [Times: user=0.30 sys=0.00, real=0.04 secs]
2014-07-28T05:28:38.830+0000: 959.806: [GC2014-07-28T05:28:38.830+0000: 959.806: [ParNew: 91773K->10240K(92160K), 0.0390290 secs] 12215516K->12139597K(20961280K), 0.0391480 secs] [Times: user=0.28 sys=0.02, real=0.04 secs]
2014-07-28T05:28:39.300+0000: 960.276: [GC2014-07-28T05:28:39.300+0000: 960.276: [ParNew: 92160K->8489K(92160K), 0.0382080 secs] 12221517K->12143492K(20961280K), 0.0383390 secs] [Times: user=0.28 sys=0.01, real=0.04 secs]
2014-07-28T05:28:40.005+0000: 960.981: [GC2014-07-28T05:28:40.005+0000: 960.981: [ParNew: 90409K->9644K(92160K), 0.0379990 secs] 12225412K->12150131K(20961280K), 0.0381230 secs] [Times: user=0.29 sys=0.00, real=0.04 secs]
2014-07-28T05:28:40.257+0000: 961.233: [GC2014-07-28T05:28:40.257+0000: 961.233: [ParNew: 91557K->10002K(92160K), 0.0410160 secs] 12232044K->12156261K(20961280K), 0.0411460 secs] [Times: user=0.32 sys=0.00, real=0.05 secs]
2014-07-28T05:28:40.522+0000: 961.498: [GC2014-07-28T05:28:40.522+0000: 961.498: [ParNew: 91922K->9001K(92160K), 0.0384200 secs] 12238181K->12160743K(20961280K), 0.0385530 secs] [Times: user=0.29 sys=0.00, real=0.04 secs]
2014-07-28T05:28:40.708+0000: 961.684: [GC2014-07-28T05:28:40.708+0000: 961.684: [ParNew: 90921K->10240K(92160K), 0.0407670 secs] 12242663K->12167663K(20961280K), 0.0408900 secs] [Times: user=0.31 sys=0.00, real=0.04 secs]
2014-07-28T05:28:41.135+0000: 962.111: [GC2014-07-28T05:28:41.135+0000: 962.111: [ParNew: 92149K->8991K(92160K), 0.0388370 secs] 12249573K->12172281K(20961280K), 0.0389580 secs] [Times: user=0.29 sys=0.01, real=0.04 secs]
2014-07-28T05:28:41.642+0000: 962.618: [GC2014-07-28T05:28:41.642+0000: 962.618: [ParNew: 90911K->9739K(92160K), 0.0421900 secs] 12254201K->12178474K(20961280K), 0.0423130 secs] [Times: user=0.31 sys=0.02, real=0.04 secs]
2014-07-28T05:28:42.093+0000: 963.069: [GC2014-07-28T05:28:42.093+0000: 963.069: [ParNew: 91659K->8948K(92160K), 0.0408390 secs] 12260394K->12183279K(20961280K), 0.0409590 secs] [Times: user=0.31 sys=0.00, real=0.04 secs]
2014-07-28T05:28:42.449+0000: 963.425: [GC2014-07-28T05:28:42.449+0000: 963.425: [ParNew: 90868K->9514K(92160K), 0.0396180 secs] 12265199K->12189504K(20961280K), 0.0397420 secs] [Times: user=0.29 sys=0.02, real=0.04 secs]
2014-07-28T05:28:42.718+0000: 963.694: [GC2014-07-28T05:28:42.718+0000: 963.694: [ParNew: 91434K->9974K(92160K), 0.0397330 secs] 12271424K->12195552K(20961280K), 0.0398540 secs] [Times: user=0.29 sys=0.01, real=0.04 secs]
2014-07-28T05:28:43.174+0000: 964.150: [GC2014-07-28T05:28:43.174+0000: 964.150: [ParNew: 91894K->8929K(92160K), 0.0405120 secs] 12277472K->12200090K(20961280K), 0.0406330 secs] [Times: user=0.30 sys=0.01, real=0.04 secs]
2014-07-28T05:28:43.538+0000: 964.514: [GC2014-07-28T05:28:43.538+0000: 964.514: [ParNew: 90849K->9558K(92160K), 0.0395650 secs] 12282010K->12206351K(20961280K), 0.0397020 secs] [Times: user=0.30 sys=0.00, real=0.04 secs]
2014-07-28T05:28:43.988+0000: 964.964: [GC2014-07-28T05:28:43.988+0000: 964.964: [ParNew: 91478K->9826K(92160K), 0.0398040 secs] 12288271K->12212254K(20961280K), 0.0399230 secs] [Times: user=0.31 sys=0.01, real=0.04 secs]
2014-07-28T05:28:44.296+0000: 965.272: [GC2014-07-28T05:28:44.296+0000: 965.272: [ParNew: 91746K->9583K(92160K), 0.0400060 secs] 12294174K->12217695K(20961280K), 0.0401190 secs] [Times: user=0.29 sys=0.01, real=0.04 secs]
2014-07-28T05:28:44.746+0000: 965.722: [GC2014-07-28T05:28:44.746+0000: 965.722: [ParNew: 91498K->8766K(92160K), 0.0395770 secs] 12299611K->12222412K(20961280K), 0.0396970 secs] [Times: user=0.29 sys=0.02, real=0.03 secs]
2014-07-28T05:28:44.984+0000: 965.960: [GC2014-07-28T05:28:44.984+0000: 965.960: [ParNew: 90686K->10240K(92160K), 0.0408300 secs] 12304332K->12229866K(20961280K), 0.0409530 secs] [Times: user=0.30 sys=0.02, real=0.04 secs]
2014-07-28T05:28:45.397+0000: 966.373: [GC2014-07-28T05:28:45.397+0000: 966.373: [ParNew: 92160K->10240K(92160K), 0.0414140 secs] 12311786K->12235425K(20961280K), 0.0415350 secs] [Times: user=0.31 sys=0.02, real=0.05 secs]
2014-07-28T05:28:45.925+0000: 966.901: [GC2014-07-28T05:28:45.925+0000: 966.901: [ParNew: 92160K->9271K(92160K), 0.0404210 secs] 12317345K->12240012K(20961280K), 0.0405440 secs] [Times: user=0.31 sys=0.01, real=0.04 secs]
2014-07-28T05:28:46.236+0000: 967.212: [GC2014-07-28T05:28:46.236+0000: 967.212: [ParNew: 91191K->9973K(92160K), 0.0408130 secs] 12321932K->12246242K(20961280K), 0.0409330 secs] [Times: user=0.30 sys=0.01, real=0.04 secs]
2014-07-28T05:28:46.622+0000: 967.598: [GC2014-07-28T05:28:46.622+0000: 967.598: [ParNew: 91893K->10240K(92160K), 0.0676330 secs] 12328162K->12252201K(20961280K), 0.0677490 secs] [Times: user=0.34 sys=0.00, real=0.07 secs]
2014-07-28T05:28:46.913+0000: 967.889: [GC2014-07-28T05:28:46.913+0000: 967.889: [ParNew: 92160K->9781K(92160K), 0.0666510 secs] 12334121K->12257194K(20961280K), 0.0667780 secs] [Times: user=0.35 sys=0.01, real=0.07 secs]
2014-07-28T05:28:47.383+0000: 968.359: [GC2014-07-28T05:28:47.383+0000: 968.359: [ParNew: 91701K->9066K(92160K), 0.0524770 secs] 12339114K->12262064K(20961280K), 0.0525830 secs] [Times: user=0.33 sys=0.02, real=0.05 secs]
2014-07-28T05:28:47.811+0000: 968.787: [GC2014-07-28T05:28:47.811+0000: 968.787: [ParNew: 90986K->8712K(92160K), 0.0465090 secs] 12343984K->12267376K(20961280K), 0.0466110 secs] [Times: user=0.33 sys=0.01, real=0.04 secs]
2014-07-28T05:28:48.238+0000: 969.214: [GC2014-07-28T05:28:48.238+0000: 969.215: [ParNew: 90632K->9293K(92160K), 0.0401200 secs] 12349296K->12273524K(20961280K), 0.0402340 secs] [Times: user=0.30 sys=0.01, real=0.04 secs]
2014-07-28T05:28:48.636+0000: 969.612: [GC2014-07-28T05:28:48.636+0000: 969.612: [ParNew: 91210K->10073K(92160K), 0.0416200 secs] 12355441K->12279916K(20961280K), 0.0417400 secs] [Times: user=0.31 sys=0.01, real=0.04 secs]
2014-07-28T05:28:49.113+0000: 970.089: [GC2014-07-28T05:28:49.113+0000: 970.089: [ParNew: 91993K->8913K(92160K), 0.0400800 secs] 12361836K->12284514K(20961280K), 0.0402030 secs] [Times: user=0.29 sys=0.01, real=0.04 secs]
2014-07-28T05:28:49.458+0000: 970.434: [GC2014-07-28T05:28:49.458+0000: 970.435: [ParNew: 90833K->8924K(92160K), 0.0395390 secs] 12366434K->12289968K(20961280K), 0.0396500 secs] [Times: user=0.29 sys=0.00, real=0.04 secs]
2014-07-28T05:28:50.192+0000: 971.168: [GC2014-07-28T05:28:50.192+0000: 971.169: [ParNew: 90844K->8954K(92160K), 0.0397740 secs] 12371888K->12295600K(20961280K), 0.0398990 secs] [Times: user=0.29 sys=0.02, real=0.04 secs]
2014-07-28T05:28:50.396+0000: 971.372: [GC2014-07-28T05:28:50.396+0000: 971.372: [ParNew: 90874K->10172K(92160K), 0.0401630 secs] 12377520K->12302475K(20961280K), 0.0402840 secs] [Times: user=0.30 sys=0.01, real=0.04 secs]
2014-07-28T05:28:50.665+0000: 971.641: [GC2014-07-28T05:28:50.665+0000: 971.641: [ParNew: 92092K->9865K(92160K), 0.0402480 secs] 12384395K->12307968K(20961280K), 0.0403680 secs] [Times: user=0.30 sys=0.01, real=0.04 secs]
2014-07-28T05:28:50.886+0000: 971.862: [GC2014-07-28T05:28:50.886+0000: 971.862: [ParNew: 91785K->8574K(92160K), 0.0391300 secs] 12389888K->12312229K(20961280K), 0.0392480 secs] [Times: user=0.29 sys=0.00, real=0.03 secs]
2014-07-28T05:28:51.301+0000: 972.277: [GC2014-07-28T05:28:51.301+0000: 972.277: [ParNew: 90494K->8553K(92160K), 0.0377080 secs] 12394149K->12317748K(20961280K), 0.0378320 secs] [Times: user=0.26 sys=0.02, real=0.04 secs]
2014-07-28T05:28:51.816+0000: 972.792: [GC2014-07-28T05:28:51.816+0000: 972.792: [ParNew: 90473K->9803K(92160K), 0.0385650 secs] 12399668K->12324673K(20961280K), 0.0386890 secs] [Times: user=0.28 sys=0.01, real=0.04 secs]
2014-07-28T05:28:52.258+0000: 973.235: [GC2014-07-28T05:28:52.258+0000: 973.235: [ParNew: 91718K->8504K(92160K), 0.0395400 secs] 12406588K->12328883K(20961280K), 0.0396630 secs] [Times: user=0.30 sys=0.01, real=0.04 secs]
2014-07-28T05:28:52.633+0000: 973.609: [GC2014-07-28T05:28:52.633+0000: 973.609: [ParNew: 90424K->8675K(92160K), 0.0409880 secs] 12410803K->12334694K(20961280K), 0.0411060 secs] [Times: user=0.31 sys=0.00, real=0.04 secs]
2014-07-28T05:28:52.889+0000: 973.865: [GC2014-07-28T05:28:52.889+0000: 973.865: [ParNew: 90595K->9011K(92160K), 0.0399240 secs] 12416614K->12340610K(20961280K), 0.0400440 secs] [Times: user=0.29 sys=0.01, real=0.04 secs]
2014-07-28T05:28:53.338+0000: 974.314: [GC2014-07-28T05:28:53.338+0000: 974.314: [ParNew: 90931K->9146K(92160K), 0.0434740 secs] 12422530K->12346363K(20961280K), 0.0435930 secs] [Times: user=0.32 sys=0.01, real=0.05 secs]
2014-07-28T05:28:53.806+0000: 974.782: [GC2014-07-28T05:28:53.806+0000: 974.782: [ParNew: 91066K->10162K(92160K), 0.0404650 secs] 12428283K->12353069K(20961280K), 0.0405860 secs] [Times: user=0.30 sys=0.01, real=0.05 secs]
2014-07-28T05:28:54.125+0000: 975.101: [GC2014-07-28T05:28:54.125+0000: 975.101: [ParNew: 92082K->10240K(92160K), 0.0394930 secs] 12434989K->12358703K(20961280K), 0.0396130 secs] [Times: user=0.30 sys=0.01, real=0.04 secs]
2014-07-28T05:28:54.455+0000: 975.431: [GC2014-07-28T05:28:54.455+0000: 975.431: [ParNew: 92160K->10240K(92160K), 0.0392770 secs] 12440623K->12364439K(20961280K), 0.0393950 secs] [Times: user=0.29 sys=0.00, real=0.04 secs]
2014-07-28T05:28:54.875+0000: 975.851: [GC2014-07-28T05:28:54.875+0000: 975.851: [ParNew: 92160K->8759K(92160K), 0.0380760 secs] 12446359K->12368455K(20961280K), 0.0381940 secs] [Times: user=0.27 sys=0.02, real=0.04 secs]
2014-07-28T05:28:55.273+0000: 976.249: [GC2014-07-28T05:28:55.273+0000: 976.249: [ParNew: 90677K->9447K(92160K), 0.0423870 secs] 12450373K->12374874K(20961280K), 0.0425140 secs] [Times: user=0.33 sys=0.00, real=0.04 secs]
2014-07-28T05:28:55.533+0000: 976.509: [GC2014-07-28T05:28:55.533+0000: 976.509: [ParNew: 91367K->9852K(92160K), 0.0409860 secs] 12456794K->12380783K(20961280K), 0.0411070 secs] [Times: user=0.30 sys=0.01, real=0.04 secs]
2014-07-28T05:28:56.099+0000: 977.075: [GC2014-07-28T05:28:56.099+0000: 977.075: [ParNew: 91772K->9934K(92160K), 0.0397040 secs] 12462703K->12386517K(20961280K), 0.0398230 secs] [Times: user=0.30 sys=0.01, real=0.04 secs]
2014-07-28T05:28:56.452+0000: 977.428: [GC2014-07-28T05:28:56.452+0000: 977.429: [ParNew: 91854K->9713K(92160K), 0.0391680 secs] 12468437K->12391881K(20961280K), 0.0392910 secs] [Times: user=0.30 sys=0.00, real=0.04 secs]
2014-07-28T05:28:56.753+0000: 977.729: [GC2014-07-28T05:28:56.753+0000: 977.729: [ParNew: 91633K->10240K(92160K), 0.0399130 secs] 12473801K->12398008K(20961280K), 0.0400320 secs] [Times: user=0.30 sys=0.00, real=0.04 secs]
2014-07-28T05:28:57.202+0000: 978.178: [GC2014-07-28T05:28:57.202+0000: 978.178: [ParNew: 92160K->8639K(92160K), 0.0394220 secs] 12479928K->12402172K(20961280K), 0.0395580 secs] [Times: user=0.30 sys=0.01, real=0.04 secs]
2014-07-28T05:28:57.683+0000: 978.659: [GC2014-07-28T05:28:57.683+0000: 978.659: [ParNew: 90559K->9115K(92160K), 0.0368110 secs] 12484092K->12408046K(20961280K), 0.0369330 secs] [Times: user=0.29 sys=0.00, real=0.04 secs]
2014-07-28T05:28:57.934+0000: 978.910: [GC2014-07-28T05:28:57.934+0000: 978.911: [ParNew: 91035K->10240K(92160K), 0.0403540 secs] 12489966K->12414790K(20961280K), 0.0404740 secs] [Times: user=0.29 sys=0.01, real=0.04 secs]
2014-07-28T05:28:58.502+0000: 979.478: [GC2014-07-28T05:28:58.502+0000: 979.478: [ParNew: 92160K->8754K(92160K), 0.0391240 secs] 12496710K->12419106K(20961280K), 0.0392430 secs] [Times: user=0.30 sys=0.00, real=0.04 secs]
2014-07-28T05:28:58.828+0000: 979.804: [GC2014-07-28T05:28:58.828+0000: 979.804: [ParNew: 90674K->9362K(92160K), 0.0400890 secs] 12501026K->12425104K(20961280K), 0.0402110 secs] [Times: user=0.30 sys=0.00, real=0.04 secs]
2014-07-28T05:28:59.304+0000: 980.280: [GC2014-07-28T05:28:59.304+0000: 980.280: [ParNew: 91282K->9566K(92160K), 0.0383910 secs] 12507024K->12430930K(20961280K), 0.0385140 secs] [Times: user=0.28 sys=0.00, real=0.04 secs]
2014-07-28T05:29:00.019+0000: 980.995: [GC2014-07-28T05:29:00.019+0000: 980.995: [ParNew: 91486K->9935K(92160K), 0.0401950 secs] 12512850K->12436971K(20961280K), 0.0403160 secs] [Times: user=0.27 sys=0.03, real=0.04 secs]
2014-07-28T05:29:00.307+0000: 981.283: [GC2014-07-28T05:29:00.307+0000: 981.283: [ParNew: 91842K->10240K(92160K), 0.0412970 secs] 12518878K->12442799K(20961280K), 0.0414170 secs] [Times: user=0.31 sys=0.01, real=0.04 secs]
2014-07-28T05:29:00.519+0000: 981.495: [GC2014-07-28T05:29:00.519+0000: 981.495: [ParNew: 92160K->10240K(92160K), 0.0419350 secs] 12524719K->12448954K(20961280K), 0.0420550 secs] [Times: user=0.30 sys=0.01, real=0.04 secs]
2014-07-28T05:29:00.815+0000: 981.791: [GC2014-07-28T05:29:00.815+0000: 981.792: [ParNew: 92160K->9727K(92160K), 0.0385150 secs] 12530874K->12453758K(20961280K), 0.0386470 secs] [Times: user=0.29 sys=0.01, real=0.04 secs]
2014-07-28T05:29:01.051+0000: 982.027: [GC2014-07-28T05:29:01.051+0000: 982.028: [ParNew: 91647K->10240K(92160K), 0.0417790 secs] 12535678K->12459892K(20961280K), 0.0418990 secs] [Times: user=0.29 sys=0.02, real=0.04 secs]
2014-07-28T05:29:01.602+0000: 982.578: [GC2014-07-28T05:29:01.602+0000: 982.579: [ParNew: 92148K->8802K(92160K), 0.0414770 secs] 12541800K->12464176K(20961280K), 0.0415990 secs] [Times: user=0.31 sys=0.00, real=0.04 secs]
2014-07-28T05:29:02.083+0000: 983.059: [GC2014-07-28T05:29:02.083+0000: 983.059: [ParNew: 90722K->8923K(92160K), 0.0543010 secs] 12546096K->12469620K(20961280K), 0.0544220 secs] [Times: user=0.33 sys=0.02, real=0.06 secs]
2014-07-28T05:29:02.409+0000: 983.385: [GC2014-07-28T05:29:02.409+0000: 983.385: [ParNew: 90843K->9220K(92160K), 0.0379070 secs] 12551540K->12475564K(20961280K), 0.0380270 secs] [Times: user=0.28 sys=0.00, real=0.04 secs]
2014-07-28T05:29:02.751+0000: 983.727: [GC2014-07-28T05:29:02.751+0000: 983.728: [ParNew: 91140K->10240K(92160K), 0.0449820 secs] 12557484K->12482357K(20961280K), 0.0451210 secs] [Times: user=0.33 sys=0.02, real=0.05 secs]
2014-07-28T05:29:03.113+0000: 984.089: [GC2014-07-28T05:29:03.113+0000: 984.089: [ParNew: 92146K->9303K(92160K), 0.0383070 secs] 12564263K->12487068K(20961280K), 0.0384320 secs] [Times: user=0.29 sys=0.00, real=0.04 secs]
2014-07-28T05:29:03.483+0000: 984.459: [GC2014-07-28T05:29:03.483+0000: 984.459: [ParNew: 91223K->10240K(92160K), 0.0397680 secs] 12568988K->12493662K(20961280K), 0.0398890 secs] [Times: user=0.28 sys=0.01, real=0.04 secs]
2014-07-28T05:29:04.046+0000: 985.022: [GC2014-07-28T05:29:04.046+0000: 985.022: [ParNew: 92148K->10240K(92160K), 0.0375130 secs] 12575571K->12499421K(20961280K), 0.0376400 secs] [Times: user=0.28 sys=0.01, real=0.03 secs]
2014-07-28T05:29:04.253+0000: 985.229: [GC2014-07-28T05:29:04.253+0000: 985.229: [ParNew: 92158K->10240K(92160K), 0.0381110 secs] 12581340K->12504996K(20961280K), 0.0382280 secs] [Times: user=0.26 sys=0.03, real=0.04 secs]
2014-07-28T05:29:04.698+0000: 985.674: [GC2014-07-28T05:29:04.698+0000: 985.674: [ParNew: 92160K->10070K(92160K), 0.0402930 secs] 12586916K->12510275K(20961280K), 0.0404160 secs] [Times: user=0.29 sys=0.02, real=0.04 secs]
2014-07-28T05:29:05.085+0000: 986.061: [GC2014-07-28T05:29:05.085+0000: 986.061: [ParNew: 91990K->8182K(92160K), 0.0472900 secs] 12592195K->12513901K(20961280K), 0.0474060 secs] [Times: user=0.31 sys=0.00, real=0.05 secs]
2014-07-28T05:29:05.456+0000: 986.432: [GC2014-07-28T05:29:05.456+0000: 986.432: [ParNew: 90102K->9454K(92160K), 0.0412360 secs] 12595821K->12520843K(20961280K), 0.0413610 secs] [Times: user=0.31 sys=0.02, real=0.04 secs]
2014-07-28T05:29:05.923+0000: 986.899: [GC2014-07-28T05:29:05.923+0000: 986.899: [ParNew: 91374K->9817K(92160K), 0.0399200 secs] 12602763K->12526829K(20961280K), 0.0400400 secs] [Times: user=0.30 sys=0.01, real=0.04 secs]
2014-07-28T05:29:06.290+0000: 987.266: [GC2014-07-28T05:29:06.290+0000: 987.266: [ParNew: 91737K->10240K(92160K), 0.0409850 secs] 12608749K->12532914K(20961280K), 0.0411150 secs] [Times: user=0.29 sys=0.04, real=0.04 secs]
2014-07-28T05:29:06.665+0000: 987.641: [GC2014-07-28T05:29:06.665+0000: 987.641: [ParNew: 92160K->10240K(92160K), 0.0500630 secs] 12614834K->12538505K(20961280K), 0.0501910 secs] [Times: user=0.31 sys=0.01, real=0.06 secs]
2014-07-28T05:29:06.906+0000: 987.882: [GC2014-07-28T05:29:06.906+0000: 987.882: [ParNew: 92160K->9581K(92160K), 0.0388800 secs] 12620425K->12543461K(20961280K), 0.0389990 secs] [Times: user=0.29 sys=0.02, real=0.03 secs]
2014-07-28T05:29:07.424+0000: 988.400: [GC2014-07-28T05:29:07.424+0000: 988.400: [ParNew: 91501K->10240K(92160K), 0.0386700 secs] 12625381K->12549728K(20961280K), 0.0387910 secs] [Times: user=0.28 sys=0.02, real=0.04 secs]
2014-07-28T05:29:07.852+0000: 988.828: [GC2014-07-28T05:29:07.852+0000: 988.828: [ParNew: 92160K->9199K(92160K), 0.0370550 secs] 12631648K->12554277K(20961280K), 0.0371740 secs] [Times: user=0.27 sys=0.01, real=0.04 secs]
2014-07-28T05:29:08.098+0000: 989.074: [GC2014-07-28T05:29:08.098+0000: 989.074: [ParNew: 91119K->10141K(92160K), 0.0397030 secs] 12636197K->12560797K(20961280K), 0.0398270 secs] [Times: user=0.30 sys=0.01, real=0.04 secs]
2014-07-28T05:29:08.688+0000: 989.664: [GC2014-07-28T05:29:08.688+0000: 989.664: [ParNew: 92061K->10132K(92160K), 0.0410640 secs] 12642717K->12566421K(20961280K), 0.0411850 secs] [Times: user=0.31 sys=0.01, real=0.04 secs]
2014-07-28T05:29:09.035+0000: 990.011: [GC2014-07-28T05:29:09.035+0000: 990.011: [ParNew: 92052K->9751K(92160K), 0.0401860 secs] 12648341K->12571629K(20961280K), 0.0403100 secs] [Times: user=0.29 sys=0.01, real=0.04 secs]
2014-07-28T05:29:09.484+0000: 990.461: [GC2014-07-28T05:29:09.485+0000: 990.461: [ParNew: 91671K->9310K(92160K), 0.0402110 secs] 12653549K->12576821K(20961280K), 0.0403330 secs] [Times: user=0.31 sys=0.01, real=0.04 secs]
2014-07-28T05:29:10.229+0000: 991.205: [GC2014-07-28T05:29:10.229+0000: 991.205: [ParNew: 91230K->8966K(92160K), 0.0395730 secs] 12658741K->12582084K(20961280K), 0.0397030 secs] [Times: user=0.30 sys=0.01, real=0.04 secs]
2014-07-28T05:29:10.458+0000: 991.434: [GC2014-07-28T05:29:10.458+0000: 991.434: [ParNew: 90886K->9999K(92160K), 0.0390860 secs] 12664004K->12588635K(20961280K), 0.0392040 secs] [Times: user=0.29 sys=0.02, real=0.04 secs]
2014-07-28T05:29:10.713+0000: 991.689: [GC2014-07-28T05:29:10.713+0000: 991.689: [ParNew: 91919K->10235K(92160K), 0.0402010 secs] 12670555K->12594571K(20961280K), 0.0403210 secs] [Times: user=0.29 sys=0.02, real=0.04 secs]
2014-07-28T05:29:10.930+0000: 991.906: [GC2014-07-28T05:29:10.930+0000: 991.906: [ParNew: 92155K->10240K(92160K), 0.0429880 secs] 12676491K->12600441K(20961280K), 0.0431180 secs] [Times: user=0.30 sys=0.00, real=0.04 secs]
2014-07-28T05:29:11.343+0000: 992.319: [GC2014-07-28T05:29:11.343+0000: 992.319: [ParNew: 92160K->10240K(92160K), 0.0389940 secs] 12682361K->12606107K(20961280K), 0.0391140 secs] [Times: user=0.29 sys=0.01, real=0.04 secs]
2014-07-28T05:29:11.843+0000: 992.819: [GC2014-07-28T05:29:11.843+0000: 992.819: [ParNew: 92160K->8599K(92160K), 0.0419390 secs] 12688027K->12609836K(20961280K), 0.0420610 secs] [Times: user=0.30 sys=0.02, real=0.04 secs]
2014-07-28T05:29:12.299+0000: 993.275: [GC2014-07-28T05:29:12.299+0000: 993.275: [ParNew: 90519K->9966K(92160K), 0.0394070 secs] 12691756K->12616800K(20961280K), 0.0395270 secs] [Times: user=0.29 sys=0.01, real=0.04 secs]
2014-07-28T05:29:12.653+0000: 993.629: [GC2014-07-28T05:29:12.653+0000: 993.630: [ParNew: 91886K->10240K(92160K), 0.0395030 secs] 12698720K->12622719K(20961280K), 0.0396250 secs] [Times: user=0.30 sys=0.00, real=0.04 secs]
2014-07-28T05:29:12.925+0000: 993.901: [GC2014-07-28T05:29:12.925+0000: 993.901: [ParNew: 92160K->8654K(92160K), 0.0388140 secs] 12704639K->12626772K(20961280K), 0.0389360 secs] [Times: user=0.29 sys=0.01, real=0.04 secs]
2014-07-28T05:29:13.377+0000: 994.353: [GC2014-07-28T05:29:13.377+0000: 994.353: [ParNew: 90574K->9686K(92160K), 0.0392370 secs] 12708692K->12633437K(20961280K), 0.0393580 secs] [Times: user=0.28 sys=0.02, real=0.04 secs]
2014-07-28T05:29:13.727+0000: 994.703: [GC2014-07-28T05:29:13.727+0000: 994.703: [ParNew: 91606K->9345K(92160K), 0.0391640 secs] 12715357K->12638624K(20961280K), 0.0392870 secs] [Times: user=0.29 sys=0.00, real=0.04 secs]
2014-07-28T05:29:14.182+0000: 995.158: [GC2014-07-28T05:29:14.182+0000: 995.158: [ParNew: 91265K->10240K(92160K), 0.0386510 secs] 12720544K->12645203K(20961280K), 0.0387730 secs] [Times: user=0.28 sys=0.01, real=0.04 secs]
2014-07-28T05:29:14.483+0000: 995.460: [GC2014-07-28T05:29:14.484+0000: 995.460: [ParNew: 92160K->9722K(92160K), 0.0371600 secs] 12727123K->12650312K(20961280K), 0.0372810 secs] [Times: user=0.27 sys=0.02, real=0.04 secs]
2014-07-28T05:29:14.923+0000: 995.899: [GC2014-07-28T05:29:14.923+0000: 995.899: [ParNew: 91642K->9397K(92160K), 0.0378120 secs] 12732232K->12655509K(20961280K), 0.0379330 secs] [Times: user=0.29 sys=0.00, real=0.04 secs]
2014-07-28T05:29:15.203+0000: 996.179: [GC2014-07-28T05:29:15.203+0000: 996.179: [ParNew: 91317K->10240K(92160K), 0.0403250 secs] 12737429K->12661944K(20961280K), 0.0404490 secs] [Times: user=0.29 sys=0.02, real=0.04 secs]
2014-07-28T05:29:15.583+0000: 996.559: [GC2014-07-28T05:29:15.583+0000: 996.559: [ParNew: 92160K->10240K(92160K), 0.0398000 secs] 12743864K->12668247K(20961280K), 0.0399190 secs] [Times: user=0.28 sys=0.03, real=0.04 secs]
2014-07-28T05:29:16.122+0000: 997.098: [GC2014-07-28T05:29:16.122+0000: 997.098: [ParNew: 92160K->9812K(92160K), 0.0371590 secs] 12750167K->12672991K(20961280K), 0.0372780 secs] [Times: user=0.26 sys=0.03, real=0.04 secs]
2014-07-28T05:29:16.443+0000: 997.419: [GC2014-07-28T05:29:16.443+0000: 997.419: [ParNew: 91732K->10240K(92160K), 0.0384150 secs] 12754911K->12678912K(20961280K), 0.0385360 secs] [Times: user=0.28 sys=0.01, real=0.04 secs]
2014-07-28T05:29:16.852+0000: 997.828: [GC2014-07-28T05:29:16.852+0000: 997.828: [ParNew: 92160K->9069K(92160K), 0.0389570 secs] 12760832K->12683456K(20961280K), 0.0390780 secs] [Times: user=0.29 sys=0.01, real=0.04 secs]
2014-07-28T05:29:17.118+0000: 998.094: [GC2014-07-28T05:29:17.118+0000: 998.094: [ParNew: 90989K->9925K(92160K), 0.0381480 secs] 12765376K->12689793K(20961280K), 0.0382640 secs] [Times: user=0.28 sys=0.01, real=0.04 secs]
2014-07-28T05:29:17.593+0000: 998.569: [GC2014-07-28T05:29:17.593+0000: 998.569: [ParNew: 91845K->10240K(92160K), 0.0400110 secs] 12771713K->12695742K(20961280K), 0.0401250 secs] [Times: user=0.30 sys=0.01, real=0.04 secs]
2014-07-28T05:29:17.993+0000: 998.969: [GC2014-07-28T05:29:17.993+0000: 998.969: [ParNew: 92160K->10240K(92160K), 0.0391490 secs] 12777662K->12701359K(20961280K), 0.0392800 secs] [Times: user=0.29 sys=0.00, real=0.04 secs]
2014-07-28T05:29:18.442+0000: 999.418: [GC2014-07-28T05:29:18.442+0000: 999.418: [ParNew: 92160K->8863K(92160K), 0.0393560 secs] 12783279K->12705657K(20961280K), 0.0394740 secs] [Times: user=0.29 sys=0.01, real=0.04 secs]
2014-07-28T05:29:18.850+0000: 999.826: [GC2014-07-28T05:29:18.850+0000: 999.826: [ParNew: 90783K->10240K(92160K), 0.0375810 secs] 12787577K->12712545K(20961280K), 0.0377070 secs] [Times: user=0.27 sys=0.02, real=0.04 secs]
2014-07-28T05:29:19.305+0000: 1000.281: [GC2014-07-28T05:29:19.305+0000: 1000.281: [ParNew: 92160K->9031K(92160K), 0.0383530 secs] 12794465K->12717003K(20961280K), 0.0384730 secs] [Times: user=0.29 sys=0.01, real=0.04 secs]
2014-07-28T05:29:19.655+0000: 1000.631: [GC2014-07-28T05:29:19.655+0000: 1000.631: [ParNew: 90951K->8864K(92160K), 0.0390110 secs] 12798923K->12722407K(20961280K), 0.0391250 secs] [Times: user=0.29 sys=0.00, real=0.03 secs]
2014-07-28T05:29:20.403+0000: 1001.379: [GC2014-07-28T05:29:20.403+0000: 1001.379: [ParNew: 90784K->7612K(92160K), 0.0373810 secs] 12804327K->12726718K(20961280K), 0.0375060 secs] [Times: user=0.28 sys=0.01, real=0.04 secs]
2014-07-28T05:29:20.616+0000: 1001.592: [GC2014-07-28T05:29:20.616+0000: 1001.592: [ParNew: 89532K->9566K(92160K), 0.0361030 secs] 12808638K->12734249K(20961280K), 0.0362230 secs] [Times: user=0.27 sys=0.00, real=0.03 secs]
2014-07-28T05:29:20.845+0000: 1001.821: [GC2014-07-28T05:29:20.845+0000: 1001.821: [ParNew: 91486K->10240K(92160K), 0.0407100 secs] 12816169K->12741204K(20961280K), 0.0408570 secs] [Times: user=0.29 sys=0.02, real=0.04 secs]
2014-07-28T05:29:21.096+0000: 1002.072: [GC2014-07-28T05:29:21.096+0000: 1002.072: [ParNew: 92154K->10084K(92160K), 0.0366750 secs] 12823118K->12746311K(20961280K), 0.0367940 secs] [Times: user=0.27 sys=0.01, real=0.03 secs]
2014-07-28T05:29:21.501+0000: 1002.477: [GC2014-07-28T05:29:21.501+0000: 1002.477: [ParNew: 92004K->9359K(92160K), 0.0382130 secs] 12828231K->12751032K(20961280K), 0.0383290 secs] [Times: user=0.27 sys=0.02, real=0.04 secs]
2014-07-28T05:29:21.995+0000: 1002.971: [GC2014-07-28T05:29:21.995+0000: 1002.971: [ParNew: 91279K->9104K(92160K), 0.0391010 secs] 12832952K->12756464K(20961280K), 0.0392230 secs] [Times: user=0.28 sys=0.01, real=0.04 secs]
2014-07-28T05:29:22.436+0000: 1003.412: [GC2014-07-28T05:29:22.436+0000: 1003.412: [ParNew: 91024K->10240K(92160K), 0.0396990 secs] 12838384K->12763210K(20961280K), 0.0398180 secs] [Times: user=0.29 sys=0.02, real=0.04 secs]
2014-07-28T05:29:22.809+0000: 1003.785: [GC2014-07-28T05:29:22.809+0000: 1003.785: [ParNew: 92160K->10240K(92160K), 0.0391720 secs] 12845130K->12768817K(20961280K), 0.0392900 secs] [Times: user=0.29 sys=0.01, real=0.04 secs]
2014-07-28T05:29:23.092+0000: 1004.068: [GC2014-07-28T05:29:23.092+0000: 1004.068: [ParNew: 92160K->10100K(92160K), 0.0395570 secs] 12850737K->12774202K(20961280K), 0.0396680 secs] [Times: user=0.30 sys=0.01, real=0.04 secs]
2014-07-28T05:29:23.538+0000: 1004.514: [GC2014-07-28T05:29:23.538+0000: 1004.514: [ParNew: 92020K->9235K(92160K), 0.0390870 secs] 12856122K->12778886K(20961280K), 0.0392100 secs] [Times: user=0.28 sys=0.01, real=0.04 secs]
2014-07-28T05:29:24.001+0000: 1004.977: [GC2014-07-28T05:29:24.001+0000: 1004.977: [ParNew: 91155K->9514K(92160K), 0.0418770 secs] 12860806K->12784859K(20961280K), 0.0420010 secs] [Times: user=0.31 sys=0.01, real=0.04 secs]
2014-07-28T05:29:24.308+0000: 1005.284: [GC2014-07-28T05:29:24.308+0000: 1005.284: [ParNew: 91434K->10240K(92160K), 0.0394880 secs] 12866779K->12791156K(20961280K), 0.0396100 secs] [Times: user=0.30 sys=0.01, real=0.04 secs]
2014-07-28T05:29:24.652+0000: 1005.628: [GC2014-07-28T05:29:24.652+0000: 1005.629: [ParNew: 92160K->9546K(92160K), 0.0397410 secs] 12873076K->12796185K(20961280K), 0.0398590 secs] [Times: user=0.30 sys=0.01, real=0.04 secs]
2014-07-28T05:29:25.062+0000: 1006.038: [GC2014-07-28T05:29:25.062+0000: 1006.038: [ParNew: 91466K->10240K(92160K), 0.0406480 secs] 12878105K->12802485K(20961280K), 0.0407830 secs] [Times: user=0.29 sys=0.02, real=0.04 secs]
2014-07-28T05:29:25.453+0000: 1006.429: [GC2014-07-28T05:29:25.453+0000: 1006.429: [ParNew: 92160K->10240K(92160K), 0.0507560 secs] 12884405K->12808123K(20961280K), 0.0508720 secs] [Times: user=0.36 sys=0.00, real=0.05 secs]
2014-07-28T05:29:25.742+0000: 1006.718: [GC2014-07-28T05:29:25.742+0000: 1006.718: [ParNew: 92160K->10240K(92160K), 0.0384760 secs] 12890043K->12813667K(20961280K), 0.0386010 secs] [Times: user=0.28 sys=0.01, real=0.04 secs]
2014-07-28T05:29:26.283+0000: 1007.259: [GC2014-07-28T05:29:26.283+0000: 1007.259: [ParNew: 92160K->9124K(92160K), 0.0390690 secs] 12895587K->12818155K(20961280K), 0.0391910 secs] [Times: user=0.29 sys=0.01, real=0.04 secs]
2014-07-28T05:29:26.623+0000: 1007.599: [GC2014-07-28T05:29:26.623+0000: 1007.599: [ParNew: 91044K->9096K(92160K), 0.0377380 secs] 12900075K->12823708K(20961280K), 0.0378560 secs] [Times: user=0.28 sys=0.01, real=0.04 secs]
2014-07-28T05:29:26.964+0000: 1007.940: [GC2014-07-28T05:29:26.964+0000: 1007.941: [ParNew: 91016K->10240K(92160K), 0.0393940 secs] 12905628K->12830576K(20961280K), 0.0395160 secs] [Times: user=0.28 sys=0.02, real=0.04 secs]
2014-07-28T05:29:27.383+0000: 1008.359: [GC2014-07-28T05:29:27.383+0000: 1008.359: [ParNew: 92160K->8127K(92160K), 0.0381330 secs] 12912496K->12834218K(20961280K), 0.0382530 secs] [Times: user=0.29 sys=0.00, real=0.04 secs]
2014-07-28T05:29:27.853+0000: 1008.829: [GC2014-07-28T05:29:27.853+0000: 1008.829: [ParNew: 90047K->8566K(92160K), 0.0369850 secs] 12916138K->12840002K(20961280K), 0.0371070 secs] [Times: user=0.26 sys=0.01, real=0.04 secs]
2014-07-28T05:29:28.115+0000: 1009.091: [GC2014-07-28T05:29:28.115+0000: 1009.091: [ParNew: 90486K->10240K(92160K), 0.0410680 secs] 12921922K->12847429K(20961280K), 0.0411870 secs] [Times: user=0.31 sys=0.01, real=0.04 secs]
2014-07-28T05:29:28.682+0000: 1009.658: [GC2014-07-28T05:29:28.682+0000: 1009.658: [ParNew: 92143K->8509K(92160K), 0.0385860 secs] 12929333K->12851423K(20961280K), 0.0387060 secs] [Times: user=0.28 sys=0.01, real=0.04 secs]
2014-07-28T05:29:29.003+0000: 1009.979: [GC2014-07-28T05:29:29.003+0000: 1009.979: [ParNew: 90429K->9008K(92160K), 0.0405160 secs] 12933343K->12857304K(20961280K), 0.0406340 secs] [Times: user=0.30 sys=0.00, real=0.04 secs]
2014-07-28T05:29:29.489+0000: 1010.465: [GC2014-07-28T05:29:29.489+0000: 1010.465: [ParNew: 90928K->9434K(92160K), 0.0402000 secs] 12939224K->12863389K(20961280K), 0.0403210 secs] [Times: user=0.31 sys=0.00, real=0.04 secs]
2014-07-28T05:29:30.195+0000: 1011.172: [GC2014-07-28T05:29:30.196+0000: 1011.172: [ParNew: 91339K->9883K(92160K), 0.0394670 secs] 12945294K->12869477K(20961280K), 0.0405590 secs] [Times: user=0.29 sys=0.01, real=0.04 secs]
2014-07-28T05:29:30.513+0000: 1011.489: [GC2014-07-28T05:29:30.513+0000: 1011.489: [ParNew: 91803K->10240K(92160K), 0.0397150 secs] 12951397K->12875734K(20961280K), 0.0398360 secs] [Times: user=0.29 sys=0.02, real=0.04 secs]
2014-07-28T05:29:30.723+0000: 1011.699: [GC2014-07-28T05:29:30.723+0000: 1011.699: [ParNew: 92160K->10240K(92160K), 0.0390010 secs] 12957654K->12881529K(20961280K), 0.0391170 secs] [Times: user=0.28 sys=0.01, real=0.04 secs]
2014-07-28T05:29:31.032+0000: 1012.009: [GC2014-07-28T05:29:31.033+0000: 1012.009: [ParNew: 92160K->9837K(92160K), 0.0371840 secs] 12963449K->12886529K(20961280K), 0.0373030 secs] [Times: user=0.28 sys=0.00, real=0.04 secs]
2014-07-28T05:29:31.245+0000: 1012.221: [GC2014-07-28T05:29:31.245+0000: 1012.221: [ParNew: 91757K->10240K(92160K), 0.0378490 secs] 12968449K->12892514K(20961280K), 0.0379720 secs] [Times: user=0.27 sys=0.01, real=0.04 secs]
2014-07-28T05:29:31.772+0000: 1012.748: [GC2014-07-28T05:29:31.772+0000: 1012.748: [ParNew: 92160K->8283K(92160K), 0.0369470 secs] 12974434K->12896286K(20961280K), 0.0370630 secs] [Times: user=0.27 sys=0.01, real=0.04 secs]
2014-07-28T05:29:32.262+0000: 1013.238: [GC2014-07-28T05:29:32.262+0000: 1013.238: [ParNew: 90203K->8794K(92160K), 0.0407370 secs] 12978206K->12902125K(20961280K), 0.0408440 secs] [Times: user=0.30 sys=0.01, real=0.04 secs]
2014-07-28T05:29:32.588+0000: 1013.564: [GC2014-07-28T05:29:32.588+0000: 1013.564: [ParNew: 90714K->8398K(92160K), 0.0410180 secs] 12984045K->12907358K(20961280K), 0.0411430 secs] [Times: user=0.30 sys=0.02, real=0.04 secs]
2014-07-28T05:29:32.937+0000: 1013.913: [GC2014-07-28T05:29:32.937+0000: 1013.913: [ParNew: 90318K->10240K(92160K), 0.0390470 secs] 12989278K->12915159K(20961280K), 0.0391810 secs] [Times: user=0.28 sys=0.01, real=0.04 secs]
2014-07-28T05:29:33.296+0000: 1014.273: [GC2014-07-28T05:29:33.297+0000: 1014.273: [ParNew: 92160K->10240K(92160K), 0.0377960 secs] 12997079K->12921014K(20961280K), 0.0379140 secs] [Times: user=0.28 sys=0.02, real=0.04 secs]
2014-07-28T05:29:33.673+0000: 1014.649: [GC2014-07-28T05:29:33.673+0000: 1014.649: [ParNew: 92160K->10240K(92160K), 0.0424840 secs] 13002934K->12926364K(20961280K), 0.0426000 secs] [Times: user=0.30 sys=0.02, real=0.05 secs]
2014-07-28T05:29:34.241+0000: 1015.217: [GC2014-07-28T05:29:34.241+0000: 1015.217: [ParNew: 92160K->10240K(92160K), 0.0403340 secs] 13008284K->12931899K(20961280K), 0.0404570 secs] [Times: user=0.28 sys=0.02, real=0.04 secs]
2014-07-28T05:29:34.444+0000: 1015.420: [GC2014-07-28T05:29:34.444+0000: 1015.420: [ParNew: 92160K->10240K(92160K), 0.0389520 secs] 13013819K->12937449K(20961280K), 0.0390700 secs] [Times: user=0.29 sys=0.01, real=0.04 secs]
2014-07-28T05:29:34.860+0000: 1015.836: [GC2014-07-28T05:29:34.860+0000: 1015.836: [ParNew: 92160K->9702K(92160K), 0.0397610 secs] 13019369K->12942566K(20961280K), 0.0398830 secs] [Times: user=0.29 sys=0.01, real=0.04 secs]
2014-07-28T05:29:35.253+0000: 1016.229: [GC2014-07-28T05:29:35.274+0000: 1016.250: [ParNew: 91622K->8279K(92160K), 0.0382360 secs] 13024486K->12946617K(20961280K), 0.0591830 secs] [Times: user=0.28 sys=0.01, real=0.06 secs]
2014-07-28T05:29:35.657+0000: 1016.633: [GC2014-07-28T05:29:35.657+0000: 1016.633: [ParNew: 90199K->9243K(92160K), 0.0899990 secs] 13028537K->12953187K(20961280K), 0.0901410 secs] [Times: user=0.38 sys=0.01, real=0.09 secs]
2014-07-28T05:29:36.095+0000: 1017.072: [GC2014-07-28T05:29:36.096+0000: 1017.072: [ParNew: 91163K->9083K(92160K), 0.0374310 secs] 13035107K->12958678K(20961280K), 0.0375530 secs] [Times: user=0.28 sys=0.00, real=0.03 secs]
2014-07-28T05:29:36.482+0000: 1017.458: [GC2014-07-28T05:29:36.482+0000: 1017.459: [ParNew: 91003K->10240K(92160K), 0.0385480 secs] 13040598K->12965482K(20961280K), 0.0387000 secs] [Times: user=0.26 sys=0.02, real=0.03 secs]
2014-07-28T05:29:36.846+0000: 1017.822: [GC2014-07-28T05:29:36.846+0000: 1017.822: [ParNew: 92160K->9279K(92160K), 0.0383890 secs] 13047402K->12970077K(20961280K), 0.0385130 secs] [Times: user=0.29 sys=0.00, real=0.04 secs]
2014-07-28T05:29:37.087+0000: 1018.063: [GC2014-07-28T05:29:37.087+0000: 1018.063: [ParNew: 91199K->10240K(92160K), 0.0433380 secs] 13051997K->12976657K(20961280K), 0.0434560 secs] [Times: user=0.31 sys=0.00, real=0.04 secs]
2014-07-28T05:29:37.593+0000: 1018.569: [GC2014-07-28T05:29:37.593+0000: 1018.569: [ParNew: 92160K->9760K(92160K), 0.0391570 secs] 13058577K->12981952K(20961280K), 0.0392790 secs] [Times: user=0.28 sys=0.02, real=0.04 secs]
2014-07-28T05:29:38.022+0000: 1018.998: [GC2014-07-28T05:29:38.022+0000: 1018.998: [ParNew: 91680K->10048K(92160K), 0.0387370 secs] 13063872K->12987660K(20961280K), 0.0388620 secs] [Times: user=0.29 sys=0.01, real=0.04 secs]
2014-07-28T05:29:38.272+0000: 1019.248: [GC2014-07-28T05:29:38.272+0000: 1019.249: [ParNew: 91968K->10240K(92160K), 0.0395390 secs] 13069580K->12993567K(20961280K), 0.0396560 secs] [Times: user=0.30 sys=0.01, real=0.04 secs]
2014-07-28T05:29:38.859+0000: 1019.835: [GC2014-07-28T05:29:38.859+0000: 1019.835: [ParNew: 92160K->8685K(92160K), 0.0376340 secs] 13075487K->12997646K(20961280K), 0.0377530 secs] [Times: user=0.28 sys=0.01, real=0.04 secs]
2014-07-28T05:29:39.205+0000: 1020.181: [GC2014-07-28T05:29:39.205+0000: 1020.181: [ParNew: 90605K->8765K(92160K), 0.0384730 secs] 13079566K->13003210K(20961280K), 0.0385940 secs] [Times: user=0.28 sys=0.01, real=0.04 secs]
2014-07-28T05:29:39.655+0000: 1020.631: [GC2014-07-28T05:29:39.655+0000: 1020.631: [ParNew: 90685K->8443K(92160K), 0.0387810 secs] 13085130K->13008626K(20961280K), 0.0389030 secs] [Times: user=0.28 sys=0.01, real=0.03 secs]
2014-07-28T05:29:40.389+0000: 1021.365: [GC2014-07-28T05:29:40.389+0000: 1021.365: [ParNew: 90363K->10240K(92160K), 0.0381910 secs] 13090546K->13015942K(20961280K), 0.0383130 secs] [Times: user=0.30 sys=0.00, real=0.04 secs]
2014-07-28T05:29:40.640+0000: 1021.616: [GC2014-07-28T05:29:40.640+0000: 1021.616: [ParNew: 92160K->10075K(92160K), 0.0386040 secs] 13097862K->13021348K(20961280K), 0.0387160 secs] [Times: user=0.28 sys=0.02, real=0.04 secs]
2014-07-28T05:29:40.883+0000: 1021.860: [GC2014-07-28T05:29:40.884+0000: 1021.860: [ParNew: 91995K->10240K(92160K), 0.0375990 secs] 13103268K->13027287K(20961280K), 0.0377150 secs] [Times: user=0.28 sys=0.01, real=0.03 secs]
2014-07-28T05:29:41.143+0000: 1022.119: [GC2014-07-28T05:29:41.143+0000: 1022.120: [ParNew: 92160K->10240K(92160K), 0.0382120 secs] 13109207K->13033221K(20961280K), 0.0383340 secs] [Times: user=0.27 sys=0.02, real=0.03 secs]
2014-07-28T05:29:41.504+0000: 1022.480: [GC2014-07-28T05:29:41.504+0000: 1022.480: [ParNew: 92039K->10240K(92160K), 0.0387500 secs] 13115020K->13038723K(20961280K), 0.0388700 secs] [Times: user=0.27 sys=0.02, real=0.04 secs]
2014-07-28T05:29:42.014+0000: 1022.990: [GC2014-07-28T05:29:42.014+0000: 1022.990: [ParNew: 92160K->9032K(92160K), 0.0383780 secs] 13120643K->13042972K(20961280K), 0.0385000 secs] [Times: user=0.29 sys=0.01, real=0.03 secs]
2014-07-28T05:29:42.466+0000: 1023.442: [GC2014-07-28T05:29:42.466+0000: 1023.442: [ParNew: 90952K->10240K(92160K), 0.0372900 secs] 13124892K->13049817K(20961280K), 0.0374360 secs] [Times: user=0.28 sys=0.00, real=0.04 secs]
2014-07-28T05:29:42.822+0000: 1023.798: [GC2014-07-28T05:29:42.822+0000: 1023.798: [ParNew: 92160K->10136K(92160K), 0.0401710 secs] 13131737K->13055393K(20961280K), 0.0402890 secs] [Times: user=0.29 sys=0.01, real=0.04 secs]
2014-07-28T05:29:43.093+0000: 1024.069: [GC2014-07-28T05:29:43.093+0000: 1024.069: [ParNew: 92056K->9373K(92160K), 0.0391480 secs] 13137313K->13060118K(20961280K), 0.0392730 secs] [Times: user=0.30 sys=0.00, real=0.04 secs]
2014-07-28T05:29:43.544+0000: 1024.520: [GC2014-07-28T05:29:43.544+0000: 1024.520: [ParNew: 91293K->7260K(92160K), 0.0384910 secs] 13142038K->13063629K(20961280K), 0.0386100 secs] [Times: user=0.29 sys=0.00, real=0.04 secs]
2014-07-28T05:29:43.895+0000: 1024.871: [GC2014-07-28T05:29:43.895+0000: 1024.871: [ParNew: 89180K->9105K(92160K), 0.0385680 secs] 13145549K->13071070K(20961280K), 0.0386920 secs] [Times: user=0.29 sys=0.01, real=0.03 secs]
2014-07-28T05:29:44.363+0000: 1025.339: [GC2014-07-28T05:29:44.363+0000: 1025.339: [ParNew: 91025K->10240K(92160K), 0.0430300 secs] 13152990K->13077920K(20961280K), 0.0431550 secs] [Times: user=0.31 sys=0.02, real=0.04 secs]
2014-07-28T05:29:44.652+0000: 1025.628: [GC2014-07-28T05:29:44.652+0000: 1025.629: [ParNew: 92160K->10240K(92160K), 0.0371140 secs] 13159840K->13083552K(20961280K), 0.0372280 secs] [Times: user=0.28 sys=0.00, real=0.04 secs]
2014-07-28T05:29:45.093+0000: 1026.069: [GC2014-07-28T05:29:45.093+0000: 1026.069: [ParNew: 92160K->9396K(92160K), 0.0364920 secs] 13165472K->13088187K(20961280K), 0.0366110 secs] [Times: user=0.27 sys=0.01, real=0.04 secs]
2014-07-28T05:29:45.403+0000: 1026.379: [GC2014-07-28T05:29:45.403+0000: 1026.379: [ParNew: 91316K->10240K(92160K), 0.0401670 secs] 13170107K->13095375K(20961280K), 0.0402910 secs] [Times: user=0.30 sys=0.00, real=0.04 secs]
2014-07-28T05:29:45.806+0000: 1026.782: [GC2014-07-28T05:29:45.806+0000: 1026.782: [ParNew: 92160K->10240K(92160K), 0.0383590 secs] 13177295K->13100948K(20961280K), 0.0384790 secs] [Times: user=0.26 sys=0.03, real=0.04 secs]
2014-07-28T05:29:46.288+0000: 1027.264: [GC2014-07-28T05:29:46.288+0000: 1027.264: [ParNew: 92151K->10240K(92160K), 0.0395500 secs] 13182859K->13106783K(20961280K), 0.0396740 secs] [Times: user=0.28 sys=0.02, real=0.04 secs]
2014-07-28T05:29:46.623+0000: 1027.599: [GC2014-07-28T05:29:46.623+0000: 1027.599: [ParNew: 92160K->10240K(92160K), 0.0397970 secs] 13188703K->13112185K(20961280K), 0.0399170 secs] [Times: user=0.29 sys=0.02, real=0.04 secs]
2014-07-28T05:29:47.052+0000: 1028.028: [GC2014-07-28T05:29:47.052+0000: 1028.029: [ParNew: 92160K->10240K(92160K), 0.0384860 secs] 13194105K->13117884K(20961280K), 0.0386070 secs] [Times: user=0.30 sys=0.00, real=0.04 secs]
2014-07-28T05:29:47.282+0000: 1028.258: [GC2014-07-28T05:29:47.282+0000: 1028.258: [ParNew: 92160K->8938K(92160K), 0.0509940 secs] 13199804K->13122058K(20961280K), 0.0511130 secs] [Times: user=0.33 sys=0.00, real=0.05 secs]
2014-07-28T05:29:47.762+0000: 1028.738: [GC2014-07-28T05:29:47.762+0000: 1028.738: [ParNew: 90858K->9255K(92160K), 0.0400370 secs] 13203978K->13127973K(20961280K), 0.0401590 secs] [Times: user=0.30 sys=0.01, real=0.04 secs]
2014-07-28T05:29:48.196+0000: 1029.172: [GC2014-07-28T05:29:48.196+0000: 1029.172: [ParNew: 91175K->10240K(92160K), 0.0389410 secs] 13209893K->13134599K(20961280K), 0.0390640 secs] [Times: user=0.30 sys=0.00, real=0.04 secs]
2014-07-28T05:29:48.605+0000: 1029.581: [GC2014-07-28T05:29:48.605+0000: 1029.581: [ParNew: 92160K->8744K(92160K), 0.0383720 secs] 13216519K->13138770K(20961280K), 0.0384890 secs] [Times: user=0.28 sys=0.00, real=0.04 secs]
2014-07-28T05:29:49.018+0000: 1029.994: [GC2014-07-28T05:29:49.018+0000: 1029.994: [ParNew: 90664K->10240K(92160K), 0.0416680 secs] 13220690K->13145843K(20961280K), 0.0417850 secs] [Times: user=0.32 sys=0.00, real=0.04 secs]
2014-07-28T05:29:49.474+0000: 1030.450: [GC2014-07-28T05:29:49.474+0000: 1030.450: [ParNew: 92160K->9531K(92160K), 0.0396940 secs] 13227763K->13150804K(20961280K), 0.0398130 secs] [Times: user=0.28 sys=0.01, real=0.04 secs]
2014-07-28T05:29:49.819+0000: 1030.795: [GC2014-07-28T05:29:49.819+0000: 1030.795: [ParNew: 91451K->10240K(92160K), 0.0374320 secs] 13232724K->13157063K(20961280K), 0.0375510 secs] [Times: user=0.28 sys=0.00, real=0.04 secs]
2014-07-28T05:29:50.571+0000: 1031.547: [GC2014-07-28T05:29:50.571+0000: 1031.547: [ParNew: 92160K->8244K(92160K), 0.0378450 secs] 13238983K->13160625K(20961280K), 0.0379750 secs] [Times: user=0.29 sys=0.01, real=0.04 secs]
2014-07-28T05:29:50.793+0000: 1031.769: [GC2014-07-28T05:29:50.793+0000: 1031.769: [ParNew: 90164K->9736K(92160K), 0.0376350 secs] 13242545K->13167719K(20961280K), 0.0377560 secs] [Times: user=0.28 sys=0.01, real=0.04 secs]
2014-07-28T05:29:51.036+0000: 1032.012: [GC2014-07-28T05:29:51.036+0000: 1032.012: [ParNew: 91656K->10240K(92160K), 0.0401940 secs] 13249639K->13174040K(20961280K), 0.0403160 secs] [Times: user=0.28 sys=0.03, real=0.04 secs]
2014-07-28T05:29:51.279+0000: 1032.255: [GC2014-07-28T05:29:51.279+0000: 1032.255: [ParNew: 92160K->10240K(92160K), 0.0380310 secs] 13255960K->13179648K(20961280K), 0.0381610 secs] [Times: user=0.28 sys=0.01, real=0.04 secs]
2014-07-28T05:29:51.666+0000: 1032.642: [GC2014-07-28T05:29:51.666+0000: 1032.642: [ParNew: 92147K->9660K(92160K), 0.0384040 secs] 13261556K->13184540K(20961280K), 0.0385270 secs] [Times: user=0.28 sys=0.01, real=0.04 secs]
2014-07-28T05:29:52.165+0000: 1033.141: [GC2014-07-28T05:29:52.165+0000: 1033.141: [ParNew: 91580K->8588K(92160K), 0.0382990 secs] 13266460K->13189093K(20961280K), 0.0384210 secs] [Times: user=0.29 sys=0.00, real=0.04 secs]
2014-07-28T05:29:52.613+0000: 1033.589: [GC2014-07-28T05:29:52.613+0000: 1033.589: [ParNew: 90508K->9084K(92160K), 0.0395550 secs] 13271013K->13195153K(20961280K), 0.0396740 secs] [Times: user=0.30 sys=0.00, real=0.04 secs]
2014-07-28T05:29:52.984+0000: 1033.961: [GC2014-07-28T05:29:52.985+0000: 1033.961: [ParNew: 91004K->8801K(92160K), 0.0370590 secs] 13277073K->13200476K(20961280K), 0.0371790 secs] [Times: user=0.28 sys=0.01, real=0.03 secs]
2014-07-28T05:29:53.253+0000: 1034.229: [GC2014-07-28T05:29:53.253+0000: 1034.229: [ParNew: 90721K->9823K(92160K), 0.0390540 secs] 13282396K->13207047K(20961280K), 0.0391690 secs] [Times: user=0.30 sys=0.00, real=0.04 secs]
2014-07-28T05:29:53.714+0000: 1034.690: [GC2014-07-28T05:29:53.714+0000: 1034.690: [ParNew: 91743K->8567K(92160K), 0.0393660 secs] 13288967K->13211373K(20961280K), 0.0394830 secs] [Times: user=0.30 sys=0.01, real=0.03 secs]
2014-07-28T05:29:54.168+0000: 1035.144: [GC2014-07-28T05:29:54.168+0000: 1035.144: [ParNew: 90487K->9146K(92160K), 0.0363970 secs] 13293293K->13217603K(20961280K), 0.0365180 secs] [Times: user=0.28 sys=0.00, real=0.04 secs]
2014-07-28T05:29:54.502+0000: 1035.478: [GC2014-07-28T05:29:54.502+0000: 1035.478: [ParNew: 91066K->10240K(92160K), 0.0372300 secs] 13299523K->13224285K(20961280K), 0.0373500 secs] [Times: user=0.28 sys=0.01, real=0.03 secs]
2014-07-28T05:29:54.812+0000: 1035.788: [GC2014-07-28T05:29:54.812+0000: 1035.788: [ParNew: 92160K->9861K(92160K), 0.0381190 secs] 13306205K->13229574K(20961280K), 0.0382670 secs] [Times: user=0.27 sys=0.02, real=0.04 secs]
2014-07-28T05:29:55.246+0000: 1036.222: [GC2014-07-28T05:29:55.246+0000: 1036.222: [ParNew: 91781K->9874K(92160K), 0.0386370 secs] 13311494K->13235015K(20961280K), 0.0387820 secs] [Times: user=0.28 sys=0.01, real=0.04 secs]
2014-07-28T05:29:55.634+0000: 1036.610: [GC2014-07-28T05:29:55.634+0000: 1036.610: [ParNew: 91794K->8738K(92160K), 0.0373510 secs] 13316935K->13239708K(20961280K), 0.0374710 secs] [Times: user=0.27 sys=0.01, real=0.04 secs]
2014-07-28T05:29:55.930+0000: 1036.906: [GC2014-07-28T05:29:55.930+0000: 1036.906: [ParNew: 90657K->10240K(92160K), 0.0413940 secs] 13321627K->13246668K(20961280K), 0.0415100 secs] [Times: user=0.29 sys=0.02, real=0.04 secs]
2014-07-28T05:29:56.445+0000: 1037.422: [GC2014-07-28T05:29:56.446+0000: 1037.422: [ParNew: 92160K->9188K(92160K), 0.0367380 secs] 13328588K->13251332K(20961280K), 0.0368640 secs] [Times: user=0.28 sys=0.00, real=0.04 secs]
2014-07-28T05:29:56.783+0000: 1037.759: [GC2014-07-28T05:29:56.783+0000: 1037.759: [ParNew: 91108K->8105K(92160K), 0.0368900 secs] 13333252K->13255790K(20961280K), 0.0370100 secs] [Times: user=0.28 sys=0.01, real=0.03 secs]
2014-07-28T05:29:57.173+0000: 1038.149: [GC2014-07-28T05:29:57.173+0000: 1038.149: [ParNew: 90025K->10240K(92160K), 0.0372760 secs] 13337710K->13263463K(20961280K), 0.0373990 secs] [Times: user=0.27 sys=0.01, real=0.04 secs]
2014-07-28T05:29:57.476+0000: 1038.452: [GC2014-07-28T05:29:57.476+0000: 1038.452: [ParNew: 92160K->9046K(92160K), 0.0368920 secs] 13345383K->13267960K(20961280K), 0.0370160 secs] [Times: user=0.27 sys=0.01, real=0.03 secs]
2014-07-28T05:29:57.923+0000: 1038.899: [GC2014-07-28T05:29:57.923+0000: 1038.899: [ParNew: 90966K->8190K(92160K), 0.0362330 secs] 13349880K->13272559K(20961280K), 0.0363480 secs] [Times: user=0.28 sys=0.00, real=0.03 secs]
2014-07-28T05:29:58.308+0000: 1039.284: [GC2014-07-28T05:29:58.308+0000: 1039.284: [ParNew: 90110K->9980K(92160K), 0.0518140 secs] 13354479K->13279933K(20961280K), 0.0519440 secs] [Times: user=0.38 sys=0.01, real=0.05 secs]
2014-07-28T05:29:58.752+0000: 1039.728: [GC2014-07-28T05:29:58.752+0000: 1039.728: [ParNew: 91900K->8628K(92160K), 0.0397860 secs] 13361853K->13284402K(20961280K), 0.0398940 secs] [Times: user=0.29 sys=0.00, real=0.04 secs]
2014-07-28T05:29:59.163+0000: 1040.139: [GC2014-07-28T05:29:59.163+0000: 1040.139: [ParNew: 90548K->8967K(92160K), 0.0409090 secs] 13366322K->13290125K(20961280K), 0.0410110 secs] [Times: user=0.30 sys=0.00, real=0.04 secs]
2014-07-28T05:29:59.658+0000: 1040.634: [GC2014-07-28T05:29:59.658+0000: 1040.634: [ParNew: 90880K->9561K(92160K), 0.0550900 secs] 13372039K->13296354K(20961280K), 0.0552100 secs] [Times: user=0.33 sys=0.00, real=0.05 secs]
2014-07-28T05:30:00.362+0000: 1041.338: [GC2014-07-28T05:30:00.362+0000: 1041.338: [ParNew: 91481K->9438K(92160K), 0.0437270 secs] 13378274K->13301900K(20961280K), 0.0438440 secs] [Times: user=0.29 sys=0.01, real=0.05 secs]
2014-07-28T05:30:00.698+0000: 1041.674: [GC2014-07-28T05:30:00.698+0000: 1041.674: [ParNew: 91358K->10240K(92160K), 0.0463350 secs] 13383820K->13308355K(20961280K), 0.0464400 secs] [Times: user=0.32 sys=0.01, real=0.05 secs]
2014-07-28T05:30:00.906+0000: 1041.882: [GC2014-07-28T05:30:00.906+0000: 1041.882: [ParNew: 92160K->10240K(92160K), 0.0449190 secs] 13390275K->13314547K(20961280K), 0.0450300 secs] [Times: user=0.32 sys=0.01, real=0.04 secs]
2014-07-28T05:30:01.182+0000: 1042.158: [GC2014-07-28T05:30:01.182+0000: 1042.158: [ParNew: 92160K->9577K(92160K), 0.0409450 secs] 13396467K->13319152K(20961280K), 0.0410520 secs] [Times: user=0.26 sys=0.01, real=0.04 secs]
2014-07-28T05:30:01.424+0000: 1042.400: [GC2014-07-28T05:30:01.424+0000: 1042.400: [ParNew: 91497K->10240K(92160K), 0.0499850 secs] 13401072K->13325582K(20961280K), 0.0501110 secs] [Times: user=0.35 sys=0.02, real=0.05 secs]
2014-07-28T05:30:01.817+0000: 1042.793: [GC2014-07-28T05:30:01.817+0000: 1042.793: [ParNew: 92160K->10151K(92160K), 0.0681670 secs] 13407502K->13330922K(20961280K), 0.0682720 secs] [Times: user=0.41 sys=0.02, real=0.07 secs]
2014-07-28T05:30:02.412+0000: 1043.388: [GC2014-07-28T05:30:02.412+0000: 1043.388: [ParNew: 92071K->7199K(92160K), 0.0475020 secs] 13412842K->13333409K(20961280K), 0.0476200 secs] [Times: user=0.30 sys=0.00, real=0.05 secs]
2014-07-28T05:30:02.750+0000: 1043.726: [GC2014-07-28T05:30:02.750+0000: 1043.726: [ParNew: 89119K->9689K(92160K), 0.0438790 secs] 13415329K->13341396K(20961280K), 0.0439810 secs] [Times: user=0.30 sys=0.01, real=0.05 secs]
2014-07-28T05:30:03.123+0000: 1044.099: [GC2014-07-28T05:30:03.123+0000: 1044.099: [ParNew: 91609K->10240K(92160K), 0.0419400 secs] 13423316K->13347642K(20961280K), 0.0420420 secs] [Times: user=0.29 sys=0.00, real=0.04 secs]
2014-07-28T05:30:03.453+0000: 1044.429: [GC2014-07-28T05:30:03.453+0000: 1044.429: [ParNew: 92160K->9554K(92160K), 0.0427870 secs] 13429562K->13352668K(20961280K), 0.0429040 secs] [Times: user=0.29 sys=0.01, real=0.04 secs]
2014-07-28T05:30:03.855+0000: 1044.831: [GC2014-07-28T05:30:03.855+0000: 1044.831: [ParNew: 91474K->10240K(92160K), 0.0537920 secs] 13434588K->13358816K(20961280K), 0.0538950 secs] [Times: user=0.30 sys=0.01, real=0.05 secs]
2014-07-28T05:30:04.414+0000: 1045.390: [GC2014-07-28T05:30:04.414+0000: 1045.390: [ParNew: 92160K->9389K(92160K), 0.0536880 secs] 13440736K->13363717K(20961280K), 0.0538170 secs] [Times: user=0.34 sys=0.01, real=0.05 secs]
2014-07-28T05:30:04.623+0000: 1045.599: [GC2014-07-28T05:30:04.623+0000: 1045.599: [ParNew: 91309K->10240K(92160K), 0.0502400 secs] 13445637K->13370084K(20961280K), 0.0503410 secs] [Times: user=0.31 sys=0.01, real=0.05 secs]
2014-07-28T05:30:05.015+0000: 1045.991: [GC2014-07-28T05:30:05.015+0000: 1045.991: [ParNew: 92160K->10240K(92160K), 0.0573590 secs] 13452004K->13375767K(20961280K), 0.0574690 secs] [Times: user=0.36 sys=0.01, real=0.06 secs]
2014-07-28T05:30:05.406+0000: 1046.382: [GC2014-07-28T05:30:05.406+0000: 1046.382: [ParNew: 92160K->7637K(92160K), 0.0482170 secs] 13457687K->13378623K(20961280K), 0.0483270 secs] [Times: user=0.28 sys=0.02, real=0.05 secs]
2014-07-28T05:30:05.863+0000: 1046.839: [GC2014-07-28T05:30:05.863+0000: 1046.839: [ParNew: 89557K->9288K(92160K), 0.0505290 secs] 13460543K->13385853K(20961280K), 0.0506370 secs] [Times: user=0.30 sys=0.02, real=0.05 secs]
2014-07-28T05:30:06.263+0000: 1047.239: [GC2014-07-28T05:30:06.263+0000: 1047.239: [ParNew: 91208K->9598K(92160K), 0.0491750 secs] 13467773K->13391769K(20961280K), 0.0492860 secs] [Times: user=0.33 sys=0.01, real=0.05 secs]
2014-07-28T05:30:06.642+0000: 1047.619: [GC2014-07-28T05:30:06.643+0000: 1047.619: [ParNew: 91518K->10240K(92160K), 0.0580240 secs] 13473689K->13398064K(20961280K), 0.0581250 secs] [Times: user=0.34 sys=0.02, real=0.05 secs]
2014-07-28T05:30:07.013+0000: 1047.989: [GC2014-07-28T05:30:07.013+0000: 1047.989: [ParNew: 92160K->8660K(92160K), 0.0552560 secs] 13479984K->13402030K(20961280K), 0.0553620 secs] [Times: user=0.32 sys=0.01, real=0.05 secs]
2014-07-28T05:30:07.287+0000: 1048.263: [GC2014-07-28T05:30:07.287+0000: 1048.264: [ParNew: 90580K->10240K(92160K), 0.0402000 secs] 13483950K->13409493K(20961280K), 0.0403180 secs] [Times: user=0.29 sys=0.01, real=0.04 secs]
2014-07-28T05:30:07.754+0000: 1048.730: [GC2014-07-28T05:30:07.754+0000: 1048.730: [ParNew: 92159K->8318K(92160K), 0.0376230 secs] 13491413K->13413269K(20961280K), 0.0377440 secs] [Times: user=0.28 sys=0.00, real=0.04 secs]
2014-07-28T05:30:08.173+0000: 1049.149: [GC2014-07-28T05:30:08.173+0000: 1049.149: [ParNew: 90238K->8311K(92160K), 0.0374300 secs] 13495189K->13418647K(20961280K), 0.0375480 secs] [Times: user=0.27 sys=0.02, real=0.04 secs]
2014-07-28T05:30:08.444+0000: 1049.420: [GC2014-07-28T05:30:08.444+0000: 1049.420: [ParNew: 90230K->10240K(92160K), 0.0386230 secs] 13500566K->13426088K(20961280K), 0.0387390 secs] [Times: user=0.27 sys=0.02, real=0.04 secs]
2014-07-28T05:30:09.003+0000: 1049.979: [GC2014-07-28T05:30:09.003+0000: 1049.979: [ParNew: 92160K->8819K(92160K), 0.0403820 secs] 13508008K->13430389K(20961280K), 0.0405000 secs] [Times: user=0.30 sys=0.01, real=0.04 secs]
2014-07-28T05:30:09.369+0000: 1050.345: [GC2014-07-28T05:30:09.369+0000: 1050.345: [ParNew: 90739K->9116K(92160K), 0.0369100 secs] 13512309K->13436180K(20961280K), 0.0370370 secs] [Times: user=0.27 sys=0.01, real=0.04 secs]
2014-07-28T05:30:09.813+0000: 1050.789: [GC2014-07-28T05:30:09.813+0000: 1050.789: [ParNew: 91036K->10108K(92160K), 0.0361860 secs] 13518100K->13442792K(20961280K), 0.0363070 secs] [Times: user=0.27 sys=0.01, real=0.03 secs]
2014-07-28T05:30:10.538+0000: 1051.514: [GC2014-07-28T05:30:10.538+0000: 1051.514: [ParNew: 92028K->8559K(92160K), 0.0362800 secs] 13524712K->13446821K(20961280K), 0.0364040 secs] [Times: user=0.27 sys=0.01, real=0.04 secs]
2014-07-28T05:30:10.826+0000: 1051.802: [GC2014-07-28T05:30:10.826+0000: 1051.803: [ParNew: 90479K->10240K(92160K), 0.0422870 secs] 13528741K->13454035K(20961280K), 0.0424080 secs] [Times: user=0.33 sys=0.00, real=0.04 secs]
2014-07-28T05:30:11.045+0000: 1052.021: [GC2014-07-28T05:30:11.045+0000: 1052.021: [ParNew: 92160K->10084K(92160K), 0.0385620 secs] 13535955K->13459808K(20961280K), 0.0386850 secs] [Times: user=0.29 sys=0.01, real=0.04 secs]
2014-07-28T05:30:11.326+0000: 1052.302: [GC2014-07-28T05:30:11.326+0000: 1052.302: [ParNew: 92004K->10240K(92160K), 0.0362220 secs] 13541728K->13465416K(20961280K), 0.0363440 secs] [Times: user=0.27 sys=0.01, real=0.04 secs]
2014-07-28T05:30:11.615+0000: 1052.591: [GC2014-07-28T05:30:11.615+0000: 1052.591: [ParNew: 92160K->9726K(92160K), 0.0397960 secs] 13547336K->13470558K(20961280K), 0.0399180 secs] [Times: user=0.30 sys=0.01, real=0.04 secs]
2014-07-28T05:30:12.168+0000: 1053.144: [GC2014-07-28T05:30:12.168+0000: 1053.144: [ParNew: 91646K->8187K(92160K), 0.0370860 secs] 13552478K->13474464K(20961280K), 0.0372110 secs] [Times: user=0.28 sys=0.00, real=0.04 secs]
2014-07-28T05:30:12.628+0000: 1053.604: [GC2014-07-28T05:30:12.628+0000: 1053.604: [ParNew: 90107K->8894K(92160K), 0.0418920 secs] 13556384K->13480739K(20961280K), 0.0420120 secs] [Times: user=0.30 sys=0.01, real=0.04 secs]
2014-07-28T05:30:12.975+0000: 1053.951: [GC2014-07-28T05:30:12.975+0000: 1053.951: [ParNew: 90802K->7719K(92160K), 0.0381290 secs] 13562646K->13485192K(20961280K), 0.0382520 secs] [Times: user=0.28 sys=0.01, real=0.04 secs]
2014-07-28T05:30:13.254+0000: 1054.230: [GC2014-07-28T05:30:13.254+0000: 1054.230: [ParNew: 89639K->9802K(92160K), 0.0382320 secs] 13567112K->13492895K(20961280K), 0.0383510 secs] [Times: user=0.29 sys=0.02, real=0.04 secs]
2014-07-28T05:30:13.639+0000: 1054.615: [GC2014-07-28T05:30:13.639+0000: 1054.615: [ParNew: 91722K->7668K(92160K), 0.0437680 secs] 13574815K->13496505K(20961280K), 0.0438840 secs] [Times: user=0.26 sys=0.02, real=0.05 secs]
2014-07-28T05:30:14.052+0000: 1055.029: [GC2014-07-28T05:30:14.053+0000: 1055.029: [ParNew: 89572K->8803K(92160K), 0.0364360 secs] 13578409K->13503007K(20961280K), 0.0365580 secs] [Times: user=0.26 sys=0.01, real=0.03 secs]
2014-07-28T05:30:14.550+0000: 1055.526: [GC2014-07-28T05:30:14.550+0000: 1055.526: [ParNew: 90723K->10240K(92160K), 0.0383170 secs] 13584927K->13510113K(20961280K), 0.0384490 secs] [Times: user=0.30 sys=0.00, real=0.04 secs]
2014-07-28T05:30:14.802+0000: 1055.778: [GC2014-07-28T05:30:14.802+0000: 1055.778: [ParNew: 92160K->9523K(92160K), 0.0376260 secs] 13592033K->13515155K(20961280K), 0.0377470 secs] [Times: user=0.28 sys=0.01, real=0.04 secs]
2014-07-28T05:30:15.233+0000: 1056.209: [GC2014-07-28T05:30:15.233+0000: 1056.209: [ParNew: 91443K->9278K(92160K), 0.0407030 secs] 13597075K->13520328K(20961280K), 0.0408260 secs] [Times: user=0.27 sys=0.01, real=0.04 secs]
2014-07-28T05:30:15.579+0000: 1056.555: [GC2014-07-28T05:30:15.579+0000: 1056.555: [ParNew: 91195K->10240K(92160K), 0.0379400 secs] 13602246K->13526856K(20961280K), 0.0380620 secs] [Times: user=0.28 sys=0.01, real=0.04 secs]
2014-07-28T05:30:15.989+0000: 1056.965: [GC2014-07-28T05:30:15.989+0000: 1056.965: [ParNew: 92160K->9917K(92160K), 0.0618200 secs] 13608776K->13532355K(20961280K), 0.0619390 secs] [Times: user=0.43 sys=0.00, real=0.07 secs]
2014-07-28T05:30:16.434+0000: 1057.410: [GC2014-07-28T05:30:16.434+0000: 1057.410: [ParNew: 91837K->8824K(92160K), 0.0370490 secs] 13614275K->13536875K(20961280K), 0.0371720 secs] [Times: user=0.27 sys=0.01, real=0.04 secs]
2014-07-28T05:30:16.795+0000: 1057.771: [GC2014-07-28T05:30:16.795+0000: 1057.772: [ParNew: 90744K->10240K(92160K), 0.0374920 secs] 13618795K->13543622K(20961280K), 0.0376160 secs] [Times: user=0.28 sys=0.01, real=0.04 secs]
2014-07-28T05:30:17.176+0000: 1058.152: [GC2014-07-28T05:30:17.176+0000: 1058.152: [ParNew: 92160K->9656K(92160K), 0.0488760 secs] 13625542K->13548819K(20961280K), 0.0489850 secs] [Times: user=0.34 sys=0.01, real=0.05 secs]
2014-07-28T05:30:17.418+0000: 1058.394: [GC2014-07-28T05:30:17.418+0000: 1058.394: [ParNew: 91576K->9161K(92160K), 0.0451830 secs] 13630739K->13553751K(20961280K), 0.0452960 secs] [Times: user=0.29 sys=0.01, real=0.05 secs]
2014-07-28T05:30:17.901+0000: 1058.877: [GC2014-07-28T05:30:17.901+0000: 1058.877: [ParNew: 91081K->9576K(92160K), 0.0374530 secs] 13635671K->13559871K(20961280K), 0.0375760 secs] [Times: user=0.27 sys=0.02, real=0.04 secs]
2014-07-28T05:30:18.353+0000: 1059.329: [GC2014-07-28T05:30:18.353+0000: 1059.329: [ParNew: 91496K->7563K(92160K), 0.0367310 secs] 13641791K->13563362K(20961280K), 0.0368520 secs] [Times: user=0.28 sys=0.01, real=0.04 secs]
2014-07-28T05:30:18.582+0000: 1059.558: [GC2014-07-28T05:30:18.582+0000: 1059.559: [ParNew: 89483K->9731K(92160K), 0.0544770 secs] 13645282K->13571133K(20961280K), 0.0545940 secs] [Times: user=0.31 sys=0.01, real=0.05 secs]
2014-07-28T05:30:19.173+0000: 1060.149: [GC2014-07-28T05:30:19.173+0000: 1060.149: [ParNew: 91651K->8605K(92160K), 0.0388950 secs] 13653053K->13575581K(20961280K), 0.0390100 secs] [Times: user=0.29 sys=0.00, real=0.04 secs]
2014-07-28T05:30:19.505+0000: 1060.481: [GC2014-07-28T05:30:19.505+0000: 1060.481: [ParNew: 90525K->8668K(92160K), 0.0380550 secs] 13657501K->13581219K(20961280K), 0.0381780 secs] [Times: user=0.29 sys=0.00, real=0.04 secs]
2014-07-28T05:30:19.929+0000: 1060.905: [GC2014-07-28T05:30:19.929+0000: 1060.905: [ParNew: 90588K->10240K(92160K), 0.0369120 secs] 13663139K->13588574K(20961280K), 0.0370360 secs] [Times: user=0.27 sys=0.01, real=0.04 secs]
2014-07-28T05:30:20.668+0000: 1061.644: [GC2014-07-28T05:30:20.668+0000: 1061.644: [ParNew: 92160K->9398K(92160K), 0.0393400 secs] 13670494K->13593313K(20961280K), 0.0394640 secs] [Times: user=0.30 sys=0.01, real=0.04 secs]
2014-07-28T05:30:20.955+0000: 1061.931: [GC2014-07-28T05:30:20.955+0000: 1061.931: [ParNew: 91318K->10240K(92160K), 0.0429660 secs] 13675233K->13599692K(20961280K), 0.0430870 secs] [Times: user=0.32 sys=0.00, real=0.04 secs]
2014-07-28T05:30:21.207+0000: 1062.183: [GC2014-07-28T05:30:21.207+0000: 1062.183: [ParNew: 92160K->9326K(92160K), 0.0578880 secs] 13681612K->13604492K(20961280K), 0.0580030 secs] [Times: user=0.32 sys=0.01, real=0.06 secs]
2014-07-28T05:30:21.439+0000: 1062.415: [GC2014-07-28T05:30:21.439+0000: 1062.415: [ParNew: 91246K->10240K(92160K), 0.0381390 secs] 13686412K->13611087K(20961280K), 0.0382660 secs] [Times: user=0.28 sys=0.01, real=0.04 secs]
2014-07-28T05:30:21.812+0000: 1062.788: [GC2014-07-28T05:30:21.812+0000: 1062.788: [ParNew: 92160K->8676K(92160K), 0.0376210 secs] 13693007K->13615071K(20961280K), 0.0377450 secs] [Times: user=0.29 sys=0.01, real=0.03 secs]
2014-07-28T05:30:22.309+0000: 1063.285: [GC2014-07-28T05:30:22.309+0000: 1063.285: [ParNew: 90596K->9196K(92160K), 0.0376560 secs] 13696991K->13620948K(20961280K), 0.0377820 secs] [Times: user=0.29 sys=0.00, real=0.04 secs]
2014-07-28T05:30:22.773+0000: 1063.749: [GC2014-07-28T05:30:22.773+0000: 1063.749: [ParNew: 91116K->9485K(92160K), 0.0388810 secs] 13702868K->13626885K(20961280K), 0.0389970 secs] [Times: user=0.29 sys=0.01, real=0.04 secs]
2014-07-28T05:30:23.104+0000: 1064.080: [GC2014-07-28T05:30:23.104+0000: 1064.080: [ParNew: 91405K->10240K(92160K), 0.0394340 secs] 13708805K->13633226K(20961280K), 0.0395540 secs] [Times: user=0.27 sys=0.03, real=0.04 secs]
2014-07-28T05:30:23.372+0000: 1064.348: [GC2014-07-28T05:30:23.372+0000: 1064.348: [ParNew: 92160K->8746K(92160K), 0.0421790 secs] 13715146K->13637351K(20961280K), 0.0423000 secs] [Times: user=0.32 sys=0.00, real=0.04 secs]
2014-07-28T05:30:23.833+0000: 1064.809: [GC2014-07-28T05:30:23.833+0000: 1064.809: [ParNew: 90666K->8167K(92160K), 0.0376650 secs] 13719271K->13642396K(20961280K), 0.0377830 secs] [Times: user=0.28 sys=0.01, real=0.04 secs]
2014-07-28T05:30:24.218+0000: 1065.194: [GC2014-07-28T05:30:24.218+0000: 1065.194: [ParNew: 90087K->8732K(92160K), 0.0370810 secs] 13724316K->13648436K(20961280K), 0.0372030 secs] [Times: user=0.28 sys=0.00, real=0.04 secs]
2014-07-28T05:30:24.668+0000: 1065.645: [GC2014-07-28T05:30:24.669+0000: 1065.645: [ParNew: 90652K->10240K(92160K), 0.0357400 secs] 13730356K->13655540K(20961280K), 0.0358610 secs] [Times: user=0.27 sys=0.00, real=0.04 secs]
2014-07-28T05:30:24.918+0000: 1065.894: [GC2014-07-28T05:30:24.918+0000: 1065.895: [ParNew: 92160K->10240K(92160K), 0.0387960 secs] 13737460K->13661466K(20961280K), 0.0389420 secs] [Times: user=0.30 sys=0.01, real=0.04 secs]
2014-07-28T05:30:25.408+0000: 1066.384: [GC2014-07-28T05:30:25.408+0000: 1066.384: [ParNew: 92160K->7420K(92160K), 0.0371270 secs] 13743386K->13664076K(20961280K), 0.0372460 secs] [Times: user=0.27 sys=0.01, real=0.04 secs]
2014-07-28T05:30:25.713+0000: 1066.689: [GC2014-07-28T05:30:25.713+0000: 1066.689: [ParNew: 89340K->9931K(92160K), 0.0373050 secs] 13745996K->13672108K(20961280K), 0.0374290 secs] [Times: user=0.28 sys=0.00, real=0.04 secs]
2014-07-28T05:30:26.124+0000: 1067.100: [GC2014-07-28T05:30:26.124+0000: 1067.100: [ParNew: 91851K->10240K(92160K), 0.0383330 secs] 13754028K->13678285K(20961280K), 0.0384590 secs] [Times: user=0.29 sys=0.01, real=0.04 secs]
2014-07-28T05:30:26.556+0000: 1067.532: [GC2014-07-28T05:30:26.556+0000: 1067.532: [ParNew: 92160K->10240K(92160K), 0.0382780 secs] 13760205K->13684208K(20961280K), 0.0383970 secs] [Times: user=0.28 sys=0.02, real=0.04 secs]
2014-07-28T05:30:26.909+0000: 1067.885: [GC2014-07-28T05:30:26.909+0000: 1067.885: [ParNew: 92160K->10240K(92160K), 0.0357810 secs] 13766128K->13689515K(20961280K), 0.0359040 secs] [Times: user=0.26 sys=0.01, real=0.04 secs]
2014-07-28T05:30:27.333+0000: 1068.309: [GC2014-07-28T05:30:27.333+0000: 1068.309: [ParNew: 92160K->9646K(92160K), 0.0358410 secs] 13771435K->13694521K(20961280K), 0.0359630 secs] [Times: user=0.26 sys=0.01, real=0.03 secs]
2014-07-28T05:30:27.573+0000: 1068.549: [GC2014-07-28T05:30:27.573+0000: 1068.549: [ParNew: 91566K->9747K(92160K), 0.0362340 secs] 13776441K->13700078K(20961280K), 0.0363550 secs] [Times: user=0.27 sys=0.00, real=0.03 secs]
2014-07-28T05:30:28.020+0000: 1068.996: [GC2014-07-28T05:30:28.020+0000: 1068.996: [ParNew: 91667K->10164K(92160K), 0.0368960 secs] 13781998K->13706087K(20961280K), 0.0370210 secs] [Times: user=0.25 sys=0.03, real=0.04 secs]
2014-07-28T05:30:28.488+0000: 1069.464: [GC2014-07-28T05:30:28.488+0000: 1069.464: [ParNew: 92084K->9857K(92160K), 0.0386400 secs] 13788007K->13711439K(20961280K), 0.0387610 secs] [Times: user=0.28 sys=0.02, real=0.04 secs]
2014-07-28T05:30:28.853+0000: 1069.829: [GC2014-07-28T05:30:28.853+0000: 1069.829: [ParNew: 91777K->10033K(92160K), 0.0376480 secs] 13793359K->13717235K(20961280K), 0.0377670 secs] [Times: user=0.28 sys=0.01, real=0.04 secs]
2014-07-28T05:30:29.285+0000: 1070.261: [GC2014-07-28T05:30:29.285+0000: 1070.262: [ParNew: 91939K->9575K(92160K), 0.0343550 secs] 13799142K->13722293K(20961280K), 0.0344740 secs] [Times: user=0.26 sys=0.00, real=0.03 secs]
2014-07-28T05:30:29.739+0000: 1070.715: [GC2014-07-28T05:30:29.739+0000: 1070.715: [ParNew: 91495K->9106K(92160K), 0.0356810 secs] 13804213K->13727445K(20961280K), 0.0358050 secs] [Times: user=0.27 sys=0.00, real=0.04 secs]
2014-07-28T05:30:30.115+0000: 1071.091: [GC2014-07-28T05:30:30.115+0000: 1071.091: [ParNew: 91026K->8218K(92160K), 0.0370000 secs] 13809365K->13732023K(20961280K), 0.0371230 secs] [Times: user=0.27 sys=0.01, real=0.04 secs]
2014-07-28T05:30:30.868+0000: 1071.844: [GC2014-07-28T05:30:30.868+0000: 1071.844: [ParNew: 90138K->9079K(92160K), 0.0384080 secs] 13813943K->13738419K(20961280K), 0.0546310 secs] [Times: user=0.28 sys=0.01, real=0.06 secs]
2014-07-28T05:30:31.076+0000: 1072.052: [GC2014-07-28T05:30:31.076+0000: 1072.052: [ParNew: 90999K->9433K(92160K), 0.0371840 secs] 13820339K->13744376K(20961280K), 0.0373290 secs] [Times: user=0.28 sys=0.01, real=0.04 secs]
2014-07-28T05:30:31.335+0000: 1072.311: [GC2014-07-28T05:30:31.335+0000: 1072.311: [ParNew: 91353K->10240K(92160K), 0.0365260 secs] 13826296K->13750950K(20961280K), 0.0366430 secs] [Times: user=0.26 sys=0.01, real=0.04 secs]
2014-07-28T05:30:31.592+0000: 1072.568: [GC2014-07-28T05:30:31.592+0000: 1072.568: [ParNew: 92160K->9825K(92160K), 0.0637900 secs] 13832870K->13756180K(20961280K), 0.0639090 secs] [Times: user=0.28 sys=0.03, real=0.06 secs]
2014-07-28T05:30:31.928+0000: 1072.905: [GC2014-07-28T05:30:31.928+0000: 1072.905: [ParNew: 91745K->8778K(92160K), 0.0371690 secs] 13838100K->13760495K(20961280K), 0.0372900 secs] [Times: user=0.27 sys=0.02, real=0.04 secs]
2014-07-28T05:30:32.429+0000: 1073.405: [GC2014-07-28T05:30:32.429+0000: 1073.405: [ParNew: 90698K->10240K(92160K), 0.0581600 secs] 13842415K->13767722K(20961280K), 0.0582950 secs] [Times: user=0.35 sys=0.01, real=0.06 secs]
2014-07-28T05:30:32.892+0000: 1073.868: [GC2014-07-28T05:30:32.892+0000: 1073.868: [ParNew: 92160K->10240K(92160K), 0.0450460 secs] 13849642K->13773335K(20961280K), 0.0451470 secs] [Times: user=0.29 sys=0.01, real=0.04 secs]
2014-07-28T05:30:33.283+0000: 1074.259: [GC2014-07-28T05:30:33.283+0000: 1074.259: [ParNew: 92160K->9775K(92160K), 0.0418890 secs] 13855255K->13778392K(20961280K), 0.0419910 secs] [Times: user=0.30 sys=0.02, real=0.04 secs]
2014-07-28T05:30:33.525+0000: 1074.501: [GC2014-07-28T05:30:33.525+0000: 1074.501: [ParNew: 91690K->10050K(92160K), 0.0476580 secs] 13860308K->13784161K(20961280K), 0.0477610 secs] [Times: user=0.29 sys=0.00, real=0.05 secs]
2014-07-28T05:30:34.024+0000: 1075.000: [GC2014-07-28T05:30:34.024+0000: 1075.000: [ParNew: 91970K->9987K(92160K), 0.0458560 secs] 13866081K->13789825K(20961280K), 0.0459630 secs] [Times: user=0.31 sys=0.02, real=0.04 secs]
2014-07-28T05:30:34.430+0000: 1075.406: [GC2014-07-28T05:30:34.430+0000: 1075.406: [ParNew: 91907K->9109K(92160K), 0.0506300 secs] 13871745K->13794453K(20961280K), 0.0507470 secs] [Times: user=0.32 sys=0.02, real=0.05 secs]
2014-07-28T05:30:34.803+0000: 1075.780: [GC2014-07-28T05:30:34.804+0000: 1075.780: [ParNew: 91029K->9770K(92160K), 0.0438380 secs] 13876373K->13800748K(20961280K), 0.0439580 secs] [Times: user=0.29 sys=0.01, real=0.04 secs]
2014-07-28T05:30:35.075+0000: 1076.051: [GC2014-07-28T05:30:35.075+0000: 1076.051: [ParNew: 91690K->8560K(92160K), 0.0397430 secs] 13882668K->13805192K(20961280K), 0.0398420 secs] [Times: user=0.28 sys=0.00, real=0.04 secs]
2014-07-28T05:30:35.515+0000: 1076.491: [GC2014-07-28T05:30:35.515+0000: 1076.491: [ParNew: 90480K->10240K(92160K), 0.0909850 secs] 13887112K->13812474K(20961280K), 0.0911110 secs] [Times: user=0.28 sys=0.01, real=0.09 secs]
2014-07-28T05:30:35.893+0000: 1076.869: [GC2014-07-28T05:30:35.893+0000: 1076.869: [ParNew: 92160K->9459K(92160K), 0.0659010 secs] 13894394K->13817384K(20961280K), 0.1621330 secs] [Times: user=0.31 sys=0.01, real=0.16 secs]
2014-07-28T05:30:36.246+0000: 1077.223: [GC2014-07-28T05:30:36.247+0000: 1077.223: [ParNew: 91378K->10061K(92160K), 0.0367210 secs] 13899303K->13823427K(20961280K), 0.0368490 secs] [Times: user=0.27 sys=0.01, real=0.04 secs]
2014-07-28T05:30:36.698+0000: 1077.674: [GC2014-07-28T05:30:36.698+0000: 1077.674: [ParNew: 91981K->10240K(92160K), 0.0388810 secs] 13905347K->13829307K(20961280K), 0.0390030 secs] [Times: user=0.28 sys=0.02, real=0.03 secs]
2014-07-28T05:30:37.034+0000: 1078.010: [GC2014-07-28T05:30:37.034+0000: 1078.010: [ParNew: 92160K->10240K(92160K), 0.0393220 secs] 13911227K->13834787K(20961280K), 0.0394400 secs] [Times: user=0.28 sys=0.02, real=0.04 secs]
2014-07-28T05:30:37.448+0000: 1078.424: [GC2014-07-28T05:30:37.448+0000: 1078.424: [ParNew: 92160K->10240K(92160K), 0.0360740 secs] 13916707K->13840400K(20961280K), 0.0362020 secs] [Times: user=0.27 sys=0.02, real=0.04 secs]
2014-07-28T05:30:37.773+0000: 1078.749: [GC2014-07-28T05:30:37.773+0000: 1078.749: [ParNew: 92160K->9324K(92160K), 0.0359270 secs] 13922320K->13845109K(20961280K), 0.0360500 secs] [Times: user=0.26 sys=0.02, real=0.03 secs]
2014-07-28T05:30:38.228+0000: 1079.204: [GC2014-07-28T05:30:38.228+0000: 1079.204: [ParNew: 91244K->8687K(92160K), 0.0368070 secs] 13927029K->13849937K(20961280K), 0.0369270 secs] [Times: user=0.27 sys=0.01, real=0.04 secs]
2014-07-28T05:30:38.601+0000: 1079.577: [GC2014-07-28T05:30:38.601+0000: 1079.577: [ParNew: 90607K->10240K(92160K), 0.0645000 secs] 13931857K->13857102K(20961280K), 0.0646200 secs] [Times: user=0.32 sys=0.00, real=0.06 secs]
2014-07-28T05:30:39.052+0000: 1080.028: [GC2014-07-28T05:30:39.052+0000: 1080.028: [ParNew: 92160K->9354K(92160K), 0.0372210 secs] 13939022K->13861919K(20961280K), 0.0373610 secs] [Times: user=0.28 sys=0.00, real=0.03 secs]
2014-07-28T05:30:39.413+0000: 1080.389: [GC2014-07-28T05:30:39.413+0000: 1080.389: [ParNew: 91274K->9139K(92160K), 0.0356450 secs] 13943839K->13867114K(20961280K), 0.0357720 secs] [Times: user=0.26 sys=0.01, real=0.03 secs]
2014-07-28T05:30:39.904+0000: 1080.880: [GC2014-07-28T05:30:39.904+0000: 1080.880: [ParNew: 91059K->10240K(92160K), 0.0368850 secs] 13949034K->13874005K(20961280K), 0.0370080 secs] [Times: user=0.27 sys=0.01, real=0.04 secs]
2014-07-28T05:30:40.606+0000: 1081.582: [GC2014-07-28T05:30:40.606+0000: 1081.582: [ParNew: 92160K->10240K(92160K), 0.0346910 secs] 13955925K->13879587K(20961280K), 0.0348230 secs] [Times: user=0.26 sys=0.00, real=0.04 secs]
2014-07-28T05:30:40.996+0000: 1081.972: [GC2014-07-28T05:30:40.996+0000: 1081.972: [ParNew: 92160K->9901K(92160K), 0.0375130 secs] 13961507K->13884716K(20961280K), 0.0376390 secs] [Times: user=0.28 sys=0.01, real=0.04 secs]
2014-07-28T05:30:41.192+0000: 1082.168: [GC2014-07-28T05:30:41.192+0000: 1082.168: [ParNew: 91821K->10240K(92160K), 0.0413490 secs] 13966636K->13890705K(20961280K), 0.0414750 secs] [Times: user=0.28 sys=0.02, real=0.04 secs]
2014-07-28T05:30:41.472+0000: 1082.448: [GC2014-07-28T05:30:41.472+0000: 1082.449: [ParNew: 92160K->8211K(92160K), 0.0367860 secs] 13972625K->13894323K(20961280K), 0.0369080 secs] [Times: user=0.28 sys=0.00, real=0.03 secs]
2014-07-28T05:30:41.709+0000: 1082.686: [GC2014-07-28T05:30:41.710+0000: 1082.686: [ParNew: 90131K->10240K(92160K), 0.0391680 secs] 13976243K->13901843K(20961280K), 0.0392890 secs] [Times: user=0.30 sys=0.00, real=0.04 secs]
2014-07-28T05:30:42.132+0000: 1083.108: [GC2014-07-28T05:30:42.132+0000: 1083.108: [ParNew: 92160K->9522K(92160K), 0.0375270 secs] 13983763K->13906916K(20961280K), 0.0376450 secs] [Times: user=0.28 sys=0.00, real=0.03 secs]
2014-07-28T05:30:42.655+0000: 1083.631: [GC2014-07-28T05:30:42.655+0000: 1083.631: [ParNew: 91427K->7962K(92160K), 0.0423540 secs] 13988822K->13910742K(20961280K), 0.0424790 secs] [Times: user=0.31 sys=0.00, real=0.04 secs]
2014-07-28T05:30:43.009+0000: 1083.985: [GC2014-07-28T05:30:43.009+0000: 1083.985: [ParNew: 89882K->10240K(92160K), 0.0441420 secs] 13992662K->13918589K(20961280K), 0.0442650 secs] [Times: user=0.31 sys=0.01, real=0.05 secs]
2014-07-28T05:30:43.403+0000: 1084.379: [GC2014-07-28T05:30:43.403+0000: 1084.379: [ParNew: 92160K->10240K(92160K), 0.0390830 secs] 14000509K->13924318K(20961280K), 0.0392030 secs] [Times: user=0.28 sys=0.01, real=0.04 secs]
2014-07-28T05:30:43.703+0000: 1084.679: [GC2014-07-28T05:30:43.703+0000: 1084.679: [ParNew: 92160K->9416K(92160K), 0.0381110 secs] 14006238K->13929027K(20961280K), 0.0382290 secs] [Times: user=0.26 sys=0.01, real=0.04 secs]
2014-07-28T05:30:44.135+0000: 1085.111: [GC2014-07-28T05:30:44.135+0000: 1085.111: [ParNew: 91336K->10240K(92160K), 0.0377900 secs] 14010947K->13935328K(20961280K), 0.0379160 secs] [Times: user=0.28 sys=0.01, real=0.04 secs]
2014-07-28T05:30:44.697+0000: 1085.673: [GC2014-07-28T05:30:44.697+0000: 1085.673: [ParNew: 92160K->10012K(92160K), 0.0357900 secs] 14017248K->13940908K(20961280K), 0.0359160 secs] [Times: user=0.27 sys=0.01, real=0.04 secs]
2014-07-28T05:30:44.912+0000: 1085.888: [GC2014-07-28T05:30:44.912+0000: 1085.888: [ParNew: 91932K->9505K(92160K), 0.0368900 secs] 14022828K->13945785K(20961280K), 0.0370130 secs] [Times: user=0.27 sys=0.01, real=0.03 secs]
2014-07-28T05:30:45.244+0000: 1086.220: [GC2014-07-28T05:30:45.244+0000: 1086.220: [ParNew: 91413K->10101K(92160K), 0.0369960 secs] 14027693K->13952174K(20961280K), 0.0371200 secs] [Times: user=0.28 sys=0.00, real=0.04 secs]
2014-07-28T05:30:45.695+0000: 1086.671: [GC2014-07-28T05:30:45.695+0000: 1086.671: [ParNew: 92021K->8093K(92160K), 0.0359090 secs] 14034094K->13955579K(20961280K), 0.0360290 secs] [Times: user=0.25 sys=0.02, real=0.04 secs]
2014-07-28T05:30:46.152+0000: 1087.128: [GC2014-07-28T05:30:46.152+0000: 1087.128: [ParNew: 90013K->9161K(92160K), 0.0373630 secs] 14037499K->13962303K(20961280K), 0.0374900 secs] [Times: user=0.28 sys=0.01, real=0.03 secs]
2014-07-28T05:30:46.489+0000: 1087.465: [GC2014-07-28T05:30:46.489+0000: 1087.465: [ParNew: 91081K->9423K(92160K), 0.0364450 secs] 14044223K->13968035K(20961280K), 0.0365650 secs] [Times: user=0.25 sys=0.02, real=0.04 secs]
2014-07-28T05:30:46.879+0000: 1087.855: [GC2014-07-28T05:30:46.879+0000: 1087.855: [ParNew: 91343K->9838K(92160K), 0.0347110 secs] 14049955K->13974086K(20961280K), 0.0348360 secs] [Times: user=0.25 sys=0.01, real=0.03 secs]
2014-07-28T05:30:47.251+0000: 1088.227: [GC2014-07-28T05:30:47.251+0000: 1088.227: [ParNew: 91758K->8661K(92160K), 0.0516580 secs] 14056006K->13978437K(20961280K), 0.0517780 secs] [Times: user=0.30 sys=0.01, real=0.05 secs]
2014-07-28T05:30:47.556+0000: 1088.532: [GC2014-07-28T05:30:47.556+0000: 1088.532: [ParNew: 90581K->10240K(92160K), 0.0515150 secs] 14060357K->13985783K(20961280K), 0.0516240 secs] [Times: user=0.29 sys=0.02, real=0.05 secs]
2014-07-28T05:30:47.973+0000: 1088.949: [GC2014-07-28T05:30:47.973+0000: 1088.949: [ParNew: 92160K->7484K(92160K), 0.0364580 secs] 14067703K->13988671K(20961280K), 0.0365770 secs] [Times: user=0.27 sys=0.01, real=0.03 secs]
2014-07-28T05:30:48.393+0000: 1089.369: [GC2014-07-28T05:30:48.393+0000: 1089.369: [ParNew: 89404K->9044K(92160K), 0.0365660 secs] 14070591K->13995618K(20961280K), 0.0366840 secs] [Times: user=0.28 sys=0.00, real=0.03 secs]
2014-07-28T05:30:48.720+0000: 1089.696: [GC2014-07-28T05:30:48.720+0000: 1089.696: [ParNew: 90964K->10240K(92160K), 0.0431360 secs] 14077538K->14003585K(20961280K), 0.0432580 secs] [Times: user=0.31 sys=0.01, real=0.04 secs]
2014-07-28T05:30:49.222+0000: 1090.198: [GC2014-07-28T05:30:49.222+0000: 1090.198: [ParNew: 92160K->9793K(92160K), 0.0354070 secs] 14085505K->14008426K(20961280K), 0.0355510 secs] [Times: user=0.26 sys=0.02, real=0.03 secs]
2014-07-28T05:30:49.590+0000: 1090.566: [GC2014-07-28T05:30:49.590+0000: 1090.567: [ParNew: 91713K->8937K(92160K), 0.0359390 secs] 14090346K->14012983K(20961280K), 0.0360590 secs] [Times: user=0.26 sys=0.02, real=0.03 secs]
2014-07-28T05:30:50.058+0000: 1091.034: [GC2014-07-28T05:30:50.058+0000: 1091.034: [ParNew: 90857K->8670K(92160K), 0.0372490 secs] 14094903K->14018340K(20961280K), 0.0373700 secs] [Times: user=0.27 sys=0.02, real=0.03 secs]
2014-07-28T05:30:50.751+0000: 1091.727: [GC2014-07-28T05:30:50.751+0000: 1091.727: [ParNew: 90590K->9223K(92160K), 0.0356420 secs] 14100260K->14024446K(20961280K), 0.0357630 secs] [Times: user=0.25 sys=0.02, real=0.03 secs]
2014-07-28T05:30:51.113+0000: 1092.089: [GC2014-07-28T05:30:51.113+0000: 1092.089: [ParNew: 91143K->10240K(92160K), 0.0375380 secs] 14106366K->14031060K(20961280K), 0.0376600 secs] [Times: user=0.28 sys=0.01, real=0.04 secs]
2014-07-28T05:30:51.304+0000: 1092.280: [GC2014-07-28T05:30:51.304+0000: 1092.280: [ParNew: 92160K->10240K(92160K), 0.0385940 secs] 14112980K->14036773K(20961280K), 0.0387190 secs] [Times: user=0.29 sys=0.01, real=0.04 secs]
2014-07-28T05:30:51.593+0000: 1092.569: [GC2014-07-28T05:30:51.593+0000: 1092.569: [ParNew: 92160K->9459K(92160K), 0.0369040 secs] 14118693K->14041691K(20961280K), 0.0370240 secs] [Times: user=0.27 sys=0.01, real=0.04 secs]
2014-07-28T05:30:51.844+0000: 1092.821: [GC2014-07-28T05:30:51.845+0000: 1092.821: [ParNew: 91379K->8765K(92160K), 0.0364660 secs] 14123611K->14046517K(20961280K), 0.0365880 secs] [Times: user=0.27 sys=0.01, real=0.04 secs]
2014-07-28T05:30:52.383+0000: 1093.359: [GC2014-07-28T05:30:52.383+0000: 1093.359: [ParNew: 90685K->8632K(92160K), 0.0368700 secs] 14128437K->14051875K(20961280K), 0.0369870 secs] [Times: user=0.28 sys=0.00, real=0.04 secs]
2014-07-28T05:30:52.845+0000: 1093.821: [GC2014-07-28T05:30:52.845+0000: 1093.821: [ParNew: 90552K->8829K(92160K), 0.0368370 secs] 14133795K->14057621K(20961280K), 0.0369580 secs] [Times: user=0.27 sys=0.01, real=0.04 secs]
2014-07-28T05:30:53.193+0000: 1094.169: [GC2014-07-28T05:30:53.193+0000: 1094.169: [ParNew: 90749K->8943K(92160K), 0.0363520 secs] 14139541K->14063327K(20961280K), 0.0364720 secs] [Times: user=0.28 sys=0.00, real=0.03 secs]
2014-07-28T05:30:53.513+0000: 1094.489: [GC2014-07-28T05:30:53.513+0000: 1094.489: [ParNew: 90863K->10092K(92160K), 0.0363580 secs] 14145247K->14069988K(20961280K), 0.0364800 secs] [Times: user=0.26 sys=0.02, real=0.03 secs]
2014-07-28T05:30:53.847+0000: 1094.823: [GC2014-07-28T05:30:53.847+0000: 1094.823: [ParNew: 92012K->10240K(92160K), 0.0366460 secs] 14151908K->14075890K(20961280K), 0.0367700 secs] [Times: user=0.27 sys=0.00, real=0.04 secs]
2014-07-28T05:30:54.272+0000: 1095.248: [GC2014-07-28T05:30:54.272+0000: 1095.249: [ParNew: 92160K->8273K(92160K), 0.0373420 secs] 14157810K->14079352K(20961280K), 0.0374620 secs] [Times: user=0.27 sys=0.00, real=0.03 secs]
2014-07-28T05:30:54.820+0000: 1095.796: [GC2014-07-28T05:30:54.820+0000: 1095.796: [ParNew: 90193K->10145K(92160K), 0.0373110 secs] 14161272K->14086860K(20961280K), 0.0374300 secs] [Times: user=0.28 sys=0.01, real=0.03 secs]
2014-07-28T05:30:55.032+0000: 1096.008: [GC2014-07-28T05:30:55.032+0000: 1096.009: [ParNew: 92065K->9247K(92160K), 0.0391820 secs] 14168780K->14091573K(20961280K), 0.0393010 secs] [Times: user=0.29 sys=0.01, real=0.04 secs]
2014-07-28T05:30:55.427+0000: 1096.403: [GC2014-07-28T05:30:55.427+0000: 1096.403: [ParNew: 91167K->7859K(92160K), 0.0362280 secs] 14173493K->14095829K(20961280K), 0.0363500 secs] [Times: user=0.28 sys=0.00, real=0.04 secs]
2014-07-28T05:30:55.816+0000: 1096.792: [GC2014-07-28T05:30:55.816+0000: 1096.792: [ParNew: 89779K->9761K(92160K), 0.0395750 secs] 14177749K->14103181K(20961280K), 0.0396960 secs] [Times: user=0.30 sys=0.00, real=0.04 secs]
2014-07-28T05:30:56.288+0000: 1097.264: [GC2014-07-28T05:30:56.288+0000: 1097.264: [ParNew: 91680K->10240K(92160K), 0.0415410 secs] 14185099K->14109469K(20961280K), 0.0416660 secs] [Times: user=0.29 sys=0.02, real=0.04 secs]
2014-07-28T05:30:56.637+0000: 1097.613: [GC2014-07-28T05:30:56.637+0000: 1097.613: [ParNew: 92160K->10240K(92160K), 0.0500700 secs] 14191389K->14115033K(20961280K), 0.0501840 secs] [Times: user=0.31 sys=0.01, real=0.05 secs]
2014-07-28T05:30:57.058+0000: 1098.035: [GC2014-07-28T05:30:57.059+0000: 1098.035: [ParNew: 92160K->7806K(92160K), 0.0526040 secs] 14196953K->14118031K(20961280K), 0.0527330 secs] [Times: user=0.36 sys=0.00, real=0.05 secs]
2014-07-28T05:30:57.394+0000: 1098.370: [GC2014-07-28T05:30:57.394+0000: 1098.370: [ParNew: 89726K->8116K(92160K), 0.0355430 secs] 14199951K->14123982K(20961280K), 0.0356590 secs] [Times: user=0.26 sys=0.01, real=0.03 secs]
2014-07-28T05:30:57.683+0000: 1098.659: [GC2014-07-28T05:30:57.683+0000: 1098.659: [ParNew: 90036K->10240K(92160K), 0.0368900 secs] 14205902K->14131937K(20961280K), 0.0370110 secs] [Times: user=0.26 sys=0.01, real=0.04 secs]
2014-07-28T05:30:58.117+0000: 1099.093: [GC2014-07-28T05:30:58.117+0000: 1099.093: [ParNew: 92160K->9796K(92160K), 0.0361220 secs] 14213857K->14137156K(20961280K), 0.0362550 secs] [Times: user=0.25 sys=0.02, real=0.04 secs]
2014-07-28T05:30:58.553+0000: 1099.529: [GC2014-07-28T05:30:58.553+0000: 1099.529: [ParNew: 91716K->8466K(92160K), 0.0598700 secs] 14219076K->14141290K(20961280K), 0.0599980 secs] [Times: user=0.28 sys=0.01, real=0.06 secs]
2014-07-28T05:30:58.851+0000: 1099.827: [GC2014-07-28T05:30:58.851+0000: 1099.827: [ParNew: 90386K->10223K(92160K), 0.0375920 secs] 14223210K->14148484K(20961280K), 0.0377150 secs] [Times: user=0.28 sys=0.01, real=0.03 secs]
2014-07-28T05:30:59.374+0000: 1100.351: [GC2014-07-28T05:30:59.375+0000: 1100.351: [ParNew: 92143K->8653K(92160K), 0.0364220 secs] 14230404K->14152699K(20961280K), 0.0365420 secs] [Times: user=0.25 sys=0.02, real=0.04 secs]
2014-07-28T05:30:59.726+0000: 1100.702: [GC2014-07-28T05:30:59.726+0000: 1100.702: [ParNew: 90573K->9748K(92160K), 0.0354720 secs] 14234619K->14159250K(20961280K), 0.0355920 secs] [Times: user=0.27 sys=0.00, real=0.04 secs]
2014-07-28T05:31:00.172+0000: 1101.148: [GC2014-07-28T05:31:00.172+0000: 1101.148: [ParNew: 91668K->10240K(92160K), 0.0405630 secs] 14241170K->14165396K(20961280K), 0.0406880 secs] [Times: user=0.31 sys=0.01, real=0.04 secs]
2014-07-28T05:31:00.893+0000: 1101.869: [GC2014-07-28T05:31:00.893+0000: 1101.869: [ParNew: 92160K->10240K(92160K), 0.0394350 secs] 14247316K->14171032K(20961280K), 0.0395550 secs] [Times: user=0.29 sys=0.01, real=0.04 secs]
2014-07-28T05:31:01.225+0000: 1102.201: [GC2014-07-28T05:31:01.225+0000: 1102.201: [ParNew: 92160K->10240K(92160K), 0.0401890 secs] 14252952K->14176587K(20961280K), 0.0403140 secs] [Times: user=0.28 sys=0.00, real=0.04 secs]
2014-07-28T05:31:01.472+0000: 1102.448: [GC2014-07-28T05:31:01.472+0000: 1102.448: [ParNew: 92160K->10240K(92160K), 0.0361290 secs] 14258507K->14182331K(20961280K), 0.0362560 secs] [Times: user=0.26 sys=0.02, real=0.03 secs]
2014-07-28T05:31:01.697+0000: 1102.673: [GC2014-07-28T05:31:01.697+0000: 1102.673: [ParNew: 92160K->10240K(92160K), 0.0376940 secs] 14264251K->14187852K(20961280K), 0.0378220 secs] [Times: user=0.28 sys=0.01, real=0.04 secs]
2014-07-28T05:31:02.021+0000: 1102.997: [GC2014-07-28T05:31:02.021+0000: 1102.997: [ParNew: 92160K->10053K(92160K), 0.0551790 secs] 14269772K->14193551K(20961280K), 0.0553110 secs] [Times: user=0.31 sys=0.01, real=0.05 secs]
2014-07-28T05:31:02.599+0000: 1103.575: [GC2014-07-28T05:31:02.599+0000: 1103.575: [ParNew: 91973K->8861K(92160K), 0.0847020 secs] 14275471K->14197657K(20961280K), 0.0848200 secs] [Times: user=0.58 sys=0.01, real=0.08 secs]
2014-07-28T05:31:02.994+0000: 1103.970: [GC2014-07-28T05:31:02.994+0000: 1103.970: [ParNew: 90781K->10023K(92160K), 0.0354760 secs] 14279577K->14204477K(20961280K), 0.0355940 secs] [Times: user=0.25 sys=0.02, real=0.03 secs]
2014-07-28T05:31:03.337+0000: 1104.313: [GC2014-07-28T05:31:03.337+0000: 1104.313: [ParNew: 91929K->10240K(92160K), 0.0367710 secs] 14286384K->14210409K(20961280K), 0.0368890 secs] [Times: user=0.28 sys=0.01, real=0.04 secs]
2014-07-28T05:31:03.626+0000: 1104.602: [GC2014-07-28T05:31:03.626+0000: 1104.602: [ParNew: 92160K->10240K(92160K), 0.0396370 secs] 14292329K->14216012K(20961280K), 0.0397670 secs] [Times: user=0.28 sys=0.02, real=0.04 secs]
2014-07-28T05:31:04.047+0000: 1105.023: [GC2014-07-28T05:31:04.047+0000: 1105.023: [ParNew: 92160K->10093K(92160K), 0.0418990 secs] 14297932K->14221474K(20961280K), 0.0420130 secs] [Times: user=0.30 sys=0.01, real=0.04 secs]
2014-07-28T05:31:04.432+0000: 1105.408: [GC2014-07-28T05:31:04.432+0000: 1105.408: [ParNew: 92013K->8106K(92160K), 0.0363710 secs] 14303394K->14224892K(20961280K), 0.0364900 secs] [Times: user=0.26 sys=0.02, real=0.03 secs]
2014-07-28T05:31:04.930+0000: 1105.906: [GC2014-07-28T05:31:04.930+0000: 1105.906: [ParNew: 90026K->10020K(92160K), 0.0395940 secs] 14306812K->14232345K(20961280K), 0.0397220 secs] [Times: user=0.28 sys=0.01, real=0.04 secs]
2014-07-28T05:31:05.157+0000: 1106.133: [GC2014-07-28T05:31:05.157+0000: 1106.133: [ParNew: 91940K->9741K(92160K), 0.0382120 secs] 14314265K->14237780K(20961280K), 0.0383380 secs] [Times: user=0.29 sys=0.00, real=0.04 secs]
2014-07-28T05:31:05.682+0000: 1106.658: [GC2014-07-28T05:31:05.682+0000: 1106.658: [ParNew: 91648K->10049K(92160K), 0.0351920 secs] 14319687K->14243683K(20961280K), 0.0353090 secs] [Times: user=0.24 sys=0.02, real=0.03 secs]
2014-07-28T05:31:05.946+0000: 1106.923: [GC2014-07-28T05:31:05.947+0000: 1106.923: [ParNew: 91969K->10125K(92160K), 0.0359230 secs] 14325603K->14249144K(20961280K), 0.0360440 secs] [Times: user=0.27 sys=0.01, real=0.04 secs]
2014-07-28T05:31:06.396+0000: 1107.372: [GC2014-07-28T05:31:06.396+0000: 1107.372: [ParNew: 92045K->10240K(92160K), 0.0410480 secs] 14331064K->14255217K(20961280K), 0.0411730 secs] [Times: user=0.28 sys=0.03, real=0.04 secs]
2014-07-28T05:31:06.788+0000: 1107.764: [GC2014-07-28T05:31:06.788+0000: 1107.764: [ParNew: 92160K->10240K(92160K), 0.0372250 secs] 14337137K->14260749K(20961280K), 0.0373450 secs] [Times: user=0.27 sys=0.01, real=0.04 secs]
2014-07-28T05:31:07.169+0000: 1108.145: [GC2014-07-28T05:31:07.169+0000: 1108.146: [ParNew: 92160K->10240K(92160K), 0.0373820 secs] 14342669K->14266237K(20961280K), 0.0375010 secs] [Times: user=0.28 sys=0.00, real=0.04 secs]
2014-07-28T05:31:07.546+0000: 1108.522: [GC2014-07-28T05:31:07.546+0000: 1108.522: [ParNew: 92144K->9036K(92160K), 0.0366520 secs] 14348142K->14270690K(20961280K), 0.0368000 secs] [Times: user=0.27 sys=0.01, real=0.04 secs]
2014-07-28T05:31:07.804+0000: 1108.780: [GC2014-07-28T05:31:07.804+0000: 1108.780: [ParNew: 90956K->9933K(92160K), 0.0368280 secs] 14352610K->14277008K(20961280K), 0.0369480 secs] [Times: user=0.27 sys=0.01, real=0.04 secs]
2014-07-28T05:31:08.250+0000: 1109.226: [GC2014-07-28T05:31:08.250+0000: 1109.226: [ParNew: 91853K->10240K(92160K), 0.0404290 secs] 14358928K->14283023K(20961280K), 0.0405510 secs] [Times: user=0.29 sys=0.02, real=0.04 secs]
2014-07-28T05:31:08.760+0000: 1109.736: [GC2014-07-28T05:31:08.760+0000: 1109.736: [ParNew: 92158K->8335K(92160K), 0.0356150 secs] 14364942K->14286713K(20961280K), 0.0357380 secs] [Times: user=0.24 sys=0.03, real=0.03 secs]
2014-07-28T05:31:09.073+0000: 1110.049: [GC2014-07-28T05:31:09.073+0000: 1110.050: [ParNew: 90255K->9776K(92160K), 0.0373340 secs] 14368633K->14293554K(20961280K), 0.0374570 secs] [Times: user=0.28 sys=0.00, real=0.04 secs]
2014-07-28T05:31:09.515+0000: 1110.491: [GC2014-07-28T05:31:09.515+0000: 1110.491: [ParNew: 91696K->10240K(92160K), 0.0384620 secs] 14375474K->14299676K(20961280K), 0.0385830 secs] [Times: user=0.28 sys=0.01, real=0.04 secs]
2014-07-28T05:31:09.986+0000: 1110.962: [GC2014-07-28T05:31:09.986+0000: 1110.962: [ParNew: 92160K->8002K(92160K), 0.0369470 secs] 14381596K->14303145K(20961280K), 0.0370710 secs] [Times: user=0.28 sys=0.00, real=0.04 secs]
2014-07-28T05:31:10.323+0000: 1111.299: [GC2014-07-28T05:31:10.323+0000: 1111.299: [ParNew: 89922K->8331K(92160K), 0.0365420 secs] 14385065K->14308958K(20961280K), 0.0366610 secs] [Times: user=0.29 sys=0.00, real=0.04 secs]
2014-07-28T05:31:11.100+0000: 1112.076: [GC2014-07-28T05:31:11.100+0000: 1112.076: [ParNew: 90251K->8897K(92160K), 0.0351970 secs] 14390878K->14315055K(20961280K), 0.0353140 secs] [Times: user=0.28 sys=0.00, real=0.03 secs]
2014-07-28T05:31:11.350+0000: 1112.327: [GC2014-07-28T05:31:11.351+0000: 1112.327: [ParNew: 90817K->9465K(92160K), 0.0356370 secs] 14396975K->14321147K(20961280K), 0.0357590 secs] [Times: user=0.27 sys=0.00, real=0.04 secs]
2014-07-28T05:31:11.576+0000: 1112.552: [GC2014-07-28T05:31:11.576+0000: 1112.552: [ParNew: 91385K->10240K(92160K), 0.0356130 secs] 14403067K->14327616K(20961280K), 0.0357350 secs] [Times: user=0.25 sys=0.01, real=0.04 secs]
2014-07-28T05:31:11.838+0000: 1112.814: [GC2014-07-28T05:31:11.838+0000: 1112.814: [ParNew: 92160K->9786K(92160K), 0.0532120 secs] 14409536K->14332880K(20961280K), 0.0533420 secs] [Times: user=0.27 sys=0.02, real=0.05 secs]
2014-07-28T05:31:12.163+0000: 1113.139: [GC2014-07-28T05:31:12.163+0000: 1113.139: [ParNew: 91706K->10240K(92160K), 0.0361200 secs] 14414800K->14338788K(20961280K), 0.0362480 secs] [Times: user=0.25 sys=0.02, real=0.04 secs]
2014-07-28T05:31:12.720+0000: 1113.696: [GC2014-07-28T05:31:12.720+0000: 1113.696: [ParNew: 92160K->10240K(92160K), 0.0371830 secs] 14420708K->14344465K(20961280K), 0.0373100 secs] [Times: user=0.27 sys=0.02, real=0.03 secs]
2014-07-28T05:31:13.153+0000: 1114.129: [GC2014-07-28T05:31:13.153+0000: 1114.129: [ParNew: 92160K->10240K(92160K), 0.0357180 secs] 14426385K->14350106K(20961280K), 0.0358370 secs] [Times: user=0.26 sys=0.01, real=0.04 secs]
2014-07-28T05:31:13.487+0000: 1114.463: [GC2014-07-28T05:31:13.487+0000: 1114.463: [ParNew: 92160K->9325K(92160K), 0.0360580 secs] 14432026K->14354611K(20961280K), 0.0361770 secs] [Times: user=0.25 sys=0.02, real=0.03 secs]
2014-07-28T05:31:13.755+0000: 1114.731: [GC2014-07-28T05:31:13.755+0000: 1114.731: [ParNew: 91245K->9009K(92160K), 0.0359830 secs] 14436531K->14359800K(20961280K), 0.0361030 secs] [Times: user=0.26 sys=0.02, real=0.04 secs]
2014-07-28T05:31:14.206+0000: 1115.182: [GC2014-07-28T05:31:14.206+0000: 1115.182: [ParNew: 90929K->8939K(92160K), 0.0370810 secs] 14441720K->14365457K(20961280K), 0.0372010 secs] [Times: user=0.27 sys=0.01, real=0.03 secs]
2014-07-28T05:31:14.673+0000: 1115.649: [GC2014-07-28T05:31:14.673+0000: 1115.649: [ParNew: 90859K->8978K(92160K), 0.0367280 secs] 14447377K->14370953K(20961280K), 0.0368440 secs] [Times: user=0.26 sys=0.02, real=0.04 secs]
2014-07-28T05:31:15.075+0000: 1116.051: [GC2014-07-28T05:31:15.075+0000: 1116.051: [ParNew: 90898K->8598K(92160K), 0.0356060 secs] 14452873K->14376199K(20961280K), 0.0357270 secs] [Times: user=0.26 sys=0.01, real=0.04 secs]
2014-07-28T05:31:15.303+0000: 1116.279: [GC2014-07-28T05:31:15.303+0000: 1116.279: [ParNew: 90518K->9570K(92160K), 0.0354360 secs] 14458119K->14382821K(20961280K), 0.0355550 secs] [Times: user=0.26 sys=0.01, real=0.04 secs]
2014-07-28T05:31:15.820+0000: 1116.796: [GC2014-07-28T05:31:15.820+0000: 1116.796: [ParNew: 91490K->10240K(92160K), 0.0370490 secs] 14464741K->14389052K(20961280K), 0.0371750 secs] [Times: user=0.27 sys=0.01, real=0.03 secs]
2014-07-28T05:31:16.233+0000: 1117.209: [GC2014-07-28T05:31:16.233+0000: 1117.210: [ParNew: 92160K->10240K(92160K), 0.0374660 secs] 14470972K->14394671K(20961280K), 0.0375790 secs] [Times: user=0.26 sys=0.02, real=0.04 secs]
2014-07-28T05:31:16.510+0000: 1117.486: [GC2014-07-28T05:31:16.510+0000: 1117.486: [ParNew: 92160K->10240K(92160K), 0.0379110 secs] 14476591K->14400181K(20961280K), 0.0380330 secs] [Times: user=0.28 sys=0.01, real=0.04 secs]
2014-07-28T05:31:16.925+0000: 1117.901: [GC2014-07-28T05:31:16.925+0000: 1117.901: [ParNew: 92160K->9269K(92160K), 0.0362480 secs] 14482101K->14404988K(20961280K), 0.0363680 secs] [Times: user=0.28 sys=0.00, real=0.04 secs]
2014-07-28T05:31:17.281+0000: 1118.257: [GC2014-07-28T05:31:17.281+0000: 1118.257: [ParNew: 91189K->10240K(92160K), 0.0349560 secs] 14486908K->14411531K(20961280K), 0.0350780 secs] [Times: user=0.25 sys=0.01, real=0.03 secs]
2014-07-28T05:31:17.732+0000: 1118.708: [GC2014-07-28T05:31:17.732+0000: 1118.709: [ParNew: 92160K->9826K(92160K), 0.0417540 secs] 14493451K->14416748K(20961280K), 0.0418630 secs] [Times: user=0.29 sys=0.03, real=0.04 secs]
2014-07-28T05:31:17.972+0000: 1118.948: [GC2014-07-28T05:31:17.972+0000: 1118.948: [ParNew: 91746K->8118K(92160K), 0.0349150 secs] 14498668K->14420341K(20961280K), 0.0350350 secs] [Times: user=0.26 sys=0.00, real=0.04 secs]
2014-07-28T05:31:18.410+0000: 1119.386: [GC2014-07-28T05:31:18.410+0000: 1119.386: [ParNew: 90038K->7920K(92160K), 0.0350490 secs] 14502261K->14425722K(20961280K), 0.0351640 secs] [Times: user=0.26 sys=0.00, real=0.03 secs]
2014-07-28T05:31:18.903+0000: 1119.880: [GC2014-07-28T05:31:18.904+0000: 1119.880: [ParNew: 89840K->7694K(92160K), 0.0357170 secs] 14507642K->14431111K(20961280K), 0.0358380 secs] [Times: user=0.24 sys=0.02, real=0.04 secs]
2014-07-28T05:31:19.220+0000: 1120.196: [GC2014-07-28T05:31:19.220+0000: 1120.196: [ParNew: 89614K->8968K(92160K), 0.0359420 secs] 14513031K->14438098K(20961280K), 0.0360640 secs] [Times: user=0.27 sys=0.00, real=0.03 secs]
2014-07-28T05:31:19.643+0000: 1120.619: [GC2014-07-28T05:31:19.643+0000: 1120.619: [ParNew: 90888K->9486K(92160K), 0.0380040 secs] 14520018K->14444098K(20961280K), 0.0381250 secs] [Times: user=0.28 sys=0.01, real=0.04 secs]
2014-07-28T05:31:20.134+0000: 1121.110: [GC2014-07-28T05:31:20.134+0000: 1121.110: [ParNew: 91406K->9792K(92160K), 0.0363830 secs] 14526018K->14450050K(20961280K), 0.0365110 secs] [Times: user=0.27 sys=0.02, real=0.04 secs]
2014-07-28T05:31:20.823+0000: 1121.799: [GC2014-07-28T05:31:20.823+0000: 1121.799: [ParNew: 91712K->8571K(92160K), 0.0349050 secs] 14531970K->14454410K(20961280K), 0.0350260 secs] [Times: user=0.26 sys=0.01, real=0.03 secs]
2014-07-28T05:31:21.223+0000: 1122.199: [GC2014-07-28T05:31:21.223+0000: 1122.199: [ParNew: 90491K->8321K(92160K), 0.0375320 secs] 14536330K->14459596K(20961280K), 0.0376340 secs] [Times: user=0.28 sys=0.01, real=0.04 secs]
2014-07-28T05:31:21.465+0000: 1122.441: [GC2014-07-28T05:31:21.465+0000: 1122.441: [ParNew: 90241K->9593K(92160K), 0.0370150 secs] 14541516K->14466551K(20961280K), 0.0371380 secs] [Times: user=0.27 sys=0.01, real=0.04 secs]
2014-07-28T05:31:21.692+0000: 1122.668: [GC2014-07-28T05:31:21.692+0000: 1122.668: [ParNew: 91513K->9882K(92160K), 0.0376630 secs] 14548471K->14472484K(20961280K), 0.0378070 secs] [Times: user=0.26 sys=0.03, real=0.04 secs]
2014-07-28T05:31:21.962+0000: 1122.938: [GC2014-07-28T05:31:21.962+0000: 1122.939: [ParNew: 91802K->10240K(92160K), 0.0360910 secs] 14554404K->14478487K(20961280K), 0.0362120 secs] [Times: user=0.27 sys=0.02, real=0.04 secs]
2014-07-28T05:31:22.286+0000: 1123.262: [GC2014-07-28T05:31:22.286+0000: 1123.262: [ParNew: 92158K->10156K(92160K), 0.0381170 secs] 14560405K->14483989K(20961280K), 0.0382380 secs] [Times: user=0.29 sys=0.00, real=0.04 secs]
2014-07-28T05:31:22.850+0000: 1123.826: [GC2014-07-28T05:31:22.850+0000: 1123.826: [ParNew: 92076K->8827K(92160K), 0.0364890 secs] 14565909K->14488227K(20961280K), 0.0366290 secs] [Times: user=0.27 sys=0.01, real=0.04 secs]
2014-07-28T05:31:23.260+0000: 1124.236: [GC2014-07-28T05:31:23.260+0000: 1124.236: [ParNew: 90747K->10240K(92160K), 0.0369240 secs] 14570147K->14495430K(20961280K), 0.0370510 secs] [Times: user=0.28 sys=0.01, real=0.03 secs]
2014-07-28T05:31:23.632+0000: 1124.608: [GC2014-07-28T05:31:23.632+0000: 1124.608: [ParNew: 92160K->8974K(92160K), 0.0356350 secs] 14577350K->14499616K(20961280K), 0.0357550 secs] [Times: user=0.27 sys=0.00, real=0.04 secs]
2014-07-28T05:31:23.906+0000: 1124.882: [GC2014-07-28T05:31:23.906+0000: 1124.882: [ParNew: 90894K->8263K(92160K), 0.0367270 secs] 14581536K->14504314K(20961280K), 0.0368540 secs] [Times: user=0.24 sys=0.03, real=0.03 secs]
2014-07-28T05:31:24.365+0000: 1125.341: [GC2014-07-28T05:31:24.365+0000: 1125.341: [ParNew: 90183K->9999K(92160K), 0.0374330 secs] 14586234K->14511622K(20961280K), 0.0375610 secs] [Times: user=0.28 sys=0.01, real=0.04 secs]
2014-07-28T05:31:24.902+0000: 1125.879: [GC2014-07-28T05:31:24.903+0000: 1125.879: [ParNew: 91919K->8493K(92160K), 0.0366960 secs] 14593542K->14515788K(20961280K), 0.0368200 secs] [Times: user=0.28 sys=0.00, real=0.04 secs]
2014-07-28T05:31:25.184+0000: 1126.160: [GC2014-07-28T05:31:25.184+0000: 1126.160: [ParNew: 90413K->10240K(92160K), 0.0400220 secs] 14597708K->14523026K(20961280K), 0.0401450 secs] [Times: user=0.28 sys=0.02, real=0.04 secs]
2014-07-28T05:31:25.454+0000: 1126.430: [GC2014-07-28T05:31:25.454+0000: 1126.430: [ParNew: 92160K->10030K(92160K), 0.0355380 secs] 14604946K->14528519K(20961280K), 0.0356560 secs] [Times: user=0.26 sys=0.01, real=0.04 secs]
2014-07-28T05:31:25.935+0000: 1126.911: [GC2014-07-28T05:31:25.935+0000: 1126.911: [ParNew: 91950K->9433K(92160K), 0.0365990 secs] 14610439K->14533394K(20961280K), 0.0367170 secs] [Times: user=0.28 sys=0.00, real=0.04 secs]
2014-07-28T05:31:26.373+0000: 1127.349: [GC2014-07-28T05:31:26.373+0000: 1127.349: [ParNew: 91353K->9445K(92160K), 0.0371860 secs] 14615314K->14539225K(20961280K), 0.0373110 secs] [Times: user=0.26 sys=0.00, real=0.04 secs]
2014-07-28T05:31:26.703+0000: 1127.679: [GC2014-07-28T05:31:26.703+0000: 1127.679: [ParNew: 91365K->9481K(92160K), 0.0353950 secs] 14621145K->14544633K(20961280K), 0.0355180 secs] [Times: user=0.26 sys=0.01, real=0.04 secs]
2014-07-28T05:31:27.074+0000: 1128.050: [GC2014-07-28T05:31:27.074+0000: 1128.050: [ParNew: 91401K->7350K(92160K), 0.0346740 secs] 14626553K->14547943K(20961280K), 0.0347990 secs] [Times: user=0.26 sys=0.01, real=0.04 secs]
2014-07-28T05:31:27.462+0000: 1128.438: [GC2014-07-28T05:31:27.462+0000: 1128.438: [ParNew: 89270K->7812K(92160K), 0.0363080 secs] 14629863K->14554007K(20961280K), 0.0364250 secs] [Times: user=0.27 sys=0.01, real=0.04 secs]
2014-07-28T05:31:27.853+0000: 1128.829: [GC2014-07-28T05:31:27.853+0000: 1128.829: [ParNew: 89732K->10193K(92160K), 0.0357410 secs] 14635927K->14561944K(20961280K), 0.0358610 secs] [Times: user=0.27 sys=0.00, real=0.04 secs]
2014-07-28T05:31:28.119+0000: 1129.095: [GC2014-07-28T05:31:28.119+0000: 1129.095: [ParNew: 92113K->10095K(92160K), 0.0367160 secs] 14643864K->14567603K(20961280K), 0.0368450 secs] [Times: user=0.27 sys=0.01, real=0.03 secs]
2014-07-28T05:31:28.577+0000: 1129.553: [GC2014-07-28T05:31:28.577+0000: 1129.553: [ParNew: 92015K->10240K(92160K), 0.0361320 secs] 14649523K->14573288K(20961280K), 0.0362490 secs] [Times: user=0.26 sys=0.00, real=0.04 secs]
2014-07-28T05:31:29.014+0000: 1129.990: [GC2014-07-28T05:31:29.014+0000: 1129.990: [ParNew: 92160K->10240K(92160K), 0.0372970 secs] 14655208K->14579085K(20961280K), 0.0374350 secs] [Times: user=0.28 sys=0.01, real=0.04 secs]
2014-07-28T05:31:29.412+0000: 1130.388: [GC2014-07-28T05:31:29.412+0000: 1130.388: [ParNew: 92160K->8813K(92160K), 0.0359280 secs] 14661005K->14583332K(20961280K), 0.0360500 secs] [Times: user=0.25 sys=0.02, real=0.04 secs]
2014-07-28T05:31:29.791+0000: 1130.767: [GC2014-07-28T05:31:29.791+0000: 1130.767: [ParNew: 90733K->8746K(92160K), 0.0404150 secs] 14665252K->14588679K(20961280K), 0.0405420 secs] [Times: user=0.27 sys=0.02, real=0.04 secs]
2014-07-28T05:31:30.273+0000: 1131.249: [GC2014-07-28T05:31:30.273+0000: 1131.249: [ParNew: 90666K->9004K(92160K), 0.0365980 secs] 14670599K->14594496K(20961280K), 0.0367140 secs] [Times: user=0.29 sys=0.00, real=0.04 secs]
2014-07-28T05:31:30.956+0000: 1131.932: [GC2014-07-28T05:31:30.956+0000: 1131.932: [ParNew: 90924K->9765K(92160K), 0.0364010 secs] 14676416K->14600899K(20961280K), 0.0365220 secs] [Times: user=0.27 sys=0.01, real=0.04 secs]
2014-07-28T05:31:31.369+0000: 1132.345: [GC2014-07-28T05:31:31.369+0000: 1132.345: [ParNew: 91681K->7945K(92160K), 0.0385060 secs] 14682815K->14604576K(20961280K), 0.0386370 secs] [Times: user=0.26 sys=0.01, real=0.04 secs]
2014-07-28T05:31:31.564+0000: 1132.541: [GC2014-07-28T05:31:31.565+0000: 1132.541: [ParNew: 89865K->10240K(92160K), 0.0374270 secs] 14686496K->14612581K(20961280K), 0.0375660 secs] [Times: user=0.28 sys=0.01, real=0.04 secs]
2014-07-28T05:31:31.847+0000: 1132.823: [GC2014-07-28T05:31:31.847+0000: 1132.823: [ParNew: 92160K->10240K(92160K), 0.0376200 secs] 14694501K->14618361K(20961280K), 0.0377440 secs] [Times: user=0.27 sys=0.01, real=0.03 secs]
2014-07-28T05:31:32.074+0000: 1133.050: [GC2014-07-28T05:31:32.074+0000: 1133.050: [ParNew: 92160K->9988K(92160K), 0.0373380 secs] 14700281K->14623520K(20961280K), 0.0374630 secs] [Times: user=0.27 sys=0.02, real=0.04 secs]
2014-07-28T05:31:32.485+0000: 1133.461: [GC2014-07-28T05:31:32.485+0000: 1133.462: [ParNew: 91908K->9215K(92160K), 0.0478250 secs] 14705440K->14628528K(20961280K), 0.0479440 secs] [Times: user=0.32 sys=0.01, real=0.05 secs]
2014-07-28T05:31:32.995+0000: 1133.971: [GC2014-07-28T05:31:32.995+0000: 1133.971: [ParNew: 91135K->10240K(92160K), 0.0339210 secs] 14710448K->14634945K(20961280K), 0.0340390 secs] [Times: user=0.24 sys=0.02, real=0.04 secs]
2014-07-28T05:31:33.377+0000: 1134.353: [GC2014-07-28T05:31:33.377+0000: 1134.353: [ParNew: 92160K->10240K(92160K), 0.0360970 secs] 14716865K->14640508K(20961280K), 0.0362160 secs] [Times: user=0.27 sys=0.00, real=0.04 secs]
2014-07-28T05:31:33.746+0000: 1134.722: [GC2014-07-28T05:31:33.746+0000: 1134.722: [ParNew: 92152K->9872K(92160K), 0.0395060 secs] 14722421K->14645792K(20961280K), 0.0396270 secs] [Times: user=0.28 sys=0.01, real=0.03 secs]
2014-07-28T05:31:34.043+0000: 1135.019: [GC2014-07-28T05:31:34.043+0000: 1135.019: [ParNew: 91792K->9875K(92160K), 0.0377140 secs] 14727712K->14651397K(20961280K), 0.0378370 secs] [Times: user=0.29 sys=0.00, real=0.04 secs]
2014-07-28T05:31:34.492+0000: 1135.468: [GC2014-07-28T05:31:34.492+0000: 1135.468: [ParNew: 91795K->10128K(92160K), 0.0364950 secs] 14733317K->14657181K(20961280K), 0.0366580 secs] [Times: user=0.26 sys=0.02, real=0.04 secs]
2014-07-28T05:31:35.044+0000: 1136.021: [GC2014-07-28T05:31:35.045+0000: 1136.021: [ParNew: 92048K->9262K(92160K), 0.0358790 secs] 14739101K->14661893K(20961280K), 0.0360100 secs] [Times: user=0.27 sys=0.00, real=0.04 secs]
2014-07-28T05:31:35.291+0000: 1136.267: [GC2014-07-28T05:31:35.291+0000: 1136.267: [ParNew: 91182K->10240K(92160K), 0.0378950 secs] 14743813K->14669069K(20961280K), 0.0380160 secs] [Times: user=0.28 sys=0.01, real=0.04 secs]
2014-07-28T05:31:35.593+0000: 1136.569: [GC2014-07-28T05:31:35.593+0000: 1136.569: [ParNew: 92160K->10240K(92160K), 0.0537340 secs] 14750989K->14674366K(20961280K), 0.0538650 secs] [Times: user=0.26 sys=0.02, real=0.06 secs]
2014-07-28T05:31:36.052+0000: 1137.028: [GC2014-07-28T05:31:36.052+0000: 1137.028: [ParNew: 92160K->10240K(92160K), 0.0360310 secs] 14756286K->14679809K(20961280K), 0.0361610 secs] [Times: user=0.26 sys=0.01, real=0.04 secs]
2014-07-28T05:31:36.512+0000: 1137.488: [GC2014-07-28T05:31:36.512+0000: 1137.488: [ParNew: 92160K->10049K(92160K), 0.0356510 secs] 14761729K->14685294K(20961280K), 0.0357780 secs] [Times: user=0.27 sys=0.00, real=0.04 secs]
2014-07-28T05:31:36.852+0000: 1137.829: [GC2014-07-28T05:31:36.853+0000: 1137.829: [ParNew: 91969K->9079K(92160K), 0.0345840 secs] 14767214K->14689794K(20961280K), 0.0347050 secs] [Times: user=0.26 sys=0.02, real=0.04 secs]
2014-07-28T05:31:37.290+0000: 1138.266: [GC2014-07-28T05:31:37.290+0000: 1138.266: [ParNew: 90999K->9105K(92160K), 0.0339560 secs] 14771714K->14695351K(20961280K), 0.0340720 secs] [Times: user=0.26 sys=0.00, real=0.03 secs]
2014-07-28T05:31:37.600+0000: 1138.576: [GC2014-07-28T05:31:37.600+0000: 1138.576: [ParNew: 91025K->9340K(92160K), 0.0366390 secs] 14777271K->14701119K(20961280K), 0.0367590 secs] [Times: user=0.26 sys=0.01, real=0.03 secs]
2014-07-28T05:31:37.964+0000: 1138.940: [GC2014-07-28T05:31:37.964+0000: 1138.940: [ParNew: 91260K->10240K(92160K), 0.0382580 secs] 14783039K->14707738K(20961280K), 0.0383810 secs] [Times: user=0.28 sys=0.01, real=0.04 secs]
2014-07-28T05:31:38.323+0000: 1139.299: [GC2014-07-28T05:31:38.323+0000: 1139.299: [ParNew: 92160K->9040K(92160K), 0.0340070 secs] 14789658K->14712194K(20961280K), 0.0341270 secs] [Times: user=0.25 sys=0.00, real=0.03 secs]
2014-07-28T05:31:38.715+0000: 1139.691: [GC2014-07-28T05:31:38.715+0000: 1139.691: [ParNew: 90960K->8578K(92160K), 0.0510740 secs] 14794114K->14717195K(20961280K), 0.0512090 secs] [Times: user=0.26 sys=0.02, real=0.06 secs]
2014-07-28T05:31:39.124+0000: 1140.101: [GC2014-07-28T05:31:39.124+0000: 1140.101: [ParNew: 90498K->10240K(92160K), 0.0368130 secs] 14799115K->14724534K(20961280K), 0.0369380 secs] [Times: user=0.27 sys=0.01, real=0.04 secs]
2014-07-28T05:31:39.557+0000: 1140.533: [GC2014-07-28T05:31:39.557+0000: 1140.533: [ParNew: 92160K->10240K(92160K), 0.0376010 secs] 14806454K->14730563K(20961280K), 0.0377230 secs] [Times: user=0.27 sys=0.01, real=0.04 secs]
2014-07-28T05:31:39.943+0000: 1140.919: [GC2014-07-28T05:31:39.943+0000: 1140.919: [ParNew: 92160K->9934K(92160K), 0.0361250 secs] 14812483K->14735367K(20961280K), 0.0362450 secs] [Times: user=0.27 sys=0.02, real=0.04 secs]
2014-07-28T05:31:40.422+0000: 1141.398: [GC2014-07-28T05:31:40.422+0000: 1141.398: [ParNew: 91854K->10240K(92160K), 0.0343270 secs] 14817287K->14741232K(20961280K), 0.0344730 secs] [Times: user=0.24 sys=0.01, real=0.04 secs]
2014-07-28T05:31:41.113+0000: 1142.089: [GC2014-07-28T05:31:41.113+0000: 1142.089: [ParNew: 92160K->9062K(92160K), 0.0350240 secs] 14823152K->14745606K(20961280K), 0.0351440 secs] [Times: user=0.25 sys=0.01, real=0.04 secs]
2014-07-28T05:31:41.474+0000: 1142.450: [GC2014-07-28T05:31:41.474+0000: 1142.450: [ParNew: 90982K->10240K(92160K), 0.0377260 secs] 14827526K->14752335K(20961280K), 0.0378460 secs] [Times: user=0.29 sys=0.00, real=0.03 secs]
2014-07-28T05:31:41.686+0000: 1142.662: [GC2014-07-28T05:31:41.686+0000: 1142.662: [ParNew: 92160K->10240K(92160K), 0.0404250 secs] 14834255K->14758108K(20961280K), 0.0405460 secs] [Times: user=0.29 sys=0.00, real=0.05 secs]
2014-07-28T05:31:41.949+0000: 1142.925: [GC2014-07-28T05:31:41.949+0000: 1142.925: [ParNew: 92160K->10240K(92160K), 0.0363050 secs] 14840028K->14763850K(20961280K), 0.0364270 secs] [Times: user=0.26 sys=0.02, real=0.03 secs]
2014-07-28T05:31:42.189+0000: 1143.165: [GC2014-07-28T05:31:42.189+0000: 1143.165: [ParNew: 92160K->10240K(92160K), 0.0391910 secs] 14845770K->14769503K(20961280K), 0.0393150 secs] [Times: user=0.30 sys=0.01, real=0.04 secs]
2014-07-28T05:31:42.811+0000: 1143.787: [GC2014-07-28T05:31:42.811+0000: 1143.787: [ParNew: 92160K->9170K(92160K), 0.0364310 secs] 14851423K->14773859K(20961280K), 0.0365520 secs] [Times: user=0.26 sys=0.02, real=0.04 secs]
2014-07-28T05:31:43.193+0000: 1144.169: [GC2014-07-28T05:31:43.193+0000: 1144.169: [ParNew: 91090K->9777K(92160K), 0.0355990 secs] 14855779K->14779820K(20961280K), 0.0357190 secs] [Times: user=0.27 sys=0.00, real=0.04 secs]
2014-07-28T05:31:43.555+0000: 1144.531: [GC2014-07-28T05:31:43.555+0000: 1144.531: [ParNew: 91682K->9328K(92160K), 0.0360970 secs] 14861725K->14784964K(20961280K), 0.0362170 secs] [Times: user=0.27 sys=0.00, real=0.03 secs]
2014-07-28T05:31:43.863+0000: 1144.839: [GC2014-07-28T05:31:43.863+0000: 1144.839: [ParNew: 91248K->10240K(92160K), 0.0691350 secs] 14866884K->14791493K(20961280K), 0.0692510 secs] [Times: user=0.31 sys=0.01, real=0.07 secs]
2014-07-28T05:31:44.193+0000: 1145.169: [GC2014-07-28T05:31:44.193+0000: 1145.169: [ParNew: 92160K->10138K(92160K), 0.0364100 secs] 14873413K->14797008K(20961280K), 0.0365310 secs] [Times: user=0.28 sys=0.00, real=0.04 secs]
2014-07-28T05:31:44.603+0000: 1145.579: [GC2014-07-28T05:31:44.603+0000: 1145.579: [ParNew: 92058K->10240K(92160K), 0.0355910 secs] 14878928K->14802776K(20961280K), 0.0357120 secs] [Times: user=0.27 sys=0.01, real=0.04 secs]
2014-07-28T05:31:45.165+0000: 1146.141: [GC2014-07-28T05:31:45.165+0000: 1146.141: [ParNew: 92160K->9977K(92160K), 0.0352180 secs] 14884696K->14808027K(20961280K), 0.0353430 secs] [Times: user=0.25 sys=0.01, real=0.04 secs]
2014-07-28T05:31:45.403+0000: 1146.379: [GC2014-07-28T05:31:45.403+0000: 1146.379: [ParNew: 91897K->9696K(92160K), 0.0382350 secs] 14889947K->14813330K(20961280K), 0.0383460 secs] [Times: user=0.27 sys=0.00, real=0.04 secs]
2014-07-28T05:31:45.753+0000: 1146.729: [GC2014-07-28T05:31:45.753+0000: 1146.729: [ParNew: 91616K->9926K(92160K), 0.0363190 secs] 14895250K->14819198K(20961280K), 0.0364370 secs] [Times: user=0.28 sys=0.01, real=0.04 secs]
2014-07-28T05:31:46.173+0000: 1147.149: [GC2014-07-28T05:31:46.173+0000: 1147.149: [ParNew: 91846K->9617K(92160K), 0.0357880 secs] 14901118K->14824338K(20961280K), 0.0359100 secs] [Times: user=0.26 sys=0.01, real=0.04 secs]
2014-07-28T05:31:46.658+0000: 1147.634: [GC2014-07-28T05:31:46.658+0000: 1147.634: [ParNew: 91537K->8660K(92160K), 0.0360750 secs] 14906258K->14829038K(20961280K), 0.0362000 secs] [Times: user=0.27 sys=0.01, real=0.04 secs]
2014-07-28T05:31:46.994+0000: 1147.970: [GC2014-07-28T05:31:46.994+0000: 1147.970: [ParNew: 90580K->8717K(92160K), 0.0352140 secs] 14910958K->14834586K(20961280K), 0.0353360 secs] [Times: user=0.26 sys=0.01, real=0.04 secs]
2014-07-28T05:31:47.428+0000: 1148.404: [GC2014-07-28T05:31:47.428+0000: 1148.404: [ParNew: 90637K->9659K(92160K), 0.0391410 secs] 14916506K->14841075K(20961280K), 0.0392610 secs] [Times: user=0.26 sys=0.03, real=0.04 secs]
2014-07-28T05:31:47.725+0000: 1148.701: [GC2014-07-28T05:31:47.725+0000: 1148.701: [ParNew: 91579K->8747K(92160K), 0.0516320 secs] 14922995K->14845803K(20961280K), 0.0517570 secs] [Times: user=0.28 sys=0.01, real=0.06 secs]
2014-07-28T05:31:48.066+0000: 1149.042: [GC2014-07-28T05:31:48.066+0000: 1149.042: [ParNew: 90667K->10240K(92160K), 0.0389320 secs] 14927723K->14852975K(20961280K), 0.0390380 secs] [Times: user=0.29 sys=0.01, real=0.04 secs]
2014-07-28T05:31:48.465+0000: 1149.441: [GC2014-07-28T05:31:48.465+0000: 1149.441: [ParNew: 92156K->8749K(92160K), 0.0426120 secs] 14934891K->14857297K(20961280K), 0.0427210 secs] [Times: user=0.28 sys=0.02, real=0.05 secs]
2014-07-28T05:31:48.888+0000: 1149.864: [GC2014-07-28T05:31:48.888+0000: 1149.864: [ParNew: 90669K->7933K(92160K), 0.0350670 secs] 14939217K->14861867K(20961280K), 0.0352020 secs] [Times: user=0.25 sys=0.01, real=0.03 secs]
2014-07-28T05:31:49.239+0000: 1150.215: [GC2014-07-28T05:31:49.239+0000: 1150.215: [ParNew: 89853K->9114K(92160K), 0.0350070 secs] 14943787K->14868577K(20961280K), 0.0351300 secs] [Times: user=0.25 sys=0.02, real=0.03 secs]
2014-07-28T05:31:49.723+0000: 1150.699: [GC2014-07-28T05:31:49.723+0000: 1150.699: [ParNew: 91034K->8878K(92160K), 0.0355160 secs] 14950497K->14873971K(20961280K), 0.0356360 secs] [Times: user=0.26 sys=0.01, real=0.04 secs]
2014-07-28T05:31:50.065+0000: 1151.041: [GC2014-07-28T05:31:50.065+0000: 1151.041: [ParNew: 90798K->9440K(92160K), 0.0356430 secs] 14955891K->14879992K(20961280K), 0.0357920 secs] [Times: user=0.27 sys=0.00, real=0.04 secs]
2014-07-28T05:31:50.513+0000: 1151.489: [GC2014-07-28T05:31:50.513+0000: 1151.489: [ParNew: 91360K->10240K(92160K), 0.0356250 secs] 14961912K->14886512K(20961280K), 0.0357440 secs] [Times: user=0.27 sys=0.00, real=0.04 secs]
2014-07-28T05:31:51.217+0000: 1152.193: [GC2014-07-28T05:31:51.217+0000: 1152.193: [ParNew: 92160K->10240K(92160K), 0.0356900 secs] 14968432K->14892135K(20961280K), 0.0358110 secs] [Times: user=0.26 sys=0.00, real=0.03 secs]
2014-07-28T05:31:51.579+0000: 1152.555: [GC2014-07-28T05:31:51.579+0000: 1152.555: [ParNew: 92160K->10240K(92160K), 0.0363180 secs] 14974055K->14897890K(20961280K), 0.0364420 secs] [Times: user=0.27 sys=0.00, real=0.04 secs]
2014-07-28T05:31:51.798+0000: 1152.774: [GC2014-07-28T05:31:51.798+0000: 1152.774: [ParNew: 92160K->10240K(92160K), 0.0341950 secs] 14979810K->14903297K(20961280K), 0.0343210 secs] [Times: user=0.26 sys=0.00, real=0.03 secs]
2014-07-28T05:31:52.053+0000: 1153.029: [GC2014-07-28T05:31:52.053+0000: 1153.029: [ParNew: 92160K->10240K(92160K), 0.0364410 secs] 14985217K->14908881K(20961280K), 0.0365680 secs] [Times: user=0.27 sys=0.00, real=0.04 secs]
2014-07-28T05:31:52.358+0000: 1153.334: [GC2014-07-28T05:31:52.358+0000: 1153.335: [ParNew: 92160K->8149K(92160K), 0.0357270 secs] 14990801K->14912356K(20961280K), 0.0358430 secs] [Times: user=0.26 sys=0.01, real=0.04 secs]
2014-07-28T05:31:52.944+0000: 1153.921: [GC2014-07-28T05:31:52.945+0000: 1153.921: [ParNew: 90069K->8905K(92160K), 0.0368340 secs] 14994276K->14918487K(20961280K), 0.0369560 secs] [Times: user=0.28 sys=0.01, real=0.04 secs]
2014-07-28T05:31:53.314+0000: 1154.290: [GC2014-07-28T05:31:53.314+0000: 1154.290: [ParNew: 90812K->8941K(92160K), 0.0345070 secs] 15000394K->14924164K(20961280K), 0.0346290 secs] [Times: user=0.25 sys=0.01, real=0.04 secs]
2014-07-28T05:31:53.656+0000: 1154.632: [GC2014-07-28T05:31:53.656+0000: 1154.632: [ParNew: 90861K->10191K(92160K), 0.0358700 secs] 15006084K->14930935K(20961280K), 0.0359920 secs] [Times: user=0.24 sys=0.03, real=0.03 secs]
2014-07-28T05:31:53.995+0000: 1154.971: [GC2014-07-28T05:31:53.995+0000: 1154.971: [ParNew: 92111K->10240K(92160K), 0.0434370 secs] 15012855K->14936644K(20961280K), 0.0435570 secs] [Times: user=0.29 sys=0.03, real=0.04 secs]
2014-07-28T05:31:54.353+0000: 1155.329: [GC2014-07-28T05:31:54.353+0000: 1155.329: [ParNew: 92160K->8232K(92160K), 0.0360920 secs] 15018564K->14940242K(20961280K), 0.0362120 secs] [Times: user=0.26 sys=0.02, real=0.04 secs]
2014-07-28T05:31:54.735+0000: 1155.712: [GC2014-07-28T05:31:54.736+0000: 1155.712: [ParNew: 90152K->8822K(92160K), 0.0348350 secs] 15022162K->14946327K(20961280K), 0.0349560 secs] [Times: user=0.25 sys=0.01, real=0.03 secs]
2014-07-28T05:31:55.264+0000: 1156.240: [GC2014-07-28T05:31:55.264+0000: 1156.240: [ParNew: 90742K->10240K(92160K), 0.0363460 secs] 15028247K->14953292K(20961280K), 0.0364710 secs] [Times: user=0.27 sys=0.01, real=0.04 secs]
2014-07-28T05:31:55.504+0000: 1156.480: [GC2014-07-28T05:31:55.504+0000: 1156.480: [ParNew: 92150K->10240K(92160K), 0.0408290 secs] 15035202K->14959153K(20961280K), 0.0409480 secs] [Times: user=0.28 sys=0.02, real=0.04 secs]
2014-07-28T05:31:55.963+0000: 1156.939: [GC2014-07-28T05:31:55.963+0000: 1156.939: [ParNew: 92160K->8965K(92160K), 0.0346030 secs] 15041073K->14963339K(20961280K), 0.0347230 secs] [Times: user=0.26 sys=0.00, real=0.04 secs]
2014-07-28T05:31:56.274+0000: 1157.250: [GC2014-07-28T05:31:56.274+0000: 1157.250: [ParNew: 90885K->10240K(92160K), 0.0348440 secs] 15045259K->14970008K(20961280K), 0.0349690 secs] [Times: user=0.25 sys=0.03, real=0.03 secs]
2014-07-28T05:31:56.745+0000: 1157.721: [GC2014-07-28T05:31:56.745+0000: 1157.722: [ParNew: 92160K->10240K(92160K), 0.0361700 secs] 15051928K->14975839K(20961280K), 0.0362940 secs] [Times: user=0.27 sys=0.02, real=0.04 secs]
2014-07-28T05:31:57.094+0000: 1158.070: [GC2014-07-28T05:31:57.094+0000: 1158.070: [ParNew: 92160K->9970K(92160K), 0.0363250 secs] 15057759K->14981061K(20961280K), 0.0364470 secs] [Times: user=0.27 sys=0.01, real=0.03 secs]
2014-07-28T05:31:57.515+0000: 1158.491: [GC2014-07-28T05:31:57.515+0000: 1158.491: [ParNew: 91890K->10240K(92160K), 0.0373020 secs] 15062981K->14987261K(20961280K), 0.0374240 secs] [Times: user=0.28 sys=0.01, real=0.03 secs]
2014-07-28T05:31:57.843+0000: 1158.819: [GC2014-07-28T05:31:57.843+0000: 1158.819: [ParNew: 92160K->10240K(92160K), 0.0648970 secs] 15069181K->14992805K(20961280K), 0.0650260 secs] [Times: user=0.25 sys=0.01, real=0.07 secs]
2014-07-28T05:31:58.156+0000: 1159.132: [GC2014-07-28T05:31:58.156+0000: 1159.132: [ParNew: 92160K->10240K(92160K), 0.0415420 secs] 15074725K->14999125K(20961280K), 0.0416620 secs] [Times: user=0.30 sys=0.01, real=0.04 secs]
2014-07-28T05:31:58.563+0000: 1159.539: [GC2014-07-28T05:31:58.563+0000: 1159.539: [ParNew: 92145K->10106K(92160K), 0.0366350 secs] 15081031K->15004211K(20961280K), 0.0367530 secs] [Times: user=0.28 sys=0.01, real=0.04 secs]
2014-07-28T05:31:59.035+0000: 1160.011: [GC2014-07-28T05:31:59.035+0000: 1160.011: [ParNew: 92026K->8160K(92160K), 0.0366930 secs] 15086131K->15007744K(20961280K), 0.0368180 secs] [Times: user=0.27 sys=0.01, real=0.03 secs]
2014-07-28T05:31:59.362+0000: 1160.339: [GC2014-07-28T05:31:59.363+0000: 1160.339: [ParNew: 90080K->9504K(92160K), 0.0386750 secs] 15089664K->15014546K(20961280K), 0.0387960 secs] [Times: user=0.28 sys=0.01, real=0.04 secs]
2014-07-28T05:31:59.826+0000: 1160.803: [GC2014-07-28T05:31:59.827+0000: 1160.803: [ParNew: 91424K->9711K(92160K), 0.0379730 secs] 15096466K->15020363K(20961280K), 0.0380940 secs] [Times: user=0.26 sys=0.02, real=0.03 secs]
2014-07-28T05:32:00.263+0000: 1161.239: [GC2014-07-28T05:32:00.263+0000: 1161.239: [ParNew: 91631K->8400K(92160K), 0.0354770 secs] 15102283K->15024634K(20961280K), 0.0355980 secs] [Times: user=0.26 sys=0.01, real=0.04 secs]
2014-07-28T05:32:00.618+0000: 1161.594: [GC2014-07-28T05:32:00.618+0000: 1161.594: [ParNew: 90320K->9276K(92160K), 0.0376270 secs] 15106554K->15031023K(20961280K), 0.0377460 secs] [Times: user=0.27 sys=0.02, real=0.04 secs]
2014-07-28T05:32:01.355+0000: 1162.331: [GC2014-07-28T05:32:01.355+0000: 1162.331: [ParNew: 91196K->8283K(92160K), 0.0359350 secs] 15112943K->15035675K(20961280K), 0.0360580 secs] [Times: user=0.27 sys=0.01, real=0.03 secs]
2014-07-28T05:32:01.684+0000: 1162.660: [GC2014-07-28T05:32:01.684+0000: 1162.660: [ParNew: 90190K->10240K(92160K), 0.0362660 secs] 15117582K->15043097K(20961280K), 0.0363870 secs] [Times: user=0.26 sys=0.02, real=0.04 secs]
2014-07-28T05:32:01.899+0000: 1162.875: [GC2014-07-28T05:32:01.899+0000: 1162.875: [ParNew: 92160K->10240K(92160K), 0.0399720 secs] 15125017K->15048986K(20961280K), 0.0400910 secs] [Times: user=0.29 sys=0.01, real=0.04 secs]
2014-07-28T05:32:02.169+0000: 1163.145: [GC2014-07-28T05:32:02.169+0000: 1163.145: [ParNew: 92160K->9622K(92160K), 0.0357180 secs] 15130906K->15054151K(20961280K), 0.0358460 secs] [Times: user=0.27 sys=0.00, real=0.03 secs]
2014-07-28T05:32:02.472+0000: 1163.448: [GC2014-07-28T05:32:02.472+0000: 1163.448: [ParNew: 91542K->10240K(92160K), 0.0370790 secs] 15136071K->15060348K(20961280K), 0.0372070 secs] [Times: user=0.28 sys=0.01, real=0.04 secs]
2014-07-28T05:32:03.033+0000: 1164.009: [GC2014-07-28T05:32:03.033+0000: 1164.009: [ParNew: 92160K->10001K(92160K), 0.0451020 secs] 15142268K->15065842K(20961280K), 0.0452040 secs] [Times: user=0.30 sys=0.01, real=0.05 secs]
2014-07-28T05:32:03.462+0000: 1164.438: [GC2014-07-28T05:32:03.462+0000: 1164.438: [ParNew: 91921K->8560K(92160K), 0.0593250 secs] 15147762K->15069974K(20961280K), 0.0594310 secs] [Times: user=0.38 sys=0.01, real=0.06 secs]
2014-07-28T05:32:03.763+0000: 1164.739: [GC2014-07-28T05:32:03.763+0000: 1164.739: [ParNew: 90480K->9126K(92160K), 0.0480200 secs] 15151894K->15075876K(20961280K), 0.0481240 secs] [Times: user=0.31 sys=0.01, real=0.05 secs]
2014-07-28T05:32:04.096+0000: 1165.072: [GC2014-07-28T05:32:04.096+0000: 1165.072: [ParNew: 91036K->10240K(92160K), 0.0510370 secs] 15157787K->15083271K(20961280K), 0.0511600 secs] [Times: user=0.28 sys=0.02, real=0.05 secs]
2014-07-28T05:32:04.473+0000: 1165.449: [GC2014-07-28T05:32:04.473+0000: 1165.449: [ParNew: 92160K->9928K(92160K), 0.0355030 secs] 15165191K->15088495K(20961280K), 0.0356370 secs] [Times: user=0.27 sys=0.00, real=0.04 secs]
2014-07-28T05:32:04.925+0000: 1165.901: [GC2014-07-28T05:32:04.925+0000: 1165.901: [ParNew: 91848K->9274K(92160K), 0.0358270 secs] 15170415K->15093304K(20961280K), 0.0359500 secs] [Times: user=0.27 sys=0.00, real=0.04 secs]
2014-07-28T05:32:05.373+0000: 1166.349: [GC2014-07-28T05:32:05.373+0000: 1166.349: [ParNew: 91194K->9264K(92160K), 0.0359070 secs] 15175224K->15098808K(20961280K), 0.0360230 secs] [Times: user=0.26 sys=0.01, real=0.04 secs]
2014-07-28T05:32:05.607+0000: 1166.583: [GC2014-07-28T05:32:05.607+0000: 1166.583: [ParNew: 91166K->10240K(92160K), 0.0369990 secs] 15180711K->15105549K(20961280K), 0.0371220 secs] [Times: user=0.26 sys=0.01, real=0.03 secs]
2014-07-28T05:32:06.129+0000: 1167.105: [GC2014-07-28T05:32:06.129+0000: 1167.106: [ParNew: 92160K->9378K(92160K), 0.0350000 secs] 15187469K->15110280K(20961280K), 0.0351220 secs] [Times: user=0.25 sys=0.01, real=0.03 secs]
2014-07-28T05:32:06.493+0000: 1167.469: [GC2014-07-28T05:32:06.493+0000: 1167.469: [ParNew: 91298K->8519K(92160K), 0.0387540 secs] 15192200K->15114839K(20961280K), 0.0388770 secs] [Times: user=0.27 sys=0.01, real=0.04 secs]
2014-07-28T05:32:06.838+0000: 1167.814: [GC2014-07-28T05:32:06.838+0000: 1167.814: [ParNew: 90439K->10240K(92160K), 0.0371770 secs] 15196759K->15122101K(20961280K), 0.0373000 secs] [Times: user=0.27 sys=0.01, real=0.04 secs]
2014-07-28T05:32:07.196+0000: 1168.172: [GC2014-07-28T05:32:07.196+0000: 1168.172: [ParNew: 92160K->10240K(92160K), 0.0371180 secs] 15204021K->15128011K(20961280K), 0.0372400 secs] [Times: user=0.26 sys=0.01, real=0.03 secs]
2014-07-28T05:32:07.609+0000: 1168.585: [GC2014-07-28T05:32:07.609+0000: 1168.585: [ParNew: 92160K->10240K(92160K), 0.0373830 secs] 15209931K->15133498K(20961280K), 0.0375030 secs] [Times: user=0.27 sys=0.01, real=0.04 secs]
2014-07-28T05:32:07.975+0000: 1168.951: [GC2014-07-28T05:32:07.975+0000: 1168.951: [ParNew: 92160K->9626K(92160K), 0.0367090 secs] 15215418K->15138553K(20961280K), 0.0368330 secs] [Times: user=0.27 sys=0.01, real=0.03 secs]
2014-07-28T05:32:08.272+0000: 1169.248: [GC2014-07-28T05:32:08.272+0000: 1169.249: [ParNew: 91546K->9068K(92160K), 0.0382280 secs] 15220473K->15143302K(20961280K), 0.0383500 secs] [Times: user=0.27 sys=0.01, real=0.04 secs]
2014-07-28T05:32:08.670+0000: 1169.646: [GC2014-07-28T05:32:08.670+0000: 1169.646: [ParNew: 90988K->10240K(92160K), 0.0357090 secs] 15225222K->15150262K(20961280K), 0.0358300 secs] [Times: user=0.25 sys=0.01, real=0.03 secs]
2014-07-28T05:32:09.213+0000: 1170.189: [GC2014-07-28T05:32:09.213+0000: 1170.189: [ParNew: 92160K->7609K(92160K), 0.0346940 secs] 15232182K->15153065K(20961280K), 0.0348150 secs] [Times: user=0.26 sys=0.00, real=0.04 secs]
2014-07-28T05:32:09.482+0000: 1170.458: [GC2014-07-28T05:32:09.482+0000: 1170.459: [ParNew: 89529K->9059K(92160K), 0.0369450 secs] 15234985K->15160010K(20961280K), 0.0370660 secs] [Times: user=0.29 sys=0.00, real=0.04 secs]
2014-07-28T05:32:09.925+0000: 1170.902: [GC2014-07-28T05:32:09.926+0000: 1170.902: [ParNew: 90979K->9506K(92160K), 0.0382310 secs] 15241930K->15166084K(20961280K), 0.0383560 secs] [Times: user=0.29 sys=0.00, real=0.04 secs]
2014-07-28T05:32:10.405+0000: 1171.381: [GC2014-07-28T05:32:10.405+0000: 1171.381: [ParNew: 91426K->8736K(92160K), 0.0351540 secs] 15248004K->15170979K(20961280K), 0.0352790 secs] [Times: user=0.26 sys=0.01, real=0.04 secs]
2014-07-28T05:32:10.903+0000: 1171.879: [GC2014-07-28T05:32:10.903+0000: 1171.879: [ParNew: 90656K->8938K(92160K), 0.0348090 secs] 15252899K->15176627K(20961280K), 0.0349270 secs] [Times: user=0.25 sys=0.02, real=0.04 secs]
2014-07-28T05:32:11.483+0000: 1172.459: [GC2014-07-28T05:32:11.483+0000: 1172.459: [ParNew: 90858K->8866K(92160K), 0.0362020 secs] 15258547K->15182046K(20961280K), 0.0379290 secs] [Times: user=0.27 sys=0.00, real=0.03 secs]
2014-07-28T05:32:11.784+0000: 1172.760: [GC2014-07-28T05:32:11.784+0000: 1172.760: [ParNew: 90786K->10240K(92160K), 0.0364800 secs] 15263966K->15189027K(20961280K), 0.0366030 secs] [Times: user=0.27 sys=0.00, real=0.03 secs]
2014-07-28T05:32:11.995+0000: 1172.971: [GC2014-07-28T05:32:11.995+0000: 1172.971: [ParNew: 92160K->10240K(92160K), 0.0355230 secs] 15270947K->15194888K(20961280K), 0.0356460 secs] [Times: user=0.26 sys=0.01, real=0.03 secs]
2014-07-28T05:32:12.275+0000: 1173.251: [GC2014-07-28T05:32:12.275+0000: 1173.251: [ParNew: 92160K->10240K(92160K), 0.0349460 secs] 15276808K->15200405K(20961280K), 0.0350670 secs] [Times: user=0.26 sys=0.00, real=0.03 secs]
2014-07-28T05:32:12.573+0000: 1173.549: [GC2014-07-28T05:32:12.573+0000: 1173.550: [ParNew: 92160K->10240K(92160K), 0.0335930 secs] 15282325K->15205869K(20961280K), 0.0337110 secs] [Times: user=0.24 sys=0.02, real=0.04 secs]
2014-07-28T05:32:13.143+0000: 1174.119: [GC2014-07-28T05:32:13.143+0000: 1174.119: [ParNew: 92160K->10240K(92160K), 0.0398940 secs] 15287789K->15211533K(20961280K), 0.0400170 secs] [Times: user=0.27 sys=0.02, real=0.04 secs]
2014-07-28T05:32:13.565+0000: 1174.541: [GC2014-07-28T05:32:13.565+0000: 1174.541: [ParNew: 92160K->10240K(92160K), 0.0369430 secs] 15293453K->15217099K(20961280K), 0.0370680 secs] [Times: user=0.26 sys=0.01, real=0.03 secs]
2014-07-28T05:32:13.883+0000: 1174.859: [GC2014-07-28T05:32:13.883+0000: 1174.859: [ParNew: 92160K->9330K(92160K), 0.0343200 secs] 15299019K->15221690K(20961280K), 0.0344400 secs] [Times: user=0.25 sys=0.00, real=0.03 secs]
2014-07-28T05:32:14.211+0000: 1175.187: [GC2014-07-28T05:32:14.211+0000: 1175.187: [ParNew: 91250K->10240K(92160K), 0.0361340 secs] 15303610K->15228061K(20961280K), 0.0362630 secs] [Times: user=0.26 sys=0.02, real=0.04 secs]
2014-07-28T05:32:14.625+0000: 1175.601: [GC2014-07-28T05:32:14.625+0000: 1175.601: [ParNew: 92160K->8945K(92160K), 0.0360180 secs] 15309981K->15232567K(20961280K), 0.0361450 secs] [Times: user=0.26 sys=0.01, real=0.03 secs]
2014-07-28T05:32:15.122+0000: 1176.098: [GC2014-07-28T05:32:15.122+0000: 1176.098: [ParNew: 90865K->8508K(92160K), 0.0356420 secs] 15314487K->15237583K(20961280K), 0.0357700 secs] [Times: user=0.27 sys=0.00, real=0.04 secs]
2014-07-28T05:32:15.497+0000: 1176.473: [GC2014-07-28T05:32:15.497+0000: 1176.473: [ParNew: 90428K->8842K(92160K), 0.0373780 secs] 15319503K->15243368K(20961280K), 0.0374950 secs] [Times: user=0.29 sys=0.00, real=0.04 secs]
2014-07-28T05:32:15.707+0000: 1176.683: [GC2014-07-28T05:32:15.707+0000: 1176.683: [ParNew: 90762K->10240K(92160K), 0.0357680 secs] 15325288K->15250411K(20961280K), 0.0358850 secs] [Times: user=0.26 sys=0.02, real=0.04 secs]
2014-07-28T05:32:16.213+0000: 1177.189: [GC2014-07-28T05:32:16.213+0000: 1177.189: [ParNew: 92160K->10240K(92160K), 0.0355930 secs] 15332331K->15256134K(20961280K), 0.0357120 secs] [Times: user=0.26 sys=0.01, real=0.04 secs]
2014-07-28T05:32:16.614+0000: 1177.590: [GC2014-07-28T05:32:16.614+0000: 1177.590: [ParNew: 92160K->8961K(92160K), 0.0346560 secs] 15338054K->15260365K(20961280K), 0.0347800 secs] [Times: user=0.27 sys=0.00, real=0.03 secs]
2014-07-28T05:32:16.947+0000: 1177.923: [GC2014-07-28T05:32:16.947+0000: 1177.923: [ParNew: 90881K->10240K(92160K), 0.0620730 secs] 15342285K->15267164K(20961280K), 0.0622100 secs] [Times: user=0.29 sys=0.00, real=0.06 secs]
2014-07-28T05:32:17.296+0000: 1178.272: [GC2014-07-28T05:32:17.296+0000: 1178.272: [ParNew: 92160K->9100K(92160K), 0.0352260 secs] 15349084K->15271657K(20961280K), 0.0353540 secs] [Times: user=0.24 sys=0.03, real=0.03 secs]
2014-07-28T05:32:17.718+0000: 1178.694: [GC2014-07-28T05:32:17.718+0000: 1178.694: [ParNew: 91020K->10240K(92160K), 0.0550310 secs] 15353577K->15278334K(20961280K), 0.0551380 secs] [Times: user=0.26 sys=0.01, real=0.05 secs]
2014-07-28T05:32:18.105+0000: 1179.081: [GC2014-07-28T05:32:18.105+0000: 1179.081: [ParNew: 92160K->9946K(92160K), 0.0342470 secs] 15360254K->15283744K(20961280K), 0.0343690 secs] [Times: user=0.25 sys=0.01, real=0.03 secs]
2014-07-28T05:32:18.374+0000: 1179.350: [GC2014-07-28T05:32:18.374+0000: 1179.350: [ParNew: 91866K->10240K(92160K), 0.0368680 secs] 15365664K->15289664K(20961280K), 0.0370030 secs] [Times: user=0.27 sys=0.02, real=0.03 secs]
2014-07-28T05:32:18.814+0000: 1179.790: [GC2014-07-28T05:32:18.814+0000: 1179.790: [ParNew: 92160K->9770K(92160K), 0.0353200 secs] 15371584K->15294882K(20961280K), 0.0354470 secs] [Times: user=0.27 sys=0.01, real=0.04 secs]
2014-07-28T05:32:19.325+0000: 1180.301: [GC2014-07-28T05:32:19.325+0000: 1180.301: [ParNew: 91690K->9065K(92160K), 0.0356110 secs] 15376802K->15299532K(20961280K), 0.0357330 secs] [Times: user=0.28 sys=0.00, real=0.03 secs]
2014-07-28T05:32:19.603+0000: 1180.579: [GC2014-07-28T05:32:19.603+0000: 1180.579: [ParNew: 90985K->10032K(92160K), 0.0359150 secs] 15381452K->15306171K(20961280K), 0.0360320 secs] [Times: user=0.23 sys=0.04, real=0.03 secs]
2014-07-28T05:32:20.024+0000: 1181.000: [GC2014-07-28T05:32:20.024+0000: 1181.000: [ParNew: 91952K->9403K(92160K), 0.0354900 secs] 15388091K->15311056K(20961280K), 0.0356130 secs] [Times: user=0.26 sys=0.01, real=0.03 secs]
2014-07-28T05:32:20.514+0000: 1181.490: [GC2014-07-28T05:32:20.514+0000: 1181.490: [ParNew: 91323K->10240K(92160K), 0.0359390 secs] 15392976K->15317547K(20961280K), 0.0360680 secs] [Times: user=0.26 sys=0.02, real=0.03 secs]
2014-07-28T05:32:21.193+0000: 1182.169: [GC2014-07-28T05:32:21.193+0000: 1182.169: [ParNew: 92160K->8813K(92160K), 0.0357540 secs] 15399467K->15321541K(20961280K), 0.0358800 secs] [Times: user=0.26 sys=0.01, real=0.04 secs]
2014-07-28T05:32:21.612+0000: 1182.589: [GC2014-07-28T05:32:21.613+0000: 1182.589: [ParNew: 90733K->9398K(92160K), 0.0366750 secs] 15403461K->15327585K(20961280K), 0.0367950 secs] [Times: user=0.27 sys=0.01, real=0.04 secs]
2014-07-28T05:32:21.888+0000: 1182.864: [GC2014-07-28T05:32:21.888+0000: 1182.864: [ParNew: 91304K->10240K(92160K), 0.0695720 secs] 15409491K->15334215K(20961280K), 0.0697010 secs] [Times: user=0.30 sys=0.01, real=0.07 secs]
2014-07-28T05:32:22.123+0000: 1183.099: [GC2014-07-28T05:32:22.123+0000: 1183.099: [ParNew: 92146K->10240K(92160K), 0.0831300 secs] 15416122K->15339885K(20961280K), 0.0832610 secs] [Times: user=0.38 sys=0.00, real=0.08 secs]
2014-07-28T05:32:22.372+0000: 1183.349: [GC2014-07-28T05:32:22.372+0000: 1183.349: [ParNew: 92160K->9528K(92160K), 0.0365630 secs] 15421805K->15344586K(20961280K), 0.0367010 secs] [Times: user=0.28 sys=0.00, real=0.04 secs]
2014-07-28T05:32:22.691+0000: 1183.667: [GC2014-07-28T05:32:22.691+0000: 1183.667: [ParNew: 91448K->9394K(92160K), 0.0349090 secs] 15426506K->15350160K(20961280K), 0.0350250 secs] [Times: user=0.26 sys=0.01, real=0.04 secs]
2014-07-28T05:32:23.248+0000: 1184.224: [GC2014-07-28T05:32:23.248+0000: 1184.224: [ParNew: 91314K->10240K(92160K), 0.0350150 secs] 15432080K->15356491K(20961280K), 0.0351380 secs] [Times: user=0.24 sys=0.03, real=0.04 secs]
2014-07-28T05:32:23.656+0000: 1184.632: [GC2014-07-28T05:32:23.656+0000: 1184.632: [ParNew: 92160K->10240K(92160K), 0.0394290 secs] 15438411K->15362301K(20961280K), 0.0395500 secs] [Times: user=0.30 sys=0.01, real=0.04 secs]
2014-07-28T05:32:24.003+0000: 1184.979: [GC2014-07-28T05:32:24.003+0000: 1184.980: [ParNew: 92160K->10202K(92160K), 0.0359020 secs] 15444221K->15367911K(20961280K), 0.0360230 secs] [Times: user=0.26 sys=0.01, real=0.03 secs]
2014-07-28T05:32:24.312+0000: 1185.288: [GC2014-07-28T05:32:24.312+0000: 1185.288: [ParNew: 92122K->10240K(92160K), 0.0393080 secs] 15449831K->15373666K(20961280K), 0.0394280 secs] [Times: user=0.26 sys=0.03, real=0.04 secs]
2014-07-28T05:32:24.725+0000: 1185.702: [GC2014-07-28T05:32:24.725+0000: 1185.702: [ParNew: 92160K->9388K(92160K), 0.0395750 secs] 15455586K->15378323K(20961280K), 0.0396970 secs] [Times: user=0.30 sys=0.00, real=0.04 secs]
2014-07-28T05:32:25.259+0000: 1186.235: [GC2014-07-28T05:32:25.259+0000: 1186.235: [ParNew: 91308K->8854K(92160K), 0.0346730 secs] 15460243K->15383227K(20961280K), 0.0348050 secs] [Times: user=0.25 sys=0.01, real=0.04 secs]
2014-07-28T05:32:25.592+0000: 1186.568: [GC2014-07-28T05:32:25.592+0000: 1186.568: [ParNew: 90774K->10240K(92160K), 0.0358390 secs] 15465147K->15390058K(20961280K), 0.0359580 secs] [Times: user=0.25 sys=0.02, real=0.04 secs]
2014-07-28T05:32:25.833+0000: 1186.809: [GC2014-07-28T05:32:25.833+0000: 1186.809: [ParNew: 92160K->9672K(92160K), 0.0339710 secs] 15471978K->15395196K(20961280K), 0.0340900 secs] [Times: user=0.26 sys=0.00, real=0.04 secs]
2014-07-28T05:32:26.308+0000: 1187.284: [GC2014-07-28T05:32:26.308+0000: 1187.284: [ParNew: 91592K->9140K(92160K), 0.0368050 secs] 15477116K->15400075K(20961280K), 0.0369290 secs] [Times: user=0.28 sys=0.01, real=0.04 secs]
2014-07-28T05:32:26.732+0000: 1187.708: [GC2014-07-28T05:32:26.732+0000: 1187.708: [ParNew: 91060K->9439K(92160K), 0.0366910 secs] 15481995K->15406173K(20961280K), 0.0368220 secs] [Times: user=0.28 sys=0.00, real=0.04 secs]
2014-07-28T05:32:27.071+0000: 1188.047: [GC2014-07-28T05:32:27.071+0000: 1188.047: [ParNew: 91359K->10240K(92160K), 0.0354320 secs] 15488093K->15412407K(20961280K), 0.0355580 secs] [Times: user=0.26 sys=0.02, real=0.04 secs]
2014-07-28T05:32:27.405+0000: 1188.381: [GC2014-07-28T05:32:27.405+0000: 1188.381: [ParNew: 92160K->8765K(92160K), 0.0342630 secs] 15494327K->15416606K(20961280K), 0.0343810 secs] [Times: user=0.26 sys=0.01, real=0.03 secs]
2014-07-28T05:32:27.837+0000: 1188.814: [GC2014-07-28T05:32:27.837+0000: 1188.814: [ParNew: 90685K->10240K(92160K), 0.0417130 secs] 15498526K->15423570K(20961280K), 0.0418330 secs] [Times: user=0.29 sys=0.02, real=0.04 secs]
2014-07-28T05:32:28.221+0000: 1189.197: [GC2014-07-28T05:32:28.221+0000: 1189.197: [ParNew: 92160K->9399K(92160K), 0.0357810 secs] 15505490K->15428443K(20961280K), 0.0359010 secs] [Times: user=0.27 sys=0.01, real=0.04 secs]
2014-07-28T05:32:28.493+0000: 1189.469: [GC2014-07-28T05:32:28.493+0000: 1189.469: [ParNew: 91319K->9507K(92160K), 0.0345290 secs] 15510363K->15434048K(20961280K), 0.0346630 secs] [Times: user=0.27 sys=0.00, real=0.04 secs]
2014-07-28T05:32:28.930+0000: 1189.906: [GC2014-07-28T05:32:28.930+0000: 1189.906: [ParNew: 91427K->9482K(92160K), 0.0386020 secs] 15515968K->15439540K(20961280K), 0.0387190 secs] [Times: user=0.28 sys=0.01, real=0.04 secs]
2014-07-28T05:32:29.413+0000: 1190.389: [GC2014-07-28T05:32:29.413+0000: 1190.390: [ParNew: 91402K->10240K(92160K), 0.0357430 secs] 15521460K->15445869K(20961280K), 0.0358740 secs] [Times: user=0.27 sys=0.00, real=0.04 secs]
2014-07-28T05:32:29.739+0000: 1190.715: [GC2014-07-28T05:32:29.739+0000: 1190.716: [ParNew: 92160K->9489K(92160K), 0.0359500 secs] 15527789K->15450838K(20961280K), 0.0360830 secs] [Times: user=0.25 sys=0.02, real=0.04 secs]
2014-07-28T05:32:30.123+0000: 1191.099: [GC2014-07-28T05:32:30.123+0000: 1191.099: [ParNew: 91409K->10240K(92160K), 0.0389440 secs] 15532758K->15456974K(20961280K), 0.0390690 secs] [Times: user=0.27 sys=0.01, real=0.03 secs]
2014-07-28T05:32:30.616+0000: 1191.592: [GC2014-07-28T05:32:30.616+0000: 1191.592: [ParNew: 92160K->10147K(92160K), 0.0336350 secs] 15538894K->15462513K(20961280K), 0.0337570 secs] [Times: user=0.25 sys=0.01, real=0.03 secs]
2014-07-28T05:32:31.293+0000: 1192.269: [GC2014-07-28T05:32:31.293+0000: 1192.269: [ParNew: 92067K->10181K(92160K), 0.0350170 secs] 15544433K->15468066K(20961280K), 0.0351360 secs] [Times: user=0.27 sys=0.00, real=0.04 secs]
2014-07-28T05:32:31.749+0000: 1192.725: [GC2014-07-28T05:32:31.749+0000: 1192.725: [ParNew: 92101K->9390K(92160K), 0.0340390 secs] 15549986K->15472813K(20961280K), 0.0341580 secs] [Times: user=0.25 sys=0.01, real=0.04 secs]
2014-07-28T05:32:32.008+0000: 1192.984: [GC2014-07-28T05:32:32.008+0000: 1192.984: [ParNew: 91300K->10240K(92160K), 0.0515180 secs] 15554724K->15479407K(20961280K), 0.0516320 secs] [Times: user=0.32 sys=0.03, real=0.05 secs]
2014-07-28T05:32:32.249+0000: 1193.225: [GC2014-07-28T05:32:32.249+0000: 1193.225: [ParNew: 92160K->9948K(92160K), 0.0342780 secs] 15561327K->15484880K(20961280K), 0.0344000 secs] [Times: user=0.27 sys=0.00, real=0.04 secs]
2014-07-28T05:32:32.460+0000: 1193.436: [GC2014-07-28T05:32:32.460+0000: 1193.436: [ParNew: 91868K->10240K(92160K), 0.1680220 secs] 15566800K->15490621K(20961280K), 0.1681610 secs] [Times: user=0.26 sys=0.01, real=0.17 secs]
2014-07-28T05:32:32.823+0000: 1193.799: [GC2014-07-28T05:32:32.823+0000: 1193.799: [ParNew: 92160K->9750K(92160K), 0.0540060 secs] 15572541K->15495832K(20961280K), 0.0541240 secs] [Times: user=0.30 sys=0.03, real=0.05 secs]
2014-07-28T05:32:33.352+0000: 1194.328: [GC2014-07-28T05:32:33.352+0000: 1194.328: [ParNew: 91670K->8940K(92160K), 0.0442140 secs] 15577752K->15500449K(20961280K), 0.0443210 secs] [Times: user=0.32 sys=0.00, real=0.05 secs]
2014-07-28T05:32:33.758+0000: 1194.734: [GC2014-07-28T05:32:33.758+0000: 1194.734: [ParNew: 90860K->10087K(92160K), 0.0361630 secs] 15582369K->15507104K(20961280K), 0.0362860 secs] [Times: user=0.27 sys=0.00, real=0.04 secs]
2014-07-28T05:32:34.111+0000: 1195.087: [GC2014-07-28T05:32:34.111+0000: 1195.087: [ParNew: 92007K->9603K(92160K), 0.0351190 secs] 15589024K->15512347K(20961280K), 0.0352430 secs] [Times: user=0.26 sys=0.00, real=0.04 secs]
2014-07-28T05:32:34.415+0000: 1195.391: [GC2014-07-28T05:32:34.415+0000: 1195.391: [ParNew: 91523K->10240K(92160K), 0.0369170 secs] 15594267K->15518681K(20961280K), 0.0370350 secs] [Times: user=0.28 sys=0.00, real=0.03 secs]
2014-07-28T05:32:34.826+0000: 1195.802: [GC2014-07-28T05:32:34.826+0000: 1195.802: [ParNew: 92160K->10240K(92160K), 0.0343560 secs] 15600601K->15524199K(20961280K), 0.0344780 secs] [Times: user=0.25 sys=0.00, real=0.03 secs]
2014-07-28T05:32:35.386+0000: 1196.362: [GC2014-07-28T05:32:35.386+0000: 1196.362: [ParNew: 92160K->8761K(92160K), 0.0389940 secs] 15606119K->15528177K(20961280K), 0.0391170 secs] [Times: user=0.27 sys=0.02, real=0.04 secs]
2014-07-28T05:32:35.686+0000: 1196.662: [GC2014-07-28T05:32:35.686+0000: 1196.662: [ParNew: 90681K->10240K(92160K), 0.0686520 secs] 15610097K->15535304K(20961280K), 0.0687820 secs] [Times: user=0.29 sys=0.00, real=0.07 secs]
2014-07-28T05:32:35.926+0000: 1196.902: [GC2014-07-28T05:32:35.926+0000: 1196.902: [ParNew: 92160K->10240K(92160K), 0.0558180 secs] 15617224K->15540920K(20961280K), 0.0559540 secs] [Times: user=0.34 sys=0.02, real=0.06 secs]
2014-07-28T05:32:36.406+0000: 1197.382: [GC2014-07-28T05:32:36.406+0000: 1197.382: [ParNew: 92160K->9437K(92160K), 0.0339690 secs] 15622840K->15545615K(20961280K), 0.0340930 secs] [Times: user=0.25 sys=0.01, real=0.03 secs]
2014-07-28T05:32:36.827+0000: 1197.803: [GC2014-07-28T05:32:36.827+0000: 1197.803: [ParNew: 91327K->10240K(92160K), 0.0356930 secs] 15627505K->15552172K(20961280K), 0.0358200 secs] [Times: user=0.26 sys=0.02, real=0.04 secs]
2014-07-28T05:32:37.164+0000: 1198.140: [GC2014-07-28T05:32:37.164+0000: 1198.140: [ParNew: 92152K->10143K(92160K), 0.0356460 secs] 15634085K->15557455K(20961280K), 0.0357830 secs] [Times: user=0.26 sys=0.01, real=0.03 secs]
2014-07-28T05:32:37.549+0000: 1198.525: [GC2014-07-28T05:32:37.549+0000: 1198.525: [ParNew: 92063K->8791K(92160K), 0.0351150 secs] 15639375K->15561720K(20961280K), 0.0352310 secs] [Times: user=0.27 sys=0.00, real=0.04 secs]
2014-07-28T05:32:37.935+0000: 1198.911: [GC2014-07-28T05:32:37.935+0000: 1198.911: [ParNew: 90711K->10240K(92160K), 0.0357010 secs] 15643640K->15568873K(20961280K), 0.0358210 secs] [Times: user=0.25 sys=0.03, real=0.03 secs]
2014-07-28T05:32:38.354+0000: 1199.330: [GC2014-07-28T05:32:38.354+0000: 1199.330: [ParNew: 92160K->10112K(92160K), 0.0346820 secs] 15650793K->15574275K(20961280K), 0.0348010 secs] [Times: user=0.27 sys=0.00, real=0.04 secs]
2014-07-28T05:32:38.614+0000: 1199.590: [GC2014-07-28T05:32:38.614+0000: 1199.590: [ParNew: 92032K->8592K(92160K), 0.0340620 secs] 15656195K->15578144K(20961280K), 0.0341820 secs] [Times: user=0.26 sys=0.01, real=0.03 secs]
2014-07-28T05:32:39.027+0000: 1200.003: [GC2014-07-28T05:32:39.027+0000: 1200.003: [ParNew: 90512K->7984K(92160K), 0.0337590 secs] 15660064K->15583164K(20961280K), 0.0338820 secs] [Times: user=0.26 sys=0.00, real=0.03 secs]
2014-07-28T05:32:39.498+0000: 1200.474: [GC2014-07-28T05:32:39.498+0000: 1200.474: [ParNew: 89904K->10240K(92160K), 0.0362330 secs] 15665084K->15591461K(20961280K), 0.0363570 secs] [Times: user=0.26 sys=0.01, real=0.04 secs]
2014-07-28T05:32:39.847+0000: 1200.823: [GC2014-07-28T05:32:39.847+0000: 1200.823: [ParNew: 92160K->9464K(92160K), 0.0343640 secs] 15673381K->15596046K(20961280K), 0.0344820 secs] [Times: user=0.23 sys=0.03, real=0.03 secs]
2014-07-28T05:32:40.232+0000: 1201.209: [GC2014-07-28T05:32:40.233+0000: 1201.209: [ParNew: 91384K->9260K(92160K), 0.0347610 secs] 15677966K->15601182K(20961280K), 0.0348810 secs] [Times: user=0.25 sys=0.01, real=0.04 secs]
2014-07-28T05:32:40.751+0000: 1201.727: [GC2014-07-28T05:32:40.751+0000: 1201.727: [ParNew: 91180K->9027K(92160K), 0.0354860 secs] 15683102K->15606536K(20961280K), 0.0356040 secs] [Times: user=0.27 sys=0.01, real=0.04 secs]
2014-07-28T05:32:41.403+0000: 1202.379: [GC2014-07-28T05:32:41.403+0000: 1202.379: [ParNew: 90947K->8430K(92160K), 0.0363140 secs] 15688456K->15611432K(20961280K), 0.0364390 secs] [Times: user=0.28 sys=0.00, real=0.03 secs]
2014-07-28T05:32:41.838+0000: 1202.814: [GC2014-07-28T05:32:41.838+0000: 1202.814: [ParNew: 90350K->10240K(92160K), 0.0366730 secs] 15693352K->15618822K(20961280K), 0.0367940 secs] [Times: user=0.28 sys=0.00, real=0.04 secs]
2014-07-28T05:32:42.116+0000: 1203.092: [GC2014-07-28T05:32:42.116+0000: 1203.092: [ParNew: 92160K->10240K(92160K), 0.0387240 secs] 15700742K->15626173K(20961280K), 0.0388600 secs] [Times: user=0.27 sys=0.02, real=0.04 secs]
2014-07-28T05:32:42.333+0000: 1203.309: [GC2014-07-28T05:32:42.333+0000: 1203.309: [ParNew: 92160K->10240K(92160K), 0.0327810 secs] 15708093K->15631211K(20961280K), 0.0329010 secs] [Times: user=0.24 sys=0.01, real=0.04 secs]
2014-07-28T05:32:42.659+0000: 1203.635: [GC2014-07-28T05:32:42.659+0000: 1203.635: [ParNew: 92160K->10240K(92160K), 0.0373290 secs] 15713131K->15637111K(20961280K), 0.0374450 secs] [Times: user=0.25 sys=0.01, real=0.04 secs]
2014-07-28T05:32:43.052+0000: 1204.028: [GC2014-07-28T05:32:43.052+0000: 1204.028: [ParNew: 92160K->9588K(92160K), 0.0352590 secs] 15719031K->15641824K(20961280K), 0.0353790 secs] [Times: user=0.27 sys=0.00, real=0.03 secs]
2014-07-28T05:32:43.473+0000: 1204.449: [GC2014-07-28T05:32:43.473+0000: 1204.449: [ParNew: 91508K->8564K(92160K), 0.0347570 secs] 15723744K->15646132K(20961280K), 0.0348900 secs] [Times: user=0.26 sys=0.01, real=0.03 secs]
2014-07-28T05:32:43.863+0000: 1204.839: [GC2014-07-28T05:32:43.863+0000: 1204.839: [ParNew: 90484K->9004K(92160K), 0.0346080 secs] 15728052K->15652145K(20961280K), 0.0347340 secs] [Times: user=0.26 sys=0.01, real=0.03 secs]
2014-07-28T05:32:44.222+0000: 1205.199: [GC2014-07-28T05:32:44.223+0000: 1205.199: [ParNew: 90924K->9219K(92160K), 0.0345130 secs] 15734065K->15657989K(20961280K), 0.0346460 secs] [Times: user=0.24 sys=0.02, real=0.03 secs]
2014-07-28T05:32:44.514+0000: 1205.490: [GC2014-07-28T05:32:44.514+0000: 1205.490: [ParNew: 91139K->10240K(92160K), 0.0344050 secs] 15739909K->15664523K(20961280K), 0.0345250 secs] [Times: user=0.24 sys=0.02, real=0.03 secs]
2014-07-28T05:32:44.549+0000: 1205.525: [GC [1 CMS-initial-mark: 15654283K(20869120K)] 15664616K(20961280K), 0.0061630 secs] [Times: user=0.00 sys=0.00, real=0.01 secs]
2014-07-28T05:32:44.555+0000: 1205.531: [CMS-concurrent-mark-start]
2014-07-28T05:32:44.925+0000: 1205.901: [GC2014-07-28T05:32:44.925+0000: 1205.901: [ParNew: 92160K->10240K(92160K), 0.0352630 secs] 15746443K->15670310K(20961280K), 0.0353820 secs] [Times: user=0.26 sys=0.01, real=0.03 secs]
2014-07-28T05:32:45.497+0000: 1206.473: [GC2014-07-28T05:32:45.497+0000: 1206.473: [ParNew: 92156K->9360K(92160K), 0.0746520 secs] 15752227K->15674956K(20961280K), 0.0747870 secs] [Times: user=0.33 sys=0.01, real=0.08 secs]
2014-07-28T05:32:45.606+0000: 1206.582: [CMS-concurrent-mark: 0.940/1.051 secs] [Times: user=2.65 sys=0.94, real=1.05 secs]
2014-07-28T05:32:45.606+0000: 1206.582: [CMS-concurrent-preclean-start]
2014-07-28T05:32:45.681+0000: 1206.657: [CMS-concurrent-preclean: 0.067/0.074 secs] [Times: user=0.14 sys=0.05, real=0.07 secs]
2014-07-28T05:32:45.681+0000: 1206.657: [CMS-concurrent-abortable-preclean-start]
2014-07-28T05:32:45.816+0000: 1206.792: [GC2014-07-28T05:32:45.816+0000: 1206.792: [ParNew: 91280K->10240K(92160K), 0.0363410 secs] 15756876K->15681467K(20961280K), 0.0364680 secs] [Times: user=0.26 sys=0.02, real=0.04 secs]
2014-07-28T05:32:45.919+0000: 1206.895: [CMS-concurrent-abortable-preclean: 0.195/0.238 secs] [Times: user=0.75 sys=0.18, real=0.24 secs]
2014-07-28T05:32:45.919+0000: 1206.895: [GC[YG occupancy: 59168 K (92160 K)]2014-07-28T05:32:45.919+0000: 1206.895: [Rescan (parallel) , 0.0138580 secs]2014-07-28T05:32:45.933+0000: 1206.909: [weak refs processing, 0.0000360 secs]2014-07-28T05:32:45.933+0000: 1206.909: [class unloading, 0.0039050 secs]2014-07-28T05:32:45.937+0000: 1206.913: [scrub symbol table, 0.0025950 secs]2014-07-28T05:32:45.940+0000: 1206.916: [scrub string table, 0.0003910 secs] [1 CMS-remark: 15671227K(20869120K)] 15730396K(20961280K), 0.0222270 secs] [Times: user=0.11 sys=0.00, real=0.02 secs]
2014-07-28T05:32:45.942+0000: 1206.918: [CMS-concurrent-sweep-start]
2014-07-28T05:32:46.044+0000: 1207.020: [GC2014-07-28T05:32:46.044+0000: 1207.020: [ParNew: 92160K->10240K(92160K), 0.0348990 secs] 15590772K->15514421K(20961280K), 0.0350180 secs] [Times: user=0.26 sys=0.01, real=0.03 secs]
2014-07-28T05:32:46.500+0000: 1207.476: [GC2014-07-28T05:32:46.500+0000: 1207.476: [ParNew: 92159K->10240K(92160K), 0.0346540 secs] 14998619K->14922240K(20961280K), 0.0347750 secs] [Times: user=0.26 sys=0.00, real=0.04 secs]
2014-07-28T05:32:46.962+0000: 1207.938: [GC2014-07-28T05:32:46.962+0000: 1207.939: [ParNew: 92160K->8743K(92160K), 0.0343290 secs] 14445903K->14368075K(20961280K), 0.0344570 secs] [Times: user=0.27 sys=0.00, real=0.03 secs]
2014-07-28T05:32:47.263+0000: 1208.240: [GC2014-07-28T05:32:47.264+0000: 1208.240: [ParNew: 90663K->8823K(92160K), 0.0308450 secs] 14157875K->14081376K(20961280K), 0.0310000 secs] [Times: user=0.23 sys=0.01, real=0.03 secs]
2014-07-28T05:32:47.792+0000: 1208.768: [GC2014-07-28T05:32:47.792+0000: 1208.769: [ParNew: 90743K->8747K(92160K), 0.0423580 secs] 13649005K->13572692K(20961280K), 0.0424690 secs] [Times: user=0.28 sys=0.00, real=0.04 secs]
2014-07-28T05:32:48.050+0000: 1209.026: [GC2014-07-28T05:32:48.050+0000: 1209.026: [ParNew: 90667K->10240K(92160K), 0.0367660 secs] 13480899K->13405947K(20961280K), 0.0368840 secs] [Times: user=0.27 sys=0.01, real=0.04 secs]
2014-07-28T05:32:48.447+0000: 1209.423: [GC2014-07-28T05:32:48.447+0000: 1209.423: [ParNew: 92160K->9718K(92160K), 0.0312450 secs] 13116427K->13039793K(20961280K), 0.0313670 secs] [Times: user=0.24 sys=0.01, real=0.03 secs]
2014-07-28T05:32:48.725+0000: 1209.701: [GC2014-07-28T05:32:48.725+0000: 1209.701: [ParNew: 91638K->10240K(92160K), 0.0522520 secs] 12886384K->12810467K(20961280K), 0.0523810 secs] [Times: user=0.27 sys=0.00, real=0.05 secs]
2014-07-28T05:32:49.152+0000: 1210.128: [GC2014-07-28T05:32:49.152+0000: 1210.128: [ParNew: 92160K->7563K(92160K), 0.0326980 secs] 12486230K->12407093K(20961280K), 0.0328230 secs] [Times: user=0.25 sys=0.01, real=0.03 secs]
2014-07-28T05:32:49.602+0000: 1210.578: [GC2014-07-28T05:32:49.602+0000: 1210.578: [ParNew: 89483K->10240K(92160K), 0.0367340 secs] 12053912K->11980624K(20961280K), 0.0368560 secs] [Times: user=0.28 sys=0.00, real=0.03 secs]
2014-07-28T05:32:49.944+0000: 1210.920: [GC2014-07-28T05:32:49.944+0000: 1210.920: [ParNew: 92160K->9930K(92160K), 0.0340200 secs] 11778242K->11701700K(20961280K), 0.0341360 secs] [Times: user=0.26 sys=0.00, real=0.03 secs]
2014-07-28T05:32:50.351+0000: 1211.327: [GC2014-07-28T05:32:50.351+0000: 1211.327: [ParNew: 91850K->9383K(92160K), 0.0313120 secs] 11419660K->11342623K(20961280K), 0.0314340 secs] [Times: user=0.22 sys=0.01, real=0.03 secs]
2014-07-28T05:32:50.839+0000: 1211.815: [GC2014-07-28T05:32:50.839+0000: 1211.815: [ParNew: 91303K->10240K(92160K), 0.0332250 secs] 10974194K->10898652K(20961280K), 0.0333440 secs] [Times: user=0.26 sys=0.00, real=0.04 secs]
2014-07-28T05:32:51.510+0000: 1212.486: [GC2014-07-28T05:32:51.510+0000: 1212.486: [ParNew: 92160K->9583K(92160K), 0.0339920 secs] 10327728K->10250763K(20961280K), 0.0341170 secs] [Times: user=0.27 sys=0.00, real=0.04 secs]
2014-07-28T05:32:51.936+0000: 1212.912: [GC2014-07-28T05:32:51.936+0000: 1212.912: [ParNew: 91503K->10155K(92160K), 0.0333040 secs] 9952931K->9877073K(20961280K), 0.0334340 secs] [Times: user=0.26 sys=0.00, real=0.03 secs]
2014-07-28T05:32:52.225+0000: 1213.201: [GC2014-07-28T05:32:52.225+0000: 1213.201: [ParNew: 92075K->10240K(92160K), 0.0353260 secs] 9725764K->9651119K(20961280K), 0.0354630 secs] [Times: user=0.26 sys=0.00, real=0.03 secs]
2014-07-28T05:32:52.423+0000: 1213.399: [GC2014-07-28T05:32:52.423+0000: 1213.400: [ParNew: 92160K->10240K(92160K), 0.0347080 secs] 9629700K->9553452K(20961280K), 0.0348260 secs] [Times: user=0.27 sys=0.00, real=0.03 secs]
2014-07-28T05:32:52.759+0000: 1213.735: [GC2014-07-28T05:32:52.759+0000: 1213.735: [ParNew: 92160K->10240K(92160K), 0.0327560 secs] 9368476K->9292992K(20961280K), 0.0328790 secs] [Times: user=0.26 sys=0.00, real=0.04 secs]
2014-07-28T05:32:53.272+0000: 1214.248: [GC2014-07-28T05:32:53.272+0000: 1214.249: [ParNew: 92160K->8899K(92160K), 0.0328650 secs] 8921388K->8843208K(20961280K), 0.0329850 secs] [Times: user=0.24 sys=0.01, real=0.03 secs]
2014-07-28T05:32:53.594+0000: 1214.570: [GC2014-07-28T05:32:53.594+0000: 1214.570: [ParNew: 90819K->8374K(92160K), 0.0332310 secs] 8678349K->8601455K(20961280K), 0.0333480 secs] [Times: user=0.25 sys=0.00, real=0.03 secs]
2014-07-28T05:32:53.956+0000: 1214.932: [GC2014-07-28T05:32:53.956+0000: 1214.932: [ParNew: 90294K->10240K(92160K), 0.0367610 secs] 8390663K->8316158K(20961280K), 0.0368820 secs] [Times: user=0.29 sys=0.00, real=0.04 secs]
2014-07-28T05:32:54.355+0000: 1215.331: [GC2014-07-28T05:32:54.355+0000: 1215.331: [ParNew: 92160K->10240K(92160K), 0.0301190 secs] 8090160K->8013913K(20961280K), 0.0302410 secs] [Times: user=0.23 sys=0.00, real=0.03 secs]
2014-07-28T05:32:54.634+0000: 1215.610: [GC2014-07-28T05:32:54.634+0000: 1215.610: [ParNew: 92160K->9005K(92160K), 0.0325760 secs] 7881320K->7803696K(20961280K), 0.0326980 secs] [Times: user=0.26 sys=0.00, real=0.03 secs]
2014-07-28T05:32:55.027+0000: 1216.003: [GC2014-07-28T05:32:55.027+0000: 1216.003: [ParNew: 90925K->10066K(92160K), 0.0307510 secs] 7568166K->7492866K(20961280K), 0.0308730 secs] [Times: user=0.23 sys=0.00, real=0.03 secs]
2014-07-28T05:32:55.613+0000: 1216.589: [GC2014-07-28T05:32:55.613+0000: 1216.589: [ParNew: 91986K->10240K(92160K), 0.0356190 secs] 7112820K->7036742K(20961280K), 0.0357430 secs] [Times: user=0.28 sys=0.00, real=0.03 secs]
2014-07-28T05:32:55.923+0000: 1216.899: [GC2014-07-28T05:32:55.923+0000: 1216.899: [ParNew: 92160K->9857K(92160K), 0.0324160 secs] 6927632K->6850884K(20961280K), 0.0325430 secs] [Times: user=0.25 sys=0.00, real=0.03 secs]
2014-07-28T05:32:56.160+0000: 1217.136: [GC2014-07-28T05:32:56.160+0000: 1217.136: [ParNew: 91777K->9710K(92160K), 0.0345980 secs] 6795033K->6718523K(20961280K), 0.0347240 secs] [Times: user=0.27 sys=0.00, real=0.04 secs]
2014-07-28T05:32:56.591+0000: 1217.567: [GC2014-07-28T05:32:56.591+0000: 1217.567: [ParNew: 91630K->10240K(92160K), 0.0350370 secs] 6492343K->6416625K(20961280K), 0.0351560 secs] [Times: user=0.27 sys=0.00, real=0.03 secs]
2014-07-28T05:32:57.086+0000: 1218.062: [GC2014-07-28T05:32:57.086+0000: 1218.062: [ParNew: 92160K->10240K(92160K), 0.0311530 secs] 6168439K->6092177K(20961280K), 0.0312880 secs] [Times: user=0.24 sys=0.00, real=0.03 secs]
2014-07-28T05:32:57.385+0000: 1218.361: [GC2014-07-28T05:32:57.385+0000: 1218.361: [ParNew: 92159K->9948K(92160K), 0.0330450 secs] 5978978K->5902142K(20961280K), 0.0331690 secs] [Times: user=0.26 sys=0.00, real=0.03 secs]
2014-07-28T05:32:57.896+0000: 1218.872: [GC2014-07-28T05:32:57.896+0000: 1218.872: [ParNew: 91868K->9119K(92160K), 0.0342580 secs] 5616596K->5539436K(20961280K), 0.0343780 secs] [Times: user=0.26 sys=0.00, real=0.04 secs]
2014-07-28T05:32:58.155+0000: 1219.131: [GC2014-07-28T05:32:58.155+0000: 1219.131: [ParNew: 91039K->10101K(92160K), 0.0329140 secs] 5467700K->5392312K(20961280K), 0.0330430 secs] [Times: user=0.25 sys=0.01, real=0.03 secs]
2014-07-28T05:32:58.538+0000: 1219.514: [GC2014-07-28T05:32:58.538+0000: 1219.514: [ParNew: 92021K->10240K(92160K), 0.0364180 secs] 5223368K->5147158K(20961280K), 0.0365520 secs] [Times: user=0.27 sys=0.01, real=0.04 secs]
2014-07-28T05:32:58.862+0000: 1219.838: [GC2014-07-28T05:32:58.863+0000: 1219.839: [ParNew: 92160K->10101K(92160K), 0.0317590 secs] 5046514K->4970249K(20961280K), 0.0327240 secs] [Times: user=0.24 sys=0.00, real=0.03 secs]
2014-07-28T05:32:59.298+0000: 1220.274: [GC2014-07-28T05:32:59.298+0000: 1220.274: [ParNew: 92019K->8545K(92160K), 0.0323660 secs] 4777005K->4699062K(20961280K), 0.0325000 secs] [Times: user=0.23 sys=0.01, real=0.04 secs]
2014-07-28T05:32:59.708+0000: 1220.684: [GC2014-07-28T05:32:59.708+0000: 1220.684: [ParNew: 90465K->10240K(92160K), 0.0352310 secs] 4513028K->4438952K(20961280K), 0.0353550 secs] [Times: user=0.26 sys=0.00, real=0.04 secs]
2014-07-28T05:33:00.113+0000: 1221.089: [GC2014-07-28T05:33:00.113+0000: 1221.090: [ParNew: 92160K->9068K(92160K), 0.0326700 secs] 4277055K->4199243K(20961280K), 0.0327970 secs] [Times: user=0.24 sys=0.01, real=0.03 secs]
2014-07-28T05:33:00.492+0000: 1221.468: [GC2014-07-28T05:33:00.492+0000: 1221.469: [ParNew: 90988K->9826K(92160K), 0.0323670 secs] 4064827K->3988960K(20961280K), 0.0324890 secs] [Times: user=0.24 sys=0.00, real=0.03 secs]
2014-07-28T05:33:00.930+0000: 1221.906: [GC2014-07-28T05:33:00.930+0000: 1221.906: [ParNew: 91746K->10240K(92160K), 0.0370260 secs] 3813090K->3737103K(20961280K), 0.0371490 secs] [Times: user=0.29 sys=0.00, real=0.04 secs]
2014-07-28T05:33:01.606+0000: 1222.582: [GC2014-07-28T05:33:01.606+0000: 1222.582: [ParNew: 92160K->8951K(92160K), 0.0306090 secs] 3396305K->3318849K(20961280K), 0.0307550 secs] [Times: user=0.24 sys=0.00, real=0.03 secs]
2014-07-28T05:33:02.033+0000: 1223.009: [GC2014-07-28T05:33:02.033+0000: 1223.009: [ParNew: 90871K->10240K(92160K), 0.0339460 secs] 3176300K->3101110K(20961280K), 0.0340730 secs] [Times: user=0.26 sys=0.00, real=0.03 secs]
2014-07-28T05:33:02.333+0000: 1223.309: [GC2014-07-28T05:33:02.333+0000: 1223.309: [ParNew: 92160K->10240K(92160K), 0.0622300 secs] 3036460K->2962044K(20961280K), 0.0623430 secs] [Times: user=0.30 sys=0.00, real=0.06 secs]
2014-07-28T05:33:02.523+0000: 1223.500: [GC2014-07-28T05:33:02.524+0000: 1223.500: [ParNew: 92160K->10240K(92160K), 0.0376830 secs] 2983919K->2907361K(20961280K), 0.0378020 secs] [Times: user=0.29 sys=0.00, real=0.03 secs]
2014-07-28T05:33:02.845+0000: 1223.821: [GC2014-07-28T05:33:02.845+0000: 1223.821: [ParNew: 92160K->10240K(92160K), 0.0693190 secs] 2828876K->2754469K(20961280K), 0.0694270 secs] [Times: user=0.44 sys=0.00, real=0.07 secs]
2014-07-28T05:33:03.388+0000: 1224.364: [GC2014-07-28T05:33:03.388+0000: 1224.364: [ParNew: 92160K->10240K(92160K), 0.0326110 secs] 2560959K->2483578K(20961280K), 0.0327340 secs] [Times: user=0.25 sys=0.00, real=0.03 secs]
2014-07-28T05:33:03.735+0000: 1224.711: [GC2014-07-28T05:33:03.735+0000: 1224.711: [ParNew: 92160K->8677K(92160K), 0.0327320 secs] 2385103K->2307172K(20961280K), 0.0328550 secs] [Times: user=0.25 sys=0.00, real=0.03 secs]
2014-07-28T05:33:04.074+0000: 1225.050: [GC2014-07-28T05:33:04.074+0000: 1225.050: [ParNew: 90582K->8989K(92160K), 0.0333800 secs] 2221738K->2145621K(20961280K), 0.0334990 secs] [Times: user=0.24 sys=0.02, real=0.03 secs]
2014-07-28T05:33:04.493+0000: 1225.469: [GC2014-07-28T05:33:04.493+0000: 1225.469: [ParNew: 90909K->9174K(92160K), 0.0333090 secs] 2002125K->1926066K(20961280K), 0.0334260 secs] [Times: user=0.25 sys=0.00, real=0.03 secs]
2014-07-28T05:33:04.755+0000: 1225.731: [GC2014-07-28T05:33:04.755+0000: 1225.731: [ParNew: 91094K->10240K(92160K), 0.0329070 secs] 1888603K->1813207K(20961280K), 0.0330280 secs] [Times: user=0.25 sys=0.00, real=0.03 secs]
2014-07-28T05:33:05.154+0000: 1226.130: [GC2014-07-28T05:33:05.154+0000: 1226.130: [ParNew: 92160K->9498K(92160K), 0.0363310 secs] 1691121K->1614096K(20961280K), 0.0364530 secs] [Times: user=0.27 sys=0.00, real=0.04 secs]
2014-07-28T05:33:05.709+0000: 1226.685: [GC2014-07-28T05:33:05.709+0000: 1226.685: [ParNew: 91418K->9725K(92160K), 0.0336320 secs] 1377878K->1301708K(20961280K), 0.0337520 secs] [Times: user=0.26 sys=0.00, real=0.04 secs]
2014-07-28T05:33:06.013+0000: 1226.989: [GC2014-07-28T05:33:06.013+0000: 1226.990: [ParNew: 91645K->10240K(92160K), 0.0351310 secs] 1232711K->1157003K(20961280K), 0.0352510 secs] [Times: user=0.27 sys=0.00, real=0.03 secs]
2014-07-28T05:33:06.375+0000: 1227.351: [GC2014-07-28T05:33:06.375+0000: 1227.351: [ParNew: 92160K->8845K(92160K), 0.0327540 secs] 1054610K->976822K(20961280K), 0.0328730 secs] [Times: user=0.26 sys=0.00, real=0.03 secs]
2014-07-28T05:33:06.699+0000: 1227.675: [GC2014-07-28T05:33:06.699+0000: 1227.675: [ParNew: 90765K->10219K(92160K), 0.0359640 secs] 889955K->814868K(20961280K), 0.0360840 secs] [Times: user=0.27 sys=0.00, real=0.04 secs]
2014-07-28T05:33:06.920+0000: 1227.896: [CMS-concurrent-sweep: 19.036/20.978 secs] [Times: user=52.15 sys=5.95, real=20.98 secs]
2014-07-28T05:33:06.920+0000: 1227.896: [CMS-concurrent-reset-start]
2014-07-28T05:33:07.121+0000: 1228.097: [CMS-concurrent-reset: 0.201/0.201 secs] [Times: user=0.24 sys=0.17, real=0.20 secs]
2014-07-28T05:33:07.203+0000: 1228.179: [GC2014-07-28T05:33:07.203+0000: 1228.179: [ParNew: 92139K->8726K(92160K), 0.0291790 secs] 788963K->711214K(20961280K), 0.0293000 secs] [Times: user=0.23 sys=0.00, real=0.03 secs]
2014-07-28T05:33:07.493+0000: 1228.469: [GC2014-07-28T05:33:07.493+0000: 1228.469: [ParNew: 90646K->10065K(92160K), 0.0311550 secs] 793134K->718036K(20961280K), 0.0312810 secs] [Times: user=0.24 sys=0.00, real=0.03 secs]
2014-07-28T05:33:07.993+0000: 1228.969: [GC2014-07-28T05:33:07.993+0000: 1228.969: [ParNew: 91985K->9195K(92160K), 0.0320830 secs] 799956K->722784K(20961280K), 0.0322060 secs] [Times: user=0.26 sys=0.00, real=0.03 secs]
2014-07-28T05:33:08.262+0000: 1229.238: [GC2014-07-28T05:33:08.262+0000: 1229.238: [ParNew: 91115K->10240K(92160K), 0.0354070 secs] 804704K->729390K(20961280K), 0.0355270 secs] [Times: user=0.26 sys=0.01, real=0.03 secs]
2014-07-28T05:33:08.637+0000: 1229.613: [GC2014-07-28T05:33:08.637+0000: 1229.613: [ParNew: 92160K->10240K(92160K), 0.0361620 secs] 811310K->735054K(20961280K), 0.0362840 secs] [Times: user=0.29 sys=0.00, real=0.04 secs]
2014-07-28T05:33:08.964+0000: 1229.940: [GC2014-07-28T05:33:08.964+0000: 1229.940: [ParNew: 92158K->10240K(92160K), 0.0352850 secs] 816973K->740747K(20961280K), 0.0354070 secs] [Times: user=0.27 sys=0.01, real=0.03 secs]
2014-07-28T05:33:09.409+0000: 1230.385: [GC2014-07-28T05:33:09.409+0000: 1230.385: [ParNew: 92160K->10240K(92160K), 0.0567900 secs] 822667K->746209K(20961280K), 0.0569290 secs] [Times: user=0.27 sys=0.00, real=0.06 secs]
2014-07-28T05:33:09.806+0000: 1230.782: [GC2014-07-28T05:33:09.806+0000: 1230.782: [ParNew: 92160K->10240K(92160K), 0.0381460 secs] 828129K->752181K(20961280K), 0.0382620 secs] [Times: user=0.30 sys=0.00, real=0.04 secs]
2014-07-28T05:33:10.242+0000: 1231.218: [GC2014-07-28T05:33:10.242+0000: 1231.218: [ParNew: 92160K->10119K(92160K), 0.0330010 secs] 834101K->757513K(20961280K), 0.0331270 secs] [Times: user=0.24 sys=0.02, real=0.03 secs]
2014-07-28T05:33:10.655+0000: 1231.631: [GC2014-07-28T05:33:10.655+0000: 1231.631: [ParNew: 92039K->8448K(92160K), 0.0306530 secs] 839433K->761157K(20961280K), 0.0307720 secs] [Times: user=0.23 sys=0.00, real=0.03 secs]
2014-07-28T05:33:11.036+0000: 1232.012: [GC2014-07-28T05:33:11.036+0000: 1232.012: [ParNew: 90368K->10240K(92160K), 0.0378800 secs] 843077K->768475K(20961280K), 0.0379990 secs] [Times: user=0.28 sys=0.00, real=0.04 secs]
2014-07-28T05:33:11.723+0000: 1232.699: [GC2014-07-28T05:33:11.723+0000: 1232.699: [ParNew: 92149K->9812K(92160K), 0.0333830 secs] 850384K->773722K(20961280K), 0.0335020 secs] [Times: user=0.26 sys=0.00, real=0.03 secs]
2014-07-28T05:33:12.144+0000: 1233.120: [GC2014-07-28T05:33:12.144+0000: 1233.120: [ParNew: 91732K->9217K(92160K), 0.0556500 secs] 855642K->778575K(20961280K), 0.0558120 secs] [Times: user=0.31 sys=0.00, real=0.05 secs]
2014-07-28T05:33:12.458+0000: 1233.434: [GC2014-07-28T05:33:12.458+0000: 1233.435: [ParNew: 91137K->10240K(92160K), 0.0362050 secs] 860495K->786826K(20961280K), 0.0363290 secs] [Times: user=0.28 sys=0.00, real=0.04 secs]
2014-07-28T05:33:12.627+0000: 1233.603: [GC2014-07-28T05:33:12.627+0000: 1233.603: [ParNew: 92160K->10240K(92160K), 0.0363740 secs] 868746K->791888K(20961280K), 0.0364940 secs] [Times: user=0.29 sys=0.00, real=0.04 secs]
2014-07-28T05:33:12.964+0000: 1233.940: [GC2014-07-28T05:33:12.964+0000: 1233.940: [ParNew: 92160K->10240K(92160K), 0.0392790 secs] 873808K->800047K(20961280K), 0.0394030 secs] [Times: user=0.29 sys=0.01, real=0.04 secs]
2014-07-28T05:33:13.482+0000: 1234.458: [GC2014-07-28T05:33:13.482+0000: 1234.458: [ParNew: 92160K->8786K(92160K), 0.0314880 secs] 881967K->803287K(20961280K), 0.0316060 secs] [Times: user=0.24 sys=0.00, real=0.03 secs]
2014-07-28T05:33:13.898+0000: 1234.874: [GC2014-07-28T05:33:13.898+0000: 1234.874: [ParNew: 90706K->9720K(92160K), 0.0413430 secs] 885207K->809940K(20961280K), 0.0414720 secs] [Times: user=0.26 sys=0.01, real=0.04 secs]
2014-07-28T05:33:14.179+0000: 1235.155: [GC2014-07-28T05:33:14.179+0000: 1235.155: [ParNew: 91640K->10103K(92160K), 0.0291900 secs] 891860K->815736K(20961280K), 0.0293160 secs] [Times: user=0.23 sys=0.00, real=0.03 secs]
2014-07-28T05:33:14.582+0000: 1235.558: [GC2014-07-28T05:33:14.582+0000: 1235.559: [ParNew: 92023K->9645K(92160K), 0.0324100 secs] 897656K->821007K(20961280K), 0.0325300 secs] [Times: user=0.25 sys=0.00, real=0.03 secs]
2014-07-28T05:33:14.855+0000: 1235.831: [GC2014-07-28T05:33:14.855+0000: 1235.831: [ParNew: 91565K->10240K(92160K), 0.0473320 secs] 902927K->827074K(20961280K), 0.0474600 secs] [Times: user=0.28 sys=0.00, real=0.05 secs]
2014-07-28T05:33:15.293+0000: 1236.269: [GC2014-07-28T05:33:15.293+0000: 1236.269: [ParNew: 92160K->9576K(92160K), 0.0329480 secs] 908994K->831941K(20961280K), 0.0330710 secs] [Times: user=0.25 sys=0.00, real=0.03 secs]
2014-07-28T05:33:15.804+0000: 1236.781: [GC2014-07-28T05:33:15.805+0000: 1236.781: [ParNew: 91496K->10240K(92160K), 0.0370510 secs] 913861K->838221K(20961280K), 0.0371640 secs] [Times: user=0.28 sys=0.00, real=0.04 secs]
2014-07-28T05:33:16.096+0000: 1237.072: [GC2014-07-28T05:33:16.096+0000: 1237.072: [ParNew: 92160K->10240K(92160K), 0.0338570 secs] 920141K->844024K(20961280K), 0.0339800 secs] [Times: user=0.26 sys=0.00, real=0.03 secs]
2014-07-28T05:33:16.504+0000: 1237.480: [GC2014-07-28T05:33:16.504+0000: 1237.480: [ParNew: 92160K->9040K(92160K), 0.0315430 secs] 925944K->848411K(20961280K), 0.0316590 secs] [Times: user=0.25 sys=0.00, real=0.03 secs]
2014-07-28T05:33:16.877+0000: 1237.853: [GC2014-07-28T05:33:16.877+0000: 1237.853: [ParNew: 90958K->8968K(92160K), 0.0300820 secs] 930329K->853730K(20961280K), 0.0302130 secs] [Times: user=0.24 sys=0.00, real=0.03 secs]
2014-07-28T05:33:17.293+0000: 1238.269: [GC2014-07-28T05:33:17.293+0000: 1238.269: [ParNew: 90888K->9597K(92160K), 0.0352230 secs] 935650K->859893K(20961280K), 0.0353470 secs] [Times: user=0.28 sys=0.00, real=0.03 secs]
2014-07-28T05:33:17.584+0000: 1238.561: [GC2014-07-28T05:33:17.585+0000: 1238.561: [ParNew: 91517K->8163K(92160K), 0.0307610 secs] 941813K->864077K(20961280K), 0.0308760 secs] [Times: user=0.23 sys=0.01, real=0.03 secs]
2014-07-28T05:33:18.087+0000: 1239.063: [GC2014-07-28T05:33:18.087+0000: 1239.063: [ParNew: 90083K->10240K(92160K), 0.0505870 secs] 945997K->871728K(20961280K), 0.0506990 secs] [Times: user=0.32 sys=0.01, real=0.05 secs]
2014-07-28T05:33:18.360+0000: 1239.336: [GC2014-07-28T05:33:18.360+0000: 1239.336: [ParNew: 92160K->9351K(92160K), 0.0361820 secs] 953648K->876394K(20961280K), 0.0362940 secs] [Times: user=0.28 sys=0.00, real=0.03 secs]
2014-07-28T05:33:18.725+0000: 1239.701: [GC2014-07-28T05:33:18.725+0000: 1239.701: [ParNew: 91271K->10240K(92160K), 0.0307240 secs] 958314K->882848K(20961280K), 0.0308440 secs] [Times: user=0.21 sys=0.04, real=0.03 secs]
2014-07-28T05:33:19.060+0000: 1240.036: [GC2014-07-28T05:33:19.060+0000: 1240.036: [ParNew: 92160K->8975K(92160K), 0.0335730 secs] 964768K->887348K(20961280K), 0.0337210 secs] [Times: user=0.25 sys=0.00, real=0.03 secs]
2014-07-28T05:33:19.568+0000: 1240.544: [GC2014-07-28T05:33:19.568+0000: 1240.544: [ParNew: 90895K->8561K(92160K), 0.0316330 secs] 969268K->892341K(20961280K), 0.0317530 secs] [Times: user=0.25 sys=0.00, real=0.04 secs]
2014-07-28T05:33:19.913+0000: 1240.889: [GC2014-07-28T05:33:19.913+0000: 1240.889: [ParNew: 90481K->10240K(92160K), 0.0381300 secs] 974261K->899848K(20961280K), 0.0382530 secs] [Times: user=0.28 sys=0.00, real=0.04 secs]
2014-07-28T05:33:20.326+0000: 1241.302: [GC2014-07-28T05:33:20.326+0000: 1241.302: [ParNew: 92160K->10240K(92160K), 0.0356630 secs] 981768K->905618K(20961280K), 0.0357880 secs] [Times: user=0.28 sys=0.00, real=0.04 secs]
2014-07-28T05:33:20.761+0000: 1241.737: [GC2014-07-28T05:33:20.761+0000: 1241.737: [ParNew: 92160K->10240K(92160K), 0.0336170 secs] 987538K->911112K(20961280K), 0.0337370 secs] [Times: user=0.26 sys=0.00, real=0.03 secs]
2014-07-28T05:33:21.264+0000: 1242.241: [GC2014-07-28T05:33:21.265+0000: 1242.241: [ParNew: 92160K->8287K(92160K), 0.0315870 secs] 993032K->914610K(20961280K), 0.0317090 secs] [Times: user=0.24 sys=0.00, real=0.03 secs]
2014-07-28T05:33:21.836+0000: 1242.812: [GC2014-07-28T05:33:21.836+0000: 1242.812: [ParNew: 90207K->8767K(92160K), 0.0330690 secs] 996530K->920555K(20961280K), 0.0331900 secs] [Times: user=0.26 sys=0.00, real=0.03 secs]
2014-07-28T05:33:22.313+0000: 1243.289: [GC2014-07-28T05:33:22.313+0000: 1243.289: [ParNew: 90672K->9438K(92160K), 0.0319910 secs] 1002460K->926856K(20961280K), 0.0321100 secs] [Times: user=0.25 sys=0.00, real=0.03 secs]
2014-07-28T05:33:22.567+0000: 1243.543: [GC2014-07-28T05:33:22.567+0000: 1243.543: [ParNew: 91358K->10240K(92160K), 0.0379260 secs] 1008776K->936355K(20961280K), 0.0380470 secs] [Times: user=0.28 sys=0.02, real=0.04 secs]
2014-07-28T05:33:22.741+0000: 1243.718: [GC2014-07-28T05:33:22.742+0000: 1243.718: [ParNew: 92160K->10240K(92160K), 0.0372540 secs] 1018275K->941817K(20961280K), 0.0373770 secs] [Times: user=0.29 sys=0.00, real=0.04 secs]
2014-07-28T05:33:23.074+0000: 1244.050: [GC2014-07-28T05:33:23.074+0000: 1244.050: [ParNew: 92160K->10240K(92160K), 0.0403700 secs] 1023737K->948790K(20961280K), 0.0405040 secs] [Times: user=0.32 sys=0.00, real=0.04 secs]
2014-07-28T05:33:23.565+0000: 1244.541: [GC2014-07-28T05:33:23.565+0000: 1244.541: [ParNew: 92160K->10240K(92160K), 0.0368810 secs] 1030710K->954279K(20961280K), 0.0370030 secs] [Times: user=0.29 sys=0.00, real=0.04 secs]
2014-07-28T05:33:23.994+0000: 1244.970: [GC2014-07-28T05:33:23.994+0000: 1244.970: [ParNew: 92160K->9281K(92160K), 0.0356920 secs] 1036199K->958800K(20961280K), 0.0358180 secs] [Times: user=0.27 sys=0.00, real=0.03 secs]
2014-07-28T05:33:24.268+0000: 1245.244: [GC2014-07-28T05:33:24.268+0000: 1245.244: [ParNew: 91201K->10240K(92160K), 0.0326950 secs] 1040720K->965186K(20961280K), 0.0328170 secs] [Times: user=0.25 sys=0.00, real=0.04 secs]
2014-07-28T05:33:24.673+0000: 1245.649: [GC2014-07-28T05:33:24.673+0000: 1245.649: [ParNew: 92160K->9392K(92160K), 0.0312140 secs] 1047106K->969956K(20961280K), 0.0313380 secs] [Times: user=0.24 sys=0.00, real=0.03 secs]
2014-07-28T05:33:24.992+0000: 1245.968: [GC2014-07-28T05:33:24.992+0000: 1245.968: [ParNew: 91312K->10240K(92160K), 0.0314970 secs] 1051876K->976350K(20961280K), 0.0316170 secs] [Times: user=0.25 sys=0.00, real=0.03 secs]
2014-07-28T05:33:25.412+0000: 1246.388: [GC2014-07-28T05:33:25.412+0000: 1246.389: [ParNew: 92160K->7920K(92160K), 0.0308610 secs] 1058270K->979456K(20961280K), 0.0309810 secs] [Times: user=0.24 sys=0.00, real=0.03 secs]
2014-07-28T05:33:25.898+0000: 1246.874: [GC2014-07-28T05:33:25.898+0000: 1246.874: [ParNew: 89840K->10240K(92160K), 0.0349620 secs] 1061376K->987286K(20961280K), 0.0350800 secs] [Times: user=0.26 sys=0.01, real=0.04 secs]
2014-07-28T05:33:26.183+0000: 1247.159: [GC2014-07-28T05:33:26.183+0000: 1247.159: [ParNew: 92160K->10240K(92160K), 0.0371710 secs] 1069206K->993152K(20961280K), 0.0372940 secs] [Times: user=0.28 sys=0.01, real=0.04 secs]
2014-07-28T05:33:26.597+0000: 1247.573: [GC2014-07-28T05:33:26.597+0000: 1247.573: [ParNew: 92160K->10127K(92160K), 0.0325390 secs] 1075072K->998653K(20961280K), 0.0326870 secs] [Times: user=0.25 sys=0.00, real=0.03 secs]
2014-07-28T05:33:26.963+0000: 1247.939: [GC2014-07-28T05:33:26.963+0000: 1247.939: [ParNew: 92047K->9493K(92160K), 0.0322890 secs] 1080573K->1003401K(20961280K), 0.0324110 secs] [Times: user=0.25 sys=0.00, real=0.03 secs]
2014-07-28T05:33:27.376+0000: 1248.352: [GC2014-07-28T05:33:27.376+0000: 1248.352: [ParNew: 91404K->10240K(92160K), 0.0339510 secs] 1085311K->1009710K(20961280K), 0.0340720 secs] [Times: user=0.26 sys=0.01, real=0.04 secs]
2014-07-28T05:33:27.672+0000: 1248.648: [GC2014-07-28T05:33:27.672+0000: 1248.648: [ParNew: 92160K->9793K(92160K), 0.0328800 secs] 1091630K->1014893K(20961280K), 0.0330000 secs] [Times: user=0.26 sys=0.00, real=0.03 secs]
2014-07-28T05:33:28.192+0000: 1249.168: [GC2014-07-28T05:33:28.192+0000: 1249.168: [ParNew: 91713K->10240K(92160K), 0.0330700 secs] 1096813K->1020907K(20961280K), 0.0331870 secs] [Times: user=0.24 sys=0.00, real=0.03 secs]
2014-07-28T05:33:28.471+0000: 1249.447: [GC2014-07-28T05:33:28.471+0000: 1249.447: [ParNew: 92160K->10240K(92160K), 0.0340970 secs] 1102827K->1026419K(20961280K), 0.0342110 secs] [Times: user=0.27 sys=0.00, real=0.03 secs]
2014-07-28T05:33:28.813+0000: 1249.789: [GC2014-07-28T05:33:28.813+0000: 1249.789: [ParNew: 92160K->10240K(92160K), 0.0368060 secs] 1108339K->1032411K(20961280K), 0.0369420 secs] [Times: user=0.28 sys=0.00, real=0.03 secs]
2014-07-28T05:33:29.156+0000: 1250.132: [GC2014-07-28T05:33:29.156+0000: 1250.132: [ParNew: 92160K->9583K(92160K), 0.0343950 secs] 1114331K->1037124K(20961280K), 0.0345230 secs] [Times: user=0.27 sys=0.00, real=0.04 secs]
2014-07-28T05:33:29.744+0000: 1250.720: [GC2014-07-28T05:33:29.744+0000: 1250.720: [ParNew: 91488K->9505K(92160K), 0.0393710 secs] 1119028K->1042468K(20961280K), 0.0394850 secs] [Times: user=0.28 sys=0.00, real=0.04 secs]
2014-07-28T05:33:30.018+0000: 1250.994: [GC2014-07-28T05:33:30.018+0000: 1250.994: [ParNew: 91425K->10240K(92160K), 0.0375740 secs] 1124388K->1048735K(20961280K), 0.0377020 secs] [Times: user=0.28 sys=0.00, real=0.03 secs]
2014-07-28T05:33:30.415+0000: 1251.391: [GC2014-07-28T05:33:30.415+0000: 1251.391: [ParNew: 92160K->10240K(92160K), 0.0364590 secs] 1130655K->1054550K(20961280K), 0.0365800 secs] [Times: user=0.28 sys=0.00, real=0.04 secs]
2014-07-28T05:33:30.853+0000: 1251.829: [GC2014-07-28T05:33:30.853+0000: 1251.829: [ParNew: 92160K->8747K(92160K), 0.0318480 secs] 1136470K->1058527K(20961280K), 0.0319750 secs] [Times: user=0.24 sys=0.00, real=0.03 secs]
2014-07-28T05:33:31.483+0000: 1252.459: [GC2014-07-28T05:33:31.483+0000: 1252.459: [ParNew: 90667K->8248K(92160K), 0.0322620 secs] 1140447K->1063427K(20961280K), 0.0323890 secs] [Times: user=0.24 sys=0.01, real=0.03 secs]
2014-07-28T05:33:31.935+0000: 1252.911: [GC2014-07-28T05:33:31.935+0000: 1252.911: [ParNew: 90168K->8352K(92160K), 0.0322530 secs] 1145347K->1068995K(20961280K), 0.0323720 secs] [Times: user=0.25 sys=0.00, real=0.03 secs]
2014-07-28T05:33:32.414+0000: 1253.390: [GC2014-07-28T05:33:32.414+0000: 1253.390: [ParNew: 90272K->9543K(92160K), 0.0313720 secs] 1150915K->1075703K(20961280K), 0.0314930 secs] [Times: user=0.25 sys=0.00, real=0.03 secs]
2014-07-28T05:33:32.685+0000: 1253.661: [GC2014-07-28T05:33:32.685+0000: 1253.661: [ParNew: 91463K->10240K(92160K), 0.0399000 secs] 1157623K->1084825K(20961280K), 0.0400190 secs] [Times: user=0.31 sys=0.00, real=0.04 secs]
2014-07-28T05:33:32.830+0000: 1253.806: [GC2014-07-28T05:33:32.830+0000: 1253.806: [ParNew: 92160K->10240K(92160K), 0.0399580 secs] 1166745K->1090223K(20961280K), 0.0401080 secs] [Times: user=0.30 sys=0.00, real=0.04 secs]
2014-07-28T05:33:33.189+0000: 1254.165: [GC2014-07-28T05:33:33.189+0000: 1254.166: [ParNew: 92160K->10240K(92160K), 0.0583890 secs] 1172143K->1098186K(20961280K), 0.0585110 secs] [Times: user=0.28 sys=0.02, real=0.06 secs]
2014-07-28T05:33:33.654+0000: 1254.630: [GC2014-07-28T05:33:33.654+0000: 1254.630: [ParNew: 92160K->10240K(92160K), 0.0413150 secs] 1180106K->1102670K(20961280K), 0.0414350 secs] [Times: user=0.31 sys=0.00, real=0.04 secs]
2014-07-28T05:33:34.073+0000: 1255.049: [GC2014-07-28T05:33:34.073+0000: 1255.049: [ParNew: 92160K->10240K(92160K), 0.0395690 secs] 1184590K->1108220K(20961280K), 0.0396740 secs] [Times: user=0.30 sys=0.00, real=0.04 secs]
2014-07-28T05:33:34.354+0000: 1255.330: [GC2014-07-28T05:33:34.354+0000: 1255.330: [ParNew: 92160K->10240K(92160K), 0.0435300 secs] 1190140K->1113917K(20961280K), 0.0436400 secs] [Times: user=0.32 sys=0.00, real=0.04 secs]
2014-07-28T05:33:34.763+0000: 1255.739: [GC2014-07-28T05:33:34.763+0000: 1255.739: [ParNew: 92160K->10240K(92160K), 0.0310610 secs] 1195837K->1119280K(20961280K), 0.0311970 secs] [Times: user=0.23 sys=0.00, real=0.03 secs]
2014-07-28T05:33:35.080+0000: 1256.056: [GC2014-07-28T05:33:35.080+0000: 1256.056: [ParNew: 92153K->8634K(92160K), 0.0319510 secs] 1201193K->1123130K(20961280K), 0.0320750 secs] [Times: user=0.25 sys=0.00, real=0.03 secs]
2014-07-28T05:33:35.563+0000: 1256.539: [GC2014-07-28T05:33:35.563+0000: 1256.539: [ParNew: 90554K->9901K(92160K), 0.0759020 secs] 1205050K->1129939K(20961280K), 0.0760190 secs] [Times: user=0.33 sys=0.01, real=0.08 secs]
2014-07-28T05:33:36.003+0000: 1256.979: [GC2014-07-28T05:33:36.003+0000: 1256.979: [ParNew: 91821K->7876K(92160K), 0.0302740 secs] 1211859K->1133447K(20961280K), 0.0303940 secs] [Times: user=0.23 sys=0.00, real=0.03 secs]
2014-07-28T05:33:36.283+0000: 1257.259: [GC2014-07-28T05:33:36.283+0000: 1257.259: [ParNew: 89796K->10240K(92160K), 0.0329360 secs] 1215367K->1142039K(20961280K), 0.0330560 secs] [Times: user=0.25 sys=0.00, real=0.03 secs]
2014-07-28T05:33:36.687+0000: 1257.663: [GC2014-07-28T05:33:36.687+0000: 1257.663: [ParNew: 92160K->10240K(92160K), 0.0327830 secs] 1223959K->1147446K(20961280K), 0.0329080 secs] [Times: user=0.26 sys=0.00, real=0.04 secs]
2014-07-28T05:33:37.063+0000: 1258.039: [GC2014-07-28T05:33:37.063+0000: 1258.039: [ParNew: 92160K->8716K(92160K), 0.0305110 secs] 1229366K->1151477K(20961280K), 0.0306490 secs] [Times: user=0.23 sys=0.00, real=0.03 secs]
2014-07-28T05:33:37.463+0000: 1258.439: [GC2014-07-28T05:33:37.463+0000: 1258.439: [ParNew: 90636K->10240K(92160K), 0.0298020 secs] 1233397K->1158511K(20961280K), 0.0299270 secs] [Times: user=0.22 sys=0.00, real=0.03 secs]
2014-07-28T05:33:37.760+0000: 1258.736: [GC2014-07-28T05:33:37.760+0000: 1258.736: [ParNew: 92160K->9782K(92160K), 0.0318510 secs] 1240431K->1163732K(20961280K), 0.0319710 secs] [Times: user=0.25 sys=0.00, real=0.03 secs]
2014-07-28T05:33:38.284+0000: 1259.260: [GC2014-07-28T05:33:38.284+0000: 1259.260: [ParNew: 91690K->10096K(92160K), 0.0325430 secs] 1245640K->1169554K(20961280K), 0.0326670 secs] [Times: user=0.25 sys=0.00, real=0.03 secs]
2014-07-28T05:33:38.564+0000: 1259.540: [GC2014-07-28T05:33:38.564+0000: 1259.540: [ParNew: 92016K->9582K(92160K), 0.0374550 secs] 1251474K->1174582K(20961280K), 0.0375740 secs] [Times: user=0.29 sys=0.00, real=0.04 secs]
2014-07-28T05:33:38.910+0000: 1259.886: [GC2014-07-28T05:33:38.910+0000: 1259.886: [ParNew: 91502K->10240K(92160K), 0.0346090 secs] 1256502K->1180998K(20961280K), 0.0347290 secs] [Times: user=0.26 sys=0.00, real=0.04 secs]
2014-07-28T05:33:39.263+0000: 1260.239: [GC2014-07-28T05:33:39.263+0000: 1260.239: [ParNew: 92160K->9368K(92160K), 0.0356400 secs] 1262918K->1185953K(20961280K), 0.0357620 secs] [Times: user=0.28 sys=0.00, real=0.04 secs]
2014-07-28T05:33:39.845+0000: 1260.821: [GC2014-07-28T05:33:39.845+0000: 1260.821: [ParNew: 91288K->9523K(92160K), 0.0348190 secs] 1267873K->1191420K(20961280K), 0.0349410 secs] [Times: user=0.27 sys=0.00, real=0.04 secs]
2014-07-28T05:33:40.111+0000: 1261.088: [GC2014-07-28T05:33:40.112+0000: 1261.088: [ParNew: 91443K->10240K(92160K), 0.0382250 secs] 1273340K->1198436K(20961280K), 0.0383480 secs] [Times: user=0.30 sys=0.00, real=0.03 secs]
2014-07-28T05:33:40.505+0000: 1261.481: [GC2014-07-28T05:33:40.505+0000: 1261.481: [ParNew: 92160K->10240K(92160K), 0.0370140 secs] 1280356K->1204022K(20961280K), 0.0371730 secs] [Times: user=0.27 sys=0.01, real=0.04 secs]
2014-07-28T05:33:40.943+0000: 1261.919: [GC2014-07-28T05:33:40.943+0000: 1261.919: [ParNew: 92160K->10158K(92160K), 0.0323380 secs] 1285942K->1209305K(20961280K), 0.0324560 secs] [Times: user=0.25 sys=0.01, real=0.03 secs]
2014-07-28T05:33:41.616+0000: 1262.592: [GC2014-07-28T05:33:41.616+0000: 1262.592: [ParNew: 92078K->8602K(92160K), 0.0318720 secs] 1291225K->1213156K(20961280K), 0.0319940 secs] [Times: user=0.25 sys=0.00, real=0.03 secs]
2014-07-28T05:33:42.032+0000: 1263.008: [GC2014-07-28T05:33:42.032+0000: 1263.008: [ParNew: 90522K->9040K(92160K), 0.0328410 secs] 1295076K->1219007K(20961280K), 0.0329680 secs] [Times: user=0.25 sys=0.01, real=0.03 secs]
2014-07-28T05:33:42.515+0000: 1263.491: [GC2014-07-28T05:33:42.515+0000: 1263.491: [ParNew: 90960K->9415K(92160K), 0.0329920 secs] 1300927K->1224986K(20961280K), 0.0331120 secs] [Times: user=0.25 sys=0.00, real=0.03 secs]
2014-07-28T05:33:42.799+0000: 1263.775: [GC2014-07-28T05:33:42.799+0000: 1263.775: [ParNew: 91335K->10240K(92160K), 0.0362540 secs] 1306906K->1234884K(20961280K), 0.0363740 secs] [Times: user=0.27 sys=0.00, real=0.03 secs]
2014-07-28T05:33:42.944+0000: 1263.920: [GC2014-07-28T05:33:42.944+0000: 1263.920: [ParNew: 92160K->10240K(92160K), 0.0354960 secs] 1316804K->1239765K(20961280K), 0.0356200 secs] [Times: user=0.28 sys=0.00, real=0.04 secs]
2014-07-28T05:33:43.323+0000: 1264.299: [GC2014-07-28T05:33:43.323+0000: 1264.299: [ParNew: 92160K->10240K(92160K), 0.0397330 secs] 1321685K->1246560K(20961280K), 0.0398520 secs] [Times: user=0.30 sys=0.00, real=0.04 secs]
2014-07-28T05:33:43.743+0000: 1264.719: [GC2014-07-28T05:33:43.743+0000: 1264.719: [ParNew: 92160K->10240K(92160K), 0.0345590 secs] 1328480K->1252378K(20961280K), 0.0346770 secs] [Times: user=0.26 sys=0.00, real=0.03 secs]
2014-07-28T05:33:44.163+0000: 1265.139: [GC2014-07-28T05:33:44.163+0000: 1265.139: [ParNew: 92160K->10240K(92160K), 0.0339800 secs] 1334298K->1257905K(20961280K), 0.0341040 secs] [Times: user=0.26 sys=0.01, real=0.03 secs]
2014-07-28T05:33:44.453+0000: 1265.429: [GC2014-07-28T05:33:44.453+0000: 1265.429: [ParNew: 92155K->10240K(92160K), 0.0325240 secs] 1339821K->1263354K(20961280K), 0.0326530 secs] [Times: user=0.23 sys=0.01, real=0.03 secs]
2014-07-28T05:33:44.843+0000: 1265.819: [GC2014-07-28T05:33:44.843+0000: 1265.819: [ParNew: 92160K->10240K(92160K), 0.0340910 secs] 1345274K->1268911K(20961280K), 0.0342110 secs] [Times: user=0.26 sys=0.01, real=0.03 secs]
2014-07-28T05:33:45.172+0000: 1266.148: [GC2014-07-28T05:33:45.172+0000: 1266.148: [ParNew: 92160K->9129K(92160K), 0.0326250 secs] 1350831K->1273300K(20961280K), 0.0327480 secs] [Times: user=0.25 sys=0.00, real=0.03 secs]
2014-07-28T05:33:45.672+0000: 1266.648: [GC2014-07-28T05:33:45.672+0000: 1266.649: [ParNew: 91049K->9996K(92160K), 0.0331040 secs] 1355220K->1279657K(20961280K), 0.0332230 secs] [Times: user=0.26 sys=0.00, real=0.03 secs]
2014-07-28T05:33:46.093+0000: 1267.069: [GC2014-07-28T05:33:46.093+0000: 1267.069: [ParNew: 91916K->9318K(92160K), 0.0331650 secs] 1361577K->1284507K(20961280K), 0.0332880 secs] [Times: user=0.25 sys=0.00, real=0.03 secs]
2014-07-28T05:33:46.364+0000: 1267.340: [GC2014-07-28T05:33:46.364+0000: 1267.340: [ParNew: 91238K->10240K(92160K), 0.0381490 secs] 1366427K->1291875K(20961280K), 0.0382700 secs] [Times: user=0.29 sys=0.01, real=0.04 secs]
2014-07-28T05:33:46.773+0000: 1267.749: [GC2014-07-28T05:33:46.773+0000: 1267.749: [ParNew: 92160K->10240K(92160K), 0.0351750 secs] 1373795K->1297394K(20961280K), 0.0352910 secs] [Times: user=0.28 sys=0.00, real=0.03 secs]
2014-07-28T05:33:47.152+0000: 1268.128: [GC2014-07-28T05:33:47.152+0000: 1268.128: [ParNew: 92157K->8669K(92160K), 0.0336620 secs] 1379312K->1301107K(20961280K), 0.0338020 secs] [Times: user=0.25 sys=0.01, real=0.03 secs]
2014-07-28T05:33:47.624+0000: 1268.600: [GC2014-07-28T05:33:47.624+0000: 1268.600: [ParNew: 90589K->10240K(92160K), 0.0354170 secs] 1383027K->1308605K(20961280K), 0.0355530 secs] [Times: user=0.24 sys=0.03, real=0.04 secs]
2014-07-28T05:33:47.833+0000: 1268.810: [GC2014-07-28T05:33:47.834+0000: 1268.810: [ParNew: 92160K->10240K(92160K), 0.0415870 secs] 1390525K->1314960K(20961280K), 0.0417040 secs] [Times: user=0.27 sys=0.00, real=0.04 secs]
2014-07-28T05:33:48.358+0000: 1269.334: [GC2014-07-28T05:33:48.358+0000: 1269.334: [ParNew: 92160K->10240K(92160K), 0.0390210 secs] 1396880K->1320069K(20961280K), 0.0391410 secs] [Times: user=0.27 sys=0.00, real=0.04 secs]
2014-07-28T05:33:48.654+0000: 1269.630: [GC2014-07-28T05:33:48.654+0000: 1269.631: [ParNew: 92160K->9531K(92160K), 0.0448710 secs] 1401989K->1324750K(20961280K), 0.0449730 secs] [Times: user=0.28 sys=0.00, real=0.05 secs]
2014-07-28T05:33:48.994+0000: 1269.970: [GC2014-07-28T05:33:48.994+0000: 1269.971: [ParNew: 91451K->10240K(92160K), 0.0465430 secs] 1406670K->1333021K(20961280K), 0.0466560 secs] [Times: user=0.30 sys=0.00, real=0.05 secs]
2014-07-28T05:33:49.358+0000: 1270.334: [GC2014-07-28T05:33:49.358+0000: 1270.334: [ParNew: 92160K->10240K(92160K), 0.0434930 secs] 1414941K->1337653K(20961280K), 0.0436050 secs] [Times: user=0.30 sys=0.00, real=0.04 secs]
2014-07-28T05:33:49.936+0000: 1270.912: [GC2014-07-28T05:33:49.936+0000: 1270.912: [ParNew: 92160K->10240K(92160K), 0.0462050 secs] 1419573K->1343138K(20961280K), 0.0463080 secs] [Times: user=0.32 sys=0.00, real=0.05 secs]
2014-07-28T05:33:50.204+0000: 1271.180: [GC2014-07-28T05:33:50.204+0000: 1271.180: [ParNew: 92160K->10240K(92160K), 0.0379400 secs] 1425058K->1349822K(20961280K), 0.0380630 secs] [Times: user=0.30 sys=0.00, real=0.04 secs]
2014-07-28T05:33:50.585+0000: 1271.562: [GC2014-07-28T05:33:50.586+0000: 1271.562: [ParNew: 92154K->10240K(92160K), 0.0327390 secs] 1431736K->1355714K(20961280K), 0.0328610 secs] [Times: user=0.25 sys=0.01, real=0.04 secs]
2014-07-28T05:33:51.023+0000: 1272.000: [GC2014-07-28T05:33:51.024+0000: 1272.000: [ParNew: 92160K->10240K(92160K), 0.0342770 secs] 1437634K->1360975K(20961280K), 0.0344020 secs] [Times: user=0.26 sys=0.00, real=0.03 secs]
2014-07-28T05:33:51.684+0000: 1272.661: [GC2014-07-28T05:33:51.684+0000: 1272.661: [ParNew: 92160K->9113K(92160K), 0.0347100 secs] 1442895K->1365249K(20961280K), 0.0348280 secs] [Times: user=0.26 sys=0.01, real=0.04 secs]
2014-07-28T05:33:52.124+0000: 1273.100: [GC2014-07-28T05:33:52.124+0000: 1273.100: [ParNew: 91033K->10240K(92160K), 0.0323310 secs] 1447169K->1371835K(20961280K), 0.0324730 secs] [Times: user=0.25 sys=0.00, real=0.03 secs]
2014-07-28T05:33:52.653+0000: 1273.629: [GC2014-07-28T05:33:52.653+0000: 1273.629: [ParNew: 92160K->7837K(92160K), 0.0323730 secs] 1453755K->1374967K(20961280K), 0.0324940 secs] [Times: user=0.25 sys=0.00, real=0.03 secs]
2014-07-28T05:33:52.916+0000: 1273.892: [GC2014-07-28T05:33:52.916+0000: 1273.892: [ParNew: 89739K->10240K(92160K), 0.0427640 secs] 1456869K->1386043K(20961280K), 0.0428830 secs] [Times: user=0.32 sys=0.01, real=0.05 secs]
2014-07-28T05:33:53.064+0000: 1274.040: [GC2014-07-28T05:33:53.064+0000: 1274.040: [ParNew: 92160K->10240K(92160K), 0.0340360 secs] 1467963K->1390854K(20961280K), 0.0341530 secs] [Times: user=0.26 sys=0.01, real=0.04 secs]
2014-07-28T05:33:53.424+0000: 1274.400: [GC2014-07-28T05:33:53.424+0000: 1274.400: [ParNew: 92160K->10240K(92160K), 0.0320970 secs] 1472774K->1397250K(20961280K), 0.0322160 secs] [Times: user=0.25 sys=0.00, real=0.03 secs]
2014-07-28T05:33:53.832+0000: 1274.808: [GC2014-07-28T05:33:53.832+0000: 1274.808: [ParNew: 92159K->10240K(92160K), 0.0346130 secs] 1479170K->1403452K(20961280K), 0.0347360 secs] [Times: user=0.27 sys=0.00, real=0.04 secs]
2014-07-28T05:33:54.261+0000: 1275.237: [GC2014-07-28T05:33:54.261+0000: 1275.237: [ParNew: 92160K->10240K(92160K), 0.0336080 secs] 1485372K->1408879K(20961280K), 0.0337430 secs] [Times: user=0.25 sys=0.00, real=0.03 secs]
2014-07-28T05:33:54.534+0000: 1275.510: [GC2014-07-28T05:33:54.534+0000: 1275.510: [ParNew: 92160K->10240K(92160K), 0.0303050 secs] 1490799K->1415256K(20961280K), 0.0304320 secs] [Times: user=0.22 sys=0.01, real=0.03 secs]
2014-07-28T05:33:54.922+0000: 1275.898: [GC2014-07-28T05:33:54.922+0000: 1275.898: [ParNew: 92160K->10240K(92160K), 0.0367680 secs] 1497176K->1420023K(20961280K), 0.0369070 secs] [Times: user=0.29 sys=0.00, real=0.04 secs]
2014-07-28T05:33:55.257+0000: 1276.233: [GC2014-07-28T05:33:55.257+0000: 1276.233: [ParNew: 92160K->10240K(92160K), 0.0320290 secs] 1501943K->1425632K(20961280K), 0.0321480 secs] [Times: user=0.25 sys=0.00, real=0.04 secs]
2014-07-28T05:33:55.762+0000: 1276.738: [GC2014-07-28T05:33:55.762+0000: 1276.738: [ParNew: 92160K->10240K(92160K), 0.0348990 secs] 1507552K->1431141K(20961280K), 0.0350120 secs] [Times: user=0.27 sys=0.00, real=0.03 secs]
2014-07-28T05:33:56.166+0000: 1277.142: [GC2014-07-28T05:33:56.166+0000: 1277.142: [ParNew: 92160K->10240K(92160K), 0.0658490 secs] 1513061K->1436646K(20961280K), 0.0659880 secs] [Times: user=0.32 sys=0.00, real=0.07 secs]
2014-07-28T05:33:56.459+0000: 1277.435: [GC2014-07-28T05:33:56.459+0000: 1277.435: [ParNew: 92160K->10240K(92160K), 0.0421780 secs] 1518566K->1443846K(20961280K), 0.0422940 secs] [Times: user=0.28 sys=0.00, real=0.04 secs]
2014-07-28T05:33:56.864+0000: 1277.840: [GC2014-07-28T05:33:56.864+0000: 1277.840: [ParNew: 92160K->10240K(92160K), 0.0323420 secs] 1525766K->1448966K(20961280K), 0.0324640 secs] [Times: user=0.24 sys=0.00, real=0.03 secs]
2014-07-28T05:33:57.228+0000: 1278.204: [GC2014-07-28T05:33:57.228+0000: 1278.204: [ParNew: 92160K->10240K(92160K), 0.0340290 secs] 1530886K->1454481K(20961280K), 0.0341550 secs] [Times: user=0.26 sys=0.00, real=0.03 secs]
2014-07-28T05:33:57.714+0000: 1278.690: [GC2014-07-28T05:33:57.714+0000: 1278.690: [ParNew: 92160K->10240K(92160K), 0.0346380 secs] 1536401K->1460620K(20961280K), 0.0347740 secs] [Times: user=0.26 sys=0.00, real=0.04 secs]
2014-07-28T05:33:57.939+0000: 1278.915: [GC2014-07-28T05:33:57.939+0000: 1278.915: [ParNew: 92160K->10240K(92160K), 0.0375850 secs] 1542540K->1466007K(20961280K), 0.0377080 secs] [Times: user=0.28 sys=0.00, real=0.03 secs]
2014-07-28T05:33:58.443+0000: 1279.419: [GC2014-07-28T05:33:58.443+0000: 1279.419: [ParNew: 92160K->10240K(92160K), 0.0382100 secs] 1547927K->1471587K(20961280K), 0.0383320 secs] [Times: user=0.30 sys=0.00, real=0.04 secs]
2014-07-28T05:33:58.762+0000: 1279.738: [GC2014-07-28T05:33:58.762+0000: 1279.738: [ParNew: 92160K->10153K(92160K), 0.0318610 secs] 1553507K->1477185K(20961280K), 0.0319830 secs] [Times: user=0.25 sys=0.00, real=0.03 secs]
2014-07-28T05:33:59.104+0000: 1280.080: [GC2014-07-28T05:33:59.104+0000: 1280.080: [ParNew: 92073K->10240K(92160K), 0.0332930 secs] 1559105K->1483588K(20961280K), 0.0334130 secs] [Times: user=0.25 sys=0.00, real=0.03 secs]
2014-07-28T05:33:59.437+0000: 1280.413: [GC2014-07-28T05:33:59.437+0000: 1280.413: [ParNew: 92160K->10240K(92160K), 0.0367450 secs] 1565508K->1489349K(20961280K), 0.0368650 secs] [Times: user=0.28 sys=0.00, real=0.04 secs]
2014-07-28T05:34:00.025+0000: 1281.001: [GC2014-07-28T05:34:00.025+0000: 1281.001: [ParNew: 92160K->10240K(92160K), 0.0323910 secs] 1571269K->1494323K(20961280K), 0.0325150 secs] [Times: user=0.26 sys=0.00, real=0.03 secs]
2014-07-28T05:34:00.302+0000: 1281.278: [GC2014-07-28T05:34:00.302+0000: 1281.278: [ParNew: 92160K->10240K(92160K), 0.0392060 secs] 1576243K->1501226K(20961280K), 0.0393240 secs] [Times: user=0.31 sys=0.00, real=0.04 secs]
2014-07-28T05:34:00.683+0000: 1281.659: [GC2014-07-28T05:34:00.683+0000: 1281.659: [ParNew: 92160K->10240K(92160K), 0.0358060 secs] 1583146K->1507772K(20961280K), 0.0359200 secs] [Times: user=0.28 sys=0.00, real=0.04 secs]
2014-07-28T05:34:01.114+0000: 1282.090: [GC2014-07-28T05:34:01.114+0000: 1282.090: [ParNew: 92158K->9812K(92160K), 0.0314590 secs] 1589690K->1512333K(20961280K), 0.0315860 secs] [Times: user=0.24 sys=0.00, real=0.03 secs]
2014-07-28T05:34:01.775+0000: 1282.751: [GC2014-07-28T05:34:01.775+0000: 1282.751: [ParNew: 91732K->9483K(92160K), 0.0374980 secs] 1594253K->1517769K(20961280K), 0.0376200 secs] [Times: user=0.27 sys=0.01, real=0.04 secs]
2014-07-28T05:34:02.223+0000: 1283.199: [GC2014-07-28T05:34:02.223+0000: 1283.199: [ParNew: 91403K->9306K(92160K), 0.0675610 secs] 1599689K->1523100K(20961280K), 0.0676870 secs] [Times: user=0.33 sys=0.01, real=0.07 secs]
2014-07-28T05:34:02.765+0000: 1283.741: [GC2014-07-28T05:34:02.765+0000: 1283.741: [ParNew: 91226K->8472K(92160K), 0.0341630 secs] 1605020K->1527685K(20961280K), 0.0342870 secs] [Times: user=0.27 sys=0.00, real=0.04 secs]
2014-07-28T05:34:03.049+0000: 1284.026: [GC2014-07-28T05:34:03.049+0000: 1284.026: [ParNew: 90392K->10240K(92160K), 0.0449520 secs] 1609605K->1536938K(20961280K), 0.0450600 secs] [Times: user=0.30 sys=0.00, real=0.04 secs]
2014-07-28T05:34:03.203+0000: 1284.179: [GC2014-07-28T05:34:03.203+0000: 1284.179: [ParNew: 92160K->10240K(92160K), 0.0349850 secs] 1618858K->1541846K(20961280K), 0.0351070 secs] [Times: user=0.26 sys=0.01, real=0.04 secs]
2014-07-28T05:34:03.513+0000: 1284.489: [GC2014-07-28T05:34:03.513+0000: 1284.489: [ParNew: 92160K->10240K(92160K), 0.0371420 secs] 1623766K->1549072K(20961280K), 0.0372620 secs] [Times: user=0.28 sys=0.00, real=0.04 secs]
2014-07-28T05:34:03.925+0000: 1284.901: [GC2014-07-28T05:34:03.925+0000: 1284.901: [ParNew: 92160K->10240K(92160K), 0.0334920 secs] 1630992K->1555314K(20961280K), 0.0336090 secs] [Times: user=0.25 sys=0.01, real=0.04 secs]
2014-07-28T05:34:04.345+0000: 1285.321: [GC2014-07-28T05:34:04.345+0000: 1285.321: [ParNew: 92160K->10240K(92160K), 0.0380350 secs] 1637234K->1561170K(20961280K), 0.0381620 secs] [Times: user=0.30 sys=0.00, real=0.04 secs]
2014-07-28T05:34:04.617+0000: 1285.593: [GC2014-07-28T05:34:04.617+0000: 1285.593: [ParNew: 92160K->10240K(92160K), 0.0358080 secs] 1643090K->1566739K(20961280K), 0.0359300 secs] [Times: user=0.27 sys=0.01, real=0.04 secs]
2014-07-28T05:34:04.994+0000: 1285.970: [GC2014-07-28T05:34:04.994+0000: 1285.970: [ParNew: 92160K->10240K(92160K), 0.0355230 secs] 1648659K->1573214K(20961280K), 0.0356470 secs] [Times: user=0.25 sys=0.01, real=0.04 secs]
2014-07-28T05:34:05.332+0000: 1286.309: [GC2014-07-28T05:34:05.333+0000: 1286.309: [ParNew: 92160K->10240K(92160K), 0.0331890 secs] 1655134K->1578315K(20961280K), 0.0333130 secs] [Times: user=0.26 sys=0.00, real=0.03 secs]
2014-07-28T05:34:05.851+0000: 1286.827: [GC2014-07-28T05:34:05.851+0000: 1286.827: [ParNew: 92160K->10240K(92160K), 0.0354800 secs] 1660235K->1583933K(20961280K), 0.0355990 secs] [Times: user=0.28 sys=0.00, real=0.04 secs]
2014-07-28T05:34:06.275+0000: 1287.251: [GC2014-07-28T05:34:06.275+0000: 1287.251: [ParNew: 92160K->10240K(92160K), 0.0354340 secs] 1665853K->1589495K(20961280K), 0.0355570 secs] [Times: user=0.27 sys=0.00, real=0.04 secs]
2014-07-28T05:34:06.558+0000: 1287.534: [GC2014-07-28T05:34:06.558+0000: 1287.534: [ParNew: 92160K->10240K(92160K), 0.0345490 secs] 1671415K->1596637K(20961280K), 0.0346720 secs] [Times: user=0.26 sys=0.00, real=0.03 secs]
2014-07-28T05:34:06.943+0000: 1287.919: [GC2014-07-28T05:34:06.943+0000: 1287.919: [ParNew: 92143K->10207K(92160K), 0.0467870 secs] 1678541K->1601786K(20961280K), 0.0469000 secs] [Times: user=0.33 sys=0.00, real=0.05 secs]
2014-07-28T05:34:07.294+0000: 1288.270: [GC2014-07-28T05:34:07.294+0000: 1288.270: [ParNew: 92127K->10240K(92160K), 0.0319250 secs] 1683706K->1607313K(20961280K), 0.0320550 secs] [Times: user=0.24 sys=0.01, real=0.03 secs]
2014-07-28T05:34:07.803+0000: 1288.779: [GC2014-07-28T05:34:07.803+0000: 1288.779: [ParNew: 92160K->10240K(92160K), 0.0346670 secs] 1689233K->1614505K(20961280K), 0.0347960 secs] [Times: user=0.25 sys=0.02, real=0.03 secs]
2014-07-28T05:34:08.032+0000: 1289.008: [GC2014-07-28T05:34:08.032+0000: 1289.008: [ParNew: 92160K->10240K(92160K), 0.0354000 secs] 1696425K->1620013K(20961280K), 0.0355240 secs] [Times: user=0.24 sys=0.02, real=0.04 secs]
2014-07-28T05:34:08.536+0000: 1289.512: [GC2014-07-28T05:34:08.536+0000: 1289.512: [ParNew: 92160K->10240K(92160K), 0.0325480 secs] 1701933K->1625928K(20961280K), 0.0326700 secs] [Times: user=0.23 sys=0.02, real=0.04 secs]
2014-07-28T05:34:08.842+0000: 1289.818: [GC2014-07-28T05:34:08.842+0000: 1289.818: [ParNew: 92160K->10212K(92160K), 0.0388550 secs] 1707848K->1631245K(20961280K), 0.0389730 secs] [Times: user=0.30 sys=0.00, real=0.04 secs]
2014-07-28T05:34:09.216+0000: 1290.192: [GC2014-07-28T05:34:09.216+0000: 1290.192: [ParNew: 92132K->10240K(92160K), 0.0380270 secs] 1713165K->1638022K(20961280K), 0.0381510 secs] [Times: user=0.30 sys=0.00, real=0.04 secs]
2014-07-28T05:34:09.528+0000: 1290.504: [GC2014-07-28T05:34:09.528+0000: 1290.504: [ParNew: 92160K->10240K(92160K), 0.0347930 secs] 1719942K->1643127K(20961280K), 0.0349130 secs] [Times: user=0.27 sys=0.00, real=0.03 secs]
2014-07-28T05:34:10.102+0000: 1291.078: [GC2014-07-28T05:34:10.102+0000: 1291.079: [ParNew: 92160K->9925K(92160K), 0.0301770 secs] 1725047K->1648388K(20961280K), 0.0303020 secs] [Times: user=0.23 sys=0.00, real=0.03 secs]
2014-07-28T05:34:10.403+0000: 1291.379: [GC2014-07-28T05:34:10.403+0000: 1291.379: [ParNew: 91845K->10240K(92160K), 0.0422940 secs] 1730308K->1656241K(20961280K), 0.0424250 secs] [Times: user=0.31 sys=0.00, real=0.04 secs]
2014-07-28T05:34:10.766+0000: 1291.743: [GC2014-07-28T05:34:10.767+0000: 1291.743: [ParNew: 92160K->10240K(92160K), 0.0375000 secs] 1738161K->1662972K(20961280K), 0.0376240 secs] [Times: user=0.28 sys=0.00, real=0.03 secs]
2014-07-28T05:34:11.202+0000: 1292.178: [GC2014-07-28T05:34:11.202+0000: 1292.178: [ParNew: 92160K->9785K(92160K), 0.0324030 secs] 1744892K->1667229K(20961280K), 0.0325230 secs] [Times: user=0.25 sys=0.00, real=0.03 secs]
2014-07-28T05:34:11.855+0000: 1292.831: [GC2014-07-28T05:34:11.855+0000: 1292.831: [ParNew: 91705K->10240K(92160K), 0.0314250 secs] 1749149K->1673128K(20961280K), 0.0315410 secs] [Times: user=0.23 sys=0.00, real=0.04 secs]
2014-07-28T05:34:12.314+0000: 1293.290: [GC2014-07-28T05:34:12.314+0000: 1293.290: [ParNew: 92160K->10240K(92160K), 0.0335780 secs] 1755048K->1678695K(20961280K), 0.0337050 secs] [Times: user=0.24 sys=0.01, real=0.04 secs]
2014-07-28T05:34:12.863+0000: 1293.840: [GC2014-07-28T05:34:12.864+0000: 1293.840: [ParNew: 92160K->9212K(92160K), 0.0332720 secs] 1760615K->1683132K(20961280K), 0.0333910 secs] [Times: user=0.26 sys=0.00, real=0.03 secs]
2014-07-28T05:34:13.166+0000: 1294.143: [GC2014-07-28T05:34:13.167+0000: 1294.143: [ParNew: 91132K->10240K(92160K), 0.0358720 secs] 1765052K->1690322K(20961280K), 0.0359930 secs] [Times: user=0.28 sys=0.00, real=0.03 secs]
2014-07-28T05:34:13.297+0000: 1294.273: [GC2014-07-28T05:34:13.297+0000: 1294.273: [ParNew: 92160K->10240K(92160K), 0.0330780 secs] 1772242K->1696314K(20961280K), 0.0332030 secs] [Times: user=0.25 sys=0.00, real=0.04 secs]
2014-07-28T05:34:13.617+0000: 1294.593: [GC2014-07-28T05:34:13.617+0000: 1294.593: [ParNew: 92160K->10240K(92160K), 0.0365930 secs] 1778234K->1704177K(20961280K), 0.0367100 secs] [Times: user=0.27 sys=0.02, real=0.04 secs]
2014-07-28T05:34:14.006+0000: 1294.982: [GC2014-07-28T05:34:14.006+0000: 1294.982: [ParNew: 92160K->10240K(92160K), 0.0393320 secs] 1786097K->1710013K(20961280K), 0.0394510 secs] [Times: user=0.31 sys=0.00, real=0.03 secs]
2014-07-28T05:34:14.455+0000: 1295.431: [GC2014-07-28T05:34:14.455+0000: 1295.431: [ParNew: 92160K->10240K(92160K), 0.0316020 secs] 1791933K->1715474K(20961280K), 0.0317180 secs] [Times: user=0.24 sys=0.00, real=0.04 secs]
2014-07-28T05:34:14.703+0000: 1295.679: [GC2014-07-28T05:34:14.703+0000: 1295.679: [ParNew: 92160K->10240K(92160K), 0.0387310 secs] 1797394K->1721446K(20961280K), 0.0388530 secs] [Times: user=0.30 sys=0.00, real=0.04 secs]
2014-07-28T05:34:15.083+0000: 1296.059: [GC2014-07-28T05:34:15.083+0000: 1296.059: [ParNew: 92160K->10240K(92160K), 0.0348380 secs] 1803366K->1727824K(20961280K), 0.0349720 secs] [Times: user=0.26 sys=0.00, real=0.04 secs]
2014-07-28T05:34:15.412+0000: 1296.388: [GC2014-07-28T05:34:15.412+0000: 1296.388: [ParNew: 92160K->10240K(92160K), 0.0349340 secs] 1809744K->1732956K(20961280K), 0.0350610 secs] [Times: user=0.26 sys=0.00, real=0.04 secs]
2014-07-28T05:34:15.933+0000: 1296.909: [GC2014-07-28T05:34:15.933+0000: 1296.909: [ParNew: 92157K->9508K(92160K), 0.0373150 secs] 1814874K->1737841K(20961280K), 0.0374330 secs] [Times: user=0.28 sys=0.01, real=0.04 secs]
2014-07-28T05:34:16.357+0000: 1297.333: [GC2014-07-28T05:34:16.357+0000: 1297.333: [ParNew: 91428K->10240K(92160K), 0.0330380 secs] 1819761K->1744052K(20961280K), 0.0331600 secs] [Times: user=0.24 sys=0.01, real=0.04 secs]
2014-07-28T05:34:16.663+0000: 1297.639: [GC2014-07-28T05:34:16.663+0000: 1297.639: [ParNew: 92160K->10240K(92160K), 0.0394990 secs] 1825972K->1751514K(20961280K), 0.0396180 secs] [Times: user=0.30 sys=0.01, real=0.04 secs]
2014-07-28T05:34:17.018+0000: 1297.994: [GC2014-07-28T05:34:17.018+0000: 1297.994: [ParNew: 92160K->10240K(92160K), 0.0294370 secs] 1833434K->1756327K(20961280K), 0.0295640 secs] [Times: user=0.23 sys=0.00, real=0.03 secs]
2014-07-28T05:34:17.379+0000: 1298.355: [GC2014-07-28T05:34:17.379+0000: 1298.355: [ParNew: 92160K->10240K(92160K), 0.0352510 secs] 1838247K->1761921K(20961280K), 0.0353680 secs] [Times: user=0.27 sys=0.01, real=0.03 secs]
2014-07-28T05:34:17.895+0000: 1298.871: [GC2014-07-28T05:34:17.895+0000: 1298.871: [ParNew: 92160K->10240K(92160K), 0.0516240 secs] 1843841K->1768550K(20961280K), 0.0517420 secs] [Times: user=0.30 sys=0.01, real=0.06 secs]
2014-07-28T05:34:18.119+0000: 1299.095: [GC2014-07-28T05:34:18.119+0000: 1299.095: [ParNew: 92160K->10240K(92160K), 0.0445800 secs] 1850470K->1774367K(20961280K), 0.0447020 secs] [Times: user=0.30 sys=0.01, real=0.04 secs]
2014-07-28T05:34:18.616+0000: 1299.592: [GC2014-07-28T05:34:18.616+0000: 1299.592: [ParNew: 92160K->10240K(92160K), 0.0404490 secs] 1856287K->1780604K(20961280K), 0.0405530 secs] [Times: user=0.29 sys=0.00, real=0.04 secs]
2014-07-28T05:34:18.923+0000: 1299.899: [GC2014-07-28T05:34:18.923+0000: 1299.899: [ParNew: 92160K->10240K(92160K), 0.0467140 secs] 1862524K->1786664K(20961280K), 0.0468350 secs] [Times: user=0.29 sys=0.00, real=0.05 secs]
2014-07-28T05:34:19.333+0000: 1300.309: [GC2014-07-28T05:34:19.333+0000: 1300.309: [ParNew: 92160K->10240K(92160K), 0.0580960 secs] 1868584K->1792174K(20961280K), 0.1060550 secs] [Times: user=0.32 sys=0.00, real=0.11 secs]
2014-07-28T05:34:19.615+0000: 1300.591: [GC2014-07-28T05:34:19.615+0000: 1300.591: [ParNew: 92160K->10240K(92160K), 0.0554560 secs] 1874094K->1797470K(20961280K), 0.0555900 secs] [Times: user=0.31 sys=0.00, real=0.05 secs]
2014-07-28T05:34:20.173+0000: 1301.149: [GC2014-07-28T05:34:20.173+0000: 1301.149: [ParNew: 92160K->9906K(92160K), 0.0319260 secs] 1879390K->1802626K(20961280K), 0.0320470 secs] [Times: user=0.25 sys=0.00, real=0.03 secs]
2014-07-28T05:34:20.513+0000: 1301.489: [GC2014-07-28T05:34:20.513+0000: 1301.489: [ParNew: 91826K->10240K(92160K), 0.0420860 secs] 1884546K->1810550K(20961280K), 0.0422100 secs] [Times: user=0.31 sys=0.01, real=0.05 secs]
2014-07-28T05:34:20.856+0000: 1301.832: [GC2014-07-28T05:34:20.856+0000: 1301.832: [ParNew: 92160K->10240K(92160K), 0.0340830 secs] 1892470K->1817140K(20961280K), 0.0342330 secs] [Times: user=0.26 sys=0.00, real=0.03 secs]
2014-07-28T05:34:21.278+0000: 1302.254: [GC2014-07-28T05:34:21.278+0000: 1302.254: [ParNew: 92160K->9603K(92160K), 0.0354480 secs] 1899060K->1821070K(20961280K), 0.0355690 secs] [Times: user=0.28 sys=0.00, real=0.03 secs]
2014-07-28T05:34:21.935+0000: 1302.911: [GC2014-07-28T05:34:21.935+0000: 1302.911: [ParNew: 91523K->10240K(92160K), 0.0365590 secs] 1902990K->1827112K(20961280K), 0.0366790 secs] [Times: user=0.28 sys=0.00, real=0.03 secs]
2014-07-28T05:34:22.393+0000: 1303.369: [GC2014-07-28T05:34:22.393+0000: 1303.370: [ParNew: 92160K->9585K(92160K), 0.0340740 secs] 1909032K->1832000K(20961280K), 0.0341960 secs] [Times: user=0.27 sys=0.00, real=0.04 secs]
2014-07-28T05:34:22.952+0000: 1303.928: [GC2014-07-28T05:34:22.952+0000: 1303.928: [ParNew: 91505K->9010K(92160K), 0.0320920 secs] 1913920K->1836886K(20961280K), 0.0322100 secs] [Times: user=0.24 sys=0.00, real=0.03 secs]
2014-07-28T05:34:23.274+0000: 1304.250: [GC2014-07-28T05:34:23.274+0000: 1304.250: [ParNew: 90930K->10240K(92160K), 0.0392260 secs] 1918806K->1844793K(20961280K), 0.0393480 secs] [Times: user=0.30 sys=0.01, real=0.04 secs]
2014-07-28T05:34:23.404+0000: 1304.380: [GC2014-07-28T05:34:23.404+0000: 1304.380: [ParNew: 92160K->10240K(92160K), 0.0351760 secs] 1926713K->1850567K(20961280K), 0.0353270 secs] [Times: user=0.26 sys=0.01, real=0.04 secs]
2014-07-28T05:34:23.713+0000: 1304.689: [GC2014-07-28T05:34:23.713+0000: 1304.689: [ParNew: 92160K->10240K(92160K), 0.0422880 secs] 1932487K->1857290K(20961280K), 0.0424080 secs] [Times: user=0.32 sys=0.00, real=0.05 secs]
2014-07-28T05:34:24.103+0000: 1305.079: [GC2014-07-28T05:34:24.103+0000: 1305.079: [ParNew: 92160K->10240K(92160K), 0.0371380 secs] 1939210K->1863272K(20961280K), 0.0372740 secs] [Times: user=0.28 sys=0.00, real=0.04 secs]
2014-07-28T05:34:24.525+0000: 1305.501: [GC2014-07-28T05:34:24.525+0000: 1305.501: [ParNew: 92160K->10240K(92160K), 0.0330900 secs] 1945192K->1869914K(20961280K), 0.0332140 secs] [Times: user=0.24 sys=0.00, real=0.04 secs]
2014-07-28T05:34:24.795+0000: 1305.771: [GC2014-07-28T05:34:24.795+0000: 1305.771: [ParNew: 92160K->10240K(92160K), 0.0363870 secs] 1951834K->1876013K(20961280K), 0.0365090 secs] [Times: user=0.27 sys=0.01, real=0.03 secs]
2014-07-28T05:34:25.160+0000: 1306.136: [GC2014-07-28T05:34:25.160+0000: 1306.136: [ParNew: 92160K->10240K(92160K), 0.0316320 secs] 1957933K->1881686K(20961280K), 0.0317580 secs] [Times: user=0.24 sys=0.01, real=0.03 secs]
2014-07-28T05:34:25.479+0000: 1306.455: [GC2014-07-28T05:34:25.479+0000: 1306.455: [ParNew: 92160K->10240K(92160K), 0.0323210 secs] 1963606K->1886989K(20961280K), 0.0324430 secs] [Times: user=0.25 sys=0.00, real=0.03 secs]
2014-07-28T05:34:26.020+0000: 1306.996: [GC2014-07-28T05:34:26.020+0000: 1306.996: [ParNew: 92160K->8236K(92160K), 0.0294750 secs] 1968909K->1890536K(20961280K), 0.0295980 secs] [Times: user=0.22 sys=0.00, real=0.03 secs]
2014-07-28T05:34:26.424+0000: 1307.400: [GC2014-07-28T05:34:26.424+0000: 1307.400: [ParNew: 90156K->10240K(92160K), 0.0334230 secs] 1972456K->1897935K(20961280K), 0.0335440 secs] [Times: user=0.26 sys=0.00, real=0.04 secs]
2014-07-28T05:34:26.760+0000: 1307.736: [GC2014-07-28T05:34:26.760+0000: 1307.736: [ParNew: 92160K->10240K(92160K), 0.0397030 secs] 1979855K->1905079K(20961280K), 0.0398230 secs] [Times: user=0.31 sys=0.00, real=0.04 secs]
2014-07-28T05:34:27.093+0000: 1308.069: [GC2014-07-28T05:34:27.093+0000: 1308.069: [ParNew: 92160K->10240K(92160K), 0.0347510 secs] 1986999K->1910383K(20961280K), 0.0348720 secs] [Times: user=0.26 sys=0.01, real=0.04 secs]
2014-07-28T05:34:27.454+0000: 1308.430: [GC2014-07-28T05:34:27.454+0000: 1308.430: [ParNew: 92151K->10240K(92160K), 0.0336120 secs] 1992295K->1916318K(20961280K), 0.0337240 secs] [Times: user=0.23 sys=0.03, real=0.04 secs]
2014-07-28T05:34:27.999+0000: 1308.976: [GC2014-07-28T05:34:28.000+0000: 1308.976: [ParNew: 92160K->10240K(92160K), 0.0399890 secs] 1998238K->1923420K(20961280K), 0.0401090 secs] [Times: user=0.30 sys=0.01, real=0.04 secs]
2014-07-28T05:34:28.222+0000: 1309.198: [GC2014-07-28T05:34:28.222+0000: 1309.198: [ParNew: 92160K->10240K(92160K), 0.0346560 secs] 2005340K->1928486K(20961280K), 0.0347740 secs] [Times: user=0.26 sys=0.00, real=0.04 secs]
2014-07-28T05:34:28.705+0000: 1309.681: [GC2014-07-28T05:34:28.705+0000: 1309.682: [ParNew: 92160K->10240K(92160K), 0.0329730 secs] 2010406K->1935227K(20961280K), 0.0331040 secs] [Times: user=0.25 sys=0.00, real=0.04 secs]
2014-07-28T05:34:29.011+0000: 1309.987: [GC2014-07-28T05:34:29.011+0000: 1309.987: [ParNew: 92160K->10240K(92160K), 0.0309370 secs] 2017147K->1940356K(20961280K), 0.0310530 secs] [Times: user=0.23 sys=0.01, real=0.03 secs]
2014-07-28T05:34:29.489+0000: 1310.466: [GC2014-07-28T05:34:29.490+0000: 1310.466: [ParNew: 92160K->10240K(92160K), 0.0414850 secs] 2022276K->1946109K(20961280K), 0.0416310 secs] [Times: user=0.31 sys=0.00, real=0.04 secs]
2014-07-28T05:34:29.714+0000: 1310.690: [GC2014-07-28T05:34:29.714+0000: 1310.690: [ParNew: 92160K->10240K(92160K), 0.0331540 secs] 2028029K->1951760K(20961280K), 0.0332790 secs] [Times: user=0.24 sys=0.02, real=0.04 secs]
2014-07-28T05:34:30.255+0000: 1311.231: [GC2014-07-28T05:34:30.255+0000: 1311.231: [ParNew: 92160K->9819K(92160K), 0.0333730 secs] 2033680K->1956731K(20961280K), 0.0334930 secs] [Times: user=0.26 sys=0.00, real=0.03 secs]
2014-07-28T05:34:30.614+0000: 1311.590: [GC2014-07-28T05:34:30.614+0000: 1311.591: [ParNew: 91739K->10240K(92160K), 0.0391310 secs] 2038651K->1964888K(20961280K), 0.0392560 secs] [Times: user=0.30 sys=0.00, real=0.03 secs]
2014-07-28T05:34:30.953+0000: 1311.930: [GC2014-07-28T05:34:30.954+0000: 1311.930: [ParNew: 92160K->10240K(92160K), 0.0403130 secs] 2046808K->1972432K(20961280K), 0.0404320 secs] [Times: user=0.30 sys=0.01, real=0.04 secs]
2014-07-28T05:34:31.363+0000: 1312.339: [GC2014-07-28T05:34:31.363+0000: 1312.339: [ParNew: 92160K->10240K(92160K), 0.0337870 secs] 2054352K->1976851K(20961280K), 0.0339140 secs] [Times: user=0.25 sys=0.00, real=0.04 secs]
2014-07-28T05:34:32.015+0000: 1312.991: [GC2014-07-28T05:34:32.015+0000: 1312.991: [ParNew: 92160K->10240K(92160K), 0.0352240 secs] 2058771K->1982491K(20961280K), 0.0353460 secs] [Times: user=0.25 sys=0.02, real=0.03 secs]
2014-07-28T05:34:32.464+0000: 1313.441: [GC2014-07-28T05:34:32.465+0000: 1313.441: [ParNew: 92149K->10240K(92160K), 0.0319040 secs] 2064401K->1988074K(20961280K), 0.0320250 secs] [Times: user=0.24 sys=0.00, real=0.04 secs]
2014-07-28T05:34:33.062+0000: 1314.038: [GC2014-07-28T05:34:33.062+0000: 1314.038: [ParNew: 92160K->9069K(92160K), 0.0355630 secs] 2069994K->1992376K(20961280K), 0.0356780 secs] [Times: user=0.25 sys=0.00, real=0.04 secs]
2014-07-28T05:34:33.374+0000: 1314.350: [GC2014-07-28T05:34:33.374+0000: 1314.350: [ParNew: 90989K->10240K(92160K), 0.0492900 secs] 2074296K->1999720K(20961280K), 0.0494000 secs] [Times: user=0.31 sys=0.01, real=0.04 secs]
2014-07-28T05:34:33.512+0000: 1314.488: [GC2014-07-28T05:34:33.512+0000: 1314.488: [ParNew: 92160K->10240K(92160K), 0.0406560 secs] 2081640K->2006519K(20961280K), 0.0407870 secs] [Times: user=0.31 sys=0.00, real=0.04 secs]
2014-07-28T05:34:33.817+0000: 1314.793: [GC2014-07-28T05:34:33.817+0000: 1314.793: [ParNew: 92160K->10240K(92160K), 0.0394700 secs] 2088439K->2013411K(20961280K), 0.0395920 secs] [Times: user=0.30 sys=0.00, real=0.04 secs]
2014-07-28T05:34:34.195+0000: 1315.171: [GC2014-07-28T05:34:34.195+0000: 1315.172: [ParNew: 92160K->10240K(92160K), 0.0429310 secs] 2095331K->2022572K(20961280K), 0.0430530 secs] [Times: user=0.33 sys=0.00, real=0.04 secs]
2014-07-28T05:34:34.605+0000: 1315.581: [GC2014-07-28T05:34:34.605+0000: 1315.581: [ParNew: 92160K->10240K(92160K), 0.0406270 secs] 2104492K->2026918K(20961280K), 0.0407560 secs] [Times: user=0.31 sys=0.01, real=0.04 secs]
2014-07-28T05:34:34.885+0000: 1315.861: [GC2014-07-28T05:34:34.885+0000: 1315.861: [ParNew: 92160K->10240K(92160K), 0.0378920 secs] 2108838K->2034557K(20961280K), 0.0380130 secs] [Times: user=0.28 sys=0.00, real=0.04 secs]
2014-07-28T05:34:35.243+0000: 1316.219: [GC2014-07-28T05:34:35.243+0000: 1316.219: [ParNew: 92160K->10240K(92160K), 0.0384860 secs] 2116477K->2040589K(20961280K), 0.0386070 secs] [Times: user=0.29 sys=0.00, real=0.04 secs]
2014-07-28T05:34:35.559+0000: 1316.535: [GC2014-07-28T05:34:35.559+0000: 1316.535: [ParNew: 92160K->10240K(92160K), 0.0848770 secs] 2122509K->2047385K(20961280K), 0.0850060 secs] [Times: user=0.29 sys=0.01, real=0.08 secs]
2014-07-28T05:34:36.093+0000: 1317.069: [GC2014-07-28T05:34:36.093+0000: 1317.069: [ParNew: 92145K->10115K(92160K), 0.0324780 secs] 2129290K->2052341K(20961280K), 0.0326020 secs] [Times: user=0.25 sys=0.00, real=0.03 secs]
2014-07-28T05:34:36.503+0000: 1317.479: [GC2014-07-28T05:34:36.503+0000: 1317.479: [ParNew: 92035K->10240K(92160K), 0.0366420 secs] 2134261K->2058165K(20961280K), 0.0367620 secs] [Times: user=0.27 sys=0.02, real=0.04 secs]
2014-07-28T05:34:36.857+0000: 1317.833: [GC2014-07-28T05:34:36.857+0000: 1317.833: [ParNew: 92160K->10240K(92160K), 0.0445610 secs] 2140085K->2067480K(20961280K), 0.0446830 secs] [Times: user=0.34 sys=0.00, real=0.04 secs]
2014-07-28T05:34:37.173+0000: 1318.149: [GC2014-07-28T05:34:37.173+0000: 1318.149: [ParNew: 92160K->10240K(92160K), 0.0374110 secs] 2149400K->2071903K(20961280K), 0.0375310 secs] [Times: user=0.26 sys=0.00, real=0.04 secs]
2014-07-28T05:34:37.529+0000: 1318.505: [GC2014-07-28T05:34:37.529+0000: 1318.505: [ParNew: 92160K->10240K(92160K), 0.0372040 secs] 2153823K->2078183K(20961280K), 0.0373280 secs] [Times: user=0.28 sys=0.00, real=0.04 secs]
2014-07-28T05:34:38.109+0000: 1319.085: [GC2014-07-28T05:34:38.109+0000: 1319.085: [ParNew: 92160K->10240K(92160K), 0.0406120 secs] 2160103K->2084334K(20961280K), 0.0407350 secs] [Times: user=0.30 sys=0.00, real=0.04 secs]
2014-07-28T05:34:38.309+0000: 1319.285: [GC2014-07-28T05:34:38.309+0000: 1319.285: [ParNew: 92160K->10038K(92160K), 0.0369780 secs] 2166254K->2089426K(20961280K), 0.0370950 secs] [Times: user=0.27 sys=0.01, real=0.03 secs]
2014-07-28T05:34:38.793+0000: 1319.769: [GC2014-07-28T05:34:38.793+0000: 1319.769: [ParNew: 91958K->10240K(92160K), 0.0354430 secs] 2171346K->2096080K(20961280K), 0.0355620 secs] [Times: user=0.26 sys=0.00, real=0.04 secs]
2014-07-28T05:34:39.074+0000: 1320.050: [GC2014-07-28T05:34:39.074+0000: 1320.050: [ParNew: 92122K->10240K(92160K), 0.0354000 secs] 2177962K->2101361K(20961280K), 0.0355230 secs] [Times: user=0.26 sys=0.00, real=0.04 secs]
2014-07-28T05:34:39.570+0000: 1320.546: [GC2014-07-28T05:34:39.570+0000: 1320.546: [ParNew: 92160K->10240K(92160K), 0.0348570 secs] 2183281K->2107888K(20961280K), 0.0349810 secs] [Times: user=0.25 sys=0.01, real=0.03 secs]
2014-07-28T05:34:39.793+0000: 1320.769: [GC2014-07-28T05:34:39.793+0000: 1320.769: [ParNew: 92160K->10240K(92160K), 0.0370330 secs] 2189808K->2112835K(20961280K), 0.0371620 secs] [Times: user=0.28 sys=0.00, real=0.04 secs]
2014-07-28T05:34:40.326+0000: 1321.302: [GC2014-07-28T05:34:40.326+0000: 1321.302: [ParNew: 92160K->10240K(92160K), 0.0366330 secs] 2194755K->2118628K(20961280K), 0.0367570 secs] [Times: user=0.28 sys=0.00, real=0.04 secs]
2014-07-28T05:34:40.723+0000: 1321.699: [GC2014-07-28T05:34:40.723+0000: 1321.699: [ParNew: 92160K->10240K(92160K), 0.0334490 secs] 2200548K->2124480K(20961280K), 0.0336180 secs] [Times: user=0.25 sys=0.00, real=0.04 secs]
2014-07-28T05:34:41.054+0000: 1322.030: [GC2014-07-28T05:34:41.054+0000: 1322.030: [ParNew: 92160K->10240K(92160K), 0.0396600 secs] 2206400K->2132666K(20961280K), 0.0397950 secs] [Times: user=0.29 sys=0.02, real=0.04 secs]
2014-07-28T05:34:41.433+0000: 1322.409: [GC2014-07-28T05:34:41.433+0000: 1322.409: [ParNew: 92159K->10240K(92160K), 0.0328690 secs] 2214585K->2137530K(20961280K), 0.0330050 secs] [Times: user=0.24 sys=0.01, real=0.04 secs]
2014-07-28T05:34:42.086+0000: 1323.062: [GC2014-07-28T05:34:42.086+0000: 1323.062: [ParNew: 92160K->10240K(92160K), 0.0373250 secs] 2219450K->2142895K(20961280K), 0.0374460 secs] [Times: user=0.28 sys=0.00, real=0.04 secs]
2014-07-28T05:34:42.534+0000: 1323.510: [GC2014-07-28T05:34:42.534+0000: 1323.510: [ParNew: 92160K->9801K(92160K), 0.0331320 secs] 2224815K->2148037K(20961280K), 0.0332560 secs] [Times: user=0.24 sys=0.02, real=0.03 secs]
2014-07-28T05:34:43.145+0000: 1324.121: [GC2014-07-28T05:34:43.145+0000: 1324.121: [ParNew: 91721K->8389K(92160K), 0.0313160 secs] 2229957K->2152081K(20961280K), 0.0314400 secs] [Times: user=0.25 sys=0.00, real=0.04 secs]
2014-07-28T05:34:43.490+0000: 1324.466: [GC2014-07-28T05:34:43.490+0000: 1324.466: [ParNew: 90309K->10240K(92160K), 0.0737430 secs] 2234001K->2162701K(20961280K), 0.0738820 secs] [Times: user=0.31 sys=0.00, real=0.07 secs]
2014-07-28T05:34:43.669+0000: 1324.645: [GC2014-07-28T05:34:43.669+0000: 1324.645: [ParNew: 92160K->10240K(92160K), 0.0461840 secs] 2244621K->2170975K(20961280K), 0.0463100 secs] [Times: user=0.29 sys=0.01, real=0.05 secs]
2014-07-28T05:34:43.914+0000: 1324.890: [GC2014-07-28T05:34:43.914+0000: 1324.890: [ParNew: 92160K->10240K(92160K), 0.0359960 secs] 2252895K->2178370K(20961280K), 0.0361260 secs] [Times: user=0.27 sys=0.00, real=0.03 secs]
2014-07-28T05:34:44.296+0000: 1325.272: [GC2014-07-28T05:34:44.296+0000: 1325.273: [ParNew: 92160K->10240K(92160K), 0.0368300 secs] 2260290K->2185935K(20961280K), 0.0369530 secs] [Times: user=0.28 sys=0.00, real=0.03 secs]
2014-07-28T05:34:44.689+0000: 1325.665: [GC2014-07-28T05:34:44.689+0000: 1325.665: [ParNew: 92160K->10240K(92160K), 0.0338690 secs] 2267855K->2190803K(20961280K), 0.0340160 secs] [Times: user=0.26 sys=0.00, real=0.03 secs]
2014-07-28T05:34:44.983+0000: 1325.959: [GC2014-07-28T05:34:44.983+0000: 1325.959: [ParNew: 92160K->10240K(92160K), 0.0417880 secs] 2272723K->2198035K(20961280K), 0.0419140 secs] [Times: user=0.32 sys=0.00, real=0.04 secs]
2014-07-28T05:34:45.330+0000: 1326.306: [GC2014-07-28T05:34:45.330+0000: 1326.306: [ParNew: 92160K->10240K(92160K), 0.0363170 secs] 2279955K->2203127K(20961280K), 0.0364370 secs] [Times: user=0.28 sys=0.00, real=0.04 secs]
2014-07-28T05:34:45.677+0000: 1326.653: [GC2014-07-28T05:34:45.677+0000: 1326.653: [ParNew: 92160K->10240K(92160K), 0.0369940 secs] 2285047K->2209018K(20961280K), 0.0371160 secs] [Times: user=0.27 sys=0.00, real=0.04 secs]
2014-07-28T05:34:46.178+0000: 1327.154: [GC2014-07-28T05:34:46.178+0000: 1327.154: [ParNew: 92160K->10240K(92160K), 0.0320610 secs] 2290938K->2214295K(20961280K), 0.0321800 secs] [Times: user=0.24 sys=0.00, real=0.03 secs]
2014-07-28T05:34:46.584+0000: 1327.560: [GC2014-07-28T05:34:46.584+0000: 1327.560: [ParNew: 92160K->10240K(92160K), 0.0407280 secs] 2296215K->2220077K(20961280K), 0.0408460 secs] [Times: user=0.32 sys=0.00, real=0.04 secs]
2014-07-28T05:34:46.966+0000: 1327.942: [GC2014-07-28T05:34:46.966+0000: 1327.942: [ParNew: 92160K->10240K(92160K), 0.0384630 secs] 2301997K->2227725K(20961280K), 0.0385860 secs] [Times: user=0.29 sys=0.01, real=0.04 secs]
2014-07-28T05:34:47.253+0000: 1328.229: [GC2014-07-28T05:34:47.253+0000: 1328.229: [ParNew: 92160K->10240K(92160K), 0.0326020 secs] 2309645K->2234020K(20961280K), 0.0327230 secs] [Times: user=0.25 sys=0.00, real=0.03 secs]
2014-07-28T05:34:47.610+0000: 1328.586: [GC2014-07-28T05:34:47.610+0000: 1328.586: [ParNew: 92160K->10240K(92160K), 0.0344820 secs] 2315940K->2239330K(20961280K), 0.0346070 secs] [Times: user=0.26 sys=0.00, real=0.03 secs]
2014-07-28T05:34:48.214+0000: 1329.190: [GC2014-07-28T05:34:48.214+0000: 1329.190: [ParNew: 92160K->10240K(92160K), 0.0443940 secs] 2321250K->2246310K(20961280K), 0.0445290 secs] [Times: user=0.31 sys=0.01, real=0.05 secs]
2014-07-28T05:34:48.399+0000: 1329.375: [GC2014-07-28T05:34:48.399+0000: 1329.375: [ParNew: 92160K->10240K(92160K), 0.0328710 secs] 2328230K->2251436K(20961280K), 0.0330020 secs] [Times: user=0.24 sys=0.00, real=0.03 secs]
2014-07-28T05:34:48.892+0000: 1329.868: [GC2014-07-28T05:34:48.892+0000: 1329.868: [ParNew: 92160K->10240K(92160K), 0.0406150 secs] 2333356K->2258635K(20961280K), 0.0407340 secs] [Times: user=0.29 sys=0.00, real=0.04 secs]
2014-07-28T05:34:49.146+0000: 1330.122: [GC2014-07-28T05:34:49.146+0000: 1330.122: [ParNew: 92153K->10240K(92160K), 0.0409510 secs] 2340549K->2263421K(20961280K), 0.0410740 secs] [Times: user=0.29 sys=0.03, real=0.04 secs]
2014-07-28T05:34:49.657+0000: 1330.633: [GC2014-07-28T05:34:49.657+0000: 1330.633: [ParNew: 92160K->10240K(92160K), 0.0354590 secs] 2345341K->2269896K(20961280K), 0.0355750 secs] [Times: user=0.26 sys=0.01, real=0.03 secs]
2014-07-28T05:34:49.864+0000: 1330.841: [GC2014-07-28T05:34:49.865+0000: 1330.841: [ParNew: 92160K->10240K(92160K), 0.0391930 secs] 2351816K->2275957K(20961280K), 0.0393220 secs] [Times: user=0.29 sys=0.00, real=0.04 secs]
2014-07-28T05:34:50.405+0000: 1331.381: [GC2014-07-28T05:34:50.405+0000: 1331.381: [ParNew: 92160K->10240K(92160K), 0.0375280 secs] 2357877K->2281712K(20961280K), 0.0376490 secs] [Times: user=0.29 sys=0.00, real=0.04 secs]
2014-07-28T05:34:50.818+0000: 1331.794: [GC2014-07-28T05:34:50.818+0000: 1331.794: [ParNew: 92159K->10240K(92160K), 0.0418380 secs] 2363632K->2288382K(20961280K), 0.0419560 secs] [Times: user=0.32 sys=0.00, real=0.04 secs]
2014-07-28T05:34:51.153+0000: 1332.129: [GC2014-07-28T05:34:51.153+0000: 1332.129: [ParNew: 92160K->10240K(92160K), 0.0395150 secs] 2370302K->2296873K(20961280K), 0.0396370 secs] [Times: user=0.28 sys=0.01, real=0.04 secs]
2014-07-28T05:34:51.508+0000: 1332.484: [GC2014-07-28T05:34:51.508+0000: 1332.484: [ParNew: 92160K->10240K(92160K), 0.0296020 secs] 2378793K->2301527K(20961280K), 0.0297520 secs] [Times: user=0.23 sys=0.00, real=0.03 secs]
2014-07-28T05:34:52.163+0000: 1333.139: [GC2014-07-28T05:34:52.163+0000: 1333.139: [ParNew: 92160K->10240K(92160K), 0.0321480 secs] 2383447K->2307699K(20961280K), 0.0322730 secs] [Times: user=0.24 sys=0.00, real=0.03 secs]
2014-07-28T05:34:52.610+0000: 1333.586: [GC2014-07-28T05:34:52.610+0000: 1333.586: [ParNew: 92160K->10240K(92160K), 0.0325970 secs] 2389619K->2313009K(20961280K), 0.0327240 secs] [Times: user=0.25 sys=0.00, real=0.04 secs]
2014-07-28T05:34:53.213+0000: 1334.189: [GC2014-07-28T05:34:53.213+0000: 1334.189: [ParNew: 92160K->8555K(92160K), 0.0354950 secs] 2394929K->2316742K(20961280K), 0.0356150 secs] [Times: user=0.28 sys=0.00, real=0.04 secs]
2014-07-28T05:34:53.681+0000: 1334.657: [GC2014-07-28T05:34:53.681+0000: 1334.657: [ParNew: 90475K->10240K(92160K), 0.0337070 secs] 2398662K->2323802K(20961280K), 0.0338350 secs] [Times: user=0.25 sys=0.01, real=0.04 secs]
2014-07-28T05:34:53.785+0000: 1334.761: [GC2014-07-28T05:34:53.785+0000: 1334.761: [ParNew: 92160K->10240K(92160K), 0.0386550 secs] 2405722K->2332645K(20961280K), 0.0387760 secs] [Times: user=0.28 sys=0.02, real=0.04 secs]
2014-07-28T05:34:54.014+0000: 1334.990: [GC2014-07-28T05:34:54.014+0000: 1334.990: [ParNew: 92160K->10240K(92160K), 0.0416890 secs] 2414565K->2340276K(20961280K), 0.0418130 secs] [Times: user=0.32 sys=0.00, real=0.04 secs]
2014-07-28T05:34:54.393+0000: 1335.369: [GC2014-07-28T05:34:54.393+0000: 1335.369: [ParNew: 92160K->10240K(92160K), 0.0377770 secs] 2422196K->2346771K(20961280K), 0.0379050 secs] [Times: user=0.29 sys=0.00, real=0.04 secs]
2014-07-28T05:34:54.773+0000: 1335.749: [GC2014-07-28T05:34:54.773+0000: 1335.749: [ParNew: 92160K->10240K(92160K), 0.0339440 secs] 2428691K->2352080K(20961280K), 0.0340630 secs] [Times: user=0.26 sys=0.01, real=0.04 secs]
2014-07-28T05:34:55.082+0000: 1336.058: [GC2014-07-28T05:34:55.082+0000: 1336.058: [ParNew: 92160K->10240K(92160K), 0.0420900 secs] 2434000K->2359606K(20961280K), 0.0422120 secs] [Times: user=0.32 sys=0.00, real=0.05 secs]
2014-07-28T05:34:55.418+0000: 1336.394: [GC2014-07-28T05:34:55.418+0000: 1336.394: [ParNew: 92160K->10240K(92160K), 0.0361560 secs] 2441526K->2365491K(20961280K), 0.0362790 secs] [Times: user=0.27 sys=0.00, real=0.04 secs]
2014-07-28T05:34:55.763+0000: 1336.739: [GC2014-07-28T05:34:55.763+0000: 1336.739: [ParNew: 92160K->10240K(92160K), 0.0335910 secs] 2447411K->2372198K(20961280K), 0.0337080 secs] [Times: user=0.25 sys=0.01, real=0.03 secs]
2014-07-28T05:34:56.253+0000: 1337.229: [GC2014-07-28T05:34:56.253+0000: 1337.229: [ParNew: 92160K->10240K(92160K), 0.0323020 secs] 2454118K->2377067K(20961280K), 0.0324220 secs] [Times: user=0.25 sys=0.00, real=0.04 secs]
2014-07-28T05:34:56.685+0000: 1337.661: [GC2014-07-28T05:34:56.685+0000: 1337.661: [ParNew: 92160K->10240K(92160K), 0.0360660 secs] 2458987K->2382646K(20961280K), 0.0361820 secs] [Times: user=0.26 sys=0.00, real=0.03 secs]
2014-07-28T05:34:57.085+0000: 1338.061: [GC2014-07-28T05:34:57.085+0000: 1338.061: [ParNew: 92160K->10240K(92160K), 0.0344410 secs] 2464566K->2389985K(20961280K), 0.0345640 secs] [Times: user=0.26 sys=0.00, real=0.03 secs]
2014-07-28T05:34:57.329+0000: 1338.305: [GC2014-07-28T05:34:57.329+0000: 1338.306: [ParNew: 92160K->10240K(92160K), 0.0347500 secs] 2471905K->2395292K(20961280K), 0.0348730 secs] [Times: user=0.26 sys=0.00, real=0.04 secs]
2014-07-28T05:34:57.685+0000: 1338.661: [GC2014-07-28T05:34:57.685+0000: 1338.661: [ParNew: 92160K->10240K(92160K), 0.0332100 secs] 2477212K->2400768K(20961280K), 0.0333330 secs] [Times: user=0.25 sys=0.00, real=0.03 secs]
2014-07-28T05:34:58.327+0000: 1339.303: [GC2014-07-28T05:34:58.327+0000: 1339.303: [ParNew: 92160K->10240K(92160K), 0.0354810 secs] 2482688K->2408465K(20961280K), 0.0355990 secs] [Times: user=0.25 sys=0.01, real=0.04 secs]
2014-07-28T05:34:58.473+0000: 1339.449: [GC2014-07-28T05:34:58.473+0000: 1339.449: [ParNew: 92160K->10240K(92160K), 0.0348480 secs] 2490385K->2413945K(20961280K), 0.0349670 secs] [Times: user=0.27 sys=0.00, real=0.04 secs]
2014-07-28T05:34:58.991+0000: 1339.967: [GC2014-07-28T05:34:58.991+0000: 1339.967: [ParNew: 92160K->10240K(92160K), 0.0397960 secs] 2495865K->2421483K(20961280K), 0.0399170 secs] [Times: user=0.30 sys=0.00, real=0.04 secs]
2014-07-28T05:34:59.224+0000: 1340.200: [GC2014-07-28T05:34:59.224+0000: 1340.200: [ParNew: 92160K->10240K(92160K), 0.0383420 secs] 2503403K->2427808K(20961280K), 0.0384610 secs] [Times: user=0.29 sys=0.00, real=0.04 secs]
2014-07-28T05:34:59.749+0000: 1340.726: [GC2014-07-28T05:34:59.750+0000: 1340.726: [ParNew: 92160K->10240K(92160K), 0.0376670 secs] 2509728K->2433936K(20961280K), 0.0378020 secs] [Times: user=0.29 sys=0.00, real=0.04 secs]
2014-07-28T05:34:59.957+0000: 1340.933: [GC2014-07-28T05:34:59.957+0000: 1340.933: [ParNew: 92160K->10240K(92160K), 0.0398640 secs] 2515856K->2439348K(20961280K), 0.0399840 secs] [Times: user=0.28 sys=0.00, real=0.04 secs]
2014-07-28T05:35:00.486+0000: 1341.462: [GC2014-07-28T05:35:00.486+0000: 1341.462: [ParNew: 92146K->10240K(92160K), 0.0340560 secs] 2521254K->2445231K(20961280K), 0.0341810 secs] [Times: user=0.26 sys=0.00, real=0.03 secs]
2014-07-28T05:35:00.913+0000: 1341.890: [GC2014-07-28T05:35:00.914+0000: 1341.890: [ParNew: 92160K->10240K(92160K), 0.0427020 secs] 2527151K->2452568K(20961280K), 0.0428220 secs] [Times: user=0.33 sys=0.00, real=0.05 secs]
2014-07-28T05:35:01.258+0000: 1342.234: [GC2014-07-28T05:35:01.258+0000: 1342.234: [ParNew: 92160K->10240K(92160K), 0.0383140 secs] 2534488K->2460944K(20961280K), 0.0384380 secs] [Times: user=0.29 sys=0.00, real=0.04 secs]
2014-07-28T05:35:01.574+0000: 1342.550: [GC2014-07-28T05:35:01.574+0000: 1342.550: [ParNew: 92160K->10240K(92160K), 0.0320030 secs] 2542864K->2465534K(20961280K), 0.0321230 secs] [Times: user=0.24 sys=0.00, real=0.04 secs]
2014-07-28T05:35:02.246+0000: 1343.222: [GC2014-07-28T05:35:02.246+0000: 1343.222: [ParNew: 92160K->10239K(92160K), 0.0360070 secs] 2547454K->2471615K(20961280K), 0.0361470 secs] [Times: user=0.27 sys=0.01, real=0.04 secs]
2014-07-28T05:35:02.682+0000: 1343.658: [GC2014-07-28T05:35:02.682+0000: 1343.658: [ParNew: 92159K->10240K(92160K), 0.0331100 secs] 2553535K->2476794K(20961280K), 0.0332380 secs] [Times: user=0.25 sys=0.00, real=0.03 secs]
2014-07-28T05:35:03.283+0000: 1344.259: [GC2014-07-28T05:35:03.283+0000: 1344.259: [ParNew: 92160K->9576K(92160K), 0.0427760 secs] 2558714K->2481585K(20961280K), 0.0428850 secs] [Times: user=0.27 sys=0.00, real=0.04 secs]
2014-07-28T05:35:03.753+0000: 1344.729: [GC2014-07-28T05:35:03.753+0000: 1344.729: [ParNew: 91496K->10240K(92160K), 0.0353180 secs] 2563505K->2487992K(20961280K), 0.0354400 secs] [Times: user=0.27 sys=0.00, real=0.04 secs]
2014-07-28T05:35:03.897+0000: 1344.873: [GC2014-07-28T05:35:03.897+0000: 1344.873: [ParNew: 92160K->10240K(92160K), 0.0400890 secs] 2569912K->2496225K(20961280K), 0.0402100 secs] [Times: user=0.30 sys=0.00, real=0.04 secs]
2014-07-28T05:35:04.120+0000: 1345.096: [GC2014-07-28T05:35:04.120+0000: 1345.096: [ParNew: 92160K->10240K(92160K), 0.0413310 secs] 2578145K->2503224K(20961280K), 0.0414510 secs] [Times: user=0.31 sys=0.01, real=0.04 secs]
2014-07-28T05:35:04.494+0000: 1345.470: [GC2014-07-28T05:35:04.494+0000: 1345.470: [ParNew: 92160K->10240K(92160K), 0.0341810 secs] 2585144K->2509669K(20961280K), 0.0343020 secs] [Times: user=0.25 sys=0.00, real=0.04 secs]
2014-07-28T05:35:04.856+0000: 1345.832: [GC2014-07-28T05:35:04.856+0000: 1345.832: [ParNew: 92160K->10240K(92160K), 0.0359960 secs] 2591589K->2515646K(20961280K), 0.0361140 secs] [Times: user=0.27 sys=0.00, real=0.03 secs]
2014-07-28T05:35:05.199+0000: 1346.175: [GC2014-07-28T05:35:05.199+0000: 1346.175: [ParNew: 92160K->10240K(92160K), 0.0418830 secs] 2597566K->2523376K(20961280K), 0.0420110 secs] [Times: user=0.30 sys=0.02, real=0.04 secs]
2014-07-28T05:35:05.512+0000: 1346.489: [GC2014-07-28T05:35:05.513+0000: 1346.489: [ParNew: 92160K->10240K(92160K), 0.0339830 secs] 2605296K->2529637K(20961280K), 0.0341140 secs] [Times: user=0.25 sys=0.00, real=0.04 secs]
2014-07-28T05:35:05.839+0000: 1346.815: [GC2014-07-28T05:35:05.839+0000: 1346.815: [ParNew: 92160K->10240K(92160K), 0.0403440 secs] 2611557K->2534766K(20961280K), 0.0404920 secs] [Times: user=0.31 sys=0.00, real=0.04 secs]
2014-07-28T05:35:06.332+0000: 1347.308: [GC2014-07-28T05:35:06.332+0000: 1347.308: [ParNew: 92148K->10240K(92160K), 0.0351760 secs] 2616674K->2540685K(20961280K), 0.0352980 secs] [Times: user=0.27 sys=0.00, real=0.04 secs]
2014-07-28T05:35:06.772+0000: 1347.748: [GC2014-07-28T05:35:06.772+0000: 1347.748: [ParNew: 92160K->10240K(92160K), 0.0338480 secs] 2622605K->2546369K(20961280K), 0.0339660 secs] [Times: user=0.25 sys=0.00, real=0.04 secs]
2014-07-28T05:35:07.188+0000: 1348.164: [GC2014-07-28T05:35:07.188+0000: 1348.164: [ParNew: 92160K->10240K(92160K), 0.0430690 secs] 2628289K->2553408K(20961280K), 0.0431940 secs] [Times: user=0.32 sys=0.00, real=0.04 secs]
2014-07-28T05:35:07.407+0000: 1348.383: [GC2014-07-28T05:35:07.407+0000: 1348.383: [ParNew: 92160K->10240K(92160K), 0.0489100 secs] 2635328K->2560229K(20961280K), 0.0490350 secs] [Times: user=0.28 sys=0.01, real=0.05 secs]
2014-07-28T05:35:07.764+0000: 1348.740: [GC2014-07-28T05:35:07.764+0000: 1348.740: [ParNew: 92160K->10240K(92160K), 0.0360240 secs] 2642149K->2565591K(20961280K), 0.0361350 secs] [Times: user=0.27 sys=0.00, real=0.03 secs]
2014-07-28T05:35:08.426+0000: 1349.402: [GC2014-07-28T05:35:08.426+0000: 1349.402: [ParNew: 92160K->10240K(92160K), 0.0384870 secs] 2647511K->2572488K(20961280K), 0.0386240 secs] [Times: user=0.27 sys=0.02, real=0.04 secs]
2014-07-28T05:35:08.562+0000: 1349.538: [GC2014-07-28T05:35:08.562+0000: 1349.538: [ParNew: 92160K->10240K(92160K), 0.0377940 secs] 2654408K->2577884K(20961280K), 0.0379150 secs] [Times: user=0.28 sys=0.00, real=0.04 secs]
2014-07-28T05:35:09.089+0000: 1350.066: [GC2014-07-28T05:35:09.090+0000: 1350.066: [ParNew: 92160K->10240K(92160K), 0.0361600 secs] 2659804K->2585033K(20961280K), 0.0362860 secs] [Times: user=0.27 sys=0.00, real=0.04 secs]
2014-07-28T05:35:09.300+0000: 1350.276: [GC2014-07-28T05:35:09.300+0000: 1350.276: [ParNew: 92160K->10240K(92160K), 0.0339050 secs] 2666953K->2590298K(20961280K), 0.0340280 secs] [Times: user=0.26 sys=0.00, real=0.03 secs]
2014-07-28T05:35:09.838+0000: 1350.814: [GC2014-07-28T05:35:09.838+0000: 1350.814: [ParNew: 92160K->10240K(92160K), 0.0362970 secs] 2672218K->2596208K(20961280K), 0.0364200 secs] [Times: user=0.26 sys=0.01, real=0.04 secs]
2014-07-28T05:35:10.034+0000: 1351.010: [GC2014-07-28T05:35:10.034+0000: 1351.010: [ParNew: 92160K->10240K(92160K), 0.0340470 secs] 2678128K->2602302K(20961280K), 0.0341710 secs] [Times: user=0.25 sys=0.00, real=0.03 secs]
2014-07-28T05:35:10.562+0000: 1351.538: [GC2014-07-28T05:35:10.562+0000: 1351.538: [ParNew: 92160K->10240K(92160K), 0.0312360 secs] 2684222K->2607839K(20961280K), 0.0313580 secs] [Times: user=0.23 sys=0.00, real=0.02 secs]
2014-07-28T05:35:11.015+0000: 1351.991: [GC2014-07-28T05:35:11.015+0000: 1351.991: [ParNew: 92160K->10240K(92160K), 0.0398670 secs] 2689759K->2614680K(20961280K), 0.0399940 secs] [Times: user=0.29 sys=0.01, real=0.04 secs]
2014-07-28T05:35:11.363+0000: 1352.339: [GC2014-07-28T05:35:11.363+0000: 1352.339: [ParNew: 92147K->10240K(92160K), 0.0366720 secs] 2696587K->2621252K(20961280K), 0.0367910 secs] [Times: user=0.28 sys=0.00, real=0.03 secs]
2014-07-28T05:35:11.653+0000: 1352.629: [GC2014-07-28T05:35:11.653+0000: 1352.629: [ParNew: 92160K->10240K(92160K), 0.0360490 secs] 2703172K->2626985K(20961280K), 0.0361680 secs] [Times: user=0.28 sys=0.00, real=0.04 secs]
2014-07-28T05:35:12.329+0000: 1353.305: [GC2014-07-28T05:35:12.329+0000: 1353.305: [ParNew: 92160K->10240K(92160K), 0.0335690 secs] 2708905K->2632091K(20961280K), 0.0336930 secs] [Times: user=0.26 sys=0.00, real=0.04 secs]
2014-07-28T05:35:12.764+0000: 1353.740: [GC2014-07-28T05:35:12.764+0000: 1353.740: [ParNew: 92160K->9974K(92160K), 0.0389630 secs] 2714011K->2637235K(20961280K), 0.0391070 secs] [Times: user=0.29 sys=0.01, real=0.04 secs]
2014-07-28T05:35:13.353+0000: 1354.329: [GC2014-07-28T05:35:13.353+0000: 1354.329: [ParNew: 91894K->9709K(92160K), 0.0347020 secs] 2719155K->2642468K(20961280K), 0.0348260 secs] [Times: user=0.27 sys=0.00, real=0.04 secs]
2014-07-28T05:35:13.823+0000: 1354.799: [GC2014-07-28T05:35:13.823+0000: 1354.799: [ParNew: 91629K->10240K(92160K), 0.0345470 secs] 2724388K->2648444K(20961280K), 0.0346690 secs] [Times: user=0.26 sys=0.00, real=0.03 secs]
2014-07-28T05:35:14.008+0000: 1354.984: [GC2014-07-28T05:35:14.008+0000: 1354.984: [ParNew: 92160K->10240K(92160K), 0.0434840 secs] 2730364K->2657059K(20961280K), 0.0436060 secs] [Times: user=0.32 sys=0.01, real=0.04 secs]
2014-07-28T05:35:14.230+0000: 1355.206: [GC2014-07-28T05:35:14.230+0000: 1355.206: [ParNew: 92160K->10240K(92160K), 0.0359610 secs] 2738979K->2663504K(20961280K), 0.0360760 secs] [Times: user=0.28 sys=0.00, real=0.04 secs]
2014-07-28T05:35:14.600+0000: 1355.576: [GC2014-07-28T05:35:14.600+0000: 1355.576: [ParNew: 92160K->10240K(92160K), 0.0385420 secs] 2745424K->2669700K(20961280K), 0.0386610 secs] [Times: user=0.29 sys=0.00, real=0.04 secs]
2014-07-28T05:35:14.942+0000: 1355.918: [GC2014-07-28T05:35:14.942+0000: 1355.918: [ParNew: 92160K->10240K(92160K), 0.0438070 secs] 2751620K->2676217K(20961280K), 0.0439450 secs] [Times: user=0.26 sys=0.00, real=0.04 secs]
2014-07-28T05:35:15.296+0000: 1356.272: [GC2014-07-28T05:35:15.296+0000: 1356.272: [ParNew: 92160K->10240K(92160K), 0.0342470 secs] 2758137K->2681973K(20961280K), 0.0343780 secs] [Times: user=0.25 sys=0.00, real=0.03 secs]
2014-07-28T05:35:15.602+0000: 1356.578: [GC2014-07-28T05:35:15.602+0000: 1356.578: [ParNew: 92160K->10240K(92160K), 0.0374000 secs] 2763893K->2689200K(20961280K), 0.0375280 secs] [Times: user=0.28 sys=0.00, real=0.03 secs]
2014-07-28T05:35:15.923+0000: 1356.899: [GC2014-07-28T05:35:15.923+0000: 1356.899: [ParNew: 92160K->10240K(92160K), 0.0379570 secs] 2771120K->2694800K(20961280K), 0.0380810 secs] [Times: user=0.28 sys=0.00, real=0.03 secs]
2014-07-28T05:35:16.405+0000: 1357.381: [GC2014-07-28T05:35:16.405+0000: 1357.381: [ParNew: 92153K->10240K(92160K), 0.0342430 secs] 2776713K->2700039K(20961280K), 0.0343630 secs] [Times: user=0.26 sys=0.01, real=0.03 secs]
2014-07-28T05:35:16.843+0000: 1357.819: [GC2014-07-28T05:35:16.843+0000: 1357.819: [ParNew: 92160K->10240K(92160K), 0.0381040 secs] 2781959K->2707054K(20961280K), 0.0382260 secs] [Times: user=0.28 sys=0.01, real=0.03 secs]
2014-07-28T05:35:17.304+0000: 1358.280: [GC2014-07-28T05:35:17.304+0000: 1358.280: [ParNew: 92160K->10240K(92160K), 0.0399530 secs] 2788974K->2713923K(20961280K), 0.0400640 secs] [Times: user=0.30 sys=0.00, real=0.04 secs]
2014-07-28T05:35:17.512+0000: 1358.488: [GC2014-07-28T05:35:17.512+0000: 1358.488: [ParNew: 92160K->10240K(92160K), 0.0433460 secs] 2795843K->2719591K(20961280K), 0.0562480 secs] [Times: user=0.31 sys=0.00, real=0.06 secs]
2014-07-28T05:35:17.843+0000: 1358.819: [GC2014-07-28T05:35:17.843+0000: 1358.819: [ParNew: 92160K->10240K(92160K), 0.0446980 secs] 2801511K->2725466K(20961280K), 0.0448110 secs] [Times: user=0.27 sys=0.01, real=0.04 secs]
2014-07-28T05:35:18.529+0000: 1359.505: [GC2014-07-28T05:35:18.529+0000: 1359.505: [ParNew: 92160K->10240K(92160K), 0.0617500 secs] 2807386K->2733510K(20961280K), 0.0618670 secs] [Times: user=0.37 sys=0.00, real=0.06 secs]
2014-07-28T05:35:18.672+0000: 1359.648: [GC2014-07-28T05:35:18.672+0000: 1359.648: [ParNew: 92160K->10240K(92160K), 0.0408510 secs] 2815430K->2741619K(20961280K), 0.0409700 secs] [Times: user=0.29 sys=0.00, real=0.04 secs]
2014-07-28T05:35:19.203+0000: 1360.179: [GC2014-07-28T05:35:19.203+0000: 1360.179: [ParNew: 92160K->10240K(92160K), 0.0457420 secs] 2823539K->2747533K(20961280K), 0.0458460 secs] [Times: user=0.30 sys=0.00, real=0.04 secs]
2014-07-28T05:35:19.368+0000: 1360.344: [GC2014-07-28T05:35:19.368+0000: 1360.345: [ParNew: 92160K->10240K(92160K), 0.0450290 secs] 2829453K->2752909K(20961280K), 0.0451320 secs] [Times: user=0.31 sys=0.02, real=0.04 secs]
2014-07-28T05:35:19.926+0000: 1360.902: [GC2014-07-28T05:35:19.926+0000: 1360.902: [ParNew: 92160K->10240K(92160K), 0.0742240 secs] 2834829K->2759329K(20961280K), 0.0743320 secs] [Times: user=0.49 sys=0.02, real=0.07 secs]
2014-07-28T05:35:20.122+0000: 1361.098: [GC2014-07-28T05:35:20.122+0000: 1361.098: [ParNew: 92160K->10240K(92160K), 0.0406890 secs] 2841249K->2765387K(20961280K), 0.0407890 secs] [Times: user=0.28 sys=0.01, real=0.04 secs]
2014-07-28T05:35:20.631+0000: 1361.607: [GC2014-07-28T05:35:20.631+0000: 1361.607: [ParNew: 92160K->10240K(92160K), 0.0430820 secs] 2847307K->2771162K(20961280K), 0.0431900 secs] [Times: user=0.31 sys=0.02, real=0.05 secs]
2014-07-28T05:35:21.111+0000: 1362.087: [GC2014-07-28T05:35:21.111+0000: 1362.087: [ParNew: 92160K->10240K(92160K), 0.0480420 secs] 2853082K->2777612K(20961280K), 0.0481470 secs] [Times: user=0.34 sys=0.00, real=0.05 secs]
2014-07-28T05:35:21.464+0000: 1362.440: [GC2014-07-28T05:35:21.464+0000: 1362.440: [ParNew: 92160K->10240K(92160K), 0.0452820 secs] 2859532K->2785353K(20961280K), 0.0453960 secs] [Times: user=0.31 sys=0.01, real=0.04 secs]
2014-07-28T05:35:21.724+0000: 1362.700: [GC2014-07-28T05:35:21.724+0000: 1362.700: [ParNew: 92160K->10240K(92160K), 0.0433420 secs] 2867273K->2790205K(20961280K), 0.0434430 secs] [Times: user=0.32 sys=0.00, real=0.04 secs]
2014-07-28T05:35:22.403+0000: 1363.379: [GC2014-07-28T05:35:22.403+0000: 1363.379: [ParNew: 92160K->10240K(92160K), 0.0333820 secs] 2872125K->2795866K(20961280K), 0.0335050 secs] [Times: user=0.25 sys=0.00, real=0.03 secs]
2014-07-28T05:35:22.835+0000: 1363.811: [GC2014-07-28T05:35:22.835+0000: 1363.811: [ParNew: 92160K->10240K(92160K), 0.0352860 secs] 2877786K->2801349K(20961280K), 0.0354130 secs] [Times: user=0.27 sys=0.00, real=0.03 secs]
2014-07-28T05:35:23.403+0000: 1364.379: [GC2014-07-28T05:35:23.403+0000: 1364.379: [ParNew: 92160K->9395K(92160K), 0.0341100 secs] 2883269K->2806026K(20961280K), 0.0342320 secs] [Times: user=0.25 sys=0.01, real=0.03 secs]
2014-07-28T05:35:23.893+0000: 1364.869: [GC2014-07-28T05:35:23.893+0000: 1364.869: [ParNew: 91315K->10240K(92160K), 0.0329370 secs] 2887946K->2812347K(20961280K), 0.0330580 secs] [Times: user=0.25 sys=0.00, real=0.03 secs]
2014-07-28T05:35:24.124+0000: 1365.100: [GC2014-07-28T05:35:24.124+0000: 1365.100: [ParNew: 92160K->10238K(92160K), 0.0444200 secs] 2894267K->2820619K(20961280K), 0.0445470 secs] [Times: user=0.34 sys=0.00, real=0.04 secs]
2014-07-28T05:35:24.323+0000: 1365.299: [GC2014-07-28T05:35:24.323+0000: 1365.299: [ParNew: 92158K->10240K(92160K), 0.0415420 secs] 2902539K->2827671K(20961280K), 0.0416830 secs] [Times: user=0.30 sys=0.01, real=0.04 secs]
2014-07-28T05:35:24.692+0000: 1365.668: [GC2014-07-28T05:35:24.692+0000: 1365.668: [ParNew: 92160K->10240K(92160K), 0.0360200 secs] 2909591K->2834195K(20961280K), 0.0361390 secs] [Times: user=0.27 sys=0.00, real=0.03 secs]
2014-07-28T05:35:25.035+0000: 1366.011: [GC2014-07-28T05:35:25.035+0000: 1366.011: [ParNew: 92160K->10240K(92160K), 0.0329780 secs] 2916115K->2839735K(20961280K), 0.0331110 secs] [Times: user=0.25 sys=0.00, real=0.03 secs]
2014-07-28T05:35:25.393+0000: 1366.369: [GC2014-07-28T05:35:25.393+0000: 1366.369: [ParNew: 92160K->10240K(92160K), 0.0409300 secs] 2921655K->2847563K(20961280K), 0.0410470 secs] [Times: user=0.32 sys=0.00, real=0.04 secs]
2014-07-28T05:35:25.693+0000: 1366.669: [GC2014-07-28T05:35:25.693+0000: 1366.669: [ParNew: 92160K->10240K(92160K), 0.0347500 secs] 2929483K->2852902K(20961280K), 0.0349090 secs] [Times: user=0.23 sys=0.02, real=0.03 secs]
2014-07-28T05:35:25.998+0000: 1366.974: [GC2014-07-28T05:35:25.998+0000: 1366.974: [ParNew: 92160K->10240K(92160K), 0.0348430 secs] 2934822K->2858599K(20961280K), 0.0349650 secs] [Times: user=0.26 sys=0.01, real=0.04 secs]
2014-07-28T05:35:26.475+0000: 1367.451: [GC2014-07-28T05:35:26.475+0000: 1367.451: [ParNew: 92160K->10240K(92160K), 0.0349040 secs] 2940519K->2864279K(20961280K), 0.0350320 secs] [Times: user=0.26 sys=0.01, real=0.04 secs]
2014-07-28T05:35:26.923+0000: 1367.899: [GC2014-07-28T05:35:26.923+0000: 1367.899: [ParNew: 92153K->10240K(92160K), 0.0362110 secs] 2946192K->2870272K(20961280K), 0.0363270 secs] [Times: user=0.26 sys=0.00, real=0.03 secs]
2014-07-28T05:35:27.405+0000: 1368.381: [GC2014-07-28T05:35:27.405+0000: 1368.381: [ParNew: 92160K->10240K(92160K), 0.0394900 secs] 2952192K->2877076K(20961280K), 0.0396210 secs] [Times: user=0.29 sys=0.01, real=0.04 secs]
2014-07-28T05:35:27.605+0000: 1368.581: [GC2014-07-28T05:35:27.605+0000: 1368.581: [ParNew: 92160K->10240K(92160K), 0.0325680 secs] 2958996K->2882605K(20961280K), 0.0326960 secs] [Times: user=0.23 sys=0.01, real=0.03 secs]
2014-07-28T05:35:27.922+0000: 1368.898: [GC2014-07-28T05:35:27.922+0000: 1368.898: [ParNew: 92160K->10240K(92160K), 0.0373750 secs] 2964525K->2888368K(20961280K), 0.0374980 secs] [Times: user=0.27 sys=0.01, real=0.03 secs]
2014-07-28T05:35:28.674+0000: 1369.650: [GC2014-07-28T05:35:28.674+0000: 1369.650: [ParNew: 92155K->10240K(92160K), 0.0353510 secs] 2970284K->2893824K(20961280K), 0.0354750 secs] [Times: user=0.27 sys=0.01, real=0.03 secs]
2014-07-28T05:35:28.781+0000: 1369.757: [GC2014-07-28T05:35:28.781+0000: 1369.757: [ParNew: 92160K->10240K(92160K), 0.0355410 secs] 2975744K->2902249K(20961280K), 0.0356640 secs] [Times: user=0.26 sys=0.00, real=0.04 secs]
2014-07-28T05:35:29.298+0000: 1370.274: [GC2014-07-28T05:35:29.298+0000: 1370.274: [ParNew: 92150K->10240K(92160K), 0.0351900 secs] 2984159K->2908460K(20961280K), 0.0353130 secs] [Times: user=0.26 sys=0.00, real=0.04 secs]
2014-07-28T05:35:29.451+0000: 1370.427: [GC2014-07-28T05:35:29.451+0000: 1370.427: [ParNew: 92160K->10240K(92160K), 0.0303900 secs] 2990380K->2913495K(20961280K), 0.0305150 secs] [Times: user=0.23 sys=0.00, real=0.02 secs]
2014-07-28T05:35:30.055+0000: 1371.031: [GC2014-07-28T05:35:30.055+0000: 1371.032: [ParNew: 92160K->10240K(92160K), 0.0364770 secs] 2995415K->2920150K(20961280K), 0.0366040 secs] [Times: user=0.28 sys=0.01, real=0.04 secs]
2014-07-28T05:35:30.203+0000: 1371.180: [GC2014-07-28T05:35:30.204+0000: 1371.180: [ParNew: 92160K->10240K(92160K), 0.0355090 secs] 3002070K->2925627K(20961280K), 0.0356260 secs] [Times: user=0.27 sys=0.01, real=0.03 secs]
2014-07-28T05:35:30.714+0000: 1371.690: [GC2014-07-28T05:35:30.714+0000: 1371.690: [ParNew: 92148K->10240K(92160K), 0.0649980 secs] 3007535K->2931334K(20961280K), 0.0651290 secs] [Times: user=0.26 sys=0.00, real=0.06 secs]
2014-07-28T05:35:31.209+0000: 1372.185: [GC2014-07-28T05:35:31.209+0000: 1372.185: [ParNew: 92160K->10240K(92160K), 0.0361840 secs] 3013254K->2937974K(20961280K), 0.0363060 secs] [Times: user=0.27 sys=0.01, real=0.04 secs]
2014-07-28T05:35:31.575+0000: 1372.551: [GC2014-07-28T05:35:31.575+0000: 1372.551: [ParNew: 92160K->10240K(92160K), 0.0394970 secs] 3019894K->2944663K(20961280K), 0.0396160 secs] [Times: user=0.28 sys=0.01, real=0.04 secs]
2014-07-28T05:35:31.795+0000: 1372.771: [GC2014-07-28T05:35:31.795+0000: 1372.771: [ParNew: 92160K->10240K(92160K), 0.0376090 secs] 3026583K->2950136K(20961280K), 0.0377360 secs] [Times: user=0.29 sys=0.00, real=0.04 secs]
2014-07-28T05:35:32.474+0000: 1373.450: [GC2014-07-28T05:35:32.474+0000: 1373.450: [ParNew: 92160K->10240K(92160K), 0.0344680 secs] 3032056K->2955188K(20961280K), 0.0345900 secs] [Times: user=0.26 sys=0.00, real=0.03 secs]
2014-07-28T05:35:32.905+0000: 1373.881: [GC2014-07-28T05:35:32.905+0000: 1373.881: [ParNew: 92160K->10081K(92160K), 0.0335340 secs] 3037108K->2960556K(20961280K), 0.0336580 secs] [Times: user=0.25 sys=0.01, real=0.03 secs]
2014-07-28T05:35:33.371+0000: 1374.347: [GC2014-07-28T05:35:33.371+0000: 1374.347: [ParNew: 92001K->9550K(92160K), 0.0336990 secs] 3042476K->2965535K(20961280K), 0.0338160 secs] [Times: user=0.26 sys=0.00, real=0.03 secs]
2014-07-28T05:35:33.953+0000: 1374.929: [GC2014-07-28T05:35:33.953+0000: 1374.929: [ParNew: 91470K->8955K(92160K), 0.0391500 secs] 3047455K->2970275K(20961280K), 0.0392510 secs] [Times: user=0.30 sys=0.00, real=0.04 secs]
2014-07-28T05:35:34.237+0000: 1375.214: [GC2014-07-28T05:35:34.238+0000: 1375.214: [ParNew: 90875K->10240K(92160K), 0.0430940 secs] 3052195K->2979358K(20961280K), 0.0431980 secs] [Times: user=0.30 sys=0.00, real=0.04 secs]
2014-07-28T05:35:34.423+0000: 1375.399: [GC2014-07-28T05:35:34.423+0000: 1375.399: [ParNew: 92160K->10240K(92160K), 0.0453010 secs] 3061278K->2987471K(20961280K), 0.0454020 secs] [Times: user=0.32 sys=0.01, real=0.04 secs]
2014-07-28T05:35:34.785+0000: 1375.761: [GC2014-07-28T05:35:34.785+0000: 1375.761: [ParNew: 92160K->10240K(92160K), 0.0465660 secs] 3069391K->2993799K(20961280K), 0.0466720 secs] [Times: user=0.28 sys=0.01, real=0.05 secs]
2014-07-28T05:35:35.135+0000: 1376.111: [GC2014-07-28T05:35:35.135+0000: 1376.111: [ParNew: 92160K->10240K(92160K), 0.0419410 secs] 3075719K->2999091K(20961280K), 0.0420450 secs] [Times: user=0.30 sys=0.00, real=0.04 secs]
2014-07-28T05:35:35.485+0000: 1376.461: [GC2014-07-28T05:35:35.485+0000: 1376.462: [ParNew: 92160K->10240K(92160K), 0.0598520 secs] 3081011K->3006597K(20961280K), 0.0599730 secs] [Times: user=0.35 sys=0.01, real=0.06 secs]
2014-07-28T05:35:35.783+0000: 1376.759: [GC2014-07-28T05:35:35.783+0000: 1376.759: [ParNew: 92160K->10240K(92160K), 0.0769510 secs] 3088517K->3012405K(20961280K), 0.0770570 secs] [Times: user=0.35 sys=0.00, real=0.07 secs]
2014-07-28T05:35:36.073+0000: 1377.049: [GC2014-07-28T05:35:36.073+0000: 1377.049: [ParNew: 92160K->10240K(92160K), 0.0464280 secs] 3094325K->3017539K(20961280K), 0.0465470 secs] [Times: user=0.30 sys=0.01, real=0.04 secs]
2014-07-28T05:35:36.544+0000: 1377.520: [GC2014-07-28T05:35:36.544+0000: 1377.520: [ParNew: 92160K->10240K(92160K), 0.0370720 secs] 3099459K->3023053K(20961280K), 0.0371800 secs] [Times: user=0.27 sys=0.00, real=0.03 secs]
2014-07-28T05:35:36.997+0000: 1377.973: [GC2014-07-28T05:35:36.997+0000: 1377.973: [ParNew: 92160K->10240K(92160K), 0.0425780 secs] 3104973K->3028807K(20961280K), 0.0426980 secs] [Times: user=0.29 sys=0.00, real=0.04 secs]
2014-07-28T05:35:37.500+0000: 1378.476: [GC2014-07-28T05:35:37.500+0000: 1378.476: [ParNew: 92160K->10240K(92160K), 0.0399320 secs] 3110727K->3035641K(20961280K), 0.0400580 secs] [Times: user=0.31 sys=0.00, real=0.04 secs]
2014-07-28T05:35:37.683+0000: 1378.659: [GC2014-07-28T05:35:37.683+0000: 1378.659: [ParNew: 92160K->10240K(92160K), 0.0318830 secs] 3117561K->3040817K(20961280K), 0.0320040 secs] [Times: user=0.24 sys=0.00, real=0.03 secs]
2014-07-28T05:35:37.999+0000: 1378.975: [GC2014-07-28T05:35:37.999+0000: 1378.975: [ParNew: 92160K->10240K(92160K), 0.0322530 secs] 3122737K->3046420K(20961280K), 0.0323820 secs] [Times: user=0.24 sys=0.01, real=0.04 secs]
2014-07-28T05:35:38.745+0000: 1379.721: [GC2014-07-28T05:35:38.745+0000: 1379.721: [ParNew: 92160K->10240K(92160K), 0.0326150 secs] 3128340K->3052350K(20961280K), 0.0327530 secs] [Times: user=0.24 sys=0.01, real=0.03 secs]
2014-07-28T05:35:38.890+0000: 1379.866: [GC2014-07-28T05:35:38.890+0000: 1379.866: [ParNew: 92160K->10240K(92160K), 0.0430330 secs] 3134270K->3061816K(20961280K), 0.0431660 secs] [Times: user=0.33 sys=0.00, real=0.04 secs]
2014-07-28T05:35:39.388+0000: 1380.364: [GC2014-07-28T05:35:39.388+0000: 1380.364: [ParNew: 92160K->10240K(92160K), 0.0342030 secs] 3143736K->3067776K(20961280K), 0.0343290 secs] [Times: user=0.26 sys=0.00, real=0.04 secs]
2014-07-28T05:35:39.519+0000: 1380.496: [GC2014-07-28T05:35:39.520+0000: 1380.496: [ParNew: 92160K->10240K(92160K), 0.0364730 secs] 3149696K->3073076K(20961280K), 0.0365930 secs] [Times: user=0.28 sys=0.00, real=0.04 secs]
2014-07-28T05:35:40.144+0000: 1381.120: [GC2014-07-28T05:35:40.144+0000: 1381.120: [ParNew: 92160K->10240K(92160K), 0.0361330 secs] 3154996K->3079476K(20961280K), 0.0362570 secs] [Times: user=0.27 sys=0.01, real=0.03 secs]
2014-07-28T05:35:40.284+0000: 1381.260: [GC2014-07-28T05:35:40.284+0000: 1381.260: [ParNew: 92160K->10240K(92160K), 0.0325000 secs] 3161396K->3084939K(20961280K), 0.0326230 secs] [Times: user=0.25 sys=0.00, real=0.03 secs]
2014-07-28T05:35:40.807+0000: 1381.783: [GC2014-07-28T05:35:40.807+0000: 1381.783: [ParNew: 92160K->10240K(92160K), 0.0379590 secs] 3166859K->3090559K(20961280K), 0.0380820 secs] [Times: user=0.29 sys=0.00, real=0.04 secs]
2014-07-28T05:35:41.300+0000: 1382.276: [GC2014-07-28T05:35:41.300+0000: 1382.276: [ParNew: 92160K->10240K(92160K), 0.0407020 secs] 3172479K->3097452K(20961280K), 0.0408690 secs] [Times: user=0.30 sys=0.00, real=0.04 secs]
2014-07-28T05:35:41.680+0000: 1382.657: [GC2014-07-28T05:35:41.681+0000: 1382.657: [ParNew: 92160K->10240K(92160K), 0.0439980 secs] 3179372K->3104983K(20961280K), 0.0441180 secs] [Times: user=0.33 sys=0.00, real=0.05 secs]
2014-07-28T05:35:41.864+0000: 1382.840: [GC2014-07-28T05:35:41.864+0000: 1382.840: [ParNew: 92147K->9810K(92160K), 0.0648740 secs] 3186890K->3109250K(20961280K), 0.0649830 secs] [Times: user=0.30 sys=0.01, real=0.06 secs]
2014-07-28T05:35:42.542+0000: 1383.518: [GC2014-07-28T05:35:42.542+0000: 1383.518: [ParNew: 91730K->9280K(92160K), 0.0348010 secs] 3191170K->3114290K(20961280K), 0.0349230 secs] [Times: user=0.26 sys=0.00, real=0.03 secs]
2014-07-28T05:35:42.972+0000: 1383.948: [GC2014-07-28T05:35:42.972+0000: 1383.948: [ParNew: 91200K->10240K(92160K), 0.0357830 secs] 3196210K->3120827K(20961280K), 0.0359060 secs] [Times: user=0.27 sys=0.00, real=0.03 secs]
2014-07-28T05:35:43.402+0000: 1384.378: [GC2014-07-28T05:35:43.402+0000: 1384.378: [ParNew: 92160K->10240K(92160K), 0.0343090 secs] 3202747K->3126303K(20961280K), 0.0344240 secs] [Times: user=0.26 sys=0.01, real=0.03 secs]
2014-07-28T05:35:44.025+0000: 1385.001: [GC2014-07-28T05:35:44.025+0000: 1385.001: [ParNew: 92158K->8955K(92160K), 0.0373140 secs] 3208221K->3130423K(20961280K), 0.0374360 secs] [Times: user=0.28 sys=0.01, real=0.04 secs]
2014-07-28T05:35:44.353+0000: 1385.329: [GC2014-07-28T05:35:44.353+0000: 1385.329: [ParNew: 90875K->10240K(92160K), 0.0403500 secs] 3212343K->3139170K(20961280K), 0.0404700 secs] [Times: user=0.30 sys=0.01, real=0.04 secs]
2014-07-28T05:35:44.524+0000: 1385.500: [GC2014-07-28T05:35:44.524+0000: 1385.500: [ParNew: 92160K->10240K(92160K), 0.0376210 secs] 3221090K->3146141K(20961280K), 0.0377460 secs] [Times: user=0.27 sys=0.00, real=0.03 secs]
2014-07-28T05:35:44.892+0000: 1385.868: [GC2014-07-28T05:35:44.892+0000: 1385.868: [ParNew: 92160K->10240K(92160K), 0.0437330 secs] 3228061K->3152565K(20961280K), 0.0438510 secs] [Times: user=0.32 sys=0.01, real=0.04 secs]
2014-07-28T05:35:45.215+0000: 1386.191: [GC2014-07-28T05:35:45.215+0000: 1386.191: [ParNew: 92160K->10240K(92160K), 0.0366070 secs] 3234485K->3157983K(20961280K), 0.0367270 secs] [Times: user=0.28 sys=0.00, real=0.04 secs]
2014-07-28T05:35:45.606+0000: 1386.582: [GC2014-07-28T05:35:45.606+0000: 1386.582: [ParNew: 92160K->10240K(92160K), 0.0394820 secs] 3239903K->3163207K(20961280K), 0.0396080 secs] [Times: user=0.29 sys=0.00, real=0.04 secs]
2014-07-28T05:35:45.895+0000: 1386.871: [GC2014-07-28T05:35:45.895+0000: 1386.871: [ParNew: 92160K->10240K(92160K), 0.0366640 secs] 3245127K->3169939K(20961280K), 0.0367830 secs] [Times: user=0.29 sys=0.00, real=0.04 secs]
2014-07-28T05:35:46.146+0000: 1387.122: [GC2014-07-28T05:35:46.146+0000: 1387.122: [ParNew: 92146K->10195K(92160K), 0.0316270 secs] 3251846K->3174893K(20961280K), 0.0317450 secs] [Times: user=0.22 sys=0.01, real=0.03 secs]
2014-07-28T05:35:46.614+0000: 1387.590: [GC2014-07-28T05:35:46.614+0000: 1387.590: [ParNew: 92115K->10240K(92160K), 0.0345690 secs] 3256813K->3180520K(20961280K), 0.0346860 secs] [Times: user=0.27 sys=0.00, real=0.03 secs]
2014-07-28T05:35:47.076+0000: 1388.052: [GC2014-07-28T05:35:47.076+0000: 1388.052: [ParNew: 92160K->10240K(92160K), 0.0354770 secs] 3262440K->3185973K(20961280K), 0.0356060 secs] [Times: user=0.27 sys=0.01, real=0.04 secs]
2014-07-28T05:35:47.595+0000: 1388.572: [GC2014-07-28T05:35:47.596+0000: 1388.572: [ParNew: 92160K->10240K(92160K), 0.0414120 secs] 3267893K->3192190K(20961280K), 0.0415220 secs] [Times: user=0.30 sys=0.00, real=0.04 secs]
2014-07-28T05:35:47.753+0000: 1388.730: [GC2014-07-28T05:35:47.754+0000: 1388.730: [ParNew: 92160K->10240K(92160K), 0.0411360 secs] 3274110K->3197749K(20961280K), 0.0412600 secs] [Times: user=0.31 sys=0.00, real=0.04 secs]
2014-07-28T05:35:48.059+0000: 1389.035: [GC2014-07-28T05:35:48.059+0000: 1389.035: [ParNew: 92160K->10240K(92160K), 0.0342880 secs] 3279669K->3203165K(20961280K), 0.0344270 secs] [Times: user=0.26 sys=0.00, real=0.04 secs]
2014-07-28T05:35:48.813+0000: 1389.789: [GC2014-07-28T05:35:48.813+0000: 1389.789: [ParNew: 92160K->10240K(92160K), 0.0419100 secs] 3285085K->3208956K(20961280K), 0.0420210 secs] [Times: user=0.30 sys=0.01, real=0.04 secs]
2014-07-28T05:35:49.002+0000: 1389.979: [GC2014-07-28T05:35:49.003+0000: 1389.979: [ParNew: 92160K->10240K(92160K), 0.0459410 secs] 3290876K->3216854K(20961280K), 0.0460450 secs] [Times: user=0.33 sys=0.01, real=0.04 secs]
2014-07-28T05:35:49.476+0000: 1390.452: [GC2014-07-28T05:35:49.476+0000: 1390.452: [ParNew: 92160K->10240K(92160K), 0.0392730 secs] 3298774K->3222695K(20961280K), 0.0393760 secs] [Times: user=0.28 sys=0.00, real=0.04 secs]
2014-07-28T05:35:49.602+0000: 1390.578: [GC2014-07-28T05:35:49.602+0000: 1390.578: [ParNew: 92160K->10240K(92160K), 0.0407620 secs] 3304615K->3228994K(20961280K), 0.0408730 secs] [Times: user=0.30 sys=0.00, real=0.05 secs]
2014-07-28T05:35:50.224+0000: 1391.201: [GC2014-07-28T05:35:50.225+0000: 1391.201: [ParNew: 92160K->10240K(92160K), 0.0403890 secs] 3310914K->3234422K(20961280K), 0.0404960 secs] [Times: user=0.29 sys=0.00, real=0.04 secs]
2014-07-28T05:35:50.365+0000: 1391.341: [GC2014-07-28T05:35:50.365+0000: 1391.341: [ParNew: 92160K->10240K(92160K), 0.0384840 secs] 3316342K->3239981K(20961280K), 0.0385820 secs] [Times: user=0.28 sys=0.00, real=0.04 secs]
2014-07-28T05:35:50.897+0000: 1391.873: [GC2014-07-28T05:35:50.897+0000: 1391.873: [ParNew: 92160K->10240K(92160K), 0.0451700 secs] 3321901K->3245880K(20961280K), 0.0452770 secs] [Times: user=0.32 sys=0.01, real=0.05 secs]
2014-07-28T05:35:51.393+0000: 1392.369: [GC2014-07-28T05:35:51.393+0000: 1392.369: [ParNew: 92160K->10240K(92160K), 0.0420400 secs] 3327800K->3251461K(20961280K), 0.0421490 secs] [Times: user=0.30 sys=0.00, real=0.04 secs]
2014-07-28T05:35:51.778+0000: 1392.754: [GC2014-07-28T05:35:51.778+0000: 1392.754: [ParNew: 92160K->10240K(92160K), 0.0413350 secs] 3333381K->3258238K(20961280K), 0.0414390 secs] [Times: user=0.27 sys=0.03, real=0.04 secs]
2014-07-28T05:35:51.940+0000: 1392.916: [GC2014-07-28T05:35:51.940+0000: 1392.916: [ParNew: 92160K->10240K(92160K), 0.0628970 secs] 3340158K->3263576K(20961280K), 0.0630020 secs] [Times: user=0.30 sys=0.00, real=0.07 secs]
2014-07-28T05:35:52.613+0000: 1393.589: [GC2014-07-28T05:35:52.613+0000: 1393.589: [ParNew: 92160K->9163K(92160K), 0.0359500 secs] 3345496K->3267666K(20961280K), 0.0360680 secs] [Times: user=0.28 sys=0.00, real=0.03 secs]
2014-07-28T05:35:53.034+0000: 1394.010: [GC2014-07-28T05:35:53.034+0000: 1394.010: [ParNew: 91083K->9547K(92160K), 0.0328500 secs] 3349586K->3273727K(20961280K), 0.0329730 secs] [Times: user=0.24 sys=0.00, real=0.03 secs]
2014-07-28T05:35:53.433+0000: 1394.409: [GC2014-07-28T05:35:53.433+0000: 1394.409: [ParNew: 91467K->8810K(92160K), 0.0326530 secs] 3355647K->3278508K(20961280K), 0.0327720 secs] [Times: user=0.24 sys=0.00, real=0.03 secs]
2014-07-28T05:35:54.093+0000: 1395.069: [GC2014-07-28T05:35:54.093+0000: 1395.069: [ParNew: 90730K->8799K(92160K), 0.0328600 secs] 3360428K->3283953K(20961280K), 0.0329890 secs] [Times: user=0.26 sys=0.00, real=0.03 secs]
2014-07-28T05:35:54.473+0000: 1395.450: [GC2014-07-28T05:35:54.474+0000: 1395.450: [ParNew: 90719K->10240K(92160K), 0.0703780 secs] 3365873K->3293223K(20961280K), 0.0705120 secs] [Times: user=0.29 sys=0.00, real=0.07 secs]
2014-07-28T05:35:54.650+0000: 1395.626: [GC2014-07-28T05:35:54.650+0000: 1395.626: [ParNew: 92160K->10240K(92160K), 0.0765440 secs] 3375143K->3302860K(20961280K), 0.0766810 secs] [Times: user=0.32 sys=0.01, real=0.07 secs]
2014-07-28T05:35:54.988+0000: 1395.964: [GC2014-07-28T05:35:54.988+0000: 1395.964: [ParNew: 92152K->10240K(92160K), 0.0431850 secs] 3384772K->3309800K(20961280K), 0.0433110 secs] [Times: user=0.31 sys=0.00, real=0.05 secs]
2014-07-28T05:35:55.284+0000: 1396.260: [GC2014-07-28T05:35:55.284+0000: 1396.260: [ParNew: 92160K->10240K(92160K), 0.0369670 secs] 3391720K->3314583K(20961280K), 0.0370890 secs] [Times: user=0.28 sys=0.00, real=0.04 secs]
2014-07-28T05:35:55.693+0000: 1396.670: [GC2014-07-28T05:35:55.694+0000: 1396.670: [ParNew: 92160K->10240K(92160K), 0.0337570 secs] 3396503K->3320597K(20961280K), 0.0339060 secs] [Times: user=0.26 sys=0.00, real=0.03 secs]
2014-07-28T05:35:55.975+0000: 1396.951: [GC2014-07-28T05:35:55.975+0000: 1396.951: [ParNew: 92160K->10240K(92160K), 0.0329460 secs] 3402517K->3326676K(20961280K), 0.0330730 secs] [Times: user=0.24 sys=0.01, real=0.03 secs]
2014-07-28T05:35:56.218+0000: 1397.194: [GC2014-07-28T05:35:56.218+0000: 1397.194: [ParNew: 92160K->9090K(92160K), 0.0337660 secs] 3408596K->3330754K(20961280K), 0.0338890 secs] [Times: user=0.25 sys=0.01, real=0.03 secs]
2014-07-28T05:35:56.683+0000: 1397.659: [GC2014-07-28T05:35:56.683+0000: 1397.659: [ParNew: 91010K->9173K(92160K), 0.0326350 secs] 3412674K->3336275K(20961280K), 0.0327520 secs] [Times: user=0.25 sys=0.00, real=0.03 secs]
2014-07-28T05:35:57.153+0000: 1398.129: [GC2014-07-28T05:35:57.153+0000: 1398.129: [ParNew: 91093K->10240K(92160K), 0.0348200 secs] 3418195K->3342905K(20961280K), 0.0349610 secs] [Times: user=0.28 sys=0.00, real=0.03 secs]
2014-07-28T05:35:57.694+0000: 1398.670: [GC2014-07-28T05:35:57.694+0000: 1398.670: [ParNew: 92160K->10240K(92160K), 0.0414380 secs] 3424825K->3349256K(20961280K), 0.0415560 secs] [Times: user=0.31 sys=0.00, real=0.04 secs]
2014-07-28T05:35:57.838+0000: 1398.814: [GC2014-07-28T05:35:57.838+0000: 1398.814: [ParNew: 92160K->10240K(92160K), 0.0384300 secs] 3431176K->3355061K(20961280K), 0.0385450 secs] [Times: user=0.29 sys=0.00, real=0.03 secs]
2014-07-28T05:35:58.133+0000: 1399.109: [GC2014-07-28T05:35:58.133+0000: 1399.109: [ParNew: 92160K->10220K(92160K), 0.0326410 secs] 3436981K->3360235K(20961280K), 0.0327620 secs] [Times: user=0.25 sys=0.00, real=0.03 secs]
2014-07-28T05:35:58.893+0000: 1399.869: [GC2014-07-28T05:35:58.893+0000: 1399.869: [ParNew: 92140K->10240K(92160K), 0.0349920 secs] 3442155K->3365796K(20961280K), 0.0351130 secs] [Times: user=0.26 sys=0.00, real=0.03 secs]
2014-07-28T05:35:59.115+0000: 1400.091: [GC2014-07-28T05:35:59.115+0000: 1400.092: [ParNew: 92160K->10240K(92160K), 0.0365310 secs] 3447716K->3374342K(20961280K), 0.0366560 secs] [Times: user=0.27 sys=0.00, real=0.04 secs]
2014-07-28T05:35:59.554+0000: 1400.530: [GC2014-07-28T05:35:59.554+0000: 1400.530: [ParNew: 92160K->10240K(92160K), 0.0327940 secs] 3456262K->3379056K(20961280K), 0.0329210 secs] [Times: user=0.25 sys=0.00, real=0.03 secs]
2014-07-28T05:35:59.686+0000: 1400.662: [GC2014-07-28T05:35:59.686+0000: 1400.662: [ParNew: 92144K->10240K(92160K), 0.0358120 secs] 3460961K->3385314K(20961280K), 0.0359300 secs] [Times: user=0.26 sys=0.01, real=0.04 secs]
2014-07-28T05:36:00.304+0000: 1401.280: [GC2014-07-28T05:36:00.304+0000: 1401.280: [ParNew: 92160K->10240K(92160K), 0.0336310 secs] 3467234K->3391073K(20961280K), 0.0337680 secs] [Times: user=0.25 sys=0.00, real=0.03 secs]
2014-07-28T05:36:00.447+0000: 1401.423: [GC2014-07-28T05:36:00.447+0000: 1401.423: [ParNew: 92154K->10240K(92160K), 0.0330080 secs] 3472987K->3396260K(20961280K), 0.0331270 secs] [Times: user=0.24 sys=0.00, real=0.04 secs]
2014-07-28T05:36:00.974+0000: 1401.950: [GC2014-07-28T05:36:00.974+0000: 1401.950: [ParNew: 92160K->10240K(92160K), 0.0379080 secs] 3478180K->3401940K(20961280K), 0.0380280 secs] [Times: user=0.27 sys=0.00, real=0.04 secs]
2014-07-28T05:36:01.483+0000: 1402.459: [GC2014-07-28T05:36:01.483+0000: 1402.459: [ParNew: 92160K->10240K(92160K), 0.0363910 secs] 3483860K->3408056K(20961280K), 0.0365160 secs] [Times: user=0.27 sys=0.01, real=0.04 secs]
2014-07-28T05:36:01.876+0000: 1402.852: [GC2014-07-28T05:36:01.876+0000: 1402.852: [ParNew: 92160K->10240K(92160K), 0.0436760 secs] 3489976K->3414044K(20961280K), 0.0438000 secs] [Times: user=0.31 sys=0.02, real=0.05 secs]
2014-07-28T05:36:02.023+0000: 1402.999: [GC2014-07-28T05:36:02.023+0000: 1402.999: [ParNew: 92160K->10240K(92160K), 0.0348480 secs] 3495964K->3419667K(20961280K), 0.0349690 secs] [Times: user=0.26 sys=0.00, real=0.03 secs]
2014-07-28T05:36:02.673+0000: 1403.649: [GC2014-07-28T05:36:02.673+0000: 1403.649: [ParNew: 92160K->9806K(92160K), 0.0345370 secs] 3501587K->3424697K(20961280K), 0.0346590 secs] [Times: user=0.26 sys=0.01, real=0.03 secs]
2014-07-28T05:36:03.085+0000: 1404.061: [GC2014-07-28T05:36:03.085+0000: 1404.061: [ParNew: 91726K->8392K(92160K), 0.0349550 secs] 3506617K->3428566K(20961280K), 0.0350750 secs] [Times: user=0.27 sys=0.00, real=0.04 secs]
2014-07-28T05:36:03.415+0000: 1404.391: [GC2014-07-28T05:36:03.415+0000: 1404.391: [ParNew: 90311K->8337K(92160K), 0.0366100 secs] 3510484K->3434020K(20961280K), 0.0367210 secs] [Times: user=0.25 sys=0.01, real=0.04 secs]
2014-07-28T05:36:04.144+0000: 1405.120: [GC2014-07-28T05:36:04.144+0000: 1405.120: [ParNew: 90257K->8689K(92160K), 0.0354580 secs] 3515940K->3439854K(20961280K), 0.0356080 secs] [Times: user=0.26 sys=0.00, real=0.04 secs]
2014-07-28T05:36:04.674+0000: 1405.650: [GC2014-07-28T05:36:04.674+0000: 1405.650: [ParNew: 90609K->9369K(92160K), 0.0325990 secs] 3521774K->3446085K(20961280K), 0.0327210 secs] [Times: user=0.24 sys=0.00, real=0.03 secs]
2014-07-28T05:36:04.818+0000: 1405.794: [GC2014-07-28T05:36:04.818+0000: 1405.794: [ParNew: 91289K->10240K(92160K), 0.0532330 secs] 3528005K->3454850K(20961280K), 0.0533710 secs] [Times: user=0.29 sys=0.00, real=0.05 secs]
2014-07-28T05:36:05.079+0000: 1406.055: [GC2014-07-28T05:36:05.079+0000: 1406.055: [ParNew: 92160K->10240K(92160K), 0.0365620 secs] 3536770K->3459919K(20961280K), 0.0366880 secs] [Times: user=0.27 sys=0.00, real=0.03 secs]
2014-07-28T05:36:05.344+0000: 1406.320: [GC2014-07-28T05:36:05.344+0000: 1406.320: [ParNew: 92160K->9410K(92160K), 0.0343610 secs] 3541839K->3464219K(20961280K), 0.0344800 secs] [Times: user=0.27 sys=0.00, real=0.04 secs]
2014-07-28T05:36:05.773+0000: 1406.749: [GC2014-07-28T05:36:05.773+0000: 1406.749: [ParNew: 91330K->10240K(92160K), 0.0338220 secs] 3546139K->3470815K(20961280K), 0.0339420 secs] [Times: user=0.25 sys=0.00, real=0.03 secs]
2014-07-28T05:36:06.053+0000: 1407.029: [GC2014-07-28T05:36:06.053+0000: 1407.029: [ParNew: 92160K->10240K(92160K), 0.0344810 secs] 3552735K->3476475K(20961280K), 0.0346030 secs] [Times: user=0.24 sys=0.01, real=0.03 secs]
2014-07-28T05:36:06.274+0000: 1407.250: [GC2014-07-28T05:36:06.274+0000: 1407.250: [ParNew: 92160K->10240K(92160K), 0.0350170 secs] 3558395K->3481777K(20961280K), 0.0351340 secs] [Times: user=0.26 sys=0.01, real=0.03 secs]
2014-07-28T05:36:06.730+0000: 1407.706: [GC2014-07-28T05:36:06.730+0000: 1407.706: [ParNew: 92143K->10240K(92160K), 0.0315600 secs] 3563681K->3487290K(20961280K), 0.0316840 secs] [Times: user=0.24 sys=0.00, real=0.03 secs]
2014-07-28T05:36:07.213+0000: 1408.189: [GC2014-07-28T05:36:07.213+0000: 1408.189: [ParNew: 92160K->9549K(92160K), 0.0352410 secs] 3569210K->3492063K(20961280K), 0.0353660 secs] [Times: user=0.28 sys=0.00, real=0.03 secs]
2014-07-28T05:36:07.783+0000: 1408.759: [GC2014-07-28T05:36:07.783+0000: 1408.759: [ParNew: 91469K->10240K(92160K), 0.0375360 secs] 3573983K->3498529K(20961280K), 0.0376550 secs] [Times: user=0.28 sys=0.00, real=0.04 secs]
2014-07-28T05:36:07.914+0000: 1408.890: [GC2014-07-28T05:36:07.914+0000: 1408.890: [ParNew: 92160K->10240K(92160K), 0.0365010 secs] 3580449K->3504354K(20961280K), 0.0366200 secs] [Times: user=0.27 sys=0.00, real=0.04 secs]
2014-07-28T05:36:08.189+0000: 1409.165: [GC2014-07-28T05:36:08.189+0000: 1409.165: [ParNew: 92160K->10118K(92160K), 0.0364600 secs] 3586274K->3509635K(20961280K), 0.0365870 secs] [Times: user=0.28 sys=0.00, real=0.04 secs]
2014-07-28T05:36:08.957+0000: 1409.933: [GC2014-07-28T05:36:08.957+0000: 1409.933: [ParNew: 92038K->10203K(92160K), 0.0357190 secs] 3591555K->3515094K(20961280K), 0.0358430 secs] [Times: user=0.26 sys=0.01, real=0.04 secs]
2014-07-28T05:36:09.214+0000: 1410.190: [GC2014-07-28T05:36:09.214+0000: 1410.190: [ParNew: 92120K->10240K(92160K), 0.0371780 secs] 3597010K->3522369K(20961280K), 0.0373040 secs] [Times: user=0.26 sys=0.01, real=0.04 secs]
2014-07-28T05:36:09.624+0000: 1410.600: [GC2014-07-28T05:36:09.624+0000: 1410.600: [ParNew: 92160K->10240K(92160K), 0.0426570 secs] 3604289K->3527760K(20961280K), 0.0427700 secs] [Times: user=0.32 sys=0.00, real=0.04 secs]
2014-07-28T05:36:09.770+0000: 1410.746: [GC2014-07-28T05:36:09.770+0000: 1410.747: [ParNew: 92160K->10240K(92160K), 0.0446980 secs] 3609680K->3534575K(20961280K), 0.0448210 secs] [Times: user=0.33 sys=0.00, real=0.04 secs]
2014-07-28T05:36:10.374+0000: 1411.350: [GC2014-07-28T05:36:10.374+0000: 1411.350: [ParNew: 92160K->10240K(92160K), 0.0375500 secs] 3616495K->3539596K(20961280K), 0.0376840 secs] [Times: user=0.28 sys=0.01, real=0.04 secs]
2014-07-28T05:36:10.526+0000: 1411.502: [GC2014-07-28T05:36:10.526+0000: 1411.502: [ParNew: 92160K->10240K(92160K), 0.0405850 secs] 3621516K->3545376K(20961280K), 0.0407050 secs] [Times: user=0.29 sys=0.00, real=0.04 secs]
2014-07-28T05:36:11.034+0000: 1412.010: [GC2014-07-28T05:36:11.034+0000: 1412.010: [ParNew: 92160K->9898K(92160K), 0.0361650 secs] 3627296K->3550494K(20961280K), 0.0362850 secs] [Times: user=0.27 sys=0.01, real=0.04 secs]
2014-07-28T05:36:11.563+0000: 1412.539: [GC2014-07-28T05:36:11.563+0000: 1412.539: [ParNew: 91818K->10240K(92160K), 0.0392260 secs] 3632414K->3556336K(20961280K), 0.0393470 secs] [Times: user=0.30 sys=0.00, real=0.04 secs]
2014-07-28T05:36:11.973+0000: 1412.949: [GC2014-07-28T05:36:11.973+0000: 1412.949: [ParNew: 92160K->10240K(92160K), 0.0351230 secs] 3638256K->3562918K(20961280K), 0.0352500 secs] [Times: user=0.26 sys=0.00, real=0.03 secs]
2014-07-28T05:36:12.103+0000: 1413.079: [GC2014-07-28T05:36:12.103+0000: 1413.079: [ParNew: 92160K->10240K(92160K), 0.0376950 secs] 3644838K->3568175K(20961280K), 0.0378150 secs] [Times: user=0.28 sys=0.01, real=0.04 secs]
2014-07-28T05:36:12.724+0000: 1413.700: [GC2014-07-28T05:36:12.724+0000: 1413.700: [ParNew: 92160K->9162K(92160K), 0.0363870 secs] 3650095K->3572614K(20961280K), 0.0365080 secs] [Times: user=0.28 sys=0.00, real=0.04 secs]
2014-07-28T05:36:13.091+0000: 1414.067: [GC2014-07-28T05:36:13.091+0000: 1414.067: [ParNew: 91082K->8676K(92160K), 0.0356340 secs] 3654534K->3577416K(20961280K), 0.0370720 secs] [Times: user=0.27 sys=0.00, real=0.03 secs]
2014-07-28T05:36:13.368+0000: 1414.344: [GC2014-07-28T05:36:13.368+0000: 1414.344: [ParNew: 90596K->7737K(92160K), 0.0353340 secs] 3659336K->3581928K(20961280K), 0.0354560 secs] [Times: user=0.27 sys=0.00, real=0.04 secs]
2014-07-28T05:36:14.192+0000: 1415.168: [GC2014-07-28T05:36:14.192+0000: 1415.168: [ParNew: 89657K->8553K(92160K), 0.0312460 secs] 3663848K->3588270K(20961280K), 0.0313680 secs] [Times: user=0.23 sys=0.00, real=0.03 secs]
2014-07-28T05:36:14.713+0000: 1415.689: [GC2014-07-28T05:36:14.713+0000: 1415.689: [ParNew: 90473K->9343K(92160K), 0.0316970 secs] 3670190K->3594554K(20961280K), 0.0318190 secs] [Times: user=0.25 sys=0.00, real=0.03 secs]
2014-07-28T05:36:14.937+0000: 1415.913: [GC2014-07-28T05:36:14.937+0000: 1415.913: [ParNew: 91263K->10240K(92160K), 0.0387180 secs] 3676474K->3602406K(20961280K), 0.0388410 secs] [Times: user=0.29 sys=0.00, real=0.04 secs]
2014-07-28T05:36:15.160+0000: 1416.136: [GC2014-07-28T05:36:15.160+0000: 1416.136: [ParNew: 92160K->10240K(92160K), 0.0357820 secs] 3684326K->3608177K(20961280K), 0.0359060 secs] [Times: user=0.27 sys=0.00, real=0.03 secs]
2014-07-28T05:36:15.394+0000: 1416.370: [GC2014-07-28T05:36:15.394+0000: 1416.370: [ParNew: 92160K->9851K(92160K), 0.0346830 secs] 3690097K->3612725K(20961280K), 0.0348010 secs] [Times: user=0.26 sys=0.00, real=0.03 secs]
2014-07-28T05:36:15.843+0000: 1416.819: [GC2014-07-28T05:36:15.843+0000: 1416.819: [ParNew: 91771K->9787K(92160K), 0.0334900 secs] 3694645K->3618032K(20961280K), 0.0336490 secs] [Times: user=0.26 sys=0.00, real=0.03 secs]
2014-07-28T05:36:16.120+0000: 1417.096: [GC2014-07-28T05:36:16.120+0000: 1417.096: [ParNew: 91707K->10114K(92160K), 0.0347450 secs] 3699952K->3624022K(20961280K), 0.0348890 secs] [Times: user=0.27 sys=0.00, real=0.03 secs]
2014-07-28T05:36:16.324+0000: 1417.300: [GC2014-07-28T05:36:16.324+0000: 1417.300: [ParNew: 92034K->8121K(92160K), 0.0337860 secs] 3705942K->3627569K(20961280K), 0.0339060 secs] [Times: user=0.26 sys=0.00, real=0.03 secs]
2014-07-28T05:36:16.554+0000: 1417.530: [GC2014-07-28T05:36:16.554+0000: 1417.530: [ParNew: 90030K->8465K(92160K), 0.0324620 secs] 3709477K->3633335K(20961280K), 0.0326130 secs] [Times: user=0.24 sys=0.01, real=0.03 secs]
2014-07-28T05:36:17.265+0000: 1418.241: [GC2014-07-28T05:36:17.265+0000: 1418.241: [ParNew: 90385K->8704K(92160K), 0.0364450 secs] 3715255K->3639058K(20961280K), 0.0365630 secs] [Times: user=0.29 sys=0.00, real=0.04 secs]
2014-07-28T05:36:17.861+0000: 1418.837: [GC2014-07-28T05:36:17.861+0000: 1418.837: [ParNew: 90624K->10240K(92160K), 0.0396690 secs] 3720978K->3646783K(20961280K), 0.0397910 secs] [Times: user=0.31 sys=0.00, real=0.04 secs]
2014-07-28T05:36:17.991+0000: 1418.967: [GC2014-07-28T05:36:17.991+0000: 1418.967: [ParNew: 92160K->10240K(92160K), 0.0368420 secs] 3728703K->3651904K(20961280K), 0.0369630 secs] [Times: user=0.28 sys=0.00, real=0.03 secs]
2014-07-28T05:36:18.244+0000: 1419.220: [GC2014-07-28T05:36:18.244+0000: 1419.220: [ParNew: 92160K->10147K(92160K), 0.0552320 secs] 3733824K->3657418K(20961280K), 0.0553670 secs] [Times: user=0.30 sys=0.00, real=0.06 secs]
2014-07-28T05:36:19.015+0000: 1419.991: [GC2014-07-28T05:36:19.015+0000: 1419.991: [ParNew: 92067K->8556K(92160K), 0.0420030 secs] 3739338K->3661057K(20961280K), 0.0421150 secs] [Times: user=0.31 sys=0.00, real=0.04 secs]
2014-07-28T05:36:19.311+0000: 1420.287: [GC2014-07-28T05:36:19.311+0000: 1420.287: [ParNew: 90476K->10240K(92160K), 0.0412990 secs] 3742977K->3669198K(20961280K), 0.0414010 secs] [Times: user=0.31 sys=0.00, real=0.04 secs]
2014-07-28T05:36:19.699+0000: 1420.675: [GC2014-07-28T05:36:19.699+0000: 1420.675: [ParNew: 92160K->10240K(92160K), 0.0461720 secs] 3751118K->3674797K(20961280K), 0.0462900 secs] [Times: user=0.28 sys=0.00, real=0.04 secs]
2014-07-28T05:36:19.857+0000: 1420.833: [GC2014-07-28T05:36:19.857+0000: 1420.833: [ParNew: 92160K->10240K(92160K), 0.0474220 secs] 3756717K->3680699K(20961280K), 0.0475280 secs] [Times: user=0.31 sys=0.00, real=0.05 secs]
2014-07-28T05:36:20.443+0000: 1421.419: [GC2014-07-28T05:36:20.443+0000: 1421.419: [ParNew: 92160K->8966K(92160K), 0.0429490 secs] 3762619K->3684835K(20961280K), 0.0430510 secs] [Times: user=0.30 sys=0.00, real=0.04 secs]
2014-07-28T05:36:20.600+0000: 1421.577: [GC2014-07-28T05:36:20.601+0000: 1421.577: [ParNew: 90886K->10228K(92160K), 0.0359510 secs] 3766755K->3691396K(20961280K), 0.0360570 secs] [Times: user=0.26 sys=0.00, real=0.03 secs]
2014-07-28T05:36:21.083+0000: 1422.059: [GC2014-07-28T05:36:21.083+0000: 1422.059: [ParNew: 92148K->9099K(92160K), 0.0405750 secs] 3773316K->3695909K(20961280K), 0.0406790 secs] [Times: user=0.29 sys=0.00, real=0.04 secs]
2014-07-28T05:36:21.639+0000: 1422.615: [GC2014-07-28T05:36:21.639+0000: 1422.615: [ParNew: 91019K->10100K(92160K), 0.0433770 secs] 3777829K->3702274K(20961280K), 0.0434840 secs] [Times: user=0.30 sys=0.02, real=0.04 secs]
2014-07-28T05:36:22.054+0000: 1423.030: [GC2014-07-28T05:36:22.054+0000: 1423.030: [ParNew: 92020K->10182K(92160K), 0.0408590 secs] 3784194K->3708120K(20961280K), 0.0409760 secs] [Times: user=0.29 sys=0.00, real=0.04 secs]
2014-07-28T05:36:22.191+0000: 1423.167: [GC2014-07-28T05:36:22.191+0000: 1423.167: [ParNew: 92102K->10240K(92160K), 0.0359290 secs] 3790040K->3714167K(20961280K), 0.0360480 secs] [Times: user=0.27 sys=0.00, real=0.03 secs]
2014-07-28T05:36:22.497+0000: 1423.473: [GC2014-07-28T05:36:22.497+0000: 1423.473: [ParNew: 92160K->9054K(92160K), 0.0342570 secs] 3796087K->3718426K(20961280K), 0.0343770 secs] [Times: user=0.25 sys=0.00, real=0.04 secs]
2014-07-28T05:36:22.912+0000: 1423.888: [GC2014-07-28T05:36:22.912+0000: 1423.888: [ParNew: 90974K->9401K(92160K), 0.0344850 secs] 3800346K->3724109K(20961280K), 0.0346080 secs] [Times: user=0.24 sys=0.01, real=0.03 secs]
2014-07-28T05:36:23.343+0000: 1424.319: [GC2014-07-28T05:36:23.343+0000: 1424.319: [ParNew: 91321K->8495K(92160K), 0.0338600 secs] 3806029K->3728858K(20961280K), 0.0339860 secs] [Times: user=0.26 sys=0.00, real=0.03 secs]
2014-07-28T05:36:24.136+0000: 1425.112: [GC2014-07-28T05:36:24.136+0000: 1425.112: [ParNew: 90415K->8621K(92160K), 0.0338560 secs] 3810778K->3734356K(20961280K), 0.0339780 secs] [Times: user=0.25 sys=0.01, real=0.03 secs]
2014-07-28T05:36:24.757+0000: 1425.733: [GC2014-07-28T05:36:24.757+0000: 1425.733: [ParNew: 90541K->9541K(92160K), 0.0327510 secs] 3816276K->3740791K(20961280K), 0.0328750 secs] [Times: user=0.24 sys=0.01, real=0.04 secs]
2014-07-28T05:36:25.038+0000: 1426.014: [GC2014-07-28T05:36:25.038+0000: 1426.014: [ParNew: 91461K->10240K(92160K), 0.0370040 secs] 3822711K->3748268K(20961280K), 0.0371300 secs] [Times: user=0.28 sys=0.00, real=0.04 secs]
2014-07-28T05:36:25.228+0000: 1426.204: [GC2014-07-28T05:36:25.228+0000: 1426.204: [ParNew: 92160K->10240K(92160K), 0.0329220 secs] 3830188K->3753680K(20961280K), 0.0330460 secs] [Times: user=0.23 sys=0.01, real=0.04 secs]
2014-07-28T05:36:25.412+0000: 1426.388: [GC2014-07-28T05:36:25.412+0000: 1426.388: [ParNew: 92160K->8383K(92160K), 0.0336030 secs] 3835600K->3757110K(20961280K), 0.0337250 secs] [Times: user=0.25 sys=0.01, real=0.03 secs]
2014-07-28T05:36:25.926+0000: 1426.902: [GC2014-07-28T05:36:25.926+0000: 1426.902: [ParNew: 90303K->9700K(92160K), 0.0355460 secs] 3839030K->3763735K(20961280K), 0.0356790 secs] [Times: user=0.25 sys=0.01, real=0.04 secs]
2014-07-28T05:36:26.178+0000: 1427.154: [GC2014-07-28T05:36:26.178+0000: 1427.154: [ParNew: 91620K->10240K(92160K), 0.0381640 secs] 3845655K->3770003K(20961280K), 0.0382850 secs] [Times: user=0.27 sys=0.00, real=0.03 secs]
2014-07-28T05:36:26.311+0000: 1427.287: [GC2014-07-28T05:36:26.311+0000: 1427.287: [ParNew: 92160K->9084K(92160K), 0.0692920 secs] 3851923K->3774304K(20961280K), 0.0694300 secs] [Times: user=0.32 sys=0.00, real=0.07 secs]
2014-07-28T05:36:26.528+0000: 1427.504: [GC2014-07-28T05:36:26.528+0000: 1427.504: [ParNew: 91004K->9009K(92160K), 0.0353150 secs] 3856224K->3779667K(20961280K), 0.0354360 secs] [Times: user=0.26 sys=0.00, real=0.04 secs]
2014-07-28T05:36:27.015+0000: 1427.991: [GC2014-07-28T05:36:27.015+0000: 1427.991: [ParNew: 90929K->7506K(92160K), 0.0396370 secs] 3861587K->3783651K(20961280K), 0.0397600 secs] [Times: user=0.30 sys=0.01, real=0.04 secs]
2014-07-28T05:36:27.929+0000: 1428.905: [GC2014-07-28T05:36:27.929+0000: 1428.905: [ParNew: 89426K->9775K(92160K), 0.0426260 secs] 3865571K->3791343K(20961280K), 0.0427470 secs] [Times: user=0.28 sys=0.00, real=0.04 secs]
2014-07-28T05:36:28.063+0000: 1429.039: [GC2014-07-28T05:36:28.063+0000: 1429.040: [ParNew: 91695K->10240K(92160K), 0.0380610 secs] 3873263K->3798553K(20961280K), 0.0381820 secs] [Times: user=0.29 sys=0.00, real=0.04 secs]
2014-07-28T05:36:28.202+0000: 1429.178: [GC2014-07-28T05:36:28.202+0000: 1429.178: [ParNew: 92160K->9890K(92160K), 0.0353710 secs] 3880473K->3803277K(20961280K), 0.0354980 secs] [Times: user=0.25 sys=0.01, real=0.03 secs]
2014-07-28T05:36:29.037+0000: 1430.013: [GC2014-07-28T05:36:29.037+0000: 1430.014: [ParNew: 91810K->7460K(92160K), 0.0348950 secs] 3885197K->3806325K(20961280K), 0.0350170 secs] [Times: user=0.24 sys=0.02, real=0.04 secs]
2014-07-28T05:36:29.404+0000: 1430.380: [GC2014-07-28T05:36:29.404+0000: 1430.380: [ParNew: 89380K->10240K(92160K), 0.0340300 secs] 3888245K->3814488K(20961280K), 0.0341550 secs] [Times: user=0.25 sys=0.02, real=0.04 secs]
2014-07-28T05:36:29.763+0000: 1430.739: [GC2014-07-28T05:36:29.763+0000: 1430.739: [ParNew: 92160K->9163K(92160K), 0.0351540 secs] 3896408K->3819105K(20961280K), 0.0352700 secs] [Times: user=0.27 sys=0.00, real=0.04 secs]
2014-07-28T05:36:29.944+0000: 1430.920: [GC2014-07-28T05:36:29.944+0000: 1430.920: [ParNew: 91083K->9867K(92160K), 0.0339720 secs] 3901025K->3825086K(20961280K), 0.0340920 secs] [Times: user=0.26 sys=0.00, real=0.04 secs]
2014-07-28T05:36:30.492+0000: 1431.468: [GC2014-07-28T05:36:30.492+0000: 1431.469: [ParNew: 91787K->9195K(92160K), 0.0351350 secs] 3907006K->3830158K(20961280K), 0.0352660 secs] [Times: user=0.27 sys=0.00, real=0.04 secs]
2014-07-28T05:36:30.654+0000: 1431.630: [GC2014-07-28T05:36:30.654+0000: 1431.630: [ParNew: 91115K->8577K(92160K), 0.0344900 secs] 3912078K->3834811K(20961280K), 0.0346100 secs] [Times: user=0.25 sys=0.01, real=0.04 secs]
2014-07-28T05:36:30.795+0000: 1431.771: [GC2014-07-28T05:36:30.795+0000: 1431.771: [ParNew: 90497K->9174K(92160K), 0.0356160 secs] 3916731K->3841100K(20961280K), 0.0357390 secs] [Times: user=0.27 sys=0.00, real=0.04 secs]
2014-07-28T05:36:31.705+0000: 1432.681: [GC2014-07-28T05:36:31.705+0000: 1432.681: [ParNew: 91094K->9418K(92160K), 0.0341190 secs] 3923020K->3846900K(20961280K), 0.0342480 secs] [Times: user=0.25 sys=0.00, real=0.04 secs]
2014-07-28T05:36:32.125+0000: 1433.102: [GC2014-07-28T05:36:32.126+0000: 1433.102: [ParNew: 91338K->10240K(92160K), 0.0357990 secs] 3928820K->3853220K(20961280K), 0.0359220 secs] [Times: user=0.28 sys=0.00, real=0.04 secs]
2014-07-28T05:36:32.268+0000: 1433.244: [GC2014-07-28T05:36:32.268+0000: 1433.244: [ParNew: 92148K->10240K(92160K), 0.0360950 secs] 3935129K->3858933K(20961280K), 0.0362150 secs] [Times: user=0.27 sys=0.00, real=0.03 secs]
2014-07-28T05:36:32.419+0000: 1433.395: [GC2014-07-28T05:36:32.419+0000: 1433.395: [ParNew: 92160K->8902K(92160K), 0.0331750 secs] 3940853K->3863115K(20961280K), 0.0332870 secs] [Times: user=0.24 sys=0.00, real=0.03 secs]
2014-07-28T05:36:32.966+0000: 1433.942: [GC2014-07-28T05:36:32.966+0000: 1433.942: [ParNew: 90822K->10240K(92160K), 0.0362590 secs] 3945035K->3869858K(20961280K), 0.0363980 secs] [Times: user=0.26 sys=0.01, real=0.04 secs]
2014-07-28T05:36:33.384+0000: 1434.360: [GC2014-07-28T05:36:33.384+0000: 1434.360: [ParNew: 92160K->9510K(92160K), 0.0582020 secs] 3951778K->3874735K(20961280K), 0.0583230 secs] [Times: user=0.31 sys=0.00, real=0.06 secs]
2014-07-28T05:36:34.174+0000: 1435.150: [GC2014-07-28T05:36:34.174+0000: 1435.150: [ParNew: 91430K->8318K(92160K), 0.0354690 secs] 3956655K->3878890K(20961280K), 0.0356190 secs] [Times: user=0.26 sys=0.02, real=0.04 secs]
2014-07-28T05:36:34.802+0000: 1435.778: [GC2014-07-28T05:36:34.802+0000: 1435.778: [ParNew: 90238K->9478K(92160K), 0.0350080 secs] 3960810K->3885481K(20961280K), 0.0351280 secs] [Times: user=0.24 sys=0.00, real=0.03 secs]
2014-07-28T05:36:35.123+0000: 1436.099: [GC2014-07-28T05:36:35.123+0000: 1436.099: [ParNew: 91398K->10240K(92160K), 0.0409610 secs] 3967401K->3892191K(20961280K), 0.0410900 secs] [Times: user=0.31 sys=0.00, real=0.04 secs]
2014-07-28T05:36:35.288+0000: 1436.264: [GC2014-07-28T05:36:35.288+0000: 1436.264: [ParNew: 92160K->9843K(92160K), 0.0337190 secs] 3974111K->3897208K(20961280K), 0.0338390 secs] [Times: user=0.25 sys=0.00, real=0.03 secs]
2014-07-28T05:36:35.418+0000: 1436.394: [GC2014-07-28T05:36:35.418+0000: 1436.394: [ParNew: 91763K->9610K(92160K), 0.0343780 secs] 3979128K->3902496K(20961280K), 0.0344880 secs] [Times: user=0.26 sys=0.00, real=0.03 secs]
2014-07-28T05:36:35.975+0000: 1436.951: [GC2014-07-28T05:36:35.975+0000: 1436.951: [ParNew: 91530K->7795K(92160K), 0.0513610 secs] 3984416K->3906209K(20961280K), 0.0514860 secs] [Times: user=0.30 sys=0.00, real=0.06 secs]
2014-07-28T05:36:36.223+0000: 1437.200: [GC2014-07-28T05:36:36.224+0000: 1437.200: [ParNew: 89715K->8744K(92160K), 0.0358400 secs] 3988129K->3912618K(20961280K), 0.0359570 secs] [Times: user=0.27 sys=0.00, real=0.04 secs]
2014-07-28T05:36:36.394+0000: 1437.370: [GC2014-07-28T05:36:36.394+0000: 1437.370: [ParNew: 90664K->9905K(92160K), 0.0428600 secs] 3994538K->3919292K(20961280K), 0.0429830 secs] [Times: user=0.31 sys=0.01, real=0.04 secs]
2014-07-28T05:36:36.574+0000: 1437.550: [GC2014-07-28T05:36:36.574+0000: 1437.550: [ParNew: 91825K->10240K(92160K), 0.0358650 secs] 4001212K->3925336K(20961280K), 0.0359920 secs] [Times: user=0.27 sys=0.00, real=0.04 secs]
2014-07-28T05:36:37.016+0000: 1437.992: [GC2014-07-28T05:36:37.016+0000: 1437.992: [ParNew: 92160K->10240K(92160K), 0.0373620 secs] 4007256K->3930832K(20961280K), 0.0374860 secs] [Times: user=0.29 sys=0.00, real=0.04 secs]
2014-07-28T05:36:37.994+0000: 1438.970: [GC2014-07-28T05:36:37.994+0000: 1438.970: [ParNew: 92160K->9957K(92160K), 0.0340990 secs] 4012752K->3936020K(20961280K), 0.0342200 secs] [Times: user=0.25 sys=0.00, real=0.04 secs]
2014-07-28T05:36:38.141+0000: 1439.117: [GC2014-07-28T05:36:38.141+0000: 1439.117: [ParNew: 91877K->10240K(92160K), 0.0383730 secs] 4017940K->3941749K(20961280K), 0.0385260 secs] [Times: user=0.29 sys=0.01, real=0.04 secs]
2014-07-28T05:36:38.270+0000: 1439.246: [GC2014-07-28T05:36:38.270+0000: 1439.246: [ParNew: 92160K->10240K(92160K), 0.0395500 secs] 4023669K->3947774K(20961280K), 0.0396690 secs] [Times: user=0.29 sys=0.02, real=0.04 secs]
2014-07-28T05:36:39.002+0000: 1439.978: [GC2014-07-28T05:36:39.002+0000: 1439.978: [ParNew: 92160K->10240K(92160K), 0.0347690 secs] 4029694K->3953093K(20961280K), 0.0348930 secs] [Times: user=0.26 sys=0.00, real=0.03 secs]
2014-07-28T05:36:39.486+0000: 1440.462: [GC2014-07-28T05:36:39.486+0000: 1440.462: [ParNew: 92160K->10240K(92160K), 0.0367600 secs] 4035013K->3958372K(20961280K), 0.0368800 secs] [Times: user=0.28 sys=0.00, real=0.04 secs]
2014-07-28T05:36:39.803+0000: 1440.779: [GC2014-07-28T05:36:39.803+0000: 1440.779: [ParNew: 92160K->9940K(92160K), 0.0360830 secs] 4040292K->3963790K(20961280K), 0.0362050 secs] [Times: user=0.27 sys=0.00, real=0.04 secs]
2014-07-28T05:36:40.007+0000: 1440.983: [GC2014-07-28T05:36:40.007+0000: 1440.984: [ParNew: 91860K->8575K(92160K), 0.0344180 secs] 4045710K->3967700K(20961280K), 0.0345870 secs] [Times: user=0.25 sys=0.01, real=0.03 secs]
2014-07-28T05:36:40.148+0000: 1441.124: [GC2014-07-28T05:36:40.148+0000: 1441.124: [ParNew: 90495K->9428K(92160K), 0.0391010 secs] 4049620K->3974231K(20961280K), 0.0392170 secs] [Times: user=0.29 sys=0.00, real=0.04 secs]
2014-07-28T05:36:40.703+0000: 1441.679: [GC2014-07-28T05:36:40.703+0000: 1441.679: [ParNew: 91348K->7865K(92160K), 0.0413840 secs] 4056151K->3978163K(20961280K), 0.0414960 secs] [Times: user=0.30 sys=0.00, real=0.04 secs]
2014-07-28T05:36:40.842+0000: 1441.819: [GC2014-07-28T05:36:40.843+0000: 1441.819: [ParNew: 89785K->9961K(92160K), 0.0319960 secs] 4060083K->3985668K(20961280K), 0.0321400 secs] [Times: user=0.23 sys=0.00, real=0.03 secs]
2014-07-28T05:36:41.754+0000: 1442.730: [GC2014-07-28T05:36:41.754+0000: 1442.730: [ParNew: 91881K->9091K(92160K), 0.0697400 secs] 4067588K->3990443K(20961280K), 0.0698810 secs] [Times: user=0.31 sys=0.00, real=0.07 secs]
2014-07-28T05:36:42.185+0000: 1443.161: [GC2014-07-28T05:36:42.185+0000: 1443.161: [ParNew: 91007K->8692K(92160K), 0.0351530 secs] 4072359K->3995417K(20961280K), 0.0352790 secs] [Times: user=0.26 sys=0.00, real=0.04 secs]
2014-07-28T05:36:42.338+0000: 1443.314: [GC2014-07-28T05:36:42.338+0000: 1443.314: [ParNew: 90612K->10240K(92160K), 0.0378320 secs] 4077337K->4002571K(20961280K), 0.0379590 secs] [Times: user=0.29 sys=0.00, real=0.03 secs]
2014-07-28T05:36:42.475+0000: 1443.451: [GC2014-07-28T05:36:42.475+0000: 1443.451: [ParNew: 92160K->10240K(92160K), 0.0332530 secs] 4084491K->4008174K(20961280K), 0.0333790 secs] [Times: user=0.25 sys=0.00, real=0.04 secs]
2014-07-28T05:36:43.042+0000: 1444.018: [GC2014-07-28T05:36:43.042+0000: 1444.018: [ParNew: 92160K->10240K(92160K), 0.0358320 secs] 4090094K->4013789K(20961280K), 0.0359510 secs] [Times: user=0.27 sys=0.00, real=0.03 secs]
2014-07-28T05:36:43.438+0000: 1444.414: [GC2014-07-28T05:36:43.438+0000: 1444.414: [ParNew: 92160K->8864K(92160K), 0.0356240 secs] 4095709K->4017773K(20961280K), 0.0357530 secs] [Times: user=0.27 sys=0.00, real=0.03 secs]
2014-07-28T05:36:44.173+0000: 1445.149: [GC2014-07-28T05:36:44.173+0000: 1445.149: [ParNew: 90784K->8029K(92160K), 0.0345140 secs] 4099693K->4022238K(20961280K), 0.0346370 secs] [Times: user=0.26 sys=0.01, real=0.04 secs]
2014-07-28T05:36:44.833+0000: 1445.809: [GC2014-07-28T05:36:44.833+0000: 1445.809: [ParNew: 89949K->10004K(92160K), 0.0347450 secs] 4104158K->4029708K(20961280K), 0.0348640 secs] [Times: user=0.26 sys=0.00, real=0.04 secs]
2014-07-28T05:36:45.204+0000: 1446.180: [GC2014-07-28T05:36:45.204+0000: 1446.180: [ParNew: 91924K->10240K(92160K), 0.0364540 secs] 4111628K->4035720K(20961280K), 0.0365840 secs] [Times: user=0.28 sys=0.00, real=0.04 secs]
2014-07-28T05:36:45.343+0000: 1446.319: [GC2014-07-28T05:36:45.343+0000: 1446.319: [ParNew: 92160K->8855K(92160K), 0.0358010 secs] 4117640K->4039570K(20961280K), 0.0359220 secs] [Times: user=0.27 sys=0.00, real=0.04 secs]
2014-07-28T05:36:45.472+0000: 1446.448: [GC2014-07-28T05:36:45.472+0000: 1446.448: [ParNew: 90775K->10240K(92160K), 0.0371480 secs] 4121490K->4046625K(20961280K), 0.0372690 secs] [Times: user=0.27 sys=0.02, real=0.04 secs]
2014-07-28T05:36:45.721+0000: 1446.697: [GC2014-07-28T05:36:45.721+0000: 1446.697: [ParNew: 92160K->10240K(92160K), 0.0369650 secs] 4128545K->4052272K(20961280K), 0.0370890 secs] [Times: user=0.28 sys=0.00, real=0.04 secs]
2014-07-28T05:36:46.167+0000: 1447.143: [GC2014-07-28T05:36:46.167+0000: 1447.143: [ParNew: 92160K->8853K(92160K), 0.0361840 secs] 4134192K->4056208K(20961280K), 0.0363110 secs] [Times: user=0.28 sys=0.00, real=0.03 secs]
2014-07-28T05:36:46.418+0000: 1447.394: [GC2014-07-28T05:36:46.418+0000: 1447.394: [ParNew: 90773K->9490K(92160K), 0.0374920 secs] 4138128K->4062477K(20961280K), 0.0376130 secs] [Times: user=0.28 sys=0.00, real=0.04 secs]
2014-07-28T05:36:46.616+0000: 1447.592: [GC2014-07-28T05:36:46.616+0000: 1447.592: [ParNew: 91410K->9865K(92160K), 0.0352300 secs] 4144397K->4068284K(20961280K), 0.0353520 secs] [Times: user=0.25 sys=0.01, real=0.04 secs]
2014-07-28T05:36:47.071+0000: 1448.047: [GC2014-07-28T05:36:47.071+0000: 1448.047: [ParNew: 91785K->9760K(92160K), 0.0331150 secs] 4150204K->4073701K(20961280K), 0.0332370 secs] [Times: user=0.24 sys=0.01, real=0.03 secs]
2014-07-28T05:36:47.732+0000: 1448.708: [GC2014-07-28T05:36:47.732+0000: 1448.708: [ParNew: 91680K->7763K(92160K), 0.0345220 secs] 4155621K->4077231K(20961280K), 0.0346490 secs] [Times: user=0.26 sys=0.00, real=0.04 secs]
2014-07-28T05:36:48.208+0000: 1449.184: [GC2014-07-28T05:36:48.208+0000: 1449.184: [ParNew: 89683K->10240K(92160K), 0.0334290 secs] 4159151K->4084993K(20961280K), 0.0335590 secs] [Times: user=0.25 sys=0.00, real=0.03 secs]
2014-07-28T05:36:48.337+0000: 1449.313: [GC2014-07-28T05:36:48.337+0000: 1449.313: [ParNew: 92160K->10240K(92160K), 0.0380200 secs] 4166913K->4091037K(20961280K), 0.0381430 secs] [Times: user=0.28 sys=0.00, real=0.04 secs]
2014-07-28T05:36:48.744+0000: 1449.720: [GC2014-07-28T05:36:48.744+0000: 1449.721: [ParNew: 92160K->9290K(92160K), 0.0367700 secs] 4172957K->4095467K(20961280K), 0.0368940 secs] [Times: user=0.27 sys=0.00, real=0.04 secs]
2014-07-28T05:36:49.556+0000: 1450.532: [GC2014-07-28T05:36:49.556+0000: 1450.532: [ParNew: 91210K->9128K(92160K), 0.0390240 secs] 4177387K->4100409K(20961280K), 0.0391300 secs] [Times: user=0.27 sys=0.01, real=0.04 secs]
2014-07-28T05:36:49.704+0000: 1450.680: [GC2014-07-28T05:36:49.704+0000: 1450.680: [ParNew: 91048K->10240K(92160K), 0.0507880 secs] 4182329K->4107103K(20961280K), 0.0508960 secs] [Times: user=0.37 sys=0.00, real=0.05 secs]
2014-07-28T05:36:50.053+0000: 1451.029: [GC2014-07-28T05:36:50.053+0000: 1451.029: [ParNew: 92160K->8611K(92160K), 0.0354280 secs] 4189023K->4111134K(20961280K), 0.0355490 secs] [Times: user=0.26 sys=0.00, real=0.04 secs]
2014-07-28T05:36:50.203+0000: 1451.179: [GC2014-07-28T05:36:50.203+0000: 1451.179: [ParNew: 90531K->10240K(92160K), 0.0372340 secs] 4193054K->4118272K(20961280K), 0.0373600 secs] [Times: user=0.27 sys=0.00, real=0.04 secs]
2014-07-28T05:36:50.730+0000: 1451.706: [GC2014-07-28T05:36:50.730+0000: 1451.706: [ParNew: 92160K->9484K(92160K), 0.0357500 secs] 4200192K->4123157K(20961280K), 0.0358720 secs] [Times: user=0.27 sys=0.01, real=0.04 secs]
2014-07-28T05:36:50.889+0000: 1451.865: [GC2014-07-28T05:36:50.889+0000: 1451.865: [ParNew: 91404K->9690K(92160K), 0.0369180 secs] 4205077K->4128769K(20961280K), 0.0370390 secs] [Times: user=0.28 sys=0.00, real=0.03 secs]
2014-07-28T05:36:51.380+0000: 1452.356: [GC2014-07-28T05:36:51.380+0000: 1452.356: [ParNew: 91610K->9015K(92160K), 0.0364390 secs] 4210689K->4133605K(20961280K), 0.0365600 secs] [Times: user=0.28 sys=0.00, real=0.03 secs]
2014-07-28T05:36:51.976+0000: 1452.952: [GC2014-07-28T05:36:51.976+0000: 1452.953: [ParNew: 90935K->8549K(92160K), 0.0356670 secs] 4215525K->4138558K(20961280K), 0.0357980 secs] [Times: user=0.27 sys=0.00, real=0.04 secs]
2014-07-28T05:36:52.395+0000: 1453.371: [GC2014-07-28T05:36:52.395+0000: 1453.371: [ParNew: 90469K->9433K(92160K), 0.0338880 secs] 4220478K->4144868K(20961280K), 0.0340090 secs] [Times: user=0.26 sys=0.00, real=0.04 secs]
2014-07-28T05:36:52.526+0000: 1453.502: [GC2014-07-28T05:36:52.526+0000: 1453.502: [ParNew: 91353K->10240K(92160K), 0.0388790 secs] 4226788K->4151684K(20961280K), 0.0390000 secs] [Times: user=0.30 sys=0.01, real=0.04 secs]
2014-07-28T05:36:53.093+0000: 1454.069: [GC2014-07-28T05:36:53.093+0000: 1454.069: [ParNew: 92160K->9672K(92160K), 0.0354060 secs] 4233604K->4156446K(20961280K), 0.0355280 secs] [Times: user=0.26 sys=0.01, real=0.04 secs]
2014-07-28T05:36:53.466+0000: 1454.443: [GC2014-07-28T05:36:53.490+0000: 1454.466: [ParNew: 91592K->9815K(92160K), 0.0336440 secs] 4238366K->4161912K(20961280K), 0.0569050 secs] [Times: user=0.25 sys=0.00, real=0.05 secs]
2014-07-28T05:36:54.013+0000: 1454.989: [GC2014-07-28T05:36:54.013+0000: 1454.989: [ParNew: 91735K->9013K(92160K), 0.0373840 secs] 4243832K->4166697K(20961280K), 0.0375040 secs] [Times: user=0.26 sys=0.01, real=0.04 secs]
2014-07-28T05:36:54.866+0000: 1455.842: [GC2014-07-28T05:36:54.866+0000: 1455.842: [ParNew: 90933K->9216K(92160K), 0.0340070 secs] 4248617K->4172260K(20961280K), 0.0341230 secs] [Times: user=0.26 sys=0.00, real=0.04 secs]
2014-07-28T05:36:55.274+0000: 1456.250: [GC2014-07-28T05:36:55.274+0000: 1456.250: [ParNew: 91136K->9624K(92160K), 0.0333620 secs] 4254180K->4177915K(20961280K), 0.0334910 secs] [Times: user=0.25 sys=0.01, real=0.04 secs]
2014-07-28T05:36:55.395+0000: 1456.371: [GC2014-07-28T05:36:55.395+0000: 1456.371: [ParNew: 91544K->10240K(92160K), 0.0366260 secs] 4259835K->4183828K(20961280K), 0.0367460 secs] [Times: user=0.26 sys=0.01, real=0.04 secs]
2014-07-28T05:36:55.533+0000: 1456.509: [GC2014-07-28T05:36:55.533+0000: 1456.509: [ParNew: 92160K->10240K(92160K), 0.0349870 secs] 4265748K->4189537K(20961280K), 0.0351040 secs] [Times: user=0.26 sys=0.00, real=0.04 secs]
2014-07-28T05:36:55.756+0000: 1456.732: [GC2014-07-28T05:36:55.756+0000: 1456.732: [ParNew: 92160K->9108K(92160K), 0.0359050 secs] 4271457K->4193861K(20961280K), 0.0360210 secs] [Times: user=0.28 sys=0.00, real=0.04 secs]
2014-07-28T05:36:56.221+0000: 1457.197: [GC2014-07-28T05:36:56.221+0000: 1457.197: [ParNew: 91028K->10240K(92160K), 0.0346760 secs] 4275781K->4200408K(20961280K), 0.0348120 secs] [Times: user=0.25 sys=0.01, real=0.03 secs]
2014-07-28T05:36:56.473+0000: 1457.449: [GC2014-07-28T05:36:56.473+0000: 1457.449: [ParNew: 92160K->9497K(92160K), 0.0395130 secs] 4282328K->4205373K(20961280K), 0.0396300 secs] [Times: user=0.30 sys=0.01, real=0.04 secs]
2014-07-28T05:36:56.664+0000: 1457.640: [GC2014-07-28T05:36:56.664+0000: 1457.640: [ParNew: 91417K->9592K(92160K), 0.0343790 secs] 4287293K->4210873K(20961280K), 0.0344990 secs] [Times: user=0.26 sys=0.00, real=0.04 secs]
2014-07-28T05:36:57.114+0000: 1458.090: [GC2014-07-28T05:36:57.114+0000: 1458.090: [ParNew: 91512K->7723K(92160K), 0.0332790 secs] 4292793K->4214428K(20961280K), 0.0334000 secs] [Times: user=0.26 sys=0.00, real=0.04 secs]
2014-07-28T05:36:57.597+0000: 1458.573: [GC2014-07-28T05:36:57.597+0000: 1458.573: [ParNew: 89643K->9098K(92160K), 0.0341130 secs] 4296348K->4221289K(20961280K), 0.0342340 secs] [Times: user=0.25 sys=0.01, real=0.04 secs]
2014-07-28T05:36:58.263+0000: 1459.239: [GC2014-07-28T05:36:58.263+0000: 1459.239: [ParNew: 91018K->9697K(92160K), 0.0336350 secs] 4303209K->4227330K(20961280K), 0.0337570 secs] [Times: user=0.26 sys=0.00, real=0.03 secs]
2014-07-28T05:36:58.405+0000: 1459.381: [GC2014-07-28T05:36:58.405+0000: 1459.381: [ParNew: 91614K->9656K(92160K), 0.0329030 secs] 4309247K->4232726K(20961280K), 0.0330260 secs] [Times: user=0.26 sys=0.00, real=0.03 secs]
2014-07-28T05:36:58.595+0000: 1459.571: [GC2014-07-28T05:36:58.595+0000: 1459.571: [ParNew: 91576K->10240K(92160K), 0.0337610 secs] 4314646K->4239024K(20961280K), 0.0338790 secs] [Times: user=0.25 sys=0.00, real=0.04 secs]
2014-07-28T05:36:59.613+0000: 1460.589: [GC2014-07-28T05:36:59.613+0000: 1460.589: [ParNew: 92160K->10234K(92160K), 0.0310040 secs] 4320944K->4244449K(20961280K), 0.0311520 secs] [Times: user=0.23 sys=0.00, real=0.03 secs]
2014-07-28T05:36:59.771+0000: 1460.747: [GC2014-07-28T05:36:59.771+0000: 1460.747: [ParNew: 92154K->10240K(92160K), 0.0329320 secs] 4326369K->4249728K(20961280K), 0.0330520 secs] [Times: user=0.24 sys=0.00, real=0.03 secs]
2014-07-28T05:37:00.025+0000: 1461.001: [GC2014-07-28T05:37:00.025+0000: 1461.001: [ParNew: 92160K->9916K(92160K), 0.0378380 secs] 4331648K->4255122K(20961280K), 0.0379600 secs] [Times: user=0.28 sys=0.00, real=0.04 secs]
2014-07-28T05:37:00.253+0000: 1461.229: [GC2014-07-28T05:37:00.253+0000: 1461.229: [ParNew: 91836K->10240K(92160K), 0.0361940 secs] 4337042K->4260985K(20961280K), 0.0363070 secs] [Times: user=0.26 sys=0.00, real=0.04 secs]
2014-07-28T05:37:00.804+0000: 1461.780: [GC2014-07-28T05:37:00.804+0000: 1461.780: [ParNew: 92160K->10240K(92160K), 0.0361570 secs] 4342905K->4266422K(20961280K), 0.0362930 secs] [Times: user=0.26 sys=0.00, real=0.04 secs]
2014-07-28T05:37:00.937+0000: 1461.913: [GC2014-07-28T05:37:00.937+0000: 1461.913: [ParNew: 92160K->10240K(92160K), 0.0350040 secs] 4348342K->4272105K(20961280K), 0.0351230 secs] [Times: user=0.27 sys=0.00, real=0.03 secs]
2014-07-28T05:37:01.414+0000: 1462.390: [GC2014-07-28T05:37:01.414+0000: 1462.390: [ParNew: 92160K->8987K(92160K), 0.0383850 secs] 4354025K->4276254K(20961280K), 0.0385010 secs] [Times: user=0.27 sys=0.01, real=0.03 secs]
2014-07-28T05:37:02.002+0000: 1462.978: [GC2014-07-28T05:37:02.002+0000: 1462.978: [ParNew: 90907K->9709K(92160K), 0.0391870 secs] 4358174K->4282381K(20961280K), 0.0393110 secs] [Times: user=0.27 sys=0.01, real=0.04 secs]
2014-07-28T05:37:02.427+0000: 1463.404: [GC2014-07-28T05:37:02.428+0000: 1463.404: [ParNew: 91629K->9686K(92160K), 0.0359510 secs] 4364301K->4287851K(20961280K), 0.0360650 secs] [Times: user=0.27 sys=0.00, real=0.03 secs]
2014-07-28T05:37:02.587+0000: 1463.563: [GC2014-07-28T05:37:02.587+0000: 1463.563: [ParNew: 91606K->10177K(92160K), 0.0319750 secs] 4369771K->4293821K(20961280K), 0.0320980 secs] [Times: user=0.24 sys=0.00, real=0.03 secs]
2014-07-28T05:37:03.102+0000: 1464.078: [GC2014-07-28T05:37:03.102+0000: 1464.078: [ParNew: 92097K->9152K(92160K), 0.0362840 secs] 4375741K->4298434K(20961280K), 0.0364050 secs] [Times: user=0.27 sys=0.01, real=0.04 secs]
2014-07-28T05:37:03.534+0000: 1464.510: [GC2014-07-28T05:37:03.534+0000: 1464.510: [ParNew: 91072K->10240K(92160K), 0.0446850 secs] 4380354K->4304943K(20961280K), 0.0447990 secs] [Times: user=0.27 sys=0.02, real=0.04 secs]
2014-07-28T05:37:04.022+0000: 1464.998: [GC2014-07-28T05:37:04.022+0000: 1464.998: [ParNew: 92160K->9505K(92160K), 0.0393680 secs] 4386863K->4309682K(20961280K), 0.0394980 secs] [Times: user=0.27 sys=0.01, real=0.04 secs]
2014-07-28T05:37:04.572+0000: 1465.548: [GC2014-07-28T05:37:04.572+0000: 1465.548: [ParNew: 91425K->9336K(92160K), 0.0386060 secs] 4391602K->4315115K(20961280K), 0.0387270 secs] [Times: user=0.30 sys=0.00, real=0.04 secs]
2014-07-28T05:37:05.315+0000: 1466.291: [GC2014-07-28T05:37:05.315+0000: 1466.291: [ParNew: 91256K->8535K(92160K), 0.0397280 secs] 4397035K->4319612K(20961280K), 0.0398360 secs] [Times: user=0.29 sys=0.00, real=0.04 secs]
2014-07-28T05:37:05.454+0000: 1466.430: [GC2014-07-28T05:37:05.454+0000: 1466.430: [ParNew: 90455K->10240K(92160K), 0.0385670 secs] 4401532K->4326430K(20961280K), 0.0386680 secs] [Times: user=0.29 sys=0.00, real=0.04 secs]
2014-07-28T05:37:05.590+0000: 1466.566: [GC2014-07-28T05:37:05.590+0000: 1466.567: [ParNew: 92160K->10179K(92160K), 0.0411720 secs] 4408350K->4332084K(20961280K), 0.0412740 secs] [Times: user=0.29 sys=0.00, real=0.04 secs]
2014-07-28T05:37:05.777+0000: 1466.753: [GC2014-07-28T05:37:05.777+0000: 1466.753: [ParNew: 92099K->10040K(92160K), 0.0456020 secs] 4414004K->4337420K(20961280K), 0.0457080 secs] [Times: user=0.28 sys=0.00, real=0.04 secs]
2014-07-28T05:37:06.285+0000: 1467.261: [GC2014-07-28T05:37:06.285+0000: 1467.261: [ParNew: 91960K->10240K(92160K), 0.0721770 secs] 4419340K->4343201K(20961280K), 0.0722980 secs] [Times: user=0.35 sys=0.00, real=0.08 secs]
2014-07-28T05:37:06.510+0000: 1467.486: [GC2014-07-28T05:37:06.510+0000: 1467.486: [ParNew: 92160K->10240K(92160K), 0.0768910 secs] 4425121K->4348818K(20961280K), 0.0770000 secs] [Times: user=0.33 sys=0.00, real=0.08 secs]
2014-07-28T05:37:06.732+0000: 1467.708: [GC2014-07-28T05:37:06.732+0000: 1467.708: [ParNew: 92160K->10240K(92160K), 0.0875510 secs] 4430738K->4354609K(20961280K), 0.0876740 secs] [Times: user=0.35 sys=0.01, real=0.09 secs]
2014-07-28T05:37:07.134+0000: 1468.110: [GC2014-07-28T05:37:07.134+0000: 1468.110: [ParNew: 92160K->10240K(92160K), 0.0415610 secs] 4436529K->4360608K(20961280K), 0.0416740 secs] [Times: user=0.30 sys=0.00, real=0.05 secs]
2014-07-28T05:37:07.635+0000: 1468.611: [GC2014-07-28T05:37:07.635+0000: 1468.612: [ParNew: 92160K->9515K(92160K), 0.0306480 secs] 4442528K->4364888K(20961280K), 0.0307710 secs] [Times: user=0.23 sys=0.00, real=0.03 secs]
2014-07-28T05:37:08.264+0000: 1469.240: [GC2014-07-28T05:37:08.264+0000: 1469.240: [ParNew: 91435K->9376K(92160K), 0.0366230 secs] 4446808K->4370232K(20961280K), 0.0367470 secs] [Times: user=0.27 sys=0.00, real=0.04 secs]
2014-07-28T05:37:08.463+0000: 1469.439: [GC2014-07-28T05:37:08.463+0000: 1469.439: [ParNew: 91296K->9531K(92160K), 0.0368350 secs] 4452152K->4375800K(20961280K), 0.0369660 secs] [Times: user=0.26 sys=0.00, real=0.04 secs]
2014-07-28T05:37:08.648+0000: 1469.624: [GC2014-07-28T05:37:08.648+0000: 1469.624: [ParNew: 91451K->10240K(92160K), 0.0363630 secs] 4457720K->4382048K(20961280K), 0.0364890 secs] [Times: user=0.28 sys=0.00, real=0.03 secs]
2014-07-28T05:37:09.387+0000: 1470.363: [GC2014-07-28T05:37:09.387+0000: 1470.363: [ParNew: 92160K->10240K(92160K), 0.0364620 secs] 4463968K->4387697K(20961280K), 0.0365820 secs] [Times: user=0.27 sys=0.00, real=0.03 secs]
2014-07-28T05:37:09.827+0000: 1470.803: [GC2014-07-28T05:37:09.827+0000: 1470.803: [ParNew: 92160K->8735K(92160K), 0.0336740 secs] 4469617K->4391548K(20961280K), 0.0338000 secs] [Times: user=0.26 sys=0.00, real=0.03 secs]
2014-07-28T05:37:10.087+0000: 1471.063: [GC2014-07-28T05:37:10.087+0000: 1471.063: [ParNew: 90655K->10240K(92160K), 0.0352460 secs] 4473468K->4398903K(20961280K), 0.0353720 secs] [Times: user=0.25 sys=0.00, real=0.03 secs]
2014-07-28T05:37:10.307+0000: 1471.283: [GC2014-07-28T05:37:10.308+0000: 1471.284: [ParNew: 92154K->10052K(92160K), 0.0327470 secs] 4480817K->4404222K(20961280K), 0.0329310 secs] [Times: user=0.23 sys=0.00, real=0.03 secs]
2014-07-28T05:37:10.848+0000: 1471.824: [GC2014-07-28T05:37:10.848+0000: 1471.824: [ParNew: 91972K->9821K(92160K), 0.0335070 secs] 4486142K->4409402K(20961280K), 0.0336310 secs] [Times: user=0.25 sys=0.01, real=0.03 secs]
2014-07-28T05:37:11.019+0000: 1471.995: [GC2014-07-28T05:37:11.019+0000: 1471.995: [ParNew: 91741K->9864K(92160K), 0.0334130 secs] 4491322K->4414965K(20961280K), 0.0335410 secs] [Times: user=0.25 sys=0.00, real=0.03 secs]
2014-07-28T05:37:11.456+0000: 1472.432: [GC2014-07-28T05:37:11.456+0000: 1472.432: [ParNew: 91784K->8436K(92160K), 0.0341030 secs] 4496885K->4419141K(20961280K), 0.0342270 secs] [Times: user=0.24 sys=0.00, real=0.03 secs]
2014-07-28T05:37:12.053+0000: 1473.029: [GC2014-07-28T05:37:12.053+0000: 1473.029: [ParNew: 90356K->9784K(92160K), 0.0371850 secs] 4501061K->4425888K(20961280K), 0.0373110 secs] [Times: user=0.28 sys=0.00, real=0.04 secs]
2014-07-28T05:37:12.465+0000: 1473.441: [GC2014-07-28T05:37:12.465+0000: 1473.441: [ParNew: 91704K->8490K(92160K), 0.0360850 secs] 4507808K->4430105K(20961280K), 0.0362140 secs] [Times: user=0.26 sys=0.01, real=0.04 secs]
2014-07-28T05:37:12.643+0000: 1473.619: [GC2014-07-28T05:37:12.643+0000: 1473.619: [ParNew: 90410K->8277K(92160K), 0.0352120 secs] 4512025K->4435312K(20961280K), 0.0353320 secs] [Times: user=0.27 sys=0.00, real=0.04 secs]
2014-07-28T05:37:13.153+0000: 1474.129: [GC2014-07-28T05:37:13.153+0000: 1474.129: [ParNew: 90197K->9486K(92160K), 0.0368510 secs] 4517232K->4442057K(20961280K), 0.0369910 secs] [Times: user=0.27 sys=0.01, real=0.04 secs]
2014-07-28T05:37:13.553+0000: 1474.529: [GC2014-07-28T05:37:13.553+0000: 1474.529: [ParNew: 91406K->8300K(92160K), 0.0360010 secs] 4523977K->4446436K(20961280K), 0.0361180 secs] [Times: user=0.27 sys=0.00, real=0.04 secs]
2014-07-28T05:37:14.076+0000: 1475.052: [GC2014-07-28T05:37:14.076+0000: 1475.052: [ParNew: 90205K->9354K(92160K), 0.0389010 secs] 4528340K->4452960K(20961280K), 0.0390260 secs] [Times: user=0.28 sys=0.00, real=0.04 secs]
2014-07-28T05:37:14.614+0000: 1475.590: [GC2014-07-28T05:37:14.614+0000: 1475.590: [ParNew: 91274K->8805K(92160K), 0.0368260 secs] 4534880K->4457916K(20961280K), 0.0369520 secs] [Times: user=0.28 sys=0.00, real=0.04 secs]
2014-07-28T05:37:15.143+0000: 1476.119: [GC2014-07-28T05:37:15.143+0000: 1476.119: [ParNew: 90725K->8056K(92160K), 0.0342390 secs] 4539836K->4462318K(20961280K), 0.0343640 secs] [Times: user=0.26 sys=0.00, real=0.04 secs]
2014-07-28T05:37:15.513+0000: 1476.489: [GC2014-07-28T05:37:15.513+0000: 1476.490: [ParNew: 89976K->9015K(92160K), 0.0337130 secs] 4544238K->4468516K(20961280K), 0.0338350 secs] [Times: user=0.24 sys=0.01, real=0.04 secs]
2014-07-28T05:37:15.645+0000: 1476.622: [GC2014-07-28T05:37:15.646+0000: 1476.622: [ParNew: 90935K->10240K(92160K), 0.0340380 secs] 4550436K->4475398K(20961280K), 0.0341640 secs] [Times: user=0.25 sys=0.00, real=0.04 secs]
2014-07-28T05:37:15.824+0000: 1476.800: [GC2014-07-28T05:37:15.824+0000: 1476.800: [ParNew: 92160K->9415K(92160K), 0.0318470 secs] 4557318K->4480156K(20961280K), 0.0319660 secs] [Times: user=0.24 sys=0.00, real=0.04 secs]
2014-07-28T05:37:16.374+0000: 1477.350: [GC2014-07-28T05:37:16.374+0000: 1477.350: [ParNew: 91335K->10240K(92160K), 0.0320920 secs] 4562076K->4486366K(20961280K), 0.0322250 secs] [Times: user=0.24 sys=0.00, real=0.03 secs]
2014-07-28T05:37:16.595+0000: 1477.571: [GC2014-07-28T05:37:16.595+0000: 1477.571: [ParNew: 92160K->9582K(92160K), 0.0354520 secs] 4568286K->4491269K(20961280K), 0.0355730 secs] [Times: user=0.26 sys=0.00, real=0.03 secs]
2014-07-28T05:37:16.843+0000: 1477.819: [GC2014-07-28T05:37:16.843+0000: 1477.819: [ParNew: 91502K->10240K(92160K), 0.0362500 secs] 4573189K->4497898K(20961280K), 0.0363680 secs] [Times: user=0.28 sys=0.00, real=0.04 secs]
2014-07-28T05:37:17.187+0000: 1478.163: [GC2014-07-28T05:37:17.187+0000: 1478.163: [ParNew: 92160K->8763K(92160K), 0.0355560 secs] 4579818K->4501832K(20961280K), 0.0356770 secs] [Times: user=0.27 sys=0.00, real=0.03 secs]
2014-07-28T05:37:17.673+0000: 1478.649: [GC2014-07-28T05:37:17.673+0000: 1478.649: [ParNew: 90683K->9267K(92160K), 0.0383020 secs] 4583752K->4507743K(20961280K), 0.0384120 secs] [Times: user=0.29 sys=0.01, real=0.04 secs]
2014-07-28T05:37:18.307+0000: 1479.284: [GC2014-07-28T05:37:18.308+0000: 1479.284: [ParNew: 91187K->9759K(92160K), 0.0307380 secs] 4589663K->4513661K(20961280K), 0.0308570 secs] [Times: user=0.23 sys=0.00, real=0.03 secs]
2014-07-28T05:37:18.483+0000: 1479.459: [GC2014-07-28T05:37:18.483+0000: 1479.460: [ParNew: 91679K->8703K(92160K), 0.0339820 secs] 4595581K->4518064K(20961280K), 0.0340990 secs] [Times: user=0.26 sys=0.00, real=0.04 secs]
2014-07-28T05:37:18.704+0000: 1479.680: [GC2014-07-28T05:37:18.704+0000: 1479.680: [ParNew: 90623K->10240K(92160K), 0.0389710 secs] 4599984K->4525101K(20961280K), 0.0390900 secs] [Times: user=0.27 sys=0.00, real=0.04 secs]
2014-07-28T05:37:19.425+0000: 1480.401: [GC2014-07-28T05:37:19.425+0000: 1480.401: [ParNew: 92160K->9602K(92160K), 0.0333740 secs] 4607021K->4530067K(20961280K), 0.0334960 secs] [Times: user=0.24 sys=0.01, real=0.04 secs]
2014-07-28T05:37:19.863+0000: 1480.839: [GC2014-07-28T05:37:19.863+0000: 1480.839: [ParNew: 91522K->8639K(92160K), 0.0347280 secs] 4611987K->4534556K(20961280K), 0.0348470 secs] [Times: user=0.26 sys=0.01, real=0.04 secs]
2014-07-28T05:37:20.158+0000: 1481.134: [GC2014-07-28T05:37:20.158+0000: 1481.134: [ParNew: 90559K->9486K(92160K), 0.0459480 secs] 4616476K->4540828K(20961280K), 0.0460860 secs] [Times: user=0.27 sys=0.00, real=0.04 secs]
2014-07-28T05:37:20.335+0000: 1481.312: [GC2014-07-28T05:37:20.336+0000: 1481.312: [ParNew: 91406K->9456K(92160K), 0.0311930 secs] 4622748K->4546390K(20961280K), 0.0313400 secs] [Times: user=0.23 sys=0.01, real=0.03 secs]
2014-07-28T05:37:20.889+0000: 1481.865: [GC2014-07-28T05:37:20.889+0000: 1481.865: [ParNew: 91376K->10240K(92160K), 0.0319480 secs] 4628310K->4552756K(20961280K), 0.0320670 secs] [Times: user=0.24 sys=0.01, real=0.03 secs]
2014-07-28T05:37:21.066+0000: 1482.042: [GC2014-07-28T05:37:21.066+0000: 1482.042: [ParNew: 92157K->9819K(92160K), 0.0328290 secs] 4634673K->4557852K(20961280K), 0.0329530 secs] [Times: user=0.24 sys=0.01, real=0.03 secs]
2014-07-28T05:37:21.494+0000: 1482.470: [GC2014-07-28T05:37:21.494+0000: 1482.470: [ParNew: 91739K->10240K(92160K), 0.0333910 secs] 4639772K->4563881K(20961280K), 0.0335110 secs] [Times: user=0.25 sys=0.00, real=0.03 secs]
2014-07-28T05:37:22.082+0000: 1483.058: [GC2014-07-28T05:37:22.082+0000: 1483.058: [ParNew: 92160K->9154K(92160K), 0.0354580 secs] 4645801K->4568269K(20961280K), 0.0356290 secs] [Times: user=0.28 sys=0.00, real=0.04 secs]
2014-07-28T05:37:22.502+0000: 1483.478: [GC2014-07-28T05:37:22.502+0000: 1483.478: [ParNew: 91074K->8847K(92160K), 0.0334060 secs] 4650189K->4573489K(20961280K), 0.0335240 secs] [Times: user=0.26 sys=0.00, real=0.04 secs]
2014-07-28T05:37:22.665+0000: 1483.641: [GC2014-07-28T05:37:22.665+0000: 1483.641: [ParNew: 90767K->8295K(92160K), 0.0328790 secs] 4655409K->4578359K(20961280K), 0.0330150 secs] [Times: user=0.25 sys=0.00, real=0.04 secs]
2014-07-28T05:37:23.174+0000: 1484.150: [GC2014-07-28T05:37:23.174+0000: 1484.150: [ParNew: 90215K->9422K(92160K), 0.0386950 secs] 4660279K->4584992K(20961280K), 0.0388270 secs] [Times: user=0.29 sys=0.00, real=0.04 secs]
2014-07-28T05:37:23.592+0000: 1484.568: [GC2014-07-28T05:37:23.592+0000: 1484.568: [ParNew: 91342K->8910K(92160K), 0.0356800 secs] 4666912K->4590084K(20961280K), 0.0357990 secs] [Times: user=0.28 sys=0.00, real=0.04 secs]
2014-07-28T05:37:24.082+0000: 1485.058: [GC2014-07-28T05:37:24.082+0000: 1485.059: [ParNew: 90830K->8922K(92160K), 0.0344660 secs] 4672004K->4595524K(20961280K), 0.0345900 secs] [Times: user=0.25 sys=0.00, real=0.04 secs]
2014-07-28T05:37:24.643+0000: 1485.619: [GC2014-07-28T05:37:24.643+0000: 1485.619: [ParNew: 90842K->10229K(92160K), 0.0368660 secs] 4677444K->4602314K(20961280K), 0.0369850 secs] [Times: user=0.28 sys=0.00, real=0.04 secs]
2014-07-28T05:37:25.183+0000: 1486.159: [GC2014-07-28T05:37:25.183+0000: 1486.159: [ParNew: 92149K->7919K(92160K), 0.0341170 secs] 4684234K->4605334K(20961280K), 0.0342390 secs] [Times: user=0.25 sys=0.00, real=0.04 secs]
2014-07-28T05:37:25.552+0000: 1486.528: [GC2014-07-28T05:37:25.552+0000: 1486.528: [ParNew: 89839K->9174K(92160K), 0.0342230 secs] 4687254K->4611706K(20961280K), 0.0343410 secs] [Times: user=0.26 sys=0.00, real=0.04 secs]
2014-07-28T05:37:25.680+0000: 1486.656: [GC2014-07-28T05:37:25.680+0000: 1486.656: [ParNew: 91094K->10240K(92160K), 0.0348450 secs] 4693626K->4618270K(20961280K), 0.0349670 secs] [Times: user=0.25 sys=0.02, real=0.04 secs]
2014-07-28T05:37:25.851+0000: 1486.827: [GC2014-07-28T05:37:25.851+0000: 1486.827: [ParNew: 92160K->10240K(92160K), 0.0325220 secs] 4700190K->4624036K(20961280K), 0.0326450 secs] [Times: user=0.24 sys=0.00, real=0.03 secs]
2014-07-28T05:37:26.372+0000: 1487.348: [GC2014-07-28T05:37:26.372+0000: 1487.348: [ParNew: 92160K->8471K(92160K), 0.0324880 secs] 4705956K->4627695K(20961280K), 0.0326100 secs] [Times: user=0.24 sys=0.00, real=0.03 secs]
2014-07-28T05:37:26.592+0000: 1487.568: [GC2014-07-28T05:37:26.592+0000: 1487.568: [ParNew: 90391K->10176K(92160K), 0.0337580 secs] 4709615K->4634782K(20961280K), 0.0338760 secs] [Times: user=0.26 sys=0.00, real=0.03 secs]
2014-07-28T05:37:26.906+0000: 1487.882: [GC2014-07-28T05:37:26.906+0000: 1487.882: [ParNew: 92096K->9083K(92160K), 0.0352160 secs] 4716702K->4639315K(20961280K), 0.0353380 secs] [Times: user=0.26 sys=0.00, real=0.03 secs]
2014-07-28T05:37:27.207+0000: 1488.184: [GC2014-07-28T05:37:27.208+0000: 1488.184: [ParNew: 91003K->9042K(92160K), 0.0347360 secs] 4721235K->4644723K(20961280K), 0.0349060 secs] [Times: user=0.26 sys=0.00, real=0.03 secs]
2014-07-28T05:37:27.713+0000: 1488.689: [GC2014-07-28T05:37:27.713+0000: 1488.689: [ParNew: 90962K->9324K(92160K), 0.0328300 secs] 4726643K->4650476K(20961280K), 0.0329480 secs] [Times: user=0.26 sys=0.00, real=0.03 secs]
2014-07-28T05:37:28.334+0000: 1489.310: [GC2014-07-28T05:37:28.334+0000: 1489.310: [ParNew: 91244K->8928K(92160K), 0.0317990 secs] 4732396K->4655503K(20961280K), 0.0319320 secs] [Times: user=0.24 sys=0.00, real=0.03 secs]
2014-07-28T05:37:28.515+0000: 1489.491: [GC2014-07-28T05:37:28.515+0000: 1489.491: [ParNew: 90848K->10240K(92160K), 0.0330350 secs] 4737423K->4662398K(20961280K), 0.0331560 secs] [Times: user=0.26 sys=0.00, real=0.03 secs]
2014-07-28T05:37:28.724+0000: 1489.700: [GC2014-07-28T05:37:28.736+0000: 1489.712: [ParNew: 92160K->8902K(92160K), 0.0346940 secs] 4744318K->4666648K(20961280K), 0.0466520 secs] [Times: user=0.27 sys=0.00, real=0.05 secs]
2014-07-28T05:37:29.453+0000: 1490.429: [GC2014-07-28T05:37:29.453+0000: 1490.429: [ParNew: 90822K->8836K(92160K), 0.0389260 secs] 4748568K->4671991K(20961280K), 0.0390500 secs] [Times: user=0.30 sys=0.00, real=0.04 secs]
2014-07-28T05:37:29.867+0000: 1490.843: [GC2014-07-28T05:37:29.867+0000: 1490.843: [ParNew: 90756K->10240K(92160K), 0.0348290 secs] 4753911K->4679258K(20961280K), 0.0349510 secs] [Times: user=0.27 sys=0.00, real=0.03 secs]
2014-07-28T05:37:30.164+0000: 1491.140: [GC2014-07-28T05:37:30.164+0000: 1491.140: [ParNew: 92160K->9735K(92160K), 0.0711000 secs] 4761178K->4683979K(20961280K), 0.0712370 secs] [Times: user=0.29 sys=0.00, real=0.08 secs]
2014-07-28T05:37:30.379+0000: 1491.355: [GC2014-07-28T05:37:30.379+0000: 1491.355: [ParNew: 91655K->10128K(92160K), 0.0802690 secs] 4765899K->4689735K(20961280K), 0.0804100 secs] [Times: user=0.35 sys=0.00, real=0.08 secs]
2014-07-28T05:37:30.904+0000: 1491.880: [GC2014-07-28T05:37:30.904+0000: 1491.880: [ParNew: 92048K->9761K(92160K), 0.0392980 secs] 4771655K->4695144K(20961280K), 0.0394210 secs] [Times: user=0.27 sys=0.02, real=0.05 secs]
2014-07-28T05:37:31.090+0000: 1492.066: [GC2014-07-28T05:37:31.090+0000: 1492.066: [ParNew: 91678K->7725K(92160K), 0.0339980 secs] 4777060K->4698420K(20961280K), 0.0341210 secs] [Times: user=0.26 sys=0.00, real=0.04 secs]
2014-07-28T05:37:31.524+0000: 1492.500: [GC2014-07-28T05:37:31.524+0000: 1492.500: [ParNew: 89645K->8665K(92160K), 0.0370720 secs] 4780340K->4704799K(20961280K), 0.0371970 secs] [Times: user=0.29 sys=0.00, real=0.03 secs]
2014-07-28T05:37:32.121+0000: 1493.097: [GC2014-07-28T05:37:32.121+0000: 1493.097: [ParNew: 90585K->9151K(92160K), 0.0341720 secs] 4786719K->4710850K(20961280K), 0.0342930 secs] [Times: user=0.25 sys=0.01, real=0.04 secs]
2014-07-28T05:37:32.525+0000: 1493.501: [GC2014-07-28T05:37:32.525+0000: 1493.501: [ParNew: 91071K->10240K(92160K), 0.0347640 secs] 4792770K->4717392K(20961280K), 0.0348810 secs] [Times: user=0.26 sys=0.00, real=0.03 secs]
2014-07-28T05:37:32.695+0000: 1493.671: [GC2014-07-28T05:37:32.695+0000: 1493.671: [ParNew: 92160K->9065K(92160K), 0.0330810 secs] 4799312K->4721782K(20961280K), 0.0332020 secs] [Times: user=0.26 sys=0.00, real=0.03 secs]
2014-07-28T05:37:33.204+0000: 1494.180: [GC2014-07-28T05:37:33.204+0000: 1494.180: [ParNew: 90985K->8732K(92160K), 0.0342370 secs] 4803702K->4727008K(20961280K), 0.0343580 secs] [Times: user=0.25 sys=0.01, real=0.03 secs]
2014-07-28T05:37:33.583+0000: 1494.559: [GC2014-07-28T05:37:33.583+0000: 1494.559: [ParNew: 90640K->8917K(92160K), 0.0347010 secs] 4808916K->4732554K(20961280K), 0.0348200 secs] [Times: user=0.26 sys=0.00, real=0.03 secs]
2014-07-28T05:37:33.973+0000: 1494.949: [GC2014-07-28T05:37:33.973+0000: 1494.949: [ParNew: 90837K->8603K(92160K), 0.0355920 secs] 4814474K->4737769K(20961280K), 0.0356990 secs] [Times: user=0.26 sys=0.00, real=0.04 secs]
2014-07-28T05:37:34.670+0000: 1495.646: [GC2014-07-28T05:37:34.670+0000: 1495.646: [ParNew: 90523K->8573K(92160K), 0.0430180 secs] 4819689K->4743176K(20961280K), 0.0431250 secs] [Times: user=0.30 sys=0.00, real=0.04 secs]
2014-07-28T05:37:35.183+0000: 1496.159: [GC2014-07-28T05:37:35.183+0000: 1496.159: [ParNew: 90493K->8053K(92160K), 0.0342650 secs] 4825096K->4747866K(20961280K), 0.0343900 secs] [Times: user=0.27 sys=0.00, real=0.03 secs]
2014-07-28T05:37:35.583+0000: 1496.559: [GC2014-07-28T05:37:35.583+0000: 1496.559: [ParNew: 89973K->10240K(92160K), 0.0763790 secs] 4829786K->4755705K(20961280K), 0.0903890 secs] [Times: user=0.28 sys=0.00, real=0.08 secs]
2014-07-28T05:37:35.767+0000: 1496.743: [GC2014-07-28T05:37:35.767+0000: 1496.743: [ParNew: 92160K->10240K(92160K), 0.0685780 secs] 4837625K->4763892K(20961280K), 0.0687710 secs] [Times: user=0.30 sys=0.00, real=0.07 secs]
2014-07-28T05:37:35.948+0000: 1496.924: [GC2014-07-28T05:37:35.948+0000: 1496.924: [ParNew: 92160K->10240K(92160K), 0.0797200 secs] 4845812K->4771796K(20961280K), 0.0799640 secs] [Times: user=0.35 sys=0.00, real=0.08 secs]
2014-07-28T05:37:36.374+0000: 1497.350: [GC2014-07-28T05:37:36.374+0000: 1497.350: [ParNew: 92160K->10240K(92160K), 0.0342510 secs] 4853716K->4776681K(20961280K), 0.0343780 secs] [Times: user=0.26 sys=0.00, real=0.04 secs]
2014-07-28T05:37:36.636+0000: 1497.612: [GC2014-07-28T05:37:36.636+0000: 1497.612: [ParNew: 92160K->10240K(92160K), 0.0571020 secs] 4858601K->4782164K(20961280K), 0.0572340 secs] [Times: user=0.31 sys=0.00, real=0.05 secs]
2014-07-28T05:37:36.920+0000: 1497.896: [GC2014-07-28T05:37:36.920+0000: 1497.896: [ParNew: 92153K->8402K(92160K), 0.0348220 secs] 4864077K->4785820K(20961280K), 0.0349440 secs] [Times: user=0.27 sys=0.01, real=0.04 secs]
2014-07-28T05:37:37.233+0000: 1498.209: [GC2014-07-28T05:37:37.233+0000: 1498.209: [ParNew: 90322K->8157K(92160K), 0.0334250 secs] 4867740K->4791026K(20961280K), 0.0335470 secs] [Times: user=0.25 sys=0.00, real=0.04 secs]
2014-07-28T05:37:37.712+0000: 1498.688: [GC2014-07-28T05:37:37.712+0000: 1498.688: [ParNew: 90077K->9370K(92160K), 0.0348350 secs] 4872946K->4797749K(20961280K), 0.0349520 secs] [Times: user=0.27 sys=0.00, real=0.04 secs]
2014-07-28T05:37:38.378+0000: 1499.354: [GC2014-07-28T05:37:38.378+0000: 1499.354: [ParNew: 91290K->9568K(92160K), 0.0363200 secs] 4879669K->4803467K(20961280K), 0.0364420 secs] [Times: user=0.28 sys=0.00, real=0.04 secs]
2014-07-28T05:37:38.565+0000: 1499.542: [GC2014-07-28T05:37:38.566+0000: 1499.542: [ParNew: 91488K->10240K(92160K), 0.0333900 secs] 4885387K->4809774K(20961280K), 0.0335070 secs] [Times: user=0.26 sys=0.00, real=0.03 secs]
2014-07-28T05:37:38.767+0000: 1499.743: [GC2014-07-28T05:37:38.767+0000: 1499.743: [ParNew: 92160K->8872K(92160K), 0.0389010 secs] 4891694K->4813936K(20961280K), 0.0390130 secs] [Times: user=0.28 sys=0.01, real=0.04 secs]
2014-07-28T05:37:39.493+0000: 1500.469: [GC2014-07-28T05:37:39.493+0000: 1500.469: [ParNew: 90792K->8916K(92160K), 0.0348480 secs] 4895856K->4819381K(20961280K), 0.0349660 secs] [Times: user=0.27 sys=0.00, real=0.04 secs]
2014-07-28T05:37:39.925+0000: 1500.901: [GC2014-07-28T05:37:39.925+0000: 1500.901: [ParNew: 90836K->10240K(92160K), 0.0334550 secs] 4901301K->4826172K(20961280K), 0.0335760 secs] [Times: user=0.26 sys=0.00, real=0.03 secs]
2014-07-28T05:37:40.215+0000: 1501.191: [GC2014-07-28T05:37:40.215+0000: 1501.191: [ParNew: 92160K->10075K(92160K), 0.0347380 secs] 4908092K->4831629K(20961280K), 0.0348560 secs] [Times: user=0.27 sys=0.00, real=0.03 secs]
2014-07-28T05:37:40.483+0000: 1501.459: [GC2014-07-28T05:37:40.483+0000: 1501.459: [ParNew: 91995K->10045K(92160K), 0.0340350 secs] 4913549K->4836920K(20961280K), 0.0341540 secs] [Times: user=0.26 sys=0.00, real=0.03 secs]
2014-07-28T05:37:40.904+0000: 1501.880: [GC2014-07-28T05:37:40.904+0000: 1501.880: [ParNew: 91965K->10240K(92160K), 0.0333180 secs] 4918840K->4842929K(20961280K), 0.0334420 secs] [Times: user=0.26 sys=0.00, real=0.03 secs]
2014-07-28T05:37:41.115+0000: 1502.091: [GC2014-07-28T05:37:41.115+0000: 1502.091: [ParNew: 92160K->8497K(92160K), 0.0356000 secs] 4924849K->4846599K(20961280K), 0.0357170 secs] [Times: user=0.27 sys=0.00, real=0.03 secs]
2014-07-28T05:37:41.554+0000: 1502.530: [GC2014-07-28T05:37:41.554+0000: 1502.530: [ParNew: 90417K->9199K(92160K), 0.0342920 secs] 4928519K->4852840K(20961280K), 0.0344390 secs] [Times: user=0.26 sys=0.00, real=0.04 secs]
2014-07-28T05:37:42.154+0000: 1503.130: [GC2014-07-28T05:37:42.154+0000: 1503.130: [ParNew: 91119K->9004K(92160K), 0.0334450 secs] 4934760K->4858027K(20961280K), 0.0335640 secs] [Times: user=0.25 sys=0.00, real=0.03 secs]
2014-07-28T05:37:42.572+0000: 1503.548: [GC2014-07-28T05:37:42.572+0000: 1503.548: [ParNew: 90924K->8697K(92160K), 0.0346490 secs] 4939947K->4863265K(20961280K), 0.0347590 secs] [Times: user=0.27 sys=0.00, real=0.04 secs]
2014-07-28T05:37:42.742+0000: 1503.718: [GC2014-07-28T05:37:42.742+0000: 1503.718: [ParNew: 90617K->9294K(92160K), 0.0348480 secs] 4945185K->4869307K(20961280K), 0.0349710 secs] [Times: user=0.27 sys=0.00, real=0.03 secs]
2014-07-28T05:37:43.183+0000: 1504.159: [GC2014-07-28T05:37:43.183+0000: 1504.159: [ParNew: 91214K->9966K(92160K), 0.0354140 secs] 4951227K->4875495K(20961280K), 0.0355320 secs] [Times: user=0.24 sys=0.01, real=0.03 secs]
2014-07-28T05:37:43.440+0000: 1504.416: [GC2014-07-28T05:37:43.440+0000: 1504.416: [ParNew: 91886K->7644K(92160K), 0.0356200 secs] 4957415K->4878637K(20961280K), 0.0357410 secs] [Times: user=0.27 sys=0.00, real=0.04 secs]
2014-07-28T05:37:43.853+0000: 1504.829: [GC2014-07-28T05:37:43.853+0000: 1504.829: [ParNew: 89564K->7223K(92160K), 0.0345260 secs] 4960557K->4883718K(20961280K), 0.0346580 secs] [Times: user=0.26 sys=0.00, real=0.04 secs]
2014-07-28T05:37:44.643+0000: 1505.619: [GC2014-07-28T05:37:44.643+0000: 1505.619: [ParNew: 89143K->8585K(92160K), 0.0348740 secs] 4965638K->4890579K(20961280K), 0.0349960 secs] [Times: user=0.27 sys=0.00, real=0.03 secs]
2014-07-28T05:37:45.225+0000: 1506.201: [GC2014-07-28T05:37:45.225+0000: 1506.201: [ParNew: 90505K->9023K(92160K), 0.0331410 secs] 4972499K->4896095K(20961280K), 0.0332640 secs] [Times: user=0.26 sys=0.00, real=0.03 secs]
2014-07-28T05:37:45.693+0000: 1506.669: [GC2014-07-28T05:37:45.693+0000: 1506.669: [ParNew: 90943K->10023K(92160K), 0.0337560 secs] 4978015K->4902482K(20961280K), 0.0338760 secs] [Times: user=0.25 sys=0.00, real=0.04 secs]
2014-07-28T05:37:45.910+0000: 1506.886: [GC2014-07-28T05:37:45.910+0000: 1506.886: [ParNew: 91943K->10240K(92160K), 0.0349890 secs] 4984402K->4908154K(20961280K), 0.0351080 secs] [Times: user=0.27 sys=0.00, real=0.04 secs]
2014-07-28T05:37:46.079+0000: 1507.055: [GC2014-07-28T05:37:46.079+0000: 1507.055: [ParNew: 92160K->10240K(92160K), 0.0362840 secs] 4990074K->4914998K(20961280K), 0.0364240 secs] [Times: user=0.26 sys=0.01, real=0.04 secs]
2014-07-28T05:37:46.414+0000: 1507.390: [GC2014-07-28T05:37:46.414+0000: 1507.390: [ParNew: 92160K->10151K(92160K), 0.0314730 secs] 4996918K->4920065K(20961280K), 0.0315980 secs] [Times: user=0.24 sys=0.00, real=0.03 secs]
2014-07-28T05:37:46.649+0000: 1507.625: [GC2014-07-28T05:37:46.649+0000: 1507.625: [ParNew: 92071K->9204K(92160K), 0.0644770 secs] 5001985K->4924239K(20961280K), 0.0646080 secs] [Times: user=0.31 sys=0.00, real=0.06 secs]
2014-07-28T05:37:46.882+0000: 1507.858: [GC2014-07-28T05:37:46.882+0000: 1507.858: [ParNew: 91120K->10240K(92160K), 0.0320260 secs] 5006156K->4930746K(20961280K), 0.0321500 secs] [Times: user=0.24 sys=0.00, real=0.03 secs]
2014-07-28T05:37:47.131+0000: 1508.107: [GC2014-07-28T05:37:47.131+0000: 1508.107: [ParNew: 92160K->9307K(92160K), 0.0345940 secs] 5012666K->4935428K(20961280K), 0.0347160 secs] [Times: user=0.25 sys=0.01, real=0.04 secs]
2014-07-28T05:37:47.703+0000: 1508.679: [GC2014-07-28T05:37:47.703+0000: 1508.679: [ParNew: 91227K->8794K(92160K), 0.0357230 secs] 5017348K->4940373K(20961280K), 0.0358420 secs] [Times: user=0.27 sys=0.00, real=0.03 secs]
2014-07-28T05:37:48.407+0000: 1509.383: [GC2014-07-28T05:37:48.407+0000: 1509.383: [ParNew: 90714K->8452K(92160K), 0.0353320 secs] 5022293K->4945352K(20961280K), 0.0354490 secs] [Times: user=0.27 sys=0.00, real=0.04 secs]
2014-07-28T05:37:48.609+0000: 1509.585: [GC2014-07-28T05:37:48.609+0000: 1509.585: [ParNew: 90369K->9069K(92160K), 0.0337430 secs] 5027268K->4951483K(20961280K), 0.0338900 secs] [Times: user=0.27 sys=0.00, real=0.04 secs]
2014-07-28T05:37:48.778+0000: 1509.754: [GC2014-07-28T05:37:48.778+0000: 1509.754: [ParNew: 90989K->10240K(92160K), 0.0395720 secs] 5033403K->4958330K(20961280K), 0.0396780 secs] [Times: user=0.27 sys=0.01, real=0.04 secs]
2014-07-28T05:37:49.474+0000: 1510.450: [GC2014-07-28T05:37:49.474+0000: 1510.450: [ParNew: 92160K->10240K(92160K), 0.0372180 secs] 5040250K->4963934K(20961280K), 0.0373320 secs] [Times: user=0.27 sys=0.00, real=0.04 secs]
2014-07-28T05:37:49.973+0000: 1510.949: [GC2014-07-28T05:37:49.973+0000: 1510.949: [ParNew: 92160K->7747K(92160K), 0.0663320 secs] 5045854K->4966674K(20961280K), 0.0664400 secs] [Times: user=0.48 sys=0.00, real=0.07 secs]
2014-07-28T05:37:50.203+0000: 1511.179: [GC2014-07-28T05:37:50.203+0000: 1511.179: [ParNew: 89667K->8839K(92160K), 0.0350840 secs] 5048594K->4973204K(20961280K), 0.0352030 secs] [Times: user=0.27 sys=0.00, real=0.03 secs]
2014-07-28T05:37:50.522+0000: 1511.499: [GC2014-07-28T05:37:50.523+0000: 1511.499: [ParNew: 90759K->8522K(92160K), 0.0329370 secs] 5055124K->4978454K(20961280K), 0.0330580 secs] [Times: user=0.26 sys=0.00, real=0.03 secs]
2014-07-28T05:37:50.943+0000: 1511.919: [GC2014-07-28T05:37:50.943+0000: 1511.919: [ParNew: 90442K->7839K(92160K), 0.0346100 secs] 5060374K->4983203K(20961280K), 0.0347320 secs] [Times: user=0.26 sys=0.00, real=0.03 secs]
2014-07-28T05:37:51.162+0000: 1512.138: [GC2014-07-28T05:37:51.162+0000: 1512.138: [ParNew: 89759K->8663K(92160K), 0.0351910 secs] 5065123K->4989563K(20961280K), 0.0353270 secs] [Times: user=0.28 sys=0.00, real=0.04 secs]
2014-07-28T05:37:51.342+0000: 1512.318: [GC2014-07-28T05:37:51.342+0000: 1512.318: [ParNew: 90583K->8967K(92160K), 0.0336080 secs] 5071483K->4995468K(20961280K), 0.0337310 secs] [Times: user=0.26 sys=0.00, real=0.04 secs]
2014-07-28T05:37:52.167+0000: 1513.143: [GC2014-07-28T05:37:52.167+0000: 1513.143: [ParNew: 90887K->9123K(92160K), 0.0339260 secs] 5077388K->5001067K(20961280K), 0.0340410 secs] [Times: user=0.25 sys=0.01, real=0.03 secs]
2014-07-28T05:37:52.578+0000: 1513.555: [GC2014-07-28T05:37:52.579+0000: 1513.555: [ParNew: 91043K->10240K(92160K), 0.0319670 secs] 5082987K->5007642K(20961280K), 0.0320880 secs] [Times: user=0.24 sys=0.00, real=0.03 secs]
2014-07-28T05:37:52.776+0000: 1513.752: [GC2014-07-28T05:37:52.776+0000: 1513.752: [ParNew: 92160K->9853K(92160K), 0.0364090 secs] 5089562K->5012790K(20961280K), 0.0365310 secs] [Times: user=0.28 sys=0.00, real=0.03 secs]
2014-07-28T05:37:52.944+0000: 1513.920: [GC2014-07-28T05:37:52.944+0000: 1513.921: [ParNew: 91773K->10068K(92160K), 0.0340850 secs] 5094710K->5018519K(20961280K), 0.0342060 secs] [Times: user=0.27 sys=0.00, real=0.03 secs]
2014-07-28T05:37:53.465+0000: 1514.441: [GC2014-07-28T05:37:53.465+0000: 1514.441: [ParNew: 91988K->8477K(92160K), 0.0768890 secs] 5100439K->5022508K(20961280K), 0.0770310 secs] [Times: user=0.34 sys=0.01, real=0.08 secs]
2014-07-28T05:37:53.873+0000: 1514.849: [GC2014-07-28T05:37:53.914+0000: 1514.890: [ParNew: 90397K->10103K(92160K), 0.0333990 secs] 5104428K->5029684K(20961280K), 0.0748110 secs] [Times: user=0.26 sys=0.00, real=0.08 secs]
2014-07-28T05:37:54.605+0000: 1515.581: [GC2014-07-28T05:37:54.605+0000: 1515.581: [ParNew: 92008K->9401K(92160K), 0.0338470 secs] 5111589K->5034429K(20961280K), 0.0339700 secs] [Times: user=0.26 sys=0.00, real=0.03 secs]
2014-07-28T05:37:55.236+0000: 1516.212: [GC2014-07-28T05:37:55.236+0000: 1516.212: [ParNew: 91321K->9529K(92160K), 0.0351780 secs] 5116349K->5039671K(20961280K), 0.0352990 secs] [Times: user=0.27 sys=0.00, real=0.03 secs]
2014-07-28T05:37:55.653+0000: 1516.629: [GC2014-07-28T05:37:55.653+0000: 1516.629: [ParNew: 91449K->9877K(92160K), 0.0346560 secs] 5121591K->5045189K(20961280K), 0.0347850 secs] [Times: user=0.27 sys=0.00, real=0.04 secs]
2014-07-28T05:37:55.974+0000: 1516.950: [GC2014-07-28T05:37:55.974+0000: 1516.950: [ParNew: 91797K->10240K(92160K), 0.0355780 secs] 5127109K->5051214K(20961280K), 0.0357080 secs] [Times: user=0.27 sys=0.01, real=0.03 secs]
2014-07-28T05:37:56.169+0000: 1517.146: [GC2014-07-28T05:37:56.170+0000: 1517.146: [ParNew: 92160K->10240K(92160K), 0.0394020 secs] 5133134K->5058795K(20961280K), 0.0395330 secs] [Times: user=0.30 sys=0.00, real=0.04 secs]
2014-07-28T05:37:56.382+0000: 1517.358: [GC2014-07-28T05:37:56.382+0000: 1517.358: [ParNew: 92160K->10240K(92160K), 0.0304100 secs] 5140715K->5063407K(20961280K), 0.0305260 secs] [Times: user=0.23 sys=0.00, real=0.03 secs]
2014-07-28T05:37:56.713+0000: 1517.689: [GC2014-07-28T05:37:56.713+0000: 1517.689: [ParNew: 92160K->6966K(92160K), 0.0560520 secs] 5145327K->5065473K(20961280K), 0.0561860 secs] [Times: user=0.28 sys=0.00, real=0.06 secs]
2014-07-28T05:37:56.924+0000: 1517.900: [GC2014-07-28T05:37:56.924+0000: 1517.900: [ParNew: 88886K->8566K(92160K), 0.0311070 secs] 5147393K->5072571K(20961280K), 0.0312260 secs] [Times: user=0.24 sys=0.00, real=0.03 secs]
2014-07-28T05:37:57.173+0000: 1518.149: [GC2014-07-28T05:37:57.173+0000: 1518.149: [ParNew: 90486K->10240K(92160K), 0.0336580 secs] 5154491K->5079859K(20961280K), 0.0337780 secs] [Times: user=0.26 sys=0.00, real=0.04 secs]
2014-07-28T05:37:57.479+0000: 1518.455: [GC2014-07-28T05:37:57.479+0000: 1518.455: [ParNew: 92160K->10240K(92160K), 0.0350670 secs] 5161779K->5085420K(20961280K), 0.0351900 secs] [Times: user=0.26 sys=0.00, real=0.04 secs]
2014-07-28T05:37:58.394+0000: 1519.370: [GC2014-07-28T05:37:58.394+0000: 1519.370: [ParNew: 92160K->8993K(92160K), 0.0314060 secs] 5167340K->5089735K(20961280K), 0.0315270 secs] [Times: user=0.24 sys=0.00, real=0.04 secs]
2014-07-28T05:37:58.638+0000: 1519.614: [GC2014-07-28T05:37:58.638+0000: 1519.614: [ParNew: 90913K->8527K(92160K), 0.0324080 secs] 5171655K->5094446K(20961280K), 0.0325290 secs] [Times: user=0.25 sys=0.00, real=0.03 secs]
2014-07-28T05:37:58.844+0000: 1519.821: [GC2014-07-28T05:37:58.845+0000: 1519.821: [ParNew: 90447K->9519K(92160K), 0.0340260 secs] 5176366K->5101023K(20961280K), 0.0341480 secs] [Times: user=0.26 sys=0.01, real=0.03 secs]
2014-07-28T05:37:59.392+0000: 1520.368: [GC2014-07-28T05:37:59.392+0000: 1520.368: [ParNew: 91439K->8261K(92160K), 0.0340930 secs] 5182943K->5105350K(20961280K), 0.0342200 secs] [Times: user=0.26 sys=0.00, real=0.04 secs]
2014-07-28T05:37:59.971+0000: 1520.947: [GC2014-07-28T05:37:59.971+0000: 1520.947: [ParNew: 90181K->10226K(92160K), 0.0356350 secs] 5187270K->5112603K(20961280K), 0.0357540 secs] [Times: user=0.27 sys=0.00, real=0.04 secs]
2014-07-28T05:38:00.190+0000: 1521.166: [GC2014-07-28T05:38:00.190+0000: 1521.166: [ParNew: 92146K->9524K(92160K), 0.0354310 secs] 5194523K->5117544K(20961280K), 0.0355500 secs] [Times: user=0.26 sys=0.01, real=0.04 secs]
2014-07-28T05:38:00.480+0000: 1521.456: [GC2014-07-28T05:38:00.480+0000: 1521.456: [ParNew: 91444K->10240K(92160K), 0.0380880 secs] 5199464K->5123714K(20961280K), 0.0382110 secs] [Times: user=0.29 sys=0.00, real=0.04 secs]
2014-07-28T05:38:00.703+0000: 1521.679: [GC2014-07-28T05:38:00.703+0000: 1521.679: [ParNew: 92160K->10240K(92160K), 0.0384450 secs] 5205634K->5129921K(20961280K), 0.0385650 secs] [Times: user=0.29 sys=0.00, real=0.03 secs]
2014-07-28T05:38:01.204+0000: 1522.180: [GC2014-07-28T05:38:01.207+0000: 1522.183: [ParNew: 92160K->9346K(92160K), 0.0507650 secs] 5211841K->5134381K(20961280K), 0.0539240 secs] [Times: user=0.36 sys=0.00, real=0.05 secs]
2014-07-28T05:38:01.381+0000: 1522.357: [GC2014-07-28T05:38:01.381+0000: 1522.357: [ParNew: 91266K->9621K(92160K), 0.0382990 secs] 5216301K->5140141K(20961280K), 0.0384230 secs] [Times: user=0.29 sys=0.00, real=0.04 secs]
2014-07-28T05:38:01.820+0000: 1522.797: [GC2014-07-28T05:38:01.821+0000: 1522.797: [ParNew: 91527K->8860K(92160K), 0.0355140 secs] 5222046K->5144916K(20961280K), 0.0356340 secs] [Times: user=0.28 sys=0.00, real=0.04 secs]
2014-07-28T05:38:02.566+0000: 1523.542: [GC2014-07-28T05:38:02.566+0000: 1523.542: [ParNew: 90774K->8091K(92160K), 0.0340900 secs] 5226831K->5149435K(20961280K), 0.0342150 secs] [Times: user=0.24 sys=0.01, real=0.03 secs]
2014-07-28T05:38:02.820+0000: 1523.797: [GC2014-07-28T05:38:02.821+0000: 1523.797: [ParNew: 90011K->8405K(92160K), 0.0354200 secs] 5231355K->5155209K(20961280K), 0.0355780 secs] [Times: user=0.28 sys=0.00, real=0.04 secs]
2014-07-28T05:38:02.988+0000: 1523.964: [GC2014-07-28T05:38:02.988+0000: 1523.964: [ParNew: 90318K->10240K(92160K), 0.0354570 secs] 5237122K->5162641K(20961280K), 0.0355870 secs] [Times: user=0.28 sys=0.00, real=0.04 secs]
2014-07-28T05:38:03.542+0000: 1524.518: [GC2014-07-28T05:38:03.542+0000: 1524.518: [ParNew: 92160K->9089K(92160K), 0.0364310 secs] 5244561K->5167081K(20961280K), 0.0365570 secs] [Times: user=0.28 sys=0.00, real=0.03 secs]
2014-07-28T05:38:03.949+0000: 1524.925: [GC2014-07-28T05:38:03.949+0000: 1524.925: [ParNew: 91009K->9024K(92160K), 0.0504100 secs] 5249001K->5172413K(20961280K), 0.0505190 secs] [Times: user=0.32 sys=0.00, real=0.05 secs]
2014-07-28T05:38:04.433+0000: 1525.409: [GC2014-07-28T05:38:04.433+0000: 1525.410: [ParNew: 90944K->9969K(92160K), 0.0338950 secs] 5254333K->5178748K(20961280K), 0.0340220 secs] [Times: user=0.26 sys=0.00, real=0.03 secs]
2014-07-28T05:38:05.241+0000: 1526.217: [GC2014-07-28T05:38:05.241+0000: 1526.217: [ParNew: 91889K->9424K(92160K), 0.0308870 secs] 5260668K->5183773K(20961280K), 0.0310080 secs] [Times: user=0.24 sys=0.00, real=0.04 secs]
2014-07-28T05:38:05.697+0000: 1526.673: [GC2014-07-28T05:38:05.697+0000: 1526.673: [ParNew: 91338K->9345K(92160K), 0.0332350 secs] 5265687K->5189147K(20961280K), 0.0333500 secs] [Times: user=0.26 sys=0.00, real=0.04 secs]
2014-07-28T05:38:06.029+0000: 1527.005: [GC2014-07-28T05:38:06.029+0000: 1527.005: [ParNew: 91265K->9828K(92160K), 0.0341860 secs] 5271067K->5195167K(20961280K), 0.0343330 secs] [Times: user=0.27 sys=0.00, real=0.04 secs]
2014-07-28T05:38:06.264+0000: 1527.240: [GC2014-07-28T05:38:06.264+0000: 1527.240: [ParNew: 91748K->10117K(92160K), 0.0326120 secs] 5277087K->5200955K(20961280K), 0.0327310 secs] [Times: user=0.25 sys=0.00, real=0.03 secs]
2014-07-28T05:38:06.389+0000: 1527.365: [GC2014-07-28T05:38:06.389+0000: 1527.365: [ParNew: 92037K->10240K(92160K), 0.0330300 secs] 5282875K->5206827K(20961280K), 0.0331520 secs] [Times: user=0.25 sys=0.00, real=0.03 secs]
2014-07-28T05:38:06.699+0000: 1527.675: [GC2014-07-28T05:38:06.699+0000: 1527.675: [ParNew: 92160K->10240K(92160K), 0.0368140 secs] 5288747K->5212640K(20961280K), 0.0369390 secs] [Times: user=0.28 sys=0.00, real=0.04 secs]
2014-07-28T05:38:06.944+0000: 1527.920: [GC2014-07-28T05:38:06.944+0000: 1527.920: [ParNew: 92160K->10240K(92160K), 0.0351170 secs] 5294560K->5217830K(20961280K), 0.0352610 secs] [Times: user=0.26 sys=0.01, real=0.03 secs]
2014-07-28T05:38:07.209+0000: 1528.185: [GC2014-07-28T05:38:07.209+0000: 1528.185: [ParNew: 92160K->10240K(92160K), 0.0334780 secs] 5299750K->5223222K(20961280K), 0.0336050 secs] [Times: user=0.26 sys=0.00, real=0.04 secs]
2014-07-28T05:38:07.539+0000: 1528.515: [GC2014-07-28T05:38:07.539+0000: 1528.515: [ParNew: 92160K->10240K(92160K), 0.0329740 secs] 5305142K->5228826K(20961280K), 0.0330950 secs] [Times: user=0.25 sys=0.01, real=0.04 secs]
2014-07-28T05:38:08.026+0000: 1529.002: [GC2014-07-28T05:38:08.026+0000: 1529.002: [ParNew: 92160K->10032K(92160K), 0.0345540 secs] 5310746K->5234066K(20961280K), 0.0346770 secs] [Times: user=0.26 sys=0.00, real=0.03 secs]
2014-07-28T05:38:08.661+0000: 1529.637: [GC2014-07-28T05:38:08.661+0000: 1529.637: [ParNew: 91952K->9639K(92160K), 0.0352230 secs] 5315986K->5238998K(20961280K), 0.0353450 secs] [Times: user=0.28 sys=0.00, real=0.04 secs]
2014-07-28T05:38:08.880+0000: 1529.856: [GC2014-07-28T05:38:08.880+0000: 1529.856: [ParNew: 91559K->8661K(92160K), 0.0328790 secs] 5320918K->5243491K(20961280K), 0.0330070 secs] [Times: user=0.25 sys=0.00, real=0.04 secs]
2014-07-28T05:38:09.070+0000: 1530.046: [GC2014-07-28T05:38:09.070+0000: 1530.047: [ParNew: 90581K->10240K(92160K), 0.0373460 secs] 5325411K->5250598K(20961280K), 0.0374710 secs] [Times: user=0.28 sys=0.01, real=0.03 secs]
2014-07-28T05:38:10.013+0000: 1530.989: [GC2014-07-28T05:38:10.013+0000: 1530.989: [ParNew: 92160K->10082K(92160K), 0.0324040 secs] 5332518K->5256044K(20961280K), 0.0325530 secs] [Times: user=0.25 sys=0.00, real=0.03 secs]
2014-07-28T05:38:10.230+0000: 1531.206: [GC2014-07-28T05:38:10.230+0000: 1531.206: [ParNew: 92002K->9557K(92160K), 0.0338790 secs] 5337964K->5260722K(20961280K), 0.0340060 secs] [Times: user=0.27 sys=0.00, real=0.04 secs]
2014-07-28T05:38:10.536+0000: 1531.512: [GC2014-07-28T05:38:10.536+0000: 1531.512: [ParNew: 91477K->9918K(92160K), 0.0355760 secs] 5342642K->5266772K(20961280K), 0.0356940 secs] [Times: user=0.28 sys=0.00, real=0.04 secs]
2014-07-28T05:38:10.764+0000: 1531.740: [GC2014-07-28T05:38:10.764+0000: 1531.740: [ParNew: 91838K->10240K(92160K), 0.0354610 secs] 5348692K->5272646K(20961280K), 0.0355840 secs] [Times: user=0.27 sys=0.00, real=0.03 secs]
2014-07-28T05:38:11.244+0000: 1532.221: [GC2014-07-28T05:38:11.245+0000: 1532.221: [ParNew: 92160K->9436K(92160K), 0.0348850 secs] 5354566K->5277381K(20961280K), 0.0350080 secs] [Times: user=0.25 sys=0.02, real=0.03 secs]
2014-07-28T05:38:11.416+0000: 1532.392: [GC2014-07-28T05:38:11.416+0000: 1532.392: [ParNew: 91356K->8592K(92160K), 0.0348240 secs] 5359301K->5281993K(20961280K), 0.0349440 secs] [Times: user=0.27 sys=0.00, real=0.04 secs]
2014-07-28T05:38:11.843+0000: 1532.819: [GC2014-07-28T05:38:11.843+0000: 1532.819: [ParNew: 90504K->8754K(92160K), 0.0350350 secs] 5363905K->5287963K(20961280K), 0.0351520 secs] [Times: user=0.27 sys=0.00, real=0.03 secs]
2014-07-28T05:38:12.432+0000: 1533.408: [GC2014-07-28T05:38:12.432+0000: 1533.408: [ParNew: 90674K->10240K(92160K), 0.0324140 secs] 5369883K->5294896K(20961280K), 0.0325340 secs] [Times: user=0.25 sys=0.00, real=0.03 secs]
2014-07-28T05:38:12.844+0000: 1533.820: [GC2014-07-28T05:38:12.844+0000: 1533.820: [ParNew: 92160K->10240K(92160K), 0.0342340 secs] 5376816K->5300473K(20961280K), 0.0343540 secs] [Times: user=0.25 sys=0.01, real=0.03 secs]
2014-07-28T05:38:13.024+0000: 1534.000: [GC2014-07-28T05:38:13.024+0000: 1534.000: [ParNew: 92160K->9364K(92160K), 0.0320860 secs] 5382393K->5305061K(20961280K), 0.0322080 secs] [Times: user=0.25 sys=0.00, real=0.03 secs]
2014-07-28T05:38:13.513+0000: 1534.489: [GC2014-07-28T05:38:13.513+0000: 1534.489: [ParNew: 91284K->10240K(92160K), 0.0344430 secs] 5386981K->5311631K(20961280K), 0.0345630 secs] [Times: user=0.25 sys=0.02, real=0.03 secs]
2014-07-28T05:38:13.916+0000: 1534.892: [GC2014-07-28T05:38:13.916+0000: 1534.892: [ParNew: 92160K->10240K(92160K), 0.0539550 secs] 5393551K->5317011K(20961280K), 0.0540690 secs] [Times: user=0.27 sys=0.02, real=0.05 secs]
2014-07-28T05:38:14.439+0000: 1535.415: [GC2014-07-28T05:38:14.439+0000: 1535.415: [ParNew: 92160K->10240K(92160K), 0.0348110 secs] 5398931K->5322367K(20961280K), 0.0349340 secs] [Times: user=0.26 sys=0.01, real=0.04 secs]
2014-07-28T05:38:14.983+0000: 1535.959: [GC2014-07-28T05:38:14.983+0000: 1535.960: [ParNew: 92160K->8885K(92160K), 0.0357590 secs] 5404287K->5326520K(20961280K), 0.0358820 secs] [Times: user=0.26 sys=0.00, real=0.03 secs]
2014-07-28T05:38:15.543+0000: 1536.519: [GC2014-07-28T05:38:15.543+0000: 1536.520: [ParNew: 90805K->8297K(92160K), 0.0353510 secs] 5408440K->5331434K(20961280K), 0.0354710 secs] [Times: user=0.27 sys=0.00, real=0.03 secs]
2014-07-28T05:38:16.003+0000: 1536.979: [GC2014-07-28T05:38:16.003+0000: 1536.979: [ParNew: 90217K->9765K(92160K), 0.0327870 secs] 5413354K->5338297K(20961280K), 0.0329140 secs] [Times: user=0.24 sys=0.01, real=0.03 secs]
2014-07-28T05:38:16.314+0000: 1537.290: [GC2014-07-28T05:38:16.314+0000: 1537.290: [ParNew: 91685K->9144K(92160K), 0.0339270 secs] 5420217K->5343181K(20961280K), 0.0340480 secs] [Times: user=0.26 sys=0.00, real=0.03 secs]
2014-07-28T05:38:16.450+0000: 1537.426: [GC2014-07-28T05:38:16.450+0000: 1537.426: [ParNew: 91064K->10240K(92160K), 0.0345750 secs] 5425101K->5350022K(20961280K), 0.0347070 secs] [Times: user=0.26 sys=0.00, real=0.04 secs]
2014-07-28T05:38:16.754+0000: 1537.730: [GC2014-07-28T05:38:16.754+0000: 1537.730: [ParNew: 92160K->10240K(92160K), 0.0317970 secs] 5431942K->5355714K(20961280K), 0.0319140 secs] [Times: user=0.24 sys=0.00, real=0.03 secs]
2014-07-28T05:38:16.984+0000: 1537.960: [GC2014-07-28T05:38:16.984+0000: 1537.960: [ParNew: 92160K->9985K(92160K), 0.0330920 secs] 5437634K->5360756K(20961280K), 0.0332200 secs] [Times: user=0.25 sys=0.00, real=0.03 secs]
2014-07-28T05:38:17.262+0000: 1538.238: [GC2014-07-28T05:38:17.262+0000: 1538.238: [ParNew: 91905K->9409K(92160K), 0.0660430 secs] 5442676K->5365676K(20961280K), 0.0661820 secs] [Times: user=0.27 sys=0.02, real=0.07 secs]
2014-07-28T05:38:17.565+0000: 1538.541: [GC2014-07-28T05:38:17.565+0000: 1538.541: [ParNew: 91329K->10058K(92160K), 0.0827720 secs] 5447596K->5371856K(20961280K), 0.0828990 secs] [Times: user=0.32 sys=0.00, real=0.08 secs]
2014-07-28T05:38:18.049+0000: 1539.025: [GC2014-07-28T05:38:18.049+0000: 1539.026: [ParNew: 91978K->8806K(92160K), 0.0374900 secs] 5453776K->5376049K(20961280K), 0.0376160 secs] [Times: user=0.29 sys=0.00, real=0.04 secs]
2014-07-28T05:38:18.689+0000: 1539.665: [GC2014-07-28T05:38:18.689+0000: 1539.665: [ParNew: 90726K->10240K(92160K), 0.0366400 secs] 5457969K->5382980K(20961280K), 0.0367600 secs] [Times: user=0.27 sys=0.01, real=0.04 secs]
2014-07-28T05:38:18.915+0000: 1539.891: [GC2014-07-28T05:38:18.915+0000: 1539.891: [ParNew: 92160K->10240K(92160K), 0.0542190 secs] 5464900K->5388464K(20961280K), 0.0543380 secs] [Times: user=0.34 sys=0.01, real=0.05 secs]
2014-07-28T05:38:19.125+0000: 1540.101: [GC2014-07-28T05:38:19.125+0000: 1540.101: [ParNew: 92160K->9588K(92160K), 0.0462510 secs] 5470384K->5393376K(20961280K), 0.0470350 secs] [Times: user=0.31 sys=0.00, real=0.05 secs]
2014-07-28T05:38:19.786+0000: 1540.762: [GC2014-07-28T05:38:19.786+0000: 1540.762: [ParNew: 91499K->10190K(92160K), 0.0408050 secs] 5475287K->5399526K(20961280K), 0.0409350 secs] [Times: user=0.29 sys=0.00, real=0.04 secs]
2014-07-28T05:38:20.271+0000: 1541.247: [GC2014-07-28T05:38:20.271+0000: 1541.247: [ParNew: 92110K->10240K(92160K), 0.0335640 secs] 5481446K->5405138K(20961280K), 0.0336910 secs] [Times: user=0.26 sys=0.00, real=0.03 secs]
2014-07-28T05:38:20.533+0000: 1541.509: [GC2014-07-28T05:38:20.533+0000: 1541.509: [ParNew: 92160K->10240K(92160K), 0.0344590 secs] 5487058K->5410518K(20961280K), 0.0345880 secs] [Times: user=0.26 sys=0.00, real=0.03 secs]
2014-07-28T05:38:20.802+0000: 1541.778: [GC2014-07-28T05:38:20.802+0000: 1541.779: [ParNew: 92160K->10240K(92160K), 0.0397510 secs] 5492438K->5415997K(20961280K), 0.0398840 secs] [Times: user=0.30 sys=0.00, real=0.04 secs]
2014-07-28T05:38:21.245+0000: 1542.221: [GC2014-07-28T05:38:21.245+0000: 1542.221: [ParNew: 92160K->10240K(92160K), 0.0331060 secs] 5497917K->5421462K(20961280K), 0.0332320 secs] [Times: user=0.26 sys=0.00, real=0.03 secs]
2014-07-28T05:38:21.455+0000: 1542.432: [GC2014-07-28T05:38:21.456+0000: 1542.432: [ParNew: 92160K->10222K(92160K), 0.0360670 secs] 5503382K->5426997K(20961280K), 0.0361840 secs] [Times: user=0.28 sys=0.00, real=0.04 secs]
2014-07-28T05:38:21.883+0000: 1542.859: [GC2014-07-28T05:38:21.883+0000: 1542.859: [ParNew: 92142K->9641K(92160K), 0.0359040 secs] 5508917K->5432013K(20961280K), 0.0360230 secs] [Times: user=0.28 sys=0.00, real=0.03 secs]
2014-07-28T05:38:22.499+0000: 1543.475: [GC2014-07-28T05:38:22.499+0000: 1543.475: [ParNew: 91561K->10240K(92160K), 0.0359590 secs] 5513933K->5437942K(20961280K), 0.0360920 secs] [Times: user=0.27 sys=0.01, real=0.04 secs]
2014-07-28T05:38:22.884+0000: 1543.860: [GC2014-07-28T05:38:22.884+0000: 1543.861: [ParNew: 92160K->8228K(92160K), 0.0358000 secs] 5519862K->5441478K(20961280K), 0.0359200 secs] [Times: user=0.27 sys=0.00, real=0.03 secs]
2014-07-28T05:38:23.053+0000: 1544.029: [GC2014-07-28T05:38:23.053+0000: 1544.029: [ParNew: 90148K->10240K(92160K), 0.0300430 secs] 5523398K->5448965K(20961280K), 0.0301650 secs] [Times: user=0.22 sys=0.00, real=0.03 secs]
2014-07-28T05:38:23.554+0000: 1544.530: [GC2014-07-28T05:38:23.554+0000: 1544.530: [ParNew: 92160K->9096K(92160K), 0.0348140 secs] 5530885K->5453372K(20961280K), 0.0349350 secs] [Times: user=0.26 sys=0.00, real=0.03 secs]
2014-07-28T05:38:23.921+0000: 1544.897: [GC2014-07-28T05:38:23.921+0000: 1544.897: [ParNew: 91016K->9113K(92160K), 0.0546770 secs] 5535292K->5458769K(20961280K), 0.0548100 secs] [Times: user=0.27 sys=0.00, real=0.06 secs]
2014-07-28T05:38:24.406+0000: 1545.382: [GC2014-07-28T05:38:24.406+0000: 1545.382: [ParNew: 91033K->9820K(92160K), 0.0352570 secs] 5540689K->5464972K(20961280K), 0.0353830 secs] [Times: user=0.26 sys=0.01, real=0.03 secs]
2014-07-28T05:38:25.017+0000: 1545.993: [GC2014-07-28T05:38:25.017+0000: 1545.993: [ParNew: 91740K->7198K(92160K), 0.0330340 secs] 5546892K->5467777K(20961280K), 0.0331920 secs] [Times: user=0.25 sys=0.00, real=0.03 secs]
2014-07-28T05:38:25.534+0000: 1546.510: [GC2014-07-28T05:38:25.534+0000: 1546.510: [ParNew: 89118K->9003K(92160K), 0.0383120 secs] 5549697K->5475080K(20961280K), 0.0384350 secs] [Times: user=0.29 sys=0.01, real=0.04 secs]
2014-07-28T05:38:25.986+0000: 1546.962: [GC2014-07-28T05:38:25.986+0000: 1546.962: [ParNew: 90923K->9951K(92160K), 0.0380170 secs] 5557000K->5481629K(20961280K), 0.0381400 secs] [Times: user=0.29 sys=0.00, real=0.04 secs]
2014-07-28T05:38:26.245+0000: 1547.221: [GC2014-07-28T05:38:26.245+0000: 1547.221: [ParNew: 91871K->10240K(92160K), 0.0345430 secs] 5563549K->5487803K(20961280K), 0.0346720 secs] [Times: user=0.26 sys=0.00, real=0.03 secs]
2014-07-28T05:38:26.508+0000: 1547.484: [GC2014-07-28T05:38:26.508+0000: 1547.484: [ParNew: 92160K->9834K(92160K), 0.0335310 secs] 5569723K->5492695K(20961280K), 0.0336560 secs] [Times: user=0.26 sys=0.00, real=0.03 secs]
2014-07-28T05:38:26.733+0000: 1547.709: [GC2014-07-28T05:38:26.733+0000: 1547.709: [ParNew: 91747K->10240K(92160K), 0.0343090 secs] 5574609K->5498619K(20961280K), 0.0344240 secs] [Times: user=0.27 sys=0.00, real=0.03 secs]
2014-07-28T05:38:26.999+0000: 1547.975: [GC2014-07-28T05:38:26.999+0000: 1547.975: [ParNew: 92160K->8739K(92160K), 0.0339910 secs] 5580539K->5502450K(20961280K), 0.0341190 secs] [Times: user=0.26 sys=0.00, real=0.04 secs]
2014-07-28T05:38:27.277+0000: 1548.253: [GC2014-07-28T05:38:27.277+0000: 1548.253: [ParNew: 90659K->9270K(92160K), 0.0335670 secs] 5584370K->5508534K(20961280K), 0.0336860 secs] [Times: user=0.26 sys=0.00, real=0.04 secs]
2014-07-28T05:38:27.552+0000: 1548.529: [GC2014-07-28T05:38:27.553+0000: 1548.529: [ParNew: 91190K->10060K(92160K), 0.0325660 secs] 5590454K->5514757K(20961280K), 0.0326790 secs] [Times: user=0.25 sys=0.00, real=0.03 secs]
2014-07-28T05:38:28.048+0000: 1549.024: [GC2014-07-28T05:38:28.048+0000: 1549.024: [ParNew: 91980K->9738K(92160K), 0.0340400 secs] 5596677K->5519937K(20961280K), 0.0341640 secs] [Times: user=0.27 sys=0.00, real=0.03 secs]
2014-07-28T05:38:28.719+0000: 1549.695: [GC2014-07-28T05:38:28.719+0000: 1549.695: [ParNew: 91658K->10240K(92160K), 0.0318170 secs] 5601857K->5525905K(20961280K), 0.0319430 secs] [Times: user=0.24 sys=0.00, real=0.04 secs]
2014-07-28T05:38:28.912+0000: 1549.888: [GC2014-07-28T05:38:28.912+0000: 1549.888: [ParNew: 92153K->9702K(92160K), 0.0587400 secs] 5607818K->5530826K(20961280K), 0.0588480 secs] [Times: user=0.30 sys=0.00, real=0.06 secs]
2014-07-28T05:38:29.128+0000: 1550.104: [GC2014-07-28T05:38:29.128+0000: 1550.104: [ParNew: 91622K->10240K(92160K), 0.0370750 secs] 5612746K->5536888K(20961280K), 0.0372070 secs] [Times: user=0.26 sys=0.01, real=0.04 secs]
2014-07-28T05:38:29.839+0000: 1550.815: [GC2014-07-28T05:38:29.839+0000: 1550.815: [ParNew: 92160K->8028K(92160K), 0.0356810 secs] 5618808K->5540184K(20961280K), 0.0358070 secs] [Times: user=0.26 sys=0.01, real=0.04 secs]
2014-07-28T05:38:30.293+0000: 1551.269: [GC2014-07-28T05:38:30.293+0000: 1551.269: [ParNew: 89948K->9138K(92160K), 0.0350680 secs] 5622104K->5546667K(20961280K), 0.0352140 secs] [Times: user=0.28 sys=0.00, real=0.03 secs]
2014-07-28T05:38:30.562+0000: 1551.538: [GC2014-07-28T05:38:30.562+0000: 1551.539: [ParNew: 91058K->9748K(92160K), 0.0353190 secs] 5628587K->5552846K(20961280K), 0.0354400 secs] [Times: user=0.27 sys=0.01, real=0.03 secs]
2014-07-28T05:38:30.834+0000: 1551.810: [GC2014-07-28T05:38:30.834+0000: 1551.810: [ParNew: 91668K->9999K(92160K), 0.0352170 secs] 5634766K->5558528K(20961280K), 0.0353660 secs] [Times: user=0.28 sys=0.00, real=0.03 secs]
2014-07-28T05:38:31.258+0000: 1552.234: [GC2014-07-28T05:38:31.258+0000: 1552.234: [ParNew: 91919K->9154K(92160K), 0.0329620 secs] 5640448K->5563279K(20961280K), 0.0330840 secs] [Times: user=0.25 sys=0.00, real=0.04 secs]
2014-07-28T05:38:31.501+0000: 1552.477: [GC2014-07-28T05:38:31.501+0000: 1552.477: [ParNew: 91074K->9528K(92160K), 0.0363510 secs] 5645199K->5569083K(20961280K), 0.0364720 secs] [Times: user=0.28 sys=0.00, real=0.04 secs]
2014-07-28T05:38:31.882+0000: 1552.858: [GC2014-07-28T05:38:31.882+0000: 1552.858: [ParNew: 91448K->10240K(92160K), 0.0343410 secs] 5651003K->5575328K(20961280K), 0.0344620 secs] [Times: user=0.25 sys=0.01, real=0.03 secs]
2014-07-28T05:38:32.501+0000: 1553.477: [GC2014-07-28T05:38:32.501+0000: 1553.477: [ParNew: 92160K->9332K(92160K), 0.0334690 secs] 5657248K->5579908K(20961280K), 0.0335920 secs] [Times: user=0.26 sys=0.00, real=0.04 secs]
2014-07-28T05:38:32.886+0000: 1553.862: [GC2014-07-28T05:38:32.886+0000: 1553.862: [ParNew: 91252K->9308K(92160K), 0.0338970 secs] 5661828K->5585270K(20961280K), 0.0340420 secs] [Times: user=0.27 sys=0.00, real=0.03 secs]
2014-07-28T05:38:33.093+0000: 1554.069: [GC2014-07-28T05:38:33.093+0000: 1554.069: [ParNew: 91228K->10240K(92160K), 0.0324110 secs] 5667190K->5591795K(20961280K), 0.0325330 secs] [Times: user=0.25 sys=0.00, real=0.03 secs]
2014-07-28T05:38:33.523+0000: 1554.499: [GC2014-07-28T05:38:33.523+0000: 1554.499: [ParNew: 92160K->9164K(92160K), 0.0317300 secs] 5673715K->5596178K(20961280K), 0.0318460 secs] [Times: user=0.24 sys=0.00, real=0.03 secs]
2014-07-28T05:38:33.911+0000: 1554.887: [GC2014-07-28T05:38:33.911+0000: 1554.887: [ParNew: 91084K->9254K(92160K), 0.0539410 secs] 5678098K->5601716K(20961280K), 0.0540700 secs] [Times: user=0.32 sys=0.00, real=0.05 secs]
2014-07-28T05:38:34.233+0000: 1555.209: [GC2014-07-28T05:38:34.233+0000: 1555.209: [ParNew: 91172K->8961K(92160K), 0.0530000 secs] 5683634K->5606890K(20961280K), 0.0531100 secs] [Times: user=0.32 sys=0.00, real=0.05 secs]
2014-07-28T05:38:35.000+0000: 1555.976: [GC2014-07-28T05:38:35.000+0000: 1555.976: [ParNew: 90881K->7971K(92160K), 0.0450280 secs] 5688810K->5611323K(20961280K), 0.0451490 secs] [Times: user=0.30 sys=0.00, real=0.04 secs]
2014-07-28T05:38:35.549+0000: 1556.525: [GC2014-07-28T05:38:35.549+0000: 1556.525: [ParNew: 89891K->9512K(92160K), 0.0788290 secs] 5693243K->5618332K(20961280K), 0.0789720 secs] [Times: user=0.32 sys=0.01, real=0.08 secs]
2014-07-28T05:38:36.035+0000: 1557.011: [GC2014-07-28T05:38:36.035+0000: 1557.011: [ParNew: 91432K->10201K(92160K), 0.0801710 secs] 5700252K->5624541K(20961280K), 0.0802980 secs] [Times: user=0.42 sys=0.00, real=0.08 secs]
2014-07-28T05:38:36.299+0000: 1557.276: [GC2014-07-28T05:38:36.300+0000: 1557.276: [ParNew: 92106K->8281K(92160K), 0.0336100 secs] 5706446K->5628103K(20961280K), 0.0337360 secs] [Times: user=0.25 sys=0.01, real=0.03 secs]
2014-07-28T05:38:36.553+0000: 1557.529: [GC2014-07-28T05:38:36.553+0000: 1557.529: [ParNew: 90201K->9038K(92160K), 0.0314870 secs] 5710023K->5634520K(20961280K), 0.0316040 secs] [Times: user=0.25 sys=0.00, real=0.03 secs]
2014-07-28T05:38:36.722+0000: 1557.698: [GC2014-07-28T05:38:36.722+0000: 1557.698: [ParNew: 90948K->10021K(92160K), 0.0340780 secs] 5716429K->5640941K(20961280K), 0.0341980 secs] [Times: user=0.26 sys=0.00, real=0.03 secs]
2014-07-28T05:38:37.021+0000: 1557.997: [GC2014-07-28T05:38:37.021+0000: 1557.997: [ParNew: 91941K->9031K(92160K), 0.0338380 secs] 5722861K->5645407K(20961280K), 0.0339600 secs] [Times: user=0.24 sys=0.00, real=0.03 secs]
2014-07-28T05:38:37.232+0000: 1558.208: [GC2014-07-28T05:38:37.232+0000: 1558.208: [ParNew: 90930K->9304K(92160K), 0.0364360 secs] 5727306K->5651151K(20961280K), 0.0365560 secs] [Times: user=0.28 sys=0.00, real=0.03 secs]
2014-07-28T05:38:37.528+0000: 1558.504: [GC2014-07-28T05:38:37.528+0000: 1558.504: [ParNew: 91224K->9420K(92160K), 0.0344900 secs] 5733071K->5656762K(20961280K), 0.0346100 secs] [Times: user=0.27 sys=0.00, real=0.04 secs]
2014-07-28T05:38:38.034+0000: 1559.010: [GC2014-07-28T05:38:38.034+0000: 1559.010: [ParNew: 91340K->8978K(92160K), 0.0347540 secs] 5738682K->5661844K(20961280K), 0.0348760 secs] [Times: user=0.26 sys=0.00, real=0.03 secs]
2014-07-28T05:38:38.712+0000: 1559.689: [GC2014-07-28T05:38:38.713+0000: 1559.689: [ParNew: 90898K->9449K(92160K), 0.0325040 secs] 5743764K->5667641K(20961280K), 0.0326240 secs] [Times: user=0.25 sys=0.00, real=0.03 secs]
2014-07-28T05:38:38.938+0000: 1559.914: [GC2014-07-28T05:38:38.938+0000: 1559.914: [ParNew: 91369K->8982K(92160K), 0.0629230 secs] 5749561K->5672692K(20961280K), 0.0630460 secs] [Times: user=0.30 sys=0.01, real=0.07 secs]
2014-07-28T05:38:39.160+0000: 1560.136: [GC2014-07-28T05:38:39.160+0000: 1560.136: [ParNew: 90902K->8955K(92160K), 0.0368970 secs] 5754612K->5678050K(20961280K), 0.0370490 secs] [Times: user=0.28 sys=0.00, real=0.03 secs]
2014-07-28T05:38:39.783+0000: 1560.759: [GC2014-07-28T05:38:39.783+0000: 1560.759: [ParNew: 90875K->10031K(92160K), 0.0340050 secs] 5759970K->5684788K(20961280K), 0.0341260 secs] [Times: user=0.27 sys=0.00, real=0.03 secs]
2014-07-28T05:38:40.291+0000: 1561.267: [GC2014-07-28T05:38:40.291+0000: 1561.267: [ParNew: 91951K->8778K(92160K), 0.0359840 secs] 5766708K->5688943K(20961280K), 0.0361060 secs] [Times: user=0.27 sys=0.00, real=0.03 secs]
2014-07-28T05:38:40.511+0000: 1561.487: [GC2014-07-28T05:38:40.511+0000: 1561.487: [ParNew: 90698K->8858K(92160K), 0.0348880 secs] 5770863K->5694470K(20961280K), 0.0350160 secs] [Times: user=0.27 sys=0.00, real=0.03 secs]
2014-07-28T05:38:40.823+0000: 1561.799: [GC2014-07-28T05:38:40.823+0000: 1561.799: [ParNew: 90778K->8942K(92160K), 0.0318930 secs] 5776390K->5700046K(20961280K), 0.0320110 secs] [Times: user=0.24 sys=0.00, real=0.03 secs]
2014-07-28T05:38:41.242+0000: 1562.218: [GC2014-07-28T05:38:41.242+0000: 1562.218: [ParNew: 90862K->8298K(92160K), 0.0336640 secs] 5781966K->5704859K(20961280K), 0.0337840 secs] [Times: user=0.26 sys=0.00, real=0.03 secs]
2014-07-28T05:38:41.520+0000: 1562.496: [GC2014-07-28T05:38:41.520+0000: 1562.496: [ParNew: 90218K->9009K(92160K), 0.0597950 secs] 5786779K->5711075K(20961280K), 0.0599250 secs] [Times: user=0.33 sys=0.00, real=0.06 secs]
2014-07-28T05:38:41.813+0000: 1562.789: [GC2014-07-28T05:38:41.813+0000: 1562.790: [ParNew: 90921K->9128K(92160K), 0.0683300 secs] 5792987K->5716776K(20961280K), 0.0684500 secs] [Times: user=0.28 sys=0.00, real=0.07 secs]
2014-07-28T05:38:42.470+0000: 1563.446: [GC2014-07-28T05:38:42.470+0000: 1563.446: [ParNew: 91048K->8264K(92160K), 0.0326320 secs] 5798696K->5721280K(20961280K), 0.0327580 secs] [Times: user=0.25 sys=0.01, real=0.03 secs]
2014-07-28T05:38:42.883+0000: 1563.859: [GC2014-07-28T05:38:42.883+0000: 1563.859: [ParNew: 90184K->9471K(92160K), 0.0357170 secs] 5803200K->5728011K(20961280K), 0.0358370 secs] [Times: user=0.27 sys=0.01, real=0.04 secs]
2014-07-28T05:38:43.105+0000: 1564.081: [GC2014-07-28T05:38:43.105+0000: 1564.081: [ParNew: 91391K->10240K(92160K), 0.0367630 secs] 5809931K->5734301K(20961280K), 0.0368840 secs] [Times: user=0.27 sys=0.00, real=0.04 secs]
2014-07-28T05:38:43.277+0000: 1564.253: [GC2014-07-28T05:38:43.277+0000: 1564.253: [ParNew: 92160K->10240K(92160K), 0.0348890 secs] 5816221K->5739942K(20961280K), 0.0350090 secs] [Times: user=0.26 sys=0.00, real=0.04 secs]
2014-07-28T05:38:43.810+0000: 1564.786: [GC2014-07-28T05:38:43.810+0000: 1564.786: [ParNew: 92160K->10240K(92160K), 0.0329230 secs] 5821862K->5745362K(20961280K), 0.0330460 secs] [Times: user=0.25 sys=0.00, real=0.04 secs]
2014-07-28T05:38:44.213+0000: 1565.189: [GC2014-07-28T05:38:44.213+0000: 1565.189: [ParNew: 92160K->9812K(92160K), 0.0341650 secs] 5827282K->5750368K(20961280K), 0.0342880 secs] [Times: user=0.26 sys=0.00, real=0.03 secs]
2014-07-28T05:38:44.892+0000: 1565.868: [GC2014-07-28T05:38:44.892+0000: 1565.868: [ParNew: 91732K->8892K(92160K), 0.0330280 secs] 5832288K->5754948K(20961280K), 0.0331470 secs] [Times: user=0.25 sys=0.01, real=0.03 secs]
2014-07-28T05:38:45.527+0000: 1566.503: [GC2014-07-28T05:38:45.527+0000: 1566.503: [ParNew: 90812K->8906K(92160K), 0.0341210 secs] 5836868K->5760300K(20961280K), 0.0342670 secs] [Times: user=0.25 sys=0.00, real=0.04 secs]
2014-07-28T05:38:45.972+0000: 1566.948: [GC2014-07-28T05:38:45.972+0000: 1566.948: [ParNew: 90826K->10240K(92160K), 0.0348900 secs] 5842220K->5767141K(20961280K), 0.0350110 secs] [Times: user=0.27 sys=0.00, real=0.03 secs]
2014-07-28T05:38:46.310+0000: 1567.286: [GC2014-07-28T05:38:46.310+0000: 1567.286: [ParNew: 92160K->10240K(92160K), 0.0329180 secs] 5849061K->5772849K(20961280K), 0.0330410 secs] [Times: user=0.25 sys=0.00, real=0.03 secs]
2014-07-28T05:38:46.570+0000: 1567.546: [GC2014-07-28T05:38:46.570+0000: 1567.546: [ParNew: 92160K->10240K(92160K), 0.0358980 secs] 5854769K->5778189K(20961280K), 0.0360180 secs] [Times: user=0.28 sys=0.01, real=0.03 secs]
2014-07-28T05:38:46.725+0000: 1567.701: [GC2014-07-28T05:38:46.725+0000: 1567.701: [ParNew: 92160K->10240K(92160K), 0.0373940 secs] 5860109K->5783761K(20961280K), 0.0375220 secs] [Times: user=0.29 sys=0.00, real=0.04 secs]
2014-07-28T05:38:47.015+0000: 1567.991: [GC2014-07-28T05:38:47.015+0000: 1567.991: [ParNew: 92160K->10240K(92160K), 0.0342420 secs] 5865681K->5789612K(20961280K), 0.0343550 secs] [Times: user=0.25 sys=0.00, real=0.03 secs]
2014-07-28T05:38:47.246+0000: 1568.222: [GC2014-07-28T05:38:47.246+0000: 1568.223: [ParNew: 92160K->9983K(92160K), 0.0354800 secs] 5871532K->5794566K(20961280K), 0.0356020 secs] [Times: user=0.27 sys=0.00, real=0.04 secs]
2014-07-28T05:38:47.549+0000: 1568.525: [GC2014-07-28T05:38:47.549+0000: 1568.525: [ParNew: 91903K->9439K(92160K), 0.0318730 secs] 5876486K->5799474K(20961280K), 0.0319930 secs] [Times: user=0.24 sys=0.00, real=0.04 secs]
2014-07-28T05:38:47.844+0000: 1568.820: [GC2014-07-28T05:38:47.844+0000: 1568.820: [ParNew: 91359K->10240K(92160K), 0.0460380 secs] 5881394K->5805706K(20961280K), 0.0461420 secs] [Times: user=0.29 sys=0.00, real=0.05 secs]
2014-07-28T05:38:48.673+0000: 1569.649: [GC2014-07-28T05:38:48.673+0000: 1569.649: [ParNew: 92160K->9035K(92160K), 0.0343730 secs] 5887626K->5810070K(20961280K), 0.0344960 secs] [Times: user=0.27 sys=0.00, real=0.03 secs]
2014-07-28T05:38:48.936+0000: 1569.912: [GC2014-07-28T05:38:48.936+0000: 1569.912: [ParNew: 90955K->9546K(92160K), 0.0374290 secs] 5891990K->5815839K(20961280K), 0.0375490 secs] [Times: user=0.29 sys=0.01, real=0.04 secs]
2014-07-28T05:38:49.192+0000: 1570.169: [GC2014-07-28T05:38:49.193+0000: 1570.169: [ParNew: 91466K->10240K(92160K), 0.0331460 secs] 5897759K->5822195K(20961280K), 0.0332660 secs] [Times: user=0.25 sys=0.00, real=0.03 secs]
2014-07-28T05:38:49.451+0000: 1570.427: [GC2014-07-28T05:38:49.451+0000: 1570.427: [ParNew: 92160K->8913K(92160K), 0.0352910 secs] 5904115K->5826249K(20961280K), 0.0353970 secs] [Times: user=0.26 sys=0.00, real=0.03 secs]
2014-07-28T05:38:50.277+0000: 1571.253: [GC2014-07-28T05:38:50.277+0000: 1571.253: [ParNew: 90824K->9991K(92160K), 0.0398630 secs] 5908159K->5832723K(20961280K), 0.0399690 secs] [Times: user=0.28 sys=0.01, real=0.04 secs]
2014-07-28T05:38:50.514+0000: 1571.490: [GC2014-07-28T05:38:50.514+0000: 1571.490: [ParNew: 91911K->10240K(92160K), 0.0544580 secs] 5914643K->5838582K(20961280K), 0.0545640 secs] [Times: user=0.35 sys=0.00, real=0.05 secs]
2014-07-28T05:38:50.813+0000: 1571.789: [GC2014-07-28T05:38:50.813+0000: 1571.789: [ParNew: 92160K->10240K(92160K), 0.0313250 secs] 5920502K->5844170K(20961280K), 0.0314450 secs] [Times: user=0.24 sys=0.00, real=0.03 secs]
2014-07-28T05:38:51.049+0000: 1572.025: [GC2014-07-28T05:38:51.049+0000: 1572.025: [ParNew: 92160K->10240K(92160K), 0.0345100 secs] 5926090K->5849845K(20961280K), 0.0346340 secs] [Times: user=0.25 sys=0.01, real=0.04 secs]
2014-07-28T05:38:51.561+0000: 1572.537: [GC2014-07-28T05:38:51.561+0000: 1572.537: [ParNew: 92160K->8454K(92160K), 0.0346850 secs] 5931765K->5853539K(20961280K), 0.0348070 secs] [Times: user=0.27 sys=0.00, real=0.03 secs]
2014-07-28T05:38:51.713+0000: 1572.689: [GC2014-07-28T05:38:51.713+0000: 1572.689: [ParNew: 90374K->10240K(92160K), 0.0334300 secs] 5935459K->5861700K(20961280K), 0.0335750 secs] [Times: user=0.24 sys=0.01, real=0.03 secs]
2014-07-28T05:38:52.163+0000: 1573.140: [GC2014-07-28T05:38:52.164+0000: 1573.140: [ParNew: 92160K->9143K(92160K), 0.0354310 secs] 5943620K->5865821K(20961280K), 0.0355580 secs] [Times: user=0.26 sys=0.00, real=0.04 secs]
2014-07-28T05:38:52.771+0000: 1573.747: [GC2014-07-28T05:38:52.771+0000: 1573.747: [ParNew: 91063K->8815K(92160K), 0.0324310 secs] 5947741K->5870894K(20961280K), 0.0325500 secs] [Times: user=0.24 sys=0.01, real=0.03 secs]
2014-07-28T05:38:53.154+0000: 1574.131: [GC2014-07-28T05:38:53.155+0000: 1574.131: [ParNew: 90735K->8793K(92160K), 0.0306070 secs] 5952814K->5876335K(20961280K), 0.0307460 secs] [Times: user=0.23 sys=0.00, real=0.03 secs]
2014-07-28T05:38:53.326+0000: 1574.302: [GC2014-07-28T05:38:53.326+0000: 1574.302: [ParNew: 90713K->9639K(92160K), 0.0338790 secs] 5958255K->5882759K(20961280K), 0.0339990 secs] [Times: user=0.26 sys=0.00, real=0.04 secs]
2014-07-28T05:38:53.817+0000: 1574.794: [GC2014-07-28T05:38:53.817+0000: 1574.794: [ParNew: 91559K->9164K(92160K), 0.0324090 secs] 5964679K->5887847K(20961280K), 0.0325270 secs] [Times: user=0.25 sys=0.00, real=0.04 secs]
2014-07-28T05:38:54.216+0000: 1575.192: [GC2014-07-28T05:38:54.216+0000: 1575.192: [ParNew: 91084K->9269K(92160K), 0.0343390 secs] 5969767K->5893392K(20961280K), 0.0344680 secs] [Times: user=0.25 sys=0.01, real=0.04 secs]
2014-07-28T05:38:54.713+0000: 1575.689: [GC2014-07-28T05:38:54.713+0000: 1575.689: [ParNew: 91189K->10240K(92160K), 0.0378910 secs] 5975312K->5899816K(20961280K), 0.0380090 secs] [Times: user=0.28 sys=0.01, real=0.04 secs]
2014-07-28T05:38:55.496+0000: 1576.472: [GC2014-07-28T05:38:55.496+0000: 1576.472: [ParNew: 92155K->8846K(92160K), 0.0299250 secs] 5981731K->5903893K(20961280K), 0.0300470 secs] [Times: user=0.24 sys=0.00, real=0.03 secs]
2014-07-28T05:38:55.957+0000: 1576.934: [GC2014-07-28T05:38:55.958+0000: 1576.934: [ParNew: 90766K->8449K(92160K), 0.0336110 secs] 5985813K->5908795K(20961280K), 0.0337440 secs] [Times: user=0.24 sys=0.02, real=0.04 secs]
2014-07-28T05:38:56.304+0000: 1577.280: [GC2014-07-28T05:38:56.304+0000: 1577.280: [ParNew: 90369K->8188K(92160K), 0.0337230 secs] 5990715K->5914054K(20961280K), 0.0338440 secs] [Times: user=0.27 sys=0.00, real=0.04 secs]
2014-07-28T05:38:56.614+0000: 1577.590: [GC2014-07-28T05:38:56.614+0000: 1577.590: [ParNew: 90108K->9022K(92160K), 0.0327530 secs] 5995974K->5920436K(20961280K), 0.0328700 secs] [Times: user=0.24 sys=0.00, real=0.03 secs]
2014-07-28T05:38:56.779+0000: 1577.755: [GC2014-07-28T05:38:56.779+0000: 1577.756: [ParNew: 90942K->9183K(92160K), 0.0340120 secs] 6002356K->5926139K(20961280K), 0.0341340 secs] [Times: user=0.26 sys=0.00, real=0.03 secs]
2014-07-28T05:38:57.053+0000: 1578.029: [GC2014-07-28T05:38:57.053+0000: 1578.029: [ParNew: 91103K->8326K(92160K), 0.0350450 secs] 6008059K->5930922K(20961280K), 0.0351670 secs] [Times: user=0.28 sys=0.00, real=0.03 secs]
2014-07-28T05:38:57.262+0000: 1578.238: [GC2014-07-28T05:38:57.262+0000: 1578.238: [ParNew: 90246K->9076K(92160K), 0.0342040 secs] 6012842K->5936992K(20961280K), 0.0343240 secs] [Times: user=0.26 sys=0.00, real=0.03 secs]
2014-07-28T05:38:57.548+0000: 1578.524: [GC2014-07-28T05:38:57.548+0000: 1578.524: [ParNew: 90996K->9560K(92160K), 0.0325570 secs] 6018912K->5942994K(20961280K), 0.0326790 secs] [Times: user=0.25 sys=0.00, real=0.04 secs]
2014-07-28T05:38:57.893+0000: 1578.869: [GC2014-07-28T05:38:57.893+0000: 1578.869: [ParNew: 91480K->8956K(92160K), 0.0344080 secs] 6024914K->5947967K(20961280K), 0.0345270 secs] [Times: user=0.26 sys=0.00, real=0.03 secs]
2014-07-28T05:38:58.312+0000: 1579.288: [GC2014-07-28T05:38:58.312+0000: 1579.289: [ParNew: 90876K->10240K(92160K), 0.0326070 secs] 6029887K->5954575K(20961280K), 0.0327330 secs] [Times: user=0.26 sys=0.00, real=0.03 secs]
2014-07-28T05:38:58.980+0000: 1579.956: [GC2014-07-28T05:38:58.980+0000: 1579.956: [ParNew: 92160K->9976K(92160K), 0.0361570 secs] 6036495K->5959918K(20961280K), 0.0362810 secs] [Times: user=0.28 sys=0.00, real=0.03 secs]
2014-07-28T05:38:59.190+0000: 1580.166: [GC2014-07-28T05:38:59.190+0000: 1580.166: [ParNew: 91896K->9039K(92160K), 0.0336680 secs] 6041838K->5964329K(20961280K), 0.0337920 secs] [Times: user=0.26 sys=0.00, real=0.03 secs]
2014-07-28T05:38:59.403+0000: 1580.379: [GC2014-07-28T05:38:59.403+0000: 1580.379: [ParNew: 90959K->9963K(92160K), 0.0371590 secs] 6046249K->5970877K(20961280K), 0.0444620 secs] [Times: user=0.27 sys=0.00, real=0.04 secs]
2014-07-28T05:39:00.090+0000: 1581.066: [GC2014-07-28T05:39:00.090+0000: 1581.066: [ParNew: 91883K->10240K(92160K), 0.0364700 secs] 6052797K->5976613K(20961280K), 0.0365940 secs] [Times: user=0.28 sys=0.00, real=0.04 secs]
2014-07-28T05:39:00.564+0000: 1581.540: [GC2014-07-28T05:39:00.564+0000: 1581.540: [ParNew: 92160K->8349K(92160K), 0.0307670 secs] 6058533K->5980115K(20961280K), 0.0308890 secs] [Times: user=0.24 sys=0.00, real=0.03 secs]
2014-07-28T05:39:00.813+0000: 1581.789: [GC2014-07-28T05:39:00.813+0000: 1581.789: [ParNew: 90269K->10183K(92160K), 0.0345400 secs] 6062035K->5987352K(20961280K), 0.0346620 secs] [Times: user=0.27 sys=0.00, real=0.03 secs]
2014-07-28T05:39:01.095+0000: 1582.071: [GC2014-07-28T05:39:01.095+0000: 1582.071: [ParNew: 92103K->8822K(92160K), 0.0356570 secs] 6069272K->5991562K(20961280K), 0.0357860 secs] [Times: user=0.27 sys=0.00, real=0.04 secs]
2014-07-28T05:39:01.523+0000: 1582.499: [GC2014-07-28T05:39:01.523+0000: 1582.499: [ParNew: 90742K->10240K(92160K), 0.0367160 secs] 6073482K->5998486K(20961280K), 0.0368350 secs] [Times: user=0.28 sys=0.00, real=0.04 secs]
2014-07-28T05:39:01.781+0000: 1582.757: [GC2014-07-28T05:39:01.781+0000: 1582.757: [ParNew: 92160K->10240K(92160K), 0.0349490 secs] 6080406K->6004008K(20961280K), 0.0350680 secs] [Times: user=0.27 sys=0.00, real=0.03 secs]
2014-07-28T05:39:02.151+0000: 1583.127: [GC2014-07-28T05:39:02.151+0000: 1583.127: [ParNew: 92160K->10240K(92160K), 0.0335940 secs] 6085928K->6009684K(20961280K), 0.0337220 secs] [Times: user=0.26 sys=0.00, real=0.03 secs]
2014-07-28T05:39:02.771+0000: 1583.747: [GC2014-07-28T05:39:02.771+0000: 1583.747: [ParNew: 92160K->10240K(92160K), 0.0325350 secs] 6091604K->6015024K(20961280K), 0.0326640 secs] [Times: user=0.25 sys=0.00, real=0.03 secs]
2014-07-28T05:39:03.154+0000: 1584.130: [GC2014-07-28T05:39:03.154+0000: 1584.130: [ParNew: 92160K->10240K(92160K), 0.0349560 secs] 6096944K->6020475K(20961280K), 0.0351200 secs] [Times: user=0.27 sys=0.00, real=0.03 secs]
2014-07-28T05:39:03.339+0000: 1584.315: [GC2014-07-28T05:39:03.339+0000: 1584.315: [ParNew: 92156K->10240K(92160K), 0.0321680 secs] 6102391K->6026163K(20961280K), 0.0322880 secs] [Times: user=0.24 sys=0.00, real=0.03 secs]
2014-07-28T05:39:03.815+0000: 1584.791: [GC2014-07-28T05:39:03.815+0000: 1584.791: [ParNew: 92160K->8827K(92160K), 0.0384550 secs] 6108083K->6030264K(20961280K), 0.0385760 secs] [Times: user=0.26 sys=0.01, real=0.04 secs]
2014-07-28T05:39:04.217+0000: 1585.193: [GC2014-07-28T05:39:04.217+0000: 1585.193: [ParNew: 90747K->10240K(92160K), 0.0324850 secs] 6112184K->6037128K(20961280K), 0.0326070 secs] [Times: user=0.24 sys=0.00, real=0.03 secs]
2014-07-28T05:39:04.712+0000: 1585.688: [GC2014-07-28T05:39:04.712+0000: 1585.688: [ParNew: 92160K->10043K(92160K), 0.0702910 secs] 6119048K->6042394K(20961280K), 0.0704080 secs] [Times: user=0.39 sys=0.00, real=0.07 secs]
2014-07-28T05:39:05.274+0000: 1586.250: [GC2014-07-28T05:39:05.274+0000: 1586.250: [ParNew: 91963K->8822K(92160K), 0.0481210 secs] 6124314K->6046556K(20961280K), 0.0482320 secs] [Times: user=0.35 sys=0.01, real=0.05 secs]
2014-07-28T05:39:05.834+0000: 1586.810: [GC2014-07-28T05:39:05.834+0000: 1586.810: [ParNew: 90742K->9335K(92160K), 0.0343420 secs] 6128476K->6052684K(20961280K), 0.0344630 secs] [Times: user=0.25 sys=0.01, real=0.03 secs]
2014-07-28T05:39:06.307+0000: 1587.283: [GC2014-07-28T05:39:06.307+0000: 1587.283: [ParNew: 91255K->9950K(92160K), 0.0369750 secs] 6134604K->6058787K(20961280K), 0.0370960 secs] [Times: user=0.29 sys=0.00, real=0.04 secs]
2014-07-28T05:39:06.555+0000: 1587.531: [GC2014-07-28T05:39:06.555+0000: 1587.531: [ParNew: 91867K->9236K(92160K), 0.0367250 secs] 6140704K->6063555K(20961280K), 0.0368710 secs] [Times: user=0.28 sys=0.00, real=0.04 secs]
2014-07-28T05:39:06.812+0000: 1587.788: [GC2014-07-28T05:39:06.812+0000: 1587.788: [ParNew: 91156K->9848K(92160K), 0.0328550 secs] 6145475K->6069609K(20961280K), 0.0329750 secs] [Times: user=0.25 sys=0.00, real=0.03 secs]
2014-07-28T05:39:07.005+0000: 1587.981: [GC2014-07-28T05:39:07.005+0000: 1587.981: [ParNew: 91767K->10240K(92160K), 0.0631070 secs] 6151528K->6075513K(20961280K), 0.0632290 secs] [Times: user=0.32 sys=0.00, real=0.07 secs]
2014-07-28T05:39:07.271+0000: 1588.247: [GC2014-07-28T05:39:07.271+0000: 1588.247: [ParNew: 92160K->10218K(92160K), 0.0369010 secs] 6157433K->6080919K(20961280K), 0.0370250 secs] [Times: user=0.28 sys=0.00, real=0.04 secs]
2014-07-28T05:39:07.582+0000: 1588.558: [GC2014-07-28T05:39:07.582+0000: 1588.558: [ParNew: 92138K->8805K(92160K), 0.0310730 secs] 6162839K->6085115K(20961280K), 0.0312120 secs] [Times: user=0.24 sys=0.00, real=0.03 secs]
2014-07-28T05:39:07.853+0000: 1588.829: [GC2014-07-28T05:39:07.853+0000: 1588.829: [ParNew: 90718K->7259K(92160K), 0.0330110 secs] 6167029K->6088865K(20961280K), 0.0331350 secs] [Times: user=0.25 sys=0.01, real=0.04 secs]
2014-07-28T05:39:08.353+0000: 1589.329: [GC2014-07-28T05:39:08.353+0000: 1589.329: [ParNew: 89179K->9202K(92160K), 0.0320640 secs] 6170785K->6096329K(20961280K), 0.0321880 secs] [Times: user=0.24 sys=0.01, real=0.03 secs]
2014-07-28T05:39:08.972+0000: 1589.948: [GC2014-07-28T05:39:08.972+0000: 1589.949: [ParNew: 91122K->10240K(92160K), 0.0323920 secs] 6178249K->6102945K(20961280K), 0.0325190 secs] [Times: user=0.25 sys=0.00, real=0.03 secs]
2014-07-28T05:39:09.234+0000: 1590.210: [GC2014-07-28T05:39:09.234+0000: 1590.210: [ParNew: 92160K->8717K(92160K), 0.0312780 secs] 6184865K->6106962K(20961280K), 0.0313980 secs] [Times: user=0.24 sys=0.00, real=0.03 secs]
2014-07-28T05:39:09.430+0000: 1590.406: [GC2014-07-28T05:39:09.430+0000: 1590.406: [ParNew: 90637K->8450K(92160K), 0.0336010 secs] 6188882K->6112093K(20961280K), 0.0337400 secs] [Times: user=0.25 sys=0.00, real=0.03 secs]
2014-07-28T05:39:10.113+0000: 1591.089: [GC2014-07-28T05:39:10.113+0000: 1591.089: [ParNew: 90370K->8093K(92160K), 0.0330410 secs] 6194013K->6117203K(20961280K), 0.0331640 secs] [Times: user=0.26 sys=0.00, real=0.04 secs]
2014-07-28T05:39:10.562+0000: 1591.538: [GC2014-07-28T05:39:10.562+0000: 1591.538: [ParNew: 90013K->9268K(92160K), 0.0330240 secs] 6199123K->6123860K(20961280K), 0.0331470 secs] [Times: user=0.25 sys=0.00, real=0.03 secs]
2014-07-28T05:39:10.826+0000: 1591.802: [GC2014-07-28T05:39:10.826+0000: 1591.802: [ParNew: 91188K->10240K(92160K), 0.0344390 secs] 6205780K->6130389K(20961280K), 0.0345720 secs] [Times: user=0.26 sys=0.00, real=0.03 secs]
2014-07-28T05:39:11.095+0000: 1592.071: [GC2014-07-28T05:39:11.095+0000: 1592.071: [ParNew: 92146K->10240K(92160K), 0.0328780 secs] 6212295K->6135825K(20961280K), 0.0330020 secs] [Times: user=0.25 sys=0.00, real=0.04 secs]
2014-07-28T05:39:11.533+0000: 1592.509: [GC2014-07-28T05:39:11.533+0000: 1592.509: [ParNew: 92160K->8014K(92160K), 0.0345050 secs] 6217745K->6139209K(20961280K), 0.0346240 secs] [Times: user=0.26 sys=0.00, real=0.04 secs]
2014-07-28T05:39:11.819+0000: 1592.795: [GC2014-07-28T05:39:11.819+0000: 1592.795: [ParNew: 89934K->9463K(92160K), 0.0342000 secs] 6221129K->6145980K(20961280K), 0.0343230 secs] [Times: user=0.27 sys=0.00, real=0.03 secs]
2014-07-28T05:39:12.173+0000: 1593.149: [GC2014-07-28T05:39:12.173+0000: 1593.149: [ParNew: 91383K->7797K(92160K), 0.0341550 secs] 6227900K->6149731K(20961280K), 0.0342770 secs] [Times: user=0.26 sys=0.00, real=0.04 secs]
2014-07-28T05:39:12.799+0000: 1593.775: [GC2014-07-28T05:39:12.799+0000: 1593.775: [ParNew: 89717K->7386K(92160K), 0.0338280 secs] 6231651K->6154815K(20961280K), 0.0339450 secs] [Times: user=0.26 sys=0.00, real=0.03 secs]
2014-07-28T05:39:13.192+0000: 1594.168: [GC2014-07-28T05:39:13.192+0000: 1594.168: [ParNew: 89306K->9847K(92160K), 0.0340230 secs] 6236735K->6162719K(20961280K), 0.0341760 secs] [Times: user=0.25 sys=0.01, real=0.04 secs]
2014-07-28T05:39:13.386+0000: 1594.362: [GC2014-07-28T05:39:13.386+0000: 1594.362: [ParNew: 91766K->10179K(92160K), 0.0308160 secs] 6244638K->6168550K(20961280K), 0.0309330 secs] [Times: user=0.24 sys=0.00, real=0.02 secs]
2014-07-28T05:39:13.786+0000: 1594.762: [GC2014-07-28T05:39:13.786+0000: 1594.762: [ParNew: 92099K->10028K(92160K), 0.0331960 secs] 6250470K->6173991K(20961280K), 0.0333160 secs] [Times: user=0.25 sys=0.00, real=0.04 secs]
2014-07-28T05:39:14.196+0000: 1595.172: [GC2014-07-28T05:39:14.196+0000: 1595.172: [ParNew: 91933K->7851K(92160K), 0.0342130 secs] 6255896K->6177287K(20961280K), 0.0343350 secs] [Times: user=0.26 sys=0.01, real=0.04 secs]
2014-07-28T05:39:14.549+0000: 1595.525: [GC2014-07-28T05:39:14.549+0000: 1595.525: [ParNew: 89771K->8242K(92160K), 0.0393430 secs] 6259207K->6183130K(20961280K), 0.0396600 secs] [Times: user=0.29 sys=0.00, real=0.04 secs]
2014-07-28T05:39:15.262+0000: 1596.239: [GC2014-07-28T05:39:15.263+0000: 1596.239: [ParNew: 90162K->9367K(92160K), 0.0351380 secs] 6265050K->6189668K(20961280K), 0.0352760 secs] [Times: user=0.27 sys=0.00, real=0.03 secs]
2014-07-28T05:39:15.833+0000: 1596.809: [GC2014-07-28T05:39:15.833+0000: 1596.810: [ParNew: 91287K->10240K(92160K), 0.0367300 secs] 6271588K->6196116K(20961280K), 0.0368500 secs] [Times: user=0.27 sys=0.02, real=0.04 secs]
2014-07-28T05:39:16.294+0000: 1597.270: [GC2014-07-28T05:39:16.294+0000: 1597.270: [ParNew: 92160K->10240K(92160K), 0.0368580 secs] 6278036K->6201655K(20961280K), 0.0369760 secs] [Times: user=0.28 sys=0.00, real=0.04 secs]
2014-07-28T05:39:16.561+0000: 1597.537: [GC2014-07-28T05:39:16.561+0000: 1597.537: [ParNew: 92160K->10240K(92160K), 0.0332050 secs] 6283575K->6207095K(20961280K), 0.0333420 secs] [Times: user=0.25 sys=0.00, real=0.03 secs]
2014-07-28T05:39:16.829+0000: 1597.805: [GC2014-07-28T05:39:16.829+0000: 1597.805: [ParNew: 92160K->10240K(92160K), 0.0347570 secs] 6289015K->6212807K(20961280K), 0.0348760 secs] [Times: user=0.26 sys=0.01, real=0.03 secs]
2014-07-28T05:39:16.998+0000: 1597.974: [GC2014-07-28T05:39:16.998+0000: 1597.974: [ParNew: 92160K->10240K(92160K), 0.0352710 secs] 6294727K->6218172K(20961280K), 0.0354050 secs] [Times: user=0.27 sys=0.01, real=0.04 secs]
2014-07-28T05:39:17.302+0000: 1598.278: [GC2014-07-28T05:39:17.302+0000: 1598.278: [ParNew: 92160K->8615K(92160K), 0.0313940 secs] 6300092K->6222014K(20961280K), 0.0315060 secs] [Times: user=0.24 sys=0.00, real=0.03 secs]
2014-07-28T05:39:17.506+0000: 1598.482: [GC2014-07-28T05:39:17.506+0000: 1598.482: [ParNew: 90534K->10240K(92160K), 0.0352940 secs] 6303932K->6229003K(20961280K), 0.0354150 secs] [Times: user=0.26 sys=0.01, real=0.03 secs]
2014-07-28T05:39:17.809+0000: 1598.785: [GC2014-07-28T05:39:17.809+0000: 1598.785: [ParNew: 92160K->8171K(92160K), 0.0363260 secs] 6310923K->6232545K(20961280K), 0.0364470 secs] [Times: user=0.29 sys=0.00, real=0.03 secs]
2014-07-28T05:39:18.303+0000: 1599.280: [GC2014-07-28T05:39:18.303+0000: 1599.280: [ParNew: 90091K->7990K(92160K), 0.0312490 secs] 6314465K->6237801K(20961280K), 0.0313710 secs] [Times: user=0.24 sys=0.00, real=0.03 secs]
2014-07-28T05:39:18.986+0000: 1599.962: [GC2014-07-28T05:39:18.986+0000: 1599.962: [ParNew: 89910K->8480K(92160K), 0.0316940 secs] 6319721K->6243722K(20961280K), 0.0318150 secs] [Times: user=0.24 sys=0.00, real=0.03 secs]
2014-07-28T05:39:19.214+0000: 1600.190: [GC2014-07-28T05:39:19.214+0000: 1600.190: [ParNew: 90400K->9552K(92160K), 0.0460500 secs] 6325642K->6250254K(20961280K), 0.0461650 secs] [Times: user=0.29 sys=0.00, real=0.05 secs]
2014-07-28T05:39:19.424+0000: 1600.400: [GC2014-07-28T05:39:19.424+0000: 1600.400: [ParNew: 91472K->10240K(92160K), 0.0507870 secs] 6332174K->6256459K(20961280K), 0.0509070 secs] [Times: user=0.29 sys=0.00, real=0.05 secs]
2014-07-28T05:39:20.054+0000: 1601.030: [GC2014-07-28T05:39:20.054+0000: 1601.030: [ParNew: 92160K->10240K(92160K), 0.0372840 secs] 6338379K->6262229K(20961280K), 0.0374130 secs] [Times: user=0.27 sys=0.01, real=0.04 secs]
2014-07-28T05:39:20.567+0000: 1601.543: [GC2014-07-28T05:39:20.567+0000: 1601.543: [ParNew: 92160K->9914K(92160K), 0.0334010 secs] 6344149K->6267149K(20961280K), 0.0335220 secs] [Times: user=0.25 sys=0.00, real=0.03 secs]
2014-07-28T05:39:20.794+0000: 1601.770: [GC2014-07-28T05:39:20.794+0000: 1601.770: [ParNew: 91834K->10240K(92160K), 0.0360300 secs] 6349069K->6272873K(20961280K), 0.0361660 secs] [Times: user=0.27 sys=0.00, real=0.04 secs]
2014-07-28T05:39:21.126+0000: 1602.102: [GC2014-07-28T05:39:21.126+0000: 1602.102: [ParNew: 92160K->9559K(92160K), 0.0355230 secs] 6354793K->6277939K(20961280K), 0.0356470 secs] [Times: user=0.27 sys=0.00, real=0.03 secs]
2014-07-28T05:39:21.516+0000: 1602.492: [GC2014-07-28T05:39:21.516+0000: 1602.492: [ParNew: 91479K->10240K(92160K), 0.0322070 secs] 6359859K->6284157K(20961280K), 0.0323270 secs] [Times: user=0.25 sys=0.00, real=0.04 secs]
2014-07-28T05:39:21.793+0000: 1602.769: [GC2014-07-28T05:39:21.793+0000: 1602.769: [ParNew: 92160K->10240K(92160K), 0.0368280 secs] 6366077K->6290092K(20961280K), 0.0369480 secs] [Times: user=0.29 sys=0.00, real=0.04 secs]
2014-07-28T05:39:22.118+0000: 1603.094: [GC2014-07-28T05:39:22.118+0000: 1603.094: [ParNew: 92160K->8079K(92160K), 0.0304160 secs] 6372012K->6293282K(20961280K), 0.0305370 secs] [Times: user=0.24 sys=0.00, real=0.04 secs]
2014-07-28T05:39:22.738+0000: 1603.714: [GC2014-07-28T05:39:22.738+0000: 1603.715: [ParNew: 89999K->10056K(92160K), 0.0357500 secs] 6375202K->6300656K(20961280K), 0.0358680 secs] [Times: user=0.27 sys=0.01, real=0.03 secs]
2014-07-28T05:39:23.164+0000: 1604.141: [GC2014-07-28T05:39:23.165+0000: 1604.141: [ParNew: 91976K->8219K(92160K), 0.0316790 secs] 6382576K->6304353K(20961280K), 0.0317980 secs] [Times: user=0.25 sys=0.00, real=0.03 secs]
2014-07-28T05:39:23.389+0000: 1604.366: [GC2014-07-28T05:39:23.390+0000: 1604.366: [ParNew: 90139K->10240K(92160K), 0.0376480 secs] 6386273K->6311868K(20961280K), 0.0377680 secs] [Times: user=0.26 sys=0.02, real=0.04 secs]
2014-07-28T05:39:23.591+0000: 1604.567: [GC2014-07-28T05:39:23.591+0000: 1604.567: [ParNew: 92160K->9675K(92160K), 0.0344850 secs] 6393788K->6316883K(20961280K), 0.0346170 secs] [Times: user=0.25 sys=0.01, real=0.03 secs]
2014-07-28T05:39:24.065+0000: 1605.041: [GC2014-07-28T05:39:24.065+0000: 1605.041: [ParNew: 91595K->10240K(92160K), 0.0542250 secs] 6398803K->6322774K(20961280K), 0.0543630 secs] [Times: user=0.29 sys=0.02, real=0.06 secs]
2014-07-28T05:39:24.482+0000: 1605.458: [GC2014-07-28T05:39:24.482+0000: 1605.458: [ParNew: 92160K->9926K(92160K), 0.0366150 secs] 6404694K->6328038K(20961280K), 0.0367360 secs] [Times: user=0.27 sys=0.01, real=0.04 secs]
2014-07-28T05:39:25.152+0000: 1606.128: [GC2014-07-28T05:39:25.152+0000: 1606.128: [ParNew: 91846K->9136K(92160K), 0.0363340 secs] 6409958K->6332706K(20961280K), 0.0364630 secs] [Times: user=0.28 sys=0.00, real=0.04 secs]
2014-07-28T05:39:25.799+0000: 1606.775: [GC2014-07-28T05:39:25.799+0000: 1606.775: [ParNew: 91056K->10240K(92160K), 0.0346560 secs] 6414626K->6339173K(20961280K), 0.0347810 secs] [Times: user=0.26 sys=0.01, real=0.03 secs]
2014-07-28T05:39:26.244+0000: 1607.220: [GC2014-07-28T05:39:26.244+0000: 1607.221: [ParNew: 92160K->9857K(92160K), 0.0353040 secs] 6421093K->6344399K(20961280K), 0.0354280 secs] [Times: user=0.26 sys=0.01, real=0.04 secs]
2014-07-28T05:39:26.583+0000: 1607.559: [GC2014-07-28T05:39:26.583+0000: 1607.559: [ParNew: 91777K->9250K(92160K), 0.0338430 secs] 6426319K->6349364K(20961280K), 0.0339630 secs] [Times: user=0.26 sys=0.00, real=0.03 secs]
2014-07-28T05:39:26.872+0000: 1607.848: [GC2014-07-28T05:39:26.872+0000: 1607.848: [ParNew: 91170K->9402K(92160K), 0.0355270 secs] 6431284K->6354977K(20961280K), 0.0356440 secs] [Times: user=0.28 sys=0.00, real=0.04 secs]
2014-07-28T05:39:27.034+0000: 1608.010: [GC2014-07-28T05:39:27.034+0000: 1608.010: [ParNew: 91322K->10145K(92160K), 0.0376670 secs] 6436897K->6361184K(20961280K), 0.0377850 secs] [Times: user=0.29 sys=0.00, real=0.04 secs]
2014-07-28T05:39:27.282+0000: 1608.258: [GC2014-07-28T05:39:27.282+0000: 1608.258: [ParNew: 92065K->10240K(92160K), 0.0372190 secs] 6443104K->6366961K(20961280K), 0.0373690 secs] [Times: user=0.28 sys=0.00, real=0.04 secs]
2014-07-28T05:39:27.510+0000: 1608.486: [GC2014-07-28T05:39:27.510+0000: 1608.486: [ParNew: 92160K->10240K(92160K), 0.0345380 secs] 6448881K->6372430K(20961280K), 0.0346560 secs] [Times: user=0.26 sys=0.01, real=0.03 secs]
2014-07-28T05:39:27.802+0000: 1608.778: [GC2014-07-28T05:39:27.802+0000: 1608.778: [ParNew: 92160K->10144K(92160K), 0.0334520 secs] 6454350K->6377782K(20961280K), 0.0335680 secs] [Times: user=0.24 sys=0.00, real=0.03 secs]
2014-07-28T05:39:28.130+0000: 1609.106: [GC2014-07-28T05:39:28.130+0000: 1609.106: [ParNew: 92064K->10240K(92160K), 0.0326450 secs] 6459702K->6383487K(20961280K), 0.0327670 secs] [Times: user=0.25 sys=0.00, real=0.03 secs]
2014-07-28T05:39:28.943+0000: 1609.919: [GC2014-07-28T05:39:28.943+0000: 1609.919: [ParNew: 92160K->9406K(92160K), 0.0765310 secs] 6465407K->6388006K(20961280K), 0.0766570 secs] [Times: user=0.34 sys=0.00, real=0.08 secs]
2014-07-28T05:39:29.213+0000: 1610.189: [GC2014-07-28T05:39:29.213+0000: 1610.189: [ParNew: 91326K->10240K(92160K), 0.0659990 secs] 6469926K->6394165K(20961280K), 0.0661180 secs] [Times: user=0.33 sys=0.00, real=0.07 secs]
2014-07-28T05:39:29.473+0000: 1610.449: [GC2014-07-28T05:39:29.473+0000: 1610.449: [ParNew: 92160K->9227K(92160K), 0.0315170 secs] 6476085K->6398746K(20961280K), 0.0316320 secs] [Times: user=0.24 sys=0.00, real=0.03 secs]
2014-07-28T05:39:29.898+0000: 1610.874: [GC2014-07-28T05:39:29.898+0000: 1610.874: [ParNew: 91147K->7524K(92160K), 0.0301170 secs] 6480666K->6402305K(20961280K), 0.0302410 secs] [Times: user=0.23 sys=0.01, real=0.04 secs]
2014-07-28T05:39:30.543+0000: 1611.519: [GC2014-07-28T05:39:30.543+0000: 1611.519: [ParNew: 89444K->8713K(92160K), 0.0323750 secs] 6484225K->6408968K(20961280K), 0.0325040 secs] [Times: user=0.22 sys=0.02, real=0.03 secs]
2014-07-28T05:39:30.822+0000: 1611.798: [GC2014-07-28T05:39:30.822+0000: 1611.798: [ParNew: 90633K->10240K(92160K), 0.0362800 secs] 6490888K->6416085K(20961280K), 0.0364020 secs] [Times: user=0.28 sys=0.01, real=0.04 secs]
2014-07-28T05:39:31.083+0000: 1612.060: [GC2014-07-28T05:39:31.084+0000: 1612.060: [ParNew: 92160K->10240K(92160K), 0.0376990 secs] 6498005K->6421824K(20961280K), 0.0378220 secs] [Times: user=0.29 sys=0.00, real=0.04 secs]
2014-07-28T05:39:31.358+0000: 1612.334: [GC2014-07-28T05:39:31.358+0000: 1612.334: [ParNew: 92160K->9625K(92160K), 0.0359740 secs] 6503744K->6426548K(20961280K), 0.0360970 secs] [Times: user=0.27 sys=0.00, real=0.04 secs]
2014-07-28T05:39:31.832+0000: 1612.808: [GC2014-07-28T05:39:31.832+0000: 1612.808: [ParNew: 91545K->8630K(92160K), 0.0345360 secs] 6508468K->6431005K(20961280K), 0.0346640 secs] [Times: user=0.26 sys=0.00, real=0.04 secs]
2014-07-28T05:39:32.019+0000: 1612.995: [GC2014-07-28T05:39:32.019+0000: 1612.995: [ParNew: 90550K->10240K(92160K), 0.0552120 secs] 6512925K->6438559K(20961280K), 0.0553500 secs] [Times: user=0.26 sys=0.01, real=0.05 secs]
2014-07-28T05:39:32.612+0000: 1613.588: [GC2014-07-28T05:39:32.612+0000: 1613.588: [ParNew: 92160K->8787K(92160K), 0.0337350 secs] 6520479K->6442552K(20961280K), 0.0338520 secs] [Times: user=0.26 sys=0.00, real=0.04 secs]
2014-07-28T05:39:33.098+0000: 1614.074: [GC2014-07-28T05:39:33.098+0000: 1614.074: [ParNew: 90707K->9764K(92160K), 0.0347090 secs] 6524472K->6448700K(20961280K), 0.0348300 secs] [Times: user=0.27 sys=0.00, real=0.03 secs]
2014-07-28T05:39:33.437+0000: 1614.413: [GC2014-07-28T05:39:33.437+0000: 1614.413: [ParNew: 91684K->8103K(92160K), 0.0334590 secs] 6530620K->6452515K(20961280K), 0.0335770 secs] [Times: user=0.26 sys=0.00, real=0.04 secs]
2014-07-28T05:39:33.591+0000: 1614.567: [GC2014-07-28T05:39:33.591+0000: 1614.567: [ParNew: 90023K->10240K(92160K), 0.0351230 secs] 6534435K->6460479K(20961280K), 0.0352490 secs] [Times: user=0.27 sys=0.00, real=0.04 secs]
2014-07-28T05:39:34.080+0000: 1615.056: [GC2014-07-28T05:39:34.080+0000: 1615.056: [ParNew: 92160K->10240K(92160K), 0.0544980 secs] 6542399K->6466073K(20961280K), 0.0546530 secs] [Times: user=0.28 sys=0.00, real=0.05 secs]
2014-07-28T05:39:34.479+0000: 1615.455: [GC2014-07-28T05:39:34.479+0000: 1615.455: [ParNew: 92160K->8514K(92160K), 0.0479410 secs] 6547993K->6469543K(20961280K), 0.0480650 secs] [Times: user=0.29 sys=0.00, real=0.05 secs]
2014-07-28T05:39:34.982+0000: 1615.959: [GC2014-07-28T05:39:34.983+0000: 1615.959: [ParNew: 90434K->10240K(92160K), 0.0427800 secs] 6551463K->6476854K(20961280K), 0.0429180 secs] [Times: user=0.29 sys=0.00, real=0.04 secs]
2014-07-28T05:39:35.743+0000: 1616.719: [GC2014-07-28T05:39:35.743+0000: 1616.720: [ParNew: 92160K->9227K(92160K), 0.0631000 secs] 6558774K->6481254K(20961280K), 0.0632180 secs] [Times: user=0.29 sys=0.00, real=0.07 secs]
2014-07-28T05:39:36.232+0000: 1617.208: [GC2014-07-28T05:39:36.232+0000: 1617.208: [ParNew: 91147K->8314K(92160K), 0.0328580 secs] 6563174K->6485662K(20961280K), 0.0329820 secs] [Times: user=0.24 sys=0.00, real=0.03 secs]
2014-07-28T05:39:36.570+0000: 1617.546: [GC2014-07-28T05:39:36.570+0000: 1617.547: [ParNew: 90234K->8796K(92160K), 0.0342060 secs] 6567582K->6491635K(20961280K), 0.0343170 secs] [Times: user=0.26 sys=0.00, real=0.03 secs]
2014-07-28T05:39:36.853+0000: 1617.829: [GC2014-07-28T05:39:36.853+0000: 1617.829: [ParNew: 90716K->9808K(92160K), 0.0358780 secs] 6573555K->6498200K(20961280K), 0.0359950 secs] [Times: user=0.29 sys=0.00, real=0.04 secs]
2014-07-28T05:39:37.073+0000: 1618.049: [GC2014-07-28T05:39:37.073+0000: 1618.049: [ParNew: 91728K->9294K(92160K), 0.0334910 secs] 6580120K->6503112K(20961280K), 0.0336050 secs] [Times: user=0.26 sys=0.00, real=0.04 secs]
2014-07-28T05:39:37.317+0000: 1618.293: [GC2014-07-28T05:39:37.317+0000: 1618.293: [ParNew: 91214K->9175K(92160K), 0.0318350 secs] 6585032K->6508510K(20961280K), 0.0319500 secs] [Times: user=0.25 sys=0.00, real=0.04 secs]
2014-07-28T05:39:37.536+0000: 1618.512: [GC2014-07-28T05:39:37.536+0000: 1618.512: [ParNew: 91095K->9029K(92160K), 0.0327360 secs] 6590430K->6513865K(20961280K), 0.0328570 secs] [Times: user=0.26 sys=0.00, real=0.04 secs]
2014-07-28T05:39:37.814+0000: 1618.790: [GC2014-07-28T05:39:37.814+0000: 1618.790: [ParNew: 90949K->9783K(92160K), 0.0343870 secs] 6595785K->6520129K(20961280K), 0.0345180 secs] [Times: user=0.27 sys=0.00, real=0.04 secs]
2014-07-28T05:39:38.162+0000: 1619.139: [GC2014-07-28T05:39:38.163+0000: 1619.139: [ParNew: 91703K->8001K(92160K), 0.0324210 secs] 6602049K->6523949K(20961280K), 0.0325410 secs] [Times: user=0.23 sys=0.01, real=0.03 secs]
2014-07-28T05:39:38.574+0000: 1619.550: [GC2014-07-28T05:39:38.574+0000: 1619.550: [ParNew: 89921K->9581K(92160K), 0.0311050 secs] 6605869K->6530812K(20961280K), 0.0312270 secs] [Times: user=0.25 sys=0.00, real=0.03 secs]
2014-07-28T05:39:39.273+0000: 1620.249: [GC2014-07-28T05:39:39.273+0000: 1620.249: [ParNew: 91501K->7241K(92160K), 0.0323450 secs] 6612732K->6534122K(20961280K), 0.0324630 secs] [Times: user=0.26 sys=0.00, real=0.03 secs]
2014-07-28T05:39:39.463+0000: 1620.439: [GC2014-07-28T05:39:39.463+0000: 1620.439: [ParNew: 89161K->10240K(92160K), 0.0332810 secs] 6616042K->6542310K(20961280K), 0.0333970 secs] [Times: user=0.26 sys=0.00, real=0.04 secs]
2014-07-28T05:39:39.659+0000: 1620.635: [GC2014-07-28T05:39:39.659+0000: 1620.635: [ParNew: 92160K->9744K(92160K), 0.0340500 secs] 6624230K->6547488K(20961280K), 0.0341690 secs] [Times: user=0.27 sys=0.00, real=0.03 secs]
2014-07-28T05:39:40.341+0000: 1621.317: [GC2014-07-28T05:39:40.341+0000: 1621.317: [ParNew: 91658K->10240K(92160K), 0.0322070 secs] 6629402K->6553507K(20961280K), 0.0323350 secs] [Times: user=0.25 sys=0.00, real=0.03 secs]
2014-07-28T05:39:40.813+0000: 1621.789: [GC2014-07-28T05:39:40.813+0000: 1621.789: [ParNew: 92160K->9441K(92160K), 0.0323130 secs] 6635427K->6558033K(20961280K), 0.0324360 secs] [Times: user=0.24 sys=0.00, real=0.03 secs]
2014-07-28T05:39:41.075+0000: 1622.051: [GC2014-07-28T05:39:41.075+0000: 1622.051: [ParNew: 91361K->9884K(92160K), 0.0342270 secs] 6639953K->6563902K(20961280K), 0.0343540 secs] [Times: user=0.26 sys=0.00, real=0.03 secs]
2014-07-28T05:39:41.353+0000: 1622.329: [GC2014-07-28T05:39:41.353+0000: 1622.329: [ParNew: 91804K->10113K(92160K), 0.0339000 secs] 6645822K->6569645K(20961280K), 0.0340270 secs] [Times: user=0.26 sys=0.00, real=0.04 secs]
2014-07-28T05:39:41.785+0000: 1622.761: [GC2014-07-28T05:39:41.785+0000: 1622.761: [ParNew: 92020K->10240K(92160K), 0.0387720 secs] 6651552K->6575241K(20961280K), 0.0388970 secs] [Times: user=0.31 sys=0.00, real=0.04 secs]
2014-07-28T05:39:42.097+0000: 1623.073: [GC2014-07-28T05:39:42.097+0000: 1623.073: [ParNew: 92143K->9872K(92160K), 0.0361280 secs] 6657145K->6580485K(20961280K), 0.0362520 secs] [Times: user=0.28 sys=0.00, real=0.03 secs]
2014-07-28T05:39:42.393+0000: 1623.369: [GC2014-07-28T05:39:42.393+0000: 1623.369: [ParNew: 91792K->9585K(92160K), 0.0346380 secs] 6662405K->6585562K(20961280K), 0.0347830 secs] [Times: user=0.27 sys=0.00, real=0.04 secs]
2014-07-28T05:39:43.012+0000: 1623.988: [GC2014-07-28T05:39:43.012+0000: 1623.988: [ParNew: 91505K->10240K(92160K), 0.0333230 secs] 6667482K->6591741K(20961280K), 0.0334470 secs] [Times: user=0.26 sys=0.00, real=0.03 secs]
2014-07-28T05:39:43.404+0000: 1624.380: [GC2014-07-28T05:39:43.404+0000: 1624.380: [ParNew: 92160K->10240K(92160K), 0.0348180 secs] 6673661K->6597254K(20961280K), 0.0349390 secs] [Times: user=0.26 sys=0.00, real=0.04 secs]
2014-07-28T05:39:43.651+0000: 1624.627: [GC2014-07-28T05:39:43.651+0000: 1624.627: [ParNew: 92160K->10240K(92160K), 0.0328530 secs] 6679174K->6602780K(20961280K), 0.0329740 secs] [Times: user=0.24 sys=0.01, real=0.03 secs]
2014-07-28T05:39:44.047+0000: 1625.023: [GC2014-07-28T05:39:44.047+0000: 1625.023: [ParNew: 92143K->9751K(92160K), 0.0320750 secs] 6684684K->6607710K(20961280K), 0.0321960 secs] [Times: user=0.24 sys=0.00, real=0.03 secs]
2014-07-28T05:39:44.442+0000: 1625.418: [GC2014-07-28T05:39:44.442+0000: 1625.418: [ParNew: 91671K->9892K(92160K), 0.0310060 secs] 6689630K->6613354K(20961280K), 0.0311470 secs] [Times: user=0.24 sys=0.00, real=0.03 secs]
2014-07-28T05:39:44.955+0000: 1625.931: [GC2014-07-28T05:39:44.955+0000: 1625.931: [ParNew: 91801K->8463K(92160K), 0.0317980 secs] 6695264K->6617355K(20961280K), 0.0319200 secs] [Times: user=0.24 sys=0.00, real=0.03 secs]
2014-07-28T05:39:45.520+0000: 1626.496: [GC2014-07-28T05:39:45.520+0000: 1626.496: [ParNew: 90383K->9368K(92160K), 0.0322190 secs] 6699275K->6623626K(20961280K), 0.0323440 secs] [Times: user=0.25 sys=0.00, real=0.03 secs]
2014-07-28T05:39:46.100+0000: 1627.076: [GC2014-07-28T05:39:46.100+0000: 1627.076: [ParNew: 91288K->10240K(92160K), 0.0347680 secs] 6705546K->6630118K(20961280K), 0.0349150 secs] [Times: user=0.27 sys=0.00, real=0.04 secs]
2014-07-28T05:39:46.553+0000: 1627.529: [GC2014-07-28T05:39:46.553+0000: 1627.529: [ParNew: 92160K->10082K(92160K), 0.0340790 secs] 6712038K->6635535K(20961280K), 0.0341960 secs] [Times: user=0.24 sys=0.02, real=0.04 secs]
2014-07-28T05:39:46.793+0000: 1627.769: [GC2014-07-28T05:39:46.793+0000: 1627.769: [ParNew: 92002K->10240K(92160K), 0.0337830 secs] 6717455K->6641158K(20961280K), 0.0339050 secs] [Times: user=0.25 sys=0.01, real=0.04 secs]
2014-07-28T05:39:47.066+0000: 1628.042: [GC2014-07-28T05:39:47.066+0000: 1628.042: [ParNew: 92160K->10240K(92160K), 0.0344290 secs] 6723078K->6646615K(20961280K), 0.0345500 secs] [Times: user=0.27 sys=0.00, real=0.04 secs]
2014-07-28T05:39:47.257+0000: 1628.233: [GC2014-07-28T05:39:47.257+0000: 1628.233: [ParNew: 92160K->9035K(92160K), 0.0488860 secs] 6728535K->6651102K(20961280K), 0.0490160 secs] [Times: user=0.26 sys=0.00, real=0.05 secs]
2014-07-28T05:39:47.513+0000: 1628.489: [GC2014-07-28T05:39:47.513+0000: 1628.490: [ParNew: 90955K->8957K(92160K), 0.0324290 secs] 6733022K->6656275K(20961280K), 0.0325500 secs] [Times: user=0.24 sys=0.00, real=0.04 secs]
2014-07-28T05:39:47.769+0000: 1628.745: [GC2014-07-28T05:39:47.769+0000: 1628.745: [ParNew: 90877K->9744K(92160K), 0.0332460 secs] 6738195K->6662675K(20961280K), 0.0333640 secs] [Times: user=0.26 sys=0.00, real=0.03 secs]
2014-07-28T05:39:48.051+0000: 1629.027: [GC2014-07-28T05:39:48.051+0000: 1629.027: [ParNew: 91664K->9727K(92160K), 0.0335620 secs] 6744595K->6668009K(20961280K), 0.0337080 secs] [Times: user=0.26 sys=0.00, real=0.03 secs]
2014-07-28T05:39:48.548+0000: 1629.524: [GC2014-07-28T05:39:48.548+0000: 1629.524: [ParNew: 91647K->7803K(92160K), 0.0318280 secs] 6749929K->6671549K(20961280K), 0.0319460 secs] [Times: user=0.25 sys=0.00, real=0.03 secs]
2014-07-28T05:39:49.219+0000: 1630.195: [GC2014-07-28T05:39:49.219+0000: 1630.195: [ParNew: 89723K->9701K(92160K), 0.0754180 secs] 6753469K->6678826K(20961280K), 0.0755340 secs] [Times: user=0.53 sys=0.00, real=0.08 secs]
2014-07-28T05:39:49.461+0000: 1630.438: [GC2014-07-28T05:39:49.462+0000: 1630.438: [ParNew: 91621K->9914K(92160K), 0.0369090 secs] 6760746K->6684549K(20961280K), 0.0370290 secs] [Times: user=0.29 sys=0.00, real=0.04 secs]
2014-07-28T05:39:49.687+0000: 1630.663: [GC2014-07-28T05:39:49.687+0000: 1630.663: [ParNew: 91834K->10240K(92160K), 0.0312330 secs] 6766469K->6690440K(20961280K), 0.0313540 secs] [Times: user=0.24 sys=0.00, real=0.03 secs]
2014-07-28T05:39:50.323+0000: 1631.299: [GC2014-07-28T05:39:50.323+0000: 1631.299: [ParNew: 92160K->8042K(92160K), 0.0340700 secs] 6772360K->6693679K(20961280K), 0.0341870 secs] [Times: user=0.26 sys=0.00, real=0.04 secs]
2014-07-28T05:39:50.792+0000: 1631.768: [GC2014-07-28T05:39:50.792+0000: 1631.768: [ParNew: 89962K->10240K(92160K), 0.0337070 secs] 6775599K->6701280K(20961280K), 0.0338280 secs] [Times: user=0.26 sys=0.00, real=0.03 secs]
2014-07-28T05:39:51.054+0000: 1632.030: [GC2014-07-28T05:39:51.054+0000: 1632.030: [ParNew: 92160K->10240K(92160K), 0.0335390 secs] 6783200K->6706781K(20961280K), 0.0336680 secs] [Times: user=0.25 sys=0.00, real=0.03 secs]
2014-07-28T05:39:51.343+0000: 1632.319: [GC2014-07-28T05:39:51.343+0000: 1632.319: [ParNew: 92160K->9591K(92160K), 0.0319410 secs] 6788701K->6711611K(20961280K), 0.0320600 secs] [Times: user=0.23 sys=0.01, real=0.04 secs]
2014-07-28T05:39:51.779+0000: 1632.755: [GC2014-07-28T05:39:51.780+0000: 1632.756: [ParNew: 91511K->9715K(92160K), 0.0342790 secs] 6793531K->6717297K(20961280K), 0.0344390 secs] [Times: user=0.27 sys=0.00, real=0.03 secs]
2014-07-28T05:39:52.037+0000: 1633.013: [GC2014-07-28T05:39:52.037+0000: 1633.013: [ParNew: 91635K->10240K(92160K), 0.0333050 secs] 6799217K->6723215K(20961280K), 0.0334490 secs] [Times: user=0.25 sys=0.00, real=0.03 secs]
2014-07-28T05:39:52.376+0000: 1633.352: [GC2014-07-28T05:39:52.376+0000: 1633.352: [ParNew: 92160K->9488K(92160K), 0.0348210 secs] 6805135K->6727991K(20961280K), 0.0349570 secs] [Times: user=0.27 sys=0.00, real=0.03 secs]
2014-07-28T05:39:52.989+0000: 1633.965: [GC2014-07-28T05:39:52.989+0000: 1633.965: [ParNew: 91408K->8693K(92160K), 0.0365050 secs] 6809911K->6732564K(20961280K), 0.0366330 secs] [Times: user=0.29 sys=0.00, real=0.03 secs]
2014-07-28T05:39:53.402+0000: 1634.378: [GC2014-07-28T05:39:53.402+0000: 1634.378: [ParNew: 90613K->9194K(92160K), 0.0341870 secs] 6814484K->6738499K(20961280K), 0.0343100 secs] [Times: user=0.27 sys=0.00, real=0.04 secs]
2014-07-28T05:39:53.636+0000: 1634.612: [GC2014-07-28T05:39:53.636+0000: 1634.612: [ParNew: 91114K->10118K(92160K), 0.0334680 secs] 6820419K->6744906K(20961280K), 0.0335870 secs] [Times: user=0.24 sys=0.02, real=0.03 secs]
2014-07-28T05:39:53.995+0000: 1634.971: [GC2014-07-28T05:39:53.995+0000: 1634.971: [ParNew: 92038K->8178K(92160K), 0.0723860 secs] 6826826K->6748591K(20961280K), 0.0725250 secs] [Times: user=0.27 sys=0.00, real=0.07 secs]
2014-07-28T05:39:54.379+0000: 1635.355: [GC2014-07-28T05:39:54.379+0000: 1635.355: [ParNew: 90098K->8947K(92160K), 0.0530590 secs] 6830511K->6754718K(20961280K), 0.0531860 secs] [Times: user=0.26 sys=0.01, real=0.05 secs]
2014-07-28T05:39:54.716+0000: 1635.693: [GC2014-07-28T05:39:54.716+0000: 1635.693: [ParNew: 90867K->9344K(92160K), 0.0308930 secs] 6836638K->6760538K(20961280K), 0.0310100 secs] [Times: user=0.23 sys=0.00, real=0.03 secs]
2014-07-28T05:39:55.472+0000: 1636.448: [GC2014-07-28T05:39:55.472+0000: 1636.449: [ParNew: 91264K->8666K(92160K), 0.0307360 secs] 6842458K->6765387K(20961280K), 0.0308860 secs] [Times: user=0.25 sys=0.00, real=0.03 secs]
2014-07-28T05:39:56.133+0000: 1637.109: [GC2014-07-28T05:39:56.133+0000: 1637.109: [ParNew: 90586K->8658K(92160K), 0.0337590 secs] 6847307K->6770697K(20961280K), 0.0338820 secs] [Times: user=0.26 sys=0.00, real=0.04 secs]
2014-07-28T05:39:56.515+0000: 1637.491: [GC2014-07-28T05:39:56.515+0000: 1637.491: [ParNew: 90578K->9162K(92160K), 0.0346120 secs] 6852617K->6776671K(20961280K), 0.0347270 secs] [Times: user=0.27 sys=0.00, real=0.03 secs]
2014-07-28T05:39:56.796+0000: 1637.772: [GC2014-07-28T05:39:56.796+0000: 1637.772: [ParNew: 91075K->8210K(92160K), 0.0345000 secs] 6858584K->6781331K(20961280K), 0.0346240 secs] [Times: user=0.26 sys=0.00, real=0.03 secs]
2014-07-28T05:39:57.116+0000: 1638.092: [GC2014-07-28T05:39:57.116+0000: 1638.093: [ParNew: 90130K->9426K(92160K), 0.0365950 secs] 6863251K->6788133K(20961280K), 0.0367150 secs] [Times: user=0.29 sys=0.00, real=0.03 secs]
2014-07-28T05:39:57.276+0000: 1638.252: [GC2014-07-28T05:39:57.276+0000: 1638.252: [ParNew: 91346K->10240K(92160K), 0.0334310 secs] 6870053K->6794444K(20961280K), 0.0335630 secs] [Times: user=0.25 sys=0.00, real=0.03 secs]
2014-07-28T05:39:57.521+0000: 1638.497: [GC2014-07-28T05:39:57.521+0000: 1638.497: [ParNew: 92160K->10240K(92160K), 0.0328860 secs] 6876364K->6800058K(20961280K), 0.0330030 secs] [Times: user=0.26 sys=0.00, real=0.04 secs]
2014-07-28T05:39:57.758+0000: 1638.734: [GC2014-07-28T05:39:57.758+0000: 1638.734: [ParNew: 92160K->8833K(92160K), 0.0339170 secs] 6881978K->6804080K(20961280K), 0.0340380 secs] [Times: user=0.25 sys=0.01, real=0.03 secs]
2014-07-28T05:39:58.028+0000: 1639.004: [GC2014-07-28T05:39:58.028+0000: 1639.004: [ParNew: 90753K->9645K(92160K), 0.0346290 secs] 6886000K->6810316K(20961280K), 0.0347700 secs] [Times: user=0.26 sys=0.01, real=0.03 secs]
2014-07-28T05:39:58.484+0000: 1639.460: [GC2014-07-28T05:39:58.484+0000: 1639.460: [ParNew: 91565K->8584K(92160K), 0.0337080 secs] 6892236K->6814801K(20961280K), 0.0338240 secs] [Times: user=0.26 sys=0.00, real=0.04 secs]
2014-07-28T05:39:59.204+0000: 1640.180: [GC2014-07-28T05:39:59.204+0000: 1640.181: [ParNew: 90504K->9395K(92160K), 0.0324960 secs] 6896721K->6820841K(20961280K), 0.0326170 secs] [Times: user=0.24 sys=0.01, real=0.04 secs]
2014-07-28T05:39:59.484+0000: 1640.460: [GC2014-07-28T05:39:59.484+0000: 1640.460: [ParNew: 91315K->9052K(92160K), 0.0354160 secs] 6902761K->6826027K(20961280K), 0.0355340 secs] [Times: user=0.28 sys=0.00, real=0.04 secs]
2014-07-28T05:39:59.679+0000: 1640.655: [GC2014-07-28T05:39:59.679+0000: 1640.655: [ParNew: 90972K->10240K(92160K), 0.0353800 secs] 6907947K->6832871K(20961280K), 0.0355000 secs] [Times: user=0.28 sys=0.00, real=0.04 secs]
2014-07-28T05:40:00.263+0000: 1641.239: [GC2014-07-28T05:40:00.263+0000: 1641.240: [ParNew: 92160K->10240K(92160K), 0.0334970 secs] 6914791K->6838427K(20961280K), 0.0336210 secs] [Times: user=0.26 sys=0.00, real=0.04 secs]
2014-07-28T05:40:00.777+0000: 1641.753: [GC2014-07-28T05:40:00.777+0000: 1641.753: [ParNew: 92160K->8284K(92160K), 0.0359050 secs] 6920347K->6841809K(20961280K), 0.0360300 secs] [Times: user=0.28 sys=0.00, real=0.03 secs]
2014-07-28T05:40:01.033+0000: 1642.009: [GC2014-07-28T05:40:01.033+0000: 1642.009: [ParNew: 90204K->10240K(92160K), 0.0331800 secs] 6923729K->6849481K(20961280K), 0.0332990 secs] [Times: user=0.26 sys=0.00, real=0.04 secs]
2014-07-28T05:40:01.319+0000: 1642.295: [GC2014-07-28T05:40:01.319+0000: 1642.295: [ParNew: 92158K->8266K(92160K), 0.0347720 secs] 6931399K->6852984K(20961280K), 0.0348940 secs] [Times: user=0.27 sys=0.00, real=0.03 secs]
2014-07-28T05:40:01.729+0000: 1642.705: [GC2014-07-28T05:40:01.729+0000: 1642.705: [ParNew: 90186K->8809K(92160K), 0.0341510 secs] 6934904K->6858865K(20961280K), 0.0342760 secs] [Times: user=0.27 sys=0.00, real=0.03 secs]
2014-07-28T05:40:02.060+0000: 1643.036: [GC2014-07-28T05:40:02.060+0000: 1643.036: [ParNew: 90729K->10240K(92160K), 0.0314150 secs] 6940785K->6865734K(20961280K), 0.0315390 secs] [Times: user=0.23 sys=0.01, real=0.03 secs]
2014-07-28T05:40:02.306+0000: 1643.282: [GC2014-07-28T05:40:02.306+0000: 1643.282: [ParNew: 92160K->9185K(92160K), 0.0331420 secs] 6947654K->6870239K(20961280K), 0.0332730 secs] [Times: user=0.26 sys=0.00, real=0.03 secs]
2014-07-28T05:40:02.954+0000: 1643.930: [GC2014-07-28T05:40:02.954+0000: 1643.930: [ParNew: 91105K->8793K(92160K), 0.0349590 secs] 6952159K->6875306K(20961280K), 0.0350840 secs] [Times: user=0.28 sys=0.00, real=0.04 secs]
2014-07-28T05:40:03.364+0000: 1644.340: [GC2014-07-28T05:40:03.364+0000: 1644.340: [ParNew: 90713K->8087K(92160K), 0.0342830 secs] 6957226K->6879946K(20961280K), 0.0344030 secs] [Times: user=0.26 sys=0.00, real=0.04 secs]
2014-07-28T05:40:03.663+0000: 1644.639: [GC2014-07-28T05:40:03.663+0000: 1644.639: [ParNew: 90007K->8880K(92160K), 0.0340650 secs] 6961866K->6886224K(20961280K), 0.0341940 secs] [Times: user=0.26 sys=0.00, real=0.04 secs]
2014-07-28T05:40:03.830+0000: 1644.806: [GC2014-07-28T05:40:03.830+0000: 1644.807: [ParNew: 90800K->10240K(92160K), 0.0368650 secs] 6968144K->6893945K(20961280K), 0.0369850 secs] [Times: user=0.29 sys=0.00, real=0.04 secs]
2014-07-28T05:40:04.325+0000: 1645.301: [GC2014-07-28T05:40:04.325+0000: 1645.301: [ParNew: 92160K->9540K(92160K), 0.0502890 secs] 6975865K->6898350K(20961280K), 0.0504110 secs] [Times: user=0.29 sys=0.00, real=0.06 secs]
2014-07-28T05:40:04.715+0000: 1645.691: [GC2014-07-28T05:40:04.715+0000: 1645.691: [ParNew: 91460K->9212K(92160K), 0.0343940 secs] 6980270K->6903392K(20961280K), 0.0345160 secs] [Times: user=0.27 sys=0.00, real=0.03 secs]
2014-07-28T05:40:05.362+0000: 1646.338: [GC2014-07-28T05:40:05.362+0000: 1646.338: [ParNew: 91132K->8031K(92160K), 0.0336970 secs] 6985312K->6907640K(20961280K), 0.0338180 secs] [Times: user=0.26 sys=0.00, real=0.04 secs]
2014-07-28T05:40:06.003+0000: 1646.979: [GC2014-07-28T05:40:06.003+0000: 1646.979: [ParNew: 89951K->9167K(92160K), 0.0308720 secs] 6989560K->6914044K(20961280K), 0.0310070 secs] [Times: user=0.23 sys=0.00, real=0.04 secs]
2014-07-28T05:40:06.462+0000: 1647.438: [GC2014-07-28T05:40:06.462+0000: 1647.439: [ParNew: 91087K->9552K(92160K), 0.0319610 secs] 6995964K->6919921K(20961280K), 0.0320770 secs] [Times: user=0.24 sys=0.00, real=0.04 secs]
2014-07-28T05:40:06.790+0000: 1647.766: [GC2014-07-28T05:40:06.790+0000: 1647.766: [ParNew: 91472K->8678K(92160K), 0.0341620 secs] 7001841K->6924537K(20961280K), 0.0342820 secs] [Times: user=0.26 sys=0.00, real=0.03 secs]
2014-07-28T05:40:07.073+0000: 1648.049: [GC2014-07-28T05:40:07.073+0000: 1648.049: [ParNew: 90598K->8801K(92160K), 0.0368550 secs] 7006457K->6930205K(20961280K), 0.0369810 secs] [Times: user=0.29 sys=0.00, real=0.04 secs]
2014-07-28T05:40:07.304+0000: 1648.280: [GC2014-07-28T05:40:07.304+0000: 1648.280: [ParNew: 90721K->9010K(92160K), 0.0345730 secs] 7012125K->6935897K(20961280K), 0.0346930 secs] [Times: user=0.27 sys=0.00, real=0.04 secs]
2014-07-28T05:40:07.553+0000: 1648.529: [GC2014-07-28T05:40:07.553+0000: 1648.529: [ParNew: 90930K->8717K(92160K), 0.0366350 secs] 7017817K->6941077K(20961280K), 0.0367550 secs] [Times: user=0.28 sys=0.00, real=0.04 secs]
2014-07-28T05:40:07.743+0000: 1648.719: [GC2014-07-28T05:40:07.743+0000: 1648.719: [ParNew: 90637K->10240K(92160K), 0.0310590 secs] 7022997K->6948061K(20961280K), 0.0311750 secs] [Times: user=0.23 sys=0.00, real=0.04 secs]
2014-07-28T05:40:08.050+0000: 1649.026: [GC2014-07-28T05:40:08.050+0000: 1649.026: [ParNew: 92160K->9885K(92160K), 0.0311980 secs] 7029981K->6953242K(20961280K), 0.0313160 secs] [Times: user=0.24 sys=0.00, real=0.03 secs]
2014-07-28T05:40:08.361+0000: 1649.337: [GC2014-07-28T05:40:08.361+0000: 1649.337: [ParNew: 91805K->10012K(92160K), 0.0328710 secs] 7035162K->6958798K(20961280K), 0.0329940 secs] [Times: user=0.25 sys=0.00, real=0.03 secs]
2014-07-28T05:40:08.812+0000: 1649.788: [GC2014-07-28T05:40:08.812+0000: 1649.788: [ParNew: 91932K->10101K(92160K), 0.0353770 secs] 7040718K->6964429K(20961280K), 0.0355010 secs] [Times: user=0.28 sys=0.00, real=0.04 secs]
2014-07-28T05:40:09.481+0000: 1650.457: [GC2014-07-28T05:40:09.481+0000: 1650.457: [ParNew: 92021K->9245K(92160K), 0.0345440 secs] 7046349K->6968923K(20961280K), 0.0346960 secs] [Times: user=0.27 sys=0.00, real=0.04 secs]
2014-07-28T05:40:09.704+0000: 1650.680: [GC2014-07-28T05:40:09.704+0000: 1650.680: [ParNew: 91165K->7801K(92160K), 0.0344630 secs] 7050843K->6973021K(20961280K), 0.0345910 secs] [Times: user=0.26 sys=0.01, real=0.04 secs]
2014-07-28T05:40:09.887+0000: 1650.863: [GC2014-07-28T05:40:09.887+0000: 1650.863: [ParNew: 89721K->10240K(92160K), 0.0349840 secs] 7054941K->6980835K(20961280K), 0.0351080 secs] [Times: user=0.27 sys=0.00, real=0.03 secs]
2014-07-28T05:40:10.752+0000: 1651.729: [GC2014-07-28T05:40:10.753+0000: 1651.729: [ParNew: 92160K->8228K(92160K), 0.0348920 secs] 7062755K->6984450K(20961280K), 0.0350280 secs] [Times: user=0.27 sys=0.00, real=0.04 secs]
2014-07-28T05:40:11.072+0000: 1652.049: [GC2014-07-28T05:40:11.073+0000: 1652.049: [ParNew: 90148K->8898K(92160K), 0.0339050 secs] 7066370K->6990362K(20961280K), 0.0340270 secs] [Times: user=0.26 sys=0.00, real=0.04 secs]
2014-07-28T05:40:11.305+0000: 1652.281: [GC2014-07-28T05:40:11.305+0000: 1652.281: [ParNew: 90818K->9443K(92160K), 0.0340710 secs] 7072282K->6996365K(20961280K), 0.0341880 secs] [Times: user=0.26 sys=0.00, real=0.03 secs]
2014-07-28T05:40:11.573+0000: 1652.550: [GC2014-07-28T05:40:11.574+0000: 1652.550: [ParNew: 91363K->8502K(92160K), 0.0351210 secs] 7078285K->7001018K(20961280K), 0.0352380 secs] [Times: user=0.28 sys=0.00, real=0.04 secs]
2014-07-28T05:40:12.010+0000: 1652.986: [GC2014-07-28T05:40:12.010+0000: 1652.986: [ParNew: 90422K->10240K(92160K), 0.0341200 secs] 7082938K->7008355K(20961280K), 0.0342390 secs] [Times: user=0.27 sys=0.00, real=0.04 secs]
2014-07-28T05:40:12.303+0000: 1653.279: [GC2014-07-28T05:40:12.303+0000: 1653.279: [ParNew: 92160K->10240K(92160K), 0.0344380 secs] 7090275K->7014052K(20961280K), 0.0345600 secs] [Times: user=0.27 sys=0.00, real=0.03 secs]
2014-07-28T05:40:12.623+0000: 1653.599: [GC2014-07-28T05:40:12.623+0000: 1653.599: [ParNew: 92160K->9819K(92160K), 0.0341530 secs] 7095972K->7018966K(20961280K), 0.0342760 secs] [Times: user=0.26 sys=0.00, real=0.03 secs]
2014-07-28T05:40:13.224+0000: 1654.200: [GC2014-07-28T05:40:13.224+0000: 1654.200: [ParNew: 91739K->10240K(92160K), 0.0392080 secs] 7100886K->7024775K(20961280K), 0.0393270 secs] [Times: user=0.30 sys=0.01, real=0.04 secs]
2014-07-28T05:40:13.618+0000: 1654.594: [GC2014-07-28T05:40:13.618+0000: 1654.594: [ParNew: 92160K->9835K(92160K), 0.0341540 secs] 7106695K->7029972K(20961280K), 0.0342710 secs] [Times: user=0.26 sys=0.00, real=0.03 secs]
2014-07-28T05:40:13.884+0000: 1654.860: [GC2014-07-28T05:40:13.884+0000: 1654.860: [ParNew: 91755K->9654K(92160K), 0.0327240 secs] 7111892K->7035291K(20961280K), 0.0328420 secs] [Times: user=0.25 sys=0.00, real=0.03 secs]
2014-07-28T05:40:14.294+0000: 1655.271: [GC2014-07-28T05:40:14.295+0000: 1655.271: [ParNew: 91574K->9107K(92160K), 0.0336230 secs] 7117211K->7040088K(20961280K), 0.0337430 secs] [Times: user=0.26 sys=0.00, real=0.03 secs]
2014-07-28T05:40:14.682+0000: 1655.658: [GC2014-07-28T05:40:14.682+0000: 1655.658: [ParNew: 91027K->10066K(92160K), 0.0343340 secs] 7122008K->7046538K(20961280K), 0.0344550 secs] [Times: user=0.26 sys=0.00, real=0.04 secs]
2014-07-28T05:40:15.204+0000: 1656.180: [GC2014-07-28T05:40:15.204+0000: 1656.180: [ParNew: 91986K->9101K(92160K), 0.0326280 secs] 7128458K->7051021K(20961280K), 0.0327540 secs] [Times: user=0.26 sys=0.00, real=0.03 secs]
2014-07-28T05:40:15.737+0000: 1656.713: [GC2014-07-28T05:40:15.737+0000: 1656.713: [ParNew: 91021K->9397K(92160K), 0.0429270 secs] 7132941K->7056774K(20961280K), 0.0430430 secs] [Times: user=0.31 sys=0.00, real=0.04 secs]
2014-07-28T05:40:16.353+0000: 1657.329: [GC2014-07-28T05:40:16.353+0000: 1657.329: [ParNew: 91317K->8973K(92160K), 0.0334820 secs] 7138694K->7061869K(20961280K), 0.0336040 secs] [Times: user=0.26 sys=0.00, real=0.04 secs]
2014-07-28T05:40:16.774+0000: 1657.750: [GC2014-07-28T05:40:16.774+0000: 1657.750: [ParNew: 90890K->9171K(92160K), 0.0371630 secs] 7143786K->7067436K(20961280K), 0.0373140 secs] [Times: user=0.27 sys=0.01, real=0.04 secs]
2014-07-28T05:40:17.013+0000: 1657.989: [GC2014-07-28T05:40:17.013+0000: 1657.989: [ParNew: 91091K->10103K(92160K), 0.0345060 secs] 7149356K->7073936K(20961280K), 0.0346280 secs] [Times: user=0.27 sys=0.00, real=0.04 secs]
2014-07-28T05:40:17.314+0000: 1658.290: [GC2014-07-28T05:40:17.314+0000: 1658.290: [ParNew: 92023K->10240K(92160K), 0.0580480 secs] 7155856K->7080251K(20961280K), 0.0581820 secs] [Times: user=0.29 sys=0.00, real=0.05 secs]
2014-07-28T05:40:17.530+0000: 1658.506: [GC2014-07-28T05:40:17.530+0000: 1658.506: [ParNew: 92160K->10240K(92160K), 0.0534210 secs] 7162171K->7085899K(20961280K), 0.0535560 secs] [Times: user=0.28 sys=0.00, real=0.06 secs]
2014-07-28T05:40:17.736+0000: 1658.712: [GC2014-07-28T05:40:17.736+0000: 1658.712: [ParNew: 92160K->10240K(92160K), 0.0549630 secs] 7167819K->7091913K(20961280K), 0.0550880 secs] [Times: user=0.28 sys=0.00, real=0.05 secs]
2014-07-28T05:40:18.029+0000: 1659.005: [GC2014-07-28T05:40:18.029+0000: 1659.005: [ParNew: 92160K->8995K(92160K), 0.0328530 secs] 7173833K->7095539K(20961280K), 0.0329730 secs] [Times: user=0.26 sys=0.00, real=0.03 secs]
2014-07-28T05:40:18.282+0000: 1659.258: [GC2014-07-28T05:40:18.282+0000: 1659.258: [ParNew: 90915K->10195K(92160K), 0.0344380 secs] 7177459K->7102007K(20961280K), 0.0345540 secs] [Times: user=0.26 sys=0.00, real=0.03 secs]
2014-07-28T05:40:18.788+0000: 1659.764: [GC2014-07-28T05:40:18.788+0000: 1659.764: [ParNew: 92115K->9311K(92160K), 0.0313060 secs] 7183927K->7106592K(20961280K), 0.0314280 secs] [Times: user=0.24 sys=0.00, real=0.03 secs]
2014-07-28T05:40:19.442+0000: 1660.418: [GC2014-07-28T05:40:19.442+0000: 1660.418: [ParNew: 91231K->10240K(92160K), 0.0448320 secs] 7188512K->7112962K(20961280K), 0.0449380 secs] [Times: user=0.29 sys=0.01, real=0.05 secs]
2014-07-28T05:40:19.687+0000: 1660.663: [GC2014-07-28T05:40:19.687+0000: 1660.663: [ParNew: 92160K->9224K(92160K), 0.0529770 secs] 7194882K->7117500K(20961280K), 0.0530880 secs] [Times: user=0.31 sys=0.01, real=0.05 secs]
2014-07-28T05:40:19.914+0000: 1660.891: [GC2014-07-28T05:40:19.914+0000: 1660.891: [ParNew: 91144K->8726K(92160K), 0.0401770 secs] 7199420K->7122463K(20961280K), 0.0402810 secs] [Times: user=0.29 sys=0.01, real=0.04 secs]
2014-07-28T05:40:20.541+0000: 1661.517: [GC2014-07-28T05:40:20.541+0000: 1661.517: [ParNew: 90646K->9375K(92160K), 0.0604170 secs] 7204383K->7128491K(20961280K), 0.0605440 secs] [Times: user=0.41 sys=0.00, real=0.06 secs]
2014-07-28T05:40:21.013+0000: 1661.989: [GC2014-07-28T05:40:21.013+0000: 1661.989: [ParNew: 91295K->10240K(92160K), 0.0425630 secs] 7210411K->7134854K(20961280K), 0.0426680 secs] [Times: user=0.31 sys=0.00, real=0.05 secs]
2014-07-28T05:40:21.290+0000: 1662.266: [GC2014-07-28T05:40:21.290+0000: 1662.267: [ParNew: 92160K->9518K(92160K), 0.0354890 secs] 7216774K->7139569K(20961280K), 0.0356390 secs] [Times: user=0.24 sys=0.00, real=0.04 secs]
2014-07-28T05:40:21.564+0000: 1662.540: [GC2014-07-28T05:40:21.567+0000: 1662.544: [ParNew: 91438K->10240K(92160K), 0.0476470 secs] 7221489K->7145769K(20961280K), 0.0513230 secs] [Times: user=0.33 sys=0.00, real=0.05 secs]
2014-07-28T05:40:22.043+0000: 1663.019: [GC2014-07-28T05:40:22.043+0000: 1663.019: [ParNew: 92160K->8232K(92160K), 0.0324950 secs] 7227689K->7149303K(20961280K), 0.0326140 secs] [Times: user=0.25 sys=0.00, real=0.03 secs]
2014-07-28T05:40:22.265+0000: 1663.242: [GC2014-07-28T05:40:22.266+0000: 1663.242: [ParNew: 90152K->9551K(92160K), 0.0421910 secs] 7231223K->7155992K(20961280K), 0.0423240 secs] [Times: user=0.27 sys=0.00, real=0.04 secs]
2014-07-28T05:40:22.605+0000: 1663.581: [GC2014-07-28T05:40:22.605+0000: 1663.581: [ParNew: 91471K->8330K(92160K), 0.0334640 secs] 7237912K->7160325K(20961280K), 0.0335860 secs] [Times: user=0.26 sys=0.01, real=0.03 secs]
2014-07-28T05:40:23.223+0000: 1664.199: [GC2014-07-28T05:40:23.223+0000: 1664.199: [ParNew: 90250K->9042K(92160K), 0.0311240 secs] 7242245K->7166474K(20961280K), 0.0312430 secs] [Times: user=0.23 sys=0.00, real=0.03 secs]
2014-07-28T05:40:23.653+0000: 1664.629: [GC2014-07-28T05:40:23.653+0000: 1664.629: [ParNew: 90962K->9449K(92160K), 0.0310490 secs] 7248394K->7172244K(20961280K), 0.0311720 secs] [Times: user=0.24 sys=0.00, real=0.04 secs]
2014-07-28T05:40:23.856+0000: 1664.832: [GC2014-07-28T05:40:23.856+0000: 1664.832: [ParNew: 91369K->10240K(92160K), 0.0331540 secs] 7254164K->7178562K(20961280K), 0.0332740 secs] [Times: user=0.26 sys=0.00, real=0.03 secs]
2014-07-28T05:40:24.235+0000: 1665.211: [GC2014-07-28T05:40:24.235+0000: 1665.211: [ParNew: 92154K->8169K(92160K), 0.0348150 secs] 7260476K->7182098K(20961280K), 0.0349470 secs] [Times: user=0.27 sys=0.00, real=0.03 secs]
2014-07-28T05:40:24.618+0000: 1665.594: [GC2014-07-28T05:40:24.618+0000: 1665.594: [ParNew: 90088K->8647K(92160K), 0.0346100 secs] 7264017K->7188016K(20961280K), 0.0347340 secs] [Times: user=0.26 sys=0.00, real=0.03 secs]
2014-07-28T05:40:24.973+0000: 1665.949: [GC2014-07-28T05:40:24.973+0000: 1665.949: [ParNew: 90567K->9231K(92160K), 0.0355460 secs] 7269936K->7194154K(20961280K), 0.0357050 secs] [Times: user=0.28 sys=0.00, real=0.04 secs]
2014-07-28T05:40:25.689+0000: 1666.665: [GC2014-07-28T05:40:25.689+0000: 1666.665: [ParNew: 91151K->9540K(92160K), 0.0339640 secs] 7276074K->7199878K(20961280K), 0.0340900 secs] [Times: user=0.26 sys=0.00, real=0.04 secs]
2014-07-28T05:40:26.324+0000: 1667.300: [GC2014-07-28T05:40:26.324+0000: 1667.300: [ParNew: 91460K->9304K(92160K), 0.0307810 secs] 7281798K->7205144K(20961280K), 0.0309020 secs] [Times: user=0.24 sys=0.00, real=0.03 secs]
2014-07-28T05:40:26.726+0000: 1667.702: [GC2014-07-28T05:40:26.726+0000: 1667.702: [ParNew: 91224K->9918K(92160K), 0.0345600 secs] 7287064K->7211239K(20961280K), 0.0346830 secs] [Times: user=0.28 sys=0.00, real=0.03 secs]
2014-07-28T05:40:27.004+0000: 1667.981: [GC2014-07-28T05:40:27.005+0000: 1667.981: [ParNew: 91838K->10240K(92160K), 0.0359500 secs] 7293159K->7217043K(20961280K), 0.0360740 secs] [Times: user=0.29 sys=0.00, real=0.03 secs]
2014-07-28T05:40:27.385+0000: 1668.361: [GC2014-07-28T05:40:27.385+0000: 1668.361: [ParNew: 92160K->9569K(92160K), 0.0327010 secs] 7298963K->7221972K(20961280K), 0.0328260 secs] [Times: user=0.26 sys=0.00, real=0.03 secs]
2014-07-28T05:40:27.583+0000: 1668.559: [GC2014-07-28T05:40:27.583+0000: 1668.559: [ParNew: 91489K->7208K(92160K), 0.0324410 secs] 7303892K->7224931K(20961280K), 0.0325580 secs] [Times: user=0.26 sys=0.00, real=0.03 secs]
2014-07-28T05:40:27.765+0000: 1668.741: [GC2014-07-28T05:40:27.765+0000: 1668.741: [ParNew: 89128K->8640K(92160K), 0.0349870 secs] 7306851K->7231808K(20961280K), 0.0351100 secs] [Times: user=0.28 sys=0.00, real=0.03 secs]
2014-07-28T05:40:27.959+0000: 1668.935: [GC2014-07-28T05:40:27.959+0000: 1668.935: [ParNew: 90560K->9962K(92160K), 0.0335640 secs] 7313728K->7238706K(20961280K), 0.0336820 secs] [Times: user=0.26 sys=0.00, real=0.03 secs]
2014-07-28T05:40:28.234+0000: 1669.210: [GC2014-07-28T05:40:28.234+0000: 1669.210: [ParNew: 91882K->9961K(92160K), 0.0305670 secs] 7320626K->7244202K(20961280K), 0.0307290 secs] [Times: user=0.23 sys=0.00, real=0.04 secs]
2014-07-28T05:40:28.693+0000: 1669.669: [GC2014-07-28T05:40:28.693+0000: 1669.670: [ParNew: 91881K->9276K(92160K), 0.0356870 secs] 7326122K->7249118K(20961280K), 0.0358100 secs] [Times: user=0.28 sys=0.00, real=0.04 secs]
2014-07-28T05:40:29.408+0000: 1670.384: [GC2014-07-28T05:40:29.408+0000: 1670.384: [ParNew: 91196K->10240K(92160K), 0.0325010 secs] 7331038K->7255313K(20961280K), 0.0326850 secs] [Times: user=0.25 sys=0.00, real=0.03 secs]
2014-07-28T05:40:29.683+0000: 1670.659: [GC2014-07-28T05:40:29.683+0000: 1670.659: [ParNew: 92160K->10240K(92160K), 0.0305830 secs] 7337233K->7260757K(20961280K), 0.0307070 secs] [Times: user=0.22 sys=0.01, real=0.02 secs]
2014-07-28T05:40:29.899+0000: 1670.875: [GC2014-07-28T05:40:29.899+0000: 1670.875: [ParNew: 92160K->10240K(92160K), 0.0323300 secs] 7342677K->7266377K(20961280K), 0.0324440 secs] [Times: user=0.21 sys=0.04, real=0.03 secs]
2014-07-28T05:40:30.463+0000: 1671.439: [GC2014-07-28T05:40:30.463+0000: 1671.439: [ParNew: 92160K->10086K(92160K), 0.0295050 secs] 7348297K->7271789K(20961280K), 0.0296570 secs] [Times: user=0.23 sys=0.00, real=0.02 secs]
2014-07-28T05:40:30.992+0000: 1671.968: [GC2014-07-28T05:40:30.992+0000: 1671.968: [ParNew: 92006K->8999K(92160K), 0.0324980 secs] 7353709K->7275960K(20961280K), 0.0326210 secs] [Times: user=0.25 sys=0.00, real=0.04 secs]
2014-07-28T05:40:31.254+0000: 1672.230: [GC2014-07-28T05:40:31.254+0000: 1672.230: [ParNew: 90919K->10240K(92160K), 0.0344530 secs] 7357880K->7282975K(20961280K), 0.0345720 secs] [Times: user=0.26 sys=0.01, real=0.04 secs]
2014-07-28T05:40:31.532+0000: 1672.508: [GC2014-07-28T05:40:31.532+0000: 1672.508: [ParNew: 92160K->9718K(92160K), 0.0330460 secs] 7364895K->7287897K(20961280K), 0.0331810 secs] [Times: user=0.26 sys=0.00, real=0.04 secs]
2014-07-28T05:40:31.923+0000: 1672.899: [GC2014-07-28T05:40:31.923+0000: 1672.900: [ParNew: 91638K->8547K(92160K), 0.0356100 secs] 7369817K->7291939K(20961280K), 0.0357330 secs] [Times: user=0.27 sys=0.02, real=0.03 secs]
2014-07-28T05:40:32.253+0000: 1673.229: [GC2014-07-28T05:40:32.253+0000: 1673.229: [ParNew: 90467K->10209K(92160K), 0.0346210 secs] 7373859K->7299195K(20961280K), 0.0347470 secs] [Times: user=0.27 sys=0.00, real=0.04 secs]
2014-07-28T05:40:32.515+0000: 1673.491: [GC2014-07-28T05:40:32.515+0000: 1673.491: [ParNew: 92129K->9226K(92160K), 0.0352620 secs] 7381115K->7303714K(20961280K), 0.0353850 secs] [Times: user=0.26 sys=0.01, real=0.03 secs]
2014-07-28T05:40:33.153+0000: 1674.129: [GC2014-07-28T05:40:33.153+0000: 1674.129: [ParNew: 91146K->8390K(92160K), 0.0309960 secs] 7385634K->7308342K(20961280K), 0.0311180 secs] [Times: user=0.24 sys=0.00, real=0.04 secs]
2014-07-28T05:40:33.564+0000: 1674.540: [GC2014-07-28T05:40:33.564+0000: 1674.540: [ParNew: 90309K->9573K(92160K), 0.0342020 secs] 7390262K->7314902K(20961280K), 0.0343260 secs] [Times: user=0.27 sys=0.00, real=0.03 secs]
2014-07-28T05:40:33.872+0000: 1674.848: [GC2014-07-28T05:40:33.872+0000: 1674.848: [ParNew: 91493K->8931K(92160K), 0.0332470 secs] 7396822K->7319836K(20961280K), 0.0333620 secs] [Times: user=0.26 sys=0.00, real=0.04 secs]
2014-07-28T05:40:34.079+0000: 1675.055: [GC2014-07-28T05:40:34.079+0000: 1675.055: [ParNew: 90851K->10240K(92160K), 0.0298340 secs] 7401756K->7326591K(20961280K), 0.0299570 secs] [Times: user=0.22 sys=0.01, real=0.03 secs]
2014-07-28T05:40:34.545+0000: 1675.521: [GC2014-07-28T05:40:34.545+0000: 1675.521: [ParNew: 92160K->10240K(92160K), 0.0431870 secs] 7408511K->7332250K(20961280K), 0.0433060 secs] [Times: user=0.29 sys=0.00, real=0.04 secs]
2014-07-28T05:40:34.925+0000: 1675.901: [GC2014-07-28T05:40:34.925+0000: 1675.901: [ParNew: 92160K->10240K(92160K), 0.0340290 secs] 7414170K->7337669K(20961280K), 0.0341490 secs] [Times: user=0.26 sys=0.00, real=0.03 secs]
2014-07-28T05:40:35.563+0000: 1676.539: [GC2014-07-28T05:40:35.563+0000: 1676.539: [ParNew: 92160K->10240K(92160K), 0.0723280 secs] 7419589K->7343132K(20961280K), 0.0724660 secs] [Times: user=0.29 sys=0.01, real=0.07 secs]
2014-07-28T05:40:36.203+0000: 1677.179: [GC2014-07-28T05:40:36.203+0000: 1677.179: [ParNew: 92160K->10240K(92160K), 0.0297410 secs] 7425052K->7348437K(20961280K), 0.0298680 secs] [Times: user=0.23 sys=0.00, real=0.02 secs]
2014-07-28T05:40:36.666+0000: 1677.642: [GC2014-07-28T05:40:36.666+0000: 1677.642: [ParNew: 92160K->9977K(92160K), 0.0341490 secs] 7430357K->7353671K(20961280K), 0.0342690 secs] [Times: user=0.27 sys=0.00, real=0.03 secs]
2014-07-28T05:40:37.001+0000: 1677.977: [GC2014-07-28T05:40:37.001+0000: 1677.977: [ParNew: 91895K->9512K(92160K), 0.0333060 secs] 7435589K->7358723K(20961280K), 0.0334520 secs] [Times: user=0.26 sys=0.00, real=0.04 secs]
2014-07-28T05:40:37.274+0000: 1678.250: [GC2014-07-28T05:40:37.274+0000: 1678.250: [ParNew: 91432K->10240K(92160K), 0.0354900 secs] 7440643K->7364857K(20961280K), 0.0356110 secs] [Times: user=0.27 sys=0.00, real=0.04 secs]
2014-07-28T05:40:37.555+0000: 1678.532: [GC2014-07-28T05:40:37.555+0000: 1678.532: [ParNew: 92160K->10240K(92160K), 0.0312610 secs] 7446777K->7370619K(20961280K), 0.0314080 secs] [Times: user=0.24 sys=0.00, real=0.03 secs]
2014-07-28T05:40:37.762+0000: 1678.738: [GC2014-07-28T05:40:37.762+0000: 1678.738: [ParNew: 92160K->10240K(92160K), 0.0364740 secs] 7452539K->7376265K(20961280K), 0.0365950 secs] [Times: user=0.28 sys=0.00, real=0.04 secs]
2014-07-28T05:40:37.954+0000: 1678.930: [GC2014-07-28T05:40:37.954+0000: 1678.930: [ParNew: 92160K->10240K(92160K), 0.0367340 secs] 7458185K->7381514K(20961280K), 0.0368600 secs] [Times: user=0.28 sys=0.01, real=0.03 secs]
2014-07-28T05:40:38.258+0000: 1679.234: [GC2014-07-28T05:40:38.258+0000: 1679.234: [ParNew: 92160K->7604K(92160K), 0.0310490 secs] 7463434K->7384446K(20961280K), 0.0311720 secs] [Times: user=0.24 sys=0.00, real=0.03 secs]
2014-07-28T05:40:38.554+0000: 1679.530: [GC2014-07-28T05:40:38.554+0000: 1679.530: [ParNew: 89524K->10240K(92160K), 0.0353160 secs] 7466366K->7392392K(20961280K), 0.0354360 secs] [Times: user=0.27 sys=0.00, real=0.03 secs]
2014-07-28T05:40:39.263+0000: 1680.239: [GC2014-07-28T05:40:39.263+0000: 1680.239: [ParNew: 92160K->7283K(92160K), 0.0329420 secs] 7474312K->7395081K(20961280K), 0.0330630 secs] [Times: user=0.26 sys=0.00, real=0.03 secs]
2014-07-28T05:40:39.695+0000: 1680.671: [GC2014-07-28T05:40:39.695+0000: 1680.671: [ParNew: 89203K->10240K(92160K), 0.0306550 secs] 7477001K->7400071K(20961280K), 0.0307740 secs] [Times: user=0.23 sys=0.00, real=0.03 secs]
2014-07-28T05:40:39.943+0000: 1680.919: [GC2014-07-28T05:40:39.943+0000: 1680.919: [ParNew: 92160K->8587K(92160K), 0.0344860 secs] 7481991K->7407198K(20961280K), 0.0346040 secs] [Times: user=0.27 sys=0.00, real=0.03 secs]
2014-07-28T05:40:40.125+0000: 1681.101: [GC2014-07-28T05:40:40.125+0000: 1681.101: [ParNew: 90507K->10240K(92160K), 0.0342200 secs] 7489118K->7414264K(20961280K), 0.0347180 secs] [Times: user=0.27 sys=0.00, real=0.03 secs]
2014-07-28T05:40:40.949+0000: 1681.925: [GC2014-07-28T05:40:40.949+0000: 1681.925: [ParNew: 92160K->8554K(92160K), 0.0330040 secs] 7496184K->7418103K(20961280K), 0.0331280 secs] [Times: user=0.25 sys=0.00, real=0.04 secs]
2014-07-28T05:40:41.304+0000: 1682.280: [GC2014-07-28T05:40:41.304+0000: 1682.281: [ParNew: 90474K->9394K(92160K), 0.0347460 secs] 7500023K->7424406K(20961280K), 0.0348660 secs] [Times: user=0.27 sys=0.00, real=0.03 secs]
2014-07-28T05:40:41.513+0000: 1682.489: [GC2014-07-28T05:40:41.513+0000: 1682.489: [ParNew: 91314K->9546K(92160K), 0.0515790 secs] 7506326K->7430051K(20961280K), 0.0516980 secs] [Times: user=0.33 sys=0.00, real=0.06 secs]
2014-07-28T05:40:41.781+0000: 1682.757: [GC2014-07-28T05:40:41.781+0000: 1682.757: [ParNew: 91466K->10240K(92160K), 0.0729690 secs] 7511971K->7436383K(20961280K), 0.0731040 secs] [Times: user=0.29 sys=0.00, real=0.08 secs]
2014-07-28T05:40:42.231+0000: 1683.207: [GC2014-07-28T05:40:42.231+0000: 1683.207: [ParNew: 92160K->9393K(92160K), 0.0318410 secs] 7518303K->7440973K(20961280K), 0.0319640 secs] [Times: user=0.25 sys=0.00, real=0.04 secs]
2014-07-28T05:40:42.514+0000: 1683.490: [GC2014-07-28T05:40:42.514+0000: 1683.490: [ParNew: 91313K->10240K(92160K), 0.0354280 secs] 7522893K->7447209K(20961280K), 0.0355540 secs] [Times: user=0.27 sys=0.01, real=0.04 secs]
2014-07-28T05:40:42.838+0000: 1683.814: [GC2014-07-28T05:40:42.838+0000: 1683.814: [ParNew: 92160K->8221K(92160K), 0.0342750 secs] 7529129K->7450746K(20961280K), 0.0343940 secs] [Times: user=0.27 sys=0.00, real=0.03 secs]
2014-07-28T05:40:43.448+0000: 1684.425: [GC2014-07-28T05:40:43.449+0000: 1684.425: [ParNew: 90141K->10239K(92160K), 0.0338630 secs] 7532666K->7458060K(20961280K), 0.0339870 secs] [Times: user=0.27 sys=0.00, real=0.04 secs]
2014-07-28T05:40:43.838+0000: 1684.814: [GC2014-07-28T05:40:43.838+0000: 1684.814: [ParNew: 92159K->10240K(92160K), 0.0338300 secs] 7539980K->7463620K(20961280K), 0.0339500 secs] [Times: user=0.26 sys=0.00, real=0.04 secs]
2014-07-28T05:40:44.094+0000: 1685.070: [GC2014-07-28T05:40:44.094+0000: 1685.070: [ParNew: 92160K->9809K(92160K), 0.0322550 secs] 7545540K->7468657K(20961280K), 0.0323770 secs] [Times: user=0.24 sys=0.00, real=0.03 secs]
2014-07-28T05:40:44.500+0000: 1685.476: [GC2014-07-28T05:40:44.500+0000: 1685.476: [ParNew: 91723K->9743K(92160K), 0.0341040 secs] 7550571K->7474016K(20961280K), 0.0342330 secs] [Times: user=0.26 sys=0.00, real=0.04 secs]
2014-07-28T05:40:44.878+0000: 1685.854: [GC2014-07-28T05:40:44.878+0000: 1685.854: [ParNew: 91663K->10240K(92160K), 0.0337290 secs] 7555936K->7479956K(20961280K), 0.0338500 secs] [Times: user=0.27 sys=0.00, real=0.04 secs]
2014-07-28T05:40:45.393+0000: 1686.369: [GC2014-07-28T05:40:45.393+0000: 1686.369: [ParNew: 92144K->9130K(92160K), 0.0344800 secs] 7561861K->7484309K(20961280K), 0.0346050 secs] [Times: user=0.27 sys=0.00, real=0.03 secs]
2014-07-28T05:40:45.956+0000: 1686.932: [GC2014-07-28T05:40:45.956+0000: 1686.932: [ParNew: 91050K->8605K(92160K), 0.0348940 secs] 7566229K->7489145K(20961280K), 0.0350110 secs] [Times: user=0.26 sys=0.01, real=0.04 secs]
2014-07-28T05:40:46.552+0000: 1687.528: [GC2014-07-28T05:40:46.552+0000: 1687.528: [ParNew: 90525K->7473K(92160K), 0.0355280 secs] 7571065K->7493404K(20961280K), 0.0356480 secs] [Times: user=0.27 sys=0.00, real=0.03 secs]
2014-07-28T05:40:46.964+0000: 1687.940: [GC2014-07-28T05:40:46.964+0000: 1687.940: [ParNew: 89393K->8879K(92160K), 0.0329020 secs] 7575324K->7500239K(20961280K), 0.0330220 secs] [Times: user=0.26 sys=0.00, real=0.03 secs]
2014-07-28T05:40:47.215+0000: 1688.191: [GC2014-07-28T05:40:47.215+0000: 1688.191: [ParNew: 90799K->9245K(92160K), 0.0341850 secs] 7582159K->7506176K(20961280K), 0.0343090 secs] [Times: user=0.26 sys=0.00, real=0.03 secs]
2014-07-28T05:40:47.589+0000: 1688.565: [GC2014-07-28T05:40:47.589+0000: 1688.565: [ParNew: 91165K->9193K(92160K), 0.0342470 secs] 7588096K->7511575K(20961280K), 0.0343660 secs] [Times: user=0.26 sys=0.00, real=0.04 secs]
2014-07-28T05:40:47.760+0000: 1688.736: [GC2014-07-28T05:40:47.760+0000: 1688.736: [ParNew: 91113K->10240K(92160K), 0.0349380 secs] 7593495K->7518042K(20961280K), 0.0350630 secs] [Times: user=0.27 sys=0.00, real=0.04 secs]
2014-07-28T05:40:47.963+0000: 1688.939: [GC2014-07-28T05:40:47.963+0000: 1688.939: [ParNew: 92160K->9815K(92160K), 0.0354050 secs] 7599962K->7523284K(20961280K), 0.0355360 secs] [Times: user=0.28 sys=0.00, real=0.03 secs]
2014-07-28T05:40:48.203+0000: 1689.180: [GC2014-07-28T05:40:48.204+0000: 1689.180: [ParNew: 91735K->10240K(92160K), 0.0332460 secs] 7605204K->7529140K(20961280K), 0.0333650 secs] [Times: user=0.26 sys=0.00, real=0.03 secs]
2014-07-28T05:40:48.468+0000: 1689.444: [GC2014-07-28T05:40:48.468+0000: 1689.444: [ParNew: 92160K->8178K(92160K), 0.0335890 secs] 7611060K->7532454K(20961280K), 0.0337280 secs] [Times: user=0.26 sys=0.00, real=0.03 secs]
2014-07-28T05:40:48.967+0000: 1689.943: [GC2014-07-28T05:40:48.967+0000: 1689.943: [ParNew: 90098K->10116K(92160K), 0.0340870 secs] 7614374K->7539821K(20961280K), 0.0342060 secs] [Times: user=0.26 sys=0.00, real=0.03 secs]
2014-07-28T05:40:49.646+0000: 1690.622: [GC2014-07-28T05:40:49.646+0000: 1690.622: [ParNew: 92036K->10240K(92160K), 0.0372250 secs] 7621741K->7545371K(20961280K), 0.0373590 secs] [Times: user=0.27 sys=0.02, real=0.04 secs]
2014-07-28T05:40:49.884+0000: 1690.860: [GC2014-07-28T05:40:49.884+0000: 1690.860: [ParNew: 92160K->10104K(92160K), 0.0342700 secs] 7627291K->7550795K(20961280K), 0.0343970 secs] [Times: user=0.25 sys=0.00, real=0.03 secs]
2014-07-28T05:40:50.103+0000: 1691.079: [GC2014-07-28T05:40:50.103+0000: 1691.079: [ParNew: 92024K->10240K(92160K), 0.0334010 secs] 7632715K->7556534K(20961280K), 0.0335240 secs] [Times: user=0.26 sys=0.00, real=0.03 secs]
2014-07-28T05:40:50.743+0000: 1691.719: [GC2014-07-28T05:40:50.743+0000: 1691.719: [ParNew: 92157K->9244K(92160K), 0.0365430 secs] 7638451K->7560820K(20961280K), 0.0366670 secs] [Times: user=0.28 sys=0.00, real=0.03 secs]
2014-07-28T05:40:51.195+0000: 1692.171: [GC2014-07-28T05:40:51.195+0000: 1692.171: [ParNew: 91164K->10240K(92160K), 0.0329290 secs] 7642740K->7567265K(20961280K), 0.0330510 secs] [Times: user=0.26 sys=0.00, real=0.03 secs]
2014-07-28T05:40:51.494+0000: 1692.470: [GC2014-07-28T05:40:51.494+0000: 1692.470: [ParNew: 92160K->10240K(92160K), 0.0319260 secs] 7649185K->7572738K(20961280K), 0.0320640 secs] [Times: user=0.23 sys=0.01, real=0.03 secs]
2014-07-28T05:40:51.772+0000: 1692.748: [GC2014-07-28T05:40:51.772+0000: 1692.748: [ParNew: 92160K->10240K(92160K), 0.0355500 secs] 7654658K->7578226K(20961280K), 0.0356750 secs] [Times: user=0.28 sys=0.00, real=0.03 secs]
2014-07-28T05:40:52.214+0000: 1693.190: [GC2014-07-28T05:40:52.214+0000: 1693.190: [ParNew: 92160K->8617K(92160K), 0.0328280 secs] 7660146K->7582095K(20961280K), 0.0330150 secs] [Times: user=0.25 sys=0.00, real=0.03 secs]
2014-07-28T05:40:52.475+0000: 1693.451: [GC2014-07-28T05:40:52.475+0000: 1693.452: [ParNew: 90537K->10077K(92160K), 0.0342070 secs] 7664015K->7588962K(20961280K), 0.0343280 secs] [Times: user=0.26 sys=0.00, real=0.03 secs]
2014-07-28T05:40:52.785+0000: 1693.761: [GC2014-07-28T05:40:52.785+0000: 1693.761: [ParNew: 91997K->9165K(92160K), 0.0320410 secs] 7670882K->7593564K(20961280K), 0.0321570 secs] [Times: user=0.25 sys=0.00, real=0.03 secs]
2014-07-28T05:40:53.404+0000: 1694.380: [GC2014-07-28T05:40:53.404+0000: 1694.380: [ParNew: 91085K->7097K(92160K), 0.0333730 secs] 7675484K->7596896K(20961280K), 0.0334940 secs] [Times: user=0.26 sys=0.00, real=0.03 secs]
2014-07-28T05:40:53.823+0000: 1694.799: [GC2014-07-28T05:40:53.823+0000: 1694.799: [ParNew: 89017K->8249K(92160K), 0.0348330 secs] 7678816K->7603457K(20961280K), 0.0349600 secs] [Times: user=0.26 sys=0.00, real=0.03 secs]
2014-07-28T05:40:54.055+0000: 1695.031: [GC2014-07-28T05:40:54.055+0000: 1695.031: [ParNew: 90169K->10169K(92160K), 0.0343660 secs] 7685377K->7610823K(20961280K), 0.0344900 secs] [Times: user=0.26 sys=0.01, real=0.03 secs]
2014-07-28T05:40:54.425+0000: 1695.401: [GC2014-07-28T05:40:54.425+0000: 1695.401: [ParNew: 92089K->9310K(92160K), 0.0344750 secs] 7692743K->7615650K(20961280K), 0.0345930 secs] [Times: user=0.28 sys=0.00, real=0.03 secs]
2014-07-28T05:40:54.813+0000: 1695.789: [GC2014-07-28T05:40:54.813+0000: 1695.790: [ParNew: 91230K->9078K(92160K), 0.0306670 secs] 7697570K->7620772K(20961280K), 0.0307900 secs] [Times: user=0.23 sys=0.00, real=0.03 secs]
2014-07-28T05:40:55.173+0000: 1696.149: [GC2014-07-28T05:40:55.173+0000: 1696.149: [ParNew: 90982K->9092K(92160K), 0.0340010 secs] 7702676K->7626211K(20961280K), 0.0341220 secs] [Times: user=0.26 sys=0.00, real=0.03 secs]
2014-07-28T05:40:55.875+0000: 1696.851: [GC2014-07-28T05:40:55.875+0000: 1696.851: [ParNew: 91012K->8634K(92160K), 0.0320040 secs] 7708131K->7631154K(20961280K), 0.0321260 secs] [Times: user=0.25 sys=0.00, real=0.03 secs]
2014-07-28T05:40:56.503+0000: 1697.479: [GC2014-07-28T05:40:56.503+0000: 1697.479: [ParNew: 90554K->8283K(92160K), 0.0316240 secs] 7713074K->7636229K(20961280K), 0.0317480 secs] [Times: user=0.24 sys=0.00, real=0.03 secs]
2014-07-28T05:40:56.912+0000: 1697.888: [GC2014-07-28T05:40:56.912+0000: 1697.889: [ParNew: 90203K->10240K(92160K), 0.0307430 secs] 7718149K->7643682K(20961280K), 0.0308650 secs] [Times: user=0.24 sys=0.00, real=0.03 secs]
2014-07-28T05:40:57.193+0000: 1698.169: [GC2014-07-28T05:40:57.193+0000: 1698.169: [ParNew: 92158K->9428K(92160K), 0.0339420 secs] 7725600K->7648339K(20961280K), 0.0340690 secs] [Times: user=0.26 sys=0.00, real=0.03 secs]
2014-07-28T05:40:57.563+0000: 1698.540: [GC2014-07-28T05:40:57.564+0000: 1698.540: [ParNew: 91348K->8800K(92160K), 0.0324210 secs] 7730259K->7653280K(20961280K), 0.0325390 secs] [Times: user=0.25 sys=0.00, real=0.03 secs]
2014-07-28T05:40:57.789+0000: 1698.765: [GC2014-07-28T05:40:57.789+0000: 1698.765: [ParNew: 90720K->9077K(92160K), 0.0336720 secs] 7735200K->7658925K(20961280K), 0.0337940 secs] [Times: user=0.26 sys=0.00, real=0.04 secs]
2014-07-28T05:40:57.954+0000: 1698.930: [GC2014-07-28T05:40:57.954+0000: 1698.930: [ParNew: 90997K->9282K(92160K), 0.0349960 secs] 7740845K->7664568K(20961280K), 0.0351260 secs] [Times: user=0.27 sys=0.01, real=0.03 secs]
2014-07-28T05:40:58.143+0000: 1699.120: [GC2014-07-28T05:40:58.144+0000: 1699.120: [ParNew: 91202K->9002K(92160K), 0.0363090 secs] 7746488K->7669900K(20961280K), 0.0364600 secs] [Times: user=0.28 sys=0.00, real=0.03 secs]
2014-07-28T05:40:58.418+0000: 1699.394: [GC2014-07-28T05:40:58.418+0000: 1699.394: [ParNew: 90922K->10240K(92160K), 0.0320610 secs] 7751820K->7676641K(20961280K), 0.0321810 secs] [Times: user=0.25 sys=0.00, real=0.04 secs]
2014-07-28T05:40:58.873+0000: 1699.849: [GC2014-07-28T05:40:58.873+0000: 1699.849: [ParNew: 92160K->10240K(92160K), 0.0317500 secs] 7758561K->7682145K(20961280K), 0.0318690 secs] [Times: user=0.25 sys=0.00, real=0.03 secs]
2014-07-28T05:40:59.592+0000: 1700.568: [GC2014-07-28T05:40:59.592+0000: 1700.568: [ParNew: 92160K->9853K(92160K), 0.0299300 secs] 7764065K->7687008K(20961280K), 0.0300670 secs] [Times: user=0.23 sys=0.00, real=0.03 secs]
2014-07-28T05:40:59.866+0000: 1700.842: [GC2014-07-28T05:40:59.866+0000: 1700.842: [ParNew: 91773K->10240K(92160K), 0.0323200 secs] 7768928K->7692912K(20961280K), 0.0324390 secs] [Times: user=0.25 sys=0.00, real=0.03 secs]
2014-07-28T05:41:00.100+0000: 1701.076: [GC2014-07-28T05:41:00.100+0000: 1701.076: [ParNew: 92160K->10240K(92160K), 0.0344280 secs] 7774832K->7698607K(20961280K), 0.0345500 secs] [Times: user=0.27 sys=0.00, real=0.04 secs]
2014-07-28T05:41:00.634+0000: 1701.610: [GC2014-07-28T05:41:00.634+0000: 1701.610: [ParNew: 92160K->8797K(92160K), 0.0349280 secs] 7780527K->7702609K(20961280K), 0.0350520 secs] [Times: user=0.27 sys=0.00, real=0.03 secs]
2014-07-28T05:41:01.156+0000: 1702.132: [GC2014-07-28T05:41:01.156+0000: 1702.132: [ParNew: 90717K->9184K(92160K), 0.0359040 secs] 7784529K->7708330K(20961280K), 0.0360300 secs] [Times: user=0.28 sys=0.00, real=0.04 secs]
2014-07-28T05:41:01.482+0000: 1702.458: [GC2014-07-28T05:41:01.482+0000: 1702.459: [ParNew: 91104K->10240K(92160K), 0.0335790 secs] 7790250K->7714867K(20961280K), 0.0337010 secs] [Times: user=0.25 sys=0.00, real=0.03 secs]
2014-07-28T05:41:01.714+0000: 1702.690: [GC2014-07-28T05:41:01.714+0000: 1702.690: [ParNew: 92160K->10240K(92160K), 0.0846220 secs] 7796787K->7720447K(20961280K), 0.0847410 secs] [Times: user=0.58 sys=0.02, real=0.08 secs]
2014-07-28T05:41:02.102+0000: 1703.078: [GC2014-07-28T05:41:02.102+0000: 1703.078: [ParNew: 92160K->10240K(92160K), 0.0330220 secs] 7802367K->7725822K(20961280K), 0.0331490 secs] [Times: user=0.26 sys=0.00, real=0.03 secs]
2014-07-28T05:41:02.427+0000: 1703.404: [GC2014-07-28T05:41:02.428+0000: 1703.404: [ParNew: 92160K->10240K(92160K), 0.0392310 secs] 7807742K->7731314K(20961280K), 0.0393490 secs] [Times: user=0.28 sys=0.02, real=0.04 secs]
2014-07-28T05:41:02.703+0000: 1703.679: [GC2014-07-28T05:41:02.703+0000: 1703.679: [ParNew: 92160K->10240K(92160K), 0.0362350 secs] 7813234K->7736860K(20961280K), 0.0363540 secs] [Times: user=0.26 sys=0.02, real=0.03 secs]
2014-07-28T05:41:03.330+0000: 1704.306: [GC2014-07-28T05:41:03.330+0000: 1704.306: [ParNew: 92160K->10151K(92160K), 0.0339050 secs] 7818780K->7742252K(20961280K), 0.0340230 secs] [Times: user=0.25 sys=0.00, real=0.04 secs]
2014-07-28T05:41:03.743+0000: 1704.719: [GC2014-07-28T05:41:03.743+0000: 1704.719: [ParNew: 92071K->9799K(92160K), 0.0341420 secs] 7824172K->7747274K(20961280K), 0.0342650 secs] [Times: user=0.27 sys=0.00, real=0.03 secs]
2014-07-28T05:41:04.035+0000: 1705.011: [GC2014-07-28T05:41:04.035+0000: 1705.011: [ParNew: 91719K->9243K(92160K), 0.0332860 secs] 7829194K->7752203K(20961280K), 0.0334090 secs] [Times: user=0.26 sys=0.00, real=0.03 secs]
2014-07-28T05:41:04.266+0000: 1705.242: [GC2014-07-28T05:41:04.266+0000: 1705.242: [ParNew: 91163K->9945K(92160K), 0.0362990 secs] 7834123K->7758342K(20961280K), 0.0364160 secs] [Times: user=0.28 sys=0.00, real=0.04 secs]
2014-07-28T05:41:04.733+0000: 1705.709: [GC2014-07-28T05:41:04.733+0000: 1705.709: [ParNew: 91864K->10240K(92160K), 0.0334430 secs] 7840261K->7764239K(20961280K), 0.0335650 secs] [Times: user=0.26 sys=0.00, real=0.03 secs]
2014-07-28T05:41:05.093+0000: 1706.069: [GC2014-07-28T05:41:05.093+0000: 1706.070: [ParNew: 92160K->10240K(92160K), 0.0374760 secs] 7846159K->7769687K(20961280K), 0.0375800 secs] [Times: user=0.29 sys=0.00, real=0.04 secs]
2014-07-28T05:41:05.753+0000: 1706.729: [GC2014-07-28T05:41:05.753+0000: 1706.729: [ParNew: 92160K->10240K(92160K), 0.0448210 secs] 7851607K->7775153K(20961280K), 0.0449320 secs] [Times: user=0.31 sys=0.01, real=0.04 secs]
2014-07-28T05:41:06.366+0000: 1707.342: [GC2014-07-28T05:41:06.366+0000: 1707.342: [ParNew: 92160K->10240K(92160K), 0.0378040 secs] 7857073K->7780447K(20961280K), 0.0379120 secs] [Times: user=0.29 sys=0.00, real=0.04 secs]
2014-07-28T05:41:06.833+0000: 1707.809: [GC2014-07-28T05:41:06.833+0000: 1707.809: [ParNew: 92160K->10240K(92160K), 0.0440700 secs] 7862367K->7785934K(20961280K), 0.0441760 secs] [Times: user=0.33 sys=0.00, real=0.04 secs]
2014-07-28T05:41:07.153+0000: 1708.129: [GC2014-07-28T05:41:07.153+0000: 1708.129: [ParNew: 92160K->9631K(92160K), 0.0372820 secs] 7867854K->7790860K(20961280K), 0.0373890 secs] [Times: user=0.29 sys=0.00, real=0.04 secs]
2014-07-28T05:41:07.445+0000: 1708.421: [GC2014-07-28T05:41:07.445+0000: 1708.421: [ParNew: 91551K->10240K(92160K), 0.0336120 secs] 7872780K->7796898K(20961280K), 0.0337270 secs] [Times: user=0.26 sys=0.00, real=0.03 secs]
2014-07-28T05:41:07.764+0000: 1708.740: [GC2014-07-28T05:41:07.764+0000: 1708.740: [ParNew: 92160K->10240K(92160K), 0.0345370 secs] 7878818K->7802495K(20961280K), 0.0346580 secs] [Times: user=0.27 sys=0.00, real=0.03 secs]
2014-07-28T05:41:07.942+0000: 1708.918: [GC2014-07-28T05:41:07.942+0000: 1708.918: [ParNew: 92160K->10240K(92160K), 0.0344390 secs] 7884415K->7808225K(20961280K), 0.0345560 secs] [Times: user=0.27 sys=0.00, real=0.03 secs]
2014-07-28T05:41:08.137+0000: 1709.113: [GC2014-07-28T05:41:08.137+0000: 1709.113: [ParNew: 92160K->10240K(92160K), 0.0343290 secs] 7890145K->7813661K(20961280K), 0.0344530 secs] [Times: user=0.26 sys=0.01, real=0.04 secs]
2014-07-28T05:41:08.400+0000: 1709.376: [GC2014-07-28T05:41:08.400+0000: 1709.376: [ParNew: 92160K->9743K(92160K), 0.0299520 secs] 7895581K->7818640K(20961280K), 0.0300710 secs] [Times: user=0.23 sys=0.01, real=0.04 secs]
2014-07-28T05:41:08.725+0000: 1709.701: [GC2014-07-28T05:41:08.725+0000: 1709.701: [ParNew: 91663K->9260K(92160K), 0.0341930 secs] 7900560K->7823434K(20961280K), 0.0343110 secs] [Times: user=0.26 sys=0.00, real=0.03 secs]
2014-07-28T05:41:09.262+0000: 1710.238: [GC2014-07-28T05:41:09.262+0000: 1710.238: [ParNew: 91180K->8490K(92160K), 0.0328090 secs] 7905354K->7828274K(20961280K), 0.0329320 secs] [Times: user=0.23 sys=0.02, real=0.03 secs]
2014-07-28T05:41:09.846+0000: 1710.822: [GC2014-07-28T05:41:09.846+0000: 1710.822: [ParNew: 90410K->9100K(92160K), 0.0328680 secs] 7910194K->7834034K(20961280K), 0.0329870 secs] [Times: user=0.26 sys=0.00, real=0.03 secs]
2014-07-28T05:41:10.089+0000: 1711.065: [GC2014-07-28T05:41:10.089+0000: 1711.065: [ParNew: 91020K->8919K(92160K), 0.0332510 secs] 7915954K->7839408K(20961280K), 0.0333760 secs] [Times: user=0.25 sys=0.00, real=0.03 secs]
2014-07-28T05:41:10.278+0000: 1711.254: [GC2014-07-28T05:41:10.278+0000: 1711.254: [ParNew: 90839K->9499K(92160K), 0.0404780 secs] 7921328K->7845364K(20961280K), 0.0406070 secs] [Times: user=0.26 sys=0.00, real=0.04 secs]
2014-07-28T05:41:11.103+0000: 1712.079: [GC2014-07-28T05:41:11.103+0000: 1712.079: [ParNew: 91417K->8534K(92160K), 0.0346240 secs] 7927281K->7849941K(20961280K), 0.0347520 secs] [Times: user=0.27 sys=0.00, real=0.03 secs]
2014-07-28T05:41:11.445+0000: 1712.421: [GC2014-07-28T05:41:11.445+0000: 1712.421: [ParNew: 90454K->8209K(92160K), 0.0339300 secs] 7931861K->7854998K(20961280K), 0.0340530 secs] [Times: user=0.26 sys=0.00, real=0.03 secs]
2014-07-28T05:41:11.693+0000: 1712.669: [GC2014-07-28T05:41:11.693+0000: 1712.669: [ParNew: 90129K->9360K(92160K), 0.0321720 secs] 7936918K->7861586K(20961280K), 0.0322950 secs] [Times: user=0.24 sys=0.01, real=0.03 secs]
2014-07-28T05:41:11.989+0000: 1712.965: [GC2014-07-28T05:41:11.989+0000: 1712.965: [ParNew: 91280K->10240K(92160K), 0.0334460 secs] 7943506K->7868082K(20961280K), 0.0335710 secs] [Times: user=0.26 sys=0.00, real=0.04 secs]
2014-07-28T05:41:12.388+0000: 1713.364: [GC2014-07-28T05:41:12.388+0000: 1713.364: [ParNew: 92160K->10240K(92160K), 0.0336020 secs] 7950002K->7873629K(20961280K), 0.0337500 secs] [Times: user=0.26 sys=0.00, real=0.03 secs]
2014-07-28T05:41:12.691+0000: 1713.667: [GC2014-07-28T05:41:12.691+0000: 1713.667: [ParNew: 92160K->10240K(92160K), 0.0373330 secs] 7955549K->7879091K(20961280K), 0.0374520 secs] [Times: user=0.29 sys=0.00, real=0.03 secs]
2014-07-28T05:41:12.982+0000: 1713.958: [GC2014-07-28T05:41:12.982+0000: 1713.958: [ParNew: 92160K->9268K(92160K), 0.0345270 secs] 7961011K->7883578K(20961280K), 0.0346460 secs] [Times: user=0.27 sys=0.00, real=0.04 secs]
2014-07-28T05:41:13.604+0000: 1714.580: [GC2014-07-28T05:41:13.604+0000: 1714.580: [ParNew: 91178K->9370K(92160K), 0.0340760 secs] 7965488K->7888980K(20961280K), 0.0342000 secs] [Times: user=0.26 sys=0.00, real=0.03 secs]
2014-07-28T05:41:14.004+0000: 1714.980: [GC2014-07-28T05:41:14.004+0000: 1714.980: [ParNew: 91290K->10240K(92160K), 0.0368880 secs] 7970900K->7895380K(20961280K), 0.0370120 secs] [Times: user=0.29 sys=0.00, real=0.03 secs]
2014-07-28T05:41:14.244+0000: 1715.220: [GC2014-07-28T05:41:14.244+0000: 1715.220: [ParNew: 92160K->9937K(92160K), 0.0355460 secs] 7977300K->7900629K(20961280K), 0.0356980 secs] [Times: user=0.28 sys=0.00, real=0.03 secs]