2014-07-28T03:59:17.665+0000: 1.346: [GC2014-07-28T03:59:17.665+0000: 1.346: [ParNew: 81920K->8757K(92160K), 0.0515190 secs] 81920K->8757K(20961280K), 0.0516960 secs] [Times: user=0.32 sys=0.02, real=0.05 secs]
2014-07-28T03:59:18.500+0000: 2.181: [Full GC2014-07-28T03:59:18.500+0000: 2.181: [CMS: 0K->10505K(20869120K), 0.4837180 secs] 84557K->10505K(20961280K), [CMS Perm : 18293K->18287K(65536K)], 0.4838150 secs] [Times: user=0.14 sys=0.34, real=0.49 secs]
2014-07-28T03:59:29.605+0000: 13.287: [GC2014-07-28T03:59:29.605+0000: 13.287: [ParNew: 81920K->10240K(92160K), 0.0510520 secs] 92425K->21454K(20961280K), 0.0512710 secs] [Times: user=0.36 sys=0.03, real=0.05 secs]
2014-07-28T03:59:32.096+0000: 15.777: [GC2014-07-28T03:59:32.096+0000: 15.778: [ParNew: 92155K->9498K(92160K), 0.1005910 secs] 103370K->29737K(20961280K), 0.1007960 secs] [Times: user=0.43 sys=0.04, real=0.10 secs]
2014-07-28T03:59:34.576+0000: 18.257: [GC2014-07-28T03:59:34.576+0000: 18.257: [ParNew: 91418K->9802K(92160K), 0.0474110 secs] 111657K->36450K(20961280K), 0.0476430 secs] [Times: user=0.35 sys=0.01, real=0.05 secs]
2014-07-28T03:59:37.009+0000: 20.691: [GC2014-07-28T03:59:37.009+0000: 20.691: [ParNew: 91722K->9667K(92160K), 0.0543650 secs] 118370K->42750K(20961280K), 0.0545980 secs] [Times: user=0.41 sys=0.02, real=0.06 secs]
2014-07-28T03:59:39.439+0000: 23.120: [GC2014-07-28T03:59:39.439+0000: 23.120: [ParNew: 91587K->10160K(92160K), 0.0516880 secs] 124670K->49444K(20961280K), 0.0519460 secs] [Times: user=0.37 sys=0.01, real=0.06 secs]
2014-07-28T03:59:41.512+0000: 25.194: [GC2014-07-28T03:59:41.512+0000: 25.194: [ParNew: 92080K->10240K(92160K), 0.0538070 secs] 131364K->56384K(20961280K), 0.0540910 secs] [Times: user=0.39 sys=0.01, real=0.05 secs]
2014-07-28T03:59:43.616+0000: 27.297: [GC2014-07-28T03:59:43.616+0000: 27.297: [ParNew: 92159K->10240K(92160K), 0.0533140 secs] 138303K->65001K(20961280K), 0.0536150 secs] [Times: user=0.39 sys=0.00, real=0.05 secs]
2014-07-28T03:59:45.793+0000: 29.475: [GC2014-07-28T03:59:45.794+0000: 29.475: [ParNew: 92160K->10240K(92160K), 0.0591850 secs] 146921K->74473K(20961280K), 0.0595080 secs] [Times: user=0.45 sys=0.00, real=0.06 secs]
2014-07-28T03:59:47.903+0000: 31.584: [GC2014-07-28T03:59:47.903+0000: 31.584: [ParNew: 92160K->10240K(92160K), 0.0563350 secs] 156393K->83578K(20961280K), 0.0566590 secs] [Times: user=0.37 sys=0.03, real=0.05 secs]
2014-07-28T03:59:49.936+0000: 33.618: [GC2014-07-28T03:59:49.936+0000: 33.618: [ParNew: 92153K->10240K(92160K), 0.0548560 secs] 165491K->92814K(20961280K), 0.0552070 secs] [Times: user=0.40 sys=0.01, real=0.06 secs]
2014-07-28T03:59:51.865+0000: 35.547: [GC2014-07-28T03:59:51.865+0000: 35.547: [ParNew: 92158K->10240K(92160K), 0.0548390 secs] 174733K->102970K(20961280K), 0.0551960 secs] [Times: user=0.38 sys=0.00, real=0.05 secs]
2014-07-28T03:59:53.776+0000: 37.457: [GC2014-07-28T03:59:53.776+0000: 37.458: [ParNew: 92160K->10240K(92160K), 0.0658780 secs] 184890K->114079K(20961280K), 0.0662540 secs] [Times: user=0.43 sys=0.02, real=0.07 secs]
2014-07-28T03:59:55.712+0000: 39.393: [GC2014-07-28T03:59:55.712+0000: 39.393: [ParNew: 92153K->10240K(92160K), 0.0590030 secs] 195993K->125045K(20961280K), 0.0593920 secs] [Times: user=0.42 sys=0.01, real=0.06 secs]
2014-07-28T03:59:57.657+0000: 41.338: [GC2014-07-28T03:59:57.657+0000: 41.339: [ParNew: 92160K->10240K(92160K), 0.0543290 secs] 206965K->136032K(20961280K), 0.0547230 secs] [Times: user=0.39 sys=0.01, real=0.06 secs]
2014-07-28T03:59:59.558+0000: 43.239: [GC2014-07-28T03:59:59.558+0000: 43.239: [ParNew: 92160K->10240K(92160K), 0.0556440 secs] 217952K->147943K(20961280K), 0.0560700 secs] [Times: user=0.38 sys=0.01, real=0.06 secs]
2014-07-28T04:00:01.212+0000: 44.894: [GC2014-07-28T04:00:01.212+0000: 44.894: [ParNew: 92160K->10240K(92160K), 0.0579120 secs] 229863K->159804K(20961280K), 0.0583580 secs] [Times: user=0.42 sys=0.02, real=0.06 secs]
2014-07-28T04:00:02.947+0000: 46.629: [GC2014-07-28T04:00:02.947+0000: 46.629: [ParNew: 92152K->10240K(92160K), 0.0576690 secs] 241717K->172698K(20961280K), 0.0581080 secs] [Times: user=0.38 sys=0.01, real=0.06 secs]
2014-07-28T04:00:04.663+0000: 48.344: [GC2014-07-28T04:00:04.663+0000: 48.344: [ParNew: 92157K->10240K(92160K), 0.0611080 secs] 254616K->186329K(20961280K), 0.0615670 secs] [Times: user=0.41 sys=0.02, real=0.06 secs]
2014-07-28T04:00:06.362+0000: 50.043: [GC2014-07-28T04:00:06.362+0000: 50.043: [ParNew: 92159K->10240K(92160K), 0.0590190 secs] 268248K->198011K(20961280K), 0.0594940 secs] [Times: user=0.39 sys=0.03, real=0.06 secs]
2014-07-28T04:00:08.079+0000: 51.761: [GC2014-07-28T04:00:08.079+0000: 51.761: [ParNew: 92159K->10240K(92160K), 0.0602990 secs] 279931K->210740K(20961280K), 0.0607950 secs] [Times: user=0.42 sys=0.01, real=0.06 secs]
2014-07-28T04:00:09.768+0000: 53.449: [GC2014-07-28T04:00:09.768+0000: 53.450: [ParNew: 92160K->10240K(92160K), 0.0606890 secs] 292660K->223605K(20961280K), 0.0611890 secs] [Times: user=0.39 sys=0.03, real=0.06 secs]
2014-07-28T04:00:11.325+0000: 55.007: [GC2014-07-28T04:00:11.326+0000: 55.007: [ParNew: 92158K->10240K(92160K), 0.0598210 secs] 305524K->237759K(20961280K), 0.0603410 secs] [Times: user=0.39 sys=0.01, real=0.06 secs]
2014-07-28T04:00:12.834+0000: 56.516: [GC2014-07-28T04:00:12.835+0000: 56.516: [ParNew: 92160K->10240K(92160K), 0.0630670 secs] 319679K->251511K(20961280K), 0.0636010 secs] [Times: user=0.43 sys=0.02, real=0.07 secs]
2014-07-28T04:00:14.373+0000: 58.055: [GC2014-07-28T04:00:14.374+0000: 58.055: [ParNew: 92159K->10240K(92160K), 0.0696330 secs] 333430K->266639K(20961280K), 0.0701700 secs] [Times: user=0.49 sys=0.02, real=0.07 secs]
2014-07-28T04:00:15.939+0000: 59.620: [GC2014-07-28T04:00:15.939+0000: 59.620: [ParNew: 92160K->10240K(92160K), 0.0609480 secs] 348559K->279519K(20961280K), 0.0614890 secs] [Times: user=0.41 sys=0.01, real=0.06 secs]
2014-07-28T04:00:17.488+0000: 61.170: [GC2014-07-28T04:00:17.489+0000: 61.170: [ParNew: 92155K->10240K(92160K), 0.0607980 secs] 361434K->293567K(20961280K), 0.0613770 secs] [Times: user=0.41 sys=0.01, real=0.07 secs]
2014-07-28T04:00:19.021+0000: 62.702: [GC2014-07-28T04:00:19.021+0000: 62.702: [ParNew: 92159K->10240K(92160K), 0.0637470 secs] 375487K->307481K(20961280K), 0.0643160 secs] [Times: user=0.42 sys=0.04, real=0.06 secs]
2014-07-28T04:00:20.465+0000: 64.146: [GC2014-07-28T04:00:20.465+0000: 64.146: [ParNew: 92160K->10240K(92160K), 0.0728380 secs] 389401K->323405K(20961280K), 0.0734280 secs] [Times: user=0.50 sys=0.02, real=0.08 secs]
2014-07-28T04:00:21.882+0000: 65.563: [GC2014-07-28T04:00:21.882+0000: 65.564: [ParNew: 92156K->10240K(92160K), 0.0612590 secs] 405322K->337622K(20961280K), 0.0618460 secs] [Times: user=0.37 sys=0.04, real=0.06 secs]
2014-07-28T04:00:23.307+0000: 66.988: [GC2014-07-28T04:00:23.307+0000: 66.988: [ParNew: 92159K->10240K(92160K), 0.0724180 secs] 419541K->353467K(20961280K), 0.0730250 secs] [Times: user=0.50 sys=0.02, real=0.08 secs]
2014-07-28T04:00:24.722+0000: 68.403: [GC2014-07-28T04:00:24.722+0000: 68.404: [ParNew: 92160K->10240K(92160K), 0.0623380 secs] 435387K->367682K(20961280K), 0.0629570 secs] [Times: user=0.44 sys=0.01, real=0.06 secs]
2014-07-28T04:00:26.152+0000: 69.833: [GC2014-07-28T04:00:26.152+0000: 69.833: [ParNew: 92158K->10240K(92160K), 0.0638420 secs] 449601K->382666K(20961280K), 0.0644590 secs] [Times: user=0.44 sys=0.03, real=0.06 secs]
2014-07-28T04:00:27.604+0000: 71.285: [GC2014-07-28T04:00:27.604+0000: 71.286: [ParNew: 92160K->10240K(92160K), 0.0629060 secs] 464586K->397735K(20961280K), 0.0635460 secs] [Times: user=0.43 sys=0.00, real=0.07 secs]
2014-07-28T04:00:28.964+0000: 72.646: [GC2014-07-28T04:00:28.965+0000: 72.646: [ParNew: 92160K->10240K(92160K), 0.0629420 secs] 479655K->413116K(20961280K), 0.0636040 secs] [Times: user=0.40 sys=0.03, real=0.07 secs]
2014-07-28T04:00:30.280+0000: 73.961: [GC2014-07-28T04:00:30.280+0000: 73.962: [ParNew: 92152K->10240K(92160K), 0.0625840 secs] 495029K->428861K(20961280K), 0.0632390 secs] [Times: user=0.42 sys=0.02, real=0.06 secs]
2014-07-28T04:00:31.589+0000: 75.270: [GC2014-07-28T04:00:31.589+0000: 75.270: [ParNew: 92159K->10240K(92160K), 0.0626680 secs] 510781K->444115K(20961280K), 0.0633640 secs] [Times: user=0.40 sys=0.02, real=0.06 secs]
2014-07-28T04:00:32.875+0000: 76.556: [GC2014-07-28T04:00:32.875+0000: 76.557: [ParNew: 92160K->10240K(92160K), 0.0647530 secs] 526035K->460193K(20961280K), 0.0654320 secs] [Times: user=0.43 sys=0.01, real=0.07 secs]
2014-07-28T04:00:34.177+0000: 77.858: [GC2014-07-28T04:00:34.177+0000: 77.859: [ParNew: 92158K->10240K(92160K), 0.0674310 secs] 542112K->476138K(20961280K), 0.0681070 secs] [Times: user=0.46 sys=0.02, real=0.07 secs]
2014-07-28T04:00:35.475+0000: 79.156: [GC2014-07-28T04:00:35.475+0000: 79.157: [ParNew: 92159K->10240K(92160K), 0.0804080 secs] 558058K->492082K(20961280K), 0.0811050 secs] [Times: user=0.45 sys=0.02, real=0.08 secs]
2014-07-28T04:00:36.762+0000: 80.443: [GC2014-07-28T04:00:36.762+0000: 80.443: [ParNew: 92150K->10240K(92160K), 0.0629260 secs] 573993K->507992K(20961280K), 0.0636500 secs] [Times: user=0.41 sys=0.02, real=0.06 secs]
2014-07-28T04:00:38.065+0000: 81.746: [GC2014-07-28T04:00:38.065+0000: 81.746: [ParNew: 92160K->10240K(92160K), 0.0708820 secs] 589912K->524065K(20961280K), 0.0716150 secs] [Times: user=0.45 sys=0.03, real=0.07 secs]
2014-07-28T04:00:39.347+0000: 83.029: [GC2014-07-28T04:00:39.348+0000: 83.029: [ParNew: 92156K->10240K(92160K), 0.0690050 secs] 605981K->540023K(20961280K), 0.0697310 secs] [Times: user=0.44 sys=0.01, real=0.06 secs]
2014-07-28T04:00:40.593+0000: 84.275: [GC2014-07-28T04:00:40.594+0000: 84.275: [ParNew: 92160K->10240K(92160K), 0.0656580 secs] 621943K->556227K(20961280K), 0.0663990 secs] [Times: user=0.42 sys=0.03, real=0.07 secs]
2014-07-28T04:00:41.805+0000: 85.487: [GC2014-07-28T04:00:41.805+0000: 85.487: [ParNew: 92159K->10240K(92160K), 0.0632710 secs] 638147K->572872K(20961280K), 0.0640110 secs] [Times: user=0.40 sys=0.02, real=0.07 secs]
2014-07-28T04:00:42.997+0000: 86.679: [GC2014-07-28T04:00:42.998+0000: 86.679: [ParNew: 92160K->10240K(92160K), 0.0645840 secs] 654792K->589466K(20961280K), 0.0653350 secs] [Times: user=0.42 sys=0.03, real=0.07 secs]
2014-07-28T04:00:44.163+0000: 87.844: [GC2014-07-28T04:00:44.163+0000: 87.844: [ParNew: 92158K->10240K(92160K), 0.0614250 secs] 671384K->606200K(20961280K), 0.0621920 secs] [Times: user=0.39 sys=0.02, real=0.06 secs]
2014-07-28T04:00:45.372+0000: 89.054: [GC2014-07-28T04:00:45.373+0000: 89.054: [ParNew: 92160K->10240K(92160K), 0.0670260 secs] 688120K->622939K(20961280K), 0.0677770 secs] [Times: user=0.42 sys=0.01, real=0.07 secs]
2014-07-28T04:00:46.588+0000: 90.269: [GC2014-07-28T04:00:46.588+0000: 90.270: [ParNew: 92160K->10240K(92160K), 0.0635650 secs] 704859K->639618K(20961280K), 0.0643630 secs] [Times: user=0.42 sys=0.00, real=0.06 secs]
2014-07-28T04:00:47.805+0000: 91.487: [GC2014-07-28T04:00:47.806+0000: 91.487: [ParNew: 92160K->10240K(92160K), 0.0726800 secs] 721538K->656899K(20961280K), 0.0734570 secs] [Times: user=0.48 sys=0.03, real=0.08 secs]
2014-07-28T04:00:48.972+0000: 92.654: [GC2014-07-28T04:00:48.973+0000: 92.654: [ParNew: 92160K->10240K(92160K), 0.0637250 secs] 738819K->673190K(20961280K), 0.0645130 secs] [Times: user=0.43 sys=0.01, real=0.06 secs]
2014-07-28T04:00:50.147+0000: 93.829: [GC2014-07-28T04:00:50.148+0000: 93.829: [ParNew: 92160K->10240K(92160K), 0.0710920 secs] 755110K->691015K(20961280K), 0.0718820 secs] [Times: user=0.48 sys=0.03, real=0.07 secs]
2014-07-28T04:00:51.252+0000: 94.933: [GC2014-07-28T04:00:51.252+0000: 94.934: [ParNew: 92160K->10240K(92160K), 0.0598370 secs] 772935K->707549K(20961280K), 0.0606530 secs] [Times: user=0.41 sys=0.00, real=0.06 secs]
2014-07-28T04:00:52.368+0000: 96.049: [GC2014-07-28T04:00:52.368+0000: 96.049: [ParNew: 92160K->10240K(92160K), 0.0650180 secs] 789469K->724824K(20961280K), 0.0658220 secs] [Times: user=0.41 sys=0.03, real=0.06 secs]
2014-07-28T04:00:53.509+0000: 97.191: [GC2014-07-28T04:00:53.510+0000: 97.191: [ParNew: 92158K->10240K(92160K), 0.0634050 secs] 806743K->741799K(20961280K), 0.0642100 secs] [Times: user=0.41 sys=0.02, real=0.06 secs]
2014-07-28T04:00:54.608+0000: 98.289: [GC2014-07-28T04:00:54.608+0000: 98.290: [ParNew: 92160K->10240K(92160K), 0.0653360 secs] 823719K->759679K(20961280K), 0.0661790 secs] [Times: user=0.42 sys=0.01, real=0.06 secs]
2014-07-28T04:00:55.716+0000: 99.398: [GC2014-07-28T04:00:55.717+0000: 99.398: [ParNew: 92143K->10240K(92160K), 0.0703750 secs] 841583K->777001K(20961280K), 0.0711990 secs] [Times: user=0.47 sys=0.03, real=0.08 secs]
2014-07-28T04:00:56.858+0000: 100.540: [GC2014-07-28T04:00:56.859+0000: 100.540: [ParNew: 92157K->10240K(92160K), 0.0672590 secs] 858919K->793634K(20961280K), 0.0681160 secs] [Times: user=0.43 sys=0.03, real=0.07 secs]
2014-07-28T04:00:57.981+0000: 101.663: [GC2014-07-28T04:00:57.982+0000: 101.663: [ParNew: 92160K->10240K(92160K), 0.0668160 secs] 875554K->811542K(20961280K), 0.0676590 secs] [Times: user=0.42 sys=0.01, real=0.07 secs]
2014-07-28T04:00:59.094+0000: 102.775: [GC2014-07-28T04:00:59.094+0000: 102.776: [ParNew: 92158K->10240K(92160K), 0.0712380 secs] 893461K->828923K(20961280K), 0.0721740 secs] [Times: user=0.47 sys=0.02, real=0.08 secs]
2014-07-28T04:01:00.125+0000: 103.807: [GC2014-07-28T04:01:00.126+0000: 103.807: [ParNew: 92147K->10240K(92160K), 0.0662150 secs] 910830K->846433K(20961280K), 0.0670740 secs] [Times: user=0.40 sys=0.03, real=0.07 secs]
2014-07-28T04:01:01.200+0000: 104.881: [GC2014-07-28T04:01:01.200+0000: 104.882: [ParNew: 92160K->10240K(92160K), 0.0642880 secs] 928353K->864366K(20961280K), 0.0651940 secs] [Times: user=0.41 sys=0.03, real=0.06 secs]
2014-07-28T04:01:02.247+0000: 105.928: [GC2014-07-28T04:01:02.247+0000: 105.929: [ParNew: 92159K->10240K(92160K), 0.0644730 secs] 946286K->882016K(20961280K), 0.0653870 secs] [Times: user=0.41 sys=0.02, real=0.06 secs]
2014-07-28T04:01:03.298+0000: 106.979: [GC2014-07-28T04:01:03.298+0000: 106.980: [ParNew: 92160K->10240K(92160K), 0.0654830 secs] 963936K->900145K(20961280K), 0.0663830 secs] [Times: user=0.41 sys=0.02, real=0.06 secs]
2014-07-28T04:01:04.362+0000: 108.044: [GC2014-07-28T04:01:04.363+0000: 108.044: [ParNew: 92160K->10240K(92160K), 0.0914210 secs] 982065K->918121K(20961280K), 0.0923420 secs] [Times: user=0.57 sys=0.04, real=0.10 secs]
2014-07-28T04:01:05.366+0000: 109.047: [GC2014-07-28T04:01:05.366+0000: 109.048: [ParNew: 92160K->10240K(92160K), 0.0680110 secs] 1000041K->936351K(20961280K), 0.0689270 secs] [Times: user=0.43 sys=0.02, real=0.08 secs]
2014-07-28T04:01:06.429+0000: 110.110: [GC2014-07-28T04:01:06.429+0000: 110.111: [ParNew: 92160K->10240K(92160K), 0.0646140 secs] 1018271K->954501K(20961280K), 0.0655410 secs] [Times: user=0.43 sys=0.00, real=0.07 secs]
2014-07-28T04:01:07.474+0000: 111.156: [GC2014-07-28T04:01:07.475+0000: 111.156: [ParNew: 92156K->10240K(92160K), 0.0666160 secs] 1036417K->972348K(20961280K), 0.0675300 secs] [Times: user=0.42 sys=0.03, real=0.06 secs]
2014-07-28T04:01:08.528+0000: 112.210: [GC2014-07-28T04:01:08.529+0000: 112.210: [ParNew: 92154K->10240K(92160K), 0.0633060 secs] 1054263K->990361K(20961280K), 0.0642380 secs] [Times: user=0.40 sys=0.03, real=0.06 secs]
2014-07-28T04:01:09.569+0000: 113.250: [GC2014-07-28T04:01:09.569+0000: 113.251: [ParNew: 92160K->10240K(92160K), 0.0666900 secs] 1072281K->1008609K(20961280K), 0.0676350 secs] [Times: user=0.41 sys=0.02, real=0.07 secs]
2014-07-28T04:01:10.565+0000: 114.247: [GC2014-07-28T04:01:10.566+0000: 114.247: [ParNew: 92145K->10240K(92160K), 0.0727080 secs] 1090514K->1027132K(20961280K), 0.0736830 secs] [Times: user=0.50 sys=0.01, real=0.08 secs]
2014-07-28T04:01:11.565+0000: 115.247: [GC2014-07-28T04:01:11.566+0000: 115.247: [ParNew: 92158K->10240K(92160K), 0.0716290 secs] 1109051K->1045351K(20961280K), 0.0726270 secs] [Times: user=0.48 sys=0.02, real=0.08 secs]
2014-07-28T04:01:12.541+0000: 116.222: [GC2014-07-28T04:01:12.541+0000: 116.223: [ParNew: 92159K->10240K(92160K), 0.0664730 secs] 1127270K->1064103K(20961280K), 0.0674660 secs] [Times: user=0.40 sys=0.06, real=0.07 secs]
2014-07-28T04:01:13.510+0000: 117.191: [GC2014-07-28T04:01:13.510+0000: 117.192: [ParNew: 92160K->10240K(92160K), 0.0638600 secs] 1146023K->1082109K(20961280K), 0.0648350 secs] [Times: user=0.40 sys=0.03, real=0.07 secs]
2014-07-28T04:01:14.517+0000: 118.198: [GC2014-07-28T04:01:14.518+0000: 118.199: [ParNew: 92160K->10240K(92160K), 0.0671620 secs] 1164029K->1101056K(20961280K), 0.0681400 secs] [Times: user=0.41 sys=0.03, real=0.07 secs]
2014-07-28T04:01:15.494+0000: 119.176: [GC2014-07-28T04:01:15.495+0000: 119.176: [ParNew: 92159K->10240K(92160K), 0.0660390 secs] 1182975K->1119236K(20961280K), 0.0670550 secs] [Times: user=0.41 sys=0.02, real=0.06 secs]
2014-07-28T04:01:16.507+0000: 120.188: [GC2014-07-28T04:01:16.508+0000: 120.189: [ParNew: 92160K->10240K(92160K), 0.0645580 secs] 1201156K->1137879K(20961280K), 0.0655470 secs] [Times: user=0.38 sys=0.04, real=0.06 secs]
2014-07-28T04:01:17.432+0000: 121.113: [GC2014-07-28T04:01:17.432+0000: 121.113: [ParNew: 92160K->10240K(92160K), 0.0650610 secs] 1219799K->1156088K(20961280K), 0.0660520 secs] [Times: user=0.40 sys=0.04, real=0.07 secs]
2014-07-28T04:01:18.413+0000: 122.094: [GC2014-07-28T04:01:18.413+0000: 122.095: [ParNew: 92160K->10240K(92160K), 0.0655190 secs] 1238008K->1174734K(20961280K), 0.0665170 secs] [Times: user=0.38 sys=0.03, real=0.07 secs]
2014-07-28T04:01:19.381+0000: 123.063: [GC2014-07-28T04:01:19.382+0000: 123.063: [ParNew: 92160K->10240K(92160K), 0.0746400 secs] 1256654K->1193034K(20961280K), 0.0756570 secs] [Times: user=0.50 sys=0.02, real=0.08 secs]
2014-07-28T04:01:20.361+0000: 124.042: [GC2014-07-28T04:01:20.361+0000: 124.043: [ParNew: 92160K->10240K(92160K), 0.0740370 secs] 1274954K->1211699K(20961280K), 0.0750780 secs] [Times: user=0.47 sys=0.03, real=0.08 secs]
2014-07-28T04:01:21.286+0000: 124.967: [GC2014-07-28T04:01:21.286+0000: 124.968: [ParNew: 92158K->10240K(92160K), 0.0663730 secs] 1293617K->1230312K(20961280K), 0.0674170 secs] [Times: user=0.42 sys=0.01, real=0.07 secs]
2014-07-28T04:01:22.230+0000: 125.911: [GC2014-07-28T04:01:22.230+0000: 125.911: [ParNew: 92153K->10240K(92160K), 0.0674980 secs] 1312226K->1249802K(20961280K), 0.0685740 secs] [Times: user=0.42 sys=0.02, real=0.07 secs]
2014-07-28T04:01:23.152+0000: 126.834: [GC2014-07-28T04:01:23.153+0000: 126.834: [ParNew: 92160K->10240K(92160K), 0.0745790 secs] 1331722K->1268356K(20961280K), 0.0756140 secs] [Times: user=0.51 sys=0.02, real=0.08 secs]
2014-07-28T04:01:24.042+0000: 127.723: [GC2014-07-28T04:01:24.042+0000: 127.723: [ParNew: 92160K->10240K(92160K), 0.0758270 secs] 1350276K->1287222K(20961280K), 0.0769030 secs] [Times: user=0.47 sys=0.03, real=0.08 secs]
2014-07-28T04:01:24.986+0000: 128.667: [GC2014-07-28T04:01:24.986+0000: 128.668: [ParNew: 92158K->10240K(92160K), 0.0651760 secs] 1369140K->1305906K(20961280K), 0.0663000 secs] [Times: user=0.42 sys=0.02, real=0.07 secs]
2014-07-28T04:01:25.936+0000: 129.618: [GC2014-07-28T04:01:25.937+0000: 129.618: [ParNew: 92160K->10240K(92160K), 0.0654130 secs] 1387826K->1325070K(20961280K), 0.0664710 secs] [Times: user=0.41 sys=0.03, real=0.06 secs]
2014-07-28T04:01:26.885+0000: 130.567: [GC2014-07-28T04:01:26.886+0000: 130.567: [ParNew: 92160K->10240K(92160K), 0.0659280 secs] 1406990K->1343965K(20961280K), 0.0669840 secs] [Times: user=0.40 sys=0.02, real=0.07 secs]
2014-07-28T04:01:27.760+0000: 131.441: [GC2014-07-28T04:01:27.760+0000: 131.441: [ParNew: 92156K->10240K(92160K), 0.0656680 secs] 1425882K->1362969K(20961280K), 0.0667420 secs] [Times: user=0.38 sys=0.05, real=0.07 secs]
2014-07-28T04:01:28.708+0000: 132.389: [GC2014-07-28T04:01:28.708+0000: 132.390: [ParNew: 92160K->10240K(92160K), 0.0721530 secs] 1444889K->1382382K(20961280K), 0.0732220 secs] [Times: user=0.47 sys=0.02, real=0.07 secs]
2014-07-28T04:01:29.695+0000: 133.376: [GC2014-07-28T04:01:29.695+0000: 133.377: [ParNew: 92160K->10240K(92160K), 0.0672210 secs] 1464302K->1400800K(20961280K), 0.0682910 secs] [Times: user=0.39 sys=0.04, real=0.06 secs]
2014-07-28T04:01:30.539+0000: 134.220: [GC2014-07-28T04:01:30.539+0000: 134.221: [ParNew: 92160K->10240K(92160K), 0.0689600 secs] 1482720K->1420772K(20961280K), 0.0700510 secs] [Times: user=0.42 sys=0.02, real=0.07 secs]
2014-07-28T04:01:31.414+0000: 135.095: [GC2014-07-28T04:01:31.414+0000: 135.096: [ParNew: 92160K->10240K(92160K), 0.0664600 secs] 1502692K->1439885K(20961280K), 0.0675790 secs] [Times: user=0.43 sys=0.03, real=0.08 secs]
2014-07-28T04:01:32.321+0000: 136.002: [GC2014-07-28T04:01:32.321+0000: 136.003: [ParNew: 92159K->10240K(92160K), 0.0648320 secs] 1521805K->1458668K(20961280K), 0.0659430 secs] [Times: user=0.37 sys=0.03, real=0.07 secs]
2014-07-28T04:01:33.121+0000: 136.803: [GC2014-07-28T04:01:33.122+0000: 136.803: [ParNew: 92155K->10240K(92160K), 0.0728350 secs] 1540583K->1478370K(20961280K), 0.0739530 secs] [Times: user=0.45 sys=0.04, real=0.08 secs]
2014-07-28T04:01:33.990+0000: 137.671: [GC2014-07-28T04:01:33.990+0000: 137.672: [ParNew: 92159K->10240K(92160K), 0.0680600 secs] 1560290K->1497808K(20961280K), 0.0691860 secs] [Times: user=0.41 sys=0.03, real=0.07 secs]
2014-07-28T04:01:34.881+0000: 138.562: [GC2014-07-28T04:01:34.881+0000: 138.563: [ParNew: 92160K->10240K(92160K), 0.0670900 secs] 1579728K->1517280K(20961280K), 0.0682150 secs] [Times: user=0.40 sys=0.04, real=0.07 secs]
2014-07-28T04:01:35.781+0000: 139.463: [GC2014-07-28T04:01:35.782+0000: 139.463: [ParNew: 92159K->10240K(92160K), 0.0641040 secs] 1599200K->1536144K(20961280K), 0.0652680 secs] [Times: user=0.40 sys=0.02, real=0.07 secs]
2014-07-28T04:01:36.683+0000: 140.365: [GC2014-07-28T04:01:36.684+0000: 140.365: [ParNew: 92157K->10240K(92160K), 0.0693910 secs] 1618061K->1555940K(20961280K), 0.0705290 secs] [Times: user=0.42 sys=0.04, real=0.07 secs]
2014-07-28T04:01:37.504+0000: 141.185: [GC2014-07-28T04:01:37.504+0000: 141.186: [ParNew: 92159K->10240K(92160K), 0.0648190 secs] 1637860K->1574961K(20961280K), 0.0660110 secs] [Times: user=0.39 sys=0.02, real=0.06 secs]
2014-07-28T04:01:38.382+0000: 142.063: [GC2014-07-28T04:01:38.383+0000: 142.064: [ParNew: 92155K->10240K(92160K), 0.0710780 secs] 1656877K->1594294K(20961280K), 0.0722710 secs] [Times: user=0.43 sys=0.02, real=0.08 secs]
2014-07-28T04:01:39.310+0000: 142.991: [GC2014-07-28T04:01:39.310+0000: 142.992: [ParNew: 92157K->10240K(92160K), 0.0723130 secs] 1676212K->1613264K(20961280K), 0.0734790 secs] [Times: user=0.46 sys=0.02, real=0.08 secs]
2014-07-28T04:01:40.152+0000: 143.833: [GC2014-07-28T04:01:40.153+0000: 143.834: [ParNew: 92158K->10240K(92160K), 0.0743330 secs] 1695183K->1633077K(20961280K), 0.0754850 secs] [Times: user=0.48 sys=0.02, real=0.08 secs]
2014-07-28T04:01:40.985+0000: 144.667: [GC2014-07-28T04:01:40.986+0000: 144.667: [ParNew: 92157K->10240K(92160K), 0.0698080 secs] 1714994K->1653070K(20961280K), 0.0709810 secs] [Times: user=0.44 sys=0.01, real=0.07 secs]
2014-07-28T04:01:41.830+0000: 145.512: [GC2014-07-28T04:01:41.831+0000: 145.512: [ParNew: 92160K->10240K(92160K), 0.0697180 secs] 1734990K->1673124K(20961280K), 0.0708820 secs] [Times: user=0.42 sys=0.03, real=0.08 secs]
2014-07-28T04:01:42.641+0000: 146.323: [GC2014-07-28T04:01:42.642+0000: 146.323: [ParNew: 92159K->10240K(92160K), 0.0712560 secs] 1755043K->1692288K(20961280K), 0.0724230 secs] [Times: user=0.44 sys=0.03, real=0.08 secs]
2014-07-28T04:01:43.502+0000: 147.184: [GC2014-07-28T04:01:43.503+0000: 147.184: [ParNew: 92160K->10240K(92160K), 0.0704230 secs] 1774208K->1711733K(20961280K), 0.0717860 secs] [Times: user=0.44 sys=0.03, real=0.07 secs]
2014-07-28T04:01:44.309+0000: 147.990: [GC2014-07-28T04:01:44.310+0000: 147.991: [ParNew: 92159K->10240K(92160K), 0.0676890 secs] 1793652K->1731649K(20961280K), 0.0688750 secs] [Times: user=0.39 sys=0.03, real=0.07 secs]
2014-07-28T04:01:45.161+0000: 148.843: [GC2014-07-28T04:01:45.162+0000: 148.843: [ParNew: 92151K->10240K(92160K), 0.0705540 secs] 1813560K->1751281K(20961280K), 0.0717660 secs] [Times: user=0.44 sys=0.02, real=0.08 secs]
2014-07-28T04:01:46.003+0000: 149.684: [GC2014-07-28T04:01:46.003+0000: 149.685: [ParNew: 92159K->10240K(92160K), 0.0747720 secs] 1833200K->1770953K(20961280K), 0.0760080 secs] [Times: user=0.45 sys=0.02, real=0.07 secs]
2014-07-28T04:01:46.859+0000: 150.540: [GC2014-07-28T04:01:46.859+0000: 150.541: [ParNew: 92159K->10240K(92160K), 0.0679620 secs] 1852872K->1790776K(20961280K), 0.0691690 secs] [Times: user=0.41 sys=0.02, real=0.07 secs]
2014-07-28T04:01:47.656+0000: 151.338: [GC2014-07-28T04:01:47.657+0000: 151.338: [ParNew: 92152K->10240K(92160K), 0.0741460 secs] 1872688K->1810881K(20961280K), 0.0753870 secs] [Times: user=0.47 sys=0.04, real=0.07 secs]
2014-07-28T04:01:48.513+0000: 152.194: [GC2014-07-28T04:01:48.513+0000: 152.195: [ParNew: 92158K->10240K(92160K), 0.0680260 secs] 1892800K->1830258K(20961280K), 0.0692930 secs] [Times: user=0.39 sys=0.04, real=0.08 secs]
2014-07-28T04:01:49.301+0000: 152.982: [GC2014-07-28T04:01:49.302+0000: 152.983: [ParNew: 92146K->10240K(92160K), 0.0923180 secs] 1912164K->1849399K(20961280K), 0.0937970 secs] [Times: user=0.44 sys=0.02, real=0.10 secs]
2014-07-28T04:01:50.126+0000: 153.807: [GC2014-07-28T04:01:50.127+0000: 153.808: [ParNew: 92158K->10240K(92160K), 0.0718300 secs] 1931317K->1869290K(20961280K), 0.0730780 secs] [Times: user=0.42 sys=0.05, real=0.07 secs]
2014-07-28T04:01:50.925+0000: 154.607: [GC2014-07-28T04:01:50.926+0000: 154.607: [ParNew: 92158K->10240K(92160K), 0.0677400 secs] 1951208K->1888660K(20961280K), 0.0689870 secs] [Times: user=0.42 sys=0.01, real=0.07 secs]
2014-07-28T04:01:51.703+0000: 155.385: [GC2014-07-28T04:01:51.704+0000: 155.385: [ParNew: 92159K->10240K(92160K), 0.0699910 secs] 1970579K->1908953K(20961280K), 0.0712380 secs] [Times: user=0.41 sys=0.03, real=0.07 secs]
2014-07-28T04:01:52.547+0000: 156.229: [GC2014-07-28T04:01:52.548+0000: 156.229: [ParNew: 92160K->10240K(92160K), 0.0717770 secs] 1990873K->1929529K(20961280K), 0.0730240 secs] [Times: user=0.44 sys=0.02, real=0.07 secs]
2014-07-28T04:01:53.358+0000: 157.039: [GC2014-07-28T04:01:53.358+0000: 157.040: [ParNew: 92159K->10240K(92160K), 0.0662130 secs] 2011449K->1949041K(20961280K), 0.0674890 secs] [Times: user=0.44 sys=0.01, real=0.07 secs]
2014-07-28T04:01:54.126+0000: 157.807: [GC2014-07-28T04:01:54.127+0000: 157.808: [ParNew: 92147K->10240K(92160K), 0.0688220 secs] 2030948K->1969010K(20961280K), 0.0701370 secs] [Times: user=0.39 sys=0.04, real=0.07 secs]
2014-07-28T04:01:54.924+0000: 158.605: [GC2014-07-28T04:01:54.924+0000: 158.606: [ParNew: 92160K->10240K(92160K), 0.0720460 secs] 2050930K->1989288K(20961280K), 0.0733150 secs] [Times: user=0.44 sys=0.04, real=0.07 secs]
2014-07-28T04:01:55.737+0000: 159.418: [GC2014-07-28T04:01:55.738+0000: 159.419: [ParNew: 92159K->10240K(92160K), 0.0708200 secs] 2071207K->2009275K(20961280K), 0.0720840 secs] [Times: user=0.45 sys=0.02, real=0.07 secs]
2014-07-28T04:01:56.527+0000: 160.209: [GC2014-07-28T04:01:56.528+0000: 160.209: [ParNew: 92154K->10240K(92160K), 0.0669670 secs] 2091189K->2029835K(20961280K), 0.0682690 secs] [Times: user=0.42 sys=0.02, real=0.07 secs]
2014-07-28T04:01:57.311+0000: 160.993: [GC2014-07-28T04:01:57.312+0000: 160.993: [ParNew: 92159K->10240K(92160K), 0.0707000 secs] 2111754K->2050026K(20961280K), 0.0719770 secs] [Times: user=0.45 sys=0.01, real=0.08 secs]
2014-07-28T04:01:58.135+0000: 161.817: [GC2014-07-28T04:01:58.136+0000: 161.817: [ParNew: 92159K->10240K(92160K), 0.0700370 secs] 2131946K->2069532K(20961280K), 0.0713400 secs] [Times: user=0.40 sys=0.03, real=0.07 secs]
2014-07-28T04:01:58.940+0000: 162.622: [GC2014-07-28T04:01:58.941+0000: 162.622: [ParNew: 92160K->10240K(92160K), 0.0716850 secs] 2151452K->2090102K(20961280K), 0.0730000 secs] [Times: user=0.44 sys=0.02, real=0.08 secs]
2014-07-28T04:01:59.722+0000: 163.404: [GC2014-07-28T04:01:59.723+0000: 163.404: [ParNew: 92160K->10240K(92160K), 0.0684410 secs] 2172022K->2110087K(20961280K), 0.0697320 secs] [Times: user=0.39 sys=0.05, real=0.06 secs]
2014-07-28T04:02:00.504+0000: 164.185: [GC2014-07-28T04:02:00.504+0000: 164.186: [ParNew: 92160K->10240K(92160K), 0.0744560 secs] 2192007K->2130186K(20961280K), 0.0757690 secs] [Times: user=0.46 sys=0.04, real=0.07 secs]
2014-07-28T04:02:01.249+0000: 164.930: [GC2014-07-28T04:02:01.249+0000: 164.931: [ParNew: 92159K->10240K(92160K), 0.0719720 secs] 2212105K->2151035K(20961280K), 0.0733390 secs] [Times: user=0.42 sys=0.05, real=0.08 secs]
2014-07-28T04:02:02.031+0000: 165.712: [GC2014-07-28T04:02:02.031+0000: 165.713: [ParNew: 92158K->10240K(92160K), 0.0682830 secs] 2232954K->2171277K(20961280K), 0.0696060 secs] [Times: user=0.44 sys=0.02, real=0.07 secs]
2014-07-28T04:02:02.839+0000: 166.521: [GC2014-07-28T04:02:02.840+0000: 166.521: [ParNew: 92150K->10240K(92160K), 0.0695350 secs] 2253188K->2192704K(20961280K), 0.0709180 secs] [Times: user=0.42 sys=0.03, real=0.07 secs]
2014-07-28T04:02:03.649+0000: 167.331: [GC2014-07-28T04:02:03.650+0000: 167.331: [ParNew: 92160K->10240K(92160K), 0.1231070 secs] 2274624K->2212356K(20961280K), 0.1245320 secs] [Times: user=0.60 sys=0.04, real=0.13 secs]
2014-07-28T04:02:04.337+0000: 168.019: [GC2014-07-28T04:02:04.338+0000: 168.019: [ParNew: 92160K->10240K(92160K), 0.0683010 secs] 2294276K->2233882K(20961280K), 0.0696480 secs] [Times: user=0.37 sys=0.04, real=0.07 secs]
2014-07-28T04:02:05.115+0000: 168.797: [GC2014-07-28T04:02:05.116+0000: 168.797: [ParNew: 92160K->10240K(92160K), 0.0689810 secs] 2315802K->2254090K(20961280K), 0.0703490 secs] [Times: user=0.44 sys=0.02, real=0.07 secs]
2014-07-28T04:02:05.880+0000: 169.561: [GC2014-07-28T04:02:05.881+0000: 169.562: [ParNew: 92160K->10240K(92160K), 0.0745460 secs] 2336010K->2275005K(20961280K), 0.0759100 secs] [Times: user=0.48 sys=0.02, real=0.08 secs]
2014-07-28T04:02:06.655+0000: 170.336: [GC2014-07-28T04:02:06.656+0000: 170.337: [ParNew: 92160K->10240K(92160K), 0.0648140 secs] 2356925K->2294719K(20961280K), 0.0662060 secs] [Times: user=0.38 sys=0.05, real=0.07 secs]
2014-07-28T04:02:07.403+0000: 171.084: [GC2014-07-28T04:02:07.403+0000: 171.085: [ParNew: 92160K->10240K(92160K), 0.0703430 secs] 2376639K->2314901K(20961280K), 0.0717820 secs] [Times: user=0.42 sys=0.03, real=0.07 secs]
2014-07-28T04:02:08.136+0000: 171.817: [GC2014-07-28T04:02:08.136+0000: 171.818: [ParNew: 92160K->10240K(92160K), 0.0732200 secs] 2396821K->2335251K(20961280K), 0.0746330 secs] [Times: user=0.45 sys=0.05, real=0.08 secs]
2014-07-28T04:02:08.905+0000: 172.586: [GC2014-07-28T04:02:08.906+0000: 172.587: [ParNew: 92160K->10240K(92160K), 0.0689720 secs] 2417171K->2355060K(20961280K), 0.0703350 secs] [Times: user=0.40 sys=0.03, real=0.07 secs]
2014-07-28T04:02:09.674+0000: 173.356: [GC2014-07-28T04:02:09.675+0000: 173.356: [ParNew: 92160K->10240K(92160K), 0.0718430 secs] 2436980K->2375480K(20961280K), 0.0732140 secs] [Times: user=0.43 sys=0.03, real=0.07 secs]
2014-07-28T04:02:10.403+0000: 174.085: [GC2014-07-28T04:02:10.404+0000: 174.085: [ParNew: 92160K->10240K(92160K), 0.0724530 secs] 2457400K->2396643K(20961280K), 0.0738450 secs] [Times: user=0.45 sys=0.04, real=0.07 secs]
2014-07-28T04:02:11.171+0000: 174.853: [GC2014-07-28T04:02:11.172+0000: 174.853: [ParNew: 92160K->10240K(92160K), 0.0694430 secs] 2478563K->2416492K(20961280K), 0.0708970 secs] [Times: user=0.43 sys=0.03, real=0.07 secs]
2014-07-28T04:02:11.876+0000: 175.557: [GC2014-07-28T04:02:11.877+0000: 175.558: [ParNew: 92147K->10240K(92160K), 0.0716110 secs] 2498399K->2437132K(20961280K), 0.0730110 secs] [Times: user=0.44 sys=0.06, real=0.08 secs]
2014-07-28T04:02:12.652+0000: 176.333: [GC2014-07-28T04:02:12.652+0000: 176.334: [ParNew: 92160K->10240K(92160K), 0.0736030 secs] 2519052K->2457009K(20961280K), 0.0749950 secs] [Times: user=0.47 sys=0.04, real=0.07 secs]
2014-07-28T04:02:13.312+0000: 176.994: [GC2014-07-28T04:02:13.313+0000: 176.994: [ParNew: 92160K->10240K(92160K), 0.0723330 secs] 2538929K->2478374K(20961280K), 0.0737910 secs] [Times: user=0.45 sys=0.02, real=0.07 secs]
2014-07-28T04:02:14.046+0000: 177.728: [GC2014-07-28T04:02:14.047+0000: 177.728: [ParNew: 92158K->10240K(92160K), 0.0804900 secs] 2560293K->2499366K(20961280K), 0.0819320 secs] [Times: user=0.44 sys=0.06, real=0.08 secs]
2014-07-28T04:02:14.846+0000: 178.527: [GC2014-07-28T04:02:14.846+0000: 178.528: [ParNew: 92144K->10240K(92160K), 0.0717750 secs] 2581271K->2519449K(20961280K), 0.0732060 secs] [Times: user=0.43 sys=0.02, real=0.07 secs]
2014-07-28T04:02:15.499+0000: 179.181: [GC2014-07-28T04:02:15.500+0000: 179.181: [ParNew: 92148K->10240K(92160K), 0.0690300 secs] 2601358K->2540392K(20961280K), 0.0704800 secs] [Times: user=0.40 sys=0.06, real=0.08 secs]
2014-07-28T04:02:16.262+0000: 179.944: [GC2014-07-28T04:02:16.263+0000: 179.945: [ParNew: 92160K->10240K(92160K), 0.0707270 secs] 2622312K->2561363K(20961280K), 0.0721850 secs] [Times: user=0.42 sys=0.03, real=0.07 secs]
2014-07-28T04:02:17.043+0000: 180.724: [GC2014-07-28T04:02:17.043+0000: 180.725: [ParNew: 92160K->10240K(92160K), 0.0688490 secs] 2643283K->2581164K(20961280K), 0.0702800 secs] [Times: user=0.41 sys=0.04, real=0.07 secs]
2014-07-28T04:02:17.689+0000: 181.371: [GC2014-07-28T04:02:17.690+0000: 181.371: [ParNew: 92160K->10240K(92160K), 0.0756890 secs] 2663084K->2602053K(20961280K), 0.0771310 secs] [Times: user=0.48 sys=0.04, real=0.08 secs]
2014-07-28T04:02:18.420+0000: 182.101: [GC2014-07-28T04:02:18.420+0000: 182.102: [ParNew: 92160K->10240K(92160K), 0.0727920 secs] 2683973K->2622847K(20961280K), 0.0742620 secs] [Times: user=0.46 sys=0.03, real=0.08 secs]
2014-07-28T04:02:19.147+0000: 182.829: [GC2014-07-28T04:02:19.148+0000: 182.829: [ParNew: 92160K->10240K(92160K), 0.0744560 secs] 2704767K->2644498K(20961280K), 0.0759280 secs] [Times: user=0.42 sys=0.04, real=0.08 secs]
2014-07-28T04:02:19.905+0000: 183.587: [GC2014-07-28T04:02:19.906+0000: 183.587: [ParNew: 92160K->10240K(92160K), 0.0681510 secs] 2726418K->2663997K(20961280K), 0.0696150 secs] [Times: user=0.39 sys=0.05, real=0.07 secs]
2014-07-28T04:02:20.591+0000: 184.272: [GC2014-07-28T04:02:20.591+0000: 184.273: [ParNew: 92155K->10240K(92160K), 0.0796440 secs] 2745913K->2684346K(20961280K), 0.0811150 secs] [Times: user=0.50 sys=0.03, real=0.08 secs]
2014-07-28T04:02:21.312+0000: 184.993: [GC2014-07-28T04:02:21.312+0000: 184.994: [ParNew: 92160K->10240K(92160K), 0.0709200 secs] 2766266K->2706165K(20961280K), 0.0724300 secs] [Times: user=0.40 sys=0.06, real=0.07 secs]
2014-07-28T04:02:22.014+0000: 185.695: [GC2014-07-28T04:02:22.015+0000: 185.696: [ParNew: 92160K->10240K(92160K), 0.0712030 secs] 2788085K->2726553K(20961280K), 0.0726970 secs] [Times: user=0.44 sys=0.03, real=0.07 secs]
2014-07-28T04:02:22.787+0000: 186.468: [GC2014-07-28T04:02:22.787+0000: 186.469: [ParNew: 92160K->10240K(92160K), 0.0678880 secs] 2808473K->2746416K(20961280K), 0.0693790 secs] [Times: user=0.41 sys=0.03, real=0.07 secs]
2014-07-28T04:02:23.395+0000: 187.076: [GC2014-07-28T04:02:23.395+0000: 187.077: [ParNew: 92158K->10240K(92160K), 0.0768020 secs] 2828334K->2767569K(20961280K), 0.0782740 secs] [Times: user=0.49 sys=0.03, real=0.08 secs]
2014-07-28T04:02:24.046+0000: 187.727: [GC2014-07-28T04:02:24.047+0000: 187.728: [ParNew: 92159K->10240K(92160K), 0.0695480 secs] 2849489K->2788778K(20961280K), 0.0710560 secs] [Times: user=0.40 sys=0.03, real=0.07 secs]
2014-07-28T04:02:24.771+0000: 188.452: [GC2014-07-28T04:02:24.771+0000: 188.453: [ParNew: 92160K->10240K(92160K), 0.0732230 secs] 2870698K->2809047K(20961280K), 0.0747000 secs] [Times: user=0.44 sys=0.03, real=0.07 secs]
2014-07-28T04:02:25.464+0000: 189.145: [GC2014-07-28T04:02:25.465+0000: 189.146: [ParNew: 92160K->10240K(92160K), 0.0725680 secs] 2890967K->2831322K(20961280K), 0.0740850 secs] [Times: user=0.43 sys=0.03, real=0.07 secs]
2014-07-28T04:02:26.158+0000: 189.839: [GC2014-07-28T04:02:26.158+0000: 189.840: [ParNew: 92160K->10240K(92160K), 0.0704370 secs] 2913242K->2851621K(20961280K), 0.0719760 secs] [Times: user=0.42 sys=0.03, real=0.08 secs]
2014-07-28T04:02:26.892+0000: 190.573: [GC2014-07-28T04:02:26.892+0000: 190.574: [ParNew: 92160K->10240K(92160K), 0.0747640 secs] 2933541K->2871634K(20961280K), 0.0762600 secs] [Times: user=0.46 sys=0.04, real=0.07 secs]
2014-07-28T04:02:27.591+0000: 191.273: [GC2014-07-28T04:02:27.592+0000: 191.273: [ParNew: 92160K->10240K(92160K), 0.0719730 secs] 2953554K->2893537K(20961280K), 0.0735380 secs] [Times: user=0.42 sys=0.05, real=0.07 secs]
2014-07-28T04:02:28.313+0000: 191.994: [GC2014-07-28T04:02:28.314+0000: 191.995: [ParNew: 92158K->10240K(92160K), 0.0681140 secs] 2975455K->2913308K(20961280K), 0.0696440 secs] [Times: user=0.38 sys=0.05, real=0.07 secs]
2014-07-28T04:02:28.949+0000: 192.630: [GC2014-07-28T04:02:28.955+0000: 192.637: [ParNew: 92145K->10240K(92160K), 0.0771110 secs] 2995214K->2933925K(20961280K), 0.0843700 secs] [Times: user=0.52 sys=0.02, real=0.09 secs]
2014-07-28T04:02:29.660+0000: 193.342: [GC2014-07-28T04:02:29.661+0000: 193.342: [ParNew: 92160K->10240K(92160K), 0.0715560 secs] 3015845K->2955731K(20961280K), 0.0730940 secs] [Times: user=0.40 sys=0.07, real=0.08 secs]
2014-07-28T04:02:30.351+0000: 194.032: [GC2014-07-28T04:02:30.352+0000: 194.033: [ParNew: 92160K->10240K(92160K), 0.0706380 secs] 3037651K->2975633K(20961280K), 0.0721720 secs] [Times: user=0.43 sys=0.03, real=0.07 secs]
2014-07-28T04:02:31.009+0000: 194.691: [GC2014-07-28T04:02:31.010+0000: 194.692: [ParNew: 92156K->10240K(92160K), 0.0704930 secs] 3057549K->2997156K(20961280K), 0.0720830 secs] [Times: user=0.42 sys=0.03, real=0.08 secs]
2014-07-28T04:02:31.680+0000: 195.361: [GC2014-07-28T04:02:31.681+0000: 195.362: [ParNew: 92160K->10240K(92160K), 0.0707040 secs] 3079076K->3017646K(20961280K), 0.0722260 secs] [Times: user=0.41 sys=0.03, real=0.08 secs]
2014-07-28T04:02:32.336+0000: 196.018: [GC2014-07-28T04:02:32.337+0000: 196.019: [ParNew: 92160K->10240K(92160K), 0.0703630 secs] 3099566K->3038781K(20961280K), 0.0719280 secs] [Times: user=0.39 sys=0.06, real=0.07 secs]
2014-07-28T04:02:33.061+0000: 196.743: [GC2014-07-28T04:02:33.062+0000: 196.744: [ParNew: 92160K->10240K(92160K), 0.0715480 secs] 3120701K->3059498K(20961280K), 0.0732190 secs] [Times: user=0.43 sys=0.02, real=0.08 secs]
2014-07-28T04:02:33.702+0000: 197.383: [GC2014-07-28T04:02:33.702+0000: 197.384: [ParNew: 92159K->10240K(92160K), 0.1074750 secs] 3141418K->3081217K(20961280K), 0.1091830 secs] [Times: user=0.53 sys=0.01, real=0.12 secs]
2014-07-28T04:02:34.392+0000: 198.073: [GC2014-07-28T04:02:34.393+0000: 198.074: [ParNew: 92160K->10240K(92160K), 0.0705350 secs] 3163137K->3101223K(20961280K), 0.0721800 secs] [Times: user=0.42 sys=0.05, real=0.07 secs]
2014-07-28T04:02:35.045+0000: 198.727: [GC2014-07-28T04:02:35.046+0000: 198.727: [ParNew: 92160K->10240K(92160K), 0.0794690 secs] 3183143K->3123980K(20961280K), 0.0811280 secs] [Times: user=0.50 sys=0.05, real=0.08 secs]
2014-07-28T04:02:35.685+0000: 199.367: [GC2014-07-28T04:02:35.686+0000: 199.368: [ParNew: 92160K->10240K(92160K), 0.0730440 secs] 3205900K->3144446K(20961280K), 0.0746610 secs] [Times: user=0.48 sys=0.03, real=0.08 secs]
2014-07-28T04:02:36.401+0000: 200.083: [GC2014-07-28T04:02:36.402+0000: 200.084: [ParNew: 92160K->10240K(92160K), 0.0721600 secs] 3226366K->3164796K(20961280K), 0.0737860 secs] [Times: user=0.44 sys=0.03, real=0.07 secs]
2014-07-28T04:02:37.074+0000: 200.755: [GC2014-07-28T04:02:37.074+0000: 200.756: [ParNew: 92160K->10240K(92160K), 0.0739410 secs] 3246716K->3185985K(20961280K), 0.0755570 secs] [Times: user=0.44 sys=0.03, real=0.08 secs]
2014-07-28T04:02:37.733+0000: 201.414: [GC2014-07-28T04:02:37.733+0000: 201.415: [ParNew: 92160K->10240K(92160K), 0.0764300 secs] 3267905K->3207715K(20961280K), 0.0780850 secs] [Times: user=0.48 sys=0.03, real=0.08 secs]
2014-07-28T04:02:38.441+0000: 202.122: [GC2014-07-28T04:02:38.442+0000: 202.123: [ParNew: 92160K->10240K(92160K), 0.0713250 secs] 3289635K->3228416K(20961280K), 0.0729840 secs] [Times: user=0.42 sys=0.05, real=0.07 secs]
2014-07-28T04:02:39.047+0000: 202.728: [GC2014-07-28T04:02:39.048+0000: 202.729: [ParNew: 92160K->10240K(92160K), 0.0724420 secs] 3310336K->3248740K(20961280K), 0.0740510 secs] [Times: user=0.40 sys=0.06, real=0.08 secs]
2014-07-28T04:02:39.754+0000: 203.435: [GC2014-07-28T04:02:39.755+0000: 203.436: [ParNew: 92160K->10240K(92160K), 0.0714690 secs] 3330660K->3269942K(20961280K), 0.0731500 secs] [Times: user=0.44 sys=0.02, real=0.07 secs]
2014-07-28T04:02:40.326+0000: 204.007: [GC2014-07-28T04:02:40.327+0000: 204.008: [ParNew: 92160K->10240K(92160K), 0.0737900 secs] 3351862K->3291507K(20961280K), 0.0754160 secs] [Times: user=0.45 sys=0.02, real=0.08 secs]
2014-07-28T04:02:40.986+0000: 204.668: [GC2014-07-28T04:02:40.987+0000: 204.668: [ParNew: 92160K->10240K(92160K), 0.0928190 secs] 3373427K->3312789K(20961280K), 0.0944710 secs] [Times: user=0.44 sys=0.03, real=0.10 secs]
2014-07-28T04:02:41.604+0000: 205.286: [GC2014-07-28T04:02:41.605+0000: 205.287: [ParNew: 92157K->10240K(92160K), 0.0686110 secs] 3394706K->3334401K(20961280K), 0.0702590 secs] [Times: user=0.42 sys=0.03, real=0.07 secs]
2014-07-28T04:02:42.306+0000: 205.988: [GC2014-07-28T04:02:42.307+0000: 205.989: [ParNew: 92160K->10240K(92160K), 0.0733550 secs] 3416321K->3354860K(20961280K), 0.0749830 secs] [Times: user=0.47 sys=0.03, real=0.08 secs]
2014-07-28T04:02:42.999+0000: 206.681: [GC2014-07-28T04:02:43.000+0000: 206.681: [ParNew: 92159K->10240K(92160K), 0.0790350 secs] 3436780K->3378436K(20961280K), 0.0807000 secs] [Times: user=0.46 sys=0.06, real=0.08 secs]
2014-07-28T04:02:43.596+0000: 207.278: [GC2014-07-28T04:02:43.597+0000: 207.279: [ParNew: 92160K->10240K(92160K), 0.0748250 secs] 3460356K->3398488K(20961280K), 0.0765010 secs] [Times: user=0.50 sys=0.03, real=0.08 secs]
2014-07-28T04:02:44.244+0000: 207.925: [GC2014-07-28T04:02:44.245+0000: 207.926: [ParNew: 92157K->10240K(92160K), 0.0793140 secs] 3480405K->3419605K(20961280K), 0.0810160 secs] [Times: user=0.49 sys=0.05, real=0.08 secs]
2014-07-28T04:02:44.909+0000: 208.591: [GC2014-07-28T04:02:44.910+0000: 208.592: [ParNew: 92160K->10240K(92160K), 0.0708710 secs] 3501525K->3440514K(20961280K), 0.0725620 secs] [Times: user=0.41 sys=0.02, real=0.08 secs]
2014-07-28T04:02:45.585+0000: 209.267: [GC2014-07-28T04:02:45.586+0000: 209.268: [ParNew: 92159K->10240K(92160K), 0.0711760 secs] 3522433K->3461038K(20961280K), 0.0728940 secs] [Times: user=0.43 sys=0.02, real=0.08 secs]
2014-07-28T04:02:46.177+0000: 209.859: [GC2014-07-28T04:02:46.178+0000: 209.860: [ParNew: 92160K->10240K(92160K), 0.0927750 secs] 3542958K->3483306K(20961280K), 0.0947600 secs] [Times: user=0.42 sys=0.04, real=0.10 secs]
2014-07-28T04:02:46.881+0000: 210.563: [GC2014-07-28T04:02:46.882+0000: 210.563: [ParNew: 92151K->10240K(92160K), 0.0708600 secs] 3565218K->3503608K(20961280K), 0.0725920 secs] [Times: user=0.45 sys=0.02, real=0.07 secs]
2014-07-28T04:02:47.466+0000: 211.147: [GC2014-07-28T04:02:47.467+0000: 211.148: [ParNew: 92160K->10240K(92160K), 0.0716780 secs] 3585528K->3525394K(20961280K), 0.0733570 secs] [Times: user=0.41 sys=0.05, real=0.08 secs]
2014-07-28T04:02:48.097+0000: 211.778: [GC2014-07-28T04:02:48.098+0000: 211.779: [ParNew: 92160K->10240K(92160K), 0.0749630 secs] 3607314K->3547376K(20961280K), 0.0766470 secs] [Times: user=0.47 sys=0.03, real=0.08 secs]
2014-07-28T04:02:48.769+0000: 212.450: [GC2014-07-28T04:02:48.770+0000: 212.451: [ParNew: 92160K->10240K(92160K), 0.0981340 secs] 3629296K->3568019K(20961280K), 0.0998890 secs] [Times: user=0.46 sys=0.04, real=0.11 secs]
2014-07-28T04:02:49.399+0000: 213.081: [GC2014-07-28T04:02:49.400+0000: 213.082: [ParNew: 92160K->10240K(92160K), 0.0796500 secs] 3649939K->3590119K(20961280K), 0.0813340 secs] [Times: user=0.44 sys=0.05, real=0.08 secs]
2014-07-28T04:02:50.126+0000: 213.808: [GC2014-07-28T04:02:50.127+0000: 213.809: [ParNew: 92160K->10240K(92160K), 0.0695450 secs] 3672039K->3610539K(20961280K), 0.0712270 secs] [Times: user=0.40 sys=0.05, real=0.08 secs]
2014-07-28T04:02:50.735+0000: 214.416: [GC2014-07-28T04:02:50.735+0000: 214.417: [ParNew: 92160K->10240K(92160K), 0.0705700 secs] 3692459K->3631616K(20961280K), 0.0722650 secs] [Times: user=0.42 sys=0.04, real=0.07 secs]
2014-07-28T04:02:51.347+0000: 215.028: [GC2014-07-28T04:02:51.348+0000: 215.029: [ParNew: 92160K->10240K(92160K), 0.0715100 secs] 3713536K->3653148K(20961280K), 0.0732010 secs] [Times: user=0.40 sys=0.05, real=0.08 secs]
2014-07-28T04:02:51.937+0000: 215.618: [GC2014-07-28T04:02:51.938+0000: 215.619: [ParNew: 92159K->10240K(92160K), 0.0728350 secs] 3735067K->3675758K(20961280K), 0.0745330 secs] [Times: user=0.41 sys=0.04, real=0.08 secs]
2014-07-28T04:02:52.635+0000: 216.316: [GC2014-07-28T04:02:52.636+0000: 216.317: [ParNew: 92160K->10240K(92160K), 0.0714900 secs] 3757678K->3696763K(20961280K), 0.0731870 secs] [Times: user=0.44 sys=0.04, real=0.07 secs]
2014-07-28T04:02:53.251+0000: 216.933: [GC2014-07-28T04:02:53.252+0000: 216.934: [ParNew: 92160K->10240K(92160K), 0.0727660 secs] 3778683K->3719151K(20961280K), 0.0745170 secs] [Times: user=0.41 sys=0.05, real=0.07 secs]
2014-07-28T04:02:53.922+0000: 217.603: [GC2014-07-28T04:02:53.922+0000: 217.604: [ParNew: 92160K->10240K(92160K), 0.0740520 secs] 3801071K->3739826K(20961280K), 0.0758030 secs] [Times: user=0.48 sys=0.03, real=0.08 secs]
2014-07-28T04:02:54.524+0000: 218.206: [GC2014-07-28T04:02:54.525+0000: 218.206: [ParNew: 92160K->10240K(92160K), 0.0695100 secs] 3821746K->3760629K(20961280K), 0.0712510 secs] [Times: user=0.43 sys=0.02, real=0.07 secs]
2014-07-28T04:02:55.190+0000: 218.871: [GC2014-07-28T04:02:55.191+0000: 218.872: [ParNew: 92153K->10240K(92160K), 0.0743160 secs] 3842543K->3781621K(20961280K), 0.0760410 secs] [Times: user=0.48 sys=0.03, real=0.08 secs]
2014-07-28T04:02:55.752+0000: 219.433: [GC2014-07-28T04:02:55.753+0000: 219.434: [ParNew: 92160K->10240K(92160K), 0.0760580 secs] 3863541K->3805262K(20961280K), 0.0778810 secs] [Times: user=0.44 sys=0.05, real=0.08 secs]
2014-07-28T04:02:56.348+0000: 220.030: [GC2014-07-28T04:02:56.349+0000: 220.030: [ParNew: 92160K->10240K(92160K), 0.0735120 secs] 3887182K->3826652K(20961280K), 0.0752520 secs] [Times: user=0.45 sys=0.04, real=0.08 secs]
2014-07-28T04:02:57.020+0000: 220.701: [GC2014-07-28T04:02:57.021+0000: 220.702: [ParNew: 92160K->10240K(92160K), 0.0689810 secs] 3908572K->3847641K(20961280K), 0.0707870 secs] [Times: user=0.40 sys=0.04, real=0.07 secs]
2014-07-28T04:02:57.602+0000: 221.283: [GC2014-07-28T04:02:57.603+0000: 221.284: [ParNew: 92160K->10240K(92160K), 0.0751390 secs] 3929561K->3869460K(20961280K), 0.0770090 secs] [Times: user=0.43 sys=0.04, real=0.08 secs]
2014-07-28T04:02:58.228+0000: 221.910: [GC2014-07-28T04:02:58.229+0000: 221.910: [ParNew: 92160K->10240K(92160K), 0.0724850 secs] 3951380K->3891305K(20961280K), 0.0742520 secs] [Times: user=0.44 sys=0.02, real=0.08 secs]
2014-07-28T04:02:58.785+0000: 222.467: [GC2014-07-28T04:02:58.786+0000: 222.468: [ParNew: 92156K->10240K(92160K), 0.0700410 secs] 3973222K->3911834K(20961280K), 0.0718220 secs] [Times: user=0.41 sys=0.04, real=0.08 secs]
2014-07-28T04:02:59.499+0000: 223.181: [GC2014-07-28T04:02:59.500+0000: 223.181: [ParNew: 92160K->10240K(92160K), 0.0765980 secs] 3993754K->3933276K(20961280K), 0.0783480 secs] [Times: user=0.48 sys=0.03, real=0.08 secs]
2014-07-28T04:03:00.081+0000: 223.762: [GC2014-07-28T04:03:00.082+0000: 223.763: [ParNew: 92158K->10240K(92160K), 0.0734710 secs] 4015194K->3954263K(20961280K), 0.0752440 secs] [Times: user=0.46 sys=0.02, real=0.07 secs]
2014-07-28T04:03:00.707+0000: 224.388: [GC2014-07-28T04:03:00.708+0000: 224.389: [ParNew: 92160K->10240K(92160K), 0.0731760 secs] 4036183K->3976579K(20961280K), 0.0749710 secs] [Times: user=0.43 sys=0.05, real=0.08 secs]
2014-07-28T04:03:01.286+0000: 224.967: [GC2014-07-28T04:03:01.287+0000: 224.968: [ParNew: 92160K->10240K(92160K), 0.0722290 secs] 4058499K->3997710K(20961280K), 0.0740440 secs] [Times: user=0.42 sys=0.03, real=0.08 secs]
2014-07-28T04:03:01.920+0000: 225.602: [GC2014-07-28T04:03:01.921+0000: 225.603: [ParNew: 92160K->10240K(92160K), 0.0708420 secs] 4079630K->4019871K(20961280K), 0.0726820 secs] [Times: user=0.39 sys=0.04, real=0.07 secs]
2014-07-28T04:03:02.514+0000: 226.196: [GC2014-07-28T04:03:02.515+0000: 226.196: [ParNew: 92158K->10240K(92160K), 0.0763050 secs] 4101789K->4041905K(20961280K), 0.0780980 secs] [Times: user=0.48 sys=0.02, real=0.08 secs]
2014-07-28T04:03:03.190+0000: 226.871: [GC2014-07-28T04:03:03.191+0000: 226.872: [ParNew: 92153K->10240K(92160K), 0.0718180 secs] 4123819K->4063671K(20961280K), 0.0738030 secs] [Times: user=0.44 sys=0.04, real=0.08 secs]
2014-07-28T04:03:03.749+0000: 227.430: [GC2014-07-28T04:03:03.750+0000: 227.431: [ParNew: 92159K->10240K(92160K), 0.0704250 secs] 4145591K->4084846K(20961280K), 0.0722210 secs] [Times: user=0.42 sys=0.04, real=0.08 secs]
2014-07-28T04:03:04.317+0000: 227.999: [GC2014-07-28T04:03:04.318+0000: 228.000: [ParNew: 92160K->10240K(92160K), 0.0690890 secs] 4166766K->4106170K(20961280K), 0.0710140 secs] [Times: user=0.41 sys=0.03, real=0.08 secs]
2014-07-28T04:03:04.867+0000: 228.549: [GC2014-07-28T04:03:04.868+0000: 228.549: [ParNew: 92159K->10240K(92160K), 0.0718380 secs] 4188090K->4128050K(20961280K), 0.0736310 secs] [Times: user=0.40 sys=0.05, real=0.08 secs]
2014-07-28T04:03:05.507+0000: 229.188: [GC2014-07-28T04:03:05.507+0000: 229.189: [ParNew: 92160K->10240K(92160K), 0.0713850 secs] 4209970K->4149955K(20961280K), 0.0731980 secs] [Times: user=0.41 sys=0.05, real=0.08 secs]
2014-07-28T04:03:06.127+0000: 229.808: [GC2014-07-28T04:03:06.128+0000: 229.809: [ParNew: 92160K->10240K(92160K), 0.0728030 secs] 4231875K->4171301K(20961280K), 0.0746320 secs] [Times: user=0.44 sys=0.06, real=0.08 secs]
2014-07-28T04:03:06.692+0000: 230.373: [GC2014-07-28T04:03:06.693+0000: 230.374: [ParNew: 92144K->10240K(92160K), 0.0779670 secs] 4253205K->4194440K(20961280K), 0.0798060 secs] [Times: user=0.46 sys=0.01, real=0.08 secs]
2014-07-28T04:03:07.372+0000: 231.054: [GC2014-07-28T04:03:07.373+0000: 231.055: [ParNew: 92160K->10240K(92160K), 0.0722430 secs] 4276360K->4214981K(20961280K), 0.0741350 secs] [Times: user=0.42 sys=0.05, real=0.08 secs]
2014-07-28T04:03:07.980+0000: 231.662: [GC2014-07-28T04:03:07.981+0000: 231.663: [ParNew: 92154K->10240K(92160K), 0.0781210 secs] 4296895K->4237442K(20961280K), 0.0799590 secs] [Times: user=0.50 sys=0.04, real=0.08 secs]
2014-07-28T04:03:08.629+0000: 232.310: [GC2014-07-28T04:03:08.630+0000: 232.311: [ParNew: 92160K->10240K(92160K), 0.0693700 secs] 4319362K->4257245K(20961280K), 0.0712230 secs] [Times: user=0.43 sys=0.02, real=0.07 secs]
2014-07-28T04:03:09.077+0000: 232.758: [GC2014-07-28T04:03:09.078+0000: 232.759: [ParNew: 92147K->10240K(92160K), 0.0733880 secs] 4339153K->4280277K(20961280K), 0.0760530 secs] [Times: user=0.43 sys=0.02, real=0.08 secs]
2014-07-28T04:03:09.712+0000: 233.393: [GC2014-07-28T04:03:09.713+0000: 233.394: [ParNew: 92160K->10240K(92160K), 0.0716910 secs] 4362197K->4301474K(20961280K), 0.0735470 secs] [Times: user=0.39 sys=0.05, real=0.08 secs]
2014-07-28T04:03:10.334+0000: 234.015: [GC2014-07-28T04:03:10.335+0000: 234.016: [ParNew: 92153K->10240K(92160K), 0.0761040 secs] 4383387K->4325847K(20961280K), 0.0779670 secs] [Times: user=0.43 sys=0.06, real=0.08 secs]
2014-07-28T04:03:10.940+0000: 234.622: [GC2014-07-28T04:03:10.941+0000: 234.623: [ParNew: 92160K->10240K(92160K), 0.0721530 secs] 4407767K->4346249K(20961280K), 0.0740700 secs] [Times: user=0.43 sys=0.04, real=0.07 secs]
2014-07-28T04:03:11.567+0000: 235.248: [GC2014-07-28T04:03:11.568+0000: 235.249: [ParNew: 92160K->10240K(92160K), 0.0683500 secs] 4428169K->4366426K(20961280K), 0.0702570 secs] [Times: user=0.41 sys=0.03, real=0.07 secs]
2014-07-28T04:03:12.101+0000: 235.783: [GC2014-07-28T04:03:12.102+0000: 235.784: [ParNew: 92160K->10240K(92160K), 0.0787150 secs] 4448346K->4389381K(20961280K), 0.0807010 secs] [Times: user=0.49 sys=0.03, real=0.08 secs]
2014-07-28T04:03:12.705+0000: 236.386: [GC2014-07-28T04:03:12.706+0000: 236.387: [ParNew: 92160K->10240K(92160K), 0.0716840 secs] 4471301K->4410360K(20961280K), 0.0735920 secs] [Times: user=0.44 sys=0.02, real=0.08 secs]
2014-07-28T04:03:13.367+0000: 237.049: [GC2014-07-28T04:03:13.368+0000: 237.050: [ParNew: 92158K->10240K(92160K), 0.0735050 secs] 4492278K->4431713K(20961280K), 0.0754350 secs] [Times: user=0.43 sys=0.04, real=0.07 secs]
2014-07-28T04:03:13.922+0000: 237.603: [GC2014-07-28T04:03:13.923+0000: 237.604: [ParNew: 92160K->10240K(92160K), 0.0756490 secs] 4513633K->4454017K(20961280K), 0.0775980 secs] [Times: user=0.48 sys=0.03, real=0.08 secs]
2014-07-28T04:03:14.473+0000: 238.155: [GC2014-07-28T04:03:14.474+0000: 238.156: [ParNew: 92160K->10240K(92160K), 0.0729880 secs] 4535937K->4476248K(20961280K), 0.0749050 secs] [Times: user=0.41 sys=0.05, real=0.08 secs]
2014-07-28T04:03:15.004+0000: 238.686: [GC2014-07-28T04:03:15.005+0000: 238.686: [ParNew: 92160K->10240K(92160K), 0.0735780 secs] 4558168K->4498511K(20961280K), 0.0754600 secs] [Times: user=0.46 sys=0.03, real=0.08 secs]
2014-07-28T04:03:15.636+0000: 239.317: [GC2014-07-28T04:03:15.637+0000: 239.318: [ParNew: 92153K->10240K(92160K), 0.0701540 secs] 4580425K->4520000K(20961280K), 0.0720460 secs] [Times: user=0.42 sys=0.03, real=0.08 secs]
2014-07-28T04:03:16.218+0000: 239.899: [GC2014-07-28T04:03:16.219+0000: 239.900: [ParNew: 92159K->10240K(92160K), 0.0782240 secs] 4601920K->4541041K(20961280K), 0.0801640 secs] [Times: user=0.49 sys=0.03, real=0.09 secs]
2014-07-28T04:03:16.800+0000: 240.481: [GC2014-07-28T04:03:16.801+0000: 240.482: [ParNew: 92160K->10240K(92160K), 0.0782230 secs] 4622961K->4565418K(20961280K), 0.0800840 secs] [Times: user=0.48 sys=0.03, real=0.08 secs]
2014-07-28T04:03:17.466+0000: 241.147: [GC2014-07-28T04:03:17.467+0000: 241.148: [ParNew: 92160K->10240K(92160K), 0.0728760 secs] 4647338K->4585119K(20961280K), 0.0747680 secs] [Times: user=0.45 sys=0.04, real=0.07 secs]
2014-07-28T04:03:18.072+0000: 241.754: [GC2014-07-28T04:03:18.074+0000: 241.755: [ParNew: 92159K->10240K(92160K), 0.1066900 secs] 4667038K->4606700K(20961280K), 0.1089050 secs] [Times: user=0.65 sys=0.04, real=0.11 secs]
2014-07-28T04:03:18.524+0000: 242.205: [GC2014-07-28T04:03:18.525+0000: 242.206: [ParNew: 92160K->10240K(92160K), 0.0748980 secs] 4688620K->4628142K(20961280K), 0.0767850 secs] [Times: user=0.45 sys=0.03, real=0.08 secs]
2014-07-28T04:03:19.068+0000: 242.749: [GC2014-07-28T04:03:19.068+0000: 242.750: [ParNew: 92160K->10240K(92160K), 0.0779220 secs] 4710062K->4651846K(20961280K), 0.0798730 secs] [Times: user=0.47 sys=0.04, real=0.08 secs]
2014-07-28T04:03:19.702+0000: 243.383: [GC2014-07-28T04:03:19.703+0000: 243.384: [ParNew: 92160K->10240K(92160K), 0.0761890 secs] 4733766K->4674331K(20961280K), 0.0781550 secs] [Times: user=0.48 sys=0.04, real=0.08 secs]
2014-07-28T04:03:20.317+0000: 243.998: [GC2014-07-28T04:03:20.318+0000: 243.999: [ParNew: 92159K->10240K(92160K), 0.0676490 secs] 4756251K->4693418K(20961280K), 0.0695910 secs] [Times: user=0.42 sys=0.02, real=0.08 secs]
2014-07-28T04:03:20.879+0000: 244.561: [GC2014-07-28T04:03:20.880+0000: 244.562: [ParNew: 92158K->10240K(92160K), 0.0728440 secs] 4775336K->4716047K(20961280K), 0.0748200 secs] [Times: user=0.44 sys=0.01, real=0.07 secs]
2014-07-28T04:03:21.421+0000: 245.103: [GC2014-07-28T04:03:21.422+0000: 245.103: [ParNew: 92160K->10240K(92160K), 0.0674530 secs] 4797967K->4737666K(20961280K), 0.0694340 secs] [Times: user=0.38 sys=0.05, real=0.07 secs]
2014-07-28T04:03:21.940+0000: 245.622: [GC2014-07-28T04:03:21.941+0000: 245.623: [ParNew: 92160K->10240K(92160K), 0.0734560 secs] 4819586K->4759109K(20961280K), 0.0754740 secs] [Times: user=0.45 sys=0.04, real=0.07 secs]
2014-07-28T04:03:22.542+0000: 246.223: [GC2014-07-28T04:03:22.543+0000: 246.224: [ParNew: 92160K->10240K(92160K), 0.0713040 secs] 4841029K->4780563K(20961280K), 0.0733060 secs] [Times: user=0.41 sys=0.03, real=0.07 secs]
2014-07-28T04:03:23.152+0000: 246.834: [GC2014-07-28T04:03:23.153+0000: 246.835: [ParNew: 92157K->10240K(92160K), 0.0688590 secs] 4862481K->4801865K(20961280K), 0.0708180 secs] [Times: user=0.39 sys=0.03, real=0.07 secs]
2014-07-28T04:03:23.581+0000: 247.263: [GC2014-07-28T04:03:23.582+0000: 247.264: [ParNew: 92160K->10240K(92160K), 0.0799620 secs] 4883785K->4825655K(20961280K), 0.0819580 secs] [Times: user=0.46 sys=0.04, real=0.08 secs]
2014-07-28T04:03:24.218+0000: 247.900: [GC2014-07-28T04:03:24.219+0000: 247.901: [ParNew: 92159K->10240K(92160K), 0.0733110 secs] 4907575K->4847843K(20961280K), 0.0752880 secs] [Times: user=0.43 sys=0.05, real=0.07 secs]
2014-07-28T04:03:24.773+0000: 248.455: [GC2014-07-28T04:03:24.774+0000: 248.456: [ParNew: 92158K->10240K(92160K), 0.0801600 secs] 4929761K->4871105K(20961280K), 0.0821420 secs] [Times: user=0.49 sys=0.05, real=0.08 secs]
2014-07-28T04:03:25.429+0000: 249.110: [GC2014-07-28T04:03:25.430+0000: 249.111: [ParNew: 92160K->10240K(92160K), 0.0697400 secs] 4953025K->4891096K(20961280K), 0.0717080 secs] [Times: user=0.45 sys=0.02, real=0.07 secs]
2014-07-28T04:03:25.960+0000: 249.642: [GC2014-07-28T04:03:25.961+0000: 249.643: [ParNew: 92160K->10240K(92160K), 0.0778840 secs] 4973016K->4914623K(20961280K), 0.0798330 secs] [Times: user=0.48 sys=0.04, real=0.08 secs]
2014-07-28T04:03:26.487+0000: 250.169: [GC2014-07-28T04:03:26.488+0000: 250.169: [ParNew: 92153K->10240K(92160K), 0.0684970 secs] 4996537K->4934504K(20961280K), 0.0704620 secs] [Times: user=0.40 sys=0.04, real=0.07 secs]
2014-07-28T04:03:27.010+0000: 250.691: [GC2014-07-28T04:03:27.011+0000: 250.692: [ParNew: 92160K->10240K(92160K), 0.0723970 secs] 5016424K->4956894K(20961280K), 0.0744050 secs] [Times: user=0.41 sys=0.02, real=0.07 secs]
2014-07-28T04:03:27.634+0000: 251.315: [GC2014-07-28T04:03:27.635+0000: 251.316: [ParNew: 92159K->10240K(92160K), 0.0786750 secs] 5038813K->4982884K(20961280K), 0.0807240 secs] [Times: user=0.44 sys=0.04, real=0.08 secs]
2014-07-28T04:03:28.272+0000: 251.954: [GC2014-07-28T04:03:28.274+0000: 251.955: [ParNew: 92160K->10240K(92160K), 0.0719240 secs] 5064804K->5004837K(20961280K), 0.0740470 secs] [Times: user=0.40 sys=0.05, real=0.08 secs]
2014-07-28T04:03:28.819+0000: 252.500: [GC2014-07-28T04:03:28.820+0000: 252.501: [ParNew: 92160K->10240K(92160K), 0.0680730 secs] 5086757K->5024358K(20961280K), 0.0701020 secs] [Times: user=0.41 sys=0.04, real=0.07 secs]
2014-07-28T04:03:29.277+0000: 252.958: [GC2014-07-28T04:03:29.278+0000: 252.959: [ParNew: 92159K->10240K(92160K), 0.0724590 secs] 5106278K->5045938K(20961280K), 0.0744690 secs] [Times: user=0.42 sys=0.04, real=0.08 secs]
2014-07-28T04:03:29.881+0000: 253.563: [GC2014-07-28T04:03:29.882+0000: 253.564: [ParNew: 92160K->10240K(92160K), 0.0715920 secs] 5127858K->5068574K(20961280K), 0.0736410 secs] [Times: user=0.40 sys=0.03, real=0.07 secs]
2014-07-28T04:03:30.493+0000: 254.174: [GC2014-07-28T04:03:30.494+0000: 254.175: [ParNew: 92160K->10240K(92160K), 0.0774130 secs] 5150494K->5090981K(20961280K), 0.0794810 secs] [Times: user=0.48 sys=0.03, real=0.08 secs]
2014-07-28T04:03:31.025+0000: 254.706: [GC2014-07-28T04:03:31.026+0000: 254.707: [ParNew: 92160K->10240K(92160K), 0.0706750 secs] 5172901K->5112373K(20961280K), 0.0727220 secs] [Times: user=0.41 sys=0.04, real=0.08 secs]
2014-07-28T04:03:31.556+0000: 255.238: [GC2014-07-28T04:03:31.557+0000: 255.239: [ParNew: 92160K->10240K(92160K), 0.0784530 secs] 5194293K->5134989K(20961280K), 0.0804970 secs] [Times: user=0.50 sys=0.01, real=0.09 secs]
2014-07-28T04:03:32.090+0000: 255.771: [GC2014-07-28T04:03:32.091+0000: 255.772: [ParNew: 92160K->10240K(92160K), 0.0694800 secs] 5216909K->5156045K(20961280K), 0.0714900 secs] [Times: user=0.41 sys=0.04, real=0.07 secs]
2014-07-28T04:03:32.674+0000: 256.355: [GC2014-07-28T04:03:32.675+0000: 256.356: [ParNew: 92160K->10240K(92160K), 0.0706220 secs] 5237965K->5178447K(20961280K), 0.0727220 secs] [Times: user=0.42 sys=0.03, real=0.08 secs]
2014-07-28T04:03:33.241+0000: 256.922: [GC2014-07-28T04:03:33.242+0000: 256.923: [ParNew: 92149K->10240K(92160K), 0.0723640 secs] 5260357K->5199354K(20961280K), 0.0744010 secs] [Times: user=0.47 sys=0.02, real=0.07 secs]
2014-07-28T04:03:33.693+0000: 257.374: [GC2014-07-28T04:03:33.694+0000: 257.376: [ParNew: 92160K->10240K(92160K), 0.0725660 secs] 5281274K->5223882K(20961280K), 0.0746180 secs] [Times: user=0.42 sys=0.04, real=0.08 secs]
2014-07-28T04:03:34.318+0000: 257.999: [GC2014-07-28T04:03:34.319+0000: 258.000: [ParNew: 92159K->10240K(92160K), 0.0817550 secs] 5305801K->5243453K(20961280K), 0.0838340 secs] [Times: user=0.50 sys=0.03, real=0.09 secs]
2014-07-28T04:03:34.877+0000: 258.559: [GC2014-07-28T04:03:34.879+0000: 258.560: [ParNew: 92160K->10240K(92160K), 0.0824420 secs] 5325373K->5265082K(20961280K), 0.0849570 secs] [Times: user=0.46 sys=0.04, real=0.09 secs]
2014-07-28T04:03:35.316+0000: 258.998: [GC2014-07-28T04:03:35.317+0000: 258.999: [ParNew: 92159K->10240K(92160K), 0.0910210 secs] 5347002K->5287395K(20961280K), 0.0931640 secs] [Times: user=0.45 sys=0.03, real=0.10 secs]
2014-07-28T04:03:35.871+0000: 259.553: [GC2014-07-28T04:03:35.872+0000: 259.554: [ParNew: 92155K->10240K(92160K), 0.0715940 secs] 5369310K->5309139K(20961280K), 0.0736570 secs] [Times: user=0.42 sys=0.03, real=0.08 secs]
2014-07-28T04:03:36.423+0000: 260.104: [GC2014-07-28T04:03:36.424+0000: 260.105: [ParNew: 92160K->10240K(92160K), 0.0746980 secs] 5391059K->5332600K(20961280K), 0.0767860 secs] [Times: user=0.44 sys=0.02, real=0.08 secs]
2014-07-28T04:03:36.998+0000: 260.679: [GC2014-07-28T04:03:36.999+0000: 260.680: [ParNew: 92160K->10240K(92160K), 0.0721110 secs] 5414520K->5355084K(20961280K), 0.0741880 secs] [Times: user=0.40 sys=0.05, real=0.08 secs]
2014-07-28T04:03:37.540+0000: 261.221: [GC2014-07-28T04:03:37.541+0000: 261.222: [ParNew: 92160K->10240K(92160K), 0.0673050 secs] 5437004K->5374845K(20961280K), 0.0694190 secs] [Times: user=0.41 sys=0.01, real=0.07 secs]
2014-07-28T04:03:38.070+0000: 261.751: [GC2014-07-28T04:03:38.071+0000: 261.752: [ParNew: 92160K->10240K(92160K), 0.0778090 secs] 5456765K->5397135K(20961280K), 0.0798540 secs] [Times: user=0.44 sys=0.06, real=0.08 secs]
2014-07-28T04:03:38.542+0000: 262.224: [GC2014-07-28T04:03:38.543+0000: 262.225: [ParNew: 92152K->10240K(92160K), 0.0747200 secs] 5479047K->5420926K(20961280K), 0.0767960 secs] [Times: user=0.43 sys=0.05, real=0.08 secs]
2014-07-28T04:03:39.098+0000: 262.780: [GC2014-07-28T04:03:39.099+0000: 262.781: [ParNew: 92160K->10240K(92160K), 0.0683040 secs] 5502846K->5441069K(20961280K), 0.0703740 secs] [Times: user=0.40 sys=0.05, real=0.07 secs]
2014-07-28T04:03:39.625+0000: 263.306: [GC2014-07-28T04:03:39.626+0000: 263.307: [ParNew: 92160K->10240K(92160K), 0.0751690 secs] 5522989K->5463679K(20961280K), 0.0772470 secs] [Times: user=0.48 sys=0.03, real=0.08 secs]
2014-07-28T04:03:40.182+0000: 263.864: [GC2014-07-28T04:03:40.183+0000: 263.865: [ParNew: 92160K->10240K(92160K), 0.0688060 secs] 5545599K->5486242K(20961280K), 0.0708860 secs] [Times: user=0.38 sys=0.05, real=0.08 secs]
2014-07-28T04:03:40.716+0000: 264.397: [GC2014-07-28T04:03:40.717+0000: 264.398: [ParNew: 92160K->10240K(92160K), 0.0872500 secs] 5568162K->5507948K(20961280K), 0.0896100 secs] [Times: user=0.43 sys=0.03, real=0.09 secs]
2014-07-28T04:03:41.259+0000: 264.940: [GC2014-07-28T04:03:41.260+0000: 264.942: [ParNew: 92159K->10240K(92160K), 0.0706900 secs] 5589868K->5530310K(20961280K), 0.0728150 secs] [Times: user=0.40 sys=0.05, real=0.07 secs]
2014-07-28T04:03:41.819+0000: 265.500: [GC2014-07-28T04:03:41.820+0000: 265.501: [ParNew: 92160K->10240K(92160K), 0.0736490 secs] 5612230K->5554395K(20961280K), 0.0757140 secs] [Times: user=0.42 sys=0.03, real=0.08 secs]
2014-07-28T04:03:42.353+0000: 266.034: [GC2014-07-28T04:03:42.354+0000: 266.035: [ParNew: 92154K->10240K(92160K), 0.0698730 secs] 5636309K->5575361K(20961280K), 0.0719660 secs] [Times: user=0.41 sys=0.04, real=0.08 secs]
2014-07-28T04:03:42.897+0000: 266.579: [GC2014-07-28T04:03:42.898+0000: 266.580: [ParNew: 92149K->10240K(92160K), 0.0712310 secs] 5657270K->5596513K(20961280K), 0.0734160 secs] [Times: user=0.40 sys=0.05, real=0.07 secs]
2014-07-28T04:03:43.480+0000: 267.161: [GC2014-07-28T04:03:43.481+0000: 267.162: [ParNew: 92159K->10240K(92160K), 0.0727450 secs] 5678432K->5618723K(20961280K), 0.0748660 secs] [Times: user=0.41 sys=0.03, real=0.08 secs]
2014-07-28T04:03:43.990+0000: 267.672: [GC2014-07-28T04:03:43.991+0000: 267.673: [ParNew: 92160K->10240K(92160K), 0.0711000 secs] 5700643K->5640653K(20961280K), 0.0731550 secs] [Times: user=0.39 sys=0.06, real=0.07 secs]
2014-07-28T04:03:44.520+0000: 268.201: [GC2014-07-28T04:03:44.521+0000: 268.202: [ParNew: 92160K->10240K(92160K), 0.0758250 secs] 5722573K->5665860K(20961280K), 0.0779420 secs] [Times: user=0.41 sys=0.04, real=0.08 secs]
2014-07-28T04:03:45.069+0000: 268.751: [GC2014-07-28T04:03:45.070+0000: 268.752: [ParNew: 92160K->10240K(92160K), 0.0760240 secs] 5747780K->5690828K(20961280K), 0.0781460 secs] [Times: user=0.44 sys=0.05, real=0.08 secs]
2014-07-28T04:03:45.631+0000: 269.312: [GC2014-07-28T04:03:45.632+0000: 269.313: [ParNew: 92160K->10240K(92160K), 0.0682530 secs] 5772748K->5710871K(20961280K), 0.0703310 secs] [Times: user=0.41 sys=0.02, real=0.07 secs]
2014-07-28T04:03:46.172+0000: 269.853: [GC2014-07-28T04:03:46.173+0000: 269.854: [ParNew: 92160K->10240K(92160K), 0.0714140 secs] 5792791K->5732661K(20961280K), 0.0734800 secs] [Times: user=0.45 sys=0.04, real=0.08 secs]
2014-07-28T04:03:46.666+0000: 270.348: [GC2014-07-28T04:03:46.667+0000: 270.349: [ParNew: 92160K->10240K(92160K), 0.0666570 secs] 5814581K->5754217K(20961280K), 0.0687260 secs] [Times: user=0.38 sys=0.04, real=0.07 secs]
2014-07-28T04:03:47.188+0000: 270.869: [GC2014-07-28T04:03:47.189+0000: 270.870: [ParNew: 92152K->10240K(92160K), 0.0699500 secs] 5836130K->5777351K(20961280K), 0.0720630 secs] [Times: user=0.42 sys=0.03, real=0.07 secs]
2014-07-28T04:03:47.807+0000: 271.489: [GC2014-07-28T04:03:47.808+0000: 271.490: [ParNew: 92160K->10240K(92160K), 0.0764800 secs] 5859271K->5801460K(20961280K), 0.0786370 secs] [Times: user=0.44 sys=0.05, real=0.08 secs]
2014-07-28T04:03:48.420+0000: 272.102: [GC2014-07-28T04:03:48.421+0000: 272.103: [ParNew: 92160K->10240K(92160K), 0.0662680 secs] 5883380K->5820364K(20961280K), 0.0683290 secs] [Times: user=0.41 sys=0.05, real=0.07 secs]
2014-07-28T04:03:48.822+0000: 272.503: [GC2014-07-28T04:03:48.823+0000: 272.504: [ParNew: 92155K->10240K(92160K), 0.0738670 secs] 5902279K->5842999K(20961280K), 0.0759260 secs] [Times: user=0.41 sys=0.06, real=0.08 secs]
2014-07-28T04:03:49.328+0000: 273.009: [GC2014-07-28T04:03:49.329+0000: 273.010: [ParNew: 92160K->10240K(92160K), 0.0932470 secs] 5924919K->5869354K(20961280K), 0.0953110 secs] [Times: user=0.52 sys=0.02, real=0.09 secs]
2014-07-28T04:03:50.053+0000: 273.735: [GC2014-07-28T04:03:50.055+0000: 273.736: [ParNew: 92156K->10240K(92160K), 0.0846110 secs] 5951270K->5894743K(20961280K), 0.0868970 secs] [Times: user=0.43 sys=0.07, real=0.09 secs]
2014-07-28T04:03:50.701+0000: 274.382: [GC2014-07-28T04:03:50.702+0000: 274.383: [ParNew: 92158K->10240K(92160K), 0.1007770 secs] 5976662K->5921765K(20961280K), 0.1029310 secs] [Times: user=0.44 sys=0.05, real=0.10 secs]
2014-07-28T04:03:51.259+0000: 274.940: [GC2014-07-28T04:03:51.260+0000: 274.941: [ParNew: 92160K->10240K(92160K), 0.0785060 secs] 6003685K->5948551K(20961280K), 0.0806240 secs] [Times: user=0.45 sys=0.05, real=0.08 secs]
2014-07-28T04:03:51.955+0000: 275.636: [GC2014-07-28T04:03:51.956+0000: 275.637: [ParNew: 92160K->10240K(92160K), 0.0772650 secs] 6030471K->5973884K(20961280K), 0.0794190 secs] [Times: user=0.44 sys=0.06, real=0.08 secs]
2014-07-28T04:03:52.533+0000: 276.215: [GC2014-07-28T04:03:52.535+0000: 276.216: [ParNew: 92160K->10240K(92160K), 0.0740770 secs] 6055804K->5998700K(20961280K), 0.0761770 secs] [Times: user=0.44 sys=0.05, real=0.08 secs]
2014-07-28T04:03:53.093+0000: 276.775: [GC2014-07-28T04:03:53.095+0000: 276.776: [ParNew: 92160K->10240K(92160K), 0.0784190 secs] 6080620K->6024973K(20961280K), 0.0805220 secs] [Times: user=0.42 sys=0.05, real=0.09 secs]
2014-07-28T04:03:53.836+0000: 277.517: [GC2014-07-28T04:03:53.837+0000: 277.518: [ParNew: 92159K->10240K(92160K), 0.0729870 secs] 6106892K->6049564K(20961280K), 0.0751190 secs] [Times: user=0.40 sys=0.04, real=0.07 secs]
2014-07-28T04:03:54.564+0000: 278.246: [GC2014-07-28T04:03:54.565+0000: 278.247: [ParNew: 92160K->10240K(92160K), 0.0762110 secs] 6131484K->6074674K(20961280K), 0.0783240 secs] [Times: user=0.46 sys=0.01, real=0.08 secs]
2014-07-28T04:03:55.178+0000: 278.859: [GC2014-07-28T04:03:55.179+0000: 278.860: [ParNew: 92159K->10240K(92160K), 0.0808240 secs] 6156594K->6104678K(20961280K), 0.0829280 secs] [Times: user=0.42 sys=0.05, real=0.08 secs]
2014-07-28T04:03:55.769+0000: 279.450: [GC2014-07-28T04:03:55.770+0000: 279.451: [ParNew: 92160K->10240K(92160K), 0.0724060 secs] 6186598K->6127905K(20961280K), 0.0745760 secs] [Times: user=0.41 sys=0.05, real=0.07 secs]
2014-07-28T04:03:56.332+0000: 280.013: [GC2014-07-28T04:03:56.333+0000: 280.014: [ParNew: 92160K->10240K(92160K), 0.0791340 secs] 6209825K->6156166K(20961280K), 0.0812230 secs] [Times: user=0.43 sys=0.06, real=0.09 secs]
2014-07-28T04:03:56.873+0000: 280.554: [GC2014-07-28T04:03:56.874+0000: 280.555: [ParNew: 92160K->10240K(92160K), 0.0717740 secs] 6238086K->6179027K(20961280K), 0.0738840 secs] [Times: user=0.44 sys=0.05, real=0.08 secs]
2014-07-28T04:03:57.509+0000: 281.191: [GC2014-07-28T04:03:57.510+0000: 281.192: [ParNew: 92160K->10240K(92160K), 0.0735470 secs] 6260947K->6204768K(20961280K), 0.0756560 secs] [Times: user=0.39 sys=0.06, real=0.08 secs]
2014-07-28T04:03:58.205+0000: 281.886: [GC2014-07-28T04:03:58.206+0000: 281.887: [ParNew: 92153K->10240K(92160K), 0.0781740 secs] 6286681K->6229412K(20961280K), 0.0802480 secs] [Times: user=0.47 sys=0.03, real=0.09 secs]
2014-07-28T04:03:58.757+0000: 282.439: [GC2014-07-28T04:03:58.758+0000: 282.440: [ParNew: 92156K->10240K(92160K), 0.0783320 secs] 6311328K->6255006K(20961280K), 0.0804010 secs] [Times: user=0.48 sys=0.02, real=0.08 secs]
2014-07-28T04:03:59.482+0000: 283.163: [GC2014-07-28T04:03:59.483+0000: 283.165: [ParNew: 92159K->10240K(92160K), 0.0712000 secs] 6336926K->6280886K(20961280K), 0.0734070 secs] [Times: user=0.38 sys=0.04, real=0.08 secs]
2014-07-28T04:04:00.163+0000: 283.845: [GC2014-07-28T04:04:00.164+0000: 283.846: [ParNew: 92160K->10240K(92160K), 0.0773910 secs] 6362806K->6307572K(20961280K), 0.0794620 secs] [Times: user=0.46 sys=0.05, real=0.08 secs]
2014-07-28T04:04:00.832+0000: 284.513: [GC2014-07-28T04:04:00.833+0000: 284.514: [ParNew: 92160K->10240K(92160K), 0.0759430 secs] 6389492K->6333824K(20961280K), 0.0780280 secs] [Times: user=0.44 sys=0.06, real=0.08 secs]
2014-07-28T04:04:01.372+0000: 285.053: [GC2014-07-28T04:04:01.373+0000: 285.054: [ParNew: 92160K->10240K(92160K), 0.0800360 secs] 6415744K->6362044K(20961280K), 0.0821250 secs] [Times: user=0.46 sys=0.03, real=0.09 secs]
2014-07-28T04:04:02.067+0000: 285.749: [GC2014-07-28T04:04:02.068+0000: 285.750: [ParNew: 92152K->10240K(92160K), 0.0745810 secs] 6443957K->6387312K(20961280K), 0.0767510 secs] [Times: user=0.41 sys=0.06, real=0.07 secs]
2014-07-28T04:04:02.637+0000: 286.318: [GC2014-07-28T04:04:02.638+0000: 286.319: [ParNew: 92160K->10240K(92160K), 0.0732650 secs] 6469232K->6412007K(20961280K), 0.0753580 secs] [Times: user=0.42 sys=0.04, real=0.07 secs]
2014-07-28T04:04:03.195+0000: 286.877: [GC2014-07-28T04:04:03.196+0000: 286.878: [ParNew: 92160K->10240K(92160K), 0.0778170 secs] 6493927K->6439030K(20961280K), 0.0798810 secs] [Times: user=0.47 sys=0.03, real=0.08 secs]
2014-07-28T04:04:03.784+0000: 287.466: [GC2014-07-28T04:04:03.785+0000: 287.467: [ParNew: 92159K->10240K(92160K), 0.0721750 secs] 6520950K->6462646K(20961280K), 0.0742700 secs] [Times: user=0.41 sys=0.05, real=0.08 secs]
2014-07-28T04:04:04.657+0000: 288.338: [GC2014-07-28T04:04:04.658+0000: 288.339: [ParNew: 92154K->10240K(92160K), 0.0899390 secs] 6544560K->6487724K(20961280K), 0.0920460 secs] [Times: user=0.51 sys=0.05, real=0.09 secs]
2014-07-28T04:04:05.331+0000: 289.012: [GC2014-07-28T04:04:05.332+0000: 289.013: [ParNew: 92160K->10240K(92160K), 0.0884700 secs] 6569644K->6514478K(20961280K), 0.0907210 secs] [Times: user=0.45 sys=0.05, real=0.09 secs]
2014-07-28T04:04:05.874+0000: 289.555: [GC2014-07-28T04:04:05.875+0000: 289.556: [ParNew: 92160K->10240K(92160K), 0.0781960 secs] 6596398K->6541293K(20961280K), 0.0804230 secs] [Times: user=0.46 sys=0.04, real=0.09 secs]
2014-07-28T04:04:06.471+0000: 290.153: [GC2014-07-28T04:04:06.472+0000: 290.154: [ParNew: 92155K->10240K(92160K), 0.0769730 secs] 6623208K->6567859K(20961280K), 0.0790920 secs] [Times: user=0.40 sys=0.08, real=0.08 secs]
2014-07-28T04:04:06.967+0000: 290.648: [GC2014-07-28T04:04:06.968+0000: 290.649: [ParNew: 92160K->10240K(92160K), 0.0744950 secs] 6649779K->6592286K(20961280K), 0.0766550 secs] [Times: user=0.41 sys=0.07, real=0.07 secs]
2014-07-28T04:04:07.606+0000: 291.287: [GC2014-07-28T04:04:07.607+0000: 291.289: [ParNew: 92160K->10240K(92160K), 0.0756230 secs] 6674206K->6618189K(20961280K), 0.0776910 secs] [Times: user=0.38 sys=0.06, real=0.07 secs]
2014-07-28T04:04:08.179+0000: 291.860: [GC2014-07-28T04:04:08.180+0000: 291.861: [ParNew: 92159K->10240K(92160K), 0.0764600 secs] 6700108K->6643121K(20961280K), 0.0785530 secs] [Times: user=0.40 sys=0.07, real=0.08 secs]
2014-07-28T04:04:08.856+0000: 292.538: [GC2014-07-28T04:04:08.857+0000: 292.539: [ParNew: 92160K->10240K(92160K), 0.0747630 secs] 6725041K->6668898K(20961280K), 0.0768460 secs] [Times: user=0.43 sys=0.03, real=0.08 secs]
2014-07-28T04:04:09.609+0000: 293.291: [GC2014-07-28T04:04:09.611+0000: 293.292: [ParNew: 92155K->10240K(92160K), 0.0761620 secs] 6750813K->6694518K(20961280K), 0.0783880 secs] [Times: user=0.44 sys=0.03, real=0.08 secs]
2014-07-28T04:04:10.299+0000: 293.981: [GC2014-07-28T04:04:10.300+0000: 293.982: [ParNew: 92160K->10240K(92160K), 0.0780280 secs] 6776438K->6720365K(20961280K), 0.0801100 secs] [Times: user=0.47 sys=0.04, real=0.08 secs]
2014-07-28T04:04:10.942+0000: 294.623: [GC2014-07-28T04:04:10.943+0000: 294.624: [ParNew: 92156K->10240K(92160K), 0.0756980 secs] 6802282K->6746804K(20961280K), 0.0777710 secs] [Times: user=0.44 sys=0.06, real=0.08 secs]
2014-07-28T04:04:11.515+0000: 295.196: [GC2014-07-28T04:04:11.516+0000: 295.198: [ParNew: 92160K->10240K(92160K), 0.0785960 secs] 6828724K->6773625K(20961280K), 0.0806960 secs] [Times: user=0.44 sys=0.03, real=0.08 secs]
2014-07-28T04:04:12.205+0000: 295.887: [GC2014-07-28T04:04:12.206+0000: 295.888: [ParNew: 92159K->10240K(92160K), 0.0691690 secs] 6855545K->6799163K(20961280K), 0.0712640 secs] [Times: user=0.41 sys=0.03, real=0.07 secs]
2014-07-28T04:04:12.736+0000: 296.417: [GC2014-07-28T04:04:12.737+0000: 296.418: [ParNew: 92160K->10240K(92160K), 0.0774170 secs] 6881083K->6824786K(20961280K), 0.0794880 secs] [Times: user=0.44 sys=0.05, real=0.08 secs]
2014-07-28T04:04:13.333+0000: 297.015: [GC2014-07-28T04:04:13.335+0000: 297.016: [ParNew: 92160K->10240K(92160K), 0.0765140 secs] 6906706K->6850558K(20961280K), 0.0786620 secs] [Times: user=0.43 sys=0.05, real=0.08 secs]
2014-07-28T04:04:13.831+0000: 297.512: [GC2014-07-28T04:04:13.832+0000: 297.513: [ParNew: 92160K->10240K(92160K), 0.0928490 secs] 6932478K->6875074K(20961280K), 0.1058220 secs] [Times: user=0.46 sys=0.04, real=0.11 secs]
2014-07-28T04:04:14.619+0000: 298.301: [GC2014-07-28T04:04:14.620+0000: 298.302: [ParNew: 92160K->10240K(92160K), 0.0783220 secs] 6956994K->6900927K(20961280K), 0.0805270 secs] [Times: user=0.46 sys=0.03, real=0.08 secs]
2014-07-28T04:04:15.465+0000: 299.146: [GC2014-07-28T04:04:15.466+0000: 299.148: [ParNew: 92145K->10240K(92160K), 0.0766250 secs] 6982832K->6927512K(20961280K), 0.0787080 secs] [Times: user=0.46 sys=0.04, real=0.08 secs]
2014-07-28T04:04:15.987+0000: 299.668: [GC2014-07-28T04:04:15.988+0000: 299.669: [ParNew: 92155K->10240K(92160K), 0.0779010 secs] 7009427K->6953619K(20961280K), 0.0799740 secs] [Times: user=0.42 sys=0.06, real=0.08 secs]
2014-07-28T04:04:16.576+0000: 300.258: [GC2014-07-28T04:04:16.577+0000: 300.259: [ParNew: 92160K->10240K(92160K), 0.0763980 secs] 7035539K->6980799K(20961280K), 0.0785060 secs] [Times: user=0.43 sys=0.04, real=0.08 secs]
2014-07-28T04:04:17.061+0000: 300.742: [GC2014-07-28T04:04:17.062+0000: 300.743: [ParNew: 92160K->10240K(92160K), 0.0715040 secs] 7062719K->7004722K(20961280K), 0.0735660 secs] [Times: user=0.43 sys=0.03, real=0.08 secs]
2014-07-28T04:04:17.600+0000: 301.281: [GC2014-07-28T04:04:17.601+0000: 301.282: [ParNew: 92155K->10240K(92160K), 0.0743520 secs] 7086638K->7029629K(20961280K), 0.0764130 secs] [Times: user=0.42 sys=0.03, real=0.08 secs]
2014-07-28T04:04:18.214+0000: 301.896: [GC2014-07-28T04:04:18.215+0000: 301.897: [ParNew: 92160K->10240K(92160K), 0.0728940 secs] 7111549K->7054809K(20961280K), 0.0749660 secs] [Times: user=0.38 sys=0.06, real=0.07 secs]
2014-07-28T04:04:18.859+0000: 302.540: [GC2014-07-28T04:04:18.860+0000: 302.541: [ParNew: 92160K->10240K(92160K), 0.0729840 secs] 7136729K->7079824K(20961280K), 0.0750500 secs] [Times: user=0.40 sys=0.04, real=0.08 secs]
2014-07-28T04:04:19.714+0000: 303.395: [GC2014-07-28T04:04:19.715+0000: 303.396: [ParNew: 92160K->10240K(92160K), 0.0731040 secs] 7161744K->7105280K(20961280K), 0.0751630 secs] [Times: user=0.40 sys=0.06, real=0.07 secs]
2014-07-28T04:04:20.407+0000: 304.089: [GC2014-07-28T04:04:20.408+0000: 304.090: [ParNew: 92159K->10240K(92160K), 0.0725110 secs] 7187200K->7130693K(20961280K), 0.0746200 secs] [Times: user=0.39 sys=0.05, real=0.08 secs]
2014-07-28T04:04:21.051+0000: 304.732: [GC2014-07-28T04:04:21.052+0000: 304.733: [ParNew: 92160K->10240K(92160K), 0.0768050 secs] 7212613K->7156815K(20961280K), 0.0789110 secs] [Times: user=0.45 sys=0.04, real=0.08 secs]
2014-07-28T04:04:21.636+0000: 305.317: [GC2014-07-28T04:04:21.637+0000: 305.318: [ParNew: 92151K->10240K(92160K), 0.0751110 secs] 7238727K->7184320K(20961280K), 0.0771740 secs] [Times: user=0.40 sys=0.06, real=0.08 secs]
2014-07-28T04:04:22.308+0000: 305.989: [GC2014-07-28T04:04:22.309+0000: 305.990: [ParNew: 92160K->10240K(92160K), 0.0732350 secs] 7266240K->7210217K(20961280K), 0.0753820 secs] [Times: user=0.39 sys=0.04, real=0.08 secs]
2014-07-28T04:04:22.874+0000: 306.556: [GC2014-07-28T04:04:22.875+0000: 306.557: [ParNew: 92160K->10240K(92160K), 0.0737440 secs] 7292137K->7235172K(20961280K), 0.0758400 secs] [Times: user=0.38 sys=0.07, real=0.07 secs]
2014-07-28T04:04:23.470+0000: 307.151: [GC2014-07-28T04:04:23.471+0000: 307.152: [ParNew: 92159K->10240K(92160K), 0.0731860 secs] 7317091K->7261054K(20961280K), 0.0753920 secs] [Times: user=0.40 sys=0.03, real=0.08 secs]
2014-07-28T04:04:23.990+0000: 307.671: [GC2014-07-28T04:04:23.991+0000: 307.672: [ParNew: 92154K->10240K(92160K), 0.0758760 secs] 7342969K->7286046K(20961280K), 0.0779880 secs] [Times: user=0.44 sys=0.05, real=0.08 secs]
2014-07-28T04:04:24.755+0000: 308.436: [GC2014-07-28T04:04:24.756+0000: 308.437: [ParNew: 92155K->10240K(92160K), 0.0746650 secs] 7367961K->7311592K(20961280K), 0.0767980 secs] [Times: user=0.41 sys=0.04, real=0.07 secs]
2014-07-28T04:04:25.587+0000: 309.269: [GC2014-07-28T04:04:25.588+0000: 309.270: [ParNew: 92160K->10240K(92160K), 0.0756750 secs] 7393512K->7338465K(20961280K), 0.0777380 secs] [Times: user=0.42 sys=0.07, real=0.08 secs]
2014-07-28T04:04:26.133+0000: 309.814: [GC2014-07-28T04:04:26.134+0000: 309.815: [ParNew: 92156K->10240K(92160K), 0.0763380 secs] 7420382K->7364273K(20961280K), 0.0784480 secs] [Times: user=0.39 sys=0.06, real=0.08 secs]
2014-07-28T04:04:26.722+0000: 310.404: [GC2014-07-28T04:04:26.723+0000: 310.405: [ParNew: 92159K->10240K(92160K), 0.0780190 secs] 7446193K->7390392K(20961280K), 0.0801490 secs] [Times: user=0.47 sys=0.03, real=0.08 secs]
2014-07-28T04:04:27.190+0000: 310.871: [GC2014-07-28T04:04:27.191+0000: 310.872: [ParNew: 92152K->10240K(92160K), 0.0707060 secs] 7472304K->7415078K(20961280K), 0.0728060 secs] [Times: user=0.38 sys=0.06, real=0.08 secs]
2014-07-28T04:04:27.708+0000: 311.389: [GC2014-07-28T04:04:27.709+0000: 311.390: [ParNew: 92154K->10240K(92160K), 0.0713600 secs] 7496992K->7440116K(20961280K), 0.0734400 secs] [Times: user=0.40 sys=0.03, real=0.08 secs]
2014-07-28T04:04:28.346+0000: 312.027: [GC2014-07-28T04:04:28.347+0000: 312.028: [ParNew: 92144K->10240K(92160K), 0.0761250 secs] 7522020K->7465309K(20961280K), 0.0782160 secs] [Times: user=0.44 sys=0.05, real=0.08 secs]
2014-07-28T04:04:28.946+0000: 312.627: [GC2014-07-28T04:04:28.947+0000: 312.628: [ParNew: 92160K->10240K(92160K), 0.0739530 secs] 7547229K->7490211K(20961280K), 0.0760300 secs] [Times: user=0.42 sys=0.05, real=0.08 secs]
2014-07-28T04:04:29.823+0000: 313.505: [GC2014-07-28T04:04:29.824+0000: 313.506: [ParNew: 92160K->10240K(92160K), 0.0732530 secs] 7572131K->7515310K(20961280K), 0.0753440 secs] [Times: user=0.44 sys=0.01, real=0.07 secs]
2014-07-28T04:04:30.513+0000: 314.194: [GC2014-07-28T04:04:30.514+0000: 314.195: [ParNew: 92153K->10240K(92160K), 0.0737500 secs] 7597223K->7540551K(20961280K), 0.0758280 secs] [Times: user=0.40 sys=0.05, real=0.08 secs]
2014-07-28T04:04:31.163+0000: 314.844: [GC2014-07-28T04:04:31.164+0000: 314.845: [ParNew: 92160K->10240K(92160K), 0.0774410 secs] 7622471K->7566038K(20961280K), 0.0795300 secs] [Times: user=0.46 sys=0.04, real=0.08 secs]
2014-07-28T04:04:31.749+0000: 315.431: [GC2014-07-28T04:04:31.750+0000: 315.432: [ParNew: 92160K->10240K(92160K), 0.0733120 secs] 7647958K->7592970K(20961280K), 0.0754020 secs] [Times: user=0.43 sys=0.03, real=0.08 secs]
2014-07-28T04:04:32.413+0000: 316.094: [GC2014-07-28T04:04:32.414+0000: 316.095: [ParNew: 92160K->10240K(92160K), 0.0718300 secs] 7674890K->7618290K(20961280K), 0.0739500 secs] [Times: user=0.40 sys=0.05, real=0.08 secs]
2014-07-28T04:04:32.709+0000: 316.390: [GC2014-07-28T04:04:32.710+0000: 316.391: [ParNew: 92160K->10240K(92160K), 0.0710210 secs] 7700210K->7642838K(20961280K), 0.0731330 secs] [Times: user=0.40 sys=0.05, real=0.08 secs]
2014-07-28T04:04:33.557+0000: 317.239: [GC2014-07-28T04:04:33.558+0000: 317.240: [ParNew: 92159K->10240K(92160K), 0.0723150 secs] 7724758K->7667749K(20961280K), 0.0744060 secs] [Times: user=0.40 sys=0.04, real=0.07 secs]
2014-07-28T04:04:33.913+0000: 317.594: [GC2014-07-28T04:04:33.914+0000: 317.595: [ParNew: 92157K->10240K(92160K), 0.0745200 secs] 7749666K->7693689K(20961280K), 0.0766050 secs] [Times: user=0.45 sys=0.03, real=0.08 secs]
2014-07-28T04:04:34.559+0000: 318.240: [GC2014-07-28T04:04:34.560+0000: 318.242: [ParNew: 92160K->10240K(92160K), 0.0717000 secs] 7775609K->7718741K(20961280K), 0.0846360 secs] [Times: user=0.36 sys=0.06, real=0.09 secs]
2014-07-28T04:04:35.593+0000: 319.274: [GC2014-07-28T04:04:35.594+0000: 319.275: [ParNew: 92160K->10240K(92160K), 0.0983730 secs] 7800661K->7743616K(20961280K), 0.1006710 secs] [Times: user=0.39 sys=0.05, real=0.11 secs]
2014-07-28T04:04:35.955+0000: 319.636: [GC2014-07-28T04:04:35.956+0000: 319.637: [ParNew: 92160K->10240K(92160K), 0.0754800 secs] 7825536K->7768813K(20961280K), 0.0775680 secs] [Times: user=0.39 sys=0.07, real=0.08 secs]
2014-07-28T04:04:36.724+0000: 320.405: [GC2014-07-28T04:04:36.725+0000: 320.406: [ParNew: 92156K->10240K(92160K), 0.0737830 secs] 7850729K->7794085K(20961280K), 0.0759630 secs] [Times: user=0.43 sys=0.03, real=0.07 secs]
2014-07-28T04:04:37.023+0000: 320.705: [GC2014-07-28T04:04:37.024+0000: 320.706: [ParNew: 92160K->10240K(92160K), 0.0760620 secs] 7876005K->7821703K(20961280K), 0.0781990 secs] [Times: user=0.40 sys=0.05, real=0.08 secs]
2014-07-28T04:04:37.617+0000: 321.298: [GC2014-07-28T04:04:37.618+0000: 321.299: [ParNew: 92160K->10240K(92160K), 0.0683740 secs] 7903623K->7846132K(20961280K), 0.0704760 secs] [Times: user=0.39 sys=0.04, real=0.07 secs]
2014-07-28T04:04:38.235+0000: 321.917: [GC2014-07-28T04:04:38.236+0000: 321.918: [ParNew: 92160K->10240K(92160K), 0.0737890 secs] 7928052K->7872914K(20961280K), 0.0759490 secs] [Times: user=0.42 sys=0.03, real=0.07 secs]
2014-07-28T04:04:38.884+0000: 322.566: [GC2014-07-28T04:04:38.885+0000: 322.567: [ParNew: 92160K->10240K(92160K), 0.0726620 secs] 7954834K->7897052K(20961280K), 0.0747420 secs] [Times: user=0.43 sys=0.04, real=0.07 secs]
2014-07-28T04:04:39.501+0000: 323.183: [GC2014-07-28T04:04:39.502+0000: 323.184: [ParNew: 92160K->10240K(92160K), 0.0722070 secs] 7978972K->7922227K(20961280K), 0.0742890 secs] [Times: user=0.41 sys=0.04, real=0.08 secs]
2014-07-28T04:04:40.169+0000: 323.850: [GC2014-07-28T04:04:40.170+0000: 323.851: [ParNew: 92160K->10240K(92160K), 0.0755960 secs] 8004147K->7948832K(20961280K), 0.0776930 secs] [Times: user=0.44 sys=0.05, real=0.08 secs]
2014-07-28T04:04:40.893+0000: 324.575: [GC2014-07-28T04:04:40.895+0000: 324.576: [ParNew: 92153K->10240K(92160K), 0.0725510 secs] 8030746K->7973907K(20961280K), 0.0746650 secs] [Times: user=0.40 sys=0.05, real=0.08 secs]
2014-07-28T04:04:41.519+0000: 325.200: [GC2014-07-28T04:04:41.520+0000: 325.201: [ParNew: 92160K->10240K(92160K), 0.0728010 secs] 8055827K->7999142K(20961280K), 0.0748750 secs] [Times: user=0.37 sys=0.06, real=0.08 secs]
2014-07-28T04:04:42.073+0000: 325.755: [GC2014-07-28T04:04:42.074+0000: 325.756: [ParNew: 92160K->10240K(92160K), 0.0767000 secs] 8081062K->8024861K(20961280K), 0.0788260 secs] [Times: user=0.44 sys=0.04, real=0.08 secs]
2014-07-28T04:04:42.702+0000: 326.383: [GC2014-07-28T04:04:42.703+0000: 326.384: [ParNew: 92160K->10240K(92160K), 0.0766000 secs] 8106781K->8051122K(20961280K), 0.0787510 secs] [Times: user=0.45 sys=0.02, real=0.09 secs]
2014-07-28T04:04:43.296+0000: 326.978: [GC2014-07-28T04:04:43.297+0000: 326.979: [ParNew: 92160K->10240K(92160K), 0.0722290 secs] 8133042K->8077247K(20961280K), 0.0743280 secs] [Times: user=0.40 sys=0.06, real=0.08 secs]
2014-07-28T04:04:43.950+0000: 327.631: [GC2014-07-28T04:04:43.951+0000: 327.632: [ParNew: 92154K->10240K(92160K), 0.0709660 secs] 8159162K->8101994K(20961280K), 0.0730970 secs] [Times: user=0.42 sys=0.04, real=0.08 secs]
2014-07-28T04:04:44.564+0000: 328.245: [GC2014-07-28T04:04:44.565+0000: 328.246: [ParNew: 92157K->10240K(92160K), 0.0722830 secs] 8183911K->8128361K(20961280K), 0.0744080 secs] [Times: user=0.38 sys=0.06, real=0.07 secs]
2014-07-28T04:04:45.273+0000: 328.954: [GC2014-07-28T04:04:45.274+0000: 328.955: [ParNew: 92159K->10240K(92160K), 0.0699060 secs] 8210280K->8153123K(20961280K), 0.0719670 secs] [Times: user=0.42 sys=0.03, real=0.07 secs]
2014-07-28T04:04:45.917+0000: 329.599: [GC2014-07-28T04:04:45.918+0000: 329.600: [ParNew: 92159K->10240K(92160K), 0.0762910 secs] 8235043K->8179295K(20961280K), 0.0783710 secs] [Times: user=0.45 sys=0.05, real=0.08 secs]
2014-07-28T04:04:46.542+0000: 330.224: [GC2014-07-28T04:04:46.543+0000: 330.225: [ParNew: 92160K->10240K(92160K), 0.0748940 secs] 8261215K->8205343K(20961280K), 0.0769610 secs] [Times: user=0.42 sys=0.04, real=0.07 secs]
2014-07-28T04:04:47.122+0000: 330.804: [GC2014-07-28T04:04:47.123+0000: 330.805: [ParNew: 92154K->10240K(92160K), 0.0762830 secs] 8287258K->8233358K(20961280K), 0.0783980 secs] [Times: user=0.39 sys=0.07, real=0.08 secs]
2014-07-28T04:04:47.703+0000: 331.385: [GC2014-07-28T04:04:47.704+0000: 331.386: [ParNew: 92160K->10240K(92160K), 0.0705180 secs] 8315278K->8256735K(20961280K), 0.0726280 secs] [Times: user=0.40 sys=0.03, real=0.07 secs]
2014-07-28T04:04:48.332+0000: 332.014: [GC2014-07-28T04:04:48.333+0000: 332.015: [ParNew: 92154K->10240K(92160K), 0.0785280 secs] 8338649K->8284518K(20961280K), 0.0805990 secs] [Times: user=0.44 sys=0.05, real=0.08 secs]
2014-07-28T04:04:48.925+0000: 332.607: [GC2014-07-28T04:04:48.926+0000: 332.608: [ParNew: 92159K->10240K(92160K), 0.0718960 secs] 8366437K->8307534K(20961280K), 0.0740120 secs] [Times: user=0.39 sys=0.05, real=0.07 secs]
2014-07-28T04:04:49.588+0000: 333.270: [GC2014-07-28T04:04:49.589+0000: 333.271: [ParNew: 92160K->10240K(92160K), 0.0743040 secs] 8389454K->8332849K(20961280K), 0.0764090 secs] [Times: user=0.44 sys=0.02, real=0.08 secs]
2014-07-28T04:04:50.265+0000: 333.946: [GC2014-07-28T04:04:50.266+0000: 333.947: [ParNew: 92160K->10240K(92160K), 0.0735250 secs] 8414769K->8359253K(20961280K), 0.0756840 secs] [Times: user=0.42 sys=0.07, real=0.08 secs]
2014-07-28T04:04:50.983+0000: 334.664: [GC2014-07-28T04:04:50.984+0000: 334.665: [ParNew: 92160K->10240K(92160K), 0.0758180 secs] 8441173K->8383785K(20961280K), 0.0779190 secs] [Times: user=0.44 sys=0.04, real=0.08 secs]
2014-07-28T04:04:51.523+0000: 335.204: [GC2014-07-28T04:04:51.524+0000: 335.205: [ParNew: 92160K->10240K(92160K), 0.0746150 secs] 8465705K->8409515K(20961280K), 0.0766890 secs] [Times: user=0.43 sys=0.05, real=0.07 secs]
2014-07-28T04:04:52.167+0000: 335.848: [GC2014-07-28T04:04:52.168+0000: 335.849: [ParNew: 92160K->10240K(92160K), 0.0757310 secs] 8491435K->8435068K(20961280K), 0.0778390 secs] [Times: user=0.41 sys=0.07, real=0.08 secs]
2014-07-28T04:04:52.800+0000: 336.481: [GC2014-07-28T04:04:52.801+0000: 336.482: [ParNew: 92160K->10240K(92160K), 0.0768710 secs] 8516988K->8461052K(20961280K), 0.0789500 secs] [Times: user=0.45 sys=0.04, real=0.08 secs]
2014-07-28T04:04:53.391+0000: 337.072: [GC2014-07-28T04:04:53.392+0000: 337.073: [ParNew: 92160K->10240K(92160K), 0.0763110 secs] 8542972K->8487430K(20961280K), 0.0783840 secs] [Times: user=0.42 sys=0.05, real=0.08 secs]
2014-07-28T04:04:54.038+0000: 337.719: [GC2014-07-28T04:04:54.039+0000: 337.720: [ParNew: 92160K->10240K(92160K), 0.0752960 secs] 8569350K->8512165K(20961280K), 0.0773980 secs] [Times: user=0.43 sys=0.03, real=0.08 secs]
2014-07-28T04:04:54.659+0000: 338.340: [GC2014-07-28T04:04:54.660+0000: 338.341: [ParNew: 92160K->10240K(92160K), 0.0746140 secs] 8594085K->8538799K(20961280K), 0.0768190 secs] [Times: user=0.43 sys=0.04, real=0.08 secs]
2014-07-28T04:04:55.179+0000: 338.860: [GC2014-07-28T04:04:55.180+0000: 338.862: [ParNew: 92158K->10240K(92160K), 0.0689790 secs] 8620718K->8563532K(20961280K), 0.0711100 secs] [Times: user=0.35 sys=0.07, real=0.08 secs]
2014-07-28T04:04:56.014+0000: 339.695: [GC2014-07-28T04:04:56.015+0000: 339.696: [ParNew: 92158K->10240K(92160K), 0.0757090 secs] 8645451K->8590300K(20961280K), 0.0777900 secs] [Times: user=0.42 sys=0.06, real=0.08 secs]
2014-07-28T04:04:56.639+0000: 340.320: [GC2014-07-28T04:04:56.640+0000: 340.321: [ParNew: 92160K->10240K(92160K), 0.0737130 secs] 8672220K->8616318K(20961280K), 0.0758020 secs] [Times: user=0.45 sys=0.02, real=0.08 secs]
2014-07-28T04:04:57.266+0000: 340.947: [GC2014-07-28T04:04:57.267+0000: 340.948: [ParNew: 92160K->10240K(92160K), 0.0722210 secs] 8698238K->8642035K(20961280K), 0.0743110 secs] [Times: user=0.43 sys=0.04, real=0.07 secs]
2014-07-28T04:04:57.720+0000: 341.401: [GC2014-07-28T04:04:57.721+0000: 341.402: [ParNew: 92160K->10240K(92160K), 0.0716750 secs] 8723955K->8666365K(20961280K), 0.0737510 secs] [Times: user=0.40 sys=0.02, real=0.08 secs]
2014-07-28T04:04:58.476+0000: 342.157: [GC2014-07-28T04:04:58.477+0000: 342.158: [ParNew: 92158K->10240K(92160K), 0.0745340 secs] 8748284K->8692620K(20961280K), 0.0766120 secs] [Times: user=0.39 sys=0.06, real=0.08 secs]
2014-07-28T04:04:58.965+0000: 342.646: [GC2014-07-28T04:04:58.966+0000: 342.647: [ParNew: 92160K->10240K(92160K), 0.0724990 secs] 8774540K->8717379K(20961280K), 0.0746210 secs] [Times: user=0.41 sys=0.04, real=0.07 secs]
2014-07-28T04:04:59.554+0000: 343.236: [GC2014-07-28T04:04:59.555+0000: 343.237: [ParNew: 92147K->10240K(92160K), 0.0722730 secs] 8799287K->8742650K(20961280K), 0.0743440 secs] [Times: user=0.41 sys=0.04, real=0.08 secs]
2014-07-28T04:05:00.398+0000: 344.080: [GC2014-07-28T04:05:00.399+0000: 344.081: [ParNew: 92160K->10240K(92160K), 0.0725380 secs] 8824570K->8768301K(20961280K), 0.0746420 secs] [Times: user=0.39 sys=0.05, real=0.08 secs]
2014-07-28T04:05:00.915+0000: 344.596: [GC2014-07-28T04:05:00.916+0000: 344.597: [ParNew: 92145K->10240K(92160K), 0.0709430 secs] 8850207K->8793297K(20961280K), 0.0730040 secs] [Times: user=0.39 sys=0.03, real=0.07 secs]
2014-07-28T04:05:01.615+0000: 345.296: [GC2014-07-28T04:05:01.616+0000: 345.297: [ParNew: 92160K->10240K(92160K), 0.0717170 secs] 8875217K->8818899K(20961280K), 0.0738300 secs] [Times: user=0.40 sys=0.05, real=0.08 secs]
2014-07-28T04:05:02.167+0000: 345.848: [GC2014-07-28T04:05:02.168+0000: 345.849: [ParNew: 92155K->10240K(92160K), 0.0736280 secs] 8900815K->8844109K(20961280K), 0.0757430 secs] [Times: user=0.41 sys=0.05, real=0.08 secs]
2014-07-28T04:05:02.931+0000: 346.613: [GC2014-07-28T04:05:02.932+0000: 346.614: [ParNew: 92160K->10240K(92160K), 0.0726000 secs] 8926029K->8869146K(20961280K), 0.0747100 secs] [Times: user=0.38 sys=0.06, real=0.07 secs]
2014-07-28T04:05:03.523+0000: 347.204: [GC2014-07-28T04:05:03.524+0000: 347.205: [ParNew: 92147K->10240K(92160K), 0.0768960 secs] 8951054K->8894868K(20961280K), 0.0790570 secs] [Times: user=0.41 sys=0.07, real=0.08 secs]
2014-07-28T04:05:04.172+0000: 347.854: [GC2014-07-28T04:05:04.173+0000: 347.855: [ParNew: 92160K->10240K(92160K), 0.0743710 secs] 8976788K->8920355K(20961280K), 0.0765000 secs] [Times: user=0.41 sys=0.06, real=0.08 secs]
2014-07-28T04:05:04.757+0000: 348.438: [GC2014-07-28T04:05:04.787+0000: 348.469: [ParNew: 92160K->10240K(92160K), 0.0871150 secs] 9002275K->8945566K(20961280K), 0.1184640 secs] [Times: user=0.49 sys=0.05, real=0.12 secs]
2014-07-28T04:05:05.195+0000: 348.877: [GC2014-07-28T04:05:05.196+0000: 348.878: [ParNew: 92159K->10240K(92160K), 0.0744940 secs] 9027486K->8970849K(20961280K), 0.0765580 secs] [Times: user=0.42 sys=0.04, real=0.08 secs]
2014-07-28T04:05:06.117+0000: 349.798: [GC2014-07-28T04:05:06.118+0000: 349.799: [ParNew: 92159K->10240K(92160K), 0.0752730 secs] 9052769K->8995862K(20961280K), 0.0773920 secs] [Times: user=0.45 sys=0.03, real=0.08 secs]
2014-07-28T04:05:06.735+0000: 350.416: [GC2014-07-28T04:05:06.736+0000: 350.417: [ParNew: 92159K->10240K(92160K), 0.0698090 secs] 9077782K->9021091K(20961280K), 0.0719080 secs] [Times: user=0.40 sys=0.03, real=0.07 secs]
2014-07-28T04:05:07.357+0000: 351.038: [GC2014-07-28T04:05:07.358+0000: 351.039: [ParNew: 92160K->10240K(92160K), 0.0758510 secs] 9103011K->9046586K(20961280K), 0.0779390 secs] [Times: user=0.42 sys=0.03, real=0.08 secs]
2014-07-28T04:05:07.742+0000: 351.423: [GC2014-07-28T04:05:07.743+0000: 351.424: [ParNew: 92152K->10240K(92160K), 0.0717470 secs] 9128499K->9072370K(20961280K), 0.0738250 secs] [Times: user=0.40 sys=0.03, real=0.07 secs]
2014-07-28T04:05:08.569+0000: 352.250: [GC2014-07-28T04:05:08.570+0000: 352.251: [ParNew: 92160K->10240K(92160K), 0.0732890 secs] 9154290K->9097843K(20961280K), 0.0753820 secs] [Times: user=0.40 sys=0.05, real=0.08 secs]
2014-07-28T04:05:09.010+0000: 352.691: [GC2014-07-28T04:05:09.011+0000: 352.692: [ParNew: 92154K->10240K(92160K), 0.0741800 secs] 9179757K->9122784K(20961280K), 0.0762650 secs] [Times: user=0.43 sys=0.02, real=0.07 secs]
2014-07-28T04:05:09.520+0000: 353.201: [GC2014-07-28T04:05:09.521+0000: 353.202: [ParNew: 92160K->10240K(92160K), 0.0764710 secs] 9204704K->9148536K(20961280K), 0.0785540 secs] [Times: user=0.37 sys=0.06, real=0.08 secs]
2014-07-28T04:05:10.252+0000: 353.933: [GC2014-07-28T04:05:10.253+0000: 353.934: [ParNew: 92160K->10240K(92160K), 0.0719890 secs] 9230456K->9173729K(20961280K), 0.0741210 secs] [Times: user=0.42 sys=0.04, real=0.07 secs]
2014-07-28T04:05:10.960+0000: 354.642: [GC2014-07-28T04:05:10.961+0000: 354.643: [ParNew: 92160K->10240K(92160K), 0.0759940 secs] 9255649K->9199475K(20961280K), 0.0781130 secs] [Times: user=0.44 sys=0.04, real=0.08 secs]
2014-07-28T04:05:11.593+0000: 355.274: [GC2014-07-28T04:05:11.594+0000: 355.276: [ParNew: 92152K->10240K(92160K), 0.0739200 secs] 9281387K->9225018K(20961280K), 0.0760580 secs] [Times: user=0.45 sys=0.03, real=0.08 secs]
2014-07-28T04:05:12.200+0000: 355.881: [GC2014-07-28T04:05:12.201+0000: 355.882: [ParNew: 92152K->10240K(92160K), 0.0728750 secs] 9306931K->9250347K(20961280K), 0.0749630 secs] [Times: user=0.40 sys=0.05, real=0.08 secs]
2014-07-28T04:05:12.833+0000: 356.514: [GC2014-07-28T04:05:12.834+0000: 356.515: [ParNew: 92157K->10240K(92160K), 0.0797200 secs] 9332264K->9276680K(20961280K), 0.0819690 secs] [Times: user=0.38 sys=0.05, real=0.08 secs]
2014-07-28T04:05:13.418+0000: 357.100: [GC2014-07-28T04:05:13.420+0000: 357.101: [ParNew: 92160K->10240K(92160K), 0.0725620 secs] 9358600K->9301554K(20961280K), 0.0746560 secs] [Times: user=0.43 sys=0.05, real=0.08 secs]
2014-07-28T04:05:14.086+0000: 357.767: [GC2014-07-28T04:05:14.087+0000: 357.768: [ParNew: 92159K->10240K(92160K), 0.0743120 secs] 9383473K->9327299K(20961280K), 0.0764360 secs] [Times: user=0.41 sys=0.04, real=0.08 secs]
2014-07-28T04:05:14.668+0000: 358.350: [GC2014-07-28T04:05:14.669+0000: 358.351: [ParNew: 92160K->10240K(92160K), 0.0729460 secs] 9409219K->9352728K(20961280K), 0.0750120 secs] [Times: user=0.41 sys=0.04, real=0.08 secs]
2014-07-28T04:05:15.245+0000: 358.926: [GC2014-07-28T04:05:15.246+0000: 358.927: [ParNew: 92160K->10240K(92160K), 0.0723190 secs] 9434648K->9377787K(20961280K), 0.0743900 secs] [Times: user=0.43 sys=0.02, real=0.08 secs]
2014-07-28T04:05:16.088+0000: 359.769: [GC2014-07-28T04:05:16.089+0000: 359.770: [ParNew: 92160K->10240K(92160K), 0.0736050 secs] 9459707K->9404107K(20961280K), 0.0756930 secs] [Times: user=0.40 sys=0.05, real=0.08 secs]
2014-07-28T04:05:16.632+0000: 360.313: [GC2014-07-28T04:05:16.633+0000: 360.314: [ParNew: 92154K->10240K(92160K), 0.0720440 secs] 9486022K->9428977K(20961280K), 0.0741810 secs] [Times: user=0.42 sys=0.04, real=0.07 secs]
2014-07-28T04:05:17.259+0000: 360.940: [GC2014-07-28T04:05:17.260+0000: 360.941: [ParNew: 92160K->10240K(92160K), 0.0758650 secs] 9510897K->9454562K(20961280K), 0.0779980 secs] [Times: user=0.44 sys=0.04, real=0.08 secs]
2014-07-28T04:05:17.833+0000: 361.514: [GC2014-07-28T04:05:17.834+0000: 361.515: [ParNew: 92151K->10240K(92160K), 0.0721340 secs] 9536474K->9480214K(20961280K), 0.0742600 secs] [Times: user=0.38 sys=0.05, real=0.07 secs]
2014-07-28T04:05:18.447+0000: 362.128: [GC2014-07-28T04:05:18.448+0000: 362.129: [ParNew: 92160K->10240K(92160K), 0.0739220 secs] 9562134K->9505144K(20961280K), 0.0759950 secs] [Times: user=0.43 sys=0.04, real=0.08 secs]
2014-07-28T04:05:19.063+0000: 362.745: [GC2014-07-28T04:05:19.064+0000: 362.746: [ParNew: 92159K->10240K(92160K), 0.0745440 secs] 9587063K->9530055K(20961280K), 0.0766070 secs] [Times: user=0.41 sys=0.06, real=0.08 secs]
2014-07-28T04:05:19.613+0000: 363.295: [GC2014-07-28T04:05:19.615+0000: 363.296: [ParNew: 92160K->10240K(92160K), 0.0750610 secs] 9611975K->9555405K(20961280K), 0.0771710 secs] [Times: user=0.41 sys=0.03, real=0.08 secs]
2014-07-28T04:05:20.309+0000: 363.990: [GC2014-07-28T04:05:20.310+0000: 363.991: [ParNew: 92156K->10240K(92160K), 0.1167370 secs] 9637322K->9580373K(20961280K), 0.1188360 secs] [Times: user=0.40 sys=0.05, real=0.12 secs]
2014-07-28T04:05:21.057+0000: 364.738: [GC2014-07-28T04:05:21.058+0000: 364.739: [ParNew: 92158K->10240K(92160K), 0.0813050 secs] 9662291K->9606446K(20961280K), 0.0834590 secs] [Times: user=0.41 sys=0.06, real=0.09 secs]
2014-07-28T04:05:21.686+0000: 365.367: [GC2014-07-28T04:05:21.687+0000: 365.368: [ParNew: 92160K->10240K(92160K), 0.0852090 secs] 9688366K->9631510K(20961280K), 0.0872930 secs] [Times: user=0.46 sys=0.02, real=0.09 secs]
2014-07-28T04:05:22.252+0000: 365.934: [GC2014-07-28T04:05:22.254+0000: 365.935: [ParNew: 92160K->10240K(92160K), 0.0711310 secs] 9713430K->9656217K(20961280K), 0.0732590 secs] [Times: user=0.38 sys=0.05, real=0.07 secs]
2014-07-28T04:05:22.937+0000: 366.618: [GC2014-07-28T04:05:22.938+0000: 366.619: [ParNew: 92159K->10240K(92160K), 0.0763530 secs] 9738137K->9683569K(20961280K), 0.0784660 secs] [Times: user=0.41 sys=0.07, real=0.08 secs]
2014-07-28T04:05:23.420+0000: 367.101: [GC2014-07-28T04:05:23.421+0000: 367.102: [ParNew: 92160K->10240K(92160K), 0.0727650 secs] 9765489K->9707348K(20961280K), 0.0748640 secs] [Times: user=0.42 sys=0.03, real=0.07 secs]
2014-07-28T04:05:24.180+0000: 367.861: [GC2014-07-28T04:05:24.181+0000: 367.862: [ParNew: 92148K->10240K(92160K), 0.0754760 secs] 9789257K->9732755K(20961280K), 0.0775430 secs] [Times: user=0.44 sys=0.02, real=0.08 secs]
2014-07-28T04:05:24.760+0000: 368.442: [GC2014-07-28T04:05:24.761+0000: 368.443: [ParNew: 92160K->10240K(92160K), 0.0716100 secs] 9814675K->9757858K(20961280K), 0.0736840 secs] [Times: user=0.39 sys=0.06, real=0.07 secs]
2014-07-28T04:05:25.330+0000: 369.012: [GC2014-07-28T04:05:25.331+0000: 369.013: [ParNew: 92148K->10240K(92160K), 0.0727700 secs] 9839766K->9783110K(20961280K), 0.0748550 secs] [Times: user=0.44 sys=0.04, real=0.07 secs]
2014-07-28T04:05:26.185+0000: 369.866: [GC2014-07-28T04:05:26.186+0000: 369.867: [ParNew: 92160K->10240K(92160K), 0.0737450 secs] 9865030K->9810167K(20961280K), 0.0758570 secs] [Times: user=0.40 sys=0.04, real=0.08 secs]
2014-07-28T04:05:26.673+0000: 370.355: [GC2014-07-28T04:05:26.674+0000: 370.356: [ParNew: 92160K->10240K(92160K), 0.0681160 secs] 9892087K->9834078K(20961280K), 0.0702260 secs] [Times: user=0.39 sys=0.04, real=0.07 secs]
2014-07-28T04:05:27.352+0000: 371.033: [GC2014-07-28T04:05:27.353+0000: 371.034: [ParNew: 92160K->10240K(92160K), 0.0722300 secs] 9915998K->9859351K(20961280K), 0.0743330 secs] [Times: user=0.43 sys=0.02, real=0.07 secs]
2014-07-28T04:05:27.827+0000: 371.509: [GC2014-07-28T04:05:27.828+0000: 371.510: [ParNew: 92160K->10240K(92160K), 0.0790350 secs] 9941271K->9884618K(20961280K), 0.0810980 secs] [Times: user=0.44 sys=0.03, real=0.09 secs]
2014-07-28T04:05:28.492+0000: 372.173: [GC2014-07-28T04:05:28.493+0000: 372.174: [ParNew: 92154K->10240K(92160K), 0.0716480 secs] 9966532K->9909621K(20961280K), 0.0737240 secs] [Times: user=0.42 sys=0.02, real=0.07 secs]
2014-07-28T04:05:29.106+0000: 372.788: [GC2014-07-28T04:05:29.108+0000: 372.789: [ParNew: 92160K->10240K(92160K), 0.0749870 secs] 9991541K->9934974K(20961280K), 0.0770930 secs] [Times: user=0.44 sys=0.04, real=0.08 secs]
2014-07-28T04:05:29.601+0000: 373.282: [GC2014-07-28T04:05:29.602+0000: 373.283: [ParNew: 92160K->10240K(92160K), 0.0735980 secs] 10016894K->9961237K(20961280K), 0.0757090 secs] [Times: user=0.44 sys=0.03, real=0.08 secs]
2014-07-28T04:05:30.336+0000: 374.017: [GC2014-07-28T04:05:30.337+0000: 374.018: [ParNew: 92160K->10240K(92160K), 0.0736370 secs] 10043157K->9987024K(20961280K), 0.0757110 secs] [Times: user=0.44 sys=0.03, real=0.08 secs]
2014-07-28T04:05:31.056+0000: 374.738: [GC2014-07-28T04:05:31.057+0000: 374.739: [ParNew: 92160K->10240K(92160K), 0.0725650 secs] 10068944K->10011581K(20961280K), 0.0746910 secs] [Times: user=0.43 sys=0.04, real=0.08 secs]
2014-07-28T04:05:31.678+0000: 375.360: [GC2014-07-28T04:05:31.679+0000: 375.361: [ParNew: 92158K->10240K(92160K), 0.0782330 secs] 10093499K->10037935K(20961280K), 0.0803310 secs] [Times: user=0.45 sys=0.04, real=0.08 secs]
2014-07-28T04:05:32.277+0000: 375.959: [GC2014-07-28T04:05:32.278+0000: 375.960: [ParNew: 92160K->10240K(92160K), 0.0730660 secs] 10119855K->10064422K(20961280K), 0.0752170 secs] [Times: user=0.39 sys=0.04, real=0.08 secs]
2014-07-28T04:05:33.031+0000: 376.712: [GC2014-07-28T04:05:33.032+0000: 376.713: [ParNew: 92160K->10240K(92160K), 0.0705300 secs] 10146342K->10087720K(20961280K), 0.0726690 secs] [Times: user=0.41 sys=0.04, real=0.07 secs]
2014-07-28T04:05:33.423+0000: 377.104: [GC2014-07-28T04:05:33.424+0000: 377.105: [ParNew: 92160K->10240K(92160K), 0.0774370 secs] 10169640K->10115049K(20961280K), 0.0795240 secs] [Times: user=0.41 sys=0.06, real=0.08 secs]
2014-07-28T04:05:34.137+0000: 377.819: [GC2014-07-28T04:05:34.138+0000: 377.820: [ParNew: 92156K->10240K(92160K), 0.0691780 secs] 10196965K->10139504K(20961280K), 0.0712920 secs] [Times: user=0.40 sys=0.04, real=0.08 secs]
2014-07-28T04:05:34.689+0000: 378.370: [GC2014-07-28T04:05:34.690+0000: 378.371: [ParNew: 92160K->10240K(92160K), 0.0717840 secs] 10221424K->10165366K(20961280K), 0.0738800 secs] [Times: user=0.41 sys=0.03, real=0.08 secs]
2014-07-28T04:05:35.308+0000: 378.989: [GC2014-07-28T04:05:35.309+0000: 378.990: [ParNew: 92160K->10240K(92160K), 0.1042630 secs] 10247286K->10193439K(20961280K), 0.1064240 secs] [Times: user=0.56 sys=0.06, real=0.11 secs]
2014-07-28T04:05:36.171+0000: 379.853: [GC2014-07-28T04:05:36.172+0000: 379.854: [ParNew: 92158K->10240K(92160K), 0.0788860 secs] 10275357K->10216855K(20961280K), 0.0810220 secs] [Times: user=0.42 sys=0.04, real=0.08 secs]
2014-07-28T04:05:36.673+0000: 380.354: [GC2014-07-28T04:05:36.674+0000: 380.355: [ParNew: 92160K->10240K(92160K), 0.0843910 secs] 10298775K->10244765K(20961280K), 0.0868180 secs] [Times: user=0.44 sys=0.03, real=0.09 secs]
2014-07-28T04:05:37.257+0000: 380.939: [GC2014-07-28T04:05:37.258+0000: 380.940: [ParNew: 92160K->10240K(92160K), 0.0754640 secs] 10326685K->10271738K(20961280K), 0.0776260 secs] [Times: user=0.42 sys=0.04, real=0.08 secs]
2014-07-28T04:05:37.820+0000: 381.501: [GC2014-07-28T04:05:37.821+0000: 381.503: [ParNew: 92160K->10240K(92160K), 0.0720520 secs] 10353658K->10294513K(20961280K), 0.0741990 secs] [Times: user=0.41 sys=0.04, real=0.07 secs]
2014-07-28T04:05:38.481+0000: 382.163: [GC2014-07-28T04:05:38.482+0000: 382.164: [ParNew: 92160K->10240K(92160K), 0.0793690 secs] 10376433K->10321385K(20961280K), 0.0815700 secs] [Times: user=0.38 sys=0.05, real=0.08 secs]
2014-07-28T04:05:39.110+0000: 382.791: [GC2014-07-28T04:05:39.111+0000: 382.792: [ParNew: 92160K->10240K(92160K), 0.0732310 secs] 10403305K->10347797K(20961280K), 0.0754360 secs] [Times: user=0.38 sys=0.05, real=0.08 secs]
2014-07-28T04:05:39.599+0000: 383.280: [GC2014-07-28T04:05:39.600+0000: 383.281: [ParNew: 92160K->10240K(92160K), 0.0712890 secs] 10429717K->10372640K(20961280K), 0.0733960 secs] [Times: user=0.36 sys=0.07, real=0.07 secs]
2014-07-28T04:05:40.367+0000: 384.048: [GC2014-07-28T04:05:40.368+0000: 384.050: [ParNew: 92160K->10240K(92160K), 0.0713210 secs] 10454560K->10398383K(20961280K), 0.0734240 secs] [Times: user=0.39 sys=0.05, real=0.08 secs]
2014-07-28T04:05:41.087+0000: 384.768: [GC2014-07-28T04:05:41.088+0000: 384.770: [ParNew: 92160K->10240K(92160K), 0.0734800 secs] 10480303K->10424319K(20961280K), 0.0755830 secs] [Times: user=0.39 sys=0.05, real=0.08 secs]
2014-07-28T04:05:41.721+0000: 385.402: [GC2014-07-28T04:05:41.722+0000: 385.403: [ParNew: 92159K->10240K(92160K), 0.0745040 secs] 10506239K->10448623K(20961280K), 0.0765890 secs] [Times: user=0.46 sys=0.03, real=0.08 secs]
2014-07-28T04:05:42.367+0000: 386.048: [GC2014-07-28T04:05:42.368+0000: 386.049: [ParNew: 92160K->10240K(92160K), 0.0739760 secs] 10530543K->10474452K(20961280K), 0.0760780 secs] [Times: user=0.43 sys=0.04, real=0.08 secs]
2014-07-28T04:05:42.969+0000: 386.650: [GC2014-07-28T04:05:42.970+0000: 386.652: [ParNew: 92160K->10240K(92160K), 0.0989590 secs] 10556372K->10503372K(20961280K), 0.1014740 secs] [Times: user=0.46 sys=0.03, real=0.11 secs]
2014-07-28T04:05:43.519+0000: 387.201: [GC2014-07-28T04:05:43.520+0000: 387.202: [ParNew: 92160K->10240K(92160K), 0.0681440 secs] 10585292K->10527209K(20961280K), 0.0702250 secs] [Times: user=0.41 sys=0.03, real=0.07 secs]
2014-07-28T04:05:44.136+0000: 387.817: [GC2014-07-28T04:05:44.137+0000: 387.819: [ParNew: 92160K->10240K(92160K), 0.0709080 secs] 10609129K->10552145K(20961280K), 0.0730200 secs] [Times: user=0.40 sys=0.04, real=0.08 secs]
2014-07-28T04:05:44.711+0000: 388.393: [GC2014-07-28T04:05:44.712+0000: 388.394: [ParNew: 92158K->10240K(92160K), 0.0718490 secs] 10634064K->10577382K(20961280K), 0.0739140 secs] [Times: user=0.40 sys=0.05, real=0.07 secs]
2014-07-28T04:05:45.439+0000: 389.120: [GC2014-07-28T04:05:45.440+0000: 389.121: [ParNew: 92160K->10240K(92160K), 0.0788250 secs] 10659302K->10606661K(20961280K), 0.0809500 secs] [Times: user=0.43 sys=0.06, real=0.08 secs]
2014-07-28T04:05:46.267+0000: 389.949: [GC2014-07-28T04:05:46.268+0000: 389.950: [ParNew: 92160K->10240K(92160K), 0.0691140 secs] 10688581K->10629508K(20961280K), 0.0712290 secs] [Times: user=0.39 sys=0.05, real=0.08 secs]
2014-07-28T04:05:46.790+0000: 390.471: [GC2014-07-28T04:05:46.791+0000: 390.472: [ParNew: 92160K->10240K(92160K), 0.0814860 secs] 10711428K->10659359K(20961280K), 0.0835980 secs] [Times: user=0.42 sys=0.05, real=0.09 secs]
2014-07-28T04:05:47.413+0000: 391.094: [GC2014-07-28T04:05:47.414+0000: 391.095: [ParNew: 92160K->10240K(92160K), 0.0662790 secs] 10741279K->10681914K(20961280K), 0.0683830 secs] [Times: user=0.38 sys=0.05, real=0.07 secs]
2014-07-28T04:05:47.909+0000: 391.590: [GC2014-07-28T04:05:47.910+0000: 391.591: [ParNew: 92156K->10240K(92160K), 0.0726270 secs] 10763830K->10706682K(20961280K), 0.0747230 secs] [Times: user=0.41 sys=0.04, real=0.07 secs]
2014-07-28T04:05:48.586+0000: 392.267: [GC2014-07-28T04:05:48.587+0000: 392.268: [ParNew: 92160K->10240K(92160K), 0.0774600 secs] 10788602K->10734118K(20961280K), 0.0795410 secs] [Times: user=0.41 sys=0.07, real=0.09 secs]
2014-07-28T04:05:49.216+0000: 392.897: [GC2014-07-28T04:05:49.217+0000: 392.898: [ParNew: 92160K->10240K(92160K), 0.0762890 secs] 10816038K->10761217K(20961280K), 0.0784390 secs] [Times: user=0.45 sys=0.04, real=0.08 secs]
2014-07-28T04:05:49.696+0000: 393.378: [GC2014-07-28T04:05:49.697+0000: 393.379: [ParNew: 92160K->10240K(92160K), 0.0731890 secs] 10843137K->10786180K(20961280K), 0.0752470 secs] [Times: user=0.44 sys=0.02, real=0.08 secs]
2014-07-28T04:05:50.467+0000: 394.149: [GC2014-07-28T04:05:50.468+0000: 394.150: [ParNew: 92160K->10240K(92160K), 0.0885600 secs] 10868100K->10812833K(20961280K), 0.0907900 secs] [Times: user=0.43 sys=0.05, real=0.09 secs]
2014-07-28T04:05:51.188+0000: 394.869: [GC2014-07-28T04:05:51.189+0000: 394.870: [ParNew: 92160K->10240K(92160K), 0.0887360 secs] 10894753K->10839489K(20961280K), 0.0908280 secs] [Times: user=0.51 sys=0.04, real=0.09 secs]
2014-07-28T04:05:51.822+0000: 395.503: [GC2014-07-28T04:05:51.823+0000: 395.504: [ParNew: 92159K->10240K(92160K), 0.0821260 secs] 10921408K->10864235K(20961280K), 0.0842360 secs] [Times: user=0.43 sys=0.05, real=0.09 secs]
2014-07-28T04:05:52.501+0000: 396.182: [GC2014-07-28T04:05:52.502+0000: 396.183: [ParNew: 92146K->10240K(92160K), 0.0707660 secs] 10946141K->10889262K(20961280K), 0.0728790 secs] [Times: user=0.42 sys=0.03, real=0.07 secs]
2014-07-28T04:05:53.108+0000: 396.789: [GC2014-07-28T04:05:53.109+0000: 396.790: [ParNew: 92160K->10240K(92160K), 0.0820330 secs] 10971182K->10919036K(20961280K), 0.0841120 secs] [Times: user=0.42 sys=0.05, real=0.08 secs]
2014-07-28T04:05:53.648+0000: 397.330: [GC2014-07-28T04:05:53.649+0000: 397.331: [ParNew: 92153K->10240K(92160K), 0.0699260 secs] 11000950K->10941417K(20961280K), 0.0721590 secs] [Times: user=0.42 sys=0.04, real=0.07 secs]
2014-07-28T04:05:54.228+0000: 397.909: [GC2014-07-28T04:05:54.229+0000: 397.910: [ParNew: 92160K->10240K(92160K), 0.0737800 secs] 11023337K->10966880K(20961280K), 0.0758540 secs] [Times: user=0.42 sys=0.04, real=0.07 secs]
2014-07-28T04:05:54.800+0000: 398.481: [GC2014-07-28T04:05:54.801+0000: 398.482: [ParNew: 92156K->10240K(92160K), 0.0713020 secs] 11048797K->10991805K(20961280K), 0.0733620 secs] [Times: user=0.39 sys=0.04, real=0.07 secs]
2014-07-28T04:05:55.587+0000: 399.268: [GC2014-07-28T04:05:55.588+0000: 399.269: [ParNew: 92157K->10240K(92160K), 0.0750690 secs] 11073722K->11018152K(20961280K), 0.0771690 secs] [Times: user=0.43 sys=0.04, real=0.07 secs]
2014-07-28T04:05:56.361+0000: 400.042: [GC2014-07-28T04:05:56.362+0000: 400.043: [ParNew: 92153K->10240K(92160K), 0.0714430 secs] 11100066K->11043152K(20961280K), 0.0735330 secs] [Times: user=0.40 sys=0.05, real=0.07 secs]
2014-07-28T04:05:56.940+0000: 400.622: [GC2014-07-28T04:05:56.941+0000: 400.623: [ParNew: 92160K->10240K(92160K), 0.0798620 secs] 11125072K->11069692K(20961280K), 0.0820480 secs] [Times: user=0.42 sys=0.05, real=0.08 secs]
2014-07-28T04:05:57.504+0000: 401.186: [GC2014-07-28T04:05:57.505+0000: 401.187: [ParNew: 92160K->10240K(92160K), 0.0743010 secs] 11151612K->11096408K(20961280K), 0.0763860 secs] [Times: user=0.41 sys=0.05, real=0.08 secs]
2014-07-28T04:05:57.873+0000: 401.555: [GC2014-07-28T04:05:57.874+0000: 401.556: [ParNew: 92160K->10240K(92160K), 0.0723810 secs] 11178328K->11120204K(20961280K), 0.0745200 secs] [Times: user=0.42 sys=0.04, real=0.08 secs]
2014-07-28T04:05:58.722+0000: 402.403: [GC2014-07-28T04:05:58.723+0000: 402.404: [ParNew: 92160K->10240K(92160K), 0.0753280 secs] 11202124K->11146119K(20961280K), 0.0774400 secs] [Times: user=0.41 sys=0.05, real=0.08 secs]
2014-07-28T04:05:59.325+0000: 403.006: [GC2014-07-28T04:05:59.326+0000: 403.007: [ParNew: 92160K->10240K(92160K), 0.0754790 secs] 11228039K->11173164K(20961280K), 0.0775770 secs] [Times: user=0.42 sys=0.05, real=0.08 secs]
2014-07-28T04:05:59.794+0000: 403.475: [GC2014-07-28T04:05:59.795+0000: 403.476: [ParNew: 92160K->10240K(92160K), 0.0729740 secs] 11255084K->11198382K(20961280K), 0.0750760 secs] [Times: user=0.41 sys=0.04, real=0.08 secs]
2014-07-28T04:06:00.582+0000: 404.263: [GC2014-07-28T04:06:00.583+0000: 404.264: [ParNew: 92160K->10240K(92160K), 0.0734230 secs] 11280302K->11224447K(20961280K), 0.0754900 secs] [Times: user=0.39 sys=0.07, real=0.08 secs]
2014-07-28T04:06:01.304+0000: 404.985: [GC2014-07-28T04:06:01.305+0000: 404.986: [ParNew: 92160K->10240K(92160K), 0.0726780 secs] 11306367K->11250589K(20961280K), 0.0748300 secs] [Times: user=0.41 sys=0.05, real=0.08 secs]
2014-07-28T04:06:01.924+0000: 405.606: [GC2014-07-28T04:06:01.925+0000: 405.607: [ParNew: 92158K->10240K(92160K), 0.0773910 secs] 11332507K->11275915K(20961280K), 0.0795350 secs] [Times: user=0.46 sys=0.02, real=0.08 secs]
2014-07-28T04:06:02.394+0000: 406.076: [GC2014-07-28T04:06:02.395+0000: 406.077: [ParNew: 92160K->10240K(92160K), 0.0773740 secs] 11357835K->11301204K(20961280K), 0.0795100 secs] [Times: user=0.43 sys=0.04, real=0.08 secs]
2014-07-28T04:06:03.232+0000: 406.913: [GC2014-07-28T04:06:03.233+0000: 406.914: [ParNew: 92160K->10240K(92160K), 0.0804360 secs] 11383124K->11329695K(20961280K), 0.0826140 secs] [Times: user=0.43 sys=0.05, real=0.08 secs]
2014-07-28T04:06:03.736+0000: 407.418: [GC2014-07-28T04:06:03.737+0000: 407.419: [ParNew: 92147K->10240K(92160K), 0.0710690 secs] 11411602K->11352359K(20961280K), 0.0731460 secs] [Times: user=0.43 sys=0.04, real=0.08 secs]
2014-07-28T04:06:04.233+0000: 407.914: [GC2014-07-28T04:06:04.234+0000: 407.915: [ParNew: 92154K->10240K(92160K), 0.0734650 secs] 11434274K->11377256K(20961280K), 0.0755320 secs] [Times: user=0.42 sys=0.03, real=0.08 secs]
2014-07-28T04:06:04.758+0000: 408.439: [GC2014-07-28T04:06:04.759+0000: 408.440: [ParNew: 92160K->10240K(92160K), 0.0783650 secs] 11459176K->11403050K(20961280K), 0.0804900 secs] [Times: user=0.42 sys=0.05, real=0.08 secs]
2014-07-28T04:06:05.684+0000: 409.365: [GC2014-07-28T04:06:05.685+0000: 409.366: [ParNew: 92160K->10240K(92160K), 0.0779040 secs] 11484970K->11428843K(20961280K), 0.0800060 secs] [Times: user=0.41 sys=0.05, real=0.08 secs]
2014-07-28T04:06:06.314+0000: 409.996: [GC2014-07-28T04:06:06.315+0000: 409.997: [ParNew: 92157K->10240K(92160K), 0.0751540 secs] 11510761K->11453988K(20961280K), 0.0772190 secs] [Times: user=0.41 sys=0.05, real=0.08 secs]
2014-07-28T04:06:07.045+0000: 410.726: [GC2014-07-28T04:06:07.046+0000: 410.728: [ParNew: 92160K->10240K(92160K), 0.0750300 secs] 11535908K->11481496K(20961280K), 0.0772090 secs] [Times: user=0.40 sys=0.08, real=0.08 secs]
2014-07-28T04:06:07.607+0000: 411.289: [GC2014-07-28T04:06:07.608+0000: 411.290: [ParNew: 92160K->10240K(92160K), 0.0669200 secs] 11563416K->11507308K(20961280K), 0.0689950 secs] [Times: user=0.37 sys=0.04, real=0.07 secs]
2014-07-28T04:06:07.913+0000: 411.594: [GC2014-07-28T04:06:07.914+0000: 411.595: [ParNew: 92160K->10240K(92160K), 0.0700210 secs] 11589228K->11531620K(20961280K), 0.0721330 secs] [Times: user=0.41 sys=0.03, real=0.08 secs]
2014-07-28T04:06:08.822+0000: 412.504: [GC2014-07-28T04:06:08.824+0000: 412.505: [ParNew: 92157K->10240K(92160K), 0.0803240 secs] 11613538K->11557230K(20961280K), 0.0828080 secs] [Times: user=0.38 sys=0.06, real=0.09 secs]
2014-07-28T04:06:09.445+0000: 413.126: [GC2014-07-28T04:06:09.446+0000: 413.127: [ParNew: 92160K->10240K(92160K), 0.0840770 secs] 11639150K->11584131K(20961280K), 0.0861740 secs] [Times: user=0.43 sys=0.04, real=0.09 secs]
2014-07-28T04:06:09.892+0000: 413.573: [GC2014-07-28T04:06:09.893+0000: 413.574: [ParNew: 92160K->10240K(92160K), 0.0726820 secs] 11666051K->11608913K(20961280K), 0.0747700 secs] [Times: user=0.43 sys=0.03, real=0.08 secs]
2014-07-28T04:06:10.716+0000: 414.397: [GC2014-07-28T04:06:10.717+0000: 414.398: [ParNew: 92153K->10240K(92160K), 0.0736240 secs] 11690827K->11634658K(20961280K), 0.0756960 secs] [Times: user=0.43 sys=0.04, real=0.08 secs]
2014-07-28T04:06:11.409+0000: 415.091: [GC2014-07-28T04:06:11.410+0000: 415.092: [ParNew: 92160K->10240K(92160K), 0.0765350 secs] 11716578K->11660690K(20961280K), 0.0786240 secs] [Times: user=0.43 sys=0.04, real=0.08 secs]
2014-07-28T04:06:11.874+0000: 415.555: [GC2014-07-28T04:06:11.875+0000: 415.556: [ParNew: 92159K->10240K(92160K), 0.0717030 secs] 11742610K->11685490K(20961280K), 0.0738010 secs] [Times: user=0.39 sys=0.04, real=0.08 secs]
2014-07-28T04:06:12.491+0000: 416.172: [GC2014-07-28T04:06:12.492+0000: 416.173: [ParNew: 92160K->10240K(92160K), 0.0746980 secs] 11767410K->11711541K(20961280K), 0.0767520 secs] [Times: user=0.39 sys=0.08, real=0.08 secs]
2014-07-28T04:06:13.351+0000: 417.032: [GC2014-07-28T04:06:13.352+0000: 417.033: [ParNew: 92160K->10240K(92160K), 0.0778640 secs] 11793461K->11739684K(20961280K), 0.0800890 secs] [Times: user=0.42 sys=0.06, real=0.08 secs]
2014-07-28T04:06:13.623+0000: 417.305: [GC2014-07-28T04:06:13.624+0000: 417.306: [ParNew: 92157K->10240K(92160K), 0.0669650 secs] 11821602K->11762729K(20961280K), 0.0690600 secs] [Times: user=0.38 sys=0.04, real=0.07 secs]
2014-07-28T04:06:14.321+0000: 418.003: [GC2014-07-28T04:06:14.322+0000: 418.004: [ParNew: 92160K->10240K(92160K), 0.0722830 secs] 11844649K->11788240K(20961280K), 0.0743800 secs] [Times: user=0.40 sys=0.07, real=0.07 secs]
2014-07-28T04:06:14.856+0000: 418.537: [GC2014-07-28T04:06:14.857+0000: 418.538: [ParNew: 92160K->10240K(92160K), 0.0713170 secs] 11870160K->11813627K(20961280K), 0.0733990 secs] [Times: user=0.41 sys=0.04, real=0.08 secs]
2014-07-28T04:06:15.793+0000: 419.475: [GC2014-07-28T04:06:15.794+0000: 419.476: [ParNew: 92160K->10240K(92160K), 0.0677300 secs] 11895547K->11839145K(20961280K), 0.0698630 secs] [Times: user=0.34 sys=0.06, real=0.07 secs]
2014-07-28T04:06:16.408+0000: 420.089: [GC2014-07-28T04:06:16.409+0000: 420.091: [ParNew: 92154K->10240K(92160K), 0.0767210 secs] 11921060K->11864763K(20961280K), 0.0788470 secs] [Times: user=0.43 sys=0.05, real=0.08 secs]
2014-07-28T04:06:17.179+0000: 420.860: [GC2014-07-28T04:06:17.180+0000: 420.862: [ParNew: 92160K->10240K(92160K), 0.0731430 secs] 11946683K->11891637K(20961280K), 0.0753260 secs] [Times: user=0.42 sys=0.06, real=0.07 secs]
2014-07-28T04:06:17.703+0000: 421.384: [GC2014-07-28T04:06:17.704+0000: 421.385: [ParNew: 92160K->10240K(92160K), 0.0715490 secs] 11973557K->11917156K(20961280K), 0.0736150 secs] [Times: user=0.42 sys=0.03, real=0.08 secs]
2014-07-28T04:06:17.995+0000: 421.677: [GC2014-07-28T04:06:17.996+0000: 421.678: [ParNew: 92156K->10240K(92160K), 0.0766630 secs] 11999072K->11942442K(20961280K), 0.0787460 secs] [Times: user=0.43 sys=0.05, real=0.08 secs]
2014-07-28T04:06:18.925+0000: 422.606: [GC2014-07-28T04:06:18.926+0000: 422.607: [ParNew: 92160K->10240K(92160K), 0.0709960 secs] 12024362K->11967579K(20961280K), 0.0730790 secs] [Times: user=0.39 sys=0.03, real=0.08 secs]
2014-07-28T04:06:19.574+0000: 423.256: [GC2014-07-28T04:06:19.575+0000: 423.257: [ParNew: 92160K->10240K(92160K), 0.1234140 secs] 12049499K->11994062K(20961280K), 0.1260210 secs] [Times: user=0.65 sys=0.05, real=0.12 secs]
2014-07-28T04:06:19.992+0000: 423.673: [GC2014-07-28T04:06:19.993+0000: 423.674: [ParNew: 92147K->10240K(92160K), 0.0709450 secs] 12075969K->12019281K(20961280K), 0.0730060 secs] [Times: user=0.39 sys=0.05, real=0.08 secs]
2014-07-28T04:06:20.816+0000: 424.497: [GC2014-07-28T04:06:20.817+0000: 424.498: [ParNew: 92160K->10240K(92160K), 0.0727550 secs] 12101201K->12044900K(20961280K), 0.0748660 secs] [Times: user=0.44 sys=0.02, real=0.07 secs]
2014-07-28T04:06:21.545+0000: 425.226: [GC2014-07-28T04:06:21.546+0000: 425.227: [ParNew: 92160K->10240K(92160K), 0.0748450 secs] 12126820K->12070748K(20961280K), 0.0769270 secs] [Times: user=0.43 sys=0.04, real=0.08 secs]
2014-07-28T04:06:21.997+0000: 425.679: [GC2014-07-28T04:06:21.998+0000: 425.680: [ParNew: 92157K->10240K(92160K), 0.0712610 secs] 12152665K->12095867K(20961280K), 0.0734080 secs] [Times: user=0.39 sys=0.03, real=0.07 secs]
2014-07-28T04:06:22.622+0000: 426.303: [GC2014-07-28T04:06:22.623+0000: 426.304: [ParNew: 92160K->10240K(92160K), 0.0736020 secs] 12177787K->12121405K(20961280K), 0.0757450 secs] [Times: user=0.40 sys=0.07, real=0.08 secs]
2014-07-28T04:06:23.469+0000: 427.151: [GC2014-07-28T04:06:23.471+0000: 427.152: [ParNew: 92160K->10240K(92160K), 0.0784060 secs] 12203325K->12149063K(20961280K), 0.0805470 secs] [Times: user=0.41 sys=0.05, real=0.08 secs]
2014-07-28T04:06:23.706+0000: 427.388: [GC2014-07-28T04:06:23.707+0000: 427.389: [ParNew: 92160K->10240K(92160K), 0.0691620 secs] 12230983K->12172840K(20961280K), 0.0712720 secs] [Times: user=0.39 sys=0.07, real=0.07 secs]
2014-07-28T04:06:24.448+0000: 428.129: [GC2014-07-28T04:06:24.449+0000: 428.130: [ParNew: 92158K->10240K(92160K), 0.0721320 secs] 12254758K->12197894K(20961280K), 0.0741910 secs] [Times: user=0.43 sys=0.02, real=0.07 secs]
2014-07-28T04:06:24.979+0000: 428.660: [GC2014-07-28T04:06:24.980+0000: 428.661: [ParNew: 92147K->10240K(92160K), 0.0739390 secs] 12279801K->12223014K(20961280K), 0.0760590 secs] [Times: user=0.43 sys=0.04, real=0.08 secs]
2014-07-28T04:06:25.889+0000: 429.570: [GC2014-07-28T04:06:25.890+0000: 429.571: [ParNew: 92160K->10240K(92160K), 0.0686380 secs] 12304934K->12248451K(20961280K), 0.0706860 secs] [Times: user=0.37 sys=0.04, real=0.07 secs]
2014-07-28T04:06:26.508+0000: 430.189: [GC2014-07-28T04:06:26.509+0000: 430.190: [ParNew: 92160K->10240K(92160K), 0.0720900 secs] 12330371K->12274064K(20961280K), 0.0741660 secs] [Times: user=0.34 sys=0.08, real=0.07 secs]
2014-07-28T04:06:27.288+0000: 430.969: [GC2014-07-28T04:06:27.289+0000: 430.970: [ParNew: 92160K->10240K(92160K), 0.0743080 secs] 12355984K->12300948K(20961280K), 0.0763980 secs] [Times: user=0.39 sys=0.06, real=0.07 secs]
2014-07-28T04:06:27.806+0000: 431.488: [GC2014-07-28T04:06:27.807+0000: 431.489: [ParNew: 92160K->10240K(92160K), 0.0728500 secs] 12382868K->12326402K(20961280K), 0.0749130 secs] [Times: user=0.41 sys=0.06, real=0.07 secs]
2014-07-28T04:06:28.092+0000: 431.774: [GC2014-07-28T04:06:28.093+0000: 431.775: [ParNew: 92160K->10240K(92160K), 0.0725060 secs] 12408322K->12351172K(20961280K), 0.0746040 secs] [Times: user=0.42 sys=0.03, real=0.08 secs]
2014-07-28T04:06:29.017+0000: 432.699: [GC2014-07-28T04:06:29.018+0000: 432.700: [ParNew: 92148K->10240K(92160K), 0.0690040 secs] 12433081K->12376183K(20961280K), 0.0711170 secs] [Times: user=0.37 sys=0.04, real=0.07 secs]
2014-07-28T04:06:29.750+0000: 433.431: [GC2014-07-28T04:06:29.751+0000: 433.432: [ParNew: 92159K->10240K(92160K), 0.0785470 secs] 12458103K->12402379K(20961280K), 0.0806410 secs] [Times: user=0.44 sys=0.06, real=0.08 secs]
2014-07-28T04:06:30.083+0000: 433.765: [GC2014-07-28T04:06:30.084+0000: 433.766: [ParNew: 92160K->10240K(92160K), 0.0701750 secs] 12484299K->12427156K(20961280K), 0.0722680 secs] [Times: user=0.36 sys=0.07, real=0.08 secs]
2014-07-28T04:06:30.909+0000: 434.590: [GC2014-07-28T04:06:30.910+0000: 434.592: [ParNew: 92152K->10240K(92160K), 0.0692400 secs] 12509069K->12451965K(20961280K), 0.0714030 secs] [Times: user=0.38 sys=0.03, real=0.07 secs]
2014-07-28T04:06:31.651+0000: 435.332: [GC2014-07-28T04:06:31.652+0000: 435.333: [ParNew: 92146K->10240K(92160K), 0.0714660 secs] 12533872K->12477041K(20961280K), 0.0735260 secs] [Times: user=0.40 sys=0.03, real=0.07 secs]
2014-07-28T04:06:31.959+0000: 435.640: [GC2014-07-28T04:06:31.960+0000: 435.641: [ParNew: 92156K->10240K(92160K), 0.0707270 secs] 12558957K->12502604K(20961280K), 0.0727850 secs] [Times: user=0.40 sys=0.04, real=0.07 secs]
2014-07-28T04:06:32.539+0000: 436.220: [GC2014-07-28T04:06:32.540+0000: 436.221: [ParNew: 92154K->10240K(92160K), 0.0691120 secs] 12584518K->12527647K(20961280K), 0.0712640 secs] [Times: user=0.38 sys=0.05, real=0.07 secs]
2014-07-28T04:06:33.594+0000: 437.275: [GC2014-07-28T04:06:33.595+0000: 437.276: [ParNew: 92160K->10240K(92160K), 0.0730020 secs] 12609567K->12554167K(20961280K), 0.0750810 secs] [Times: user=0.38 sys=0.05, real=0.07 secs]
2014-07-28T04:06:33.800+0000: 437.482: [GC2014-07-28T04:06:33.802+0000: 437.483: [ParNew: 92158K->10240K(92160K), 0.0702880 secs] 12636085K->12579951K(20961280K), 0.0724000 secs] [Times: user=0.39 sys=0.04, real=0.08 secs]
2014-07-28T04:06:34.343+0000: 438.025: [GC2014-07-28T04:06:34.344+0000: 438.026: [ParNew: 92160K->10240K(92160K), 0.0729300 secs] 12661871K->12605654K(20961280K), 0.0750800 secs] [Times: user=0.40 sys=0.04, real=0.08 secs]
2014-07-28T04:06:34.838+0000: 438.520: [GC2014-07-28T04:06:34.839+0000: 438.521: [ParNew: 92160K->10240K(92160K), 0.0723140 secs] 12687574K->12631453K(20961280K), 0.0744150 secs] [Times: user=0.42 sys=0.04, real=0.08 secs]
2014-07-28T04:06:35.590+0000: 439.272: [GC2014-07-28T04:06:35.592+0000: 439.273: [ParNew: 92157K->10240K(92160K), 0.1234010 secs] 12713371K->12656168K(20961280K), 0.1257810 secs] [Times: user=0.41 sys=0.05, real=0.13 secs]
2014-07-28T04:06:36.423+0000: 440.105: [GC2014-07-28T04:06:36.424+0000: 440.106: [ParNew: 92160K->10240K(92160K), 0.0729210 secs] 12738088K->12682809K(20961280K), 0.0750440 secs] [Times: user=0.39 sys=0.05, real=0.08 secs]
2014-07-28T04:06:37.016+0000: 440.698: [GC2014-07-28T04:06:37.018+0000: 440.699: [ParNew: 92144K->10240K(92160K), 0.0681730 secs] 12764713K->12706610K(20961280K), 0.0702520 secs] [Times: user=0.39 sys=0.03, real=0.07 secs]
2014-07-28T04:06:37.564+0000: 441.246: [GC2014-07-28T04:06:37.565+0000: 441.247: [ParNew: 92154K->10240K(92160K), 0.0712930 secs] 12788525K->12731766K(20961280K), 0.0733680 secs] [Times: user=0.41 sys=0.04, real=0.08 secs]
2014-07-28T04:06:38.050+0000: 441.731: [GC2014-07-28T04:06:38.051+0000: 441.732: [ParNew: 92160K->10240K(92160K), 0.0830800 secs] 12813686K->12760665K(20961280K), 0.0852720 secs] [Times: user=0.39 sys=0.05, real=0.09 secs]
2014-07-28T04:06:38.599+0000: 442.280: [GC2014-07-28T04:06:38.600+0000: 442.281: [ParNew: 92160K->10240K(92160K), 0.0673430 secs] 12842585K->12783011K(20961280K), 0.0694720 secs] [Times: user=0.41 sys=0.04, real=0.07 secs]
2014-07-28T04:06:39.358+0000: 443.039: [GC2014-07-28T04:06:39.359+0000: 443.040: [ParNew: 92160K->10240K(92160K), 0.0738820 secs] 12864931K->12809469K(20961280K), 0.0759700 secs] [Times: user=0.42 sys=0.05, real=0.08 secs]
2014-07-28T04:06:40.003+0000: 443.684: [GC2014-07-28T04:06:40.004+0000: 443.685: [ParNew: 92160K->10240K(92160K), 0.0751600 secs] 12891389K->12838249K(20961280K), 0.0772670 secs] [Times: user=0.41 sys=0.04, real=0.08 secs]
2014-07-28T04:06:40.621+0000: 444.302: [GC2014-07-28T04:06:40.622+0000: 444.303: [ParNew: 92160K->10240K(92160K), 0.0699660 secs] 12920169K->12862795K(20961280K), 0.0720730 secs] [Times: user=0.41 sys=0.04, real=0.08 secs]
2014-07-28T04:06:41.338+0000: 445.019: [GC2014-07-28T04:06:41.339+0000: 445.020: [ParNew: 92160K->10240K(92160K), 0.0715590 secs] 12944715K->12888452K(20961280K), 0.0736680 secs] [Times: user=0.42 sys=0.03, real=0.07 secs]
2014-07-28T04:06:41.978+0000: 445.659: [GC2014-07-28T04:06:41.979+0000: 445.660: [ParNew: 92160K->10240K(92160K), 0.0698890 secs] 12970372K->12913500K(20961280K), 0.0720430 secs] [Times: user=0.37 sys=0.06, real=0.07 secs]
2014-07-28T04:06:42.544+0000: 446.226: [GC2014-07-28T04:06:42.545+0000: 446.227: [ParNew: 92159K->10240K(92160K), 0.0707800 secs] 12995420K->12940385K(20961280K), 0.0728850 secs] [Times: user=0.40 sys=0.04, real=0.08 secs]
2014-07-28T04:06:43.275+0000: 446.957: [GC2014-07-28T04:06:43.277+0000: 446.958: [ParNew: 92157K->10240K(92160K), 0.0704590 secs] 13022303K->12964253K(20961280K), 0.0725570 secs] [Times: user=0.42 sys=0.02, real=0.07 secs]
2014-07-28T04:06:43.899+0000: 447.581: [GC2014-07-28T04:06:43.901+0000: 447.582: [ParNew: 92160K->10240K(92160K), 0.0784410 secs] 13046173K->12991850K(20961280K), 0.0808870 secs] [Times: user=0.40 sys=0.06, real=0.08 secs]
2014-07-28T04:06:44.434+0000: 448.115: [GC2014-07-28T04:06:44.435+0000: 448.116: [ParNew: 92160K->10240K(92160K), 0.0683160 secs] 13073770K->13016312K(20961280K), 0.0704370 secs] [Times: user=0.39 sys=0.04, real=0.07 secs]
2014-07-28T04:06:44.928+0000: 448.610: [GC2014-07-28T04:06:44.929+0000: 448.611: [ParNew: 92160K->10240K(92160K), 0.0700110 secs] 13098232K->13041473K(20961280K), 0.0720800 secs] [Times: user=0.41 sys=0.04, real=0.07 secs]
2014-07-28T04:06:45.627+0000: 449.308: [GC2014-07-28T04:06:45.628+0000: 449.309: [ParNew: 92159K->10240K(92160K), 0.0722720 secs] 13123393K->13067042K(20961280K), 0.0743910 secs] [Times: user=0.41 sys=0.04, real=0.07 secs]
2014-07-28T04:06:46.517+0000: 450.198: [GC2014-07-28T04:06:46.518+0000: 450.199: [ParNew: 92160K->10240K(92160K), 0.0755020 secs] 13148962K->13092939K(20961280K), 0.0775900 secs] [Times: user=0.40 sys=0.05, real=0.08 secs]
2014-07-28T04:06:46.980+0000: 450.662: [GC2014-07-28T04:06:46.981+0000: 450.663: [ParNew: 92160K->10240K(92160K), 0.0726360 secs] 13174859K->13119320K(20961280K), 0.0747950 secs] [Times: user=0.40 sys=0.04, real=0.08 secs]
2014-07-28T04:06:47.594+0000: 451.276: [GC2014-07-28T04:06:47.595+0000: 451.277: [ParNew: 92160K->10240K(92160K), 0.0715420 secs] 13201240K->13144131K(20961280K), 0.0736430 secs] [Times: user=0.42 sys=0.03, real=0.07 secs]
2014-07-28T04:06:48.169+0000: 451.850: [GC2014-07-28T04:06:48.170+0000: 451.851: [ParNew: 92160K->10240K(92160K), 0.0809070 secs] 13226051K->13174024K(20961280K), 0.0830130 secs] [Times: user=0.42 sys=0.04, real=0.08 secs]
2014-07-28T04:06:48.580+0000: 452.262: [GC2014-07-28T04:06:48.581+0000: 452.263: [ParNew: 92156K->10240K(92160K), 0.0627570 secs] 13255941K->13195961K(20961280K), 0.0648560 secs] [Times: user=0.36 sys=0.04, real=0.07 secs]
2014-07-28T04:06:49.449+0000: 453.130: [GC2014-07-28T04:06:49.450+0000: 453.131: [ParNew: 92160K->10240K(92160K), 0.0718390 secs] 13277881K->13220982K(20961280K), 0.0739390 secs] [Times: user=0.39 sys=0.06, real=0.07 secs]
2014-07-28T04:06:50.115+0000: 453.796: [GC2014-07-28T04:06:50.116+0000: 453.797: [ParNew: 92160K->10240K(92160K), 0.0764430 secs] 13302902K->13250828K(20961280K), 0.0785440 secs] [Times: user=0.42 sys=0.03, real=0.08 secs]
2014-07-28T04:06:50.717+0000: 454.398: [GC2014-07-28T04:06:50.718+0000: 454.399: [ParNew: 92160K->10240K(92160K), 0.0661360 secs] 13332748K->13275110K(20961280K), 0.0682200 secs] [Times: user=0.41 sys=0.01, real=0.07 secs]
2014-07-28T04:06:51.435+0000: 455.116: [GC2014-07-28T04:06:51.436+0000: 455.117: [ParNew: 92160K->10240K(92160K), 0.0716160 secs] 13357030K->13301236K(20961280K), 0.0737070 secs] [Times: user=0.41 sys=0.04, real=0.07 secs]
2014-07-28T04:06:52.073+0000: 455.754: [GC2014-07-28T04:06:52.074+0000: 455.755: [ParNew: 92160K->10240K(92160K), 0.0708950 secs] 13383156K->13326840K(20961280K), 0.0730050 secs] [Times: user=0.40 sys=0.05, real=0.08 secs]
2014-07-28T04:06:52.642+0000: 456.323: [GC2014-07-28T04:06:52.643+0000: 456.324: [ParNew: 92160K->10240K(92160K), 0.0851240 secs] 13408760K->13354160K(20961280K), 0.0872470 secs] [Times: user=0.43 sys=0.04, real=0.09 secs]
2014-07-28T04:06:53.360+0000: 457.041: [GC2014-07-28T04:06:53.361+0000: 457.042: [ParNew: 92160K->10240K(92160K), 0.0685680 secs] 13436080K->13377632K(20961280K), 0.0706620 secs] [Times: user=0.40 sys=0.03, real=0.07 secs]
2014-07-28T04:06:54.041+0000: 457.723: [GC2014-07-28T04:06:54.042+0000: 457.724: [ParNew: 92147K->10240K(92160K), 0.0695510 secs] 13459539K->13402778K(20961280K), 0.0716800 secs] [Times: user=0.38 sys=0.07, real=0.08 secs]
2014-07-28T04:06:54.440+0000: 458.121: [GC2014-07-28T04:06:54.441+0000: 458.122: [ParNew: 92152K->10240K(92160K), 0.0686690 secs] 13484690K->13428077K(20961280K), 0.0708590 secs] [Times: user=0.38 sys=0.03, real=0.07 secs]
2014-07-28T04:06:54.931+0000: 458.613: [GC2014-07-28T04:06:54.932+0000: 458.614: [ParNew: 92160K->10240K(92160K), 0.0669310 secs] 13509997K->13453740K(20961280K), 0.0690180 secs] [Times: user=0.36 sys=0.05, real=0.08 secs]
2014-07-28T04:06:55.677+0000: 459.358: [GC2014-07-28T04:06:55.678+0000: 459.359: [ParNew: 92158K->10240K(92160K), 0.0807880 secs] 13535658K->13478570K(20961280K), 0.0829090 secs] [Times: user=0.39 sys=0.03, real=0.08 secs]
2014-07-28T04:06:56.518+0000: 460.199: [GC2014-07-28T04:06:56.519+0000: 460.200: [ParNew: 92160K->10240K(92160K), 0.0710270 secs] 13560490K->13503861K(20961280K), 0.0731460 secs] [Times: user=0.41 sys=0.02, real=0.07 secs]
2014-07-28T04:06:57.076+0000: 460.758: [GC2014-07-28T04:06:57.077+0000: 460.759: [ParNew: 92160K->10240K(92160K), 0.0725280 secs] 13585781K->13531301K(20961280K), 0.0746110 secs] [Times: user=0.42 sys=0.03, real=0.07 secs]
2014-07-28T04:06:57.686+0000: 461.368: [GC2014-07-28T04:06:57.687+0000: 461.369: [ParNew: 92160K->10240K(92160K), 0.0724670 secs] 13613221K->13556177K(20961280K), 0.0745370 secs] [Times: user=0.41 sys=0.04, real=0.08 secs]
2014-07-28T04:06:58.316+0000: 461.997: [GC2014-07-28T04:06:58.317+0000: 461.998: [ParNew: 92160K->10240K(92160K), 0.0747700 secs] 13638097K->13583578K(20961280K), 0.0769130 secs] [Times: user=0.41 sys=0.02, real=0.08 secs]
2014-07-28T04:06:58.663+0000: 462.345: [GC2014-07-28T04:06:58.664+0000: 462.346: [ParNew: 92160K->10240K(92160K), 0.0638400 secs] 13665498K->13607457K(20961280K), 0.0659140 secs] [Times: user=0.34 sys=0.05, real=0.06 secs]
2014-07-28T04:06:59.399+0000: 463.080: [GC2014-07-28T04:06:59.400+0000: 463.081: [ParNew: 92144K->10240K(92160K), 0.0728130 secs] 13689361K->13632276K(20961280K), 0.0748700 secs] [Times: user=0.43 sys=0.02, real=0.08 secs]
2014-07-28T04:07:00.258+0000: 463.940: [GC2014-07-28T04:07:00.259+0000: 463.941: [ParNew: 92160K->10240K(92160K), 0.0736570 secs] 13714196K->13660416K(20961280K), 0.0757830 secs] [Times: user=0.38 sys=0.05, real=0.08 secs]
2014-07-28T04:07:00.845+0000: 464.527: [GC2014-07-28T04:07:00.846+0000: 464.528: [ParNew: 92148K->10240K(92160K), 0.0623140 secs] 13742324K->13684457K(20961280K), 0.0644660 secs] [Times: user=0.35 sys=0.05, real=0.06 secs]
2014-07-28T04:07:01.571+0000: 465.253: [GC2014-07-28T04:07:01.572+0000: 465.254: [ParNew: 92160K->10240K(92160K), 0.0724770 secs] 13766377K->13710236K(20961280K), 0.0746410 secs] [Times: user=0.40 sys=0.05, real=0.08 secs]
2014-07-28T04:07:02.178+0000: 465.859: [GC2014-07-28T04:07:02.179+0000: 465.861: [ParNew: 92149K->10240K(92160K), 0.0689010 secs] 13792146K->13735616K(20961280K), 0.0709830 secs] [Times: user=0.36 sys=0.07, real=0.07 secs]
2014-07-28T04:07:02.791+0000: 466.473: [GC2014-07-28T04:07:02.793+0000: 466.474: [ParNew: 92160K->10240K(92160K), 0.0697340 secs] 13817536K->13761753K(20961280K), 0.0718140 secs] [Times: user=0.38 sys=0.03, real=0.08 secs]
2014-07-28T04:07:03.363+0000: 467.044: [GC2014-07-28T04:07:03.364+0000: 467.045: [ParNew: 92160K->10240K(92160K), 0.0704830 secs] 13843673K->13786939K(20961280K), 0.0725460 secs] [Times: user=0.35 sys=0.06, real=0.07 secs]
2014-07-28T04:07:03.972+0000: 467.653: [GC2014-07-28T04:07:03.973+0000: 467.654: [ParNew: 92159K->10240K(92160K), 0.0766390 secs] 13868859K->13812024K(20961280K), 0.0788120 secs] [Times: user=0.37 sys=0.06, real=0.08 secs]
2014-07-28T04:07:04.526+0000: 468.207: [GC2014-07-28T04:07:04.527+0000: 468.208: [ParNew: 92160K->10240K(92160K), 0.0731710 secs] 13893944K->13837899K(20961280K), 0.0753700 secs] [Times: user=0.36 sys=0.06, real=0.08 secs]
2014-07-28T04:07:05.020+0000: 468.701: [GC2014-07-28T04:07:05.021+0000: 468.702: [ParNew: 92152K->10240K(92160K), 0.0786120 secs] 13919811K->13864462K(20961280K), 0.0807400 secs] [Times: user=0.39 sys=0.05, real=0.09 secs]
2014-07-28T04:07:05.769+0000: 469.450: [GC2014-07-28T04:07:05.770+0000: 469.451: [ParNew: 92160K->10240K(92160K), 0.0779180 secs] 13946382K->13889097K(20961280K), 0.0800010 secs] [Times: user=0.36 sys=0.05, real=0.08 secs]
2014-07-28T04:07:06.549+0000: 470.230: [GC2014-07-28T04:07:06.550+0000: 470.231: [ParNew: 92159K->10240K(92160K), 0.1076370 secs] 13971017K->13914473K(20961280K), 0.1100700 secs] [Times: user=0.38 sys=0.07, real=0.11 secs]
2014-07-28T04:07:07.211+0000: 470.893: [GC2014-07-28T04:07:07.213+0000: 470.894: [ParNew: 92160K->10240K(92160K), 0.0837100 secs] 13996393K->13940133K(20961280K), 0.0860150 secs] [Times: user=0.40 sys=0.06, real=0.09 secs]
2014-07-28T04:07:07.772+0000: 471.453: [GC2014-07-28T04:07:07.773+0000: 471.454: [ParNew: 92160K->10240K(92160K), 0.0818590 secs] 14022053K->13964844K(20961280K), 0.0839320 secs] [Times: user=0.39 sys=0.04, real=0.09 secs]
2014-07-28T04:07:08.430+0000: 472.112: [GC2014-07-28T04:07:08.431+0000: 472.113: [ParNew: 92150K->10240K(92160K), 0.0863610 secs] 14046754K->13992269K(20961280K), 0.0885820 secs] [Times: user=0.38 sys=0.05, real=0.09 secs]
2014-07-28T04:07:08.748+0000: 472.429: [GC2014-07-28T04:07:08.749+0000: 472.430: [ParNew: 92160K->10240K(92160K), 0.0979200 secs] 14074189K->14016788K(20961280K), 0.1000400 secs] [Times: user=0.44 sys=0.04, real=0.10 secs]
2014-07-28T04:07:09.439+0000: 473.121: [GC2014-07-28T04:07:09.440+0000: 473.122: [ParNew: 92155K->10240K(92160K), 0.0711690 secs] 14098703K->14041718K(20961280K), 0.0732390 secs] [Times: user=0.42 sys=0.03, real=0.08 secs]
2014-07-28T04:07:10.396+0000: 474.077: [GC2014-07-28T04:07:10.397+0000: 474.078: [ParNew: 92160K->10240K(92160K), 0.0732300 secs] 14123638K->14069056K(20961280K), 0.0753140 secs] [Times: user=0.37 sys=0.07, real=0.07 secs]
2014-07-28T04:07:10.936+0000: 474.617: [GC2014-07-28T04:07:10.937+0000: 474.619: [ParNew: 92159K->10240K(92160K), 0.0669260 secs] 14150975K->14093741K(20961280K), 0.0690390 secs] [Times: user=0.38 sys=0.04, real=0.07 secs]
2014-07-28T04:07:11.673+0000: 475.354: [GC2014-07-28T04:07:11.674+0000: 475.355: [ParNew: 92160K->10240K(92160K), 0.0714720 secs] 14175661K->14119527K(20961280K), 0.0736140 secs] [Times: user=0.41 sys=0.03, real=0.08 secs]
2014-07-28T04:07:12.273+0000: 475.954: [GC2014-07-28T04:07:12.274+0000: 475.955: [ParNew: 92160K->10240K(92160K), 0.0708570 secs] 14201447K->14145211K(20961280K), 0.0729190 secs] [Times: user=0.36 sys=0.05, real=0.08 secs]
2014-07-28T04:07:12.888+0000: 476.570: [GC2014-07-28T04:07:12.889+0000: 476.571: [ParNew: 92160K->10240K(92160K), 0.0698790 secs] 14227131K->14171069K(20961280K), 0.0719510 secs] [Times: user=0.38 sys=0.03, real=0.08 secs]
2014-07-28T04:07:13.456+0000: 477.138: [GC2014-07-28T04:07:13.457+0000: 477.139: [ParNew: 92160K->10240K(92160K), 0.0707620 secs] 14252989K->14197006K(20961280K), 0.0728730 secs] [Times: user=0.38 sys=0.04, real=0.07 secs]
2014-07-28T04:07:14.071+0000: 477.753: [GC2014-07-28T04:07:14.072+0000: 477.754: [ParNew: 92160K->10240K(92160K), 0.0719530 secs] 14278926K->14222633K(20961280K), 0.0740120 secs] [Times: user=0.40 sys=0.04, real=0.08 secs]
2014-07-28T04:07:14.655+0000: 478.336: [GC2014-07-28T04:07:14.656+0000: 478.337: [ParNew: 92146K->10240K(92160K), 0.0700470 secs] 14304539K->14247778K(20961280K), 0.0721260 secs] [Times: user=0.38 sys=0.04, real=0.07 secs]
2014-07-28T04:07:15.163+0000: 478.844: [GC2014-07-28T04:07:15.164+0000: 478.845: [ParNew: 92152K->10240K(92160K), 0.0689530 secs] 14329690K->14273739K(20961280K), 0.0710300 secs] [Times: user=0.36 sys=0.05, real=0.07 secs]
2014-07-28T04:07:15.914+0000: 479.595: [GC2014-07-28T04:07:15.915+0000: 479.596: [ParNew: 92160K->10240K(92160K), 0.0687020 secs] 14355659K->14298935K(20961280K), 0.0708200 secs] [Times: user=0.35 sys=0.06, real=0.08 secs]
2014-07-28T04:07:16.684+0000: 480.365: [GC2014-07-28T04:07:16.685+0000: 480.366: [ParNew: 92147K->10240K(92160K), 0.0688530 secs] 14380842K->14324403K(20961280K), 0.0709250 secs] [Times: user=0.36 sys=0.03, real=0.07 secs]
2014-07-28T04:07:17.330+0000: 481.011: [GC2014-07-28T04:07:17.331+0000: 481.012: [ParNew: 92160K->10240K(92160K), 0.0659720 secs] 14406323K->14349927K(20961280K), 0.0680720 secs] [Times: user=0.33 sys=0.06, real=0.07 secs]
2014-07-28T04:07:17.765+0000: 481.446: [GC2014-07-28T04:07:17.766+0000: 481.447: [ParNew: 92160K->10240K(92160K), 0.0711280 secs] 14431847K->14375071K(20961280K), 0.0732730 secs] [Times: user=0.39 sys=0.04, real=0.07 secs]
2014-07-28T04:07:18.572+0000: 482.253: [GC2014-07-28T04:07:18.573+0000: 482.254: [ParNew: 92160K->10240K(92160K), 0.0655520 secs] 14456991K->14401877K(20961280K), 0.0676700 secs] [Times: user=0.33 sys=0.07, real=0.07 secs]
2014-07-28T04:07:18.776+0000: 482.458: [GC2014-07-28T04:07:18.777+0000: 482.459: [ParNew: 92160K->10240K(92160K), 0.0672190 secs] 14483797K->14426540K(20961280K), 0.0693590 secs] [Times: user=0.38 sys=0.04, real=0.07 secs]
2014-07-28T04:07:19.527+0000: 483.208: [GC2014-07-28T04:07:19.528+0000: 483.209: [ParNew: 92160K->10240K(92160K), 0.0707550 secs] 14508460K->14452265K(20961280K), 0.0728270 secs] [Times: user=0.41 sys=0.04, real=0.07 secs]
2014-07-28T04:07:20.519+0000: 484.200: [GC2014-07-28T04:07:20.520+0000: 484.201: [ParNew: 92160K->10240K(92160K), 0.0723260 secs] 14534185K->14479748K(20961280K), 0.0743900 secs] [Times: user=0.37 sys=0.07, real=0.08 secs]
2014-07-28T04:07:21.025+0000: 484.706: [GC2014-07-28T04:07:21.026+0000: 484.707: [ParNew: 92154K->10240K(92160K), 0.0670680 secs] 14561662K->14503881K(20961280K), 0.0691720 secs] [Times: user=0.36 sys=0.05, real=0.07 secs]
2014-07-28T04:07:21.768+0000: 485.449: [GC2014-07-28T04:07:21.769+0000: 485.450: [ParNew: 92145K->10240K(92160K), 0.0693170 secs] 14585787K->14529218K(20961280K), 0.0713690 secs] [Times: user=0.40 sys=0.03, real=0.07 secs]
2014-07-28T04:07:22.366+0000: 486.048: [GC2014-07-28T04:07:22.367+0000: 486.049: [ParNew: 92157K->10240K(92160K), 0.0679840 secs] 14611135K->14554157K(20961280K), 0.0700860 secs] [Times: user=0.36 sys=0.05, real=0.07 secs]
2014-07-28T04:07:22.986+0000: 486.667: [GC2014-07-28T04:07:22.987+0000: 486.668: [ParNew: 92160K->10240K(92160K), 0.0668010 secs] 14636077K->14580093K(20961280K), 0.0688870 secs] [Times: user=0.36 sys=0.04, real=0.07 secs]
2014-07-28T04:07:23.552+0000: 487.233: [GC2014-07-28T04:07:23.553+0000: 487.234: [ParNew: 92160K->10240K(92160K), 0.0727260 secs] 14662013K->14605211K(20961280K), 0.0748420 secs] [Times: user=0.39 sys=0.03, real=0.07 secs]
2014-07-28T04:07:24.166+0000: 487.847: [GC2014-07-28T04:07:24.167+0000: 487.848: [ParNew: 92160K->10240K(92160K), 0.0701490 secs] 14687131K->14631053K(20961280K), 0.0722630 secs] [Times: user=0.36 sys=0.06, real=0.07 secs]
2014-07-28T04:07:24.590+0000: 488.271: [GC2014-07-28T04:07:24.591+0000: 488.272: [ParNew: 92154K->10240K(92160K), 0.0670340 secs] 14712967K->14655764K(20961280K), 0.0692430 secs] [Times: user=0.38 sys=0.03, real=0.07 secs]
2014-07-28T04:07:25.255+0000: 488.936: [GC2014-07-28T04:07:25.256+0000: 488.937: [ParNew: 92160K->10240K(92160K), 0.0678010 secs] 14737684K->14681390K(20961280K), 0.0698700 secs] [Times: user=0.37 sys=0.05, real=0.07 secs]
2014-07-28T04:07:25.823+0000: 489.504: [GC2014-07-28T04:07:25.824+0000: 489.505: [ParNew: 92160K->10240K(92160K), 0.0689200 secs] 14763310K->14706632K(20961280K), 0.0710260 secs] [Times: user=0.36 sys=0.05, real=0.07 secs]
2014-07-28T04:07:26.771+0000: 490.452: [GC2014-07-28T04:07:26.772+0000: 490.453: [ParNew: 92148K->10240K(92160K), 0.0659860 secs] 14788540K->14731577K(20961280K), 0.0680630 secs] [Times: user=0.38 sys=0.02, real=0.06 secs]
2014-07-28T04:07:27.239+0000: 490.921: [GC2014-07-28T04:07:27.240+0000: 490.922: [ParNew: 92160K->10240K(92160K), 0.0664490 secs] 14813497K->14756619K(20961280K), 0.0685220 secs] [Times: user=0.36 sys=0.03, real=0.07 secs]
2014-07-28T04:07:27.810+0000: 491.491: [GC2014-07-28T04:07:27.811+0000: 491.492: [ParNew: 92160K->10240K(92160K), 0.0720210 secs] 14838539K->14781725K(20961280K), 0.0741580 secs] [Times: user=0.39 sys=0.03, real=0.08 secs]
2014-07-28T04:07:28.683+0000: 492.365: [GC2014-07-28T04:07:28.684+0000: 492.366: [ParNew: 92160K->10240K(92160K), 0.0712690 secs] 14863645K->14808530K(20961280K), 0.0734380 secs] [Times: user=0.39 sys=0.04, real=0.07 secs]
2014-07-28T04:07:28.897+0000: 492.578: [GC2014-07-28T04:07:28.898+0000: 492.579: [ParNew: 92160K->10240K(92160K), 0.0688490 secs] 14890450K->14834453K(20961280K), 0.0709140 secs] [Times: user=0.37 sys=0.04, real=0.07 secs]
2014-07-28T04:07:29.657+0000: 493.339: [GC2014-07-28T04:07:29.658+0000: 493.340: [ParNew: 92151K->10240K(92160K), 0.0701660 secs] 14916364K->14858851K(20961280K), 0.0722760 secs] [Times: user=0.40 sys=0.04, real=0.08 secs]
2014-07-28T04:07:30.667+0000: 494.348: [GC2014-07-28T04:07:30.668+0000: 494.349: [ParNew: 92151K->10240K(92160K), 0.0702350 secs] 14940763K->14884838K(20961280K), 0.0723170 secs] [Times: user=0.37 sys=0.04, real=0.07 secs]
2014-07-28T04:07:30.876+0000: 494.558: [GC2014-07-28T04:07:30.877+0000: 494.559: [ParNew: 92160K->10240K(92160K), 0.0673340 secs] 14966758K->14909920K(20961280K), 0.0694020 secs] [Times: user=0.37 sys=0.05, real=0.07 secs]
2014-07-28T04:07:31.554+0000: 495.235: [GC2014-07-28T04:07:31.555+0000: 495.237: [ParNew: 92158K->10240K(92160K), 0.0691970 secs] 14991839K->14935339K(20961280K), 0.0712800 secs] [Times: user=0.38 sys=0.03, real=0.07 secs]
2014-07-28T04:07:32.182+0000: 495.864: [GC2014-07-28T04:07:32.183+0000: 495.865: [ParNew: 92160K->10240K(92160K), 0.0688760 secs] 15017259K->14961302K(20961280K), 0.0709330 secs] [Times: user=0.38 sys=0.04, real=0.07 secs]
2014-07-28T04:07:32.781+0000: 496.462: [GC2014-07-28T04:07:32.782+0000: 496.463: [ParNew: 92159K->10240K(92160K), 0.0707110 secs] 15043222K->14986939K(20961280K), 0.0727960 secs] [Times: user=0.38 sys=0.04, real=0.08 secs]
2014-07-28T04:07:33.453+0000: 497.135: [GC2014-07-28T04:07:33.454+0000: 497.136: [ParNew: 92152K->10240K(92160K), 0.0699230 secs] 15068852K->15012485K(20961280K), 0.0720090 secs] [Times: user=0.37 sys=0.04, real=0.07 secs]
2014-07-28T04:07:34.114+0000: 497.795: [GC2014-07-28T04:07:34.115+0000: 497.796: [ParNew: 92160K->10240K(92160K), 0.0718560 secs] 15094405K->15038832K(20961280K), 0.0739420 secs] [Times: user=0.38 sys=0.06, real=0.07 secs]
2014-07-28T04:07:34.574+0000: 498.255: [GC2014-07-28T04:07:34.575+0000: 498.256: [ParNew: 92145K->10240K(92160K), 0.0678970 secs] 15120737K->15063709K(20961280K), 0.0700560 secs] [Times: user=0.36 sys=0.07, real=0.07 secs]
2014-07-28T04:07:35.109+0000: 498.791: [GC2014-07-28T04:07:35.110+0000: 498.792: [ParNew: 92159K->10240K(92160K), 0.0706300 secs] 15145629K->15090702K(20961280K), 0.0727310 secs] [Times: user=0.34 sys=0.08, real=0.08 secs]
2014-07-28T04:07:35.781+0000: 499.462: [GC2014-07-28T04:07:35.782+0000: 499.463: [ParNew: 92159K->10240K(92160K), 0.0786120 secs] 15172622K->15114896K(20961280K), 0.0872860 secs] [Times: user=0.36 sys=0.07, real=0.10 secs]
2014-07-28T04:07:36.616+0000: 500.297: [GC2014-07-28T04:07:36.617+0000: 500.298: [ParNew: 92160K->10240K(92160K), 0.0673170 secs] 15196816K->15140497K(20961280K), 0.0693930 secs] [Times: user=0.36 sys=0.03, real=0.07 secs]
2014-07-28T04:07:37.147+0000: 500.828: [GC2014-07-28T04:07:37.148+0000: 500.829: [ParNew: 92158K->10240K(92160K), 0.0691390 secs] 15222416K->15165965K(20961280K), 0.0712560 secs] [Times: user=0.38 sys=0.03, real=0.07 secs]
2014-07-28T04:07:37.838+0000: 501.520: [GC2014-07-28T04:07:37.840+0000: 501.521: [ParNew: 92158K->10240K(92160K), 0.0856670 secs] 15247883K->15193104K(20961280K), 0.0879120 secs] [Times: user=0.37 sys=0.03, real=0.09 secs]
2014-07-28T04:07:38.367+0000: 502.049: [GC2014-07-28T04:07:38.368+0000: 502.050: [ParNew: 92155K->10240K(92160K), 0.0670100 secs] 15275019K->15217848K(20961280K), 0.0690950 secs] [Times: user=0.38 sys=0.04, real=0.07 secs]
2014-07-28T04:07:38.952+0000: 502.633: [GC2014-07-28T04:07:38.953+0000: 502.634: [ParNew: 92160K->10240K(92160K), 0.0707120 secs] 15299768K->15244039K(20961280K), 0.0727970 secs] [Times: user=0.39 sys=0.04, real=0.07 secs]
2014-07-28T04:07:39.556+0000: 503.237: [GC2014-07-28T04:07:39.557+0000: 503.239: [ParNew: 92158K->10240K(92160K), 0.0746350 secs] 15325958K->15272489K(20961280K), 0.0768580 secs] [Times: user=0.37 sys=0.07, real=0.08 secs]
2014-07-28T04:07:40.318+0000: 504.000: [GC2014-07-28T04:07:40.319+0000: 504.001: [ParNew: 92160K->10240K(92160K), 0.0740470 secs] 15354409K->15295644K(20961280K), 0.0761610 secs] [Times: user=0.34 sys=0.04, real=0.08 secs]
2014-07-28T04:07:40.938+0000: 504.619: [GC2014-07-28T04:07:40.939+0000: 504.620: [ParNew: 92160K->10240K(92160K), 0.0671560 secs] 15377564K->15321032K(20961280K), 0.0693530 secs] [Times: user=0.37 sys=0.03, real=0.07 secs]
2014-07-28T04:07:41.469+0000: 505.150: [GC2014-07-28T04:07:41.470+0000: 505.151: [ParNew: 92160K->10240K(92160K), 0.0697160 secs] 15402952K->15347640K(20961280K), 0.0718030 secs] [Times: user=0.39 sys=0.05, real=0.08 secs]
2014-07-28T04:07:42.206+0000: 505.887: [GC2014-07-28T04:07:42.207+0000: 505.889: [ParNew: 92160K->10240K(92160K), 0.0666390 secs] 15429560K->15373283K(20961280K), 0.0688200 secs] [Times: user=0.36 sys=0.05, real=0.07 secs]
2014-07-28T04:07:42.760+0000: 506.441: [GC2014-07-28T04:07:42.761+0000: 506.442: [ParNew: 92146K->10240K(92160K), 0.0679280 secs] 15455189K->15397659K(20961280K), 0.0699960 secs] [Times: user=0.38 sys=0.03, real=0.08 secs]
2014-07-28T04:07:43.312+0000: 506.993: [GC2014-07-28T04:07:43.313+0000: 506.994: [ParNew: 92160K->10240K(92160K), 0.0710170 secs] 15479579K->15423033K(20961280K), 0.0731150 secs] [Times: user=0.37 sys=0.04, real=0.07 secs]
2014-07-28T04:07:44.204+0000: 507.886: [GC2014-07-28T04:07:44.205+0000: 507.887: [ParNew: 92160K->10240K(92160K), 0.0694440 secs] 15504953K->15449207K(20961280K), 0.0715170 secs] [Times: user=0.37 sys=0.04, real=0.07 secs]
2014-07-28T04:07:44.511+0000: 508.193: [GC2014-07-28T04:07:44.512+0000: 508.194: [ParNew: 92160K->10240K(92160K), 0.0686200 secs] 15531127K->15474693K(20961280K), 0.0706970 secs] [Times: user=0.37 sys=0.06, real=0.07 secs]
2014-07-28T04:07:45.200+0000: 508.882: [GC2014-07-28T04:07:45.201+0000: 508.883: [ParNew: 92154K->10240K(92160K), 0.0675430 secs] 15556608K->15500110K(20961280K), 0.0696200 secs] [Times: user=0.37 sys=0.04, real=0.08 secs]
2014-07-28T04:07:45.777+0000: 509.458: [GC2014-07-28T04:07:45.778+0000: 509.459: [ParNew: 92156K->10240K(92160K), 0.0685570 secs] 15582026K->15526099K(20961280K), 0.0706500 secs] [Times: user=0.37 sys=0.04, real=0.07 secs]
2014-07-28T04:07:46.488+0000: 510.170: [GC2014-07-28T04:07:46.490+0000: 510.171: [ParNew: 92160K->10240K(92160K), 0.0682070 secs] 15608019K->15551445K(20961280K), 0.0703890 secs] [Times: user=0.37 sys=0.03, real=0.07 secs]
2014-07-28T04:07:47.114+0000: 510.796: [GC2014-07-28T04:07:47.115+0000: 510.797: [ParNew: 92160K->10240K(92160K), 0.0692510 secs] 15633365K->15576832K(20961280K), 0.0713920 secs] [Times: user=0.36 sys=0.05, real=0.07 secs]
2014-07-28T04:07:47.951+0000: 511.632: [GC2014-07-28T04:07:47.952+0000: 511.633: [ParNew: 92160K->10240K(92160K), 0.0732290 secs] 15658752K->15605144K(20961280K), 0.0753140 secs] [Times: user=0.38 sys=0.05, real=0.07 secs]
2014-07-28T04:07:48.455+0000: 512.136: [GC2014-07-28T04:07:48.456+0000: 512.137: [ParNew: 92160K->10240K(92160K), 0.0624070 secs] 15687064K->15629238K(20961280K), 0.0645320 secs] [Times: user=0.33 sys=0.04, real=0.06 secs]
2014-07-28T04:07:49.059+0000: 512.741: [GC2014-07-28T04:07:49.061+0000: 512.742: [ParNew: 92160K->10240K(92160K), 0.0754960 secs] 15711158K->15655584K(20961280K), 0.0780060 secs] [Times: user=0.41 sys=0.03, real=0.08 secs]
2014-07-28T04:07:49.672+0000: 513.353: [GC2014-07-28T04:07:49.673+0000: 513.354: [ParNew: 92160K->10240K(92160K), 0.0741940 secs] 15737504K->15685006K(20961280K), 0.0762990 secs] [Times: user=0.39 sys=0.04, real=0.07 secs]
2014-07-28T04:07:49.756+0000: 513.437: [GC [1 CMS-initial-mark: 15674766K(20869120K)] 15685413K(20961280K), 0.0161840 secs] [Times: user=0.01 sys=0.00, real=0.02 secs]
2014-07-28T04:07:49.777+0000: 513.458: [CMS-concurrent-mark-start]
2014-07-28T04:07:50.348+0000: 514.030: [CMS-concurrent-mark: 0.571/0.571 secs] [Times: user=1.56 sys=0.13, real=0.58 secs]
2014-07-28T04:07:50.353+0000: 514.034: [CMS-concurrent-preclean-start]
2014-07-28T04:07:50.420+0000: 514.101: [GC2014-07-28T04:07:50.421+0000: 514.102: [ParNew: 92160K->10240K(92160K), 0.0670790 secs] 15766926K->15708796K(20961280K), 0.0692200 secs] [Times: user=0.38 sys=0.03, real=0.08 secs]
2014-07-28T04:07:50.504+0000: 514.185: [CMS-concurrent-preclean: 0.065/0.151 secs] [Times: user=0.55 sys=0.07, real=0.15 secs]
2014-07-28T04:07:50.507+0000: 514.189: [CMS-concurrent-abortable-preclean-start]
2014-07-28T04:07:50.917+0000: 514.598: [CMS-concurrent-abortable-preclean: 0.291/0.410 secs] [Times: user=0.51 sys=0.10, real=0.41 secs]
2014-07-28T04:07:50.924+0000: 514.606: [GC[YG occupancy: 55621 K (92160 K)]2014-07-28T04:07:50.925+0000: 514.607: [Rescan (parallel) , 0.0168550 secs]2014-07-28T04:07:50.944+0000: 514.625: [weak refs processing, 1.3716250 secs]2014-07-28T04:07:52.315+0000: 515.997: [class unloading, 0.0030080 secs]2014-07-28T04:07:52.318+0000: 516.000: [scrub symbol table, 0.0018680 secs]2014-07-28T04:07:52.320+0000: 516.002: [scrub string table, 0.0004500 secs] [1 CMS-remark: 15698556K(20869120K)] 15754178K(20961280K), 1.4045930 secs] [Times: user=1.54 sys=0.00, real=1.41 secs]
2014-07-28T04:07:52.334+0000: 516.016: [CMS-concurrent-sweep-start]
2014-07-28T04:07:52.394+0000: 516.076: [GC2014-07-28T04:07:52.396+0000: 516.077: [ParNew: 92160K->10240K(92160K), 0.0808020 secs] 15743125K->15707211K(20961280K), 0.0830170 secs] [Times: user=0.49 sys=0.03, real=0.08 secs]
2014-07-28T04:07:52.622+0000: 516.304: [GC2014-07-28T04:07:52.624+0000: 516.305: [ParNew: 92160K->10240K(92160K), 0.0704220 secs] 15548173K->15508011K(20961280K), 0.0727050 secs] [Times: user=0.48 sys=0.03, real=0.07 secs]
2014-07-28T04:07:52.863+0000: 516.545: [GC2014-07-28T04:07:52.864+0000: 516.546: [ParNew: 92158K->10240K(92160K), 0.0563420 secs] 15292435K->15237724K(20961280K), 0.0585690 secs] [Times: user=0.39 sys=0.01, real=0.06 secs]
2014-07-28T04:07:53.319+0000: 517.000: [GC2014-07-28T04:07:53.320+0000: 517.001: [ParNew: 92160K->10240K(92160K), 0.0562290 secs] 14422263K->14370210K(20961280K), 0.0585500 secs] [Times: user=0.38 sys=0.01, real=0.06 secs]
2014-07-28T04:07:53.702+0000: 517.383: [GC2014-07-28T04:07:53.703+0000: 517.385: [ParNew: 92155K->10240K(92160K), 0.0559770 secs] 13808686K->13746033K(20961280K), 0.0581480 secs] [Times: user=0.38 sys=0.02, real=0.05 secs]
2014-07-28T04:07:54.335+0000: 518.017: [GC2014-07-28T04:07:54.336+0000: 518.018: [ParNew: 92159K->10240K(92160K), 0.0515700 secs] 12602709K->12546722K(20961280K), 0.0537260 secs] [Times: user=0.35 sys=0.01, real=0.06 secs]
2014-07-28T04:07:54.606+0000: 518.287: [GC2014-07-28T04:07:54.607+0000: 518.289: [ParNew: 92160K->10240K(92160K), 0.0470500 secs] 12201605K->12146268K(20961280K), 0.0491830 secs] [Times: user=0.32 sys=0.01, real=0.05 secs]
2014-07-28T04:07:55.306+0000: 518.987: [GC2014-07-28T04:07:55.307+0000: 518.989: [ParNew: 92160K->10240K(92160K), 0.0488860 secs] 10675105K->10617985K(20961280K), 0.0509820 secs] [Times: user=0.35 sys=0.00, real=0.06 secs]
2014-07-28T04:07:55.872+0000: 519.553: [GC2014-07-28T04:07:55.873+0000: 519.554: [ParNew: 92160K->10240K(92160K), 0.0476420 secs] 9427942K->9372911K(20961280K), 0.0497180 secs] [Times: user=0.33 sys=0.01, real=0.05 secs]
2014-07-28T04:07:56.386+0000: 520.067: [CMS-concurrent-sweep: 3.442/4.052 secs] [Times: user=11.43 sys=1.75, real=4.05 secs]
2014-07-28T04:07:56.389+0000: 520.071: [CMS-concurrent-reset-start]
2014-07-28T04:07:56.453+0000: 520.135: [CMS-concurrent-reset: 0.064/0.064 secs] [Times: user=0.14 sys=0.00, real=0.07 secs]
2014-07-28T04:07:56.579+0000: 520.261: [GC2014-07-28T04:07:56.580+0000: 520.262: [ParNew: 92155K->10240K(92160K), 0.0458950 secs] 8327155K->8271283K(20961280K), 0.0479800 secs] [Times: user=0.32 sys=0.01, real=0.04 secs]
2014-07-28T04:07:57.202+0000: 520.883: [GC2014-07-28T04:07:57.207+0000: 520.888: [ParNew: 92160K->10240K(92160K), 0.0490380 secs] 8353203K->8296259K(20961280K), 0.0549580 secs] [Times: user=0.34 sys=0.00, real=0.06 secs]
2014-07-28T04:07:58.089+0000: 521.771: [GC2014-07-28T04:07:58.091+0000: 521.772: [ParNew: 92159K->10240K(92160K), 0.0501720 secs] 8378179K->8322279K(20961280K), 0.0523000 secs] [Times: user=0.35 sys=0.00, real=0.06 secs]
2014-07-28T04:07:58.540+0000: 522.221: [GC2014-07-28T04:07:58.541+0000: 522.222: [ParNew: 92156K->10240K(92160K), 0.0484860 secs] 8404196K->8347405K(20961280K), 0.0505850 secs] [Times: user=0.32 sys=0.02, real=0.05 secs]
2014-07-28T04:07:59.166+0000: 522.848: [GC2014-07-28T04:07:59.167+0000: 522.849: [ParNew: 92160K->10240K(92160K), 0.0490350 secs] 8429325K->8373837K(20961280K), 0.0512410 secs] [Times: user=0.35 sys=0.00, real=0.06 secs]
2014-07-28T04:07:59.833+0000: 523.514: [GC2014-07-28T04:07:59.834+0000: 523.515: [ParNew: 92158K->10240K(92160K), 0.0503890 secs] 8455756K->8401295K(20961280K), 0.0524670 secs] [Times: user=0.33 sys=0.02, real=0.05 secs]
2014-07-28T04:08:00.517+0000: 524.198: [GC2014-07-28T04:08:00.518+0000: 524.199: [ParNew: 92160K->10240K(92160K), 0.0503680 secs] 8483215K->8425483K(20961280K), 0.0524560 secs] [Times: user=0.34 sys=0.01, real=0.06 secs]
2014-07-28T04:08:02.722+0000: 526.404: [GC2014-07-28T04:08:02.724+0000: 526.405: [ParNew: 92154K->10240K(92160K), 0.0505740 secs] 8507397K->8452586K(20961280K), 0.0526680 secs] [Times: user=0.34 sys=0.02, real=0.05 secs]
2014-07-28T04:08:02.889+0000: 526.570: [GC2014-07-28T04:08:02.890+0000: 526.571: [ParNew: 92160K->10240K(92160K), 0.0562690 secs] 8534506K->8484019K(20961280K), 0.0583940 secs] [Times: user=0.36 sys=0.02, real=0.06 secs]
2014-07-28T04:08:03.253+0000: 526.934: [GC2014-07-28T04:08:03.254+0000: 526.936: [ParNew: 92160K->10240K(92160K), 0.0492730 secs] 8565939K->8507024K(20961280K), 0.0514930 secs] [Times: user=0.33 sys=0.01, real=0.05 secs]
2014-07-28T04:08:03.503+0000: 527.185: [GC2014-07-28T04:08:03.504+0000: 527.186: [ParNew: 92157K->10240K(92160K), 0.0555750 secs] 8588941K->8534748K(20961280K), 0.0578220 secs] [Times: user=0.38 sys=0.01, real=0.06 secs]
2014-07-28T04:08:03.845+0000: 527.527: [GC2014-07-28T04:08:03.846+0000: 527.528: [ParNew: 92155K->10240K(92160K), 0.0573850 secs] 8616664K->8559818K(20961280K), 0.0594940 secs] [Times: user=0.40 sys=0.01, real=0.06 secs]
2014-07-28T04:08:04.453+0000: 528.134: [GC2014-07-28T04:08:04.454+0000: 528.136: [ParNew: 92160K->10240K(92160K), 0.0556590 secs] 8641738K->8584744K(20961280K), 0.0577970 secs] [Times: user=0.37 sys=0.01, real=0.06 secs]
2014-07-28T04:08:04.721+0000: 528.403: [GC2014-07-28T04:08:04.722+0000: 528.404: [ParNew: 92160K->10240K(92160K), 0.0545200 secs] 8666664K->8610801K(20961280K), 0.0566380 secs] [Times: user=0.34 sys=0.01, real=0.06 secs]
2014-07-28T04:08:05.421+0000: 529.102: [GC2014-07-28T04:08:05.422+0000: 529.103: [ParNew: 92160K->10240K(92160K), 0.0504040 secs] 8692721K->8635697K(20961280K), 0.0524890 secs] [Times: user=0.32 sys=0.00, real=0.05 secs]
2014-07-28T04:08:05.986+0000: 529.667: [GC2014-07-28T04:08:06.008+0000: 529.690: [ParNew: 92160K->10240K(92160K), 0.0526150 secs] 8717617K->8662556K(20961280K), 0.0764840 secs] [Times: user=0.34 sys=0.02, real=0.08 secs]
2014-07-28T04:08:06.691+0000: 530.372: [GC2014-07-28T04:08:06.692+0000: 530.373: [ParNew: 92160K->10240K(92160K), 0.0486170 secs] 8744476K->8687974K(20961280K), 0.0507310 secs] [Times: user=0.32 sys=0.01, real=0.05 secs]
2014-07-28T04:08:07.314+0000: 530.996: [GC2014-07-28T04:08:07.315+0000: 530.997: [ParNew: 92148K->10240K(92160K), 0.0497040 secs] 8769882K->8712929K(20961280K), 0.0518390 secs] [Times: user=0.34 sys=0.01, real=0.05 secs]
2014-07-28T04:08:08.209+0000: 531.890: [GC2014-07-28T04:08:08.210+0000: 531.891: [ParNew: 92160K->10240K(92160K), 0.0474390 secs] 8794849K->8738853K(20961280K), 0.0495530 secs] [Times: user=0.32 sys=0.01, real=0.06 secs]
2014-07-28T04:08:08.652+0000: 532.334: [GC2014-07-28T04:08:08.653+0000: 532.335: [ParNew: 92151K->10240K(92160K), 0.0503920 secs] 8820764K->8764124K(20961280K), 0.0524540 secs] [Times: user=0.34 sys=0.00, real=0.05 secs]
2014-07-28T04:08:09.289+0000: 532.971: [GC2014-07-28T04:08:09.291+0000: 532.972: [ParNew: 92160K->10240K(92160K), 0.0558650 secs] 8846044K->8789938K(20961280K), 0.0579940 secs] [Times: user=0.35 sys=0.00, real=0.06 secs]
2014-07-28T04:08:09.946+0000: 533.628: [GC2014-07-28T04:08:09.947+0000: 533.629: [ParNew: 92156K->10240K(92160K), 0.0520290 secs] 8871855K->8817779K(20961280K), 0.0541040 secs] [Times: user=0.35 sys=0.00, real=0.06 secs]
2014-07-28T04:08:10.633+0000: 534.314: [GC2014-07-28T04:08:10.634+0000: 534.315: [ParNew: 92156K->10240K(92160K), 0.0469370 secs] 8899696K->8841932K(20961280K), 0.0490400 secs] [Times: user=0.32 sys=0.01, real=0.05 secs]
2014-07-28T04:08:12.850+0000: 536.532: [GC2014-07-28T04:08:12.851+0000: 536.533: [ParNew: 92160K->10240K(92160K), 0.0490720 secs] 8923852K->8867664K(20961280K), 0.0511660 secs] [Times: user=0.33 sys=0.01, real=0.05 secs]
2014-07-28T04:08:13.031+0000: 536.713: [GC2014-07-28T04:08:13.032+0000: 536.714: [ParNew: 92159K->10240K(92160K), 0.0610240 secs] 8949584K->8900375K(20961280K), 0.0632180 secs] [Times: user=0.42 sys=0.01, real=0.06 secs]
2014-07-28T04:08:13.330+0000: 537.012: [GC2014-07-28T04:08:13.331+0000: 537.013: [ParNew: 92160K->10240K(92160K), 0.0463540 secs] 8982295K->8922596K(20961280K), 0.0484730 secs] [Times: user=0.30 sys=0.02, real=0.05 secs]
2014-07-28T04:08:13.596+0000: 537.277: [GC2014-07-28T04:08:13.597+0000: 537.279: [ParNew: 92159K->10240K(92160K), 0.0491410 secs] 9004516K->8951296K(20961280K), 0.0512230 secs] [Times: user=0.32 sys=0.02, real=0.05 secs]
2014-07-28T04:08:13.962+0000: 537.644: [GC2014-07-28T04:08:13.964+0000: 537.645: [ParNew: 92159K->10240K(92160K), 0.0468010 secs] 9033215K->8976280K(20961280K), 0.0489980 secs] [Times: user=0.33 sys=0.01, real=0.05 secs]
2014-07-28T04:08:14.576+0000: 538.258: [GC2014-07-28T04:08:14.577+0000: 538.259: [ParNew: 92151K->10240K(92160K), 0.0485050 secs] 9058192K->9002195K(20961280K), 0.0506110 secs] [Times: user=0.34 sys=0.01, real=0.05 secs]
2014-07-28T04:08:14.840+0000: 538.521: [GC2014-07-28T04:08:14.841+0000: 538.522: [ParNew: 92158K->10240K(92160K), 0.0503450 secs] 9084114K->9027686K(20961280K), 0.0524270 secs] [Times: user=0.37 sys=0.00, real=0.05 secs]
2014-07-28T04:08:15.483+0000: 539.164: [GC2014-07-28T04:08:15.484+0000: 539.165: [ParNew: 92160K->10240K(92160K), 0.0477780 secs] 9109606K->9052120K(20961280K), 0.0498440 secs] [Times: user=0.34 sys=0.01, real=0.05 secs]
2014-07-28T04:08:16.116+0000: 539.797: [GC2014-07-28T04:08:16.117+0000: 539.798: [ParNew: 92160K->10240K(92160K), 0.0492040 secs] 9134040K->9078386K(20961280K), 0.0512860 secs] [Times: user=0.32 sys=0.03, real=0.05 secs]
2014-07-28T04:08:16.770+0000: 540.452: [GC2014-07-28T04:08:16.771+0000: 540.453: [ParNew: 92151K->10240K(92160K), 0.0525050 secs] 9160298K->9103990K(20961280K), 0.0545610 secs] [Times: user=0.34 sys=0.01, real=0.05 secs]
2014-07-28T04:08:17.388+0000: 541.069: [GC2014-07-28T04:08:17.389+0000: 541.070: [ParNew: 92160K->10240K(92160K), 0.0502090 secs] 9185910K->9129461K(20961280K), 0.0522990 secs] [Times: user=0.35 sys=0.02, real=0.06 secs]
2014-07-28T04:08:18.289+0000: 541.971: [GC2014-07-28T04:08:18.291+0000: 541.972: [ParNew: 92158K->10240K(92160K), 0.0500010 secs] 9211379K->9155432K(20961280K), 0.0521230 secs] [Times: user=0.35 sys=0.00, real=0.06 secs]
2014-07-28T04:08:18.721+0000: 542.402: [GC2014-07-28T04:08:18.722+0000: 542.403: [ParNew: 92144K->10240K(92160K), 0.0499150 secs] 9237337K->9180253K(20961280K), 0.0519640 secs] [Times: user=0.35 sys=0.00, real=0.05 secs]
2014-07-28T04:08:19.383+0000: 543.065: [GC2014-07-28T04:08:19.385+0000: 543.066: [ParNew: 92143K->10240K(92160K), 0.0486780 secs] 9262157K->9205927K(20961280K), 0.0507810 secs] [Times: user=0.32 sys=0.01, real=0.05 secs]
2014-07-28T04:08:20.037+0000: 543.718: [GC2014-07-28T04:08:20.038+0000: 543.719: [ParNew: 92160K->10240K(92160K), 0.0673590 secs] 9287847K->9234273K(20961280K), 0.0697670 secs] [Times: user=0.43 sys=0.01, real=0.07 secs]
2014-07-28T04:08:20.736+0000: 544.418: [GC2014-07-28T04:08:20.737+0000: 544.419: [ParNew: 92160K->10240K(92160K), 0.0459620 secs] 9316193K->9258151K(20961280K), 0.0481210 secs] [Times: user=0.32 sys=0.00, real=0.05 secs]
2014-07-28T04:08:22.946+0000: 546.628: [GC2014-07-28T04:08:22.947+0000: 546.629: [ParNew: 92160K->10240K(92160K), 0.0491090 secs] 9340071K->9283925K(20961280K), 0.0511710 secs] [Times: user=0.34 sys=0.01, real=0.06 secs]
2014-07-28T04:08:23.161+0000: 546.843: [GC2014-07-28T04:08:23.163+0000: 546.844: [ParNew: 92160K->10240K(92160K), 0.0574450 secs] 9365845K->9316143K(20961280K), 0.0595460 secs] [Times: user=0.36 sys=0.02, real=0.06 secs]
2014-07-28T04:08:23.413+0000: 547.095: [GC2014-07-28T04:08:23.415+0000: 547.096: [ParNew: 92147K->10240K(92160K), 0.0462900 secs] 9398050K->9338184K(20961280K), 0.0483930 secs] [Times: user=0.31 sys=0.01, real=0.05 secs]
2014-07-28T04:08:23.717+0000: 547.398: [GC2014-07-28T04:08:23.718+0000: 547.399: [ParNew: 92158K->10240K(92160K), 0.0496160 secs] 9420103K->9366020K(20961280K), 0.0516950 secs] [Times: user=0.34 sys=0.01, real=0.06 secs]
2014-07-28T04:08:24.073+0000: 547.754: [GC2014-07-28T04:08:24.074+0000: 547.755: [ParNew: 92160K->10240K(92160K), 0.0483210 secs] 9447940K->9391010K(20961280K), 0.0503990 secs] [Times: user=0.35 sys=0.00, real=0.05 secs]
2014-07-28T04:08:24.696+0000: 548.377: [GC2014-07-28T04:08:24.697+0000: 548.378: [ParNew: 92160K->10240K(92160K), 0.0506850 secs] 9472930K->9417106K(20961280K), 0.0527700 secs] [Times: user=0.36 sys=0.01, real=0.06 secs]
2014-07-28T04:08:24.929+0000: 548.611: [GC2014-07-28T04:08:24.930+0000: 548.612: [ParNew: 92160K->10240K(92160K), 0.0523060 secs] 9499026K->9442953K(20961280K), 0.0544390 secs] [Times: user=0.36 sys=0.00, real=0.06 secs]
2014-07-28T04:08:25.590+0000: 549.271: [GC2014-07-28T04:08:25.591+0000: 549.272: [ParNew: 92147K->10240K(92160K), 0.0523140 secs] 9524861K->9467326K(20961280K), 0.0543890 secs] [Times: user=0.37 sys=0.00, real=0.05 secs]
2014-07-28T04:08:26.195+0000: 549.877: [GC2014-07-28T04:08:26.196+0000: 549.878: [ParNew: 92160K->10240K(92160K), 0.0477570 secs] 9549246K->9493724K(20961280K), 0.0498290 secs] [Times: user=0.31 sys=0.02, real=0.05 secs]
2014-07-28T04:08:26.885+0000: 550.566: [GC2014-07-28T04:08:26.886+0000: 550.567: [ParNew: 92160K->10240K(92160K), 0.0479200 secs] 9575644K->9519305K(20961280K), 0.0501480 secs] [Times: user=0.33 sys=0.01, real=0.05 secs]
2014-07-28T04:08:27.501+0000: 551.183: [GC2014-07-28T04:08:27.502+0000: 551.184: [ParNew: 92160K->10240K(92160K), 0.0479640 secs] 9601225K->9544564K(20961280K), 0.0500440 secs] [Times: user=0.34 sys=0.01, real=0.05 secs]
2014-07-28T04:08:28.384+0000: 552.065: [GC2014-07-28T04:08:28.385+0000: 552.066: [ParNew: 92160K->10240K(92160K), 0.0516500 secs] 9626484K->9570269K(20961280K), 0.0536880 secs] [Times: user=0.36 sys=0.00, real=0.06 secs]
2014-07-28T04:08:28.653+0000: 552.335: [GC2014-07-28T04:08:28.654+0000: 552.336: [ParNew: 92154K->10240K(92160K), 0.0477510 secs] 9652184K->9595324K(20961280K), 0.0498450 secs] [Times: user=0.33 sys=0.01, real=0.05 secs]
2014-07-28T04:08:29.464+0000: 553.145: [GC2014-07-28T04:08:29.465+0000: 553.146: [ParNew: 92159K->10240K(92160K), 0.0460420 secs] 9677244K->9621181K(20961280K), 0.0481120 secs] [Times: user=0.34 sys=0.00, real=0.05 secs]
2014-07-28T04:08:30.173+0000: 553.855: [GC2014-07-28T04:08:30.174+0000: 553.856: [ParNew: 92160K->10240K(92160K), 0.0508210 secs] 9703101K->9647905K(20961280K), 0.0529140 secs] [Times: user=0.34 sys=0.01, real=0.06 secs]
2014-07-28T04:08:30.804+0000: 554.486: [GC2014-07-28T04:08:30.805+0000: 554.487: [ParNew: 92160K->10240K(92160K), 0.0470680 secs] 9729825K->9672834K(20961280K), 0.0491290 secs] [Times: user=0.33 sys=0.00, real=0.05 secs]
2014-07-28T04:08:33.022+0000: 556.704: [GC2014-07-28T04:08:33.023+0000: 556.705: [ParNew: 92160K->10240K(92160K), 0.0469950 secs] 9754754K->9697804K(20961280K), 0.0490430 secs] [Times: user=0.33 sys=0.01, real=0.05 secs]
2014-07-28T04:08:33.284+0000: 556.966: [GC2014-07-28T04:08:33.285+0000: 556.967: [ParNew: 92160K->10240K(92160K), 0.0550930 secs] 9779724K->9729702K(20961280K), 0.0571960 secs] [Times: user=0.38 sys=0.01, real=0.06 secs]
2014-07-28T04:08:33.480+0000: 557.161: [GC2014-07-28T04:08:33.481+0000: 557.162: [ParNew: 92160K->10240K(92160K), 0.0442040 secs] 9811622K->9751438K(20961280K), 0.0462620 secs] [Times: user=0.30 sys=0.01, real=0.05 secs]
2014-07-28T04:08:33.809+0000: 557.490: [GC2014-07-28T04:08:33.810+0000: 557.491: [ParNew: 92160K->10240K(92160K), 0.0500420 secs] 9833358K->9778375K(20961280K), 0.0520930 secs] [Times: user=0.34 sys=0.02, real=0.05 secs]
2014-07-28T04:08:34.145+0000: 557.826: [GC2014-07-28T04:08:34.146+0000: 557.827: [ParNew: 92159K->10240K(92160K), 0.0475420 secs] 9860295K->9803323K(20961280K), 0.0496780 secs] [Times: user=0.33 sys=0.00, real=0.05 secs]
2014-07-28T04:08:34.775+0000: 558.456: [GC2014-07-28T04:08:34.776+0000: 558.457: [ParNew: 92160K->10240K(92160K), 0.0512830 secs] 9885243K->9828079K(20961280K), 0.0533270 secs] [Times: user=0.35 sys=0.01, real=0.06 secs]
2014-07-28T04:08:35.002+0000: 558.683: [GC2014-07-28T04:08:35.003+0000: 558.685: [ParNew: 92160K->10240K(92160K), 0.0596110 secs] 9909999K->9853657K(20961280K), 0.0617780 secs] [Times: user=0.36 sys=0.01, real=0.06 secs]
2014-07-28T04:08:35.353+0000: 559.035: [GC2014-07-28T04:08:35.354+0000: 559.036: [ParNew: 92156K->10240K(92160K), 0.0534280 secs] 9935573K->9879107K(20961280K), 0.0555010 secs] [Times: user=0.37 sys=0.00, real=0.06 secs]
2014-07-28T04:08:36.039+0000: 559.720: [GC2014-07-28T04:08:36.040+0000: 559.721: [ParNew: 92156K->10240K(92160K), 0.0506440 secs] 9961024K->9904202K(20961280K), 0.0527060 secs] [Times: user=0.35 sys=0.00, real=0.05 secs]
2014-07-28T04:08:36.726+0000: 560.407: [GC2014-07-28T04:08:36.727+0000: 560.409: [ParNew: 92160K->10240K(92160K), 0.0539080 secs] 9986122K->9930681K(20961280K), 0.0561740 secs] [Times: user=0.36 sys=0.02, real=0.05 secs]
2014-07-28T04:08:37.461+0000: 561.142: [GC2014-07-28T04:08:37.462+0000: 561.143: [ParNew: 92159K->10240K(92160K), 0.0675480 secs] 10012600K->9957905K(20961280K), 0.0697980 secs] [Times: user=0.45 sys=0.02, real=0.07 secs]
2014-07-28T04:08:38.135+0000: 561.816: [GC2014-07-28T04:08:38.136+0000: 561.817: [ParNew: 92160K->10240K(92160K), 0.0480580 secs] 10039825K->9982314K(20961280K), 0.0501550 secs] [Times: user=0.33 sys=0.01, real=0.06 secs]
2014-07-28T04:08:38.636+0000: 562.317: [GC2014-07-28T04:08:38.637+0000: 562.318: [ParNew: 92160K->10240K(92160K), 0.0491850 secs] 10064234K->10008780K(20961280K), 0.0513250 secs] [Times: user=0.34 sys=0.01, real=0.06 secs]
2014-07-28T04:08:39.258+0000: 562.939: [GC2014-07-28T04:08:39.259+0000: 562.940: [ParNew: 92160K->10240K(92160K), 0.0488510 secs] 10090700K->10034911K(20961280K), 0.0509620 secs] [Times: user=0.33 sys=0.01, real=0.06 secs]
2014-07-28T04:08:40.174+0000: 563.855: [GC2014-07-28T04:08:40.175+0000: 563.856: [ParNew: 92160K->10240K(92160K), 0.0485190 secs] 10116831K->10058134K(20961280K), 0.0506230 secs] [Times: user=0.33 sys=0.01, real=0.06 secs]
2014-07-28T04:08:40.598+0000: 564.279: [GC2014-07-28T04:08:40.599+0000: 564.280: [ParNew: 92160K->10240K(92160K), 0.0488720 secs] 10140054K->10085701K(20961280K), 0.0509840 secs] [Times: user=0.33 sys=0.01, real=0.06 secs]
2014-07-28T04:08:42.851+0000: 566.532: [GC2014-07-28T04:08:42.852+0000: 566.533: [ParNew: 92160K->10240K(92160K), 0.0474300 secs] 10167621K->10110948K(20961280K), 0.0494920 secs] [Times: user=0.32 sys=0.01, real=0.05 secs]
2014-07-28T04:08:43.378+0000: 567.059: [GC2014-07-28T04:08:43.379+0000: 567.060: [ParNew: 92160K->10240K(92160K), 0.0535550 secs] 10192868K->10140929K(20961280K), 0.0556420 secs] [Times: user=0.36 sys=0.02, real=0.06 secs]
2014-07-28T04:08:43.561+0000: 567.242: [GC2014-07-28T04:08:43.562+0000: 567.243: [ParNew: 92160K->10240K(92160K), 0.0524630 secs] 10222849K->10165426K(20961280K), 0.0545700 secs] [Times: user=0.35 sys=0.01, real=0.05 secs]
2014-07-28T04:08:43.796+0000: 567.478: [GC2014-07-28T04:08:43.797+0000: 567.479: [ParNew: 92160K->10240K(92160K), 0.0449930 secs] 10247346K->10187733K(20961280K), 0.0470720 secs] [Times: user=0.32 sys=0.00, real=0.05 secs]
2014-07-28T04:08:44.046+0000: 567.728: [GC2014-07-28T04:08:44.047+0000: 567.729: [ParNew: 92160K->10240K(92160K), 0.0471640 secs] 10269653K->10213768K(20961280K), 0.0492070 secs] [Times: user=0.32 sys=0.00, real=0.04 secs]
2014-07-28T04:08:44.474+0000: 568.155: [GC2014-07-28T04:08:44.475+0000: 568.156: [ParNew: 92157K->10240K(92160K), 0.0488480 secs] 10295686K->10239671K(20961280K), 0.0509210 secs] [Times: user=0.34 sys=0.01, real=0.06 secs]
2014-07-28T04:08:45.002+0000: 568.683: [GC2014-07-28T04:08:45.003+0000: 568.684: [ParNew: 92160K->10240K(92160K), 0.0545570 secs] 10321591K->10266116K(20961280K), 0.0566510 secs] [Times: user=0.37 sys=0.01, real=0.06 secs]
2014-07-28T04:08:45.348+0000: 569.030: [GC2014-07-28T04:08:45.349+0000: 569.031: [ParNew: 92160K->10240K(92160K), 0.0485060 secs] 10348036K->10290851K(20961280K), 0.0506280 secs] [Times: user=0.32 sys=0.03, real=0.05 secs]
2014-07-28T04:08:46.028+0000: 569.710: [GC2014-07-28T04:08:46.029+0000: 569.711: [ParNew: 92160K->10240K(92160K), 0.0481390 secs] 10372771K->10315908K(20961280K), 0.0503210 secs] [Times: user=0.33 sys=0.00, real=0.05 secs]
2014-07-28T04:08:46.798+0000: 570.479: [GC2014-07-28T04:08:46.799+0000: 570.480: [ParNew: 92160K->10240K(92160K), 0.0502490 secs] 10397828K->10341784K(20961280K), 0.0523590 secs] [Times: user=0.35 sys=0.00, real=0.06 secs]
2014-07-28T04:08:47.557+0000: 571.238: [GC2014-07-28T04:08:47.558+0000: 571.239: [ParNew: 92160K->10240K(92160K), 0.0489590 secs] 10423704K->10369878K(20961280K), 0.0510210 secs] [Times: user=0.34 sys=0.01, real=0.06 secs]
2014-07-28T04:08:48.204+0000: 571.885: [GC2014-07-28T04:08:48.205+0000: 571.886: [ParNew: 92160K->10240K(92160K), 0.0469530 secs] 10451798K->10394209K(20961280K), 0.0490300 secs] [Times: user=0.33 sys=0.00, real=0.05 secs]
2014-07-28T04:08:48.710+0000: 572.392: [GC2014-07-28T04:08:48.711+0000: 572.393: [ParNew: 92160K->10240K(92160K), 0.0489170 secs] 10476129K->10421433K(20961280K), 0.0509770 secs] [Times: user=0.33 sys=0.00, real=0.05 secs]
2014-07-28T04:08:49.335+0000: 573.017: [GC2014-07-28T04:08:49.336+0000: 573.018: [ParNew: 92160K->10240K(92160K), 0.0527640 secs] 10503353K->10448751K(20961280K), 0.0548790 secs] [Times: user=0.38 sys=0.00, real=0.06 secs]
2014-07-28T04:08:50.010+0000: 573.691: [GC2014-07-28T04:08:50.011+0000: 573.692: [ParNew: 92146K->10240K(92160K), 0.0552360 secs] 10530658K->10471366K(20961280K), 0.0573220 secs] [Times: user=0.36 sys=0.01, real=0.06 secs]
2014-07-28T04:08:50.673+0000: 574.354: [GC2014-07-28T04:08:50.674+0000: 574.355: [ParNew: 92160K->10240K(92160K), 0.0597640 secs] 10553286K->10498962K(20961280K), 0.0619110 secs] [Times: user=0.40 sys=0.01, real=0.06 secs]
2014-07-28T04:08:52.921+0000: 576.602: [GC2014-07-28T04:08:52.922+0000: 576.603: [ParNew: 92160K->10240K(92160K), 0.0481490 secs] 10580882K->10524250K(20961280K), 0.0502340 secs] [Times: user=0.32 sys=0.01, real=0.05 secs]
2014-07-28T04:08:53.500+0000: 577.181: [GC2014-07-28T04:08:53.501+0000: 577.182: [ParNew: 92160K->10240K(92160K), 0.0497810 secs] 10606170K->10550288K(20961280K), 0.0518430 secs] [Times: user=0.33 sys=0.02, real=0.05 secs]
2014-07-28T04:08:53.674+0000: 577.356: [GC2014-07-28T04:08:53.675+0000: 577.357: [ParNew: 92160K->10240K(92160K), 0.0548730 secs] 10632208K->10580055K(20961280K), 0.0569610 secs] [Times: user=0.39 sys=0.00, real=0.06 secs]
2014-07-28T04:08:53.871+0000: 577.553: [GC2014-07-28T04:08:53.873+0000: 577.554: [ParNew: 92160K->10240K(92160K), 0.0674580 secs] 10661975K->10601598K(20961280K), 0.0699510 secs] [Times: user=0.33 sys=0.02, real=0.07 secs]
2014-07-28T04:08:54.118+0000: 577.800: [GC2014-07-28T04:08:54.119+0000: 577.801: [ParNew: 92159K->10240K(92160K), 0.0560200 secs] 10683518K->10627993K(20961280K), 0.0581090 secs] [Times: user=0.40 sys=0.00, real=0.06 secs]
2014-07-28T04:08:54.545+0000: 578.227: [GC2014-07-28T04:08:54.546+0000: 578.228: [ParNew: 92160K->10240K(92160K), 0.0490000 secs] 10709913K->10653981K(20961280K), 0.0510830 secs] [Times: user=0.35 sys=0.01, real=0.06 secs]
2014-07-28T04:08:55.084+0000: 578.766: [GC2014-07-28T04:08:55.085+0000: 578.767: [ParNew: 92160K->10240K(92160K), 0.0491910 secs] 10735901K->10681224K(20961280K), 0.0512650 secs] [Times: user=0.35 sys=0.00, real=0.05 secs]
2014-07-28T04:08:55.418+0000: 579.099: [GC2014-07-28T04:08:55.419+0000: 579.101: [ParNew: 92160K->10240K(92160K), 0.0481960 secs] 10763144K->10705924K(20961280K), 0.0502640 secs] [Times: user=0.34 sys=0.00, real=0.05 secs]
2014-07-28T04:08:56.069+0000: 579.750: [GC2014-07-28T04:08:56.070+0000: 579.751: [ParNew: 92157K->10240K(92160K), 0.0472230 secs] 10787842K->10730479K(20961280K), 0.0493180 secs] [Times: user=0.33 sys=0.01, real=0.05 secs]
2014-07-28T04:08:56.869+0000: 580.550: [GC2014-07-28T04:08:56.870+0000: 580.551: [ParNew: 92160K->10240K(92160K), 0.0463430 secs] 10812399K->10755970K(20961280K), 0.0484280 secs] [Times: user=0.31 sys=0.01, real=0.05 secs]
2014-07-28T04:08:57.667+0000: 581.349: [GC2014-07-28T04:08:57.668+0000: 581.350: [ParNew: 92160K->10240K(92160K), 0.0463970 secs] 10837890K->10783831K(20961280K), 0.0484890 secs] [Times: user=0.31 sys=0.02, real=0.04 secs]
2014-07-28T04:08:58.301+0000: 581.983: [GC2014-07-28T04:08:58.302+0000: 581.984: [ParNew: 92160K->10240K(92160K), 0.0514790 secs] 10865751K->10808065K(20961280K), 0.0536210 secs] [Times: user=0.36 sys=0.01, real=0.05 secs]
2014-07-28T04:08:58.817+0000: 582.498: [GC2014-07-28T04:08:58.818+0000: 582.500: [ParNew: 92160K->10240K(92160K), 0.0492790 secs] 10889985K->10834077K(20961280K), 0.0514760 secs] [Times: user=0.34 sys=0.01, real=0.06 secs]
2014-07-28T04:08:59.448+0000: 583.129: [GC2014-07-28T04:08:59.449+0000: 583.130: [ParNew: 92160K->10240K(92160K), 0.0488150 secs] 10915997K->10860431K(20961280K), 0.0509560 secs] [Times: user=0.34 sys=0.00, real=0.05 secs]
2014-07-28T04:08:59.953+0000: 583.635: [GC2014-07-28T04:08:59.955+0000: 583.636: [ParNew: 92156K->10240K(92160K), 0.0476570 secs] 10942348K->10885057K(20961280K), 0.0497910 secs] [Times: user=0.34 sys=0.01, real=0.05 secs]
2014-07-28T04:09:00.788+0000: 584.469: [GC2014-07-28T04:09:00.789+0000: 584.471: [ParNew: 92159K->10240K(92160K), 0.0492660 secs] 10966976K->10911238K(20961280K), 0.0513350 secs] [Times: user=0.35 sys=0.01, real=0.05 secs]
2014-07-28T04:09:03.019+0000: 586.701: [GC2014-07-28T04:09:03.020+0000: 586.702: [ParNew: 92159K->10240K(92160K), 0.0494380 secs] 10993157K->10936920K(20961280K), 0.0515220 secs] [Times: user=0.32 sys=0.02, real=0.05 secs]
2014-07-28T04:09:03.599+0000: 587.281: [GC2014-07-28T04:09:03.600+0000: 587.282: [ParNew: 92160K->10240K(92160K), 0.0537580 secs] 11018840K->10964275K(20961280K), 0.0558680 secs] [Times: user=0.36 sys=0.02, real=0.06 secs]
2014-07-28T04:09:03.805+0000: 587.487: [GC2014-07-28T04:09:03.806+0000: 587.488: [ParNew: 92160K->10240K(92160K), 0.0494220 secs] 11046195K->10990009K(20961280K), 0.0515170 secs] [Times: user=0.34 sys=0.00, real=0.06 secs]
2014-07-28T04:09:03.985+0000: 587.667: [GC2014-07-28T04:09:03.987+0000: 587.668: [ParNew: 92157K->10240K(92160K), 0.0714330 secs] 11071927K->11015674K(20961280K), 0.0739830 secs] [Times: user=0.36 sys=0.01, real=0.08 secs]
2014-07-28T04:09:04.226+0000: 587.908: [GC2014-07-28T04:09:04.227+0000: 587.909: [ParNew: 92160K->10240K(92160K), 0.0503030 secs] 11097594K->11040880K(20961280K), 0.0524010 secs] [Times: user=0.34 sys=0.01, real=0.05 secs]
2014-07-28T04:09:04.619+0000: 588.300: [GC2014-07-28T04:09:04.620+0000: 588.301: [ParNew: 92160K->10240K(92160K), 0.0466480 secs] 11122800K->11067344K(20961280K), 0.0487440 secs] [Times: user=0.29 sys=0.03, real=0.05 secs]
2014-07-28T04:09:05.163+0000: 588.844: [GC2014-07-28T04:09:05.164+0000: 588.845: [ParNew: 92160K->10240K(92160K), 0.0502090 secs] 11149264K->11093919K(20961280K), 0.0522700 secs] [Times: user=0.34 sys=0.01, real=0.06 secs]
2014-07-28T04:09:05.487+0000: 589.168: [GC2014-07-28T04:09:05.488+0000: 589.169: [ParNew: 92160K->10240K(92160K), 0.0595550 secs] 11175839K->11118783K(20961280K), 0.0615970 secs] [Times: user=0.39 sys=0.01, real=0.06 secs]
2014-07-28T04:09:06.012+0000: 589.693: [GC2014-07-28T04:09:06.013+0000: 589.694: [ParNew: 92160K->10240K(92160K), 0.0604480 secs] 11200703K->11143803K(20961280K), 0.0626130 secs] [Times: user=0.36 sys=0.00, real=0.07 secs]
2014-07-28T04:09:06.857+0000: 590.538: [GC2014-07-28T04:09:06.858+0000: 590.539: [ParNew: 92155K->10240K(92160K), 0.0463420 secs] 11225718K->11168947K(20961280K), 0.0485170 secs] [Times: user=0.31 sys=0.01, real=0.05 secs]
2014-07-28T04:09:07.740+0000: 591.422: [GC2014-07-28T04:09:07.741+0000: 591.423: [ParNew: 92160K->10240K(92160K), 0.0539970 secs] 11250867K->11196221K(20961280K), 0.0560910 secs] [Times: user=0.36 sys=0.00, real=0.06 secs]
2014-07-28T04:09:08.373+0000: 592.054: [GC2014-07-28T04:09:08.374+0000: 592.055: [ParNew: 92160K->10240K(92160K), 0.0522630 secs] 11278141K->11220873K(20961280K), 0.0543760 secs] [Times: user=0.38 sys=0.00, real=0.06 secs]
2014-07-28T04:09:08.890+0000: 592.571: [GC2014-07-28T04:09:08.891+0000: 592.572: [ParNew: 92160K->10240K(92160K), 0.0505080 secs] 11302793K->11247087K(20961280K), 0.0525800 secs] [Times: user=0.35 sys=0.01, real=0.05 secs]
2014-07-28T04:09:09.521+0000: 593.203: [GC2014-07-28T04:09:09.522+0000: 593.204: [ParNew: 92156K->10240K(92160K), 0.0535680 secs] 11329004K->11273669K(20961280K), 0.0556660 secs] [Times: user=0.37 sys=0.01, real=0.06 secs]
2014-07-28T04:09:10.020+0000: 593.701: [GC2014-07-28T04:09:10.021+0000: 593.702: [ParNew: 92144K->10240K(92160K), 0.0500180 secs] 11355573K->11298437K(20961280K), 0.0521660 secs] [Times: user=0.34 sys=0.01, real=0.05 secs]
2014-07-28T04:09:10.859+0000: 594.540: [GC2014-07-28T04:09:10.860+0000: 594.541: [ParNew: 92160K->10240K(92160K), 0.0521630 secs] 11380357K->11324399K(20961280K), 0.0542040 secs] [Times: user=0.35 sys=0.01, real=0.06 secs]
2014-07-28T04:09:13.088+0000: 596.770: [GC2014-07-28T04:09:13.089+0000: 596.771: [ParNew: 92160K->10240K(92160K), 0.0504680 secs] 11406319K->11349911K(20961280K), 0.0525240 secs] [Times: user=0.36 sys=0.00, real=0.05 secs]
2014-07-28T04:09:13.697+0000: 597.378: [GC2014-07-28T04:09:13.698+0000: 597.379: [ParNew: 92160K->10240K(92160K), 0.0556210 secs] 11431831K->11376589K(20961280K), 0.0576870 secs] [Times: user=0.33 sys=0.03, real=0.06 secs]
2014-07-28T04:09:13.909+0000: 597.591: [GC2014-07-28T04:09:13.910+0000: 597.592: [ParNew: 92160K->10240K(92160K), 0.0614710 secs] 11458509K->11403278K(20961280K), 0.0636140 secs] [Times: user=0.37 sys=0.01, real=0.07 secs]
2014-07-28T04:09:14.112+0000: 597.793: [GC2014-07-28T04:09:14.113+0000: 597.794: [ParNew: 92160K->10240K(92160K), 0.0820040 secs] 11485198K->11429585K(20961280K), 0.0844200 secs] [Times: user=0.35 sys=0.03, real=0.09 secs]
2014-07-28T04:09:14.332+0000: 598.014: [GC2014-07-28T04:09:14.333+0000: 598.015: [ParNew: 92155K->10240K(92160K), 0.0647970 secs] 11511501K->11455030K(20961280K), 0.0669420 secs] [Times: user=0.38 sys=0.01, real=0.07 secs]
2014-07-28T04:09:14.687+0000: 598.368: [GC2014-07-28T04:09:14.688+0000: 598.369: [ParNew: 92160K->10240K(92160K), 0.0611540 secs] 11536950K->11479893K(20961280K), 0.0632390 secs] [Times: user=0.38 sys=0.02, real=0.06 secs]
2014-07-28T04:09:15.241+0000: 598.922: [GC2014-07-28T04:09:15.242+0000: 598.923: [ParNew: 92160K->10240K(92160K), 0.0647750 secs] 11561813K->11506532K(20961280K), 0.0670130 secs] [Times: user=0.38 sys=0.01, real=0.07 secs]
2014-07-28T04:09:15.574+0000: 599.256: [GC2014-07-28T04:09:15.575+0000: 599.257: [ParNew: 92150K->10240K(92160K), 0.0709550 secs] 11588443K->11531009K(20961280K), 0.0730360 secs] [Times: user=0.35 sys=0.04, real=0.07 secs]
2014-07-28T04:09:16.083+0000: 599.765: [GC2014-07-28T04:09:16.084+0000: 599.766: [ParNew: 92160K->10240K(92160K), 0.0706100 secs] 11612929K->11556011K(20961280K), 0.0726640 secs] [Times: user=0.37 sys=0.03, real=0.08 secs]
2014-07-28T04:09:16.897+0000: 600.579: [GC2014-07-28T04:09:16.898+0000: 600.580: [ParNew: 92160K->10240K(92160K), 0.0739290 secs] 11637931K->11581045K(20961280K), 0.0760380 secs] [Times: user=0.36 sys=0.03, real=0.08 secs]
2014-07-28T04:09:17.845+0000: 601.526: [GC2014-07-28T04:09:17.846+0000: 601.527: [ParNew: 92160K->10240K(92160K), 0.0734700 secs] 11662965K->11607195K(20961280K), 0.0755290 secs] [Times: user=0.41 sys=0.01, real=0.08 secs]
2014-07-28T04:09:18.321+0000: 602.002: [GC2014-07-28T04:09:18.322+0000: 602.003: [ParNew: 92155K->10240K(92160K), 0.0758510 secs] 11689110K->11631939K(20961280K), 0.0779270 secs] [Times: user=0.40 sys=0.01, real=0.08 secs]
2014-07-28T04:09:18.964+0000: 602.645: [GC2014-07-28T04:09:18.965+0000: 602.646: [ParNew: 92154K->10240K(92160K), 0.0908100 secs] 11713853K->11657679K(20961280K), 0.0928640 secs] [Times: user=0.40 sys=0.01, real=0.10 secs]
2014-07-28T04:09:19.600+0000: 603.282: [GC2014-07-28T04:09:19.601+0000: 603.283: [ParNew: 92160K->10240K(92160K), 0.0980510 secs] 11739599K->11684523K(20961280K), 0.1001090 secs] [Times: user=0.39 sys=0.03, real=0.10 secs]
2014-07-28T04:09:20.086+0000: 603.768: [GC2014-07-28T04:09:20.087+0000: 603.769: [ParNew: 92151K->10240K(92160K), 0.1006190 secs] 11766435K->11709202K(20961280K), 0.1026700 secs] [Times: user=0.40 sys=0.02, real=0.10 secs]
2014-07-28T04:09:20.936+0000: 604.618: [GC2014-07-28T04:09:20.937+0000: 604.619: [ParNew: 92160K->10240K(92160K), 0.0930660 secs] 11791122K->11734728K(20961280K), 0.0951580 secs] [Times: user=0.40 sys=0.02, real=0.09 secs]
2014-07-28T04:09:23.191+0000: 606.872: [GC2014-07-28T04:09:23.192+0000: 606.873: [ParNew: 92145K->10240K(92160K), 0.0889250 secs] 11816633K->11759828K(20961280K), 0.0909710 secs] [Times: user=0.39 sys=0.02, real=0.09 secs]
2014-07-28T04:09:23.798+0000: 607.479: [GC2014-07-28T04:09:23.799+0000: 607.480: [ParNew: 92160K->10240K(92160K), 0.0975990 secs] 11841748K->11786294K(20961280K), 0.0996520 secs] [Times: user=0.43 sys=0.01, real=0.10 secs]
2014-07-28T04:09:24.025+0000: 607.707: [GC2014-07-28T04:09:24.026+0000: 607.708: [ParNew: 92160K->10240K(92160K), 0.0979620 secs] 11868214K->11812685K(20961280K), 0.1000540 secs] [Times: user=0.44 sys=0.02, real=0.11 secs]
2014-07-28T04:09:24.267+0000: 607.948: [GC2014-07-28T04:09:24.268+0000: 607.949: [ParNew: 92160K->10240K(92160K), 0.0942420 secs] 11894605K->11839090K(20961280K), 0.0967780 secs] [Times: user=0.43 sys=0.02, real=0.09 secs]
2014-07-28T04:09:24.470+0000: 608.151: [GC2014-07-28T04:09:24.471+0000: 608.153: [ParNew: 92160K->10240K(92160K), 0.0962840 secs] 11921010K->11870857K(20961280K), 0.0985250 secs] [Times: user=0.42 sys=0.02, real=0.10 secs]
2014-07-28T04:09:24.775+0000: 608.456: [GC2014-07-28T04:09:24.776+0000: 608.457: [ParNew: 92160K->10240K(92160K), 0.0756540 secs] 11952777K->11893603K(20961280K), 0.0777330 secs] [Times: user=0.38 sys=0.04, real=0.08 secs]
2014-07-28T04:09:25.337+0000: 609.018: [GC2014-07-28T04:09:25.338+0000: 609.019: [ParNew: 92160K->10240K(92160K), 0.0875860 secs] 11975523K->11919923K(20961280K), 0.0896930 secs] [Times: user=0.41 sys=0.02, real=0.09 secs]
2014-07-28T04:09:25.664+0000: 609.345: [GC2014-07-28T04:09:25.665+0000: 609.346: [ParNew: 92156K->10240K(92160K), 0.0846340 secs] 12001839K->11944759K(20961280K), 0.0868310 secs] [Times: user=0.40 sys=0.02, real=0.09 secs]
2014-07-28T04:09:26.092+0000: 609.774: [GC2014-07-28T04:09:26.093+0000: 609.775: [ParNew: 92155K->10240K(92160K), 0.0874090 secs] 12026674K->11969941K(20961280K), 0.0894910 secs] [Times: user=0.40 sys=0.02, real=0.09 secs]
2014-07-28T04:09:27.022+0000: 610.704: [GC2014-07-28T04:09:27.023+0000: 610.705: [ParNew: 92158K->10240K(92160K), 0.0859370 secs] 12051859K->11995717K(20961280K), 0.0880610 secs] [Times: user=0.40 sys=0.03, real=0.09 secs]
2014-07-28T04:09:27.953+0000: 611.634: [GC2014-07-28T04:09:27.954+0000: 611.635: [ParNew: 92160K->10240K(92160K), 0.0834350 secs] 12077637K->12021896K(20961280K), 0.0855060 secs] [Times: user=0.39 sys=0.02, real=0.09 secs]
2014-07-28T04:09:28.407+0000: 612.089: [GC2014-07-28T04:09:28.408+0000: 612.090: [ParNew: 92143K->10240K(92160K), 0.0846980 secs] 12103799K->12046690K(20961280K), 0.0867880 secs] [Times: user=0.41 sys=0.02, real=0.09 secs]
2014-07-28T04:09:29.100+0000: 612.781: [GC2014-07-28T04:09:29.101+0000: 612.782: [ParNew: 92160K->10240K(92160K), 0.0846490 secs] 12128610K->12072293K(20961280K), 0.0867390 secs] [Times: user=0.37 sys=0.03, real=0.09 secs]
2014-07-28T04:09:29.760+0000: 613.442: [GC2014-07-28T04:09:29.761+0000: 613.443: [ParNew: 92160K->10240K(92160K), 0.0959470 secs] 12154213K->12098784K(20961280K), 0.0980190 secs] [Times: user=0.40 sys=0.02, real=0.10 secs]
2014-07-28T04:09:30.084+0000: 613.765: [GC2014-07-28T04:09:30.085+0000: 613.766: [ParNew: 92158K->10240K(92160K), 0.0920890 secs] 12180702K->12123394K(20961280K), 0.0941290 secs] [Times: user=0.40 sys=0.03, real=0.10 secs]
2014-07-28T04:09:31.048+0000: 614.730: [GC2014-07-28T04:09:31.049+0000: 614.731: [ParNew: 92151K->10240K(92160K), 0.0937840 secs] 12205305K->12148419K(20961280K), 0.0958450 secs] [Times: user=0.41 sys=0.02, real=0.10 secs]
2014-07-28T04:09:33.085+0000: 616.766: [GC2014-07-28T04:09:33.086+0000: 616.767: [ParNew: 92160K->10240K(92160K), 0.0938390 secs] 12230339K->12173523K(20961280K), 0.0959040 secs] [Times: user=0.40 sys=0.01, real=0.10 secs]
2014-07-28T04:09:33.939+0000: 617.620: [GC2014-07-28T04:09:33.940+0000: 617.622: [ParNew: 92160K->10240K(92160K), 0.0897710 secs] 12255443K->12199148K(20961280K), 0.0918350 secs] [Times: user=0.40 sys=0.03, real=0.09 secs]
2014-07-28T04:09:34.175+0000: 617.856: [GC2014-07-28T04:09:34.176+0000: 617.857: [ParNew: 92159K->10240K(92160K), 0.0972900 secs] 12281068K->12226081K(20961280K), 0.0993590 secs] [Times: user=0.41 sys=0.03, real=0.10 secs]
2014-07-28T04:09:34.426+0000: 618.107: [GC2014-07-28T04:09:34.427+0000: 618.108: [ParNew: 92160K->10240K(92160K), 0.1011810 secs] 12308001K->12254634K(20961280K), 0.1033520 secs] [Times: user=0.44 sys=0.02, real=0.10 secs]
2014-07-28T04:09:34.638+0000: 618.320: [GC2014-07-28T04:09:34.639+0000: 618.321: [ParNew: 92160K->10240K(92160K), 0.0955080 secs] 12336554K->12283766K(20961280K), 0.0976280 secs] [Times: user=0.41 sys=0.04, real=0.10 secs]
2014-07-28T04:09:34.875+0000: 618.557: [GC2014-07-28T04:09:34.877+0000: 618.558: [ParNew: 92160K->10240K(92160K), 0.0878720 secs] 12365686K->12307524K(20961280K), 0.0899440 secs] [Times: user=0.40 sys=0.02, real=0.09 secs]
2014-07-28T04:09:35.253+0000: 618.934: [GC2014-07-28T04:09:35.254+0000: 618.935: [ParNew: 92156K->10240K(92160K), 0.0882120 secs] 12389441K->12331186K(20961280K), 0.0903090 secs] [Times: user=0.40 sys=0.02, real=0.10 secs]
2014-07-28T04:09:35.624+0000: 619.305: [GC2014-07-28T04:09:35.625+0000: 619.306: [ParNew: 92158K->10240K(92160K), 0.1407420 secs] 12413104K->12358725K(20961280K), 0.1429880 secs] [Times: user=0.43 sys=0.02, real=0.14 secs]
2014-07-28T04:09:36.105+0000: 619.787: [GC2014-07-28T04:09:36.106+0000: 619.788: [ParNew: 92155K->10240K(92160K), 0.0871320 secs] 12440641K->12383779K(20961280K), 0.0892530 secs] [Times: user=0.38 sys=0.03, real=0.09 secs]
2014-07-28T04:09:36.935+0000: 620.616: [GC2014-07-28T04:09:36.936+0000: 620.617: [ParNew: 92153K->10240K(92160K), 0.1112420 secs] 12465693K->12409093K(20961280K), 0.1133520 secs] [Times: user=0.39 sys=0.04, real=0.11 secs]
2014-07-28T04:09:37.740+0000: 621.421: [GC2014-07-28T04:09:37.741+0000: 621.422: [ParNew: 92160K->10240K(92160K), 0.0964880 secs] 12491013K->12434440K(20961280K), 0.0985900 secs] [Times: user=0.39 sys=0.02, real=0.10 secs]
2014-07-28T04:09:38.337+0000: 622.019: [GC2014-07-28T04:09:38.339+0000: 622.020: [ParNew: 92160K->10240K(92160K), 0.0917170 secs] 12516360K->12460357K(20961280K), 0.0938060 secs] [Times: user=0.40 sys=0.03, real=0.09 secs]
2014-07-28T04:09:38.877+0000: 622.558: [GC2014-07-28T04:09:38.878+0000: 622.559: [ParNew: 92156K->10240K(92160K), 0.1005990 secs] 12542274K->12487872K(20961280K), 0.1027380 secs] [Times: user=0.39 sys=0.02, real=0.10 secs]
2014-07-28T04:09:39.519+0000: 623.200: [GC2014-07-28T04:09:39.520+0000: 623.202: [ParNew: 92154K->10240K(92160K), 0.0904550 secs] 12569786K->12512531K(20961280K), 0.0926150 secs] [Times: user=0.41 sys=0.01, real=0.09 secs]
2014-07-28T04:09:40.046+0000: 623.727: [GC2014-07-28T04:09:40.047+0000: 623.728: [ParNew: 92160K->10240K(92160K), 0.0927400 secs] 12594451K->12537261K(20961280K), 0.0948160 secs] [Times: user=0.39 sys=0.03, real=0.10 secs]
2014-07-28T04:09:40.818+0000: 624.500: [GC2014-07-28T04:09:40.819+0000: 624.501: [ParNew: 92157K->10240K(92160K), 0.0943420 secs] 12619179K->12563458K(20961280K), 0.0964030 secs] [Times: user=0.39 sys=0.03, real=0.10 secs]
2014-07-28T04:09:43.085+0000: 626.766: [GC2014-07-28T04:09:43.086+0000: 626.767: [ParNew: 92160K->10240K(92160K), 0.0927530 secs] 12645378K->12590450K(20961280K), 0.0948400 secs] [Times: user=0.41 sys=0.01, real=0.09 secs]
2014-07-28T04:09:43.520+0000: 627.201: [GC2014-07-28T04:09:43.521+0000: 627.202: [ParNew: 92160K->10240K(92160K), 0.0851380 secs] 12672370K->12614986K(20961280K), 0.0872170 secs] [Times: user=0.41 sys=0.01, real=0.09 secs]
2014-07-28T04:09:44.235+0000: 627.917: [GC2014-07-28T04:09:44.236+0000: 627.918: [ParNew: 92160K->10240K(92160K), 0.0875410 secs] 12696906K->12640146K(20961280K), 0.0896930 secs] [Times: user=0.42 sys=0.01, real=0.09 secs]
2014-07-28T04:09:44.567+0000: 628.248: [GC2014-07-28T04:09:44.568+0000: 628.249: [ParNew: 92160K->10240K(92160K), 0.0985470 secs] 12722066K->12671074K(20961280K), 0.1006130 secs] [Times: user=0.39 sys=0.05, real=0.10 secs]
2014-07-28T04:09:44.802+0000: 628.483: [GC2014-07-28T04:09:44.803+0000: 628.484: [ParNew: 92160K->10240K(92160K), 0.0844330 secs] 12752994K->12698128K(20961280K), 0.0865370 secs] [Times: user=0.42 sys=0.01, real=0.09 secs]
2014-07-28T04:09:45.015+0000: 628.696: [GC2014-07-28T04:09:45.016+0000: 628.698: [ParNew: 92160K->10240K(92160K), 0.0821200 secs] 12780048K->12723585K(20961280K), 0.0842110 secs] [Times: user=0.39 sys=0.03, real=0.08 secs]
2014-07-28T04:09:45.303+0000: 628.985: [GC2014-07-28T04:09:45.304+0000: 628.986: [ParNew: 92160K->10240K(92160K), 0.0672880 secs] 12805505K->12746431K(20961280K), 0.0693600 secs] [Times: user=0.38 sys=0.02, real=0.07 secs]
2014-07-28T04:09:45.791+0000: 629.472: [GC2014-07-28T04:09:45.792+0000: 629.473: [ParNew: 92160K->10240K(92160K), 0.0749920 secs] 12828351K->12774411K(20961280K), 0.0770580 secs] [Times: user=0.38 sys=0.02, real=0.08 secs]
2014-07-28T04:09:46.215+0000: 629.896: [GC2014-07-28T04:09:46.216+0000: 629.897: [ParNew: 92160K->10240K(92160K), 0.0698650 secs] 12856331K->12798772K(20961280K), 0.0719540 secs] [Times: user=0.36 sys=0.03, real=0.07 secs]
2014-07-28T04:09:47.064+0000: 630.746: [GC2014-07-28T04:09:47.065+0000: 630.747: [ParNew: 92160K->10240K(92160K), 0.0731490 secs] 12880692K->12823008K(20961280K), 0.0752390 secs] [Times: user=0.39 sys=0.01, real=0.07 secs]
2014-07-28T04:09:47.789+0000: 631.471: [GC2014-07-28T04:09:47.790+0000: 631.472: [ParNew: 92158K->10240K(92160K), 0.0732430 secs] 12904927K->12847913K(20961280K), 0.0753810 secs] [Times: user=0.39 sys=0.01, real=0.08 secs]
2014-07-28T04:09:48.450+0000: 632.131: [GC2014-07-28T04:09:48.451+0000: 632.132: [ParNew: 92146K->10240K(92160K), 0.0689050 secs] 12929820K->12873798K(20961280K), 0.0709830 secs] [Times: user=0.37 sys=0.01, real=0.08 secs]
2014-07-28T04:09:49.008+0000: 632.689: [GC2014-07-28T04:09:49.009+0000: 632.691: [ParNew: 92160K->10240K(92160K), 0.0763040 secs] 12955718K->12902365K(20961280K), 0.0784060 secs] [Times: user=0.39 sys=0.02, real=0.08 secs]
2014-07-28T04:09:49.635+0000: 633.316: [GC2014-07-28T04:09:49.636+0000: 633.317: [ParNew: 92160K->10240K(92160K), 0.0698640 secs] 12984285K->12927166K(20961280K), 0.0719570 secs] [Times: user=0.37 sys=0.03, real=0.07 secs]
2014-07-28T04:09:50.152+0000: 633.833: [GC2014-07-28T04:09:50.153+0000: 633.834: [ParNew: 92151K->10240K(92160K), 0.0699940 secs] 13009078K->12951164K(20961280K), 0.0721050 secs] [Times: user=0.37 sys=0.01, real=0.08 secs]
2014-07-28T04:09:50.936+0000: 634.617: [GC2014-07-28T04:09:50.937+0000: 634.618: [ParNew: 92160K->10240K(92160K), 0.0789050 secs] 13033084K->12977586K(20961280K), 0.0809890 secs] [Times: user=0.38 sys=0.02, real=0.08 secs]
2014-07-28T04:09:53.206+0000: 636.887: [GC2014-07-28T04:09:53.207+0000: 636.888: [ParNew: 92160K->10240K(92160K), 0.0715660 secs] 13059506K->13004228K(20961280K), 0.0736550 secs] [Times: user=0.38 sys=0.02, real=0.07 secs]
2014-07-28T04:09:53.627+0000: 637.309: [GC2014-07-28T04:09:53.628+0000: 637.310: [ParNew: 92160K->10240K(92160K), 0.0736690 secs] 13086148K->13030018K(20961280K), 0.0757240 secs] [Times: user=0.37 sys=0.03, real=0.08 secs]
2014-07-28T04:09:54.345+0000: 638.026: [GC2014-07-28T04:09:54.346+0000: 638.028: [ParNew: 92160K->10240K(92160K), 0.0855700 secs] 13111938K->13055576K(20961280K), 0.0880170 secs] [Times: user=0.38 sys=0.02, real=0.09 secs]
2014-07-28T04:09:54.746+0000: 638.427: [GC2014-07-28T04:09:54.747+0000: 638.428: [ParNew: 92160K->10240K(92160K), 0.0759110 secs] 13137496K->13081790K(20961280K), 0.0779850 secs] [Times: user=0.41 sys=0.01, real=0.08 secs]
2014-07-28T04:09:54.951+0000: 638.633: [GC2014-07-28T04:09:54.952+0000: 638.634: [ParNew: 92160K->10240K(92160K), 0.0797050 secs] 13163710K->13111176K(20961280K), 0.0817630 secs] [Times: user=0.39 sys=0.02, real=0.09 secs]
2014-07-28T04:09:55.157+0000: 638.839: [GC2014-07-28T04:09:55.158+0000: 638.840: [ParNew: 92160K->10240K(92160K), 0.0772160 secs] 13193096K->13136780K(20961280K), 0.0793790 secs] [Times: user=0.39 sys=0.01, real=0.08 secs]
2014-07-28T04:09:55.436+0000: 639.117: [GC2014-07-28T04:09:55.437+0000: 639.118: [ParNew: 92151K->10240K(92160K), 0.0713780 secs] 13218691K->13158852K(20961280K), 0.0734600 secs] [Times: user=0.39 sys=0.02, real=0.07 secs]
2014-07-28T04:09:55.933+0000: 639.614: [GC2014-07-28T04:09:55.934+0000: 639.615: [ParNew: 92160K->10240K(92160K), 0.0784820 secs] 13240772K->13185186K(20961280K), 0.0805540 secs] [Times: user=0.39 sys=0.03, real=0.09 secs]
2014-07-28T04:09:56.312+0000: 639.994: [GC2014-07-28T04:09:56.313+0000: 639.995: [ParNew: 92159K->10240K(92160K), 0.0749710 secs] 13267105K->13210221K(20961280K), 0.0770360 secs] [Times: user=0.39 sys=0.03, real=0.08 secs]
2014-07-28T04:09:57.031+0000: 640.713: [GC2014-07-28T04:09:57.032+0000: 640.714: [ParNew: 92152K->10240K(92160K), 0.0772730 secs] 13292133K->13235395K(20961280K), 0.0793620 secs] [Times: user=0.40 sys=0.01, real=0.08 secs]
2014-07-28T04:09:57.874+0000: 641.555: [GC2014-07-28T04:09:57.875+0000: 641.556: [ParNew: 92160K->10240K(92160K), 0.0781730 secs] 13317315K->13260442K(20961280K), 0.0802900 secs] [Times: user=0.40 sys=0.01, real=0.09 secs]
2014-07-28T04:09:58.571+0000: 642.253: [GC2014-07-28T04:09:58.572+0000: 642.254: [ParNew: 92146K->10240K(92160K), 0.0762860 secs] 13342348K->13285600K(20961280K), 0.0783370 secs] [Times: user=0.39 sys=0.01, real=0.08 secs]
2014-07-28T04:09:59.151+0000: 642.832: [GC2014-07-28T04:09:59.152+0000: 642.833: [ParNew: 92159K->10240K(92160K), 0.0815720 secs] 13367520K->13313248K(20961280K), 0.0836780 secs] [Times: user=0.39 sys=0.02, real=0.09 secs]
2014-07-28T04:09:59.769+0000: 643.451: [GC2014-07-28T04:09:59.770+0000: 643.452: [ParNew: 92160K->10240K(92160K), 0.0745120 secs] 13395168K->13337714K(20961280K), 0.0766750 secs] [Times: user=0.38 sys=0.02, real=0.08 secs]
2014-07-28T04:10:00.156+0000: 643.837: [GC2014-07-28T04:10:00.157+0000: 643.838: [ParNew: 92160K->10240K(92160K), 0.0753780 secs] 13419634K->13362340K(20961280K), 0.0774330 secs] [Times: user=0.35 sys=0.01, real=0.08 secs]
2014-07-28T04:10:01.077+0000: 644.759: [GC2014-07-28T04:10:01.078+0000: 644.760: [ParNew: 92146K->10240K(92160K), 0.0877570 secs] 13444247K->13387682K(20961280K), 0.0899340 secs] [Times: user=0.41 sys=0.00, real=0.09 secs]
2014-07-28T04:10:03.343+0000: 647.024: [GC2014-07-28T04:10:03.344+0000: 647.025: [ParNew: 92160K->10240K(92160K), 0.0758540 secs] 13469602K->13413842K(20961280K), 0.0780210 secs] [Times: user=0.39 sys=0.02, real=0.08 secs]
2014-07-28T04:10:03.761+0000: 647.442: [GC2014-07-28T04:10:03.762+0000: 647.443: [ParNew: 92154K->10240K(92160K), 0.0685300 secs] 13495757K->13439587K(20961280K), 0.0706960 secs] [Times: user=0.36 sys=0.04, real=0.08 secs]
2014-07-28T04:10:04.493+0000: 648.175: [GC2014-07-28T04:10:04.494+0000: 648.176: [ParNew: 92160K->10240K(92160K), 0.0742800 secs] 13521507K->13464630K(20961280K), 0.0764390 secs] [Times: user=0.39 sys=0.02, real=0.08 secs]
2014-07-28T04:10:04.885+0000: 648.567: [GC2014-07-28T04:10:04.887+0000: 648.568: [ParNew: 92159K->10240K(92160K), 0.0746580 secs] 13546549K->13491994K(20961280K), 0.0767830 secs] [Times: user=0.38 sys=0.04, real=0.08 secs]
2014-07-28T04:10:05.094+0000: 648.776: [GC2014-07-28T04:10:05.096+0000: 648.777: [ParNew: 92160K->10240K(92160K), 0.0779940 secs] 13573914K->13521349K(20961280K), 0.0800770 secs] [Times: user=0.40 sys=0.01, real=0.08 secs]
2014-07-28T04:10:05.299+0000: 648.980: [GC2014-07-28T04:10:05.300+0000: 648.981: [ParNew: 92160K->10240K(92160K), 0.0707500 secs] 13603269K->13547436K(20961280K), 0.0728890 secs] [Times: user=0.37 sys=0.02, real=0.08 secs]
2014-07-28T04:10:05.546+0000: 649.228: [GC2014-07-28T04:10:05.548+0000: 649.229: [ParNew: 92154K->10240K(92160K), 0.1081680 secs] 13629351K->13569585K(20961280K), 0.1107350 secs] [Times: user=0.38 sys=0.01, real=0.11 secs]
2014-07-28T04:10:06.060+0000: 649.741: [GC2014-07-28T04:10:06.061+0000: 649.742: [ParNew: 92147K->10240K(92160K), 0.0692520 secs] 13651493K->13595754K(20961280K), 0.0713380 secs] [Times: user=0.36 sys=0.02, real=0.08 secs]
2014-07-28T04:10:06.414+0000: 650.095: [GC2014-07-28T04:10:06.415+0000: 650.096: [ParNew: 92158K->10240K(92160K), 0.0662020 secs] 13677672K->13621182K(20961280K), 0.0683010 secs] [Times: user=0.37 sys=0.01, real=0.07 secs]
2014-07-28T04:10:07.031+0000: 650.712: [GC2014-07-28T04:10:07.032+0000: 650.713: [ParNew: 92158K->10240K(92160K), 0.0691310 secs] 13703101K->13646157K(20961280K), 0.0711870 secs] [Times: user=0.40 sys=0.01, real=0.07 secs]
2014-07-28T04:10:07.867+0000: 651.548: [GC2014-07-28T04:10:07.868+0000: 651.549: [ParNew: 92160K->10240K(92160K), 0.0663370 secs] 13728077K->13671649K(20961280K), 0.0683940 secs] [Times: user=0.34 sys=0.03, real=0.07 secs]
2014-07-28T04:10:08.456+0000: 652.137: [GC2014-07-28T04:10:08.457+0000: 652.138: [ParNew: 92160K->10240K(92160K), 0.0669970 secs] 13753569K->13697107K(20961280K), 0.0690600 secs] [Times: user=0.38 sys=0.02, real=0.07 secs]
2014-07-28T04:10:09.262+0000: 652.944: [GC2014-07-28T04:10:09.263+0000: 652.945: [ParNew: 92160K->10240K(92160K), 0.0709160 secs] 13779027K->13724071K(20961280K), 0.0729890 secs] [Times: user=0.40 sys=0.02, real=0.07 secs]
2014-07-28T04:10:09.898+0000: 653.579: [GC2014-07-28T04:10:09.899+0000: 653.580: [ParNew: 92159K->10240K(92160K), 0.0674760 secs] 13805990K->13748891K(20961280K), 0.0696120 secs] [Times: user=0.39 sys=0.02, real=0.07 secs]
2014-07-28T04:10:10.251+0000: 653.932: [GC2014-07-28T04:10:10.252+0000: 653.933: [ParNew: 92159K->10240K(92160K), 0.0694850 secs] 13830811K->13774672K(20961280K), 0.0715980 secs] [Times: user=0.37 sys=0.03, real=0.07 secs]
2014-07-28T04:10:11.185+0000: 654.866: [GC2014-07-28T04:10:11.186+0000: 654.867: [ParNew: 92160K->10240K(92160K), 0.0672250 secs] 13856592K->13799666K(20961280K), 0.0693150 secs] [Times: user=0.37 sys=0.02, real=0.07 secs]
2014-07-28T04:10:13.448+0000: 657.129: [GC2014-07-28T04:10:13.449+0000: 657.130: [ParNew: 92160K->10240K(92160K), 0.0675090 secs] 13881586K->13825754K(20961280K), 0.0695680 secs] [Times: user=0.38 sys=0.02, real=0.07 secs]
2014-07-28T04:10:13.854+0000: 657.536: [GC2014-07-28T04:10:13.855+0000: 657.537: [ParNew: 92160K->10240K(92160K), 0.0650630 secs] 13907674K->13851412K(20961280K), 0.0671100 secs] [Times: user=0.37 sys=0.02, real=0.07 secs]
2014-07-28T04:10:14.604+0000: 658.286: [GC2014-07-28T04:10:14.605+0000: 658.287: [ParNew: 92148K->10240K(92160K), 0.0661130 secs] 13933320K->13876491K(20961280K), 0.0681650 secs] [Times: user=0.39 sys=0.01, real=0.07 secs]
2014-07-28T04:10:15.026+0000: 658.707: [GC2014-07-28T04:10:15.027+0000: 658.708: [ParNew: 92151K->10240K(92160K), 0.0682370 secs] 13958402K->13904091K(20961280K), 0.0703220 secs] [Times: user=0.37 sys=0.02, real=0.07 secs]
2014-07-28T04:10:15.255+0000: 658.936: [GC2014-07-28T04:10:15.256+0000: 658.937: [ParNew: 92160K->10240K(92160K), 0.0671890 secs] 13986011K->13932124K(20961280K), 0.0693370 secs] [Times: user=0.35 sys=0.03, real=0.07 secs]
2014-07-28T04:10:15.464+0000: 659.145: [GC2014-07-28T04:10:15.465+0000: 659.146: [ParNew: 92160K->10240K(92160K), 0.0730630 secs] 14014044K->13958301K(20961280K), 0.0753500 secs] [Times: user=0.39 sys=0.03, real=0.07 secs]
2014-07-28T04:10:15.680+0000: 659.362: [GC2014-07-28T04:10:15.681+0000: 659.363: [ParNew: 92155K->10240K(92160K), 0.0588740 secs] 14040216K->13981590K(20961280K), 0.0609500 secs] [Times: user=0.38 sys=0.02, real=0.07 secs]
2014-07-28T04:10:16.158+0000: 659.840: [GC2014-07-28T04:10:16.159+0000: 659.841: [ParNew: 92160K->10240K(92160K), 0.0652240 secs] 14063510K->14007405K(20961280K), 0.0672940 secs] [Times: user=0.37 sys=0.01, real=0.07 secs]
2014-07-28T04:10:16.362+0000: 660.044: [GC2014-07-28T04:10:16.363+0000: 660.045: [ParNew: 92158K->10240K(92160K), 0.0792060 secs] 14089323K->14032479K(20961280K), 0.0814000 secs] [Times: user=0.37 sys=0.02, real=0.08 secs]
2014-07-28T04:10:17.015+0000: 660.696: [GC2014-07-28T04:10:17.016+0000: 660.697: [ParNew: 92160K->10240K(92160K), 0.0625910 secs] 14114399K->14057677K(20961280K), 0.0646730 secs] [Times: user=0.36 sys=0.01, real=0.06 secs]
2014-07-28T04:10:17.956+0000: 661.637: [GC2014-07-28T04:10:17.957+0000: 661.638: [ParNew: 92160K->10240K(92160K), 0.0643540 secs] 14139597K->14083879K(20961280K), 0.0664380 secs] [Times: user=0.37 sys=0.02, real=0.07 secs]
2014-07-28T04:10:18.541+0000: 662.223: [GC2014-07-28T04:10:18.543+0000: 662.224: [ParNew: 92160K->10240K(92160K), 0.0669990 secs] 14165799K->14108717K(20961280K), 0.0694840 secs] [Times: user=0.36 sys=0.03, real=0.08 secs]
2014-07-28T04:10:19.367+0000: 663.049: [GC2014-07-28T04:10:19.368+0000: 663.050: [ParNew: 92159K->10240K(92160K), 0.0643530 secs] 14190637K->14135864K(20961280K), 0.0664780 secs] [Times: user=0.33 sys=0.04, real=0.07 secs]
2014-07-28T04:10:19.987+0000: 663.669: [GC2014-07-28T04:10:19.988+0000: 663.670: [ParNew: 92145K->10240K(92160K), 0.0655050 secs] 14217769K->14160525K(20961280K), 0.0675710 secs] [Times: user=0.40 sys=0.01, real=0.07 secs]
2014-07-28T04:10:20.341+0000: 664.023: [GC2014-07-28T04:10:20.342+0000: 664.024: [ParNew: 92151K->10240K(92160K), 0.0636540 secs] 14242436K->14185909K(20961280K), 0.0657900 secs] [Times: user=0.34 sys=0.02, real=0.07 secs]
2014-07-28T04:10:20.985+0000: 664.667: [GC2014-07-28T04:10:20.986+0000: 664.668: [ParNew: 92158K->10240K(92160K), 0.0585690 secs] 14267827K->14211010K(20961280K), 0.0606550 secs] [Times: user=0.34 sys=0.01, real=0.06 secs]
2014-07-28T04:10:23.541+0000: 667.222: [GC2014-07-28T04:10:23.542+0000: 667.223: [ParNew: 92160K->10240K(92160K), 0.0603810 secs] 14292930K->14236854K(20961280K), 0.0624480 secs] [Times: user=0.37 sys=0.00, real=0.07 secs]
2014-07-28T04:10:23.940+0000: 667.621: [GC2014-07-28T04:10:23.941+0000: 667.622: [ParNew: 92155K->10240K(92160K), 0.0575340 secs] 14318770K->14261699K(20961280K), 0.0595860 secs] [Times: user=0.36 sys=0.02, real=0.06 secs]
2014-07-28T04:10:24.509+0000: 668.190: [GC2014-07-28T04:10:24.510+0000: 668.191: [ParNew: 92155K->10240K(92160K), 0.0578600 secs] 14343614K->14286763K(20961280K), 0.0599100 secs] [Times: user=0.36 sys=0.01, real=0.07 secs]
2014-07-28T04:10:25.143+0000: 668.825: [GC2014-07-28T04:10:25.144+0000: 668.826: [ParNew: 92160K->10240K(92160K), 0.0590300 secs] 14368683K->14313642K(20961280K), 0.0611220 secs] [Times: user=0.36 sys=0.02, real=0.06 secs]
2014-07-28T04:10:25.389+0000: 669.070: [GC2014-07-28T04:10:25.390+0000: 669.072: [ParNew: 92160K->10240K(92160K), 0.0603880 secs] 14395562K->14341249K(20961280K), 0.0625920 secs] [Times: user=0.36 sys=0.02, real=0.07 secs]
2014-07-28T04:10:25.608+0000: 669.290: [GC2014-07-28T04:10:25.609+0000: 669.291: [ParNew: 92160K->10240K(92160K), 0.0617190 secs] 14423169K->14368810K(20961280K), 0.0637960 secs] [Times: user=0.39 sys=0.02, real=0.07 secs]
2014-07-28T04:10:25.807+0000: 669.488: [GC2014-07-28T04:10:25.808+0000: 669.489: [ParNew: 92160K->10240K(92160K), 0.0537280 secs] 14450730K->14391805K(20961280K), 0.0559190 secs] [Times: user=0.34 sys=0.02, real=0.06 secs]
2014-07-28T04:10:26.283+0000: 669.964: [GC2014-07-28T04:10:26.284+0000: 669.965: [ParNew: 92160K->10240K(92160K), 0.0561920 secs] 14473725K->14416689K(20961280K), 0.0583070 secs] [Times: user=0.36 sys=0.02, real=0.06 secs]
2014-07-28T04:10:26.502+0000: 670.183: [GC2014-07-28T04:10:26.503+0000: 670.184: [ParNew: 92157K->10240K(92160K), 0.0534290 secs] 14498607K->14442286K(20961280K), 0.0555440 secs] [Times: user=0.34 sys=0.01, real=0.06 secs]
2014-07-28T04:10:27.100+0000: 670.782: [GC2014-07-28T04:10:27.101+0000: 670.783: [ParNew: 92160K->10240K(92160K), 0.0521230 secs] 14524206K->14467702K(20961280K), 0.0541850 secs] [Times: user=0.36 sys=0.00, real=0.06 secs]
2014-07-28T04:10:28.079+0000: 671.760: [GC2014-07-28T04:10:28.080+0000: 671.761: [ParNew: 92143K->10240K(92160K), 0.0518630 secs] 14549605K->14493436K(20961280K), 0.0539150 secs] [Times: user=0.34 sys=0.01, real=0.06 secs]
2014-07-28T04:10:28.554+0000: 672.236: [GC2014-07-28T04:10:28.555+0000: 672.237: [ParNew: 92160K->10240K(92160K), 0.0521550 secs] 14575356K->14518331K(20961280K), 0.0542210 secs] [Times: user=0.35 sys=0.02, real=0.06 secs]
2014-07-28T04:10:29.493+0000: 673.175: [GC2014-07-28T04:10:29.494+0000: 673.176: [ParNew: 92160K->10240K(92160K), 0.0512940 secs] 14600251K->14544782K(20961280K), 0.0534240 secs] [Times: user=0.32 sys=0.02, real=0.05 secs]
2014-07-28T04:10:30.072+0000: 673.753: [GC2014-07-28T04:10:30.073+0000: 673.754: [ParNew: 92153K->10240K(92160K), 0.0498500 secs] 14626695K->14569285K(20961280K), 0.0519710 secs] [Times: user=0.32 sys=0.01, real=0.05 secs]
2014-07-28T04:10:30.319+0000: 674.000: [GC2014-07-28T04:10:30.320+0000: 674.001: [ParNew: 92160K->10240K(92160K), 0.0493790 secs] 14651205K->14594299K(20961280K), 0.0514460 secs] [Times: user=0.30 sys=0.03, real=0.06 secs]
2014-07-28T04:10:30.978+0000: 674.659: [GC2014-07-28T04:10:30.979+0000: 674.660: [ParNew: 92160K->10240K(92160K), 0.0493540 secs] 14676219K->14619396K(20961280K), 0.0514730 secs] [Times: user=0.32 sys=0.01, real=0.06 secs]
2014-07-28T04:10:33.413+0000: 677.095: [GC2014-07-28T04:10:33.414+0000: 677.096: [ParNew: 92160K->10240K(92160K), 0.0525460 secs] 14701316K->14644262K(20961280K), 0.0546510 secs] [Times: user=0.34 sys=0.01, real=0.05 secs]
2014-07-28T04:10:33.800+0000: 677.481: [GC2014-07-28T04:10:33.801+0000: 677.482: [ParNew: 92156K->10240K(92160K), 0.0523730 secs] 14726179K->14669528K(20961280K), 0.0544520 secs] [Times: user=0.34 sys=0.01, real=0.06 secs]
2014-07-28T04:10:34.541+0000: 678.222: [GC2014-07-28T04:10:34.542+0000: 678.223: [ParNew: 92155K->10240K(92160K), 0.0531780 secs] 14751443K->14694811K(20961280K), 0.0553080 secs] [Times: user=0.35 sys=0.01, real=0.06 secs]
2014-07-28T04:10:35.234+0000: 678.916: [GC2014-07-28T04:10:35.235+0000: 678.917: [ParNew: 92160K->10240K(92160K), 0.0548290 secs] 14776731K->14720531K(20961280K), 0.0568870 secs] [Times: user=0.37 sys=0.00, real=0.06 secs]
2014-07-28T04:10:35.496+0000: 679.178: [GC2014-07-28T04:10:35.497+0000: 679.179: [ParNew: 92160K->10240K(92160K), 0.1172100 secs] 14802451K->14748645K(20961280K), 0.1193060 secs] [Times: user=0.47 sys=0.00, real=0.12 secs]
2014-07-28T04:10:35.776+0000: 679.458: [GC2014-07-28T04:10:35.777+0000: 679.459: [ParNew: 92160K->10240K(92160K), 0.1091540 secs] 14830565K->14784769K(20961280K), 0.1114700 secs] [Times: user=0.38 sys=0.02, real=0.11 secs]
2014-07-28T04:10:36.001+0000: 679.682: [GC2014-07-28T04:10:36.002+0000: 679.683: [ParNew: 92160K->10240K(92160K), 0.0549210 secs] 14866689K->14828574K(20961280K), 0.0571320 secs] [Times: user=0.35 sys=0.02, real=0.06 secs]
2014-07-28T04:10:36.216+0000: 679.897: [GC2014-07-28T04:10:36.217+0000: 679.898: [ParNew: 92160K->10240K(92160K), 0.0522760 secs] 14910494K->14851576K(20961280K), 0.0544490 secs] [Times: user=0.36 sys=0.00, real=0.06 secs]
2014-07-28T04:10:36.524+0000: 680.205: [GC2014-07-28T04:10:36.526+0000: 680.207: [ParNew: 92160K->10240K(92160K), 0.0787080 secs] 14933496K->14878663K(20961280K), 0.0811900 secs] [Times: user=0.40 sys=0.01, real=0.08 secs]
2014-07-28T04:10:37.044+0000: 680.725: [GC2014-07-28T04:10:37.045+0000: 680.726: [ParNew: 92160K->10240K(92160K), 0.0514620 secs] 14960583K->14903438K(20961280K), 0.0535920 secs] [Times: user=0.32 sys=0.02, real=0.06 secs]
2014-07-28T04:10:37.967+0000: 681.648: [GC2014-07-28T04:10:37.968+0000: 681.649: [ParNew: 92160K->10240K(92160K), 0.0548120 secs] 14985358K->14929858K(20961280K), 0.0569340 secs] [Times: user=0.35 sys=0.03, real=0.06 secs]
2014-07-28T04:10:38.512+0000: 682.193: [GC2014-07-28T04:10:38.513+0000: 682.194: [ParNew: 92144K->10240K(92160K), 0.0563580 secs] 15011762K->14957075K(20961280K), 0.0585060 secs] [Times: user=0.37 sys=0.01, real=0.06 secs]
2014-07-28T04:10:39.166+0000: 682.848: [GC2014-07-28T04:10:39.168+0000: 682.849: [ParNew: 92160K->10240K(92160K), 0.0532020 secs] 15038995K->14981215K(20961280K), 0.0553200 secs] [Times: user=0.35 sys=0.01, real=0.06 secs]
2014-07-28T04:10:39.760+0000: 683.441: [GC2014-07-28T04:10:39.761+0000: 683.442: [ParNew: 92156K->10240K(92160K), 0.0550720 secs] 15063132K->15006856K(20961280K), 0.0572020 secs] [Times: user=0.35 sys=0.01, real=0.06 secs]
2014-07-28T04:10:40.331+0000: 684.012: [GC2014-07-28T04:10:40.332+0000: 684.013: [ParNew: 92156K->10240K(92160K), 0.0563500 secs] 15088773K->15035563K(20961280K), 0.0584570 secs] [Times: user=0.36 sys=0.02, real=0.06 secs]
2014-07-28T04:10:40.944+0000: 684.626: [GC2014-07-28T04:10:40.945+0000: 684.627: [ParNew: 92160K->10240K(92160K), 0.0603740 secs] 15117483K->15060771K(20961280K), 0.0625580 secs] [Times: user=0.39 sys=0.01, real=0.06 secs]
2014-07-28T04:10:41.785+0000: 685.467: [GC2014-07-28T04:10:41.786+0000: 685.468: [ParNew: 92145K->10240K(92160K), 0.0772040 secs] 15142677K->15083880K(20961280K), 0.0794340 secs] [Times: user=0.43 sys=0.02, real=0.08 secs]
2014-07-28T04:10:43.840+0000: 687.521: [GC2014-07-28T04:10:43.841+0000: 687.523: [ParNew: 92160K->10240K(92160K), 0.0525410 secs] 15165800K->15109887K(20961280K), 0.0547340 secs] [Times: user=0.35 sys=0.00, real=0.05 secs]
2014-07-28T04:10:44.539+0000: 688.220: [GC2014-07-28T04:10:44.540+0000: 688.221: [ParNew: 92160K->10240K(92160K), 0.0557980 secs] 15191807K->15136852K(20961280K), 0.0578750 secs] [Times: user=0.34 sys=0.02, real=0.06 secs]
2014-07-28T04:10:44.960+0000: 688.642: [GC2014-07-28T04:10:44.961+0000: 688.643: [ParNew: 92160K->10240K(92160K), 0.0564900 secs] 15218772K->15161403K(20961280K), 0.0585460 secs] [Times: user=0.38 sys=0.00, real=0.06 secs]
2014-07-28T04:10:45.648+0000: 689.329: [GC2014-07-28T04:10:45.649+0000: 689.330: [ParNew: 92153K->10240K(92160K), 0.0505970 secs] 15243316K->15186645K(20961280K), 0.0526630 secs] [Times: user=0.34 sys=0.00, real=0.06 secs]
2014-07-28T04:10:45.994+0000: 689.676: [GC2014-07-28T04:10:45.996+0000: 689.677: [ParNew: 92160K->10240K(92160K), 0.0641380 secs] 15268565K->15212471K(20961280K), 0.0665780 secs] [Times: user=0.34 sys=0.01, real=0.07 secs]
2014-07-28T04:10:46.175+0000: 689.857: [GC2014-07-28T04:10:46.176+0000: 689.858: [ParNew: 92160K->10240K(92160K), 0.0558880 secs] 15294391K->15247302K(20961280K), 0.0579920 secs] [Times: user=0.34 sys=0.03, real=0.06 secs]
2014-07-28T04:10:46.367+0000: 690.048: [GC2014-07-28T04:10:46.368+0000: 690.049: [ParNew: 92160K->10240K(92160K), 0.0512810 secs] 15329222K->15273725K(20961280K), 0.0534040 secs] [Times: user=0.34 sys=0.02, real=0.06 secs]
2014-07-28T04:10:46.627+0000: 690.308: [GC2014-07-28T04:10:46.628+0000: 690.309: [ParNew: 92160K->10240K(92160K), 0.0509700 secs] 15355645K->15298443K(20961280K), 0.0530590 secs] [Times: user=0.34 sys=0.01, real=0.06 secs]
2014-07-28T04:10:47.109+0000: 690.791: [GC2014-07-28T04:10:47.110+0000: 690.792: [ParNew: 92144K->10240K(92160K), 0.0497310 secs] 15380348K->15321596K(20961280K), 0.0518190 secs] [Times: user=0.32 sys=0.02, real=0.06 secs]
2014-07-28T04:10:48.043+0000: 691.724: [GC2014-07-28T04:10:48.044+0000: 691.725: [ParNew: 92160K->10240K(92160K), 0.0526970 secs] 15403516K->15348011K(20961280K), 0.0547550 secs] [Times: user=0.33 sys=0.02, real=0.06 secs]
2014-07-28T04:10:48.599+0000: 692.280: [GC2014-07-28T04:10:48.600+0000: 692.281: [ParNew: 92160K->10240K(92160K), 0.0577730 secs] 15429931K->15376278K(20961280K), 0.0598790 secs] [Times: user=0.39 sys=0.01, real=0.06 secs]
2014-07-28T04:10:49.242+0000: 692.924: [GC2014-07-28T04:10:49.243+0000: 692.925: [ParNew: 92160K->10240K(92160K), 0.0506950 secs] 15458198K->15400694K(20961280K), 0.0527690 secs] [Times: user=0.34 sys=0.02, real=0.05 secs]
2014-07-28T04:10:49.839+0000: 693.521: [GC2014-07-28T04:10:49.840+0000: 693.522: [ParNew: 92159K->10240K(92160K), 0.0503980 secs] 15482614K->15425122K(20961280K), 0.0524640 secs] [Times: user=0.33 sys=0.02, real=0.05 secs]
2014-07-28T04:10:50.425+0000: 694.106: [GC2014-07-28T04:10:50.426+0000: 694.107: [ParNew: 92160K->10240K(92160K), 0.0670810 secs] 15507042K->15455037K(20961280K), 0.0695860 secs] [Times: user=0.38 sys=0.00, real=0.07 secs]
2014-07-28T04:10:51.035+0000: 694.716: [GC2014-07-28T04:10:51.036+0000: 694.717: [ParNew: 92160K->10240K(92160K), 0.0525720 secs] 15536957K->15479508K(20961280K), 0.0546600 secs] [Times: user=0.33 sys=0.03, real=0.06 secs]
2014-07-28T04:10:51.816+0000: 695.497: [GC2014-07-28T04:10:51.817+0000: 695.499: [ParNew: 92160K->10240K(92160K), 0.0908430 secs] 15561428K->15503334K(20961280K), 0.1564570 secs] [Times: user=0.51 sys=0.02, real=0.16 secs]
2014-07-28T04:10:53.916+0000: 697.597: [GC2014-07-28T04:10:53.917+0000: 697.598: [ParNew: 92160K->10240K(92160K), 0.0629150 secs] 15585254K->15529946K(20961280K), 0.0649870 secs] [Times: user=0.36 sys=0.03, real=0.07 secs]
2014-07-28T04:10:54.620+0000: 698.302: [GC2014-07-28T04:10:54.621+0000: 698.303: [ParNew: 92160K->10240K(92160K), 0.0693080 secs] 15611866K->15557133K(20961280K), 0.0713710 secs] [Times: user=0.36 sys=0.06, real=0.07 secs]
2014-07-28T04:10:55.037+0000: 698.718: [GC2014-07-28T04:10:55.038+0000: 698.719: [ParNew: 92145K->10240K(92160K), 0.0690950 secs] 15639038K->15581855K(20961280K), 0.0711450 secs] [Times: user=0.36 sys=0.04, real=0.07 secs]
2014-07-28T04:10:55.534+0000: 699.215: [GC2014-07-28T04:10:55.535+0000: 699.216: [ParNew: 92160K->10240K(92160K), 0.0680480 secs] 15663775K->15606691K(20961280K), 0.0701520 secs] [Times: user=0.39 sys=0.04, real=0.07 secs]
2014-07-28T04:10:56.085+0000: 699.766: [GC2014-07-28T04:10:56.086+0000: 699.767: [ParNew: 92160K->10240K(92160K), 0.0688760 secs] 15688611K->15633956K(20961280K), 0.0709950 secs] [Times: user=0.37 sys=0.03, real=0.07 secs]
2014-07-28T04:10:56.317+0000: 699.998: [GC2014-07-28T04:10:56.318+0000: 699.999: [ParNew: 92160K->10240K(92160K), 0.0673470 secs] 15715876K->15661163K(20961280K), 0.0694690 secs] [Times: user=0.35 sys=0.06, real=0.07 secs]
2014-07-28T04:10:56.492+0000: 700.173: [GC2014-07-28T04:10:56.493+0000: 700.174: [ParNew: 92160K->10240K(92160K), 0.0708070 secs] 15743083K->15692010K(20961280K), 0.0729540 secs] [Times: user=0.34 sys=0.08, real=0.07 secs]
2014-07-28T04:10:56.572+0000: 700.254: [GC [1 CMS-initial-mark: 15681770K(20869120K)] 15692125K(20961280K), 0.0162650 secs] [Times: user=0.01 sys=0.00, real=0.02 secs]
2014-07-28T04:10:56.594+0000: 700.275: [CMS-concurrent-mark-start]
2014-07-28T04:10:56.750+0000: 700.432: [GC2014-07-28T04:10:56.752+0000: 700.433: [ParNew: 92160K->10240K(92160K), 0.0802880 secs] 15773930K->15715344K(20961280K), 0.0828010 secs] [Times: user=0.38 sys=0.04, real=0.08 secs]
2014-07-28T04:10:57.104+0000: 700.785: [GC2014-07-28T04:10:57.105+0000: 700.786: [ParNew: 92160K->10240K(92160K), 0.0649170 secs] 15797264K->15740134K(20961280K), 0.0670020 secs] [Times: user=0.35 sys=0.04, real=0.07 secs]
2014-07-28T04:10:57.576+0000: 701.258: [CMS-concurrent-mark: 0.817/0.983 secs] [Times: user=3.50 sys=0.53, real=0.99 secs]
2014-07-28T04:10:57.580+0000: 701.261: [CMS-concurrent-preclean-start]
2014-07-28T04:10:57.763+0000: 701.444: [CMS-concurrent-preclean: 0.145/0.183 secs] [Times: user=0.31 sys=0.11, real=0.18 secs]
2014-07-28T04:10:57.766+0000: 701.448: [CMS-concurrent-abortable-preclean-start]
2014-07-28T04:10:58.150+0000: 701.832: [GC2014-07-28T04:10:58.151+0000: 701.833: [ParNew: 92160K->10240K(92160K), 0.0667840 secs] 15822054K->15765326K(20961280K), 0.0688410 secs] [Times: user=0.38 sys=0.03, real=0.07 secs]
2014-07-28T04:10:58.556+0000: 702.238: [CMS-concurrent-abortable-preclean: 0.687/0.790 secs] [Times: user=1.47 sys=0.16, real=0.80 secs]
2014-07-28T04:10:58.564+0000: 702.245: [GC[YG occupancy: 70728 K (92160 K)]2014-07-28T04:10:58.564+0000: 702.246: [Rescan (parallel) , 0.0176990 secs]2014-07-28T04:10:58.582+0000: 702.263: [weak refs processing, 0.7946640 secs]2014-07-28T04:10:59.377+0000: 703.058: [class unloading, 0.0021020 secs]2014-07-28T04:10:59.379+0000: 703.060: [scrub symbol table, 0.0018280 secs]2014-07-28T04:10:59.381+0000: 703.062: [scrub string table, 0.0004390 secs] [1 CMS-remark: 15755086K(20869120K)] 15825815K(20961280K), 0.8227530 secs] [Times: user=0.96 sys=0.00, real=0.82 secs]
2014-07-28T04:10:59.392+0000: 703.073: [CMS-concurrent-sweep-start]
2014-07-28T04:10:59.463+0000: 703.144: [GC2014-07-28T04:10:59.464+0000: 703.146: [ParNew: 92160K->10240K(92160K), 0.0597350 secs] 15735208K->15682144K(20961280K), 0.0618620 secs] [Times: user=0.41 sys=0.01, real=0.06 secs]
2014-07-28T04:10:59.663+0000: 703.345: [GC2014-07-28T04:10:59.664+0000: 703.346: [ParNew: 92160K->10240K(92160K), 0.0536710 secs] 15442512K->15386356K(20961280K), 0.0557570 secs] [Times: user=0.36 sys=0.01, real=0.06 secs]
2014-07-28T04:10:59.958+0000: 703.639: [GC2014-07-28T04:10:59.959+0000: 703.640: [ParNew: 92160K->10240K(92160K), 0.0482960 secs] 14829836K->14772072K(20961280K), 0.0503890 secs] [Times: user=0.34 sys=0.00, real=0.05 secs]
2014-07-28T04:11:00.564+0000: 704.245: [GC2014-07-28T04:11:00.565+0000: 704.246: [ParNew: 92160K->10240K(92160K), 0.0519010 secs] 13353936K->13299312K(20961280K), 0.0539570 secs] [Times: user=0.35 sys=0.01, real=0.06 secs]
2014-07-28T04:11:01.155+0000: 704.836: [GC2014-07-28T04:11:01.156+0000: 704.837: [ParNew: 92160K->10240K(92160K), 0.0472670 secs] 12014614K->11957796K(20961280K), 0.0493720 secs] [Times: user=0.32 sys=0.01, real=0.05 secs]
2014-07-28T04:11:02.042+0000: 705.724: [GC2014-07-28T04:11:02.043+0000: 705.725: [ParNew: 92152K->10240K(92160K), 0.0513720 secs] 9852428K->9795359K(20961280K), 0.0534890 secs] [Times: user=0.36 sys=0.01, real=0.05 secs]
2014-07-28T04:11:04.034+0000: 707.715: [CMS-concurrent-sweep: 4.271/4.642 secs] [Times: user=9.63 sys=1.04, real=4.64 secs]
2014-07-28T04:11:04.038+0000: 707.720: [CMS-concurrent-reset-start]
2014-07-28T04:11:04.044+0000: 707.726: [GC2014-07-28T04:11:04.045+0000: 707.727: [ParNew: 92148K->10240K(92160K), 0.0513940 secs] 4752104K->4695945K(20961280K), 0.0535270 secs] [Times: user=0.37 sys=0.00, real=0.06 secs]
2014-07-28T04:11:04.168+0000: 707.849: [CMS-concurrent-reset: 0.068/0.130 secs] [Times: user=0.54 sys=0.05, real=0.12 secs]
2014-07-28T04:11:04.758+0000: 708.439: [GC2014-07-28T04:11:04.759+0000: 708.440: [ParNew: 92160K->10240K(92160K), 0.0469190 secs] 4777865K->4721957K(20961280K), 0.0490000 secs] [Times: user=0.33 sys=0.01, real=0.05 secs]
2014-07-28T04:11:05.170+0000: 708.852: [GC2014-07-28T04:11:05.171+0000: 708.853: [ParNew: 92160K->10240K(92160K), 0.0464310 secs] 4803877K->4747547K(20961280K), 0.0486070 secs] [Times: user=0.33 sys=0.01, real=0.05 secs]
2014-07-28T04:11:05.666+0000: 709.347: [GC2014-07-28T04:11:05.667+0000: 709.348: [ParNew: 92160K->10240K(92160K), 0.0480930 secs] 4829467K->4772131K(20961280K), 0.0501710 secs] [Times: user=0.34 sys=0.01, real=0.05 secs]
2014-07-28T04:11:06.221+0000: 709.903: [GC2014-07-28T04:11:06.223+0000: 709.904: [ParNew: 92160K->10240K(92160K), 0.0483330 secs] 4854051K->4798842K(20961280K), 0.0506900 secs] [Times: user=0.32 sys=0.02, real=0.05 secs]
2014-07-28T04:11:06.457+0000: 710.138: [GC2014-07-28T04:11:06.458+0000: 710.139: [ParNew: 92157K->10240K(92160K), 0.0546900 secs] 4880759K->4827519K(20961280K), 0.0567470 secs] [Times: user=0.38 sys=0.01, real=0.06 secs]
2014-07-28T04:11:06.670+0000: 710.352: [GC2014-07-28T04:11:06.671+0000: 710.353: [ParNew: 92160K->10240K(92160K), 0.0521460 secs] 4909439K->4854800K(20961280K), 0.0542570 secs] [Times: user=0.36 sys=0.01, real=0.05 secs]
2014-07-28T04:11:06.894+0000: 710.575: [GC2014-07-28T04:11:06.895+0000: 710.576: [ParNew: 92160K->10240K(92160K), 0.0477460 secs] 4936720K->4877235K(20961280K), 0.0499410 secs] [Times: user=0.35 sys=0.00, real=0.05 secs]
2014-07-28T04:11:07.232+0000: 710.913: [GC2014-07-28T04:11:07.233+0000: 710.914: [ParNew: 92160K->10240K(92160K), 0.0497870 secs] 4959155K->4902319K(20961280K), 0.0518460 secs] [Times: user=0.36 sys=0.00, real=0.05 secs]
2014-07-28T04:11:08.253+0000: 711.935: [GC2014-07-28T04:11:08.254+0000: 711.936: [ParNew: 92158K->10240K(92160K), 0.0433540 secs] 4984238K->4927708K(20961280K), 0.0454420 secs] [Times: user=0.30 sys=0.01, real=0.05 secs]
2014-07-28T04:11:09.596+0000: 713.277: [GC2014-07-28T04:11:09.597+0000: 713.278: [ParNew: 92160K->10240K(92160K), 0.0523520 secs] 5009628K->4953994K(20961280K), 0.0544430 secs] [Times: user=0.37 sys=0.00, real=0.06 secs]
2014-07-28T04:11:09.768+0000: 713.450: [GC2014-07-28T04:11:09.769+0000: 713.451: [ParNew: 92160K->10240K(92160K), 0.0525170 secs] 5035914K->4983374K(20961280K), 0.0546340 secs] [Times: user=0.37 sys=0.01, real=0.05 secs]
2014-07-28T04:11:10.028+0000: 713.709: [GC2014-07-28T04:11:10.029+0000: 713.710: [ParNew: 92160K->10240K(92160K), 0.0489470 secs] 5065294K->5005046K(20961280K), 0.0510270 secs] [Times: user=0.35 sys=0.00, real=0.05 secs]
2014-07-28T04:11:10.671+0000: 714.352: [GC2014-07-28T04:11:10.672+0000: 714.353: [ParNew: 92160K->10240K(92160K), 0.0496730 secs] 5086966K->5032567K(20961280K), 0.0518100 secs] [Times: user=0.34 sys=0.01, real=0.05 secs]
2014-07-28T04:11:11.261+0000: 714.943: [GC2014-07-28T04:11:11.262+0000: 714.944: [ParNew: 92160K->10240K(92160K), 0.0501190 secs] 5114487K->5057108K(20961280K), 0.0522090 secs] [Times: user=0.35 sys=0.01, real=0.05 secs]
2014-07-28T04:11:12.118+0000: 715.800: [GC2014-07-28T04:11:12.119+0000: 715.801: [ParNew: 92153K->10240K(92160K), 0.0499150 secs] 5139021K->5082150K(20961280K), 0.0519740 secs] [Times: user=0.34 sys=0.01, real=0.05 secs]
2014-07-28T04:11:14.117+0000: 717.798: [GC2014-07-28T04:11:14.118+0000: 717.799: [ParNew: 92160K->10240K(92160K), 0.0486350 secs] 5164070K->5107739K(20961280K), 0.0507360 secs] [Times: user=0.33 sys=0.00, real=0.06 secs]
2014-07-28T04:11:14.829+0000: 718.510: [GC2014-07-28T04:11:14.830+0000: 718.511: [ParNew: 92160K->10240K(92160K), 0.0510130 secs] 5189659K->5133759K(20961280K), 0.0531390 secs] [Times: user=0.36 sys=0.00, real=0.05 secs]
2014-07-28T04:11:15.239+0000: 718.920: [GC2014-07-28T04:11:15.240+0000: 718.921: [ParNew: 92160K->10240K(92160K), 0.0455800 secs] 5215679K->5159319K(20961280K), 0.0476920 secs] [Times: user=0.32 sys=0.00, real=0.05 secs]
2014-07-28T04:11:15.727+0000: 719.409: [GC2014-07-28T04:11:15.729+0000: 719.410: [ParNew: 92152K->10240K(92160K), 0.0513590 secs] 5241232K->5184585K(20961280K), 0.0534340 secs] [Times: user=0.37 sys=0.00, real=0.05 secs]
2014-07-28T04:11:16.307+0000: 719.988: [GC2014-07-28T04:11:16.308+0000: 719.989: [ParNew: 92160K->10240K(92160K), 0.0520030 secs] 5266505K->5211131K(20961280K), 0.0540390 secs] [Times: user=0.36 sys=0.00, real=0.05 secs]
2014-07-28T04:11:16.550+0000: 720.231: [GC2014-07-28T04:11:16.551+0000: 720.232: [ParNew: 92160K->10240K(92160K), 0.0589970 secs] 5293051K->5239593K(20961280K), 0.0610410 secs] [Times: user=0.40 sys=0.02, real=0.06 secs]
2014-07-28T04:11:16.775+0000: 720.456: [GC2014-07-28T04:11:16.776+0000: 720.457: [ParNew: 92160K->10240K(92160K), 0.0535880 secs] 5321513K->5268013K(20961280K), 0.0556880 secs] [Times: user=0.37 sys=0.01, real=0.06 secs]
2014-07-28T04:11:16.983+0000: 720.664: [GC2014-07-28T04:11:16.984+0000: 720.666: [ParNew: 92160K->10240K(92160K), 0.0654190 secs] 5349933K->5290411K(20961280K), 0.0679020 secs] [Times: user=0.38 sys=0.00, real=0.07 secs]
2014-07-28T04:11:17.300+0000: 720.981: [GC2014-07-28T04:11:17.301+0000: 720.982: [ParNew: 92160K->10240K(92160K), 0.0504460 secs] 5372331K->5315110K(20961280K), 0.0525090 secs] [Times: user=0.35 sys=0.01, real=0.05 secs]
2014-07-28T04:11:18.320+0000: 722.001: [GC2014-07-28T04:11:18.321+0000: 722.003: [ParNew: 92158K->10240K(92160K), 0.0490680 secs] 5397028K->5340597K(20961280K), 0.0515330 secs] [Times: user=0.33 sys=0.01, real=0.05 secs]
2014-07-28T04:11:19.705+0000: 723.386: [GC2014-07-28T04:11:19.706+0000: 723.387: [ParNew: 92160K->10240K(92160K), 0.0499550 secs] 5422517K->5366421K(20961280K), 0.0520360 secs] [Times: user=0.35 sys=0.01, real=0.06 secs]
2014-07-28T04:11:19.895+0000: 723.577: [GC2014-07-28T04:11:19.896+0000: 723.578: [ParNew: 92159K->10240K(92160K), 0.0555750 secs] 5448340K->5394742K(20961280K), 0.0576830 secs] [Times: user=0.35 sys=0.02, real=0.06 secs]
2014-07-28T04:11:20.096+0000: 723.778: [GC2014-07-28T04:11:20.097+0000: 723.779: [ParNew: 92160K->10240K(92160K), 0.0504160 secs] 5476662K->5417300K(20961280K), 0.0524650 secs] [Times: user=0.34 sys=0.01, real=0.06 secs]
2014-07-28T04:11:20.764+0000: 724.446: [GC2014-07-28T04:11:20.765+0000: 724.447: [ParNew: 92160K->10240K(92160K), 0.0731420 secs] 5499220K->5444973K(20961280K), 0.0753110 secs] [Times: user=0.40 sys=0.01, real=0.08 secs]
2014-07-28T04:11:21.337+0000: 725.019: [GC2014-07-28T04:11:21.338+0000: 725.020: [ParNew: 92160K->10240K(92160K), 0.0571570 secs] 5526893K->5470141K(20961280K), 0.0592450 secs] [Times: user=0.35 sys=0.02, real=0.07 secs]
2014-07-28T04:11:22.190+0000: 725.872: [GC2014-07-28T04:11:22.191+0000: 725.873: [ParNew: 92160K->10240K(92160K), 0.0491630 secs] 5552061K->5494924K(20961280K), 0.0512350 secs] [Times: user=0.33 sys=0.01, real=0.05 secs]
2014-07-28T04:11:24.225+0000: 727.907: [GC2014-07-28T04:11:24.226+0000: 727.908: [ParNew: 92156K->10240K(92160K), 0.0505740 secs] 5576841K->5520284K(20961280K), 0.0526710 secs] [Times: user=0.34 sys=0.02, real=0.06 secs]
2014-07-28T04:11:24.914+0000: 728.595: [GC2014-07-28T04:11:24.915+0000: 728.596: [ParNew: 92143K->10240K(92160K), 0.0495410 secs] 5602188K->5546223K(20961280K), 0.0515870 secs] [Times: user=0.34 sys=0.00, real=0.06 secs]
2014-07-28T04:11:25.342+0000: 729.024: [GC2014-07-28T04:11:25.343+0000: 729.025: [ParNew: 92158K->10240K(92160K), 0.0514640 secs] 5628142K->5571403K(20961280K), 0.0535900 secs] [Times: user=0.35 sys=0.02, real=0.05 secs]
2014-07-28T04:11:25.835+0000: 729.517: [GC2014-07-28T04:11:25.836+0000: 729.518: [ParNew: 92150K->10240K(92160K), 0.0499380 secs] 5653314K->5596414K(20961280K), 0.0519700 secs] [Times: user=0.35 sys=0.00, real=0.06 secs]
2014-07-28T04:11:26.418+0000: 730.100: [GC2014-07-28T04:11:26.420+0000: 730.101: [ParNew: 92160K->10240K(92160K), 0.0517530 secs] 5678334K->5622517K(20961280K), 0.0538480 secs] [Times: user=0.35 sys=0.01, real=0.05 secs]
2014-07-28T04:11:26.678+0000: 730.360: [GC2014-07-28T04:11:26.679+0000: 730.361: [ParNew: 92159K->10240K(92160K), 0.0514150 secs] 5704437K->5650105K(20961280K), 0.0535000 secs] [Times: user=0.36 sys=0.01, real=0.05 secs]
2014-07-28T04:11:26.905+0000: 730.586: [GC2014-07-28T04:11:26.906+0000: 730.587: [ParNew: 92158K->10240K(92160K), 0.0514540 secs] 5732023K->5677414K(20961280K), 0.0535820 secs] [Times: user=0.34 sys=0.02, real=0.06 secs]
2014-07-28T04:11:27.097+0000: 730.779: [GC2014-07-28T04:11:27.099+0000: 730.780: [ParNew: 92160K->10240K(92160K), 0.0776740 secs] 5759334K->5701116K(20961280K), 0.0800960 secs] [Times: user=0.37 sys=0.00, real=0.09 secs]
2014-07-28T04:11:27.334+0000: 731.016: [GC2014-07-28T04:11:27.335+0000: 731.017: [ParNew: 92155K->10240K(92160K), 0.0482530 secs] 5783032K->5725599K(20961280K), 0.0503060 secs] [Times: user=0.34 sys=0.00, real=0.06 secs]
2014-07-28T04:11:28.190+0000: 731.872: [GC2014-07-28T04:11:28.191+0000: 731.873: [ParNew: 92157K->10240K(92160K), 0.0462510 secs] 5807516K->5750676K(20961280K), 0.0483110 secs] [Times: user=0.31 sys=0.01, real=0.05 secs]
2014-07-28T04:11:29.790+0000: 733.471: [GC2014-07-28T04:11:29.791+0000: 733.472: [ParNew: 92149K->10240K(92160K), 0.0507840 secs] 5832586K->5776697K(20961280K), 0.0528730 secs] [Times: user=0.34 sys=0.01, real=0.05 secs]
2014-07-28T04:11:30.017+0000: 733.698: [GC2014-07-28T04:11:30.018+0000: 733.699: [ParNew: 92160K->10240K(92160K), 0.0518430 secs] 5858617K->5805375K(20961280K), 0.0540130 secs] [Times: user=0.34 sys=0.02, real=0.06 secs]
2014-07-28T04:11:30.220+0000: 733.902: [GC2014-07-28T04:11:30.221+0000: 733.903: [ParNew: 92159K->10240K(92160K), 0.0508890 secs] 5887295K->5832449K(20961280K), 0.0529860 secs] [Times: user=0.36 sys=0.00, real=0.05 secs]
2014-07-28T04:11:30.916+0000: 734.597: [GC2014-07-28T04:11:30.917+0000: 734.598: [ParNew: 92160K->10240K(92160K), 0.0542130 secs] 5914369K->5859055K(20961280K), 0.0563010 secs] [Times: user=0.37 sys=0.01, real=0.06 secs]
2014-07-28T04:11:31.458+0000: 735.139: [GC2014-07-28T04:11:31.459+0000: 735.140: [ParNew: 92153K->10240K(92160K), 0.0537510 secs] 5940969K->5882030K(20961280K), 0.0558510 secs] [Times: user=0.37 sys=0.00, real=0.06 secs]
2014-07-28T04:11:31.985+0000: 735.667: [GC2014-07-28T04:11:31.986+0000: 735.668: [ParNew: 92160K->10240K(92160K), 0.0585190 secs] 5963950K->5906829K(20961280K), 0.0606040 secs] [Times: user=0.34 sys=0.02, real=0.07 secs]
2014-07-28T04:11:34.110+0000: 737.791: [GC2014-07-28T04:11:34.111+0000: 737.792: [ParNew: 92157K->10240K(92160K), 0.0621450 secs] 5988747K->5931917K(20961280K), 0.0642300 secs] [Times: user=0.36 sys=0.01, real=0.06 secs]
2014-07-28T04:11:34.909+0000: 738.590: [GC2014-07-28T04:11:34.910+0000: 738.591: [ParNew: 92160K->10240K(92160K), 0.0611470 secs] 6013837K->5956510K(20961280K), 0.0631930 secs] [Times: user=0.36 sys=0.02, real=0.06 secs]
2014-07-28T04:11:35.219+0000: 738.901: [GC2014-07-28T04:11:35.221+0000: 738.902: [ParNew: 92160K->10240K(92160K), 0.0765090 secs] 6038430K->5982100K(20961280K), 0.0789870 secs] [Times: user=0.35 sys=0.02, real=0.08 secs]
2014-07-28T04:11:35.741+0000: 739.422: [GC2014-07-28T04:11:35.742+0000: 739.424: [ParNew: 92160K->10240K(92160K), 0.1001070 secs] 6064020K->6008054K(20961280K), 0.1025400 secs] [Times: user=0.36 sys=0.02, real=0.10 secs]
2014-07-28T04:11:36.270+0000: 739.951: [GC2014-07-28T04:11:36.271+0000: 739.953: [ParNew: 92155K->10240K(92160K), 0.0651620 secs] 6089970K->6032554K(20961280K), 0.0672670 secs] [Times: user=0.37 sys=0.02, real=0.07 secs]
2014-07-28T04:11:36.763+0000: 740.444: [GC2014-07-28T04:11:36.764+0000: 740.445: [ParNew: 92160K->10240K(92160K), 0.0653470 secs] 6114474K->6059368K(20961280K), 0.0674280 secs] [Times: user=0.38 sys=0.01, real=0.07 secs]
2014-07-28T04:11:37.015+0000: 740.696: [GC2014-07-28T04:11:37.016+0000: 740.697: [ParNew: 92160K->10240K(92160K), 0.0658100 secs] 6141288K->6086143K(20961280K), 0.0680080 secs] [Times: user=0.37 sys=0.01, real=0.07 secs]
2014-07-28T04:11:37.221+0000: 740.902: [GC2014-07-28T04:11:37.222+0000: 740.903: [ParNew: 92160K->10240K(92160K), 0.0812910 secs] 6168063K->6112097K(20961280K), 0.0947350 secs] [Times: user=0.36 sys=0.02, real=0.09 secs]
2014-07-28T04:11:37.451+0000: 741.132: [GC2014-07-28T04:11:37.452+0000: 741.133: [ParNew: 92160K->10240K(92160K), 0.0708240 secs] 6194017K->6139038K(20961280K), 0.0729310 secs] [Times: user=0.35 sys=0.03, real=0.07 secs]
2014-07-28T04:11:37.948+0000: 741.630: [GC2014-07-28T04:11:37.950+0000: 741.631: [ParNew: 92160K->10240K(92160K), 0.0649770 secs] 6220958K->6162115K(20961280K), 0.0670590 secs] [Times: user=0.36 sys=0.02, real=0.06 secs]
2014-07-28T04:11:39.688+0000: 743.369: [GC2014-07-28T04:11:39.689+0000: 743.370: [ParNew: 92160K->10240K(92160K), 0.0674810 secs] 6244035K->6186625K(20961280K), 0.0695520 secs] [Times: user=0.37 sys=0.01, real=0.07 secs]
2014-07-28T04:11:40.123+0000: 743.805: [GC2014-07-28T04:11:40.124+0000: 743.806: [ParNew: 92160K->10240K(92160K), 0.0668890 secs] 6268545K->6213407K(20961280K), 0.0692220 secs] [Times: user=0.35 sys=0.02, real=0.08 secs]
2014-07-28T04:11:40.332+0000: 744.014: [GC2014-07-28T04:11:40.334+0000: 744.015: [ParNew: 92160K->10240K(92160K), 0.0660980 secs] 6295327K->6239934K(20961280K), 0.0686410 secs] [Times: user=0.36 sys=0.02, real=0.07 secs]
2014-07-28T04:11:41.004+0000: 744.686: [GC2014-07-28T04:11:41.006+0000: 744.687: [ParNew: 92160K->10240K(92160K), 0.0659050 secs] 6321854K->6266873K(20961280K), 0.0680430 secs] [Times: user=0.36 sys=0.01, real=0.08 secs]
2014-07-28T04:11:41.352+0000: 745.033: [GC2014-07-28T04:11:41.353+0000: 745.034: [ParNew: 92160K->10240K(92160K), 0.0623260 secs] 6348793K->6290018K(20961280K), 0.0644070 secs] [Times: user=0.36 sys=0.02, real=0.07 secs]
2014-07-28T04:11:41.940+0000: 745.622: [GC2014-07-28T04:11:41.941+0000: 745.623: [ParNew: 92159K->10240K(92160K), 0.0695170 secs] 6371938K->6316389K(20961280K), 0.0715520 secs] [Times: user=0.37 sys=0.00, real=0.07 secs]
2014-07-28T04:11:44.139+0000: 747.821: [GC2014-07-28T04:11:44.140+0000: 747.822: [ParNew: 92157K->10240K(92160K), 0.0635970 secs] 6398307K->6342893K(20961280K), 0.0656550 secs] [Times: user=0.34 sys=0.03, real=0.07 secs]
2014-07-28T04:11:44.832+0000: 748.514: [GC2014-07-28T04:11:44.833+0000: 748.515: [ParNew: 92160K->10240K(92160K), 0.0608570 secs] 6424813K->6368543K(20961280K), 0.0630140 secs] [Times: user=0.38 sys=0.00, real=0.07 secs]
2014-07-28T04:11:45.271+0000: 748.953: [GC2014-07-28T04:11:45.272+0000: 748.954: [ParNew: 92160K->10240K(92160K), 0.0599620 secs] 6450463K->6392666K(20961280K), 0.0620040 secs] [Times: user=0.37 sys=0.01, real=0.07 secs]
2014-07-28T04:11:45.860+0000: 749.542: [GC2014-07-28T04:11:45.861+0000: 749.543: [ParNew: 92160K->10240K(92160K), 0.0601820 secs] 6474586K->6418968K(20961280K), 0.0622370 secs] [Times: user=0.37 sys=0.01, real=0.06 secs]
2014-07-28T04:11:46.302+0000: 749.983: [GC2014-07-28T04:11:46.303+0000: 749.984: [ParNew: 92160K->10240K(92160K), 0.0557450 secs] 6500888K->6444958K(20961280K), 0.0578260 secs] [Times: user=0.35 sys=0.02, real=0.06 secs]
2014-07-28T04:11:46.887+0000: 750.569: [GC2014-07-28T04:11:46.888+0000: 750.570: [ParNew: 92160K->10240K(92160K), 0.0621710 secs] 6526878K->6470898K(20961280K), 0.0642610 secs] [Times: user=0.38 sys=0.01, real=0.06 secs]
2014-07-28T04:11:47.133+0000: 750.814: [GC2014-07-28T04:11:47.134+0000: 750.815: [ParNew: 92160K->10240K(92160K), 0.0570500 secs] 6552818K->6496724K(20961280K), 0.0591000 secs] [Times: user=0.35 sys=0.02, real=0.06 secs]
2014-07-28T04:11:47.392+0000: 751.074: [GC2014-07-28T04:11:47.394+0000: 751.075: [ParNew: 92160K->10240K(92160K), 0.0563970 secs] 6578644K->6525633K(20961280K), 0.0585210 secs] [Times: user=0.37 sys=0.01, real=0.06 secs]
2014-07-28T04:11:47.587+0000: 751.269: [GC2014-07-28T04:11:47.588+0000: 751.270: [ParNew: 92160K->10240K(92160K), 0.0539350 secs] 6607553K->6553528K(20961280K), 0.0560070 secs] [Times: user=0.32 sys=0.03, real=0.05 secs]
2014-07-28T04:11:48.037+0000: 751.718: [GC2014-07-28T04:11:48.038+0000: 751.719: [ParNew: 92145K->10240K(92160K), 0.0489530 secs] 6635433K->6576170K(20961280K), 0.0510490 secs] [Times: user=0.35 sys=0.01, real=0.05 secs]
2014-07-28T04:11:49.722+0000: 753.403: [GC2014-07-28T04:11:49.723+0000: 753.404: [ParNew: 92160K->10240K(92160K), 0.0517110 secs] 6658090K->6600518K(20961280K), 0.0538260 secs] [Times: user=0.35 sys=0.00, real=0.06 secs]
2014-07-28T04:11:50.222+0000: 753.904: [GC2014-07-28T04:11:50.223+0000: 753.905: [ParNew: 92160K->10240K(92160K), 0.0515490 secs] 6682438K->6626238K(20961280K), 0.0536460 secs] [Times: user=0.33 sys=0.01, real=0.06 secs]
2014-07-28T04:11:50.431+0000: 754.112: [GC2014-07-28T04:11:50.432+0000: 754.113: [ParNew: 92159K->10240K(92160K), 0.0600330 secs] 6708158K->6654730K(20961280K), 0.0621540 secs] [Times: user=0.37 sys=0.02, real=0.07 secs]
2014-07-28T04:11:51.145+0000: 754.826: [GC2014-07-28T04:11:51.146+0000: 754.827: [ParNew: 92160K->10240K(92160K), 0.0535500 secs] 6736650K->6679202K(20961280K), 0.0556430 secs] [Times: user=0.36 sys=0.01, real=0.06 secs]
2014-07-28T04:11:51.362+0000: 755.044: [GC2014-07-28T04:11:51.363+0000: 755.045: [ParNew: 92157K->10240K(92160K), 0.0546290 secs] 6761120K->6703836K(20961280K), 0.0567530 secs] [Times: user=0.35 sys=0.02, real=0.06 secs]
2014-07-28T04:11:52.035+0000: 755.716: [GC2014-07-28T04:11:52.036+0000: 755.717: [ParNew: 92160K->10240K(92160K), 0.0545370 secs] 6785756K->6730783K(20961280K), 0.0565910 secs] [Times: user=0.34 sys=0.02, real=0.05 secs]
2014-07-28T04:11:54.231+0000: 757.913: [GC2014-07-28T04:11:54.233+0000: 757.914: [ParNew: 92160K->10240K(92160K), 0.0533690 secs] 6812703K->6757861K(20961280K), 0.0554560 secs] [Times: user=0.32 sys=0.03, real=0.06 secs]
2014-07-28T04:11:54.920+0000: 758.602: [GC2014-07-28T04:11:54.921+0000: 758.603: [ParNew: 92160K->10240K(92160K), 0.0528210 secs] 6839781K->6783908K(20961280K), 0.0548880 secs] [Times: user=0.37 sys=0.00, real=0.06 secs]
2014-07-28T04:11:55.318+0000: 759.000: [GC2014-07-28T04:11:55.319+0000: 759.001: [ParNew: 92160K->10240K(92160K), 0.0496660 secs] 6865828K->6807533K(20961280K), 0.0517340 secs] [Times: user=0.33 sys=0.02, real=0.05 secs]
2014-07-28T04:11:55.948+0000: 759.630: [GC2014-07-28T04:11:55.949+0000: 759.631: [ParNew: 92153K->10240K(92160K), 0.0507880 secs] 6889447K->6833010K(20961280K), 0.0528400 secs] [Times: user=0.36 sys=0.01, real=0.05 secs]
2014-07-28T04:11:56.384+0000: 760.065: [GC2014-07-28T04:11:56.385+0000: 760.066: [ParNew: 92160K->10240K(92160K), 0.0504580 secs] 6914930K->6859471K(20961280K), 0.0525040 secs] [Times: user=0.34 sys=0.01, real=0.06 secs]
2014-07-28T04:11:56.995+0000: 760.677: [GC2014-07-28T04:11:56.996+0000: 760.678: [ParNew: 92160K->10240K(92160K), 0.0496590 secs] 6941391K->6884785K(20961280K), 0.0517100 secs] [Times: user=0.34 sys=0.01, real=0.05 secs]
2014-07-28T04:11:57.219+0000: 760.900: [GC2014-07-28T04:11:57.220+0000: 760.901: [ParNew: 92160K->10240K(92160K), 0.0484960 secs] 6966705K->6910074K(20961280K), 0.0505480 secs] [Times: user=0.34 sys=0.01, real=0.05 secs]
2014-07-28T04:11:57.520+0000: 761.201: [GC2014-07-28T04:11:57.521+0000: 761.202: [ParNew: 92160K->10240K(92160K), 0.0511790 secs] 6991994K->6936096K(20961280K), 0.0532560 secs] [Times: user=0.35 sys=0.01, real=0.06 secs]
2014-07-28T04:11:57.714+0000: 761.395: [GC2014-07-28T04:11:57.716+0000: 761.397: [ParNew: 92153K->10240K(92160K), 0.0553730 secs] 7018010K->6963822K(20961280K), 0.0582110 secs] [Times: user=0.38 sys=0.00, real=0.06 secs]
2014-07-28T04:11:58.107+0000: 761.789: [GC2014-07-28T04:11:58.108+0000: 761.790: [ParNew: 92144K->10240K(92160K), 0.0529800 secs] 7045727K->6986884K(20961280K), 0.0550900 secs] [Times: user=0.37 sys=0.01, real=0.05 secs]
2014-07-28T04:11:59.787+0000: 763.468: [GC2014-07-28T04:11:59.788+0000: 763.469: [ParNew: 92159K->10240K(92160K), 0.0511920 secs] 7068804K->7012000K(20961280K), 0.0533050 secs] [Times: user=0.36 sys=0.01, real=0.05 secs]
2014-07-28T04:12:00.297+0000: 763.979: [GC2014-07-28T04:12:00.298+0000: 763.980: [ParNew: 92160K->10240K(92160K), 0.0482690 secs] 7093920K->7037085K(20961280K), 0.0503310 secs] [Times: user=0.33 sys=0.01, real=0.05 secs]
2014-07-28T04:12:00.563+0000: 764.245: [GC2014-07-28T04:12:00.564+0000: 764.246: [ParNew: 92160K->10240K(92160K), 0.0447050 secs] 7119005K->7063150K(20961280K), 0.0469090 secs] [Times: user=0.31 sys=0.00, real=0.05 secs]
2014-07-28T04:12:01.269+0000: 764.950: [GC2014-07-28T04:12:01.270+0000: 764.951: [ParNew: 92160K->10240K(92160K), 0.0973270 secs] 7145070K->7088584K(20961280K), 0.0994740 secs] [Times: user=0.67 sys=0.00, real=0.10 secs]
2014-07-28T04:12:01.523+0000: 765.205: [GC2014-07-28T04:12:01.524+0000: 765.206: [ParNew: 92155K->10240K(92160K), 0.0494940 secs] 7170499K->7115115K(20961280K), 0.0516710 secs] [Times: user=0.33 sys=0.02, real=0.06 secs]
2014-07-28T04:12:02.148+0000: 765.830: [GC2014-07-28T04:12:02.149+0000: 765.831: [ParNew: 92156K->10240K(92160K), 0.0458720 secs] 7197031K->7139426K(20961280K), 0.0479390 secs] [Times: user=0.32 sys=0.01, real=0.05 secs]
2014-07-28T04:12:04.348+0000: 768.030: [GC2014-07-28T04:12:04.349+0000: 768.031: [ParNew: 92160K->10240K(92160K), 0.0518620 secs] 7221346K->7165840K(20961280K), 0.0540470 secs] [Times: user=0.36 sys=0.01, real=0.05 secs]
2014-07-28T04:12:05.006+0000: 768.688: [GC2014-07-28T04:12:05.007+0000: 768.689: [ParNew: 92160K->10240K(92160K), 0.0519970 secs] 7247760K->7191422K(20961280K), 0.0540470 secs] [Times: user=0.34 sys=0.01, real=0.05 secs]
2014-07-28T04:12:05.383+0000: 769.064: [GC2014-07-28T04:12:05.384+0000: 769.065: [ParNew: 92159K->10240K(92160K), 0.0526760 secs] 7273342K->7216917K(20961280K), 0.0547350 secs] [Times: user=0.34 sys=0.01, real=0.06 secs]
2014-07-28T04:12:05.902+0000: 769.584: [GC2014-07-28T04:12:05.903+0000: 769.585: [ParNew: 92160K->10240K(92160K), 0.0769670 secs] 7298837K->7241910K(20961280K), 0.0790120 secs] [Times: user=0.36 sys=0.01, real=0.08 secs]
2014-07-28T04:12:06.458+0000: 770.139: [GC2014-07-28T04:12:06.459+0000: 770.140: [ParNew: 92144K->10240K(92160K), 0.0556580 secs] 7323815K->7268084K(20961280K), 0.0577160 secs] [Times: user=0.36 sys=0.02, real=0.06 secs]
2014-07-28T04:12:06.977+0000: 770.658: [GC2014-07-28T04:12:06.978+0000: 770.659: [ParNew: 92157K->10240K(92160K), 0.0527900 secs] 7350001K->7292615K(20961280K), 0.0548280 secs] [Times: user=0.34 sys=0.01, real=0.05 secs]
2014-07-28T04:12:07.256+0000: 770.937: [GC2014-07-28T04:12:07.256+0000: 770.938: [ParNew: 92160K->10240K(92160K), 0.0524060 secs] 7374535K->7317992K(20961280K), 0.0543940 secs] [Times: user=0.34 sys=0.01, real=0.05 secs]
2014-07-28T04:12:07.619+0000: 771.300: [GC2014-07-28T04:12:07.620+0000: 771.301: [ParNew: 92160K->10240K(92160K), 0.0542010 secs] 7399912K->7345071K(20961280K), 0.0562820 secs] [Times: user=0.34 sys=0.01, real=0.06 secs]
2014-07-28T04:12:07.813+0000: 771.495: [GC2014-07-28T04:12:07.814+0000: 771.496: [ParNew: 92160K->10240K(92160K), 0.0568260 secs] 7426991K->7372877K(20961280K), 0.0589440 secs] [Times: user=0.38 sys=0.02, real=0.06 secs]
2014-07-28T04:12:08.081+0000: 771.762: [GC2014-07-28T04:12:08.082+0000: 771.763: [ParNew: 92156K->10240K(92160K), 0.0499310 secs] 7454794K->7396274K(20961280K), 0.0520160 secs] [Times: user=0.32 sys=0.02, real=0.06 secs]
2014-07-28T04:12:09.820+0000: 773.501: [GC2014-07-28T04:12:09.821+0000: 773.502: [ParNew: 92158K->10240K(92160K), 0.0557160 secs] 7478193K->7421863K(20961280K), 0.0578390 secs] [Times: user=0.36 sys=0.02, real=0.06 secs]
2014-07-28T04:12:10.213+0000: 773.895: [GC2014-07-28T04:12:10.214+0000: 773.896: [ParNew: 92160K->10240K(92160K), 0.0552880 secs] 7503783K->7447386K(20961280K), 0.0574760 secs] [Times: user=0.36 sys=0.01, real=0.06 secs]
2014-07-28T04:12:10.638+0000: 774.320: [GC2014-07-28T04:12:10.639+0000: 774.321: [ParNew: 92160K->10240K(92160K), 0.0539970 secs] 7529306K->7474094K(20961280K), 0.0561480 secs] [Times: user=0.34 sys=0.02, real=0.06 secs]
2014-07-28T04:12:11.417+0000: 775.099: [GC2014-07-28T04:12:11.418+0000: 775.100: [ParNew: 92150K->10240K(92160K), 0.0502580 secs] 7556005K->7498520K(20961280K), 0.0523700 secs] [Times: user=0.34 sys=0.00, real=0.05 secs]
2014-07-28T04:12:11.609+0000: 775.290: [GC2014-07-28T04:12:11.610+0000: 775.291: [ParNew: 92160K->10240K(92160K), 0.0533460 secs] 7580440K->7527003K(20961280K), 0.0553820 secs] [Times: user=0.37 sys=0.00, real=0.06 secs]
2014-07-28T04:12:12.104+0000: 775.785: [GC2014-07-28T04:12:12.105+0000: 775.786: [ParNew: 92160K->10240K(92160K), 0.0469070 secs] 7608923K->7549793K(20961280K), 0.0489790 secs] [Times: user=0.33 sys=0.01, real=0.05 secs]
2014-07-28T04:12:14.427+0000: 778.108: [GC2014-07-28T04:12:14.428+0000: 778.109: [ParNew: 92160K->10240K(92160K), 0.0471670 secs] 7631713K->7576020K(20961280K), 0.0492760 secs] [Times: user=0.34 sys=0.00, real=0.05 secs]
2014-07-28T04:12:15.083+0000: 778.764: [GC2014-07-28T04:12:15.084+0000: 778.765: [ParNew: 92160K->10240K(92160K), 0.0472130 secs] 7657940K->7602076K(20961280K), 0.0492840 secs] [Times: user=0.33 sys=0.01, real=0.05 secs]
2014-07-28T04:12:15.426+0000: 779.108: [GC2014-07-28T04:12:15.427+0000: 779.109: [ParNew: 92153K->10240K(92160K), 0.0455780 secs] 7683989K->7626522K(20961280K), 0.0477080 secs] [Times: user=0.32 sys=0.00, real=0.05 secs]
2014-07-28T04:12:15.997+0000: 779.678: [GC2014-07-28T04:12:15.998+0000: 779.679: [ParNew: 92160K->10240K(92160K), 0.0493310 secs] 7708442K->7652581K(20961280K), 0.0513930 secs] [Times: user=0.35 sys=0.00, real=0.05 secs]
2014-07-28T04:12:16.570+0000: 780.252: [GC2014-07-28T04:12:16.571+0000: 780.253: [ParNew: 92160K->10240K(92160K), 0.0498130 secs] 7734501K->7677537K(20961280K), 0.0518920 secs] [Times: user=0.34 sys=0.02, real=0.06 secs]
2014-07-28T04:12:16.886+0000: 780.567: [GC2014-07-28T04:12:16.887+0000: 780.568: [ParNew: 92156K->10240K(92160K), 0.0505980 secs] 7759454K->7703032K(20961280K), 0.0527040 secs] [Times: user=0.35 sys=0.01, real=0.05 secs]
2014-07-28T04:12:17.327+0000: 781.009: [GC2014-07-28T04:12:17.328+0000: 781.010: [ParNew: 92160K->10240K(92160K), 0.0493880 secs] 7784952K->7729085K(20961280K), 0.0514490 secs] [Times: user=0.34 sys=0.01, real=0.05 secs]
2014-07-28T04:12:17.732+0000: 781.414: [GC2014-07-28T04:12:17.733+0000: 781.415: [ParNew: 92152K->10240K(92160K), 0.0503870 secs] 7810997K->7754709K(20961280K), 0.0524600 secs] [Times: user=0.35 sys=0.01, real=0.06 secs]
2014-07-28T04:12:17.920+0000: 781.601: [GC2014-07-28T04:12:17.921+0000: 781.602: [ParNew: 92160K->10240K(92160K), 0.0489430 secs] 7836629K->7782580K(20961280K), 0.0509970 secs] [Times: user=0.34 sys=0.01, real=0.05 secs]
2014-07-28T04:12:18.151+0000: 781.833: [GC2014-07-28T04:12:18.152+0000: 781.834: [ParNew: 92154K->10240K(92160K), 0.0479930 secs] 7864494K->7806463K(20961280K), 0.0500510 secs] [Times: user=0.33 sys=0.01, real=0.06 secs]
2014-07-28T04:12:19.902+0000: 783.584: [GC2014-07-28T04:12:19.903+0000: 783.585: [ParNew: 92156K->10240K(92160K), 0.0495470 secs] 7888379K->7832474K(20961280K), 0.0516390 secs] [Times: user=0.35 sys=0.00, real=0.05 secs]
2014-07-28T04:12:20.289+0000: 783.971: [GC2014-07-28T04:12:20.290+0000: 783.972: [ParNew: 92154K->10240K(92160K), 0.0487110 secs] 7914389K->7857899K(20961280K), 0.0508150 secs] [Times: user=0.33 sys=0.01, real=0.05 secs]
2014-07-28T04:12:20.727+0000: 784.408: [GC2014-07-28T04:12:20.728+0000: 784.409: [ParNew: 92145K->10240K(92160K), 0.0542630 secs] 7939805K->7883773K(20961280K), 0.0563500 secs] [Times: user=0.34 sys=0.00, real=0.06 secs]
2014-07-28T04:12:21.038+0000: 784.720: [GC2014-07-28T04:12:21.039+0000: 784.721: [ParNew: 92160K->10240K(92160K), 0.0481600 secs] 7965693K->7908364K(20961280K), 0.0502550 secs] [Times: user=0.34 sys=0.01, real=0.05 secs]
2014-07-28T04:12:21.695+0000: 785.376: [GC2014-07-28T04:12:21.696+0000: 785.377: [ParNew: 92160K->10240K(92160K), 0.0506980 secs] 7990284K->7937117K(20961280K), 0.0527390 secs] [Times: user=0.35 sys=0.01, real=0.05 secs]
2014-07-28T04:12:22.140+0000: 785.822: [GC2014-07-28T04:12:22.141+0000: 785.823: [ParNew: 92160K->10240K(92160K), 0.0477440 secs] 8019037K->7960142K(20961280K), 0.0498230 secs] [Times: user=0.34 sys=0.00, real=0.05 secs]
2014-07-28T04:12:24.501+0000: 788.182: [GC2014-07-28T04:12:24.502+0000: 788.183: [ParNew: 92160K->10240K(92160K), 0.0703840 secs] 8042062K->7985284K(20961280K), 0.0724790 secs] [Times: user=0.35 sys=0.00, real=0.08 secs]
2014-07-28T04:12:25.191+0000: 788.872: [GC2014-07-28T04:12:25.192+0000: 788.873: [ParNew: 92160K->10240K(92160K), 0.0505210 secs] 8067204K->8010609K(20961280K), 0.0525680 secs] [Times: user=0.35 sys=0.01, real=0.06 secs]
2014-07-28T04:12:25.472+0000: 789.154: [GC2014-07-28T04:12:25.473+0000: 789.155: [ParNew: 92160K->10240K(92160K), 0.0461670 secs] 8092529K->8035626K(20961280K), 0.0482160 secs] [Times: user=0.31 sys=0.01, real=0.06 secs]
2014-07-28T04:12:26.012+0000: 789.693: [GC2014-07-28T04:12:26.013+0000: 789.694: [ParNew: 92157K->10240K(92160K), 0.0479890 secs] 8117544K->8060565K(20961280K), 0.0500760 secs] [Times: user=0.33 sys=0.01, real=0.06 secs]
2014-07-28T04:12:26.509+0000: 790.190: [GC2014-07-28T04:12:26.510+0000: 790.191: [ParNew: 92160K->10240K(92160K), 0.0491360 secs] 8142485K->8086418K(20961280K), 0.0511950 secs] [Times: user=0.35 sys=0.00, real=0.05 secs]
2014-07-28T04:12:26.955+0000: 790.637: [GC2014-07-28T04:12:26.956+0000: 790.638: [ParNew: 92159K->10240K(92160K), 0.0483470 secs] 8168338K->8112323K(20961280K), 0.0503950 secs] [Times: user=0.33 sys=0.00, real=0.05 secs]
2014-07-28T04:12:27.396+0000: 791.077: [GC2014-07-28T04:12:27.397+0000: 791.078: [ParNew: 92148K->10240K(92160K), 0.0470460 secs] 8194232K->8137525K(20961280K), 0.0490730 secs] [Times: user=0.32 sys=0.01, real=0.05 secs]
2014-07-28T04:12:27.813+0000: 791.494: [GC2014-07-28T04:12:27.814+0000: 791.495: [ParNew: 92159K->10240K(92160K), 0.0504080 secs] 8219445K->8162657K(20961280K), 0.0524920 secs] [Times: user=0.35 sys=0.00, real=0.06 secs]
2014-07-28T04:12:28.006+0000: 791.687: [GC2014-07-28T04:12:28.007+0000: 791.688: [ParNew: 92158K->10240K(92160K), 0.0496230 secs] 8244575K->8190404K(20961280K), 0.0516900 secs] [Times: user=0.34 sys=0.01, real=0.05 secs]
2014-07-28T04:12:28.193+0000: 791.874: [GC2014-07-28T04:12:28.194+0000: 791.875: [ParNew: 92160K->10240K(92160K), 0.0494250 secs] 8272324K->8214141K(20961280K), 0.0515390 secs] [Times: user=0.36 sys=0.00, real=0.06 secs]
2014-07-28T04:12:29.969+0000: 793.650: [GC2014-07-28T04:12:29.970+0000: 793.651: [ParNew: 92145K->10240K(92160K), 0.0472910 secs] 8296046K->8238733K(20961280K), 0.0493730 secs] [Times: user=0.31 sys=0.01, real=0.05 secs]
2014-07-28T04:12:30.309+0000: 793.991: [GC2014-07-28T04:12:30.310+0000: 793.992: [ParNew: 92152K->10240K(92160K), 0.0484620 secs] 8320645K->8263598K(20961280K), 0.0505560 secs] [Times: user=0.33 sys=0.00, real=0.05 secs]
2014-07-28T04:12:30.686+0000: 794.367: [GC2014-07-28T04:12:30.687+0000: 794.368: [ParNew: 92154K->10240K(92160K), 0.0465540 secs] 8345512K->8288454K(20961280K), 0.0486400 secs] [Times: user=0.31 sys=0.02, real=0.05 secs]
2014-07-28T04:12:30.978+0000: 794.659: [GC2014-07-28T04:12:30.979+0000: 794.660: [ParNew: 92159K->10240K(92160K), 0.0510430 secs] 8370374K->8313678K(20961280K), 0.0531370 secs] [Times: user=0.33 sys=0.03, real=0.05 secs]
2014-07-28T04:12:31.770+0000: 795.452: [GC2014-07-28T04:12:31.771+0000: 795.453: [ParNew: 92160K->10240K(92160K), 0.0503880 secs] 8395598K->8340496K(20961280K), 0.0524670 secs] [Times: user=0.33 sys=0.01, real=0.06 secs]
2014-07-28T04:12:32.151+0000: 795.833: [GC2014-07-28T04:12:32.152+0000: 795.834: [ParNew: 92155K->10240K(92160K), 0.0492590 secs] 8422411K->8365776K(20961280K), 0.0513440 secs] [Times: user=0.33 sys=0.01, real=0.06 secs]
2014-07-28T04:12:34.388+0000: 798.070: [GC2014-07-28T04:12:34.389+0000: 798.071: [ParNew: 92159K->10240K(92160K), 0.0540060 secs] 8447696K->8391735K(20961280K), 0.0560950 secs] [Times: user=0.33 sys=0.02, real=0.06 secs]
2014-07-28T04:12:35.049+0000: 798.730: [GC2014-07-28T04:12:35.050+0000: 798.731: [ParNew: 92153K->10240K(92160K), 0.0558630 secs] 8473649K->8417261K(20961280K), 0.0579340 secs] [Times: user=0.36 sys=0.01, real=0.06 secs]
2014-07-28T04:12:35.490+0000: 799.172: [GC2014-07-28T04:12:35.491+0000: 799.173: [ParNew: 92154K->10240K(92160K), 0.1184760 secs] 8499176K->8443611K(20961280K), 0.1206500 secs] [Times: user=0.39 sys=0.02, real=0.12 secs]
2014-07-28T04:12:36.013+0000: 799.694: [GC2014-07-28T04:12:36.014+0000: 799.695: [ParNew: 92160K->10240K(92160K), 0.0952140 secs] 8525531K->8470365K(20961280K), 0.0974820 secs] [Times: user=0.39 sys=0.02, real=0.10 secs]
2014-07-28T04:12:36.508+0000: 800.190: [GC2014-07-28T04:12:36.509+0000: 800.191: [ParNew: 92160K->10240K(92160K), 0.0553390 secs] 8552285K->8494402K(20961280K), 0.0573790 secs] [Times: user=0.34 sys=0.00, real=0.06 secs]
2014-07-28T04:12:36.955+0000: 800.637: [GC2014-07-28T04:12:36.957+0000: 800.638: [ParNew: 92160K->10240K(92160K), 0.0604860 secs] 8576322K->8521472K(20961280K), 0.0625860 secs] [Times: user=0.33 sys=0.03, real=0.06 secs]
2014-07-28T04:12:37.384+0000: 801.065: [GC2014-07-28T04:12:37.385+0000: 801.066: [ParNew: 92160K->10240K(92160K), 0.0786550 secs] 8603392K->8547782K(20961280K), 0.0807460 secs] [Times: user=0.35 sys=0.02, real=0.08 secs]
2014-07-28T04:12:37.617+0000: 801.298: [GC2014-07-28T04:12:37.618+0000: 801.300: [ParNew: 92160K->10240K(92160K), 0.0720780 secs] 8629702K->8573768K(20961280K), 0.0746570 secs] [Times: user=0.37 sys=0.00, real=0.07 secs]
2014-07-28T04:12:38.047+0000: 801.729: [GC2014-07-28T04:12:38.048+0000: 801.730: [ParNew: 92154K->10240K(92160K), 0.0614070 secs] 8655683K->8596768K(20961280K), 0.0634840 secs] [Times: user=0.35 sys=0.03, real=0.06 secs]
2014-07-28T04:12:38.243+0000: 801.924: [GC2014-07-28T04:12:38.244+0000: 801.925: [ParNew: 92155K->10240K(92160K), 0.0634620 secs] 8678684K->8624399K(20961280K), 0.0655620 secs] [Times: user=0.38 sys=0.00, real=0.06 secs]
2014-07-28T04:12:39.063+0000: 802.745: [GC2014-07-28T04:12:39.065+0000: 802.746: [ParNew: 92160K->10240K(92160K), 0.0583870 secs] 8706319K->8647772K(20961280K), 0.0604630 secs] [Times: user=0.35 sys=0.01, real=0.06 secs]
2014-07-28T04:12:40.316+0000: 803.997: [GC2014-07-28T04:12:40.317+0000: 803.998: [ParNew: 92160K->10240K(92160K), 0.0626360 secs] 8729692K->8676988K(20961280K), 0.0646900 secs] [Times: user=0.38 sys=0.01, real=0.07 secs]
2014-07-28T04:12:40.657+0000: 804.338: [GC2014-07-28T04:12:40.658+0000: 804.339: [ParNew: 92160K->10240K(92160K), 0.0567520 secs] 8758908K->8703657K(20961280K), 0.0591080 secs] [Times: user=0.37 sys=0.01, real=0.06 secs]
2014-07-28T04:12:41.006+0000: 804.688: [GC2014-07-28T04:12:41.007+0000: 804.689: [ParNew: 92160K->10240K(92160K), 0.0596930 secs] 8785577K->8727861K(20961280K), 0.0618580 secs] [Times: user=0.37 sys=0.01, real=0.06 secs]
2014-07-28T04:12:41.800+0000: 805.481: [GC2014-07-28T04:12:41.801+0000: 805.483: [ParNew: 92160K->10240K(92160K), 0.0578230 secs] 8809781K->8751920K(20961280K), 0.0605320 secs] [Times: user=0.38 sys=0.01, real=0.07 secs]
2014-07-28T04:12:42.156+0000: 805.838: [GC2014-07-28T04:12:42.157+0000: 805.839: [ParNew: 92160K->10240K(92160K), 0.0492130 secs] 8833840K->8777815K(20961280K), 0.0512680 secs] [Times: user=0.34 sys=0.01, real=0.05 secs]
2014-07-28T04:12:44.455+0000: 808.136: [GC2014-07-28T04:12:44.456+0000: 808.137: [ParNew: 92160K->10240K(92160K), 0.0476820 secs] 8859735K->8802912K(20961280K), 0.0497400 secs] [Times: user=0.33 sys=0.01, real=0.05 secs]
2014-07-28T04:12:45.085+0000: 808.767: [GC2014-07-28T04:12:45.087+0000: 808.768: [ParNew: 92160K->10240K(92160K), 0.0507940 secs] 8884832K->8827550K(20961280K), 0.0528840 secs] [Times: user=0.35 sys=0.00, real=0.05 secs]
2014-07-28T04:12:45.641+0000: 809.322: [GC2014-07-28T04:12:45.642+0000: 809.323: [ParNew: 92160K->10240K(92160K), 0.0474160 secs] 8909470K->8854172K(20961280K), 0.0494690 secs] [Times: user=0.32 sys=0.02, real=0.06 secs]
2014-07-28T04:12:46.135+0000: 809.816: [GC2014-07-28T04:12:46.136+0000: 809.817: [ParNew: 92160K->10240K(92160K), 0.0479390 secs] 8936092K->8881424K(20961280K), 0.0499860 secs] [Times: user=0.32 sys=0.02, real=0.05 secs]
2014-07-28T04:12:46.579+0000: 810.260: [GC2014-07-28T04:12:46.580+0000: 810.261: [ParNew: 92144K->10240K(92160K), 0.0494050 secs] 8963328K->8904708K(20961280K), 0.0514730 secs] [Times: user=0.34 sys=0.01, real=0.06 secs]
2014-07-28T04:12:47.043+0000: 810.724: [GC2014-07-28T04:12:47.044+0000: 810.725: [ParNew: 92160K->10240K(92160K), 0.0531830 secs] 8986628K->8932729K(20961280K), 0.0552600 secs] [Times: user=0.37 sys=0.00, real=0.05 secs]
2014-07-28T04:12:47.492+0000: 811.174: [GC2014-07-28T04:12:47.493+0000: 811.175: [ParNew: 92160K->10240K(92160K), 0.0529600 secs] 9014649K->8960043K(20961280K), 0.0550000 secs] [Times: user=0.36 sys=0.01, real=0.05 secs]
2014-07-28T04:12:47.722+0000: 811.404: [GC2014-07-28T04:12:47.723+0000: 811.405: [ParNew: 92160K->10240K(92160K), 0.0534310 secs] 9041963K->8986242K(20961280K), 0.0555300 secs] [Times: user=0.36 sys=0.02, real=0.05 secs]
2014-07-28T04:12:48.129+0000: 811.811: [GC2014-07-28T04:12:48.131+0000: 811.812: [ParNew: 92160K->10240K(92160K), 0.0502660 secs] 9068162K->9009499K(20961280K), 0.0523880 secs] [Times: user=0.34 sys=0.00, real=0.06 secs]
2014-07-28T04:12:48.341+0000: 812.023: [GC2014-07-28T04:12:48.342+0000: 812.024: [ParNew: 92159K->10240K(92160K), 0.0517490 secs] 9091418K->9038096K(20961280K), 0.0538260 secs] [Times: user=0.34 sys=0.02, real=0.06 secs]
2014-07-28T04:12:49.133+0000: 812.814: [GC2014-07-28T04:12:49.134+0000: 812.815: [ParNew: 92152K->10240K(92160K), 0.0457640 secs] 9120009K->9060536K(20961280K), 0.0478460 secs] [Times: user=0.31 sys=0.00, real=0.05 secs]
2014-07-28T04:12:50.416+0000: 814.097: [GC2014-07-28T04:12:50.417+0000: 814.098: [ParNew: 92160K->10240K(92160K), 0.0582760 secs] 9142456K->9090671K(20961280K), 0.0603320 secs] [Times: user=0.39 sys=0.01, real=0.06 secs]
2014-07-28T04:12:50.758+0000: 814.439: [GC2014-07-28T04:12:50.759+0000: 814.440: [ParNew: 92160K->10240K(92160K), 0.0587320 secs] 9172591K->9117379K(20961280K), 0.0609270 secs] [Times: user=0.37 sys=0.03, real=0.06 secs]
2014-07-28T04:12:51.095+0000: 814.777: [GC2014-07-28T04:12:51.096+0000: 814.778: [ParNew: 92160K->10240K(92160K), 0.0653510 secs] 9199299K->9141740K(20961280K), 0.0676130 secs] [Times: user=0.39 sys=0.02, real=0.07 secs]
2014-07-28T04:12:51.876+0000: 815.557: [GC2014-07-28T04:12:51.877+0000: 815.558: [ParNew: 92160K->10240K(92160K), 0.0553760 secs] 9223660K->9166067K(20961280K), 0.0574290 secs] [Times: user=0.36 sys=0.01, real=0.06 secs]
2014-07-28T04:12:52.227+0000: 815.908: [GC2014-07-28T04:12:52.228+0000: 815.909: [ParNew: 92160K->10240K(92160K), 0.0596690 secs] 9247987K->9191617K(20961280K), 0.0617450 secs] [Times: user=0.41 sys=0.00, real=0.07 secs]
2014-07-28T04:12:54.466+0000: 818.147: [GC2014-07-28T04:12:54.467+0000: 818.148: [ParNew: 92160K->10240K(92160K), 0.0558700 secs] 9273537K->9217387K(20961280K), 0.0580300 secs] [Times: user=0.38 sys=0.01, real=0.06 secs]
2014-07-28T04:12:55.081+0000: 818.762: [GC2014-07-28T04:12:55.082+0000: 818.763: [ParNew: 92160K->10240K(92160K), 0.0585760 secs] 9299307K->9242399K(20961280K), 0.0606100 secs] [Times: user=0.37 sys=0.01, real=0.07 secs]
2014-07-28T04:12:55.712+0000: 819.394: [GC2014-07-28T04:12:55.713+0000: 819.395: [ParNew: 92160K->10240K(92160K), 0.0596310 secs] 9324319K->9267997K(20961280K), 0.0617320 secs] [Times: user=0.40 sys=0.00, real=0.06 secs]
2014-07-28T04:12:56.211+0000: 819.892: [GC2014-07-28T04:12:56.212+0000: 819.893: [ParNew: 92160K->10240K(92160K), 0.0585470 secs] 9349917K->9294238K(20961280K), 0.0605790 secs] [Times: user=0.35 sys=0.02, real=0.06 secs]
2014-07-28T04:12:56.510+0000: 820.191: [GC2014-07-28T04:12:56.511+0000: 820.192: [ParNew: 92155K->10240K(92160K), 0.0610180 secs] 9376154K->9319331K(20961280K), 0.0631150 secs] [Times: user=0.35 sys=0.03, real=0.07 secs]
2014-07-28T04:12:57.156+0000: 820.837: [GC2014-07-28T04:12:57.157+0000: 820.838: [ParNew: 92160K->10240K(92160K), 0.1525000 secs] 9401251K->9345797K(20961280K), 0.1545430 secs] [Times: user=0.33 sys=0.00, real=0.16 secs]
2014-07-28T04:12:57.607+0000: 821.288: [GC2014-07-28T04:12:57.608+0000: 821.289: [ParNew: 92158K->10240K(92160K), 0.0614000 secs] 9427715K->9372342K(20961280K), 0.0635420 secs] [Times: user=0.40 sys=0.01, real=0.07 secs]
2014-07-28T04:12:57.836+0000: 821.518: [GC2014-07-28T04:12:57.837+0000: 821.519: [ParNew: 92158K->10240K(92160K), 0.0710480 secs] 9454260K->9398881K(20961280K), 0.0731940 secs] [Times: user=0.34 sys=0.01, real=0.08 secs]
2014-07-28T04:12:58.204+0000: 821.885: [GC2014-07-28T04:12:58.205+0000: 821.886: [ParNew: 92160K->10240K(92160K), 0.0509830 secs] 9480801K->9422393K(20961280K), 0.1496720 secs] [Times: user=0.34 sys=0.01, real=0.15 secs]
2014-07-28T04:12:58.468+0000: 822.149: [GC2014-07-28T04:12:58.470+0000: 822.151: [ParNew: 92160K->10240K(92160K), 0.0534680 secs] 9504313K->9453962K(20961280K), 0.0562730 secs] [Times: user=0.35 sys=0.02, real=0.06 secs]
2014-07-28T04:12:59.093+0000: 822.774: [GC2014-07-28T04:12:59.094+0000: 822.775: [ParNew: 92151K->10240K(92160K), 0.0501260 secs] 9535873K->9475780K(20961280K), 0.0522620 secs] [Times: user=0.36 sys=0.00, real=0.05 secs]
2014-07-28T04:13:00.537+0000: 824.218: [GC2014-07-28T04:13:00.538+0000: 824.219: [ParNew: 92160K->10240K(92160K), 0.0495750 secs] 9557700K->9503218K(20961280K), 0.0516560 secs] [Times: user=0.34 sys=0.00, real=0.06 secs]
2014-07-28T04:13:00.879+0000: 824.560: [GC2014-07-28T04:13:00.880+0000: 824.561: [ParNew: 92151K->10240K(92160K), 0.0493200 secs] 9585130K->9530071K(20961280K), 0.0514870 secs] [Times: user=0.34 sys=0.01, real=0.06 secs]
2014-07-28T04:13:01.226+0000: 824.907: [GC2014-07-28T04:13:01.227+0000: 824.908: [ParNew: 92160K->10240K(92160K), 0.0492930 secs] 9611991K->9554471K(20961280K), 0.0514320 secs] [Times: user=0.33 sys=0.01, real=0.05 secs]
2014-07-28T04:13:01.970+0000: 825.651: [GC2014-07-28T04:13:01.971+0000: 825.652: [ParNew: 92160K->10240K(92160K), 0.0510610 secs] 9636391K->9579476K(20961280K), 0.0532030 secs] [Times: user=0.32 sys=0.02, real=0.06 secs]
2014-07-28T04:13:02.311+0000: 825.992: [GC2014-07-28T04:13:02.312+0000: 825.993: [ParNew: 92160K->10240K(92160K), 0.0481640 secs] 9661396K->9604937K(20961280K), 0.0503090 secs] [Times: user=0.34 sys=0.01, real=0.05 secs]
2014-07-28T04:13:04.546+0000: 828.228: [GC2014-07-28T04:13:04.548+0000: 828.229: [ParNew: 92160K->10240K(92160K), 0.0709180 secs] 9686857K->9631300K(20961280K), 0.0733670 secs] [Times: user=0.36 sys=0.03, real=0.07 secs]
2014-07-28T04:13:05.161+0000: 828.843: [GC2014-07-28T04:13:05.162+0000: 828.844: [ParNew: 92160K->10240K(92160K), 0.0479180 secs] 9713220K->9655878K(20961280K), 0.0500460 secs] [Times: user=0.34 sys=0.00, real=0.06 secs]
2014-07-28T04:13:05.809+0000: 829.491: [GC2014-07-28T04:13:05.810+0000: 829.492: [ParNew: 92152K->10240K(92160K), 0.0471240 secs] 9737791K->9680781K(20961280K), 0.0492330 secs] [Times: user=0.33 sys=0.00, real=0.05 secs]
2014-07-28T04:13:06.299+0000: 829.980: [GC2014-07-28T04:13:06.300+0000: 829.981: [ParNew: 92160K->10240K(92160K), 0.0650020 secs] 9762701K->9707182K(20961280K), 0.0670840 secs] [Times: user=0.38 sys=0.00, real=0.07 secs]
2014-07-28T04:13:06.590+0000: 830.272: [GC2014-07-28T04:13:06.591+0000: 830.273: [ParNew: 92151K->10240K(92160K), 0.0496530 secs] 9789094K->9732411K(20961280K), 0.0517650 secs] [Times: user=0.34 sys=0.01, real=0.05 secs]
2014-07-28T04:13:07.340+0000: 831.021: [GC2014-07-28T04:13:07.341+0000: 831.022: [ParNew: 92160K->10240K(92160K), 0.0490600 secs] 9814331K->9758776K(20961280K), 0.0511750 secs] [Times: user=0.34 sys=0.01, real=0.06 secs]
2014-07-28T04:13:07.727+0000: 831.409: [GC2014-07-28T04:13:07.728+0000: 831.410: [ParNew: 92158K->10240K(92160K), 0.0508540 secs] 9840695K->9785848K(20961280K), 0.0529490 secs] [Times: user=0.34 sys=0.02, real=0.06 secs]
2014-07-28T04:13:07.941+0000: 831.623: [GC2014-07-28T04:13:07.942+0000: 831.624: [ParNew: 92160K->10240K(92160K), 0.0529960 secs] 9867768K->9812403K(20961280K), 0.0551450 secs] [Times: user=0.37 sys=0.01, real=0.06 secs]
2014-07-28T04:13:08.397+0000: 832.078: [GC2014-07-28T04:13:08.398+0000: 832.079: [ParNew: 92156K->10240K(92160K), 0.0566940 secs] 9894319K->9836072K(20961280K), 0.0587510 secs] [Times: user=0.40 sys=0.00, real=0.06 secs]
2014-07-28T04:13:08.593+0000: 832.275: [GC2014-07-28T04:13:08.595+0000: 832.276: [ParNew: 92144K->10240K(92160K), 0.0555110 secs] 9917976K->9866840K(20961280K), 0.0576580 secs] [Times: user=0.39 sys=0.00, real=0.06 secs]
2014-07-28T04:13:09.201+0000: 832.882: [GC2014-07-28T04:13:09.202+0000: 832.883: [ParNew: 92158K->10240K(92160K), 0.0474510 secs] 9948758K->9888850K(20961280K), 0.0496290 secs] [Times: user=0.34 sys=0.00, real=0.06 secs]
2014-07-28T04:13:10.645+0000: 834.326: [GC2014-07-28T04:13:10.646+0000: 834.327: [ParNew: 92160K->10240K(92160K), 0.0552920 secs] 9970770K->9915721K(20961280K), 0.0574490 secs] [Times: user=0.38 sys=0.02, real=0.06 secs]
2014-07-28T04:13:10.981+0000: 834.663: [GC2014-07-28T04:13:10.982+0000: 834.664: [ParNew: 92160K->10240K(92160K), 0.0493230 secs] 9997641K->9942719K(20961280K), 0.0514260 secs] [Times: user=0.35 sys=0.01, real=0.06 secs]
2014-07-28T04:13:11.330+0000: 835.012: [GC2014-07-28T04:13:11.331+0000: 835.013: [ParNew: 92160K->10240K(92160K), 0.0487110 secs] 10024639K->9967334K(20961280K), 0.0508210 secs] [Times: user=0.34 sys=0.00, real=0.05 secs]
2014-07-28T04:13:12.094+0000: 835.775: [GC2014-07-28T04:13:12.095+0000: 835.776: [ParNew: 92156K->10240K(92160K), 0.0532360 secs] 10049250K->9992266K(20961280K), 0.0553180 secs] [Times: user=0.37 sys=0.01, real=0.06 secs]
2014-07-28T04:13:12.389+0000: 836.070: [GC2014-07-28T04:13:12.390+0000: 836.071: [ParNew: 92160K->10240K(92160K), 0.0476750 secs] 10074186K->10017319K(20961280K), 0.0497720 secs] [Times: user=0.30 sys=0.03, real=0.05 secs]
2014-07-28T04:13:14.647+0000: 838.328: [GC2014-07-28T04:13:14.648+0000: 838.329: [ParNew: 92160K->10240K(92160K), 0.0481820 secs] 10099239K->10042945K(20961280K), 0.0502170 secs] [Times: user=0.33 sys=0.01, real=0.05 secs]
2014-07-28T04:13:15.234+0000: 838.916: [GC2014-07-28T04:13:15.235+0000: 838.917: [ParNew: 92160K->10240K(92160K), 0.0441860 secs] 10124865K->10067934K(20961280K), 0.0462190 secs] [Times: user=0.30 sys=0.01, real=0.05 secs]
2014-07-28T04:13:15.683+0000: 839.364: [GC2014-07-28T04:13:15.684+0000: 839.365: [ParNew: 92160K->10240K(92160K), 0.0695130 secs] 10149854K->10093161K(20961280K), 0.0747510 secs] [Times: user=0.45 sys=0.02, real=0.08 secs]
2014-07-28T04:13:16.398+0000: 840.079: [GC2014-07-28T04:13:16.399+0000: 840.080: [ParNew: 92160K->10240K(92160K), 0.0533040 secs] 10175081K->10118890K(20961280K), 0.0553920 secs] [Times: user=0.40 sys=0.00, real=0.06 secs]
2014-07-28T04:13:16.659+0000: 840.340: [GC2014-07-28T04:13:16.660+0000: 840.341: [ParNew: 92152K->10240K(92160K), 0.0476770 secs] 10200803K->10143720K(20961280K), 0.0497160 secs] [Times: user=0.33 sys=0.02, real=0.05 secs]
2014-07-28T04:13:17.433+0000: 841.115: [GC2014-07-28T04:13:17.435+0000: 841.116: [ParNew: 92159K->10240K(92160K), 0.0471270 secs] 10225639K->10169522K(20961280K), 0.0492130 secs] [Times: user=0.32 sys=0.02, real=0.05 secs]
2014-07-28T04:13:17.822+0000: 841.503: [GC2014-07-28T04:13:17.823+0000: 841.504: [ParNew: 92160K->10240K(92160K), 0.0532260 secs] 10251442K->10196801K(20961280K), 0.0553390 secs] [Times: user=0.37 sys=0.02, real=0.06 secs]
2014-07-28T04:13:18.035+0000: 841.717: [GC2014-07-28T04:13:18.036+0000: 841.718: [ParNew: 92160K->10240K(92160K), 0.0494620 secs] 10278721K->10222883K(20961280K), 0.0515700 secs] [Times: user=0.34 sys=0.01, real=0.05 secs]
2014-07-28T04:13:18.237+0000: 841.918: [GC2014-07-28T04:13:18.238+0000: 841.919: [ParNew: 92160K->10240K(92160K), 0.0542220 secs] 10304803K->10247395K(20961280K), 0.0563000 secs] [Times: user=0.38 sys=0.01, real=0.06 secs]
2014-07-28T04:13:18.700+0000: 842.382: [GC2014-07-28T04:13:18.701+0000: 842.383: [ParNew: 92159K->10240K(92160K), 0.0533470 secs] 10329315K->10278432K(20961280K), 0.0554770 secs] [Times: user=0.36 sys=0.01, real=0.05 secs]
2014-07-28T04:13:19.129+0000: 842.810: [GC2014-07-28T04:13:19.130+0000: 842.811: [ParNew: 92159K->10240K(92160K), 0.0474580 secs] 10360352K->10299168K(20961280K), 0.0495700 secs] [Times: user=0.32 sys=0.01, real=0.06 secs]
2014-07-28T04:13:20.734+0000: 844.415: [GC2014-07-28T04:13:20.735+0000: 844.416: [ParNew: 92160K->10240K(92160K), 0.0541950 secs] 10381088K->10326114K(20961280K), 0.0563110 secs] [Times: user=0.38 sys=0.00, real=0.06 secs]
2014-07-28T04:13:21.065+0000: 844.746: [GC2014-07-28T04:13:21.066+0000: 844.748: [ParNew: 92160K->10240K(92160K), 0.0465210 secs] 10408034K->10353675K(20961280K), 0.0486560 secs] [Times: user=0.33 sys=0.00, real=0.05 secs]
2014-07-28T04:13:21.407+0000: 845.089: [GC2014-07-28T04:13:21.409+0000: 845.090: [ParNew: 92160K->10240K(92160K), 0.0531240 secs] 10435595K->10378432K(20961280K), 0.0555310 secs] [Times: user=0.34 sys=0.01, real=0.06 secs]
2014-07-28T04:13:22.074+0000: 845.755: [GC2014-07-28T04:13:22.075+0000: 845.756: [ParNew: 92160K->10240K(92160K), 0.0466660 secs] 10460352K->10402779K(20961280K), 0.0487490 secs] [Times: user=0.32 sys=0.01, real=0.05 secs]
2014-07-28T04:13:22.340+0000: 846.021: [GC2014-07-28T04:13:22.341+0000: 846.022: [ParNew: 92160K->10240K(92160K), 0.0516510 secs] 10484699K->10428117K(20961280K), 0.0538310 secs] [Times: user=0.37 sys=0.00, real=0.05 secs]
2014-07-28T04:13:24.717+0000: 848.398: [GC2014-07-28T04:13:24.718+0000: 848.399: [ParNew: 92160K->10240K(92160K), 0.0482290 secs] 10510037K->10453069K(20961280K), 0.0503070 secs] [Times: user=0.32 sys=0.01, real=0.05 secs]
2014-07-28T04:13:25.078+0000: 848.760: [GC2014-07-28T04:13:25.079+0000: 848.761: [ParNew: 92160K->10240K(92160K), 0.0529260 secs] 10534989K->10478229K(20961280K), 0.0549590 secs] [Times: user=0.37 sys=0.01, real=0.05 secs]
2014-07-28T04:13:25.716+0000: 849.398: [GC2014-07-28T04:13:25.717+0000: 849.399: [ParNew: 92159K->10240K(92160K), 0.0444650 secs] 10560149K->10503261K(20961280K), 0.0465020 secs] [Times: user=0.31 sys=0.00, real=0.05 secs]
2014-07-28T04:13:26.478+0000: 850.159: [GC2014-07-28T04:13:26.479+0000: 850.160: [ParNew: 92156K->10240K(92160K), 0.0484510 secs] 10585178K->10528557K(20961280K), 0.0505090 secs] [Times: user=0.34 sys=0.00, real=0.06 secs]
2014-07-28T04:13:26.687+0000: 850.369: [GC2014-07-28T04:13:26.688+0000: 850.370: [ParNew: 92154K->10240K(92160K), 0.0527220 secs] 10610471K->10553943K(20961280K), 0.0547770 secs] [Times: user=0.36 sys=0.01, real=0.06 secs]
2014-07-28T04:13:27.508+0000: 851.189: [GC2014-07-28T04:13:27.509+0000: 851.190: [ParNew: 92160K->10240K(92160K), 0.0491090 secs] 10635863K->10579348K(20961280K), 0.0511860 secs] [Times: user=0.33 sys=0.01, real=0.06 secs]
2014-07-28T04:13:27.946+0000: 851.628: [GC2014-07-28T04:13:27.947+0000: 851.629: [ParNew: 92160K->10240K(92160K), 0.0559410 secs] 10661268K->10605025K(20961280K), 0.0580070 secs] [Times: user=0.38 sys=0.01, real=0.06 secs]
2014-07-28T04:13:28.144+0000: 851.826: [GC2014-07-28T04:13:28.146+0000: 851.827: [ParNew: 92151K->10240K(92160K), 0.0500050 secs] 10686937K->10631387K(20961280K), 0.0521510 secs] [Times: user=0.35 sys=0.00, real=0.06 secs]
2014-07-28T04:13:28.339+0000: 852.020: [GC2014-07-28T04:13:28.340+0000: 852.021: [ParNew: 92160K->10240K(92160K), 0.0471260 secs] 10713307K->10657204K(20961280K), 0.0492010 secs] [Times: user=0.31 sys=0.02, real=0.04 secs]
2014-07-28T04:13:28.815+0000: 852.497: [GC2014-07-28T04:13:28.816+0000: 852.498: [ParNew: 92157K->10240K(92160K), 0.0535750 secs] 10739121K->10686385K(20961280K), 0.0556630 secs] [Times: user=0.36 sys=0.02, real=0.06 secs]
2014-07-28T04:13:29.188+0000: 852.870: [GC2014-07-28T04:13:29.190+0000: 852.871: [ParNew: 92159K->10240K(92160K), 0.0482100 secs] 10768305K->10707890K(20961280K), 0.0502930 secs] [Times: user=0.34 sys=0.00, real=0.06 secs]
2014-07-28T04:13:30.830+0000: 854.512: [GC2014-07-28T04:13:30.831+0000: 854.513: [ParNew: 92147K->10240K(92160K), 0.0575790 secs] 10789798K->10734268K(20961280K), 0.0596260 secs] [Times: user=0.40 sys=0.01, real=0.06 secs]
2014-07-28T04:13:31.172+0000: 854.854: [GC2014-07-28T04:13:31.173+0000: 854.855: [ParNew: 92160K->10240K(92160K), 0.0527950 secs] 10816188K->10760898K(20961280K), 0.0549100 secs] [Times: user=0.38 sys=0.00, real=0.05 secs]
2014-07-28T04:13:31.488+0000: 855.170: [GC2014-07-28T04:13:31.490+0000: 855.171: [ParNew: 92160K->10240K(92160K), 0.0492350 secs] 10842818K->10785519K(20961280K), 0.0513360 secs] [Times: user=0.34 sys=0.01, real=0.06 secs]
2014-07-28T04:13:32.032+0000: 855.714: [GC2014-07-28T04:13:32.034+0000: 855.715: [ParNew: 92153K->10240K(92160K), 0.0518580 secs] 10867432K->10811095K(20961280K), 0.0540330 secs] [Times: user=0.38 sys=0.00, real=0.05 secs]
2014-07-28T04:13:32.404+0000: 856.085: [GC2014-07-28T04:13:32.405+0000: 856.086: [ParNew: 92160K->10240K(92160K), 0.0477970 secs] 10893015K->10836239K(20961280K), 0.0498550 secs] [Times: user=0.34 sys=0.01, real=0.05 secs]
2014-07-28T04:13:34.613+0000: 858.295: [GC2014-07-28T04:13:34.614+0000: 858.296: [ParNew: 92160K->10240K(92160K), 0.0517150 secs] 10918159K->10861802K(20961280K), 0.0538640 secs] [Times: user=0.36 sys=0.01, real=0.05 secs]
2014-07-28T04:13:35.033+0000: 858.714: [GC2014-07-28T04:13:35.034+0000: 858.715: [ParNew: 92160K->10240K(92160K), 0.0502450 secs] 10943722K->10888105K(20961280K), 0.0523540 secs] [Times: user=0.34 sys=0.02, real=0.05 secs]
2014-07-28T04:13:35.716+0000: 859.397: [GC2014-07-28T04:13:35.717+0000: 859.398: [ParNew: 92156K->10240K(92160K), 0.0882320 secs] 10970021K->10913601K(20961280K), 0.0905340 secs] [Times: user=0.38 sys=0.01, real=0.09 secs]
2014-07-28T04:13:36.248+0000: 859.929: [GC2014-07-28T04:13:36.249+0000: 859.930: [ParNew: 92160K->10240K(92160K), 0.0658150 secs] 10995521K->10939132K(20961280K), 0.0680570 secs] [Times: user=0.41 sys=0.00, real=0.07 secs]
2014-07-28T04:13:36.735+0000: 860.416: [GC2014-07-28T04:13:36.736+0000: 860.417: [ParNew: 92160K->10240K(92160K), 0.0563000 secs] 11021052K->10963740K(20961280K), 0.0583470 secs] [Times: user=0.38 sys=0.00, real=0.06 secs]
2014-07-28T04:13:37.229+0000: 860.911: [GC2014-07-28T04:13:37.230+0000: 860.912: [ParNew: 92158K->10240K(92160K), 0.0612280 secs] 11045659K->10990733K(20961280K), 0.0633230 secs] [Times: user=0.41 sys=0.01, real=0.07 secs]
2014-07-28T04:13:37.744+0000: 861.425: [GC2014-07-28T04:13:37.745+0000: 861.426: [ParNew: 92159K->10240K(92160K), 0.0508570 secs] 11072653K->11015634K(20961280K), 0.0529680 secs] [Times: user=0.36 sys=0.01, real=0.06 secs]
2014-07-28T04:13:38.216+0000: 861.897: [GC2014-07-28T04:13:38.217+0000: 861.898: [ParNew: 92159K->10240K(92160K), 0.0493640 secs] 11097554K->11040812K(20961280K), 0.0514500 secs] [Times: user=0.34 sys=0.00, real=0.05 secs]
2014-07-28T04:13:38.397+0000: 862.079: [GC2014-07-28T04:13:38.398+0000: 862.080: [ParNew: 92160K->10240K(92160K), 0.0484460 secs] 11122732K->11066892K(20961280K), 0.0505350 secs] [Times: user=0.34 sys=0.01, real=0.05 secs]
2014-07-28T04:13:38.901+0000: 862.583: [GC2014-07-28T04:13:38.902+0000: 862.584: [ParNew: 92151K->10240K(92160K), 0.0503770 secs] 11148804K->11093333K(20961280K), 0.0524510 secs] [Times: user=0.35 sys=0.01, real=0.05 secs]
2014-07-28T04:13:39.150+0000: 862.831: [GC2014-07-28T04:13:39.151+0000: 862.832: [ParNew: 92160K->10240K(92160K), 0.0488660 secs] 11175253K->11119384K(20961280K), 0.0509670 secs] [Times: user=0.34 sys=0.01, real=0.06 secs]
2014-07-28T04:13:40.602+0000: 864.283: [GC2014-07-28T04:13:40.603+0000: 864.284: [ParNew: 92158K->10240K(92160K), 0.0483800 secs] 11201302K->11143082K(20961280K), 0.0504800 secs] [Times: user=0.34 sys=0.00, real=0.05 secs]
2014-07-28T04:13:41.107+0000: 864.788: [GC2014-07-28T04:13:41.108+0000: 864.789: [ParNew: 92160K->10240K(92160K), 0.0479170 secs] 11225002K->11168679K(20961280K), 0.0499570 secs] [Times: user=0.34 sys=0.00, real=0.06 secs]
2014-07-28T04:13:41.401+0000: 865.082: [GC2014-07-28T04:13:41.402+0000: 865.084: [ParNew: 92160K->10240K(92160K), 0.0533540 secs] 11250599K->11195998K(20961280K), 0.0554640 secs] [Times: user=0.38 sys=0.00, real=0.06 secs]
2014-07-28T04:13:42.083+0000: 865.764: [GC2014-07-28T04:13:42.084+0000: 865.765: [ParNew: 92160K->10240K(92160K), 0.0481480 secs] 11277918K->11219791K(20961280K), 0.0502090 secs] [Times: user=0.34 sys=0.01, real=0.05 secs]
2014-07-28T04:13:42.404+0000: 866.086: [GC2014-07-28T04:13:42.405+0000: 866.087: [ParNew: 92160K->10240K(92160K), 0.0517200 secs] 11301711K->11248028K(20961280K), 0.0538220 secs] [Times: user=0.35 sys=0.02, real=0.06 secs]
2014-07-28T04:13:44.595+0000: 868.276: [GC2014-07-28T04:13:44.596+0000: 868.277: [ParNew: 92149K->10240K(92160K), 0.0500040 secs] 11329938K->11270973K(20961280K), 0.0521160 secs] [Times: user=0.36 sys=0.00, real=0.05 secs]
2014-07-28T04:13:45.098+0000: 868.779: [GC2014-07-28T04:13:45.099+0000: 868.780: [ParNew: 92160K->10240K(92160K), 0.0511380 secs] 11352893K->11296800K(20961280K), 0.0532180 secs] [Times: user=0.36 sys=0.01, real=0.06 secs]
2014-07-28T04:13:45.755+0000: 869.436: [GC2014-07-28T04:13:45.756+0000: 869.437: [ParNew: 92160K->10240K(92160K), 0.0479830 secs] 11378720K->11321816K(20961280K), 0.0500480 secs] [Times: user=0.34 sys=0.00, real=0.05 secs]
2014-07-28T04:13:46.272+0000: 869.953: [GC2014-07-28T04:13:46.273+0000: 869.954: [ParNew: 92160K->10240K(92160K), 0.0492450 secs] 11403736K->11347493K(20961280K), 0.0512910 secs] [Times: user=0.33 sys=0.01, real=0.05 secs]
2014-07-28T04:13:46.780+0000: 870.461: [GC2014-07-28T04:13:46.781+0000: 870.462: [ParNew: 92160K->10240K(92160K), 0.0481670 secs] 11429413K->11372535K(20961280K), 0.0502380 secs] [Times: user=0.33 sys=0.01, real=0.05 secs]
2014-07-28T04:13:47.311+0000: 870.993: [GC2014-07-28T04:13:47.312+0000: 870.994: [ParNew: 92160K->10240K(92160K), 0.0491720 secs] 11454455K->11398693K(20961280K), 0.0512670 secs] [Times: user=0.34 sys=0.00, real=0.05 secs]
2014-07-28T04:13:47.811+0000: 871.492: [GC2014-07-28T04:13:47.812+0000: 871.493: [ParNew: 92160K->10240K(92160K), 0.0488900 secs] 11480613K->11424537K(20961280K), 0.0509370 secs] [Times: user=0.33 sys=0.02, real=0.05 secs]
2014-07-28T04:13:48.293+0000: 871.975: [GC2014-07-28T04:13:48.294+0000: 871.976: [ParNew: 92160K->10240K(92160K), 0.0517640 secs] 11506457K->11450273K(20961280K), 0.0539040 secs] [Times: user=0.37 sys=0.00, real=0.06 secs]
2014-07-28T04:13:48.474+0000: 872.156: [GC2014-07-28T04:13:48.475+0000: 872.157: [ParNew: 92160K->10240K(92160K), 0.0488940 secs] 11532193K->11478521K(20961280K), 0.0509350 secs] [Times: user=0.33 sys=0.02, real=0.06 secs]
2014-07-28T04:13:48.986+0000: 872.667: [GC2014-07-28T04:13:48.987+0000: 872.669: [ParNew: 92160K->10240K(92160K), 0.0481600 secs] 11560441K->11503282K(20961280K), 0.0502390 secs] [Times: user=0.34 sys=0.01, real=0.05 secs]
2014-07-28T04:13:49.223+0000: 872.905: [GC2014-07-28T04:13:49.224+0000: 872.906: [ParNew: 92160K->10240K(92160K), 0.0515240 secs] 11585202K->11530530K(20961280K), 0.0536020 secs] [Times: user=0.35 sys=0.02, real=0.06 secs]
2014-07-28T04:13:50.640+0000: 874.321: [GC2014-07-28T04:13:50.641+0000: 874.322: [ParNew: 92155K->10240K(92160K), 0.0536200 secs] 11612445K->11554253K(20961280K), 0.0557730 secs] [Times: user=0.39 sys=0.00, real=0.05 secs]
2014-07-28T04:13:51.110+0000: 874.792: [GC2014-07-28T04:13:51.111+0000: 874.793: [ParNew: 92160K->10240K(92160K), 0.0484890 secs] 11636173K->11579743K(20961280K), 0.0505420 secs] [Times: user=0.35 sys=0.00, real=0.05 secs]
2014-07-28T04:13:51.483+0000: 875.165: [GC2014-07-28T04:13:51.485+0000: 875.166: [ParNew: 92160K->10240K(92160K), 0.0673960 secs] 11661663K->11607257K(20961280K), 0.0695540 secs] [Times: user=0.37 sys=0.02, real=0.07 secs]
2014-07-28T04:13:52.147+0000: 875.828: [GC2014-07-28T04:13:52.148+0000: 875.830: [ParNew: 92160K->10240K(92160K), 0.0604450 secs] 11689177K->11631480K(20961280K), 0.0628320 secs] [Times: user=0.38 sys=0.01, real=0.06 secs]
2014-07-28T04:13:52.489+0000: 876.171: [GC2014-07-28T04:13:52.490+0000: 876.172: [ParNew: 92159K->10240K(92160K), 0.0689660 secs] 11713400K->11660852K(20961280K), 0.0711380 secs] [Times: user=0.44 sys=0.04, real=0.07 secs]
2014-07-28T04:13:54.587+0000: 878.268: [GC2014-07-28T04:13:54.588+0000: 878.269: [ParNew: 92160K->10240K(92160K), 0.0522630 secs] 11742772K->11682711K(20961280K), 0.0543460 secs] [Times: user=0.36 sys=0.02, real=0.05 secs]
2014-07-28T04:13:55.168+0000: 878.849: [GC2014-07-28T04:13:55.169+0000: 878.850: [ParNew: 92160K->10240K(92160K), 0.0471780 secs] 11764631K->11707769K(20961280K), 0.0492320 secs] [Times: user=0.33 sys=0.01, real=0.05 secs]
2014-07-28T04:13:55.814+0000: 879.496: [GC2014-07-28T04:13:55.815+0000: 879.497: [ParNew: 92159K->10240K(92160K), 0.0521970 secs] 11789689K->11733037K(20961280K), 0.0542590 secs] [Times: user=0.36 sys=0.00, real=0.06 secs]
2014-07-28T04:13:56.339+0000: 880.020: [GC2014-07-28T04:13:56.340+0000: 880.021: [ParNew: 92158K->10240K(92160K), 0.0522570 secs] 11814955K->11758472K(20961280K), 0.0543040 secs] [Times: user=0.38 sys=0.00, real=0.05 secs]
2014-07-28T04:13:56.850+0000: 880.531: [GC2014-07-28T04:13:56.851+0000: 880.532: [ParNew: 92153K->10240K(92160K), 0.0515620 secs] 11840385K->11784635K(20961280K), 0.0536540 secs] [Times: user=0.37 sys=0.01, real=0.05 secs]
2014-07-28T04:13:57.383+0000: 881.064: [GC2014-07-28T04:13:57.384+0000: 881.065: [ParNew: 92160K->10240K(92160K), 0.0540450 secs] 11866555K->11810073K(20961280K), 0.0561010 secs] [Times: user=0.38 sys=0.02, real=0.06 secs]
2014-07-28T04:13:57.912+0000: 881.593: [GC2014-07-28T04:13:57.913+0000: 881.594: [ParNew: 92159K->10240K(92160K), 0.0486160 secs] 11891992K->11835540K(20961280K), 0.0507170 secs] [Times: user=0.33 sys=0.02, real=0.05 secs]
2014-07-28T04:13:58.382+0000: 882.064: [GC2014-07-28T04:13:58.383+0000: 882.065: [ParNew: 92159K->10240K(92160K), 0.0482870 secs] 11917459K->11860812K(20961280K), 0.0503370 secs] [Times: user=0.35 sys=0.00, real=0.05 secs]
2014-07-28T04:13:58.586+0000: 882.268: [GC2014-07-28T04:13:58.587+0000: 882.269: [ParNew: 92160K->10240K(92160K), 0.0522220 secs] 11942732K->11887966K(20961280K), 0.0543350 secs] [Times: user=0.37 sys=0.00, real=0.05 secs]
2014-07-28T04:13:59.067+0000: 882.748: [GC2014-07-28T04:13:59.068+0000: 882.749: [ParNew: 92157K->10240K(92160K), 0.0490320 secs] 11969883K->11913263K(20961280K), 0.0510960 secs] [Times: user=0.32 sys=0.01, real=0.05 secs]
2014-07-28T04:13:59.335+0000: 883.016: [GC2014-07-28T04:13:59.336+0000: 883.017: [ParNew: 92160K->10240K(92160K), 0.0493130 secs] 11995183K->11939369K(20961280K), 0.0513870 secs] [Times: user=0.34 sys=0.01, real=0.06 secs]
2014-07-28T04:14:00.715+0000: 884.396: [GC2014-07-28T04:14:00.716+0000: 884.397: [ParNew: 92160K->10240K(92160K), 0.0500030 secs] 12021289K->11964503K(20961280K), 0.0520760 secs] [Times: user=0.34 sys=0.01, real=0.06 secs]
2014-07-28T04:14:01.181+0000: 884.862: [GC2014-07-28T04:14:01.182+0000: 884.863: [ParNew: 92160K->10240K(92160K), 0.0466220 secs] 12046423K->11990610K(20961280K), 0.0487030 secs] [Times: user=0.32 sys=0.01, real=0.05 secs]
2014-07-28T04:14:01.603+0000: 885.284: [GC2014-07-28T04:14:01.604+0000: 885.285: [ParNew: 92159K->10240K(92160K), 0.0500210 secs] 12072530K->12017376K(20961280K), 0.0521470 secs] [Times: user=0.34 sys=0.02, real=0.05 secs]
2014-07-28T04:14:02.174+0000: 885.855: [GC2014-07-28T04:14:02.175+0000: 885.856: [ParNew: 92159K->10240K(92160K), 0.0484090 secs] 12099296K->12041469K(20961280K), 0.0504870 secs] [Times: user=0.33 sys=0.01, real=0.06 secs]
2014-07-28T04:14:02.620+0000: 886.301: [GC2014-07-28T04:14:02.621+0000: 886.302: [ParNew: 92159K->10240K(92160K), 0.0487700 secs] 12123389K->12068938K(20961280K), 0.0508590 secs] [Times: user=0.33 sys=0.01, real=0.05 secs]
2014-07-28T04:14:04.492+0000: 888.173: [GC2014-07-28T04:14:04.493+0000: 888.174: [ParNew: 92160K->10240K(92160K), 0.0471130 secs] 12150858K->12092601K(20961280K), 0.0492190 secs] [Times: user=0.34 sys=0.00, real=0.05 secs]
2014-07-28T04:14:05.168+0000: 888.850: [GC2014-07-28T04:14:05.169+0000: 888.851: [ParNew: 92159K->10240K(92160K), 0.0515430 secs] 12174521K->12117621K(20961280K), 0.0536240 secs] [Times: user=0.37 sys=0.00, real=0.05 secs]
2014-07-28T04:14:05.845+0000: 889.526: [GC2014-07-28T04:14:05.846+0000: 889.528: [ParNew: 92159K->10240K(92160K), 0.0480550 secs] 12199540K->12142741K(20961280K), 0.0501760 secs] [Times: user=0.34 sys=0.00, real=0.05 secs]
2014-07-28T04:14:06.410+0000: 890.091: [GC2014-07-28T04:14:06.411+0000: 890.092: [ParNew: 92147K->10240K(92160K), 0.0733940 secs] 12224648K->12168042K(20961280K), 0.0754780 secs] [Times: user=0.39 sys=0.00, real=0.08 secs]
2014-07-28T04:14:06.929+0000: 890.610: [GC2014-07-28T04:14:06.930+0000: 890.611: [ParNew: 92160K->10240K(92160K), 0.0521670 secs] 12249962K->12193858K(20961280K), 0.0542220 secs] [Times: user=0.36 sys=0.00, real=0.05 secs]
2014-07-28T04:14:07.457+0000: 891.138: [GC2014-07-28T04:14:07.458+0000: 891.139: [ParNew: 92160K->10240K(92160K), 0.0472020 secs] 12275778K->12219083K(20961280K), 0.0492630 secs] [Times: user=0.33 sys=0.01, real=0.06 secs]
2014-07-28T04:14:07.932+0000: 891.614: [GC2014-07-28T04:14:07.933+0000: 891.615: [ParNew: 92155K->10240K(92160K), 0.0481130 secs] 12300998K->12244055K(20961280K), 0.0501640 secs] [Times: user=0.34 sys=0.00, real=0.05 secs]
2014-07-28T04:14:08.341+0000: 892.022: [GC2014-07-28T04:14:08.342+0000: 892.023: [ParNew: 92157K->10240K(92160K), 0.0482660 secs] 12325972K->12269189K(20961280K), 0.0503230 secs] [Times: user=0.33 sys=0.01, real=0.05 secs]
2014-07-28T04:14:08.663+0000: 892.344: [GC2014-07-28T04:14:08.664+0000: 892.345: [ParNew: 92160K->10240K(92160K), 0.0487320 secs] 12351109K->12296278K(20961280K), 0.0507740 secs] [Times: user=0.34 sys=0.01, real=0.05 secs]
2014-07-28T04:14:09.152+0000: 892.833: [GC2014-07-28T04:14:09.153+0000: 892.834: [ParNew: 92160K->10240K(92160K), 0.0475100 secs] 12378198K->12321046K(20961280K), 0.0495540 secs] [Times: user=0.34 sys=0.01, real=0.05 secs]
2014-07-28T04:14:09.405+0000: 893.086: [GC2014-07-28T04:14:09.406+0000: 893.087: [ParNew: 92160K->10240K(92160K), 0.0451630 secs] 12402966K->12346857K(20961280K), 0.0472500 secs] [Times: user=0.31 sys=0.00, real=0.05 secs]
2014-07-28T04:14:10.776+0000: 894.457: [GC2014-07-28T04:14:10.777+0000: 894.458: [ParNew: 92152K->10240K(92160K), 0.0495000 secs] 12428769K->12371637K(20961280K), 0.0516020 secs] [Times: user=0.36 sys=0.00, real=0.06 secs]
2014-07-28T04:14:11.247+0000: 894.929: [GC2014-07-28T04:14:11.248+0000: 894.930: [ParNew: 92160K->10240K(92160K), 0.0519460 secs] 12453557K->12397471K(20961280K), 0.0540560 secs] [Times: user=0.36 sys=0.02, real=0.05 secs]
2014-07-28T04:14:11.677+0000: 895.359: [GC2014-07-28T04:14:11.678+0000: 895.360: [ParNew: 92160K->10240K(92160K), 0.0468910 secs] 12479391K->12424410K(20961280K), 0.0490490 secs] [Times: user=0.32 sys=0.01, real=0.06 secs]
2014-07-28T04:14:12.233+0000: 895.915: [GC2014-07-28T04:14:12.235+0000: 895.916: [ParNew: 92149K->10240K(92160K), 0.0486780 secs] 12506319K->12448430K(20961280K), 0.0507790 secs] [Times: user=0.34 sys=0.01, real=0.05 secs]
2014-07-28T04:14:12.700+0000: 896.381: [GC2014-07-28T04:14:12.701+0000: 896.382: [ParNew: 92160K->10240K(92160K), 0.0522190 secs] 12530350K->12475438K(20961280K), 0.0543460 secs] [Times: user=0.36 sys=0.01, real=0.05 secs]
2014-07-28T04:14:14.407+0000: 898.088: [GC2014-07-28T04:14:14.408+0000: 898.089: [ParNew: 92153K->10240K(92160K), 0.0477980 secs] 12557352K->12499818K(20961280K), 0.0498670 secs] [Times: user=0.33 sys=0.01, real=0.05 secs]
2014-07-28T04:14:15.235+0000: 898.916: [GC2014-07-28T04:14:15.236+0000: 898.917: [ParNew: 92159K->10240K(92160K), 0.0516300 secs] 12581738K->12525225K(20961280K), 0.0536890 secs] [Times: user=0.36 sys=0.00, real=0.06 secs]
2014-07-28T04:14:15.905+0000: 899.586: [GC2014-07-28T04:14:15.906+0000: 899.587: [ParNew: 92146K->10240K(92160K), 0.0477420 secs] 12607131K->12550595K(20961280K), 0.0498580 secs] [Times: user=0.33 sys=0.02, real=0.05 secs]
2014-07-28T04:14:16.379+0000: 900.060: [GC2014-07-28T04:14:16.380+0000: 900.061: [ParNew: 92157K->10240K(92160K), 0.0479510 secs] 12632513K->12575874K(20961280K), 0.0499910 secs] [Times: user=0.33 sys=0.01, real=0.05 secs]
2014-07-28T04:14:17.004+0000: 900.685: [GC2014-07-28T04:14:17.005+0000: 900.686: [ParNew: 92160K->10240K(92160K), 0.0488850 secs] 12657794K->12601282K(20961280K), 0.0509790 secs] [Times: user=0.34 sys=0.00, real=0.05 secs]
2014-07-28T04:14:17.406+0000: 901.088: [GC2014-07-28T04:14:17.407+0000: 901.089: [ParNew: 92160K->10240K(92160K), 0.0466110 secs] 12683202K->12626468K(20961280K), 0.0487240 secs] [Times: user=0.33 sys=0.00, real=0.04 secs]
2014-07-28T04:14:17.925+0000: 901.606: [GC2014-07-28T04:14:17.926+0000: 901.607: [ParNew: 92160K->10240K(92160K), 0.0510300 secs] 12708388K->12651914K(20961280K), 0.0531430 secs] [Times: user=0.36 sys=0.01, real=0.06 secs]
2014-07-28T04:14:18.400+0000: 902.082: [GC2014-07-28T04:14:18.401+0000: 902.083: [ParNew: 92155K->10240K(92160K), 0.0502870 secs] 12733829K->12677201K(20961280K), 0.0523370 secs] [Times: user=0.37 sys=0.00, real=0.05 secs]
2014-07-28T04:14:18.740+0000: 902.422: [GC2014-07-28T04:14:18.741+0000: 902.422: [ParNew: 92160K->10240K(92160K), 0.0483490 secs] 12759121K->12703389K(20961280K), 0.0503940 secs] [Times: user=0.34 sys=0.01, real=0.05 secs]
2014-07-28T04:14:19.224+0000: 902.905: [GC2014-07-28T04:14:19.225+0000: 902.906: [ParNew: 92160K->10240K(92160K), 0.0474650 secs] 12785309K->12728371K(20961280K), 0.0495150 secs] [Times: user=0.33 sys=0.01, real=0.06 secs]
2014-07-28T04:14:19.474+0000: 903.155: [GC2014-07-28T04:14:19.475+0000: 903.156: [ParNew: 92157K->10240K(92160K), 0.0482690 secs] 12810288K->12754071K(20961280K), 0.0503360 secs] [Times: user=0.34 sys=0.00, real=0.05 secs]
2014-07-28T04:14:20.760+0000: 904.441: [GC2014-07-28T04:14:20.761+0000: 904.442: [ParNew: 92157K->10240K(92160K), 0.0492900 secs] 12835989K->12779583K(20961280K), 0.0513480 secs] [Times: user=0.34 sys=0.01, real=0.05 secs]
2014-07-28T04:14:21.330+0000: 905.011: [GC2014-07-28T04:14:21.331+0000: 905.012: [ParNew: 92160K->10240K(92160K), 0.0770990 secs] 12861503K->12804629K(20961280K), 0.0793130 secs] [Times: user=0.54 sys=0.00, real=0.08 secs]
2014-07-28T04:14:21.781+0000: 905.462: [GC2014-07-28T04:14:21.782+0000: 905.463: [ParNew: 92160K->10240K(92160K), 0.0527900 secs] 12886549K->12830760K(20961280K), 0.0548370 secs] [Times: user=0.37 sys=0.01, real=0.06 secs]
2014-07-28T04:14:22.256+0000: 905.937: [GC2014-07-28T04:14:22.257+0000: 905.938: [ParNew: 92160K->10240K(92160K), 0.0537700 secs] 12912680K->12855745K(20961280K), 0.0558740 secs] [Times: user=0.37 sys=0.01, real=0.05 secs]
2014-07-28T04:14:22.792+0000: 906.474: [GC2014-07-28T04:14:22.793+0000: 906.475: [ParNew: 92160K->10240K(92160K), 0.0484050 secs] 12937665K->12882380K(20961280K), 0.0504600 secs] [Times: user=0.34 sys=0.00, real=0.05 secs]
2014-07-28T04:14:24.471+0000: 908.153: [GC2014-07-28T04:14:24.472+0000: 908.154: [ParNew: 92144K->10240K(92160K), 0.0479900 secs] 12964285K->12907594K(20961280K), 0.0500440 secs] [Times: user=0.33 sys=0.01, real=0.05 secs]
2014-07-28T04:14:25.339+0000: 909.021: [GC2014-07-28T04:14:25.340+0000: 909.022: [ParNew: 92160K->10240K(92160K), 0.0478290 secs] 12989514K->12932553K(20961280K), 0.0498770 secs] [Times: user=0.32 sys=0.02, real=0.05 secs]
2014-07-28T04:14:25.929+0000: 909.610: [GC2014-07-28T04:14:25.930+0000: 909.611: [ParNew: 92160K->10240K(92160K), 0.0493170 secs] 13014473K->12957641K(20961280K), 0.0514030 secs] [Times: user=0.35 sys=0.00, real=0.05 secs]
2014-07-28T04:14:26.444+0000: 910.125: [GC2014-07-28T04:14:26.445+0000: 910.126: [ParNew: 92156K->10240K(92160K), 0.0514730 secs] 13039558K->12983148K(20961280K), 0.0535850 secs] [Times: user=0.37 sys=0.00, real=0.06 secs]
2014-07-28T04:14:27.070+0000: 910.752: [GC2014-07-28T04:14:27.071+0000: 910.753: [ParNew: 92160K->10240K(92160K), 0.0484890 secs] 13065068K->13007979K(20961280K), 0.0505760 secs] [Times: user=0.33 sys=0.01, real=0.05 secs]
2014-07-28T04:14:27.469+0000: 911.151: [GC2014-07-28T04:14:27.470+0000: 911.152: [ParNew: 92158K->10240K(92160K), 0.0513830 secs] 13089897K->13033588K(20961280K), 0.0534890 secs] [Times: user=0.37 sys=0.01, real=0.05 secs]
2014-07-28T04:14:27.995+0000: 911.676: [GC2014-07-28T04:14:27.996+0000: 911.677: [ParNew: 92159K->10240K(92160K), 0.0490620 secs] 13115508K->13059336K(20961280K), 0.0511150 secs] [Times: user=0.34 sys=0.01, real=0.05 secs]
2014-07-28T04:14:28.457+0000: 912.139: [GC2014-07-28T04:14:28.458+0000: 912.140: [ParNew: 92160K->10240K(92160K), 0.0477500 secs] 13141256K->13084366K(20961280K), 0.0498250 secs] [Times: user=0.34 sys=0.01, real=0.05 secs]
2014-07-28T04:14:28.822+0000: 912.504: [GC2014-07-28T04:14:28.823+0000: 912.505: [ParNew: 92157K->10240K(92160K), 0.0482490 secs] 13166283K->13110637K(20961280K), 0.0502940 secs] [Times: user=0.34 sys=0.01, real=0.06 secs]
2014-07-28T04:14:29.298+0000: 912.979: [GC2014-07-28T04:14:29.299+0000: 912.980: [ParNew: 92160K->10240K(92160K), 0.0439400 secs] 13192557K->13136198K(20961280K), 0.0460160 secs] [Times: user=0.31 sys=0.00, real=0.04 secs]
2014-07-28T04:14:29.574+0000: 913.256: [GC2014-07-28T04:14:29.575+0000: 913.257: [ParNew: 92148K->10240K(92160K), 0.0489730 secs] 13218106K->13161483K(20961280K), 0.0510700 secs] [Times: user=0.35 sys=0.00, real=0.05 secs]
2014-07-28T04:14:30.864+0000: 914.545: [GC2014-07-28T04:14:30.865+0000: 914.546: [ParNew: 92159K->10240K(92160K), 0.0497940 secs] 13243403K->13186995K(20961280K), 0.0518490 secs] [Times: user=0.35 sys=0.00, real=0.06 secs]
2014-07-28T04:14:31.462+0000: 915.144: [GC2014-07-28T04:14:31.463+0000: 915.145: [ParNew: 92160K->10240K(92160K), 0.0506330 secs] 13268915K->13212206K(20961280K), 0.0527330 secs] [Times: user=0.36 sys=0.01, real=0.06 secs]
2014-07-28T04:14:31.876+0000: 915.557: [GC2014-07-28T04:14:31.877+0000: 915.558: [ParNew: 92160K->10240K(92160K), 0.0486260 secs] 13294126K->13238322K(20961280K), 0.0507340 secs] [Times: user=0.34 sys=0.01, real=0.05 secs]
2014-07-28T04:14:32.361+0000: 916.042: [GC2014-07-28T04:14:32.362+0000: 916.043: [ParNew: 92160K->10240K(92160K), 0.0473160 secs] 13320242K->13263621K(20961280K), 0.0494600 secs] [Times: user=0.32 sys=0.01, real=0.05 secs]
2014-07-28T04:14:32.899+0000: 916.580: [GC2014-07-28T04:14:32.900+0000: 916.581: [ParNew: 92160K->10240K(92160K), 0.0522150 secs] 13345541K->13290252K(20961280K), 0.0543490 secs] [Times: user=0.36 sys=0.01, real=0.06 secs]
2014-07-28T04:14:34.537+0000: 918.219: [GC2014-07-28T04:14:34.538+0000: 918.220: [ParNew: 92160K->10240K(92160K), 0.0479570 secs] 13372172K->13314972K(20961280K), 0.0500640 secs] [Times: user=0.34 sys=0.00, real=0.05 secs]
2014-07-28T04:14:35.406+0000: 919.087: [GC2014-07-28T04:14:35.407+0000: 919.088: [ParNew: 92160K->10240K(92160K), 0.0475570 secs] 13396892K->13339806K(20961280K), 0.0496250 secs] [Times: user=0.32 sys=0.01, real=0.05 secs]
2014-07-28T04:14:35.999+0000: 919.681: [GC2014-07-28T04:14:36.000+0000: 919.682: [ParNew: 92160K->10240K(92160K), 0.0445820 secs] 13421726K->13365496K(20961280K), 0.0466170 secs] [Times: user=0.29 sys=0.02, real=0.05 secs]
2014-07-28T04:14:36.517+0000: 920.198: [GC2014-07-28T04:14:36.518+0000: 920.199: [ParNew: 92160K->10240K(92160K), 0.0517300 secs] 13447416K->13390631K(20961280K), 0.0539620 secs] [Times: user=0.33 sys=0.00, real=0.05 secs]
2014-07-28T04:14:37.013+0000: 920.695: [GC2014-07-28T04:14:37.014+0000: 920.696: [ParNew: 92158K->10240K(92160K), 0.0480560 secs] 13472549K->13415690K(20961280K), 0.0501580 secs] [Times: user=0.32 sys=0.01, real=0.05 secs]
2014-07-28T04:14:37.540+0000: 921.221: [GC2014-07-28T04:14:37.541+0000: 921.222: [ParNew: 92160K->10240K(92160K), 0.0475940 secs] 13497610K->13441174K(20961280K), 0.0496430 secs] [Times: user=0.34 sys=0.00, real=0.05 secs]
2014-07-28T04:14:38.064+0000: 921.746: [GC2014-07-28T04:14:38.065+0000: 921.747: [ParNew: 92160K->10240K(92160K), 0.0479770 secs] 13523094K->13466639K(20961280K), 0.0500800 secs] [Times: user=0.33 sys=0.01, real=0.06 secs]
2014-07-28T04:14:38.518+0000: 922.199: [GC2014-07-28T04:14:38.519+0000: 922.200: [ParNew: 92160K->10240K(92160K), 0.0496160 secs] 13548559K->13491841K(20961280K), 0.0517270 secs] [Times: user=0.33 sys=0.00, real=0.05 secs]
2014-07-28T04:14:38.899+0000: 922.580: [GC2014-07-28T04:14:38.900+0000: 922.581: [ParNew: 92160K->10240K(92160K), 0.0517560 secs] 13573761K->13517657K(20961280K), 0.0538170 secs] [Times: user=0.37 sys=0.02, real=0.06 secs]
2014-07-28T04:14:39.236+0000: 922.917: [GC2014-07-28T04:14:39.237+0000: 922.918: [ParNew: 92160K->10240K(92160K), 0.0429960 secs] 13599577K->13542788K(20961280K), 0.0450460 secs] [Times: user=0.30 sys=0.01, real=0.04 secs]
2014-07-28T04:14:39.642+0000: 923.323: [GC2014-07-28T04:14:39.643+0000: 923.324: [ParNew: 92160K->10240K(92160K), 0.0447370 secs] 13624708K->13567510K(20961280K), 0.0468100 secs] [Times: user=0.31 sys=0.00, real=0.05 secs]
2014-07-28T04:14:40.930+0000: 924.611: [GC2014-07-28T04:14:40.931+0000: 924.612: [ParNew: 92159K->10240K(92160K), 0.0521540 secs] 13649430K->13592754K(20961280K), 0.0542320 secs] [Times: user=0.38 sys=0.00, real=0.05 secs]
2014-07-28T04:14:41.344+0000: 925.025: [GC2014-07-28T04:14:41.345+0000: 925.026: [ParNew: 92159K->10240K(92160K), 0.0478650 secs] 13674674K->13618128K(20961280K), 0.0499010 secs] [Times: user=0.34 sys=0.00, real=0.06 secs]
2014-07-28T04:14:41.956+0000: 925.638: [GC2014-07-28T04:14:41.957+0000: 925.639: [ParNew: 92160K->10240K(92160K), 0.0466870 secs] 13700048K->13643704K(20961280K), 0.0487750 secs] [Times: user=0.34 sys=0.00, real=0.05 secs]
2014-07-28T04:14:42.433+0000: 926.114: [GC2014-07-28T04:14:42.434+0000: 926.115: [ParNew: 92147K->10240K(92160K), 0.0488830 secs] 13725611K->13669161K(20961280K), 0.0509640 secs] [Times: user=0.34 sys=0.01, real=0.05 secs]
2014-07-28T04:14:43.000+0000: 926.682: [GC2014-07-28T04:14:43.001+0000: 926.683: [ParNew: 92160K->10240K(92160K), 0.0493600 secs] 13751081K->13695462K(20961280K), 0.0514060 secs] [Times: user=0.36 sys=0.00, real=0.05 secs]
2014-07-28T04:14:44.602+0000: 928.284: [GC2014-07-28T04:14:44.603+0000: 928.285: [ParNew: 92037K->10240K(92160K), 0.0478450 secs] 13777260K->13720720K(20961280K), 0.0499330 secs] [Times: user=0.34 sys=0.00, real=0.05 secs]
2014-07-28T04:14:45.481+0000: 929.162: [GC2014-07-28T04:14:45.482+0000: 929.163: [ParNew: 92153K->10240K(92160K), 0.0506640 secs] 13802633K->13745503K(20961280K), 0.0527010 secs] [Times: user=0.36 sys=0.02, real=0.06 secs]
2014-07-28T04:14:46.096+0000: 929.777: [GC2014-07-28T04:14:46.097+0000: 929.778: [ParNew: 92156K->10240K(92160K), 0.0474150 secs] 13827420K->13771188K(20961280K), 0.0494780 secs] [Times: user=0.33 sys=0.01, real=0.05 secs]
2014-07-28T04:14:46.623+0000: 930.305: [GC2014-07-28T04:14:46.624+0000: 930.306: [ParNew: 92159K->10240K(92160K), 0.0479780 secs] 13853108K->13796436K(20961280K), 0.0500250 secs] [Times: user=0.33 sys=0.01, real=0.06 secs]
2014-07-28T04:14:47.189+0000: 930.870: [GC2014-07-28T04:14:47.190+0000: 930.871: [ParNew: 92160K->10240K(92160K), 0.0482460 secs] 13878356K->13821432K(20961280K), 0.0503230 secs] [Times: user=0.34 sys=0.01, real=0.05 secs]
2014-07-28T04:14:47.644+0000: 931.326: [GC2014-07-28T04:14:47.645+0000: 931.327: [ParNew: 92160K->10240K(92160K), 0.0506060 secs] 13903352K->13846966K(20961280K), 0.0526490 secs] [Times: user=0.34 sys=0.00, real=0.06 secs]
2014-07-28T04:14:48.168+0000: 931.850: [GC2014-07-28T04:14:48.169+0000: 931.851: [ParNew: 92160K->10240K(92160K), 0.0505120 secs] 13928886K->13872415K(20961280K), 0.0526620 secs] [Times: user=0.36 sys=0.00, real=0.05 secs]
2014-07-28T04:14:48.624+0000: 932.305: [GC2014-07-28T04:14:48.625+0000: 932.306: [ParNew: 92160K->10240K(92160K), 0.0479450 secs] 13954335K->13897902K(20961280K), 0.0500050 secs] [Times: user=0.33 sys=0.00, real=0.06 secs]
2014-07-28T04:14:48.990+0000: 932.671: [GC2014-07-28T04:14:48.991+0000: 932.672: [ParNew: 92160K->10240K(92160K), 0.0520540 secs] 13979822K->13923831K(20961280K), 0.0541480 secs] [Times: user=0.36 sys=0.01, real=0.05 secs]
2014-07-28T04:14:49.414+0000: 933.095: [GC2014-07-28T04:14:49.415+0000: 933.096: [ParNew: 92155K->10240K(92160K), 0.0519020 secs] 14005746K->13949052K(20961280K), 0.0539860 secs] [Times: user=0.37 sys=0.00, real=0.06 secs]
2014-07-28T04:14:49.745+0000: 933.427: [GC2014-07-28T04:14:49.746+0000: 933.428: [ParNew: 92144K->10240K(92160K), 0.0519500 secs] 14030957K->13974357K(20961280K), 0.0540240 secs] [Times: user=0.35 sys=0.01, real=0.06 secs]
2014-07-28T04:14:51.042+0000: 934.723: [GC2014-07-28T04:14:51.043+0000: 934.724: [ParNew: 92160K->10240K(92160K), 0.0494250 secs] 14056277K->13999957K(20961280K), 0.0515150 secs] [Times: user=0.34 sys=0.00, real=0.06 secs]
2014-07-28T04:14:51.577+0000: 935.258: [GC2014-07-28T04:14:51.578+0000: 935.259: [ParNew: 92160K->10240K(92160K), 0.0634950 secs] 14081877K->14025069K(20961280K), 0.0656870 secs] [Times: user=0.42 sys=0.00, real=0.07 secs]
2014-07-28T04:14:52.062+0000: 935.744: [GC2014-07-28T04:14:52.063+0000: 935.745: [ParNew: 92160K->10240K(92160K), 0.0626720 secs] 14106989K->14051132K(20961280K), 0.0648210 secs] [Times: user=0.40 sys=0.01, real=0.06 secs]
2014-07-28T04:14:52.544+0000: 936.226: [GC2014-07-28T04:14:52.546+0000: 936.227: [ParNew: 92147K->10240K(92160K), 0.0625550 secs] 14133040K->14076308K(20961280K), 0.0649170 secs] [Times: user=0.36 sys=0.01, real=0.06 secs]
2014-07-28T04:14:53.116+0000: 936.797: [GC2014-07-28T04:14:53.117+0000: 936.798: [ParNew: 92159K->10240K(92160K), 0.0670750 secs] 14158228K->14102449K(20961280K), 0.0691860 secs] [Times: user=0.38 sys=0.02, real=0.07 secs]
2014-07-28T04:14:54.704+0000: 938.385: [GC2014-07-28T04:14:54.705+0000: 938.386: [ParNew: 92133K->10240K(92160K), 0.0474300 secs] 14184343K->14126915K(20961280K), 0.0494840 secs] [Times: user=0.34 sys=0.01, real=0.05 secs]
2014-07-28T04:14:55.569+0000: 939.251: [GC2014-07-28T04:14:55.570+0000: 939.252: [ParNew: 92150K->10240K(92160K), 0.0504000 secs] 14208826K->14152053K(20961280K), 0.0524870 secs] [Times: user=0.35 sys=0.00, real=0.06 secs]
2014-07-28T04:14:56.199+0000: 939.880: [GC2014-07-28T04:14:56.200+0000: 939.881: [ParNew: 92148K->10240K(92160K), 0.0509710 secs] 14233962K->14177899K(20961280K), 0.0530160 secs] [Times: user=0.36 sys=0.00, real=0.05 secs]
2014-07-28T04:14:56.726+0000: 940.407: [GC2014-07-28T04:14:56.727+0000: 940.408: [ParNew: 92160K->10240K(92160K), 0.0512610 secs] 14259819K->14203217K(20961280K), 0.0533450 secs] [Times: user=0.36 sys=0.00, real=0.05 secs]
2014-07-28T04:14:57.260+0000: 940.941: [GC2014-07-28T04:14:57.261+0000: 940.942: [ParNew: 92151K->10240K(92160K), 0.0473900 secs] 14285129K->14228237K(20961280K), 0.0494290 secs] [Times: user=0.33 sys=0.01, real=0.05 secs]
2014-07-28T04:14:57.740+0000: 941.421: [GC2014-07-28T04:14:57.741+0000: 941.422: [ParNew: 92151K->10240K(92160K), 0.0469110 secs] 14310148K->14253655K(20961280K), 0.0489620 secs] [Times: user=0.33 sys=0.00, real=0.05 secs]
2014-07-28T04:14:58.250+0000: 941.932: [GC2014-07-28T04:14:58.251+0000: 941.933: [ParNew: 92159K->10240K(92160K), 0.0484740 secs] 14335574K->14279404K(20961280K), 0.0505160 secs] [Times: user=0.33 sys=0.01, real=0.06 secs]
2014-07-28T04:14:58.718+0000: 942.400: [GC2014-07-28T04:14:58.719+0000: 942.401: [ParNew: 92160K->10240K(92160K), 0.0483760 secs] 14361324K->14304729K(20961280K), 0.0504310 secs] [Times: user=0.34 sys=0.00, real=0.05 secs]
2014-07-28T04:14:59.086+0000: 942.767: [GC2014-07-28T04:14:59.087+0000: 942.768: [ParNew: 92152K->10240K(92160K), 0.0489820 secs] 14386642K->14330925K(20961280K), 0.0510450 secs] [Times: user=0.34 sys=0.02, real=0.05 secs]
2014-07-28T04:14:59.501+0000: 943.182: [GC2014-07-28T04:14:59.502+0000: 943.183: [ParNew: 92158K->10240K(92160K), 0.0440770 secs] 14412843K->14355963K(20961280K), 0.0461260 secs] [Times: user=0.31 sys=0.00, real=0.05 secs]
2014-07-28T04:14:59.852+0000: 943.533: [GC2014-07-28T04:14:59.853+0000: 943.534: [ParNew: 92160K->10240K(92160K), 0.0530690 secs] 14437883K->14381335K(20961280K), 0.0551300 secs] [Times: user=0.39 sys=0.00, real=0.06 secs]
2014-07-28T04:15:01.150+0000: 944.831: [GC2014-07-28T04:15:01.151+0000: 944.832: [ParNew: 92160K->10240K(92160K), 0.0514660 secs] 14463255K->14407002K(20961280K), 0.0535620 secs] [Times: user=0.36 sys=0.00, real=0.06 secs]
2014-07-28T04:15:01.691+0000: 945.373: [GC2014-07-28T04:15:01.692+0000: 945.374: [ParNew: 92153K->10240K(92160K), 0.0482210 secs] 14488916K->14432069K(20961280K), 0.0503560 secs] [Times: user=0.33 sys=0.01, real=0.06 secs]
2014-07-28T04:15:02.170+0000: 945.851: [GC2014-07-28T04:15:02.171+0000: 945.852: [ParNew: 92160K->10240K(92160K), 0.0494650 secs] 14513989K->14458218K(20961280K), 0.0515940 secs] [Times: user=0.34 sys=0.01, real=0.06 secs]
2014-07-28T04:15:02.642+0000: 946.324: [GC2014-07-28T04:15:02.643+0000: 946.325: [ParNew: 92160K->10240K(92160K), 0.0431870 secs] 14540138K->14483503K(20961280K), 0.0452470 secs] [Times: user=0.28 sys=0.02, real=0.04 secs]
2014-07-28T04:15:03.241+0000: 946.923: [GC2014-07-28T04:15:03.243+0000: 946.924: [ParNew: 92160K->10240K(92160K), 0.0521020 secs] 14565423K->14509956K(20961280K), 0.0543000 secs] [Times: user=0.35 sys=0.02, real=0.06 secs]
2014-07-28T04:15:04.805+0000: 948.486: [GC2014-07-28T04:15:04.806+0000: 948.487: [ParNew: 92159K->10240K(92160K), 0.0482220 secs] 14591876K->14534560K(20961280K), 0.0502910 secs] [Times: user=0.33 sys=0.01, real=0.05 secs]
2014-07-28T04:15:05.652+0000: 949.333: [GC2014-07-28T04:15:05.653+0000: 949.334: [ParNew: 92150K->10240K(92160K), 0.0512040 secs] 14616471K->14559697K(20961280K), 0.0532580 secs] [Times: user=0.36 sys=0.00, real=0.06 secs]
2014-07-28T04:15:06.285+0000: 949.966: [GC2014-07-28T04:15:06.286+0000: 949.967: [ParNew: 92143K->10240K(92160K), 0.0479770 secs] 14641600K->14585577K(20961280K), 0.0500680 secs] [Times: user=0.31 sys=0.03, real=0.05 secs]
2014-07-28T04:15:06.803+0000: 950.484: [GC2014-07-28T04:15:06.804+0000: 950.485: [ParNew: 92160K->10240K(92160K), 0.0511150 secs] 14667497K->14610954K(20961280K), 0.0531820 secs] [Times: user=0.36 sys=0.00, real=0.05 secs]
2014-07-28T04:15:07.338+0000: 951.019: [GC2014-07-28T04:15:07.339+0000: 951.020: [ParNew: 92160K->10240K(92160K), 0.0486370 secs] 14692874K->14636124K(20961280K), 0.0507340 secs] [Times: user=0.35 sys=0.00, real=0.05 secs]
2014-07-28T04:15:07.814+0000: 951.495: [GC2014-07-28T04:15:07.815+0000: 951.496: [ParNew: 92160K->10240K(92160K), 0.0511380 secs] 14718044K->14661641K(20961280K), 0.0532260 secs] [Times: user=0.36 sys=0.01, real=0.06 secs]
2014-07-28T04:15:08.351+0000: 952.033: [GC2014-07-28T04:15:08.352+0000: 952.034: [ParNew: 92153K->10240K(92160K), 0.0507750 secs] 14743554K->14687390K(20961280K), 0.0528580 secs] [Times: user=0.35 sys=0.01, real=0.06 secs]
2014-07-28T04:15:08.808+0000: 952.489: [GC2014-07-28T04:15:08.809+0000: 952.490: [ParNew: 92154K->10240K(92160K), 0.0492900 secs] 14769304K->14712930K(20961280K), 0.0514820 secs] [Times: user=0.34 sys=0.01, real=0.06 secs]
2014-07-28T04:15:09.182+0000: 952.863: [GC2014-07-28T04:15:09.183+0000: 952.864: [ParNew: 92160K->10240K(92160K), 0.0501720 secs] 14794850K->14739136K(20961280K), 0.0522820 secs] [Times: user=0.36 sys=0.00, real=0.05 secs]
2014-07-28T04:15:09.581+0000: 953.262: [GC2014-07-28T04:15:09.582+0000: 953.263: [ParNew: 92160K->10240K(92160K), 0.0442330 secs] 14821056K->14764351K(20961280K), 0.0462960 secs] [Times: user=0.31 sys=0.00, real=0.05 secs]
2014-07-28T04:15:09.941+0000: 953.622: [GC2014-07-28T04:15:09.942+0000: 953.623: [ParNew: 92160K->10240K(92160K), 0.0522770 secs] 14846271K->14789878K(20961280K), 0.0543490 secs] [Times: user=0.38 sys=0.00, real=0.06 secs]
2014-07-28T04:15:11.255+0000: 954.937: [GC2014-07-28T04:15:11.257+0000: 954.938: [ParNew: 92158K->10240K(92160K), 0.0487890 secs] 14871797K->14815212K(20961280K), 0.0509020 secs] [Times: user=0.32 sys=0.02, real=0.05 secs]
2014-07-28T04:15:11.791+0000: 955.472: [GC2014-07-28T04:15:11.792+0000: 955.473: [ParNew: 92160K->10240K(92160K), 0.0483910 secs] 14897132K->14840615K(20961280K), 0.0505220 secs] [Times: user=0.34 sys=0.01, real=0.06 secs]
2014-07-28T04:15:12.280+0000: 955.962: [GC2014-07-28T04:15:12.281+0000: 955.963: [ParNew: 92155K->10240K(92160K), 0.0525410 secs] 14922531K->14866845K(20961280K), 0.0546230 secs] [Times: user=0.37 sys=0.00, real=0.06 secs]
2014-07-28T04:15:12.721+0000: 956.402: [GC2014-07-28T04:15:12.722+0000: 956.403: [ParNew: 92154K->10240K(92160K), 0.0520930 secs] 14948760K->14892257K(20961280K), 0.0541530 secs] [Times: user=0.36 sys=0.01, real=0.06 secs]
2014-07-28T04:15:13.347+0000: 957.028: [GC2014-07-28T04:15:13.348+0000: 957.029: [ParNew: 92159K->10240K(92160K), 0.0523340 secs] 14974177K->14918824K(20961280K), 0.0543890 secs] [Times: user=0.35 sys=0.01, real=0.06 secs]
2014-07-28T04:15:14.685+0000: 958.367: [GC2014-07-28T04:15:14.686+0000: 958.368: [ParNew: 92158K->10240K(92160K), 0.0502160 secs] 15000742K->14942956K(20961280K), 0.0523290 secs] [Times: user=0.36 sys=0.00, real=0.05 secs]
2014-07-28T04:15:15.728+0000: 959.409: [GC2014-07-28T04:15:15.729+0000: 959.410: [ParNew: 92160K->10240K(92160K), 0.0511970 secs] 15024876K->14968035K(20961280K), 0.0532350 secs] [Times: user=0.36 sys=0.01, real=0.06 secs]
2014-07-28T04:15:16.368+0000: 960.049: [GC2014-07-28T04:15:16.369+0000: 960.050: [ParNew: 92160K->10240K(92160K), 0.0484550 secs] 15049955K->14994278K(20961280K), 0.0505810 secs] [Times: user=0.35 sys=0.00, real=0.05 secs]
2014-07-28T04:15:16.884+0000: 960.565: [GC2014-07-28T04:15:16.885+0000: 960.566: [ParNew: 92157K->10240K(92160K), 0.0468460 secs] 15076196K->15019393K(20961280K), 0.0488950 secs] [Times: user=0.32 sys=0.00, real=0.05 secs]
2014-07-28T04:15:17.422+0000: 961.103: [GC2014-07-28T04:15:17.423+0000: 961.104: [ParNew: 92158K->10240K(92160K), 0.0495710 secs] 15101312K->15044495K(20961280K), 0.0516320 secs] [Times: user=0.34 sys=0.00, real=0.06 secs]
2014-07-28T04:15:17.915+0000: 961.596: [GC2014-07-28T04:15:17.916+0000: 961.597: [ParNew: 92159K->10240K(92160K), 0.0508330 secs] 15126414K->15070075K(20961280K), 0.0528780 secs] [Times: user=0.35 sys=0.01, real=0.05 secs]
2014-07-28T04:15:18.430+0000: 962.111: [GC2014-07-28T04:15:18.431+0000: 962.112: [ParNew: 92160K->10240K(92160K), 0.0522370 secs] 15151995K->15096070K(20961280K), 0.0542910 secs] [Times: user=0.37 sys=0.01, real=0.06 secs]
2014-07-28T04:15:18.910+0000: 962.591: [GC2014-07-28T04:15:18.911+0000: 962.592: [ParNew: 92145K->10240K(92160K), 0.0519340 secs] 15177976K->15121253K(20961280K), 0.0539970 secs] [Times: user=0.36 sys=0.01, real=0.06 secs]
2014-07-28T04:15:19.277+0000: 962.958: [GC2014-07-28T04:15:19.278+0000: 962.960: [ParNew: 92160K->10240K(92160K), 0.0486480 secs] 15203173K->15147294K(20961280K), 0.0508260 secs] [Times: user=0.34 sys=0.00, real=0.05 secs]
2014-07-28T04:15:19.653+0000: 963.334: [GC2014-07-28T04:15:19.654+0000: 963.335: [ParNew: 92160K->10240K(92160K), 0.0498080 secs] 15229214K->15172706K(20961280K), 0.0519030 secs] [Times: user=0.35 sys=0.01, real=0.06 secs]
2014-07-28T04:15:20.046+0000: 963.728: [GC2014-07-28T04:15:20.047+0000: 963.729: [ParNew: 92160K->10240K(92160K), 0.0528800 secs] 15254626K->15198270K(20961280K), 0.0551080 secs] [Times: user=0.36 sys=0.02, real=0.06 secs]
2014-07-28T04:15:21.333+0000: 965.014: [GC2014-07-28T04:15:21.334+0000: 965.015: [ParNew: 92158K->10240K(92160K), 0.0485220 secs] 15280189K->15223797K(20961280K), 0.0505830 secs] [Times: user=0.35 sys=0.00, real=0.06 secs]
2014-07-28T04:15:21.873+0000: 965.554: [GC2014-07-28T04:15:21.874+0000: 965.555: [ParNew: 92160K->10240K(92160K), 0.0472210 secs] 15305717K->15249077K(20961280K), 0.0492520 secs] [Times: user=0.33 sys=0.00, real=0.06 secs]
2014-07-28T04:15:22.394+0000: 966.075: [GC2014-07-28T04:15:22.395+0000: 966.076: [ParNew: 92156K->10240K(92160K), 0.0516230 secs] 15330993K->15276183K(20961280K), 0.0537290 secs] [Times: user=0.36 sys=0.00, real=0.06 secs]
2014-07-28T04:15:22.834+0000: 966.515: [GC2014-07-28T04:15:22.835+0000: 966.516: [ParNew: 92160K->10240K(92160K), 0.0493730 secs] 15358103K->15302798K(20961280K), 0.0514740 secs] [Times: user=0.35 sys=0.00, real=0.06 secs]
2014-07-28T04:15:23.446+0000: 967.128: [GC2014-07-28T04:15:23.447+0000: 967.129: [ParNew: 92160K->10240K(92160K), 0.0512890 secs] 15384718K->15327743K(20961280K), 0.0533530 secs] [Times: user=0.36 sys=0.01, real=0.05 secs]
2014-07-28T04:15:24.919+0000: 968.600: [GC2014-07-28T04:15:24.920+0000: 968.601: [ParNew: 92153K->10240K(92160K), 0.0493950 secs] 15409657K->15352240K(20961280K), 0.0514570 secs] [Times: user=0.34 sys=0.02, real=0.06 secs]
2014-07-28T04:15:25.815+0000: 969.496: [GC2014-07-28T04:15:25.816+0000: 969.497: [ParNew: 92160K->10240K(92160K), 0.0495730 secs] 15434160K->15377421K(20961280K), 0.0516310 secs] [Times: user=0.34 sys=0.01, real=0.05 secs]
2014-07-28T04:15:26.447+0000: 970.128: [GC2014-07-28T04:15:26.448+0000: 970.129: [ParNew: 92160K->10240K(92160K), 0.0462640 secs] 15459341K->15403354K(20961280K), 0.0483090 secs] [Times: user=0.32 sys=0.01, real=0.05 secs]
2014-07-28T04:15:26.956+0000: 970.637: [GC2014-07-28T04:15:26.957+0000: 970.638: [ParNew: 92160K->10240K(92160K), 0.0456500 secs] 15485274K->15428632K(20961280K), 0.0476990 secs] [Times: user=0.32 sys=0.00, real=0.05 secs]
2014-07-28T04:15:27.501+0000: 971.182: [GC2014-07-28T04:15:27.502+0000: 971.183: [ParNew: 92159K->10240K(92160K), 0.0490300 secs] 15510552K->15453548K(20961280K), 0.0510880 secs] [Times: user=0.35 sys=0.01, real=0.06 secs]
2014-07-28T04:15:27.990+0000: 971.671: [GC2014-07-28T04:15:27.991+0000: 971.672: [ParNew: 92160K->10240K(92160K), 0.0472900 secs] 15535468K->15478880K(20961280K), 0.0493640 secs] [Times: user=0.32 sys=0.01, real=0.05 secs]
2014-07-28T04:15:28.506+0000: 972.187: [GC2014-07-28T04:15:28.507+0000: 972.188: [ParNew: 92160K->10240K(92160K), 0.0505160 secs] 15560800K->15504678K(20961280K), 0.0525910 secs] [Times: user=0.36 sys=0.01, real=0.05 secs]
2014-07-28T04:15:28.999+0000: 972.680: [GC2014-07-28T04:15:29.000+0000: 972.681: [ParNew: 92159K->10240K(92160K), 0.0486720 secs] 15586598K->15529861K(20961280K), 0.0507220 secs] [Times: user=0.34 sys=0.00, real=0.06 secs]
2014-07-28T04:15:29.363+0000: 973.045: [GC2014-07-28T04:15:29.364+0000: 973.045: [ParNew: 92160K->10240K(92160K), 0.0488960 secs] 15611781K->15555887K(20961280K), 0.0509690 secs] [Times: user=0.34 sys=0.01, real=0.05 secs]
2014-07-28T04:15:29.722+0000: 973.403: [GC2014-07-28T04:15:29.723+0000: 973.404: [ParNew: 92149K->10240K(92160K), 0.0490280 secs] 15637796K->15580786K(20961280K), 0.0510990 secs] [Times: user=0.36 sys=0.00, real=0.06 secs]
2014-07-28T04:15:30.124+0000: 973.805: [GC2014-07-28T04:15:30.125+0000: 973.806: [ParNew: 92160K->10240K(92160K), 0.0467630 secs] 15662706K->15606102K(20961280K), 0.0489130 secs] [Times: user=0.32 sys=0.01, real=0.05 secs]
2014-07-28T04:15:31.408+0000: 975.089: [GC2014-07-28T04:15:31.409+0000: 975.090: [ParNew: 92151K->10240K(92160K), 0.0485780 secs] 15688013K->15631482K(20961280K), 0.0506410 secs] [Times: user=0.36 sys=0.00, real=0.05 secs]
2014-07-28T04:15:31.655+0000: 975.336: [GC2014-07-28T04:15:31.656+0000: 975.337: [ParNew: 92160K->10240K(92160K), 0.0455660 secs] 15713402K->15656436K(20961280K), 0.0476160 secs] [Times: user=0.31 sys=0.01, real=0.05 secs]
2014-07-28T04:15:32.499+0000: 976.181: [GC2014-07-28T04:15:32.500+0000: 976.182: [ParNew: 92160K->10240K(92160K), 0.0535890 secs] 15738356K->15682729K(20961280K), 0.0557090 secs] [Times: user=0.38 sys=0.01, real=0.06 secs]
2014-07-28T04:15:32.563+0000: 976.244: [GC [1 CMS-initial-mark: 15672489K(20869120K)] 15682956K(20961280K), 0.0164070 secs] [Times: user=0.01 sys=0.00, real=0.01 secs]
2014-07-28T04:15:32.585+0000: 976.266: [CMS-concurrent-mark-start]
2014-07-28T04:15:32.948+0000: 976.629: [GC2014-07-28T04:15:32.949+0000: 976.630: [ParNew: 92160K->10240K(92160K), 0.0462800 secs] 15764649K->15708641K(20961280K), 0.0483950 secs] [Times: user=0.33 sys=0.01, real=0.05 secs]
2014-07-28T04:15:33.536+0000: 977.217: [GC2014-07-28T04:15:33.537+0000: 977.218: [ParNew: 92160K->10240K(92160K), 0.0502880 secs] 15790561K->15734672K(20961280K), 0.0523510 secs] [Times: user=0.35 sys=0.01, real=0.05 secs]
2014-07-28T04:15:33.917+0000: 977.598: [CMS-concurrent-mark: 1.216/1.332 secs] [Times: user=4.44 sys=0.48, real=1.33 secs]
2014-07-28T04:15:33.920+0000: 977.601: [CMS-concurrent-preclean-start]
2014-07-28T04:15:34.107+0000: 977.788: [CMS-concurrent-preclean: 0.148/0.187 secs] [Times: user=0.13 sys=0.06, real=0.19 secs]
2014-07-28T04:15:34.110+0000: 977.792: [CMS-concurrent-abortable-preclean-start]
2014-07-28T04:15:34.754+0000: 978.435: [GC2014-07-28T04:15:34.755+0000: 978.436: [ParNew: 92158K->10240K(92160K), 0.0501610 secs] 15816591K->15759549K(20961280K), 0.0522460 secs] [Times: user=0.34 sys=0.02, real=0.05 secs]
2014-07-28T04:15:35.414+0000: 979.095: [CMS-concurrent-abortable-preclean: 0.721/1.304 secs] [Times: user=1.29 sys=0.12, real=1.30 secs]
2014-07-28T04:15:35.421+0000: 979.102: [GC[YG occupancy: 51841 K (92160 K)]2014-07-28T04:15:35.421+0000: 979.103: [Rescan (parallel) , 0.0159090 secs]2014-07-28T04:15:35.437+0000: 979.119: [weak refs processing, 1.2474770 secs]2014-07-28T04:15:36.685+0000: 980.366: [class unloading, 0.0020890 secs]2014-07-28T04:15:36.687+0000: 980.368: [scrub symbol table, 0.0018210 secs]2014-07-28T04:15:36.689+0000: 980.370: [scrub string table, 0.0004370 secs] [1 CMS-remark: 15749309K(20869120K)] 15801150K(20961280K), 1.2798890 secs] [Times: user=1.40 sys=0.00, real=1.29 secs]
2014-07-28T04:15:36.706+0000: 980.387: [CMS-concurrent-sweep-start]
2014-07-28T04:15:36.763+0000: 980.444: [GC2014-07-28T04:15:36.764+0000: 980.445: [ParNew: 92160K->10240K(92160K), 0.1117780 secs] 15821454K->15775879K(20961280K), 0.1138720 secs] [Times: user=0.52 sys=0.01, real=0.11 secs]
2014-07-28T04:15:36.993+0000: 980.674: [GC2014-07-28T04:15:36.994+0000: 980.675: [ParNew: 92159K->10240K(92160K), 0.0688330 secs] 15687800K->15650913K(20961280K), 0.0710490 secs] [Times: user=0.45 sys=0.02, real=0.07 secs]
2014-07-28T04:15:37.194+0000: 980.876: [GC2014-07-28T04:15:37.196+0000: 980.877: [ParNew: 92160K->10240K(92160K), 0.0633290 secs] 15534207K->15482544K(20961280K), 0.0654970 secs] [Times: user=0.44 sys=0.02, real=0.06 secs]
2014-07-28T04:15:37.436+0000: 981.117: [GC2014-07-28T04:15:37.437+0000: 981.119: [ParNew: 92160K->10240K(92160K), 0.0509560 secs] 15233477K->15174520K(20961280K), 0.0530920 secs] [Times: user=0.36 sys=0.00, real=0.06 secs]
2014-07-28T04:15:38.067+0000: 981.748: [GC2014-07-28T04:15:38.068+0000: 981.749: [ParNew: 92160K->10240K(92160K), 0.0476800 secs] 13666095K->13609300K(20961280K), 0.0497140 secs] [Times: user=0.33 sys=0.00, real=0.05 secs]
2014-07-28T04:15:38.588+0000: 982.269: [GC2014-07-28T04:15:38.589+0000: 982.270: [ParNew: 92160K->10240K(92160K), 0.0486300 secs] 12375432K->12319103K(20961280K), 0.0507240 secs] [Times: user=0.35 sys=0.00, real=0.05 secs]
2014-07-28T04:15:39.074+0000: 982.755: [GC2014-07-28T04:15:39.075+0000: 982.756: [ParNew: 92159K->10240K(92160K), 0.0476800 secs] 11248346K->11191233K(20961280K), 0.0497150 secs] [Times: user=0.34 sys=0.00, real=0.05 secs]
2014-07-28T04:15:39.464+0000: 983.145: [GC2014-07-28T04:15:39.465+0000: 983.146: [ParNew: 92160K->10240K(92160K), 0.0476230 secs] 10367236K->10311234K(20961280K), 0.0496690 secs] [Times: user=0.34 sys=0.00, real=0.05 secs]
2014-07-28T04:15:39.790+0000: 983.472: [GC2014-07-28T04:15:39.791+0000: 983.473: [ParNew: 92159K->10240K(92160K), 0.0482890 secs] 9710740K->9653871K(20961280K), 0.0503810 secs] [Times: user=0.34 sys=0.00, real=0.05 secs]
2014-07-28T04:15:40.228+0000: 983.910: [GC2014-07-28T04:15:40.229+0000: 983.911: [ParNew: 92159K->10240K(92160K), 0.0496520 secs] 8755024K->8698280K(20961280K), 0.0517350 secs] [Times: user=0.35 sys=0.00, real=0.05 secs]
2014-07-28T04:15:40.962+0000: 984.643: [CMS-concurrent-sweep: 3.574/4.256 secs] [Times: user=12.40 sys=1.83, real=4.26 secs]
2014-07-28T04:15:40.965+0000: 984.647: [CMS-concurrent-reset-start]
2014-07-28T04:15:41.028+0000: 984.709: [CMS-concurrent-reset: 0.063/0.063 secs] [Times: user=0.10 sys=0.00, real=0.06 secs]
2014-07-28T04:15:41.493+0000: 985.174: [GC2014-07-28T04:15:41.494+0000: 985.175: [ParNew: 92160K->10240K(92160K), 0.0502250 secs] 6714810K->6658257K(20961280K), 0.0522810 secs] [Times: user=0.36 sys=0.00, real=0.05 secs]
2014-07-28T04:15:41.711+0000: 985.392: [GC2014-07-28T04:15:41.712+0000: 985.393: [ParNew: 92159K->10240K(92160K), 0.0475150 secs] 6740177K->6683247K(20961280K), 0.0495500 secs] [Times: user=0.33 sys=0.00, real=0.05 secs]
2014-07-28T04:15:42.618+0000: 986.299: [GC2014-07-28T04:15:42.619+0000: 986.300: [ParNew: 92160K->10240K(92160K), 0.0493320 secs] 6765167K->6709140K(20961280K), 0.0514220 secs] [Times: user=0.34 sys=0.01, real=0.06 secs]
2014-07-28T04:15:43.053+0000: 986.734: [GC2014-07-28T04:15:43.054+0000: 986.736: [ParNew: 92160K->10240K(92160K), 0.0511000 secs] 6791060K->6735723K(20961280K), 0.0533660 secs] [Times: user=0.37 sys=0.00, real=0.05 secs]
2014-07-28T04:15:43.626+0000: 987.308: [GC2014-07-28T04:15:43.627+0000: 987.309: [ParNew: 92160K->10240K(92160K), 0.0468870 secs] 6817643K->6761221K(20961280K), 0.0489500 secs] [Times: user=0.31 sys=0.03, real=0.05 secs]
2014-07-28T04:15:44.821+0000: 988.502: [GC2014-07-28T04:15:44.822+0000: 988.503: [ParNew: 92155K->10240K(92160K), 0.0465740 secs] 6843136K->6786252K(20961280K), 0.0486250 secs] [Times: user=0.33 sys=0.00, real=0.06 secs]
2014-07-28T04:15:46.994+0000: 990.676: [GC2014-07-28T04:15:46.995+0000: 990.677: [ParNew: 92160K->10240K(92160K), 0.0528850 secs] 6868172K->6815224K(20961280K), 0.0550540 secs] [Times: user=0.37 sys=0.00, real=0.06 secs]
2014-07-28T04:15:47.191+0000: 990.872: [GC2014-07-28T04:15:47.192+0000: 990.873: [ParNew: 92160K->10240K(92160K), 0.0531810 secs] 6897144K->6842447K(20961280K), 0.0552870 secs] [Times: user=0.37 sys=0.02, real=0.05 secs]
2014-07-28T04:15:47.371+0000: 991.053: [GC2014-07-28T04:15:47.372+0000: 991.054: [ParNew: 92160K->10240K(92160K), 0.0575300 secs] 6924367K->6870125K(20961280K), 0.0596750 secs] [Times: user=0.40 sys=0.01, real=0.06 secs]
2014-07-28T04:15:47.646+0000: 991.328: [GC2014-07-28T04:15:47.648+0000: 991.329: [ParNew: 92146K->10240K(92160K), 0.0475670 secs] 6952032K->6891710K(20961280K), 0.0496950 secs] [Times: user=0.32 sys=0.01, real=0.05 secs]
2014-07-28T04:15:48.171+0000: 991.853: [GC2014-07-28T04:15:48.172+0000: 991.854: [ParNew: 92157K->10240K(92160K), 0.0488640 secs] 6973627K->6917172K(20961280K), 0.0509510 secs] [Times: user=0.35 sys=0.00, real=0.05 secs]
2014-07-28T04:15:48.697+0000: 992.379: [GC2014-07-28T04:15:48.698+0000: 992.380: [ParNew: 92153K->10240K(92160K), 0.0459270 secs] 6999085K->6943266K(20961280K), 0.0480140 secs] [Times: user=0.31 sys=0.01, real=0.05 secs]
2014-07-28T04:15:49.196+0000: 992.878: [GC2014-07-28T04:15:49.197+0000: 992.879: [ParNew: 92160K->10240K(92160K), 0.0476360 secs] 7025186K->6968250K(20961280K), 0.0497660 secs] [Times: user=0.32 sys=0.01, real=0.05 secs]
2014-07-28T04:15:49.569+0000: 993.250: [GC2014-07-28T04:15:49.570+0000: 993.251: [ParNew: 92160K->10240K(92160K), 0.0458550 secs] 7050170K->6994301K(20961280K), 0.0478990 secs] [Times: user=0.31 sys=0.01, real=0.05 secs]
2014-07-28T04:15:49.901+0000: 993.582: [GC2014-07-28T04:15:49.902+0000: 993.584: [ParNew: 92155K->10240K(92160K), 0.0500310 secs] 7076217K->7019273K(20961280K), 0.0524820 secs] [Times: user=0.33 sys=0.01, real=0.06 secs]
2014-07-28T04:15:50.336+0000: 994.018: [GC2014-07-28T04:15:50.337+0000: 994.019: [ParNew: 92157K->10240K(92160K), 0.0485870 secs] 7101191K->7044783K(20961280K), 0.0506660 secs] [Times: user=0.32 sys=0.02, real=0.05 secs]
2014-07-28T04:15:51.604+0000: 995.286: [GC2014-07-28T04:15:51.605+0000: 995.287: [ParNew: 92159K->10240K(92160K), 0.0573310 secs] 7126703K->7070559K(20961280K), 0.0594550 secs] [Times: user=0.38 sys=0.01, real=0.06 secs]
2014-07-28T04:15:52.039+0000: 995.720: [GC2014-07-28T04:15:52.040+0000: 995.721: [ParNew: 92160K->10240K(92160K), 0.0580810 secs] 7152479K->7095950K(20961280K), 0.0601420 secs] [Times: user=0.39 sys=0.01, real=0.06 secs]
2014-07-28T04:15:52.726+0000: 996.407: [GC2014-07-28T04:15:52.727+0000: 996.408: [ParNew: 92160K->10240K(92160K), 0.0760660 secs] 7177870K->7122205K(20961280K), 0.0782580 secs] [Times: user=0.37 sys=0.02, real=0.08 secs]
2014-07-28T04:15:53.174+0000: 996.856: [GC2014-07-28T04:15:53.176+0000: 996.857: [ParNew: 92159K->10240K(92160K), 0.0638950 secs] 7204125K->7147928K(20961280K), 0.0660460 secs] [Times: user=0.38 sys=0.00, real=0.07 secs]
2014-07-28T04:15:53.735+0000: 997.416: [GC2014-07-28T04:15:53.736+0000: 997.417: [ParNew: 92154K->10240K(92160K), 0.0618100 secs] 7229842K->7174076K(20961280K), 0.1394080 secs] [Times: user=0.43 sys=0.00, real=0.14 secs]
2014-07-28T04:15:55.117+0000: 998.798: [GC2014-07-28T04:15:55.118+0000: 998.799: [ParNew: 92156K->10240K(92160K), 0.0482470 secs] 7255992K->7198423K(20961280K), 0.0503050 secs] [Times: user=0.33 sys=0.00, real=0.05 secs]
2014-07-28T04:15:57.108+0000: 1000.789: [GC2014-07-28T04:15:57.109+0000: 1000.790: [ParNew: 92160K->10240K(92160K), 0.0485410 secs] 7280343K->7227453K(20961280K), 0.0506110 secs] [Times: user=0.32 sys=0.01, real=0.06 secs]
2014-07-28T04:15:57.309+0000: 1000.990: [GC2014-07-28T04:15:57.310+0000: 1000.992: [ParNew: 92160K->10240K(92160K), 0.0536310 secs] 7309373K->7253682K(20961280K), 0.0557880 secs] [Times: user=0.37 sys=0.02, real=0.06 secs]
2014-07-28T04:15:57.504+0000: 1001.186: [GC2014-07-28T04:15:57.505+0000: 1001.187: [ParNew: 92160K->10240K(92160K), 0.0519270 secs] 7335602K->7280893K(20961280K), 0.0540510 secs] [Times: user=0.35 sys=0.02, real=0.06 secs]
2014-07-28T04:15:57.740+0000: 1001.422: [GC2014-07-28T04:15:57.741+0000: 1001.423: [ParNew: 92160K->10240K(92160K), 0.0477060 secs] 7362813K->7302692K(20961280K), 0.0497730 secs] [Times: user=0.33 sys=0.01, real=0.05 secs]
2014-07-28T04:15:58.274+0000: 1001.955: [GC2014-07-28T04:15:58.275+0000: 1001.956: [ParNew: 92160K->10240K(92160K), 0.0485360 secs] 7384612K->7328467K(20961280K), 0.0506170 secs] [Times: user=0.34 sys=0.00, real=0.05 secs]
2014-07-28T04:15:58.801+0000: 1002.483: [GC2014-07-28T04:15:58.802+0000: 1002.484: [ParNew: 92158K->10240K(92160K), 0.0487070 secs] 7410385K->7354419K(20961280K), 0.0508070 secs] [Times: user=0.34 sys=0.00, real=0.05 secs]
2014-07-28T04:15:59.300+0000: 1002.981: [GC2014-07-28T04:15:59.301+0000: 1002.982: [ParNew: 92145K->10240K(92160K), 0.0498600 secs] 7436325K->7380475K(20961280K), 0.0519740 secs] [Times: user=0.33 sys=0.01, real=0.05 secs]
2014-07-28T04:15:59.674+0000: 1003.356: [GC2014-07-28T04:15:59.676+0000: 1003.357: [ParNew: 92160K->10240K(92160K), 0.0522940 secs] 7462395K->7406631K(20961280K), 0.0545100 secs] [Times: user=0.35 sys=0.02, real=0.06 secs]
2014-07-28T04:16:00.007+0000: 1003.689: [GC2014-07-28T04:16:00.008+0000: 1003.690: [ParNew: 92160K->10240K(92160K), 0.0495020 secs] 7488551K->7431772K(20961280K), 0.0515730 secs] [Times: user=0.32 sys=0.01, real=0.06 secs]
2014-07-28T04:16:00.443+0000: 1004.125: [GC2014-07-28T04:16:00.444+0000: 1004.126: [ParNew: 92160K->10240K(92160K), 0.0531130 secs] 7513692K->7457581K(20961280K), 0.0552230 secs] [Times: user=0.35 sys=0.01, real=0.06 secs]
2014-07-28T04:16:01.729+0000: 1005.410: [GC2014-07-28T04:16:01.730+0000: 1005.411: [ParNew: 92160K->10240K(92160K), 0.0534130 secs] 7539501K->7483231K(20961280K), 0.0555740 secs] [Times: user=0.34 sys=0.02, real=0.06 secs]
2014-07-28T04:16:02.157+0000: 1005.838: [GC2014-07-28T04:16:02.158+0000: 1005.839: [ParNew: 92158K->10240K(92160K), 0.0532120 secs] 7565150K->7509658K(20961280K), 0.0553040 secs] [Times: user=0.33 sys=0.02, real=0.06 secs]
2014-07-28T04:16:02.866+0000: 1006.547: [GC2014-07-28T04:16:02.867+0000: 1006.548: [ParNew: 92156K->10240K(92160K), 0.0574620 secs] 7591575K->7536259K(20961280K), 0.0595910 secs] [Times: user=0.39 sys=0.01, real=0.06 secs]
2014-07-28T04:16:03.299+0000: 1006.980: [GC2014-07-28T04:16:03.300+0000: 1006.981: [ParNew: 92158K->10240K(92160K), 0.0513580 secs] 7618178K->7561999K(20961280K), 0.0534310 secs] [Times: user=0.35 sys=0.02, real=0.05 secs]
2014-07-28T04:16:03.934+0000: 1007.615: [GC2014-07-28T04:16:03.935+0000: 1007.616: [ParNew: 92159K->10240K(92160K), 0.0524890 secs] 7643919K->7588498K(20961280K), 0.0546450 secs] [Times: user=0.36 sys=0.01, real=0.06 secs]
2014-07-28T04:16:05.222+0000: 1008.904: [GC2014-07-28T04:16:05.223+0000: 1008.905: [ParNew: 92148K->10240K(92160K), 0.0445930 secs] 7670407K->7612551K(20961280K), 0.0466640 secs] [Times: user=0.31 sys=0.01, real=0.05 secs]
2014-07-28T04:16:07.228+0000: 1010.909: [GC2014-07-28T04:16:07.229+0000: 1010.910: [ParNew: 92150K->10240K(92160K), 0.0554300 secs] 7694462K->7641147K(20961280K), 0.0575200 secs] [Times: user=0.38 sys=0.00, real=0.06 secs]
2014-07-28T04:16:07.426+0000: 1011.108: [GC2014-07-28T04:16:07.427+0000: 1011.109: [ParNew: 92152K->10240K(92160K), 0.0543840 secs] 7723060K->7668843K(20961280K), 0.0564870 secs] [Times: user=0.37 sys=0.02, real=0.06 secs]
2014-07-28T04:16:07.627+0000: 1011.309: [GC2014-07-28T04:16:07.628+0000: 1011.310: [ParNew: 92160K->10240K(92160K), 0.0520280 secs] 7750763K->7695777K(20961280K), 0.0541300 secs] [Times: user=0.35 sys=0.02, real=0.06 secs]
2014-07-28T04:16:07.847+0000: 1011.529: [GC2014-07-28T04:16:07.848+0000: 1011.530: [ParNew: 92160K->10240K(92160K), 0.0496320 secs] 7777697K->7717648K(20961280K), 0.0517690 secs] [Times: user=0.34 sys=0.02, real=0.06 secs]
2014-07-28T04:16:08.385+0000: 1012.067: [GC2014-07-28T04:16:08.386+0000: 1012.068: [ParNew: 92160K->10240K(92160K), 0.0503600 secs] 7799568K->7744005K(20961280K), 0.0524390 secs] [Times: user=0.34 sys=0.01, real=0.06 secs]
2014-07-28T04:16:08.918+0000: 1012.600: [GC2014-07-28T04:16:08.919+0000: 1012.601: [ParNew: 92159K->10240K(92160K), 0.0507390 secs] 7825925K->7769428K(20961280K), 0.0527940 secs] [Times: user=0.32 sys=0.03, real=0.05 secs]
2014-07-28T04:16:09.409+0000: 1013.090: [GC2014-07-28T04:16:09.410+0000: 1013.091: [ParNew: 92160K->10240K(92160K), 0.0508710 secs] 7851348K->7795567K(20961280K), 0.0529310 secs] [Times: user=0.34 sys=0.01, real=0.06 secs]
2014-07-28T04:16:09.790+0000: 1013.471: [GC2014-07-28T04:16:09.791+0000: 1013.472: [ParNew: 92160K->10240K(92160K), 0.0486970 secs] 7877487K->7821617K(20961280K), 0.0507730 secs] [Times: user=0.33 sys=0.01, real=0.06 secs]
2014-07-28T04:16:10.117+0000: 1013.798: [GC2014-07-28T04:16:10.118+0000: 1013.799: [ParNew: 92160K->10240K(92160K), 0.0479300 secs] 7903537K->7846799K(20961280K), 0.0500050 secs] [Times: user=0.32 sys=0.00, real=0.05 secs]
2014-07-28T04:16:10.558+0000: 1014.240: [GC2014-07-28T04:16:10.559+0000: 1014.241: [ParNew: 92160K->10240K(92160K), 0.0560660 secs] 7928719K->7873207K(20961280K), 0.0581290 secs] [Times: user=0.36 sys=0.01, real=0.06 secs]
2014-07-28T04:16:11.848+0000: 1015.530: [GC2014-07-28T04:16:11.849+0000: 1015.531: [ParNew: 92160K->10240K(92160K), 0.0488410 secs] 7955127K->7898736K(20961280K), 0.0509440 secs] [Times: user=0.31 sys=0.03, real=0.06 secs]
2014-07-28T04:16:12.341+0000: 1016.023: [GC2014-07-28T04:16:12.342+0000: 1016.024: [ParNew: 92156K->10240K(92160K), 0.0490050 secs] 7980652K->7924768K(20961280K), 0.0511530 secs] [Times: user=0.33 sys=0.01, real=0.05 secs]
2014-07-28T04:16:12.985+0000: 1016.666: [GC2014-07-28T04:16:12.986+0000: 1016.667: [ParNew: 92160K->10240K(92160K), 0.0541950 secs] 8006688K->7950670K(20961280K), 0.0563510 secs] [Times: user=0.38 sys=0.00, real=0.06 secs]
2014-07-28T04:16:13.408+0000: 1017.090: [GC2014-07-28T04:16:13.409+0000: 1017.091: [ParNew: 92160K->10240K(92160K), 0.0514150 secs] 8032590K->7976950K(20961280K), 0.0535540 secs] [Times: user=0.34 sys=0.02, real=0.06 secs]
2014-07-28T04:16:14.043+0000: 1017.725: [GC2014-07-28T04:16:14.044+0000: 1017.726: [ParNew: 92157K->10240K(92160K), 0.0572230 secs] 8058867K->8002870K(20961280K), 0.0592750 secs] [Times: user=0.39 sys=0.01, real=0.06 secs]
2014-07-28T04:16:15.328+0000: 1019.009: [GC2014-07-28T04:16:15.329+0000: 1019.010: [ParNew: 92160K->10240K(92160K), 0.0506560 secs] 8084790K->8028555K(20961280K), 0.0527380 secs] [Times: user=0.33 sys=0.01, real=0.06 secs]
2014-07-28T04:16:17.343+0000: 1021.025: [GC2014-07-28T04:16:17.344+0000: 1021.026: [ParNew: 92160K->10240K(92160K), 0.0586750 secs] 8110475K->8058297K(20961280K), 0.0607390 secs] [Times: user=0.40 sys=0.00, real=0.06 secs]
2014-07-28T04:16:17.541+0000: 1021.223: [GC2014-07-28T04:16:17.543+0000: 1021.224: [ParNew: 92160K->10240K(92160K), 0.0537640 secs] 8140217K->8084502K(20961280K), 0.0559850 secs] [Times: user=0.35 sys=0.02, real=0.06 secs]
2014-07-28T04:16:17.753+0000: 1021.435: [GC2014-07-28T04:16:17.754+0000: 1021.436: [ParNew: 92160K->10240K(92160K), 0.0527390 secs] 8166422K->8110819K(20961280K), 0.0548650 secs] [Times: user=0.35 sys=0.02, real=0.05 secs]
2014-07-28T04:16:17.957+0000: 1021.639: [GC2014-07-28T04:16:17.958+0000: 1021.640: [ParNew: 92160K->10240K(92160K), 0.0498230 secs] 8192739K->8133915K(20961280K), 0.0519320 secs] [Times: user=0.33 sys=0.02, real=0.06 secs]
2014-07-28T04:16:18.494+0000: 1022.175: [GC2014-07-28T04:16:18.495+0000: 1022.176: [ParNew: 92160K->10240K(92160K), 0.0519850 secs] 8215835K->8159864K(20961280K), 0.0541360 secs] [Times: user=0.35 sys=0.01, real=0.05 secs]
2014-07-28T04:16:19.033+0000: 1022.715: [GC2014-07-28T04:16:19.034+0000: 1022.716: [ParNew: 92157K->10240K(92160K), 0.0541670 secs] 8241782K->8185848K(20961280K), 0.0563330 secs] [Times: user=0.36 sys=0.01, real=0.06 secs]
2014-07-28T04:16:19.519+0000: 1023.201: [GC2014-07-28T04:16:19.520+0000: 1023.202: [ParNew: 92160K->10240K(92160K), 0.0507950 secs] 8267768K->8211950K(20961280K), 0.0528700 secs] [Times: user=0.35 sys=0.00, real=0.05 secs]
2014-07-28T04:16:19.897+0000: 1023.578: [GC2014-07-28T04:16:19.898+0000: 1023.580: [ParNew: 92160K->10240K(92160K), 0.0618020 secs] 8293870K->8238294K(20961280K), 0.0642700 secs] [Times: user=0.35 sys=0.00, real=0.07 secs]
2014-07-28T04:16:20.218+0000: 1023.900: [GC2014-07-28T04:16:20.219+0000: 1023.901: [ParNew: 92149K->10240K(92160K), 0.0569970 secs] 8320204K->8263598K(20961280K), 0.0590730 secs] [Times: user=0.34 sys=0.02, real=0.06 secs]
2014-07-28T04:16:20.672+0000: 1024.354: [GC2014-07-28T04:16:20.673+0000: 1024.355: [ParNew: 92160K->10240K(92160K), 0.0626980 secs] 8345518K->8289712K(20961280K), 0.0647850 secs] [Times: user=0.37 sys=0.00, real=0.07 secs]
2014-07-28T04:16:21.955+0000: 1025.637: [GC2014-07-28T04:16:21.956+0000: 1025.638: [ParNew: 92159K->10240K(92160K), 0.0976340 secs] 8371632K->8315397K(20961280K), 0.0999020 secs] [Times: user=0.37 sys=0.02, real=0.10 secs]
2014-07-28T04:16:22.452+0000: 1026.133: [GC2014-07-28T04:16:22.453+0000: 1026.134: [ParNew: 92160K->10240K(92160K), 0.0597920 secs] 8397317K->8341213K(20961280K), 0.0618390 secs] [Times: user=0.35 sys=0.02, real=0.06 secs]
2014-07-28T04:16:23.105+0000: 1026.787: [GC2014-07-28T04:16:23.107+0000: 1026.788: [ParNew: 92160K->10240K(92160K), 0.0607590 secs] 8423133K->8367581K(20961280K), 0.0628620 secs] [Times: user=0.39 sys=0.01, real=0.07 secs]
2014-07-28T04:16:23.516+0000: 1027.198: [GC2014-07-28T04:16:23.517+0000: 1027.199: [ParNew: 92159K->10240K(92160K), 0.0569450 secs] 8449500K->8394091K(20961280K), 0.0590340 secs] [Times: user=0.37 sys=0.00, real=0.06 secs]
2014-07-28T04:16:24.161+0000: 1027.842: [GC2014-07-28T04:16:24.162+0000: 1027.843: [ParNew: 92160K->10240K(92160K), 0.0568280 secs] 8476011K->8420043K(20961280K), 0.0589580 secs] [Times: user=0.36 sys=0.02, real=0.06 secs]
2014-07-28T04:16:25.402+0000: 1029.083: [GC2014-07-28T04:16:25.403+0000: 1029.084: [ParNew: 92160K->10240K(92160K), 0.0551190 secs] 8501963K->8445123K(20961280K), 0.0572050 secs] [Times: user=0.32 sys=0.04, real=0.06 secs]
2014-07-28T04:16:27.457+0000: 1031.138: [GC2014-07-28T04:16:27.458+0000: 1031.139: [ParNew: 92160K->10240K(92160K), 0.0597390 secs] 8527043K->8474421K(20961280K), 0.0621110 secs] [Times: user=0.37 sys=0.01, real=0.07 secs]
2014-07-28T04:16:27.653+0000: 1031.335: [GC2014-07-28T04:16:27.654+0000: 1031.336: [ParNew: 92160K->10240K(92160K), 0.0569500 secs] 8556341K->8501714K(20961280K), 0.0590940 secs] [Times: user=0.37 sys=0.01, real=0.06 secs]
2014-07-28T04:16:27.870+0000: 1031.551: [GC2014-07-28T04:16:27.871+0000: 1031.552: [ParNew: 92148K->10240K(92160K), 0.0532480 secs] 8583622K->8527463K(20961280K), 0.0553500 secs] [Times: user=0.35 sys=0.00, real=0.06 secs]
2014-07-28T04:16:28.060+0000: 1031.741: [GC2014-07-28T04:16:28.061+0000: 1031.742: [ParNew: 92160K->10240K(92160K), 0.0527980 secs] 8609383K->8551546K(20961280K), 0.0549440 secs] [Times: user=0.34 sys=0.01, real=0.05 secs]
2014-07-28T04:16:28.593+0000: 1032.275: [GC2014-07-28T04:16:28.595+0000: 1032.276: [ParNew: 92160K->10240K(92160K), 0.0486780 secs] 8633466K->8576599K(20961280K), 0.0510640 secs] [Times: user=0.32 sys=0.01, real=0.06 secs]
2014-07-28T04:16:29.140+0000: 1032.821: [GC2014-07-28T04:16:29.141+0000: 1032.822: [ParNew: 92160K->10240K(92160K), 0.0492370 secs] 8658519K->8602616K(20961280K), 0.0513230 secs] [Times: user=0.33 sys=0.02, real=0.05 secs]
2014-07-28T04:16:29.622+0000: 1033.303: [GC2014-07-28T04:16:29.623+0000: 1033.304: [ParNew: 92160K->10240K(92160K), 0.0500200 secs] 8684536K->8628543K(20961280K), 0.0521070 secs] [Times: user=0.33 sys=0.01, real=0.05 secs]
2014-07-28T04:16:30.005+0000: 1033.686: [GC2014-07-28T04:16:30.006+0000: 1033.687: [ParNew: 92147K->10240K(92160K), 0.0548750 secs] 8710450K->8655098K(20961280K), 0.0569310 secs] [Times: user=0.38 sys=0.01, real=0.06 secs]
2014-07-28T04:16:30.323+0000: 1034.004: [GC2014-07-28T04:16:30.324+0000: 1034.005: [ParNew: 92160K->10240K(92160K), 0.0499170 secs] 8737018K->8680666K(20961280K), 0.0520270 secs] [Times: user=0.33 sys=0.00, real=0.05 secs]
2014-07-28T04:16:30.773+0000: 1034.454: [GC2014-07-28T04:16:30.774+0000: 1034.455: [ParNew: 92160K->10240K(92160K), 0.0569470 secs] 8762586K->8707014K(20961280K), 0.0590900 secs] [Times: user=0.38 sys=0.02, real=0.06 secs]
2014-07-28T04:16:32.103+0000: 1035.784: [GC2014-07-28T04:16:32.104+0000: 1035.785: [ParNew: 92158K->10240K(92160K), 0.0517360 secs] 8788933K->8732309K(20961280K), 0.0537960 secs] [Times: user=0.34 sys=0.02, real=0.06 secs]
2014-07-28T04:16:32.544+0000: 1036.226: [GC2014-07-28T04:16:32.545+0000: 1036.227: [ParNew: 92152K->10240K(92160K), 0.0530050 secs] 8814222K->8757830K(20961280K), 0.0550870 secs] [Times: user=0.34 sys=0.01, real=0.06 secs]
2014-07-28T04:16:33.215+0000: 1036.896: [GC2014-07-28T04:16:33.216+0000: 1036.897: [ParNew: 92160K->10240K(92160K), 0.0524160 secs] 8839750K->8784383K(20961280K), 0.0544650 secs] [Times: user=0.35 sys=0.01, real=0.06 secs]
2014-07-28T04:16:33.626+0000: 1037.307: [GC2014-07-28T04:16:33.627+0000: 1037.308: [ParNew: 92160K->10240K(92160K), 0.0552730 secs] 8866303K->8811098K(20961280K), 0.0573450 secs] [Times: user=0.34 sys=0.04, real=0.05 secs]
2014-07-28T04:16:34.269+0000: 1037.950: [GC2014-07-28T04:16:34.270+0000: 1037.951: [ParNew: 92160K->10240K(92160K), 0.0514230 secs] 8893018K->8836254K(20961280K), 0.0535820 secs] [Times: user=0.33 sys=0.01, real=0.05 secs]
2014-07-28T04:16:35.477+0000: 1039.158: [GC2014-07-28T04:16:35.478+0000: 1039.159: [ParNew: 92160K->10240K(92160K), 0.0938310 secs] 8918174K->8860772K(20961280K), 0.0960730 secs] [Times: user=0.38 sys=0.01, real=0.10 secs]
2014-07-28T04:16:37.570+0000: 1041.251: [GC2014-07-28T04:16:37.571+0000: 1041.252: [ParNew: 92160K->10240K(92160K), 0.0785820 secs] 8942692K->8890139K(20961280K), 0.0807550 secs] [Times: user=0.40 sys=0.01, real=0.08 secs]
2014-07-28T04:16:37.789+0000: 1041.471: [GC2014-07-28T04:16:37.790+0000: 1041.472: [ParNew: 92160K->10240K(92160K), 0.0755430 secs] 8972059K->8917503K(20961280K), 0.0776790 secs] [Times: user=0.38 sys=0.02, real=0.08 secs]
2014-07-28T04:16:37.993+0000: 1041.674: [GC2014-07-28T04:16:37.995+0000: 1041.676: [ParNew: 92160K->10240K(92160K), 0.0769250 secs] 8999423K->8946271K(20961280K), 0.0794650 secs] [Times: user=0.37 sys=0.02, real=0.08 secs]
2014-07-28T04:16:38.208+0000: 1041.889: [GC2014-07-28T04:16:38.210+0000: 1041.892: [ParNew: 92160K->10240K(92160K), 0.0972270 secs] 9028191K->8978491K(20961280K), 0.1010090 secs] [Times: user=0.40 sys=0.01, real=0.10 secs]
2014-07-28T04:16:38.667+0000: 1042.348: [GC2014-07-28T04:16:38.668+0000: 1042.349: [ParNew: 92147K->10240K(92160K), 0.0751630 secs] 9060398K->9001260K(20961280K), 0.0774200 secs] [Times: user=0.37 sys=0.01, real=0.07 secs]
2014-07-28T04:16:39.207+0000: 1042.888: [GC2014-07-28T04:16:39.208+0000: 1042.889: [ParNew: 92160K->10240K(92160K), 0.0656530 secs] 9083180K->9025925K(20961280K), 0.0677230 secs] [Times: user=0.38 sys=0.02, real=0.06 secs]
2014-07-28T04:16:39.699+0000: 1043.380: [GC2014-07-28T04:16:39.700+0000: 1043.381: [ParNew: 92160K->10240K(92160K), 0.0568900 secs] 9107845K->9050777K(20961280K), 0.0589380 secs] [Times: user=0.38 sys=0.00, real=0.06 secs]
2014-07-28T04:16:40.098+0000: 1043.780: [GC2014-07-28T04:16:40.099+0000: 1043.781: [ParNew: 92158K->10240K(92160K), 0.0535050 secs] 9132696K->9075888K(20961280K), 0.0555490 secs] [Times: user=0.32 sys=0.02, real=0.05 secs]
2014-07-28T04:16:40.296+0000: 1043.977: [GC2014-07-28T04:16:40.297+0000: 1043.978: [ParNew: 92155K->10240K(92160K), 0.0622800 secs] 9157804K->9101066K(20961280K), 0.0643630 secs] [Times: user=0.40 sys=0.00, real=0.07 secs]
2014-07-28T04:16:40.665+0000: 1044.346: [GC2014-07-28T04:16:40.666+0000: 1044.347: [ParNew: 92156K->10240K(92160K), 0.0515350 secs] 9182983K->9125857K(20961280K), 0.0535950 secs] [Times: user=0.32 sys=0.01, real=0.06 secs]
2014-07-28T04:16:41.934+0000: 1045.615: [GC2014-07-28T04:16:41.935+0000: 1045.616: [ParNew: 92155K->10240K(92160K), 0.0533440 secs] 9207773K->9150961K(20961280K), 0.0554020 secs] [Times: user=0.33 sys=0.02, real=0.06 secs]
2014-07-28T04:16:42.383+0000: 1046.065: [GC2014-07-28T04:16:42.384+0000: 1046.066: [ParNew: 92158K->10240K(92160K), 0.0593900 secs] 9232880K->9176669K(20961280K), 0.0615490 secs] [Times: user=0.37 sys=0.00, real=0.07 secs]
2014-07-28T04:16:43.205+0000: 1046.887: [GC2014-07-28T04:16:43.206+0000: 1046.888: [ParNew: 92153K->10240K(92160K), 0.0567920 secs] 9258583K->9201595K(20961280K), 0.0588700 secs] [Times: user=0.35 sys=0.02, real=0.07 secs]
2014-07-28T04:16:43.597+0000: 1047.278: [GC2014-07-28T04:16:43.598+0000: 1047.279: [ParNew: 92160K->10240K(92160K), 0.0541440 secs] 9283515K->9226569K(20961280K), 0.0561760 secs] [Times: user=0.34 sys=0.00, real=0.06 secs]
2014-07-28T04:16:44.121+0000: 1047.803: [GC2014-07-28T04:16:44.122+0000: 1047.804: [ParNew: 92160K->10240K(92160K), 0.0579150 secs] 9308489K->9251516K(20961280K), 0.0599720 secs] [Times: user=0.35 sys=0.02, real=0.06 secs]
2014-07-28T04:16:44.995+0000: 1048.676: [GC2014-07-28T04:16:44.996+0000: 1048.677: [ParNew: 92160K->10240K(92160K), 0.0584100 secs] 9333436K->9276493K(20961280K), 0.0604590 secs] [Times: user=0.36 sys=0.02, real=0.06 secs]
2014-07-28T04:16:47.715+0000: 1051.397: [GC2014-07-28T04:16:47.716+0000: 1051.398: [ParNew: 92160K->10240K(92160K), 0.0650950 secs] 9358413K->9303342K(20961280K), 0.0671750 secs] [Times: user=0.36 sys=0.02, real=0.07 secs]
2014-07-28T04:16:47.927+0000: 1051.608: [GC2014-07-28T04:16:47.928+0000: 1051.609: [ParNew: 92160K->10240K(92160K), 0.0680690 secs] 9385262K->9332985K(20961280K), 0.0701460 secs] [Times: user=0.36 sys=0.03, real=0.07 secs]
2014-07-28T04:16:48.139+0000: 1051.821: [GC2014-07-28T04:16:48.140+0000: 1051.822: [ParNew: 92158K->10240K(92160K), 0.0571700 secs] 9414904K->9360087K(20961280K), 0.0592770 secs] [Times: user=0.33 sys=0.02, real=0.06 secs]
2014-07-28T04:16:48.397+0000: 1052.079: [GC2014-07-28T04:16:48.398+0000: 1052.080: [ParNew: 92160K->10240K(92160K), 0.0572350 secs] 9442007K->9384711K(20961280K), 0.0595010 secs] [Times: user=0.37 sys=0.01, real=0.07 secs]
2014-07-28T04:16:48.591+0000: 1052.272: [GC2014-07-28T04:16:48.592+0000: 1052.273: [ParNew: 92160K->10240K(92160K), 0.0535570 secs] 9466631K->9407972K(20961280K), 0.0556180 secs] [Times: user=0.35 sys=0.01, real=0.06 secs]
2014-07-28T04:16:48.988+0000: 1052.669: [GC2014-07-28T04:16:48.989+0000: 1052.670: [ParNew: 92159K->10240K(92160K), 0.0565910 secs] 9489892K->9433099K(20961280K), 0.0586710 secs] [Times: user=0.37 sys=0.02, real=0.06 secs]
2014-07-28T04:16:49.474+0000: 1053.155: [GC2014-07-28T04:16:49.475+0000: 1053.156: [ParNew: 92160K->10240K(92160K), 0.0573980 secs] 9515019K->9458455K(20961280K), 0.0594940 secs] [Times: user=0.35 sys=0.01, real=0.06 secs]
2014-07-28T04:16:49.964+0000: 1053.645: [GC2014-07-28T04:16:49.965+0000: 1053.646: [ParNew: 92157K->10240K(92160K), 0.0581600 secs] 9540373K->9483770K(20961280K), 0.0602170 secs] [Times: user=0.36 sys=0.01, real=0.06 secs]
2014-07-28T04:16:50.373+0000: 1054.055: [GC2014-07-28T04:16:50.374+0000: 1054.056: [ParNew: 92160K->10240K(92160K), 0.0573930 secs] 9565690K->9510015K(20961280K), 0.0595210 secs] [Times: user=0.34 sys=0.02, real=0.06 secs]
2014-07-28T04:16:50.618+0000: 1054.300: [GC2014-07-28T04:16:50.619+0000: 1054.301: [ParNew: 92160K->10240K(92160K), 0.0576870 secs] 9591935K->9535368K(20961280K), 0.0598510 secs] [Times: user=0.37 sys=0.00, real=0.06 secs]
2014-07-28T04:16:51.419+0000: 1055.101: [GC2014-07-28T04:16:51.420+0000: 1055.102: [ParNew: 92160K->10240K(92160K), 0.0699800 secs] 9617288K->9561002K(20961280K), 0.0720930 secs] [Times: user=0.41 sys=0.02, real=0.07 secs]
2014-07-28T04:16:52.463+0000: 1056.144: [GC2014-07-28T04:16:52.464+0000: 1056.145: [ParNew: 92160K->10240K(92160K), 0.0592240 secs] 9642922K->9587327K(20961280K), 0.0612590 secs] [Times: user=0.35 sys=0.02, real=0.06 secs]
2014-07-28T04:16:53.044+0000: 1056.725: [GC2014-07-28T04:16:53.045+0000: 1056.726: [ParNew: 92150K->10240K(92160K), 0.0566700 secs] 9669238K->9611860K(20961280K), 0.0587140 secs] [Times: user=0.34 sys=0.01, real=0.06 secs]
2014-07-28T04:16:53.515+0000: 1057.196: [GC2014-07-28T04:16:53.516+0000: 1057.198: [ParNew: 92160K->10240K(92160K), 0.0811770 secs] 9693780K->9637350K(20961280K), 0.0837180 secs] [Times: user=0.39 sys=0.02, real=0.09 secs]
2014-07-28T04:16:53.948+0000: 1057.629: [GC2014-07-28T04:16:53.949+0000: 1057.630: [ParNew: 92160K->10240K(92160K), 0.0641650 secs] 9719270K->9662406K(20961280K), 0.0662780 secs] [Times: user=0.36 sys=0.01, real=0.06 secs]
2014-07-28T04:16:54.577+0000: 1058.258: [GC2014-07-28T04:16:54.578+0000: 1058.259: [ParNew: 92160K->10240K(92160K), 0.0629570 secs] 9744326K->9687435K(20961280K), 0.0707010 secs] [Times: user=0.35 sys=0.01, real=0.08 secs]
2014-07-28T04:16:57.823+0000: 1061.504: [GC2014-07-28T04:16:57.824+0000: 1061.505: [ParNew: 92160K->10240K(92160K), 0.0600660 secs] 9769355K->9714446K(20961280K), 0.0621450 secs] [Times: user=0.39 sys=0.01, real=0.07 secs]
2014-07-28T04:16:58.045+0000: 1061.726: [GC2014-07-28T04:16:58.046+0000: 1061.727: [ParNew: 92160K->10240K(92160K), 0.0646460 secs] 9796366K->9743574K(20961280K), 0.0666970 secs] [Times: user=0.38 sys=0.05, real=0.07 secs]
2014-07-28T04:16:58.246+0000: 1061.927: [GC2014-07-28T04:16:58.247+0000: 1061.928: [ParNew: 92160K->10240K(92160K), 0.0590330 secs] 9825494K->9770649K(20961280K), 0.0611590 secs] [Times: user=0.38 sys=0.01, real=0.07 secs]
2014-07-28T04:16:58.518+0000: 1062.199: [GC2014-07-28T04:16:58.519+0000: 1062.201: [ParNew: 92160K->10240K(92160K), 0.0572740 secs] 9852569K->9793966K(20961280K), 0.0594060 secs] [Times: user=0.36 sys=0.03, real=0.06 secs]
2014-07-28T04:16:58.705+0000: 1062.387: [GC2014-07-28T04:16:58.706+0000: 1062.388: [ParNew: 92160K->10240K(92160K), 0.0568370 secs] 9875886K->9819448K(20961280K), 0.0589150 secs] [Times: user=0.36 sys=0.01, real=0.06 secs]
2014-07-28T04:16:58.995+0000: 1062.676: [GC2014-07-28T04:16:58.996+0000: 1062.677: [ParNew: 92160K->10240K(92160K), 0.0556530 secs] 9901368K->9844058K(20961280K), 0.0577510 secs] [Times: user=0.35 sys=0.02, real=0.06 secs]
2014-07-28T04:16:59.548+0000: 1063.229: [GC2014-07-28T04:16:59.549+0000: 1063.230: [ParNew: 92160K->10240K(92160K), 0.0581570 secs] 9925978K->9870231K(20961280K), 0.0602060 secs] [Times: user=0.38 sys=0.01, real=0.06 secs]
2014-07-28T04:17:00.039+0000: 1063.721: [GC2014-07-28T04:17:00.040+0000: 1063.722: [ParNew: 92160K->10240K(92160K), 0.0562180 secs] 9952151K->9895834K(20961280K), 0.0582780 secs] [Times: user=0.38 sys=0.01, real=0.06 secs]
2014-07-28T04:17:00.483+0000: 1064.164: [GC2014-07-28T04:17:00.484+0000: 1064.165: [ParNew: 92149K->10240K(92160K), 0.0542050 secs] 9977744K->9920851K(20961280K), 0.0563020 secs] [Times: user=0.33 sys=0.02, real=0.06 secs]
2014-07-28T04:17:00.695+0000: 1064.377: [GC2014-07-28T04:17:00.696+0000: 1064.378: [ParNew: 92148K->10240K(92160K), 0.0536410 secs] 10002760K->9946938K(20961280K), 0.0557090 secs] [Times: user=0.35 sys=0.01, real=0.05 secs]
2014-07-28T04:17:01.507+0000: 1065.189: [GC2014-07-28T04:17:01.508+0000: 1065.190: [ParNew: 92157K->10240K(92160K), 0.0568060 secs] 10028855K->9971675K(20961280K), 0.0588680 secs] [Times: user=0.37 sys=0.00, real=0.06 secs]
2014-07-28T04:17:02.545+0000: 1066.226: [GC2014-07-28T04:17:02.546+0000: 1066.228: [ParNew: 92160K->10240K(92160K), 0.0537060 secs] 10053595K->9997517K(20961280K), 0.0557820 secs] [Times: user=0.35 sys=0.00, real=0.06 secs]
2014-07-28T04:17:02.895+0000: 1066.576: [GC2014-07-28T04:17:02.896+0000: 1066.577: [ParNew: 92154K->10240K(92160K), 0.0532520 secs] 10079432K->10022609K(20961280K), 0.0553100 secs] [Times: user=0.33 sys=0.02, real=0.05 secs]
2014-07-28T04:17:03.615+0000: 1067.297: [GC2014-07-28T04:17:03.616+0000: 1067.298: [ParNew: 92155K->10240K(92160K), 0.0552870 secs] 10104524K->10048721K(20961280K), 0.0573390 secs] [Times: user=0.35 sys=0.01, real=0.06 secs]
2014-07-28T04:17:04.031+0000: 1067.713: [GC2014-07-28T04:17:04.032+0000: 1067.714: [ParNew: 92148K->10240K(92160K), 0.0544120 secs] 10130629K->10074459K(20961280K), 0.0564620 secs] [Times: user=0.37 sys=0.00, real=0.06 secs]
2014-07-28T04:17:04.628+0000: 1068.309: [GC2014-07-28T04:17:04.629+0000: 1068.310: [ParNew: 92160K->10240K(92160K), 0.0528230 secs] 10156379K->10099069K(20961280K), 0.0549420 secs] [Times: user=0.34 sys=0.01, real=0.05 secs]
2014-07-28T04:17:07.928+0000: 1071.610: [GC2014-07-28T04:17:07.929+0000: 1071.611: [ParNew: 92153K->10240K(92160K), 0.0585930 secs] 10180983K->10124825K(20961280K), 0.0606410 secs] [Times: user=0.38 sys=0.01, real=0.06 secs]
2014-07-28T04:17:08.178+0000: 1071.860: [GC2014-07-28T04:17:08.179+0000: 1071.861: [ParNew: 92158K->10240K(92160K), 0.0575970 secs] 10206744K->10153165K(20961280K), 0.0596500 secs] [Times: user=0.39 sys=0.01, real=0.06 secs]
2014-07-28T04:17:08.378+0000: 1072.060: [GC2014-07-28T04:17:08.379+0000: 1072.061: [ParNew: 92160K->10240K(92160K), 0.0591080 secs] 10235085K->10179237K(20961280K), 0.0611800 secs] [Times: user=0.39 sys=0.02, real=0.06 secs]
2014-07-28T04:17:08.631+0000: 1072.312: [GC2014-07-28T04:17:08.632+0000: 1072.313: [ParNew: 92160K->10240K(92160K), 0.0537080 secs] 10261157K->10204685K(20961280K), 0.0557930 secs] [Times: user=0.34 sys=0.04, real=0.06 secs]
2014-07-28T04:17:08.820+0000: 1072.502: [GC2014-07-28T04:17:08.821+0000: 1072.503: [ParNew: 92160K->10240K(92160K), 0.0543300 secs] 10286605K->10230962K(20961280K), 0.0564250 secs] [Times: user=0.36 sys=0.01, real=0.06 secs]
2014-07-28T04:17:09.102+0000: 1072.783: [GC2014-07-28T04:17:09.103+0000: 1072.784: [ParNew: 92159K->10240K(92160K), 0.0529350 secs] 10312881K->10255667K(20961280K), 0.0550440 secs] [Times: user=0.34 sys=0.02, real=0.06 secs]
2014-07-28T04:17:09.693+0000: 1073.374: [GC2014-07-28T04:17:09.694+0000: 1073.375: [ParNew: 92160K->10240K(92160K), 0.0594260 secs] 10337587K->10280629K(20961280K), 0.0615200 secs] [Times: user=0.41 sys=0.00, real=0.07 secs]
2014-07-28T04:17:10.119+0000: 1073.800: [GC2014-07-28T04:17:10.120+0000: 1073.801: [ParNew: 92160K->10240K(92160K), 0.0538560 secs] 10362549K->10306088K(20961280K), 0.0558990 secs] [Times: user=0.35 sys=0.02, real=0.06 secs]
2014-07-28T04:17:10.450+0000: 1074.132: [GC2014-07-28T04:17:10.451+0000: 1074.133: [ParNew: 92160K->10240K(92160K), 0.0532040 secs] 10388008K->10331158K(20961280K), 0.0552550 secs] [Times: user=0.34 sys=0.01, real=0.06 secs]
2014-07-28T04:17:10.806+0000: 1074.488: [GC2014-07-28T04:17:10.807+0000: 1074.489: [ParNew: 92160K->10240K(92160K), 0.0537380 secs] 10413078K->10357444K(20961280K), 0.0559660 secs] [Times: user=0.34 sys=0.01, real=0.05 secs]
2014-07-28T04:17:11.506+0000: 1075.188: [GC2014-07-28T04:17:11.508+0000: 1075.189: [ParNew: 92160K->10240K(92160K), 0.0537300 secs] 10439364K->10382105K(20961280K), 0.0558310 secs] [Times: user=0.34 sys=0.02, real=0.05 secs]
2014-07-28T04:17:12.625+0000: 1076.306: [GC2014-07-28T04:17:12.626+0000: 1076.307: [ParNew: 92160K->10240K(92160K), 0.0532010 secs] 10464025K->10407561K(20961280K), 0.0552990 secs] [Times: user=0.33 sys=0.01, real=0.06 secs]
2014-07-28T04:17:12.965+0000: 1076.646: [GC2014-07-28T04:17:12.966+0000: 1076.647: [ParNew: 92156K->10240K(92160K), 0.0535160 secs] 10489478K->10432873K(20961280K), 0.0555830 secs] [Times: user=0.37 sys=0.00, real=0.06 secs]
2014-07-28T04:17:13.694+0000: 1077.376: [GC2014-07-28T04:17:13.695+0000: 1077.377: [ParNew: 92160K->10240K(92160K), 0.0516720 secs] 10514793K->10458473K(20961280K), 0.0537710 secs] [Times: user=0.33 sys=0.01, real=0.05 secs]
2014-07-28T04:17:14.109+0000: 1077.790: [GC2014-07-28T04:17:14.110+0000: 1077.791: [ParNew: 92159K->10240K(92160K), 0.0545150 secs] 10540393K->10484520K(20961280K), 0.0566150 secs] [Times: user=0.38 sys=0.00, real=0.06 secs]
2014-07-28T04:17:14.695+0000: 1078.377: [GC2014-07-28T04:17:14.697+0000: 1078.378: [ParNew: 92160K->10240K(92160K), 0.0540990 secs] 10566440K->10509503K(20961280K), 0.0645570 secs] [Times: user=0.36 sys=0.00, real=0.06 secs]
2014-07-28T04:17:18.022+0000: 1081.703: [GC2014-07-28T04:17:18.023+0000: 1081.704: [ParNew: 92160K->10240K(92160K), 0.0551900 secs] 10591423K->10535222K(20961280K), 0.0572550 secs] [Times: user=0.36 sys=0.01, real=0.06 secs]
2014-07-28T04:17:18.294+0000: 1081.976: [GC2014-07-28T04:17:18.295+0000: 1081.977: [ParNew: 92160K->10240K(92160K), 0.0569500 secs] 10617142K->10563940K(20961280K), 0.0589870 secs] [Times: user=0.36 sys=0.02, real=0.06 secs]
2014-07-28T04:17:18.497+0000: 1082.178: [GC2014-07-28T04:17:18.498+0000: 1082.179: [ParNew: 92160K->10240K(92160K), 0.0537440 secs] 10645860K->10590243K(20961280K), 0.0558400 secs] [Times: user=0.35 sys=0.02, real=0.06 secs]
2014-07-28T04:17:18.740+0000: 1082.422: [GC2014-07-28T04:17:18.741+0000: 1082.423: [ParNew: 92160K->10240K(92160K), 0.0536810 secs] 10672163K->10615255K(20961280K), 0.0557510 secs] [Times: user=0.35 sys=0.01, real=0.06 secs]
2014-07-28T04:17:18.931+0000: 1082.612: [GC2014-07-28T04:17:18.932+0000: 1082.613: [ParNew: 92144K->10240K(92160K), 0.0561440 secs] 10697159K->10642096K(20961280K), 0.0582340 secs] [Times: user=0.37 sys=0.02, real=0.06 secs]
2014-07-28T04:17:19.211+0000: 1082.892: [GC2014-07-28T04:17:19.212+0000: 1082.893: [ParNew: 92160K->10240K(92160K), 0.0536300 secs] 10724016K->10666542K(20961280K), 0.0557510 secs] [Times: user=0.34 sys=0.01, real=0.06 secs]
2014-07-28T04:17:19.772+0000: 1083.454: [GC2014-07-28T04:17:19.773+0000: 1083.455: [ParNew: 92160K->10240K(92160K), 0.0558880 secs] 10748462K->10691535K(20961280K), 0.0579430 secs] [Times: user=0.36 sys=0.01, real=0.06 secs]
2014-07-28T04:17:20.228+0000: 1083.909: [GC2014-07-28T04:17:20.229+0000: 1083.910: [ParNew: 92156K->10240K(92160K), 0.0549350 secs] 10773452K->10716899K(20961280K), 0.0569690 secs] [Times: user=0.38 sys=0.01, real=0.06 secs]
2014-07-28T04:17:20.561+0000: 1084.242: [GC2014-07-28T04:17:20.562+0000: 1084.243: [ParNew: 92160K->10240K(92160K), 0.0549520 secs] 10798819K->10742150K(20961280K), 0.0570160 secs] [Times: user=0.36 sys=0.02, real=0.06 secs]
2014-07-28T04:17:20.920+0000: 1084.601: [GC2014-07-28T04:17:20.921+0000: 1084.602: [ParNew: 92160K->10240K(92160K), 0.0540080 secs] 10824070K->10767856K(20961280K), 0.0560520 secs] [Times: user=0.37 sys=0.00, real=0.06 secs]
2014-07-28T04:17:21.616+0000: 1085.298: [GC2014-07-28T04:17:21.617+0000: 1085.299: [ParNew: 92160K->10240K(92160K), 0.0529360 secs] 10849776K->10793113K(20961280K), 0.0549880 secs] [Times: user=0.36 sys=0.00, real=0.05 secs]
2014-07-28T04:17:22.702+0000: 1086.384: [GC2014-07-28T04:17:22.703+0000: 1086.385: [ParNew: 92148K->10240K(92160K), 0.0546940 secs] 10875022K->10818552K(20961280K), 0.0567310 secs] [Times: user=0.36 sys=0.02, real=0.06 secs]
2014-07-28T04:17:23.072+0000: 1086.753: [GC2014-07-28T04:17:23.073+0000: 1086.754: [ParNew: 92154K->10240K(92160K), 0.0557590 secs] 10900467K->10843816K(20961280K), 0.0577850 secs] [Times: user=0.35 sys=0.01, real=0.06 secs]
2014-07-28T04:17:23.805+0000: 1087.487: [GC2014-07-28T04:17:23.806+0000: 1087.488: [ParNew: 92153K->10240K(92160K), 0.0538930 secs] 10925730K->10869268K(20961280K), 0.0559700 secs] [Times: user=0.34 sys=0.02, real=0.06 secs]
2014-07-28T04:17:24.221+0000: 1087.903: [GC2014-07-28T04:17:24.223+0000: 1087.904: [ParNew: 92160K->10240K(92160K), 0.0533860 secs] 10951188K->10894967K(20961280K), 0.0555340 secs] [Times: user=0.35 sys=0.02, real=0.06 secs]
2014-07-28T04:17:24.811+0000: 1088.492: [GC2014-07-28T04:17:24.820+0000: 1088.501: [ParNew: 92160K->10240K(92160K), 0.0517930 secs] 10976887K->10920009K(20961280K), 0.0614020 secs] [Times: user=0.34 sys=0.02, real=0.07 secs]
2014-07-28T04:17:28.113+0000: 1091.794: [GC2014-07-28T04:17:28.114+0000: 1091.795: [ParNew: 92158K->10240K(92160K), 0.0533770 secs] 11001928K->10945604K(20961280K), 0.0554390 secs] [Times: user=0.34 sys=0.02, real=0.06 secs]
2014-07-28T04:17:28.416+0000: 1092.097: [GC2014-07-28T04:17:28.417+0000: 1092.098: [ParNew: 92158K->10240K(92160K), 0.0552390 secs] 11027522K->10973572K(20961280K), 0.0574490 secs] [Times: user=0.37 sys=0.01, real=0.06 secs]
2014-07-28T04:17:28.604+0000: 1092.285: [GC2014-07-28T04:17:28.605+0000: 1092.286: [ParNew: 92158K->10240K(92160K), 0.0544470 secs] 11055491K->10999273K(20961280K), 0.0565290 secs] [Times: user=0.37 sys=0.02, real=0.06 secs]
2014-07-28T04:17:28.840+0000: 1092.521: [GC2014-07-28T04:17:28.841+0000: 1092.522: [ParNew: 92160K->10240K(92160K), 0.0520340 secs] 11081193K->11024964K(20961280K), 0.0541030 secs] [Times: user=0.35 sys=0.00, real=0.06 secs]
2014-07-28T04:17:29.030+0000: 1092.711: [GC2014-07-28T04:17:29.031+0000: 1092.712: [ParNew: 92160K->10240K(92160K), 0.0534490 secs] 11106884K->11051832K(20961280K), 0.0555610 secs] [Times: user=0.35 sys=0.02, real=0.06 secs]
2014-07-28T04:17:29.288+0000: 1092.969: [GC2014-07-28T04:17:29.289+0000: 1092.970: [ParNew: 92160K->10240K(92160K), 0.0500570 secs] 11133752K->11076136K(20961280K), 0.0521250 secs] [Times: user=0.34 sys=0.00, real=0.05 secs]
2014-07-28T04:17:29.766+0000: 1093.447: [GC2014-07-28T04:17:29.767+0000: 1093.449: [ParNew: 92160K->10240K(92160K), 0.0512450 secs] 11158056K->11101207K(20961280K), 0.0533670 secs] [Times: user=0.34 sys=0.01, real=0.05 secs]
2014-07-28T04:17:30.303+0000: 1093.984: [GC2014-07-28T04:17:30.304+0000: 1093.985: [ParNew: 92160K->10240K(92160K), 0.0528730 secs] 11183127K->11126506K(20961280K), 0.0549370 secs] [Times: user=0.37 sys=0.00, real=0.06 secs]
2014-07-28T04:17:30.631+0000: 1094.313: [GC2014-07-28T04:17:30.632+0000: 1094.314: [ParNew: 92160K->10240K(92160K), 0.0513400 secs] 11208426K->11151746K(20961280K), 0.0534100 secs] [Times: user=0.34 sys=0.01, real=0.06 secs]
2014-07-28T04:17:30.992+0000: 1094.673: [GC2014-07-28T04:17:30.993+0000: 1094.674: [ParNew: 92160K->10240K(92160K), 0.0491700 secs] 11233666K->11177265K(20961280K), 0.0512240 secs] [Times: user=0.33 sys=0.00, real=0.06 secs]
2014-07-28T04:17:31.595+0000: 1095.277: [GC2014-07-28T04:17:31.596+0000: 1095.278: [ParNew: 92160K->10240K(92160K), 0.0537320 secs] 11259185K->11202306K(20961280K), 0.0558090 secs] [Times: user=0.37 sys=0.02, real=0.05 secs]
2014-07-28T04:17:32.619+0000: 1096.300: [GC2014-07-28T04:17:32.620+0000: 1096.301: [ParNew: 92160K->10240K(92160K), 0.0543860 secs] 11284226K->11227708K(20961280K), 0.0564400 secs] [Times: user=0.37 sys=0.02, real=0.06 secs]
2014-07-28T04:17:33.027+0000: 1096.708: [GC2014-07-28T04:17:33.028+0000: 1096.710: [ParNew: 92157K->10240K(92160K), 0.0514110 secs] 11309625K->11253463K(20961280K), 0.0536850 secs] [Times: user=0.37 sys=0.00, real=0.06 secs]
2014-07-28T04:17:33.719+0000: 1097.400: [GC2014-07-28T04:17:33.720+0000: 1097.402: [ParNew: 92160K->10240K(92160K), 0.0530440 secs] 11335383K->11278218K(20961280K), 0.0552410 secs] [Times: user=0.34 sys=0.02, real=0.06 secs]
2014-07-28T04:17:34.140+0000: 1097.822: [GC2014-07-28T04:17:34.141+0000: 1097.823: [ParNew: 92160K->10240K(92160K), 0.0495130 secs] 11360138K->11303594K(20961280K), 0.0516760 secs] [Times: user=0.34 sys=0.01, real=0.05 secs]
2014-07-28T04:17:34.746+0000: 1098.427: [GC2014-07-28T04:17:34.747+0000: 1098.428: [ParNew: 92160K->10240K(92160K), 0.0522860 secs] 11385514K->11330708K(20961280K), 0.0544450 secs] [Times: user=0.37 sys=0.00, real=0.05 secs]
2014-07-28T04:17:37.638+0000: 1101.320: [GC2014-07-28T04:17:37.639+0000: 1101.321: [ParNew: 92156K->10240K(92160K), 0.0520730 secs] 11412625K->11354318K(20961280K), 0.0541650 secs] [Times: user=0.36 sys=0.00, real=0.06 secs]
2014-07-28T04:17:38.515+0000: 1102.196: [GC2014-07-28T04:17:38.516+0000: 1102.197: [ParNew: 92160K->10240K(92160K), 0.0476680 secs] 11436238K->11380565K(20961280K), 0.0497430 secs] [Times: user=0.33 sys=0.01, real=0.05 secs]
2014-07-28T04:17:38.696+0000: 1102.377: [GC2014-07-28T04:17:38.697+0000: 1102.378: [ParNew: 92160K->10240K(92160K), 0.0506410 secs] 11462485K->11407436K(20961280K), 0.0527550 secs] [Times: user=0.35 sys=0.00, real=0.05 secs]
2014-07-28T04:17:38.883+0000: 1102.564: [GC2014-07-28T04:17:38.884+0000: 1102.565: [ParNew: 92160K->10240K(92160K), 0.0511870 secs] 11489356K->11430756K(20961280K), 0.0532560 secs] [Times: user=0.36 sys=0.00, real=0.05 secs]
2014-07-28T04:17:39.109+0000: 1102.791: [GC2014-07-28T04:17:39.110+0000: 1102.792: [ParNew: 92160K->10240K(92160K), 0.0519510 secs] 11512676K->11457562K(20961280K), 0.0540610 secs] [Times: user=0.36 sys=0.00, real=0.06 secs]
2014-07-28T04:17:39.293+0000: 1102.974: [GC2014-07-28T04:17:39.294+0000: 1102.975: [ParNew: 92157K->10240K(92160K), 0.0501260 secs] 11539480K->11483281K(20961280K), 0.0522310 secs] [Times: user=0.32 sys=0.02, real=0.06 secs]
2014-07-28T04:17:39.713+0000: 1103.394: [GC2014-07-28T04:17:39.714+0000: 1103.395: [ParNew: 92160K->10240K(92160K), 0.0630550 secs] 11565201K->11509327K(20961280K), 0.0651790 secs] [Times: user=0.38 sys=0.00, real=0.07 secs]
2014-07-28T04:17:40.170+0000: 1103.851: [GC2014-07-28T04:17:40.171+0000: 1103.853: [ParNew: 92160K->10240K(92160K), 0.0538910 secs] 11591247K->11536308K(20961280K), 0.0561500 secs] [Times: user=0.36 sys=0.01, real=0.06 secs]
2014-07-28T04:17:40.560+0000: 1104.241: [GC2014-07-28T04:17:40.561+0000: 1104.242: [ParNew: 92155K->10240K(92160K), 0.0531700 secs] 11618223K->11562436K(20961280K), 0.0553320 secs] [Times: user=0.33 sys=0.02, real=0.06 secs]
2014-07-28T04:17:40.855+0000: 1104.536: [GC2014-07-28T04:17:40.856+0000: 1104.538: [ParNew: 92160K->10240K(92160K), 0.0541110 secs] 11644356K->11587401K(20961280K), 0.0564040 secs] [Times: user=0.36 sys=0.01, real=0.05 secs]
2014-07-28T04:17:41.560+0000: 1105.241: [GC2014-07-28T04:17:41.561+0000: 1105.242: [ParNew: 92160K->10240K(92160K), 0.0527510 secs] 11669321K->11610946K(20961280K), 0.0549450 secs] [Times: user=0.36 sys=0.01, real=0.06 secs]
2014-07-28T04:17:42.640+0000: 1106.322: [GC2014-07-28T04:17:42.642+0000: 1106.323: [ParNew: 92159K->10240K(92160K), 0.0545130 secs] 11692865K->11637532K(20961280K), 0.0566050 secs] [Times: user=0.36 sys=0.01, real=0.06 secs]
2014-07-28T04:17:43.071+0000: 1106.753: [GC2014-07-28T04:17:43.072+0000: 1106.754: [ParNew: 92160K->10240K(92160K), 0.0519950 secs] 11719452K->11661694K(20961280K), 0.0540830 secs] [Times: user=0.34 sys=0.02, real=0.06 secs]
2014-07-28T04:17:43.755+0000: 1107.437: [GC2014-07-28T04:17:43.756+0000: 1107.438: [ParNew: 92158K->10240K(92160K), 0.0570170 secs] 11743612K->11687231K(20961280K), 0.0591640 secs] [Times: user=0.36 sys=0.01, real=0.06 secs]
2014-07-28T04:17:44.168+0000: 1107.849: [GC2014-07-28T04:17:44.169+0000: 1107.850: [ParNew: 92160K->10240K(92160K), 0.0541300 secs] 11769151K->11712860K(20961280K), 0.0562370 secs] [Times: user=0.37 sys=0.01, real=0.06 secs]
2014-07-28T04:17:44.821+0000: 1108.502: [GC2014-07-28T04:17:44.822+0000: 1108.503: [ParNew: 92160K->10240K(92160K), 0.0510500 secs] 11794780K->11739107K(20961280K), 0.0531070 secs] [Times: user=0.36 sys=0.00, real=0.06 secs]
2014-07-28T04:17:47.586+0000: 1111.267: [GC2014-07-28T04:17:47.587+0000: 1111.268: [ParNew: 92152K->10240K(92160K), 0.0579110 secs] 11821019K->11764095K(20961280K), 0.0600410 secs] [Times: user=0.38 sys=0.01, real=0.06 secs]
2014-07-28T04:17:48.399+0000: 1112.080: [GC2014-07-28T04:17:48.400+0000: 1112.081: [ParNew: 92160K->10240K(92160K), 0.0565120 secs] 11846015K->11789157K(20961280K), 0.0586250 secs] [Times: user=0.35 sys=0.02, real=0.06 secs]
2014-07-28T04:17:48.800+0000: 1112.482: [GC2014-07-28T04:17:48.801+0000: 1112.483: [ParNew: 92160K->10240K(92160K), 0.0525400 secs] 11871077K->11817873K(20961280K), 0.0546480 secs] [Times: user=0.35 sys=0.01, real=0.06 secs]
2014-07-28T04:17:48.989+0000: 1112.670: [GC2014-07-28T04:17:48.990+0000: 1112.672: [ParNew: 92160K->10240K(92160K), 0.0564040 secs] 11899793K->11842592K(20961280K), 0.0589490 secs] [Times: user=0.36 sys=0.00, real=0.06 secs]
2014-07-28T04:17:49.189+0000: 1112.871: [GC2014-07-28T04:17:49.190+0000: 1112.872: [ParNew: 92160K->10240K(92160K), 0.0487990 secs] 11924512K->11866500K(20961280K), 0.0508880 secs] [Times: user=0.35 sys=0.00, real=0.06 secs]
2014-07-28T04:17:49.371+0000: 1113.052: [GC2014-07-28T04:17:49.372+0000: 1113.053: [ParNew: 92160K->10240K(92160K), 0.0556800 secs] 11948420K->11895603K(20961280K), 0.0577360 secs] [Times: user=0.36 sys=0.00, real=0.06 secs]
2014-07-28T04:17:49.805+0000: 1113.487: [GC2014-07-28T04:17:49.806+0000: 1113.488: [ParNew: 92158K->10240K(92160K), 0.0495770 secs] 11977521K->11922155K(20961280K), 0.0516620 secs] [Times: user=0.34 sys=0.00, real=0.05 secs]
2014-07-28T04:17:50.258+0000: 1113.939: [GC2014-07-28T04:17:50.259+0000: 1113.940: [ParNew: 92160K->10240K(92160K), 0.0523570 secs] 12004075K->11949071K(20961280K), 0.0544400 secs] [Times: user=0.36 sys=0.00, real=0.05 secs]
2014-07-28T04:17:50.655+0000: 1114.336: [GC2014-07-28T04:17:50.656+0000: 1114.337: [ParNew: 92160K->10240K(92160K), 0.0541990 secs] 12030991K->11975913K(20961280K), 0.0564020 secs] [Times: user=0.35 sys=0.02, real=0.05 secs]
2014-07-28T04:17:50.943+0000: 1114.624: [GC2014-07-28T04:17:50.944+0000: 1114.625: [ParNew: 92160K->10240K(92160K), 0.0499880 secs] 12057833K->12001677K(20961280K), 0.0521220 secs] [Times: user=0.35 sys=0.00, real=0.05 secs]
2014-07-28T04:17:51.633+0000: 1115.315: [GC2014-07-28T04:17:51.634+0000: 1115.316: [ParNew: 92158K->10240K(92160K), 0.0587800 secs] 12083595K->12023746K(20961280K), 0.0608860 secs] [Times: user=0.38 sys=0.01, real=0.07 secs]
2014-07-28T04:17:52.722+0000: 1116.404: [GC2014-07-28T04:17:52.723+0000: 1116.405: [ParNew: 92160K->10240K(92160K), 0.0540770 secs] 12105666K->12051371K(20961280K), 0.0561770 secs] [Times: user=0.35 sys=0.01, real=0.05 secs]
2014-07-28T04:17:53.136+0000: 1116.818: [GC2014-07-28T04:17:53.137+0000: 1116.819: [ParNew: 92160K->10240K(92160K), 0.0493990 secs] 12133291K->12075031K(20961280K), 0.0514490 secs] [Times: user=0.33 sys=0.00, real=0.05 secs]
2014-07-28T04:17:53.832+0000: 1117.514: [GC2014-07-28T04:17:53.833+0000: 1117.515: [ParNew: 92160K->10240K(92160K), 0.0519750 secs] 12156951K->12101208K(20961280K), 0.0541170 secs] [Times: user=0.34 sys=0.01, real=0.06 secs]
2014-07-28T04:17:54.244+0000: 1117.926: [GC2014-07-28T04:17:54.245+0000: 1117.927: [ParNew: 92160K->10240K(92160K), 0.0608250 secs] 12183128K->12127401K(20961280K), 0.0629810 secs] [Times: user=0.38 sys=0.01, real=0.06 secs]
2014-07-28T04:17:54.897+0000: 1118.578: [GC2014-07-28T04:17:54.898+0000: 1118.579: [ParNew: 92160K->10240K(92160K), 0.0543310 secs] 12209321K->12152586K(20961280K), 0.0563820 secs] [Times: user=0.36 sys=0.00, real=0.06 secs]
2014-07-28T04:17:57.665+0000: 1121.346: [GC2014-07-28T04:17:57.666+0000: 1121.347: [ParNew: 92158K->10240K(92160K), 0.0593160 secs] 12234505K->12177966K(20961280K), 0.0615250 secs] [Times: user=0.36 sys=0.01, real=0.06 secs]
2014-07-28T04:17:58.469+0000: 1122.150: [GC2014-07-28T04:17:58.470+0000: 1122.151: [ParNew: 92160K->10240K(92160K), 0.0608500 secs] 12259886K->12204011K(20961280K), 0.0630030 secs] [Times: user=0.36 sys=0.00, real=0.06 secs]
2014-07-28T04:17:58.894+0000: 1122.575: [GC2014-07-28T04:17:58.895+0000: 1122.576: [ParNew: 92160K->10240K(92160K), 0.0610410 secs] 12285931K->12231656K(20961280K), 0.0632020 secs] [Times: user=0.35 sys=0.01, real=0.07 secs]
2014-07-28T04:17:59.108+0000: 1122.789: [GC2014-07-28T04:17:59.109+0000: 1122.791: [ParNew: 92160K->10240K(92160K), 0.0671460 secs] 12313576K->12259275K(20961280K), 0.0693400 secs] [Times: user=0.40 sys=0.00, real=0.07 secs]
2014-07-28T04:17:59.309+0000: 1122.991: [GC2014-07-28T04:17:59.310+0000: 1122.992: [ParNew: 92160K->10240K(92160K), 0.0690080 secs] 12341195K->12286048K(20961280K), 0.0711400 secs] [Times: user=0.37 sys=0.02, real=0.08 secs]
2014-07-28T04:17:59.502+0000: 1123.183: [GC2014-07-28T04:17:59.503+0000: 1123.184: [ParNew: 92160K->10240K(92160K), 0.0786440 secs] 12367968K->12314251K(20961280K), 0.0809380 secs] [Times: user=0.41 sys=0.02, real=0.09 secs]
2014-07-28T04:17:59.917+0000: 1123.599: [GC2014-07-28T04:17:59.918+0000: 1123.600: [ParNew: 92160K->10240K(92160K), 0.0596330 secs] 12396171K->12338134K(20961280K), 0.0618410 secs] [Times: user=0.37 sys=0.01, real=0.06 secs]
2014-07-28T04:18:00.377+0000: 1124.059: [GC2014-07-28T04:18:00.378+0000: 1124.060: [ParNew: 92160K->10240K(92160K), 0.0710610 secs] 12420054K->12364818K(20961280K), 0.0734200 secs] [Times: user=0.45 sys=0.01, real=0.07 secs]
2014-07-28T04:18:00.775+0000: 1124.456: [GC2014-07-28T04:18:00.776+0000: 1124.457: [ParNew: 92160K->10240K(92160K), 0.0714260 secs] 12446738K->12391125K(20961280K), 0.0735120 secs] [Times: user=0.33 sys=0.02, real=0.07 secs]
2014-07-28T04:18:01.056+0000: 1124.738: [GC2014-07-28T04:18:01.057+0000: 1124.739: [ParNew: 92160K->10240K(92160K), 0.0763320 secs] 12473045K->12417931K(20961280K), 0.0785610 secs] [Times: user=0.39 sys=0.00, real=0.08 secs]
2014-07-28T04:18:01.715+0000: 1125.396: [GC2014-07-28T04:18:01.716+0000: 1125.397: [ParNew: 92159K->10240K(92160K), 0.0632030 secs] 12499850K->12440713K(20961280K), 0.0653560 secs] [Times: user=0.35 sys=0.00, real=0.06 secs]
2014-07-28T04:18:02.838+0000: 1126.519: [GC2014-07-28T04:18:02.839+0000: 1126.520: [ParNew: 92154K->10240K(92160K), 0.0526020 secs] 12522627K->12467132K(20961280K), 0.0546910 secs] [Times: user=0.36 sys=0.01, real=0.06 secs]
2014-07-28T04:18:03.168+0000: 1126.849: [GC2014-07-28T04:18:03.169+0000: 1126.850: [ParNew: 92160K->10240K(92160K), 0.0504430 secs] 12549052K->12491506K(20961280K), 0.0525490 secs] [Times: user=0.36 sys=0.00, real=0.06 secs]
2014-07-28T04:18:03.910+0000: 1127.592: [GC2014-07-28T04:18:03.911+0000: 1127.593: [ParNew: 92160K->10240K(92160K), 0.0452270 secs] 12573426K->12517508K(20961280K), 0.0473380 secs] [Times: user=0.30 sys=0.01, real=0.04 secs]
2014-07-28T04:18:04.333+0000: 1128.014: [GC2014-07-28T04:18:04.334+0000: 1128.015: [ParNew: 92160K->10240K(92160K), 0.0499860 secs] 12599428K->12543400K(20961280K), 0.0520740 secs] [Times: user=0.35 sys=0.01, real=0.05 secs]
2014-07-28T04:18:04.990+0000: 1128.672: [GC2014-07-28T04:18:04.991+0000: 1128.673: [ParNew: 92012K->10240K(92160K), 0.0449540 secs] 12625173K->12568244K(20961280K), 0.0470040 secs] [Times: user=0.31 sys=0.01, real=0.04 secs]
2014-07-28T04:18:07.745+0000: 1131.427: [GC2014-07-28T04:18:07.746+0000: 1131.428: [ParNew: 92160K->10240K(92160K), 0.0513830 secs] 12650164K->12593571K(20961280K), 0.0534580 secs] [Times: user=0.36 sys=0.01, real=0.05 secs]
2014-07-28T04:18:08.587+0000: 1132.268: [GC2014-07-28T04:18:08.588+0000: 1132.269: [ParNew: 92160K->10240K(92160K), 0.0499820 secs] 12675491K->12618930K(20961280K), 0.0520270 secs] [Times: user=0.35 sys=0.01, real=0.05 secs]
2014-07-28T04:18:09.001+0000: 1132.682: [GC2014-07-28T04:18:09.002+0000: 1132.683: [ParNew: 92146K->10240K(92160K), 0.0508600 secs] 12700837K->12646244K(20961280K), 0.0529040 secs] [Times: user=0.34 sys=0.02, real=0.06 secs]
2014-07-28T04:18:09.240+0000: 1132.921: [GC2014-07-28T04:18:09.241+0000: 1132.922: [ParNew: 92160K->10240K(92160K), 0.0511600 secs] 12728164K->12673367K(20961280K), 0.0533120 secs] [Times: user=0.33 sys=0.02, real=0.06 secs]
2014-07-28T04:18:09.437+0000: 1133.118: [GC2014-07-28T04:18:09.438+0000: 1133.119: [ParNew: 92160K->10240K(92160K), 0.0539790 secs] 12755287K->12701268K(20961280K), 0.0561410 secs] [Times: user=0.36 sys=0.02, real=0.06 secs]
2014-07-28T04:18:09.636+0000: 1133.317: [GC2014-07-28T04:18:09.637+0000: 1133.318: [ParNew: 92156K->10240K(92160K), 0.0561560 secs] 12783184K->12727607K(20961280K), 0.0582370 secs] [Times: user=0.35 sys=0.02, real=0.06 secs]
2014-07-28T04:18:10.011+0000: 1133.692: [GC2014-07-28T04:18:10.012+0000: 1133.693: [ParNew: 92160K->10240K(92160K), 0.0535430 secs] 12809527K->12752359K(20961280K), 0.0556690 secs] [Times: user=0.38 sys=0.01, real=0.05 secs]
2014-07-28T04:18:10.482+0000: 1134.163: [GC2014-07-28T04:18:10.496+0000: 1134.177: [ParNew: 92160K->10240K(92160K), 0.0561440 secs] 12834279K->12779352K(20961280K), 0.0716300 secs] [Times: user=0.38 sys=0.01, real=0.08 secs]
2014-07-28T04:18:10.893+0000: 1134.574: [GC2014-07-28T04:18:10.894+0000: 1134.575: [ParNew: 92146K->10240K(92160K), 0.0514830 secs] 12861259K->12805810K(20961280K), 0.0535810 secs] [Times: user=0.36 sys=0.01, real=0.05 secs]
2014-07-28T04:18:11.171+0000: 1134.852: [GC2014-07-28T04:18:11.172+0000: 1134.853: [ParNew: 92160K->10240K(92160K), 0.0511800 secs] 12887730K->12831769K(20961280K), 0.0532520 secs] [Times: user=0.33 sys=0.03, real=0.05 secs]
2014-07-28T04:18:11.668+0000: 1135.349: [GC2014-07-28T04:18:11.669+0000: 1135.350: [ParNew: 92155K->10240K(92160K), 0.0514250 secs] 12913684K->12855881K(20961280K), 0.0535390 secs] [Times: user=0.35 sys=0.01, real=0.06 secs]
2014-07-28T04:18:12.915+0000: 1136.596: [GC2014-07-28T04:18:12.916+0000: 1136.598: [ParNew: 92160K->10240K(92160K), 0.0514110 secs] 12937801K->12882071K(20961280K), 0.0534930 secs] [Times: user=0.36 sys=0.01, real=0.06 secs]
2014-07-28T04:18:13.205+0000: 1136.887: [GC2014-07-28T04:18:13.206+0000: 1136.888: [ParNew: 92160K->10240K(92160K), 0.0487250 secs] 12963991K->12907367K(20961280K), 0.0508080 secs] [Times: user=0.34 sys=0.00, real=0.05 secs]
2014-07-28T04:18:13.904+0000: 1137.585: [GC2014-07-28T04:18:13.905+0000: 1137.586: [ParNew: 92160K->10240K(92160K), 0.0513770 secs] 12989287K->12932146K(20961280K), 0.0534570 secs] [Times: user=0.35 sys=0.02, real=0.05 secs]
2014-07-28T04:18:14.404+0000: 1138.086: [GC2014-07-28T04:18:14.405+0000: 1138.087: [ParNew: 92155K->10240K(92160K), 0.0491530 secs] 13014062K->12957390K(20961280K), 0.0512000 secs] [Times: user=0.34 sys=0.00, real=0.05 secs]
2014-07-28T04:18:14.932+0000: 1138.613: [GC2014-07-28T04:18:14.933+0000: 1138.614: [ParNew: 92160K->10240K(92160K), 0.0461780 secs] 13039310K->12983161K(20961280K), 0.0482420 secs] [Times: user=0.31 sys=0.01, real=0.04 secs]
2014-07-28T04:18:17.687+0000: 1141.368: [GC2014-07-28T04:18:17.688+0000: 1141.369: [ParNew: 92158K->10240K(92160K), 0.0496920 secs] 13065080K->13008315K(20961280K), 0.0518490 secs] [Times: user=0.32 sys=0.02, real=0.05 secs]
2014-07-28T04:18:18.546+0000: 1142.227: [GC2014-07-28T04:18:18.547+0000: 1142.228: [ParNew: 92159K->10240K(92160K), 0.0510670 secs] 13090234K->13033583K(20961280K), 0.0531380 secs] [Times: user=0.35 sys=0.01, real=0.05 secs]
2014-07-28T04:18:19.093+0000: 1142.775: [GC2014-07-28T04:18:19.095+0000: 1142.776: [ParNew: 92149K->10240K(92160K), 0.0556920 secs] 13115492K->13060170K(20961280K), 0.0581450 secs] [Times: user=0.34 sys=0.00, real=0.06 secs]
2014-07-28T04:18:19.338+0000: 1143.019: [GC2014-07-28T04:18:19.339+0000: 1143.020: [ParNew: 92160K->10240K(92160K), 0.0540050 secs] 13142090K->13087295K(20961280K), 0.0561070 secs] [Times: user=0.38 sys=0.01, real=0.06 secs]
2014-07-28T04:18:19.551+0000: 1143.232: [GC2014-07-28T04:18:19.552+0000: 1143.234: [ParNew: 92160K->10240K(92160K), 0.0532350 secs] 13169215K->13116292K(20961280K), 0.0553790 secs] [Times: user=0.36 sys=0.03, real=0.05 secs]
2014-07-28T04:18:19.741+0000: 1143.422: [GC2014-07-28T04:18:19.742+0000: 1143.424: [ParNew: 92160K->10240K(92160K), 0.0497490 secs] 13198212K->13142476K(20961280K), 0.0519060 secs] [Times: user=0.35 sys=0.01, real=0.06 secs]
2014-07-28T04:18:20.097+0000: 1143.779: [GC2014-07-28T04:18:20.098+0000: 1143.780: [ParNew: 92160K->10240K(92160K), 0.0506450 secs] 13224396K->13164557K(20961280K), 0.0527510 secs] [Times: user=0.34 sys=0.01, real=0.06 secs]
2014-07-28T04:18:20.590+0000: 1144.271: [GC2014-07-28T04:18:20.591+0000: 1144.273: [ParNew: 92160K->10240K(92160K), 0.0511360 secs] 13246477K->13191188K(20961280K), 0.0532670 secs] [Times: user=0.35 sys=0.01, real=0.05 secs]
2014-07-28T04:18:20.981+0000: 1144.663: [GC2014-07-28T04:18:20.982+0000: 1144.664: [ParNew: 92160K->10240K(92160K), 0.0507490 secs] 13273108K->13218103K(20961280K), 0.0528700 secs] [Times: user=0.36 sys=0.01, real=0.06 secs]
2014-07-28T04:18:21.252+0000: 1144.933: [GC2014-07-28T04:18:21.253+0000: 1144.934: [ParNew: 92160K->10240K(92160K), 0.0515340 secs] 13300023K->13244313K(20961280K), 0.0536100 secs] [Times: user=0.35 sys=0.01, real=0.05 secs]
2014-07-28T04:18:21.740+0000: 1145.421: [GC2014-07-28T04:18:21.741+0000: 1145.422: [ParNew: 92158K->10240K(92160K), 0.0721700 secs] 13326231K->13268238K(20961280K), 0.0743150 secs] [Times: user=0.40 sys=0.02, real=0.08 secs]
2014-07-28T04:18:22.993+0000: 1146.674: [GC2014-07-28T04:18:22.994+0000: 1146.675: [ParNew: 92160K->10240K(92160K), 0.0526970 secs] 13350158K->13293732K(20961280K), 0.0547350 secs] [Times: user=0.34 sys=0.01, real=0.05 secs]
2014-07-28T04:18:23.275+0000: 1146.957: [GC2014-07-28T04:18:23.276+0000: 1146.958: [ParNew: 92160K->10240K(92160K), 0.0565490 secs] 13375652K->13319930K(20961280K), 0.0586280 secs] [Times: user=0.36 sys=0.02, real=0.06 secs]
2014-07-28T04:18:23.941+0000: 1147.622: [GC2014-07-28T04:18:23.942+0000: 1147.623: [ParNew: 92160K->10240K(92160K), 0.0670480 secs] 13401850K->13344849K(20961280K), 0.0690760 secs] [Times: user=0.41 sys=0.01, real=0.08 secs]
2014-07-28T04:18:24.371+0000: 1148.052: [GC2014-07-28T04:18:24.372+0000: 1148.053: [ParNew: 92160K->10240K(92160K), 0.0604290 secs] 13426769K->13370173K(20961280K), 0.0625340 secs] [Times: user=0.38 sys=0.01, real=0.06 secs]
2014-07-28T04:18:25.000+0000: 1148.681: [GC2014-07-28T04:18:25.001+0000: 1148.682: [ParNew: 92160K->10240K(92160K), 0.0526150 secs] 13452093K->13396398K(20961280K), 0.0547390 secs] [Times: user=0.35 sys=0.02, real=0.06 secs]
2014-07-28T04:18:27.756+0000: 1151.437: [GC2014-07-28T04:18:27.757+0000: 1151.438: [ParNew: 92154K->10240K(92160K), 0.0503870 secs] 13478312K->13421159K(20961280K), 0.0524250 secs] [Times: user=0.35 sys=0.00, real=0.06 secs]
2014-07-28T04:18:28.617+0000: 1152.298: [GC2014-07-28T04:18:28.618+0000: 1152.299: [ParNew: 92160K->10240K(92160K), 0.0476690 secs] 13503079K->13447272K(20961280K), 0.0497480 secs] [Times: user=0.32 sys=0.01, real=0.05 secs]
2014-07-28T04:18:29.192+0000: 1152.873: [GC2014-07-28T04:18:29.193+0000: 1152.874: [ParNew: 92160K->10240K(92160K), 0.0518470 secs] 13529192K->13473892K(20961280K), 0.0538890 secs] [Times: user=0.36 sys=0.01, real=0.05 secs]
2014-07-28T04:18:29.464+0000: 1153.145: [GC2014-07-28T04:18:29.465+0000: 1153.146: [ParNew: 92160K->10240K(92160K), 0.0497750 secs] 13555812K->13499932K(20961280K), 0.0518330 secs] [Times: user=0.32 sys=0.02, real=0.05 secs]
2014-07-28T04:18:29.684+0000: 1153.366: [GC2014-07-28T04:18:29.685+0000: 1153.367: [ParNew: 92160K->10240K(92160K), 0.0491730 secs] 13581852K->13526502K(20961280K), 0.0512920 secs] [Times: user=0.35 sys=0.00, real=0.05 secs]
2014-07-28T04:18:29.862+0000: 1153.543: [GC2014-07-28T04:18:29.863+0000: 1153.544: [ParNew: 92160K->10240K(92160K), 0.0509000 secs] 13608422K->13552747K(20961280K), 0.0530600 secs] [Times: user=0.34 sys=0.02, real=0.05 secs]
2014-07-28T04:18:30.173+0000: 1153.855: [GC2014-07-28T04:18:30.174+0000: 1153.856: [ParNew: 92160K->10240K(92160K), 0.0523260 secs] 13634667K->13577350K(20961280K), 0.0544280 secs] [Times: user=0.37 sys=0.02, real=0.05 secs]
2014-07-28T04:18:30.677+0000: 1154.358: [GC2014-07-28T04:18:30.678+0000: 1154.359: [ParNew: 92148K->10240K(92160K), 0.0522220 secs] 13659258K->13603445K(20961280K), 0.0542750 secs] [Times: user=0.35 sys=0.00, real=0.06 secs]
2014-07-28T04:18:31.090+0000: 1154.772: [GC2014-07-28T04:18:31.091+0000: 1154.773: [ParNew: 92160K->10240K(92160K), 0.0496170 secs] 13685365K->13629685K(20961280K), 0.0516640 secs] [Times: user=0.33 sys=0.01, real=0.05 secs]
2014-07-28T04:18:31.364+0000: 1155.046: [GC2014-07-28T04:18:31.365+0000: 1155.047: [ParNew: 92160K->10240K(92160K), 0.0511000 secs] 13711605K->13655220K(20961280K), 0.0532570 secs] [Times: user=0.36 sys=0.00, real=0.05 secs]
2014-07-28T04:18:31.704+0000: 1155.385: [GC2014-07-28T04:18:31.705+0000: 1155.386: [ParNew: 92159K->10240K(92160K), 0.0494400 secs] 13737140K->13680212K(20961280K), 0.0514880 secs] [Times: user=0.33 sys=0.02, real=0.05 secs]
2014-07-28T04:18:32.872+0000: 1156.554: [GC2014-07-28T04:18:32.873+0000: 1156.555: [ParNew: 92160K->10240K(92160K), 0.0510900 secs] 13762132K->13705813K(20961280K), 0.0531330 secs] [Times: user=0.37 sys=0.00, real=0.05 secs]
2014-07-28T04:18:33.301+0000: 1156.982: [GC2014-07-28T04:18:33.302+0000: 1156.983: [ParNew: 92156K->10240K(92160K), 0.0486570 secs] 13787730K->13730651K(20961280K), 0.0506920 secs] [Times: user=0.34 sys=0.01, real=0.06 secs]
2014-07-28T04:18:33.973+0000: 1157.654: [GC2014-07-28T04:18:33.974+0000: 1157.655: [ParNew: 92160K->10240K(92160K), 0.0492440 secs] 13812571K->13756898K(20961280K), 0.0513570 secs] [Times: user=0.35 sys=0.00, real=0.05 secs]
2014-07-28T04:18:34.403+0000: 1158.084: [GC2014-07-28T04:18:34.404+0000: 1158.085: [ParNew: 92159K->10240K(92160K), 0.0497770 secs] 13838817K->13782611K(20961280K), 0.0519790 secs] [Times: user=0.34 sys=0.01, real=0.05 secs]
2014-07-28T04:18:35.008+0000: 1158.690: [GC2014-07-28T04:18:35.009+0000: 1158.691: [ParNew: 92158K->10240K(92160K), 0.0503730 secs] 13864529K->13808170K(20961280K), 0.0524310 secs] [Times: user=0.35 sys=0.01, real=0.06 secs]
2014-07-28T04:18:37.675+0000: 1161.356: [GC2014-07-28T04:18:37.676+0000: 1161.357: [ParNew: 92159K->10240K(92160K), 0.0605160 secs] 13890090K->13832593K(20961280K), 0.0626030 secs] [Times: user=0.38 sys=0.01, real=0.07 secs]
2014-07-28T04:18:38.623+0000: 1162.305: [GC2014-07-28T04:18:38.624+0000: 1162.306: [ParNew: 92160K->10240K(92160K), 0.0610550 secs] 13914513K->13858729K(20961280K), 0.0631970 secs] [Times: user=0.37 sys=0.02, real=0.06 secs]
2014-07-28T04:18:39.000+0000: 1162.681: [GC2014-07-28T04:18:39.001+0000: 1162.682: [ParNew: 92160K->10240K(92160K), 0.0664290 secs] 13940649K->13883577K(20961280K), 0.0685010 secs] [Times: user=0.36 sys=0.01, real=0.07 secs]
2014-07-28T04:18:39.464+0000: 1163.145: [GC2014-07-28T04:18:39.465+0000: 1163.147: [ParNew: 92154K->10240K(92160K), 0.0601130 secs] 13965492K->13909149K(20961280K), 0.0622900 secs] [Times: user=0.37 sys=0.00, real=0.06 secs]
2014-07-28T04:18:39.733+0000: 1163.414: [GC2014-07-28T04:18:39.734+0000: 1163.415: [ParNew: 92160K->10240K(92160K), 0.0684590 secs] 13991069K->13934229K(20961280K), 0.0705940 secs] [Times: user=0.45 sys=0.01, real=0.07 secs]
2014-07-28T04:18:39.957+0000: 1163.639: [GC2014-07-28T04:18:39.958+0000: 1163.640: [ParNew: 92146K->10240K(92160K), 0.0661760 secs] 14016136K->13960412K(20961280K), 0.0684300 secs] [Times: user=0.38 sys=0.01, real=0.07 secs]
2014-07-28T04:18:40.200+0000: 1163.881: [GC2014-07-28T04:18:40.293+0000: 1163.974: [ParNew: 92155K->10240K(92160K), 0.0703690 secs] 14042328K->13986618K(20961280K), 0.1644690 secs] [Times: user=0.41 sys=0.00, real=0.16 secs]
2014-07-28T04:18:40.564+0000: 1164.245: [GC2014-07-28T04:18:40.565+0000: 1164.246: [ParNew: 92155K->10240K(92160K), 0.0595300 secs] 14068534K->14011345K(20961280K), 0.0615520 secs] [Times: user=0.38 sys=0.00, real=0.06 secs]
2014-07-28T04:18:41.100+0000: 1164.782: [GC2014-07-28T04:18:41.101+0000: 1164.783: [ParNew: 92160K->10240K(92160K), 0.0695740 secs] 14093265K->14036653K(20961280K), 0.0718590 secs] [Times: user=0.38 sys=0.01, real=0.07 secs]
2014-07-28T04:18:41.331+0000: 1165.012: [GC2014-07-28T04:18:41.332+0000: 1165.013: [ParNew: 92160K->10240K(92160K), 0.0745190 secs] 14118573K->14064006K(20961280K), 0.0768490 secs] [Times: user=0.41 sys=0.01, real=0.07 secs]
2014-07-28T04:18:41.606+0000: 1165.287: [GC2014-07-28T04:18:41.607+0000: 1165.288: [ParNew: 92160K->10240K(92160K), 0.0615580 secs] 14145926K->14088348K(20961280K), 0.0636510 secs] [Times: user=0.34 sys=0.01, real=0.07 secs]
2014-07-28T04:18:42.885+0000: 1166.566: [GC2014-07-28T04:18:42.886+0000: 1166.567: [ParNew: 92154K->10240K(92160K), 0.0680850 secs] 14170263K->14115481K(20961280K), 0.0701460 secs] [Times: user=0.42 sys=0.04, real=0.07 secs]
2014-07-28T04:18:43.310+0000: 1166.992: [GC2014-07-28T04:18:43.311+0000: 1166.993: [ParNew: 92160K->10240K(92160K), 0.0741530 secs] 14197401K->14142311K(20961280K), 0.0762550 secs] [Times: user=0.42 sys=0.01, real=0.07 secs]
2014-07-28T04:18:44.019+0000: 1167.700: [GC2014-07-28T04:18:44.020+0000: 1167.701: [ParNew: 92160K->10240K(92160K), 0.0594740 secs] 14224231K->14165218K(20961280K), 0.0615780 secs] [Times: user=0.41 sys=0.00, real=0.06 secs]
2014-07-28T04:18:44.455+0000: 1168.137: [GC2014-07-28T04:18:44.456+0000: 1168.138: [ParNew: 92160K->10240K(92160K), 0.0603820 secs] 14247138K->14190256K(20961280K), 0.0624450 secs] [Times: user=0.39 sys=0.01, real=0.07 secs]
2014-07-28T04:18:45.063+0000: 1168.745: [GC2014-07-28T04:18:45.064+0000: 1168.746: [ParNew: 92160K->10240K(92160K), 0.0589980 secs] 14272176K->14215477K(20961280K), 0.0611160 secs] [Times: user=0.36 sys=0.01, real=0.06 secs]
2014-07-28T04:18:46.616+0000: 1170.297: [GC2014-07-28T04:18:46.617+0000: 1170.298: [ParNew: 92160K->10240K(92160K), 0.0781630 secs] 14297397K->14240662K(20961280K), 0.0802310 secs] [Times: user=0.42 sys=0.01, real=0.08 secs]
2014-07-28T04:18:48.698+0000: 1172.379: [GC2014-07-28T04:18:48.699+0000: 1172.380: [ParNew: 92160K->10240K(92160K), 0.0501930 secs] 14322582K->14265773K(20961280K), 0.0522680 secs] [Times: user=0.34 sys=0.01, real=0.05 secs]
2014-07-28T04:18:49.041+0000: 1172.723: [GC2014-07-28T04:18:49.042+0000: 1172.724: [ParNew: 92157K->10240K(92160K), 0.0510980 secs] 14347690K->14291115K(20961280K), 0.0531990 secs] [Times: user=0.34 sys=0.02, real=0.05 secs]
2014-07-28T04:18:49.504+0000: 1173.185: [GC2014-07-28T04:18:49.505+0000: 1173.186: [ParNew: 92160K->10240K(92160K), 0.0511650 secs] 14373035K->14317446K(20961280K), 0.0532410 secs] [Times: user=0.35 sys=0.01, real=0.06 secs]
2014-07-28T04:18:49.778+0000: 1173.459: [GC2014-07-28T04:18:49.779+0000: 1173.460: [ParNew: 92160K->10240K(92160K), 0.0477500 secs] 14399366K->14341678K(20961280K), 0.0498370 secs] [Times: user=0.34 sys=0.01, real=0.05 secs]
2014-07-28T04:18:50.002+0000: 1173.683: [GC2014-07-28T04:18:50.003+0000: 1173.684: [ParNew: 92160K->10240K(92160K), 0.0499560 secs] 14423598K->14367121K(20961280K), 0.0520480 secs] [Times: user=0.35 sys=0.00, real=0.05 secs]
2014-07-28T04:18:50.396+0000: 1174.078: [GC2014-07-28T04:18:50.397+0000: 1174.079: [ParNew: 92160K->10240K(92160K), 0.0520420 secs] 14449041K->14393737K(20961280K), 0.0541660 secs] [Times: user=0.36 sys=0.00, real=0.06 secs]
2014-07-28T04:18:50.644+0000: 1174.326: [GC2014-07-28T04:18:50.645+0000: 1174.327: [ParNew: 92160K->10240K(92160K), 0.0489830 secs] 14475657K->14418368K(20961280K), 0.0510280 secs] [Times: user=0.35 sys=0.00, real=0.05 secs]
2014-07-28T04:18:51.216+0000: 1174.897: [GC2014-07-28T04:18:51.217+0000: 1174.898: [ParNew: 92157K->10240K(92160K), 0.0502320 secs] 14500285K->14444202K(20961280K), 0.0522860 secs] [Times: user=0.34 sys=0.01, real=0.06 secs]
2014-07-28T04:18:51.432+0000: 1175.113: [GC2014-07-28T04:18:51.433+0000: 1175.114: [ParNew: 92160K->10240K(92160K), 0.0497490 secs] 14526122K->14472142K(20961280K), 0.0518170 secs] [Times: user=0.35 sys=0.00, real=0.05 secs]
2014-07-28T04:18:51.685+0000: 1175.367: [GC2014-07-28T04:18:51.686+0000: 1175.368: [ParNew: 92160K->10240K(92160K), 0.0462100 secs] 14554062K->14496271K(20961280K), 0.0483020 secs] [Times: user=0.31 sys=0.01, real=0.05 secs]
2014-07-28T04:18:52.980+0000: 1176.661: [GC2014-07-28T04:18:52.981+0000: 1176.662: [ParNew: 92160K->10240K(92160K), 0.0541290 secs] 14578191K->14523889K(20961280K), 0.0561850 secs] [Times: user=0.39 sys=0.00, real=0.05 secs]
2014-07-28T04:18:53.415+0000: 1177.097: [GC2014-07-28T04:18:53.416+0000: 1177.098: [ParNew: 92160K->10240K(92160K), 0.0483730 secs] 14605809K->14550985K(20961280K), 0.0504230 secs] [Times: user=0.34 sys=0.00, real=0.05 secs]
2014-07-28T04:18:54.074+0000: 1177.756: [GC2014-07-28T04:18:54.075+0000: 1177.757: [ParNew: 92160K->10240K(92160K), 0.0471000 secs] 14632905K->14573535K(20961280K), 0.0491530 secs] [Times: user=0.32 sys=0.02, real=0.05 secs]
2014-07-28T04:18:54.487+0000: 1178.168: [GC2014-07-28T04:18:54.488+0000: 1178.169: [ParNew: 92153K->10240K(92160K), 0.0505470 secs] 14655448K->14599164K(20961280K), 0.0525890 secs] [Times: user=0.35 sys=0.01, real=0.06 secs]
2014-07-28T04:18:55.124+0000: 1178.806: [GC2014-07-28T04:18:55.125+0000: 1178.807: [ParNew: 92160K->10240K(92160K), 0.0478700 secs] 14681084K->14623845K(20961280K), 0.0499580 secs] [Times: user=0.33 sys=0.01, real=0.05 secs]
2014-07-28T04:18:56.373+0000: 1180.054: [GC2014-07-28T04:18:56.374+0000: 1180.055: [ParNew: 92155K->10240K(92160K), 0.0501760 secs] 14705761K->14649262K(20961280K), 0.0522330 secs] [Times: user=0.34 sys=0.01, real=0.05 secs]
2014-07-28T04:18:58.714+0000: 1182.395: [GC2014-07-28T04:18:58.715+0000: 1182.396: [ParNew: 92160K->10240K(92160K), 0.0482610 secs] 14731182K->14674915K(20961280K), 0.0503900 secs] [Times: user=0.34 sys=0.00, real=0.05 secs]
2014-07-28T04:18:59.112+0000: 1182.794: [GC2014-07-28T04:18:59.113+0000: 1182.795: [ParNew: 92160K->10240K(92160K), 0.0504860 secs] 14756835K->14701215K(20961280K), 0.0525660 secs] [Times: user=0.36 sys=0.00, real=0.05 secs]
2014-07-28T04:18:59.580+0000: 1183.261: [GC2014-07-28T04:18:59.581+0000: 1183.262: [ParNew: 92160K->10240K(92160K), 0.0525920 secs] 14783135K->14728563K(20961280K), 0.0546610 secs] [Times: user=0.36 sys=0.00, real=0.05 secs]
2014-07-28T04:18:59.841+0000: 1183.523: [GC2014-07-28T04:18:59.842+0000: 1183.524: [ParNew: 92160K->10240K(92160K), 0.0502120 secs] 14810483K->14753003K(20961280K), 0.0523310 secs] [Times: user=0.34 sys=0.01, real=0.05 secs]
2014-07-28T04:19:00.070+0000: 1183.751: [GC2014-07-28T04:19:00.071+0000: 1183.752: [ParNew: 92160K->10240K(92160K), 0.0512980 secs] 14834923K->14778510K(20961280K), 0.0534030 secs] [Times: user=0.36 sys=0.00, real=0.06 secs]
2014-07-28T04:19:00.487+0000: 1184.169: [GC2014-07-28T04:19:00.488+0000: 1184.170: [ParNew: 92159K->10240K(92160K), 0.0523660 secs] 14860430K->14804182K(20961280K), 0.0544360 secs] [Times: user=0.35 sys=0.02, real=0.06 secs]
2014-07-28T04:19:00.678+0000: 1184.359: [GC2014-07-28T04:19:00.679+0000: 1184.360: [ParNew: 92160K->10240K(92160K), 0.0511210 secs] 14886102K->14829593K(20961280K), 0.0532590 secs] [Times: user=0.34 sys=0.02, real=0.06 secs]
2014-07-28T04:19:01.285+0000: 1184.966: [GC2014-07-28T04:19:01.286+0000: 1184.967: [ParNew: 92149K->10240K(92160K), 0.0501700 secs] 14911503K->14854600K(20961280K), 0.0523050 secs] [Times: user=0.34 sys=0.01, real=0.06 secs]
2014-07-28T04:19:01.540+0000: 1185.222: [GC2014-07-28T04:19:01.541+0000: 1185.223: [ParNew: 92146K->10240K(92160K), 0.0498660 secs] 14936506K->14881173K(20961280K), 0.0520580 secs] [Times: user=0.35 sys=0.00, real=0.05 secs]
2014-07-28T04:19:01.748+0000: 1185.430: [GC2014-07-28T04:19:01.749+0000: 1185.431: [ParNew: 92159K->10240K(92160K), 0.0494630 secs] 14963092K->14905648K(20961280K), 0.0515120 secs] [Times: user=0.34 sys=0.00, real=0.06 secs]
2014-07-28T04:19:03.096+0000: 1186.778: [GC2014-07-28T04:19:03.098+0000: 1186.779: [ParNew: 92160K->10240K(92160K), 0.0495050 secs] 14987568K->14932104K(20961280K), 0.0516540 secs] [Times: user=0.34 sys=0.01, real=0.05 secs]
2014-07-28T04:19:03.529+0000: 1187.210: [GC2014-07-28T04:19:03.530+0000: 1187.211: [ParNew: 92160K->10240K(92160K), 0.0496140 secs] 15014024K->14958225K(20961280K), 0.0516740 secs] [Times: user=0.33 sys=0.01, real=0.06 secs]
2014-07-28T04:19:04.111+0000: 1187.793: [GC2014-07-28T04:19:04.112+0000: 1187.794: [ParNew: 92156K->10240K(92160K), 0.0441380 secs] 15040142K->14983106K(20961280K), 0.0462790 secs] [Times: user=0.30 sys=0.01, real=0.05 secs]
2014-07-28T04:19:04.557+0000: 1188.238: [GC2014-07-28T04:19:04.558+0000: 1188.239: [ParNew: 92160K->10240K(92160K), 0.0447110 secs] 15065026K->15008883K(20961280K), 0.0468090 secs] [Times: user=0.30 sys=0.01, real=0.05 secs]
2014-07-28T04:19:05.153+0000: 1188.834: [GC2014-07-28T04:19:05.154+0000: 1188.835: [ParNew: 92160K->10240K(92160K), 0.0492510 secs] 15090803K->15034007K(20961280K), 0.0513100 secs] [Times: user=0.33 sys=0.02, real=0.05 secs]
2014-07-28T04:19:06.439+0000: 1190.121: [GC2014-07-28T04:19:06.440+0000: 1190.122: [ParNew: 92160K->10240K(92160K), 0.0514310 secs] 15115927K->15059236K(20961280K), 0.0535090 secs] [Times: user=0.36 sys=0.01, real=0.05 secs]
2014-07-28T04:19:08.784+0000: 1192.466: [GC2014-07-28T04:19:08.785+0000: 1192.467: [ParNew: 92160K->10240K(92160K), 0.0485200 secs] 15141156K->15085818K(20961280K), 0.0505980 secs] [Times: user=0.33 sys=0.01, real=0.05 secs]
2014-07-28T04:19:09.219+0000: 1192.901: [GC2014-07-28T04:19:09.220+0000: 1192.902: [ParNew: 92159K->10240K(92160K), 0.0488300 secs] 15167738K->15110977K(20961280K), 0.0509010 secs] [Times: user=0.35 sys=0.00, real=0.05 secs]
2014-07-28T04:19:09.694+0000: 1193.375: [GC2014-07-28T04:19:09.695+0000: 1193.376: [ParNew: 92151K->10240K(92160K), 0.0520800 secs] 15192889K->15137485K(20961280K), 0.0541860 secs] [Times: user=0.36 sys=0.00, real=0.06 secs]
2014-07-28T04:19:09.887+0000: 1193.568: [GC2014-07-28T04:19:09.888+0000: 1193.569: [ParNew: 92160K->10240K(92160K), 0.0481590 secs] 15219405K->15161866K(20961280K), 0.0501920 secs] [Times: user=0.33 sys=0.01, real=0.05 secs]
2014-07-28T04:19:10.139+0000: 1193.821: [GC2014-07-28T04:19:10.140+0000: 1193.822: [ParNew: 92144K->10240K(92160K), 0.0489650 secs] 15243771K->15186985K(20961280K), 0.0510330 secs] [Times: user=0.33 sys=0.02, real=0.05 secs]
2014-07-28T04:19:10.566+0000: 1194.248: [GC2014-07-28T04:19:10.567+0000: 1194.249: [ParNew: 92150K->10240K(92160K), 0.0513480 secs] 15268895K->15212001K(20961280K), 0.0533950 secs] [Times: user=0.35 sys=0.02, real=0.05 secs]
2014-07-28T04:19:10.752+0000: 1194.433: [GC2014-07-28T04:19:10.753+0000: 1194.434: [ParNew: 92160K->10240K(92160K), 0.0493340 secs] 15293921K->15238573K(20961280K), 0.0513740 secs] [Times: user=0.34 sys=0.00, real=0.05 secs]
2014-07-28T04:19:11.136+0000: 1194.817: [GC2014-07-28T04:19:11.137+0000: 1194.818: [ParNew: 92152K->10240K(92160K), 0.0482140 secs] 15320486K->15262770K(20961280K), 0.0502690 secs] [Times: user=0.33 sys=0.01, real=0.06 secs]
2014-07-28T04:19:11.616+0000: 1195.298: [GC2014-07-28T04:19:11.617+0000: 1195.299: [ParNew: 92160K->10240K(92160K), 0.0473830 secs] 15344690K->15288981K(20961280K), 0.0494440 secs] [Times: user=0.31 sys=0.02, real=0.06 secs]
2014-07-28T04:19:11.801+0000: 1195.482: [GC2014-07-28T04:19:11.802+0000: 1195.483: [ParNew: 92160K->10240K(92160K), 0.0515820 secs] 15370901K->15314385K(20961280K), 0.0537950 secs] [Times: user=0.35 sys=0.01, real=0.05 secs]
2014-07-28T04:19:13.169+0000: 1196.850: [GC2014-07-28T04:19:13.170+0000: 1196.851: [ParNew: 92154K->10240K(92160K), 0.0504560 secs] 15396299K->15340300K(20961280K), 0.0525300 secs] [Times: user=0.36 sys=0.00, real=0.05 secs]
2014-07-28T04:19:13.611+0000: 1197.293: [GC2014-07-28T04:19:13.612+0000: 1197.294: [ParNew: 92160K->10240K(92160K), 0.0487950 secs] 15422220K->15366465K(20961280K), 0.0508590 secs] [Times: user=0.34 sys=0.01, real=0.05 secs]
2014-07-28T04:19:14.167+0000: 1197.849: [GC2014-07-28T04:19:14.168+0000: 1197.850: [ParNew: 92160K->10240K(92160K), 0.0477860 secs] 15448385K->15390976K(20961280K), 0.0498450 secs] [Times: user=0.33 sys=0.01, real=0.05 secs]
2014-07-28T04:19:14.584+0000: 1198.266: [GC2014-07-28T04:19:14.585+0000: 1198.267: [ParNew: 92160K->10240K(92160K), 0.0460970 secs] 15472896K->15416213K(20961280K), 0.0481330 secs] [Times: user=0.33 sys=0.00, real=0.05 secs]
2014-07-28T04:19:15.219+0000: 1198.901: [GC2014-07-28T04:19:15.220+0000: 1198.902: [ParNew: 92160K->10240K(92160K), 0.0478030 secs] 15498133K->15442012K(20961280K), 0.0498540 secs] [Times: user=0.31 sys=0.02, real=0.05 secs]
2014-07-28T04:19:16.454+0000: 1200.136: [GC2014-07-28T04:19:16.455+0000: 1200.137: [ParNew: 92160K->10240K(92160K), 0.0488230 secs] 15523932K->15467392K(20961280K), 0.0508870 secs] [Times: user=0.32 sys=0.02, real=0.06 secs]
2014-07-28T04:19:18.855+0000: 1202.537: [GC2014-07-28T04:19:18.856+0000: 1202.538: [ParNew: 92160K->10240K(92160K), 0.0487440 secs] 15549312K->15493444K(20961280K), 0.0507940 secs] [Times: user=0.33 sys=0.01, real=0.06 secs]
2014-07-28T04:19:19.190+0000: 1202.872: [GC2014-07-28T04:19:19.191+0000: 1202.873: [ParNew: 92160K->10240K(92160K), 0.0671680 secs] 15575364K->15518318K(20961280K), 0.0693150 secs] [Times: user=0.46 sys=0.01, real=0.07 secs]
2014-07-28T04:19:19.773+0000: 1203.454: [GC2014-07-28T04:19:19.774+0000: 1203.455: [ParNew: 92160K->10240K(92160K), 0.0523230 secs] 15600238K->15544448K(20961280K), 0.0544010 secs] [Times: user=0.34 sys=0.01, real=0.06 secs]
2014-07-28T04:19:19.963+0000: 1203.644: [GC2014-07-28T04:19:19.964+0000: 1203.645: [ParNew: 92160K->10240K(92160K), 0.0541180 secs] 15626368K->15570461K(20961280K), 0.0561950 secs] [Times: user=0.33 sys=0.04, real=0.06 secs]
2014-07-28T04:19:20.151+0000: 1203.833: [GC2014-07-28T04:19:20.152+0000: 1203.834: [ParNew: 92159K->10240K(92160K), 0.0522920 secs] 15652381K->15595966K(20961280K), 0.0543690 secs] [Times: user=0.31 sys=0.02, real=0.06 secs]
2014-07-28T04:19:20.421+0000: 1204.103: [GC2014-07-28T04:19:20.422+0000: 1204.104: [ParNew: 92160K->10240K(92160K), 0.0490860 secs] 15677886K->15620683K(20961280K), 0.0511710 secs] [Times: user=0.34 sys=0.01, real=0.05 secs]
2014-07-28T04:19:20.825+0000: 1204.507: [GC2014-07-28T04:19:20.826+0000: 1204.508: [ParNew: 92160K->10240K(92160K), 0.0485030 secs] 15702603K->15647719K(20961280K), 0.0506190 secs] [Times: user=0.33 sys=0.01, real=0.05 secs]
2014-07-28T04:19:21.151+0000: 1204.832: [GC2014-07-28T04:19:21.153+0000: 1204.834: [ParNew: 92152K->10240K(92160K), 0.0472900 secs] 15729632K->15672444K(20961280K), 0.0506950 secs] [Times: user=0.33 sys=0.00, real=0.05 secs]
2014-07-28T04:19:21.209+0000: 1204.890: [GC [1 CMS-initial-mark: 15662204K(20869120K)] 15672478K(20961280K), 0.0165270 secs] [Times: user=0.02 sys=0.00, real=0.02 secs]
2014-07-28T04:19:21.230+0000: 1204.911: [CMS-concurrent-mark-start]
2014-07-28T04:19:21.625+0000: 1205.306: [GC2014-07-28T04:19:21.626+0000: 1205.307: [ParNew: 92157K->10240K(92160K), 0.0472160 secs] 15754362K->15697275K(20961280K), 0.0492870 secs] [Times: user=0.34 sys=0.00, real=0.05 secs]
2014-07-28T04:19:21.876+0000: 1205.558: [GC2014-07-28T04:19:21.877+0000: 1205.559: [ParNew: 92160K->10240K(92160K), 0.0799200 secs] 15779195K->15724344K(20961280K), 0.0821340 secs] [Times: user=0.54 sys=0.00, real=0.09 secs]
2014-07-28T04:19:22.611+0000: 1206.292: [CMS-concurrent-mark: 1.234/1.381 secs] [Times: user=4.59 sys=0.39, real=1.38 secs]
2014-07-28T04:19:22.614+0000: 1206.295: [CMS-concurrent-preclean-start]
2014-07-28T04:19:22.796+0000: 1206.478: [CMS-concurrent-preclean: 0.144/0.182 secs] [Times: user=0.15 sys=0.05, real=0.18 secs]
2014-07-28T04:19:22.799+0000: 1206.481: [CMS-concurrent-abortable-preclean-start]
2014-07-28T04:19:23.184+0000: 1206.866: [GC2014-07-28T04:19:23.185+0000: 1206.867: [ParNew: 92153K->10240K(92160K), 0.0490350 secs] 15806258K->15748405K(20961280K), 0.0510870 secs] [Times: user=0.35 sys=0.01, real=0.05 secs]
2014-07-28T04:19:23.541+0000: 1207.222: [CMS-concurrent-abortable-preclean: 0.449/0.741 secs] [Times: user=1.42 sys=0.13, real=0.74 secs]
2014-07-28T04:19:23.547+0000: 1207.229: [GC[YG occupancy: 87965 K (92160 K)]2014-07-28T04:19:23.548+0000: 1207.229: [Rescan (parallel) , 0.0237700 secs]2014-07-28T04:19:23.572+0000: 1207.253: [weak refs processing, 0.9773140 secs]2014-07-28T04:19:24.549+0000: 1208.231: [class unloading, 0.0021360 secs]2014-07-28T04:19:24.551+0000: 1208.233: [scrub symbol table, 0.0018170 secs]2014-07-28T04:19:24.553+0000: 1208.234: [scrub string table, 0.0004390 secs] [1 CMS-remark: 15738165K(20869120K)] 15826131K(20961280K), 1.0129490 secs] [Times: user=1.20 sys=0.00, real=1.01 secs]
2014-07-28T04:19:24.566+0000: 1208.247: [CMS-concurrent-sweep-start]
2014-07-28T04:19:24.575+0000: 1208.256: [GC2014-07-28T04:19:24.576+0000: 1208.257: [ParNew: 92160K->10240K(92160K), 0.0612000 secs] 15827300K->15772256K(20961280K), 0.0632640 secs] [Times: user=0.44 sys=0.00, real=0.07 secs]
2014-07-28T04:19:24.769+0000: 1208.450: [GC2014-07-28T04:19:24.770+0000: 1208.451: [ParNew: 92160K->10240K(92160K), 0.0627850 secs] 15634864K->15588824K(20961280K), 0.0650210 secs] [Times: user=0.43 sys=0.02, real=0.06 secs]
2014-07-28T04:19:24.935+0000: 1208.617: [GC2014-07-28T04:19:24.936+0000: 1208.618: [ParNew: 92160K->10240K(92160K), 0.0568760 secs] 15492030K->15449441K(20961280K), 0.0590790 secs] [Times: user=0.38 sys=0.01, real=0.06 secs]
2014-07-28T04:19:25.238+0000: 1208.919: [GC2014-07-28T04:19:25.239+0000: 1208.920: [ParNew: 92160K->10240K(92160K), 0.0465800 secs] 14934390K->14875761K(20961280K), 0.0487270 secs] [Times: user=0.32 sys=0.00, real=0.06 secs]
2014-07-28T04:19:26.517+0000: 1210.198: [GC2014-07-28T04:19:26.518+0000: 1210.199: [ParNew: 92158K->10240K(92160K), 0.0494810 secs] 10887637K->10830639K(20961280K), 0.0515390 secs] [Times: user=0.36 sys=0.00, real=0.06 secs]
2014-07-28T04:19:28.076+0000: 1211.758: [CMS-concurrent-sweep: 3.184/3.511 secs] [Times: user=7.30 sys=0.76, real=3.52 secs]
2014-07-28T04:19:28.080+0000: 1211.761: [CMS-concurrent-reset-start]
2014-07-28T04:19:28.142+0000: 1211.823: [CMS-concurrent-reset: 0.062/0.062 secs] [Times: user=0.08 sys=0.01, real=0.06 secs]
2014-07-28T04:19:28.852+0000: 1212.533: [GC2014-07-28T04:19:28.853+0000: 1212.534: [ParNew: 92158K->10240K(92160K), 0.0474290 secs] 5750628K->5694275K(20961280K), 0.0494830 secs] [Times: user=0.34 sys=0.00, real=0.05 secs]
2014-07-28T04:19:29.235+0000: 1212.916: [GC2014-07-28T04:19:29.236+0000: 1212.917: [ParNew: 92159K->10240K(92160K), 0.0489480 secs] 5776195K->5719618K(20961280K), 0.0510130 secs] [Times: user=0.34 sys=0.02, real=0.06 secs]
2014-07-28T04:19:29.712+0000: 1213.393: [GC2014-07-28T04:19:29.713+0000: 1213.394: [ParNew: 92160K->10240K(92160K), 0.0503620 secs] 5801538K->5744847K(20961280K), 0.0524530 secs] [Times: user=0.33 sys=0.02, real=0.06 secs]
2014-07-28T04:19:30.041+0000: 1213.722: [GC2014-07-28T04:19:30.042+0000: 1213.723: [ParNew: 92160K->10240K(92160K), 0.0486640 secs] 5826767K->5771357K(20961280K), 0.0507650 secs] [Times: user=0.35 sys=0.00, real=0.05 secs]
2014-07-28T04:19:30.224+0000: 1213.905: [GC2014-07-28T04:19:30.225+0000: 1213.906: [ParNew: 92160K->10240K(92160K), 0.0505310 secs] 5853277K->5797317K(20961280K), 0.0525880 secs] [Times: user=0.34 sys=0.01, real=0.06 secs]
2014-07-28T04:19:30.465+0000: 1214.146: [GC2014-07-28T04:19:30.472+0000: 1214.154: [ParNew: 92160K->10240K(92160K), 0.0582230 secs] 5879237K->5821593K(20961280K), 0.0669200 secs] [Times: user=0.41 sys=0.00, real=0.07 secs]
2014-07-28T04:19:30.891+0000: 1214.573: [GC2014-07-28T04:19:30.892+0000: 1214.574: [ParNew: 92160K->10240K(92160K), 0.0658460 secs] 5903513K->5846696K(20961280K), 0.0679040 secs] [Times: user=0.38 sys=0.03, real=0.07 secs]
2014-07-28T04:19:31.193+0000: 1214.875: [GC2014-07-28T04:19:31.194+0000: 1214.876: [ParNew: 92160K->10240K(92160K), 0.0516560 secs] 5928616K->5871659K(20961280K), 0.0537450 secs] [Times: user=0.36 sys=0.01, real=0.06 secs]
2014-07-28T04:19:31.635+0000: 1215.316: [GC2014-07-28T04:19:31.636+0000: 1215.317: [ParNew: 92160K->10240K(92160K), 0.0470650 secs] 5953579K->5898665K(20961280K), 0.0491100 secs] [Times: user=0.32 sys=0.01, real=0.05 secs]
2014-07-28T04:19:31.975+0000: 1215.657: [GC2014-07-28T04:19:31.976+0000: 1215.658: [ParNew: 92160K->10240K(92160K), 0.0490700 secs] 5980585K->5922430K(20961280K), 0.0511610 secs] [Times: user=0.34 sys=0.01, real=0.06 secs]
2014-07-28T04:19:33.077+0000: 1216.759: [GC2014-07-28T04:19:33.078+0000: 1216.760: [ParNew: 92160K->10240K(92160K), 0.0497670 secs] 6004350K->5948721K(20961280K), 0.0518450 secs] [Times: user=0.33 sys=0.02, real=0.06 secs]
2014-07-28T04:19:33.545+0000: 1217.226: [GC2014-07-28T04:19:33.546+0000: 1217.227: [ParNew: 92158K->10240K(92160K), 0.0471060 secs] 6030640K->5974556K(20961280K), 0.0491740 secs] [Times: user=0.32 sys=0.02, real=0.05 secs]
2014-07-28T04:19:34.919+0000: 1218.600: [GC2014-07-28T04:19:34.920+0000: 1218.601: [ParNew: 92160K->10240K(92160K), 0.0534350 secs] 6056476K->6003992K(20961280K), 0.0555200 secs] [Times: user=0.35 sys=0.01, real=0.05 secs]
2014-07-28T04:19:35.085+0000: 1218.767: [GC2014-07-28T04:19:35.087+0000: 1218.768: [ParNew: 92160K->10240K(92160K), 0.0523600 secs] 6085912K->6033094K(20961280K), 0.0545170 secs] [Times: user=0.35 sys=0.00, real=0.06 secs]
2014-07-28T04:19:35.277+0000: 1218.958: [GC2014-07-28T04:19:35.278+0000: 1218.959: [ParNew: 92160K->10240K(92160K), 0.0520680 secs] 6115014K->6055247K(20961280K), 0.0542460 secs] [Times: user=0.34 sys=0.00, real=0.06 secs]
2014-07-28T04:19:36.483+0000: 1220.164: [GC2014-07-28T04:19:36.484+0000: 1220.165: [ParNew: 92160K->10240K(92160K), 0.0495390 secs] 6137167K->6081103K(20961280K), 0.0516050 secs] [Times: user=0.34 sys=0.02, real=0.05 secs]
2014-07-28T04:19:38.864+0000: 1222.545: [GC2014-07-28T04:19:38.865+0000: 1222.547: [ParNew: 92160K->10240K(92160K), 0.0493790 secs] 6163023K->6107696K(20961280K), 0.0514350 secs] [Times: user=0.35 sys=0.00, real=0.05 secs]
2014-07-28T04:19:39.247+0000: 1222.928: [GC2014-07-28T04:19:39.248+0000: 1222.929: [ParNew: 92160K->10240K(92160K), 0.0496610 secs] 6189616K->6133688K(20961280K), 0.0517230 secs] [Times: user=0.35 sys=0.01, real=0.05 secs]
2014-07-28T04:19:39.726+0000: 1223.407: [GC2014-07-28T04:19:39.727+0000: 1223.408: [ParNew: 92156K->10240K(92160K), 0.0587220 secs] 6215605K->6160750K(20961280K), 0.0932550 secs] [Times: user=0.38 sys=0.03, real=0.10 secs]
2014-07-28T04:19:40.052+0000: 1223.733: [GC2014-07-28T04:19:40.053+0000: 1223.735: [ParNew: 92160K->10240K(92160K), 0.0492360 secs] 6242670K->6185956K(20961280K), 0.0517750 secs] [Times: user=0.35 sys=0.00, real=0.05 secs]
2014-07-28T04:19:40.287+0000: 1223.969: [GC2014-07-28T04:19:40.288+0000: 1223.970: [ParNew: 92160K->10240K(92160K), 0.0484370 secs] 6267876K->6209121K(20961280K), 0.0504870 secs] [Times: user=0.34 sys=0.01, real=0.05 secs]
2014-07-28T04:19:40.477+0000: 1224.158: [GC2014-07-28T04:19:40.478+0000: 1224.159: [ParNew: 92160K->10240K(92160K), 0.0525130 secs] 6291041K->6237380K(20961280K), 0.0546010 secs] [Times: user=0.36 sys=0.02, real=0.05 secs]
2014-07-28T04:19:40.869+0000: 1224.550: [GC2014-07-28T04:19:40.870+0000: 1224.551: [ParNew: 92156K->10240K(92160K), 0.0502260 secs] 6319297K->6264081K(20961280K), 0.0522990 secs] [Times: user=0.33 sys=0.00, real=0.05 secs]
2014-07-28T04:19:41.212+0000: 1224.894: [GC2014-07-28T04:19:41.214+0000: 1224.895: [ParNew: 92160K->10240K(92160K), 0.0530160 secs] 6346001K->6289333K(20961280K), 0.0551080 secs] [Times: user=0.38 sys=0.00, real=0.06 secs]
2014-07-28T04:19:41.697+0000: 1225.379: [GC2014-07-28T04:19:41.698+0000: 1225.380: [ParNew: 92160K->10240K(92160K), 0.0473690 secs] 6371253K->6314167K(20961280K), 0.0494900 secs] [Times: user=0.32 sys=0.02, real=0.05 secs]
2014-07-28T04:19:41.936+0000: 1225.617: [GC2014-07-28T04:19:41.937+0000: 1225.619: [ParNew: 92160K->10240K(92160K), 0.0505180 secs] 6396087K->6342307K(20961280K), 0.0533120 secs] [Times: user=0.35 sys=0.01, real=0.05 secs]
2014-07-28T04:19:43.072+0000: 1226.753: [GC2014-07-28T04:19:43.073+0000: 1226.754: [ParNew: 92160K->10240K(92160K), 0.0453350 secs] 6424227K->6365243K(20961280K), 0.0473900 secs] [Times: user=0.33 sys=0.00, real=0.05 secs]
2014-07-28T04:19:43.594+0000: 1227.275: [GC2014-07-28T04:19:43.595+0000: 1227.276: [ParNew: 92160K->10240K(92160K), 0.0482100 secs] 6447163K->6390115K(20961280K), 0.0502790 secs] [Times: user=0.34 sys=0.00, real=0.05 secs]
2014-07-28T04:19:45.005+0000: 1228.687: [GC2014-07-28T04:19:45.006+0000: 1228.688: [ParNew: 92160K->10240K(92160K), 0.0514480 secs] 6472035K->6420212K(20961280K), 0.0536180 secs] [Times: user=0.35 sys=0.01, real=0.06 secs]
2014-07-28T04:19:45.190+0000: 1228.871: [GC2014-07-28T04:19:45.191+0000: 1228.873: [ParNew: 92159K->10240K(92160K), 0.0519260 secs] 6502132K->6448247K(20961280K), 0.0541040 secs] [Times: user=0.35 sys=0.01, real=0.05 secs]
2014-07-28T04:19:45.365+0000: 1229.047: [GC2014-07-28T04:19:45.367+0000: 1229.048: [ParNew: 92160K->10240K(92160K), 0.0758610 secs] 6530167K->6472338K(20961280K), 0.0783760 secs] [Times: user=0.37 sys=0.00, real=0.08 secs]
2014-07-28T04:19:46.514+0000: 1230.195: [GC2014-07-28T04:19:46.515+0000: 1230.196: [ParNew: 92155K->10240K(92160K), 0.0470570 secs] 6554254K->6495193K(20961280K), 0.0491880 secs] [Times: user=0.32 sys=0.01, real=0.05 secs]
2014-07-28T04:19:48.932+0000: 1232.614: [GC2014-07-28T04:19:48.933+0000: 1232.615: [ParNew: 92160K->10240K(92160K), 0.0476010 secs] 6577113K->6521882K(20961280K), 0.0496440 secs] [Times: user=0.34 sys=0.00, real=0.05 secs]
2014-07-28T04:19:49.317+0000: 1232.998: [GC2014-07-28T04:19:49.318+0000: 1232.999: [ParNew: 92159K->10240K(92160K), 0.0493620 secs] 6603802K->6548203K(20961280K), 0.0514070 secs] [Times: user=0.35 sys=0.00, real=0.05 secs]
2014-07-28T04:19:49.844+0000: 1233.525: [GC2014-07-28T04:19:49.845+0000: 1233.526: [ParNew: 92160K->10240K(92160K), 0.0495160 secs] 6630123K->6576353K(20961280K), 0.0515570 secs] [Times: user=0.35 sys=0.00, real=0.06 secs]
2014-07-28T04:19:50.127+0000: 1233.808: [GC2014-07-28T04:19:50.128+0000: 1233.809: [ParNew: 92160K->10240K(92160K), 0.0469910 secs] 6658273K->6602522K(20961280K), 0.0490370 secs] [Times: user=0.31 sys=0.02, real=0.05 secs]
2014-07-28T04:19:50.314+0000: 1233.995: [GC2014-07-28T04:19:50.315+0000: 1233.996: [ParNew: 92160K->10240K(92160K), 0.0481730 secs] 6684442K->6626000K(20961280K), 0.0502460 secs] [Times: user=0.33 sys=0.01, real=0.05 secs]
2014-07-28T04:19:50.556+0000: 1234.238: [GC2014-07-28T04:19:50.557+0000: 1234.239: [ParNew: 92158K->10240K(92160K), 0.0580190 secs] 6707919K->6654575K(20961280K), 0.0600630 secs] [Times: user=0.34 sys=0.03, real=0.06 secs]
2014-07-28T04:19:50.956+0000: 1234.637: [GC2014-07-28T04:19:50.957+0000: 1234.638: [ParNew: 92160K->10240K(92160K), 0.0497190 secs] 6736495K->6681944K(20961280K), 0.0517750 secs] [Times: user=0.34 sys=0.01, real=0.05 secs]
2014-07-28T04:19:51.291+0000: 1234.973: [GC2014-07-28T04:19:51.293+0000: 1234.974: [ParNew: 92160K->10240K(92160K), 0.0473040 secs] 6763864K->6706249K(20961280K), 0.0494730 secs] [Times: user=0.33 sys=0.00, real=0.05 secs]
2014-07-28T04:19:51.760+0000: 1235.442: [GC2014-07-28T04:19:51.761+0000: 1235.443: [ParNew: 92160K->10240K(92160K), 0.0489990 secs] 6788169K->6729704K(20961280K), 0.0510700 secs] [Times: user=0.34 sys=0.00, real=0.05 secs]
2014-07-28T04:19:52.017+0000: 1235.699: [GC2014-07-28T04:19:52.018+0000: 1235.700: [ParNew: 92160K->10240K(92160K), 0.0665400 secs] 6811624K->6759321K(20961280K), 0.0686210 secs] [Times: user=0.37 sys=0.01, real=0.07 secs]
2014-07-28T04:19:53.087+0000: 1236.769: [GC2014-07-28T04:19:53.088+0000: 1236.770: [ParNew: 92157K->10240K(92160K), 0.0489270 secs] 6841238K->6781587K(20961280K), 0.0510070 secs] [Times: user=0.34 sys=0.02, real=0.05 secs]
2014-07-28T04:19:53.617+0000: 1237.299: [GC2014-07-28T04:19:53.619+0000: 1237.300: [ParNew: 92157K->10240K(92160K), 0.0473830 secs] 6863505K->6807213K(20961280K), 0.0494800 secs] [Times: user=0.33 sys=0.00, real=0.05 secs]
2014-07-28T04:19:55.125+0000: 1238.806: [GC2014-07-28T04:19:55.126+0000: 1238.807: [ParNew: 92160K->10240K(92160K), 0.0486730 secs] 6889133K->6833493K(20961280K), 0.0507640 secs] [Times: user=0.32 sys=0.02, real=0.06 secs]
2014-07-28T04:19:55.315+0000: 1238.997: [GC2014-07-28T04:19:55.316+0000: 1238.998: [ParNew: 92160K->10240K(92160K), 0.0495050 secs] 6915413K->6861651K(20961280K), 0.0515970 secs] [Times: user=0.32 sys=0.01, real=0.05 secs]
2014-07-28T04:19:55.496+0000: 1239.177: [GC2014-07-28T04:19:55.497+0000: 1239.179: [ParNew: 92160K->10240K(92160K), 0.0531450 secs] 6943571K->6889762K(20961280K), 0.0552110 secs] [Times: user=0.34 sys=0.02, real=0.05 secs]
2014-07-28T04:19:56.495+0000: 1240.177: [GC2014-07-28T04:19:56.496+0000: 1240.178: [ParNew: 92160K->10240K(92160K), 0.0473000 secs] 6971682K->6910912K(20961280K), 0.0493620 secs] [Times: user=0.32 sys=0.00, real=0.05 secs]
2014-07-28T04:19:59.032+0000: 1242.714: [GC2014-07-28T04:19:59.033+0000: 1242.715: [ParNew: 92158K->10240K(92160K), 0.0495720 secs] 6992831K->6936484K(20961280K), 0.0516100 secs] [Times: user=0.34 sys=0.00, real=0.05 secs]
2014-07-28T04:19:59.422+0000: 1243.103: [GC2014-07-28T04:19:59.423+0000: 1243.104: [ParNew: 92160K->10240K(92160K), 0.0545410 secs] 7018404K->6962391K(20961280K), 0.0566400 secs] [Times: user=0.36 sys=0.01, real=0.06 secs]
2014-07-28T04:19:59.955+0000: 1243.637: [GC2014-07-28T04:19:59.956+0000: 1243.638: [ParNew: 92160K->10240K(92160K), 0.0539270 secs] 7044311K->6988805K(20961280K), 0.0560050 secs] [Times: user=0.34 sys=0.01, real=0.05 secs]
2014-07-28T04:20:00.234+0000: 1243.915: [GC2014-07-28T04:20:00.235+0000: 1243.916: [ParNew: 92160K->10240K(92160K), 0.0572820 secs] 7070725K->7014496K(20961280K), 0.0593500 secs] [Times: user=0.34 sys=0.03, real=0.07 secs]
2014-07-28T04:20:00.424+0000: 1244.105: [GC2014-07-28T04:20:00.425+0000: 1244.106: [ParNew: 92160K->10240K(92160K), 0.0588650 secs] 7096416K->7040390K(20961280K), 0.0609430 secs] [Times: user=0.35 sys=0.02, real=0.07 secs]
2014-07-28T04:20:00.677+0000: 1244.358: [GC2014-07-28T04:20:00.678+0000: 1244.359: [ParNew: 92160K->10240K(92160K), 0.0509290 secs] 7122310K->7066611K(20961280K), 0.0530360 secs] [Times: user=0.35 sys=0.01, real=0.05 secs]
2014-07-28T04:20:01.070+0000: 1244.751: [GC2014-07-28T04:20:01.071+0000: 1244.753: [ParNew: 92160K->10240K(92160K), 0.0489710 secs] 7148531K->7093606K(20961280K), 0.0514900 secs] [Times: user=0.32 sys=0.01, real=0.05 secs]
2014-07-28T04:20:01.401+0000: 1245.082: [GC2014-07-28T04:20:01.402+0000: 1245.083: [ParNew: 92160K->10240K(92160K), 0.0505350 secs] 7175526K->7117618K(20961280K), 0.0526130 secs] [Times: user=0.34 sys=0.02, real=0.06 secs]
2014-07-28T04:20:01.841+0000: 1245.522: [GC2014-07-28T04:20:01.842+0000: 1245.523: [ParNew: 92154K->10240K(92160K), 0.0546040 secs] 7199533K->7142659K(20961280K), 0.0567150 secs] [Times: user=0.37 sys=0.00, real=0.06 secs]
2014-07-28T04:20:02.148+0000: 1245.830: [GC2014-07-28T04:20:02.149+0000: 1245.831: [ParNew: 92160K->10240K(92160K), 0.0509610 secs] 7224579K->7170210K(20961280K), 0.0531320 secs] [Times: user=0.36 sys=0.00, real=0.05 secs]
2014-07-28T04:20:03.150+0000: 1246.832: [GC2014-07-28T04:20:03.151+0000: 1246.833: [ParNew: 92160K->10240K(92160K), 0.0489220 secs] 7252130K->7193693K(20961280K), 0.0510320 secs] [Times: user=0.34 sys=0.01, real=0.05 secs]
2014-07-28T04:20:03.718+0000: 1247.399: [GC2014-07-28T04:20:03.719+0000: 1247.400: [ParNew: 92160K->10240K(92160K), 0.0512910 secs] 7275613K->7219514K(20961280K), 0.0533700 secs] [Times: user=0.34 sys=0.01, real=0.05 secs]
2014-07-28T04:20:05.226+0000: 1248.907: [GC2014-07-28T04:20:05.227+0000: 1248.908: [ParNew: 92160K->10240K(92160K), 0.0486560 secs] 7301434K->7246308K(20961280K), 0.0507060 secs] [Times: user=0.32 sys=0.03, real=0.05 secs]
2014-07-28T04:20:05.440+0000: 1249.121: [GC2014-07-28T04:20:05.441+0000: 1249.122: [ParNew: 92160K->10240K(92160K), 0.0546130 secs] 7328228K->7274156K(20961280K), 0.0566750 secs] [Times: user=0.37 sys=0.01, real=0.06 secs]
2014-07-28T04:20:05.619+0000: 1249.301: [GC2014-07-28T04:20:05.620+0000: 1249.302: [ParNew: 92160K->10240K(92160K), 0.0572530 secs] 7356076K->7299619K(20961280K), 0.0593290 secs] [Times: user=0.40 sys=0.00, real=0.06 secs]
2014-07-28T04:20:06.353+0000: 1250.034: [GC2014-07-28T04:20:06.358+0000: 1250.039: [ParNew: 92160K->10240K(92160K), 0.0505020 secs] 7381539K->7322729K(20961280K), 0.0565870 secs] [Times: user=0.35 sys=0.00, real=0.06 secs]
2014-07-28T04:20:09.096+0000: 1252.777: [GC2014-07-28T04:20:09.097+0000: 1252.778: [ParNew: 92143K->10240K(92160K), 0.0484120 secs] 7404632K->7347777K(20961280K), 0.0504890 secs] [Times: user=0.33 sys=0.01, real=0.05 secs]
2014-07-28T04:20:09.498+0000: 1253.179: [GC2014-07-28T04:20:09.499+0000: 1253.180: [ParNew: 92160K->10240K(92160K), 0.0483050 secs] 7429697K->7373193K(20961280K), 0.0503750 secs] [Times: user=0.34 sys=0.00, real=0.05 secs]
2014-07-28T04:20:10.038+0000: 1253.719: [GC2014-07-28T04:20:10.039+0000: 1253.720: [ParNew: 92145K->10240K(92160K), 0.0477420 secs] 7455099K->7399579K(20961280K), 0.0497940 secs] [Times: user=0.33 sys=0.01, real=0.05 secs]
2014-07-28T04:20:10.348+0000: 1254.029: [GC2014-07-28T04:20:10.349+0000: 1254.030: [ParNew: 92160K->10240K(92160K), 0.0487060 secs] 7481499K->7426915K(20961280K), 0.0507790 secs] [Times: user=0.33 sys=0.01, real=0.05 secs]
2014-07-28T04:20:10.544+0000: 1254.226: [GC2014-07-28T04:20:10.545+0000: 1254.227: [ParNew: 92160K->10240K(92160K), 0.0594540 secs] 7508835K->7454147K(20961280K), 0.0615180 secs] [Times: user=0.40 sys=0.02, real=0.07 secs]
2014-07-28T04:20:10.779+0000: 1254.460: [GC2014-07-28T04:20:10.780+0000: 1254.461: [ParNew: 92160K->10240K(92160K), 0.0471900 secs] 7536067K->7478118K(20961280K), 0.0492680 secs] [Times: user=0.33 sys=0.01, real=0.05 secs]
2014-07-28T04:20:11.169+0000: 1254.850: [GC2014-07-28T04:20:11.170+0000: 1254.851: [ParNew: 92160K->10240K(92160K), 0.0536550 secs] 7560038K->7505558K(20961280K), 0.0557550 secs] [Times: user=0.37 sys=0.01, real=0.06 secs]
2014-07-28T04:20:11.477+0000: 1255.159: [GC2014-07-28T04:20:11.478+0000: 1255.160: [ParNew: 92160K->10240K(92160K), 0.0538040 secs] 7587478K->7530423K(20961280K), 0.0558930 secs] [Times: user=0.36 sys=0.02, real=0.06 secs]
2014-07-28T04:20:11.823+0000: 1255.504: [GC2014-07-28T04:20:11.824+0000: 1255.505: [ParNew: 92158K->10240K(92160K), 0.0466450 secs] 7612341K->7555148K(20961280K), 0.0486870 secs] [Times: user=0.32 sys=0.00, real=0.04 secs]
2014-07-28T04:20:12.257+0000: 1255.938: [GC2014-07-28T04:20:12.258+0000: 1255.939: [ParNew: 92151K->10240K(92160K), 0.0503590 secs] 7637060K->7582297K(20961280K), 0.0523900 secs] [Times: user=0.35 sys=0.00, real=0.05 secs]
2014-07-28T04:20:12.987+0000: 1256.668: [GC2014-07-28T04:20:12.988+0000: 1256.669: [ParNew: 92160K->10240K(92160K), 0.0511600 secs] 7664217K->7606345K(20961280K), 0.0532130 secs] [Times: user=0.34 sys=0.02, real=0.06 secs]
2014-07-28T04:20:13.792+0000: 1257.473: [GC2014-07-28T04:20:13.793+0000: 1257.474: [ParNew: 92156K->10240K(92160K), 0.0488390 secs] 7688262K->7632243K(20961280K), 0.0509160 secs] [Times: user=0.31 sys=0.01, real=0.06 secs]
2014-07-28T04:20:15.315+0000: 1258.997: [GC2014-07-28T04:20:15.316+0000: 1258.998: [ParNew: 92160K->10240K(92160K), 0.0481980 secs] 7714163K->7658811K(20961280K), 0.0502760 secs] [Times: user=0.30 sys=0.02, real=0.05 secs]
2014-07-28T04:20:15.563+0000: 1259.245: [GC2014-07-28T04:20:15.564+0000: 1259.246: [ParNew: 92160K->10240K(92160K), 0.0541930 secs] 7740731K->7684311K(20961280K), 0.0563330 secs] [Times: user=0.36 sys=0.01, real=0.05 secs]
2014-07-28T04:20:15.742+0000: 1259.423: [GC2014-07-28T04:20:15.743+0000: 1259.424: [ParNew: 92160K->10240K(92160K), 0.0646810 secs] 7766231K->7713075K(20961280K), 0.0667710 secs] [Times: user=0.39 sys=0.01, real=0.07 secs]
2014-07-28T04:20:16.340+0000: 1260.022: [GC2014-07-28T04:20:16.341+0000: 1260.023: [ParNew: 92152K->10240K(92160K), 0.0528760 secs] 7794988K->7735073K(20961280K), 0.0549330 secs] [Times: user=0.33 sys=0.01, real=0.06 secs]
2014-07-28T04:20:19.051+0000: 1262.733: [GC2014-07-28T04:20:19.052+0000: 1262.734: [ParNew: 92158K->10240K(92160K), 0.0610120 secs] 7816991K->7760228K(20961280K), 0.0630740 secs] [Times: user=0.37 sys=0.02, real=0.07 secs]
2014-07-28T04:20:19.577+0000: 1263.259: [GC2014-07-28T04:20:19.578+0000: 1263.260: [ParNew: 92160K->10240K(92160K), 0.0585580 secs] 7842148K->7785582K(20961280K), 0.0606120 secs] [Times: user=0.35 sys=0.00, real=0.06 secs]
2014-07-28T04:20:20.121+0000: 1263.802: [GC2014-07-28T04:20:20.122+0000: 1263.803: [ParNew: 92160K->10240K(92160K), 0.0552810 secs] 7867502K->7811924K(20961280K), 0.0573560 secs] [Times: user=0.34 sys=0.02, real=0.06 secs]
2014-07-28T04:20:20.472+0000: 1264.153: [GC2014-07-28T04:20:20.473+0000: 1264.154: [ParNew: 92160K->10240K(92160K), 0.0520610 secs] 7893844K->7837259K(20961280K), 0.0541040 secs] [Times: user=0.33 sys=0.01, real=0.06 secs]
2014-07-28T04:20:20.665+0000: 1264.347: [GC2014-07-28T04:20:20.666+0000: 1264.348: [ParNew: 92160K->10240K(92160K), 0.0644480 secs] 7919179K->7867853K(20961280K), 0.0665240 secs] [Times: user=0.38 sys=0.02, real=0.06 secs]
2014-07-28T04:20:20.865+0000: 1264.546: [GC2014-07-28T04:20:20.866+0000: 1264.547: [ParNew: 92160K->10240K(92160K), 0.0546060 secs] 7949773K->7890783K(20961280K), 0.0566930 secs] [Times: user=0.36 sys=0.03, real=0.06 secs]
2014-07-28T04:20:21.267+0000: 1264.949: [GC2014-07-28T04:20:21.268+0000: 1264.950: [ParNew: 92160K->10240K(92160K), 0.0567250 secs] 7972703K->7917170K(20961280K), 0.0587780 secs] [Times: user=0.36 sys=0.01, real=0.06 secs]
2014-07-28T04:20:21.564+0000: 1265.245: [GC2014-07-28T04:20:21.565+0000: 1265.246: [ParNew: 92160K->10240K(92160K), 0.0540870 secs] 7999090K->7942345K(20961280K), 0.0561370 secs] [Times: user=0.35 sys=0.01, real=0.05 secs]
2014-07-28T04:20:21.884+0000: 1265.566: [GC2014-07-28T04:20:21.885+0000: 1265.567: [ParNew: 92160K->10240K(92160K), 0.0530790 secs] 8024265K->7967567K(20961280K), 0.0551360 secs] [Times: user=0.35 sys=0.00, real=0.05 secs]
2014-07-28T04:20:22.352+0000: 1266.034: [GC2014-07-28T04:20:22.353+0000: 1266.035: [ParNew: 92156K->10240K(92160K), 0.0625220 secs] 8049484K->7994783K(20961280K), 0.0647020 secs] [Times: user=0.35 sys=0.02, real=0.07 secs]
2014-07-28T04:20:23.058+0000: 1266.740: [GC2014-07-28T04:20:23.059+0000: 1266.741: [ParNew: 92159K->10240K(92160K), 0.0690580 secs] 8076702K->8019171K(20961280K), 0.0711190 secs] [Times: user=0.37 sys=0.01, real=0.07 secs]
2014-07-28T04:20:23.896+0000: 1267.578: [GC2014-07-28T04:20:23.897+0000: 1267.579: [ParNew: 92159K->10240K(92160K), 0.0516880 secs] 8101090K->8044729K(20961280K), 0.0537480 secs] [Times: user=0.33 sys=0.01, real=0.05 secs]
2014-07-28T04:20:25.403+0000: 1269.085: [GC2014-07-28T04:20:25.404+0000: 1269.086: [ParNew: 92157K->10240K(92160K), 0.0510280 secs] 8126646K->8071080K(20961280K), 0.0530660 secs] [Times: user=0.32 sys=0.01, real=0.05 secs]
2014-07-28T04:20:25.675+0000: 1269.357: [GC2014-07-28T04:20:25.682+0000: 1269.363: [ParNew: 92160K->10240K(92160K), 0.0603020 secs] 8153000K->8097737K(20961280K), 0.0680070 secs] [Times: user=0.38 sys=0.01, real=0.07 secs]
2014-07-28T04:20:25.878+0000: 1269.560: [GC2014-07-28T04:20:25.879+0000: 1269.561: [ParNew: 92157K->10240K(92160K), 0.0553120 secs] 8179654K->8124336K(20961280K), 0.0573760 secs] [Times: user=0.34 sys=0.01, real=0.06 secs]
2014-07-28T04:20:26.370+0000: 1270.052: [GC2014-07-28T04:20:26.371+0000: 1270.053: [ParNew: 92155K->10240K(92160K), 0.0517280 secs] 8206251K->8147829K(20961280K), 0.0538020 secs] [Times: user=0.33 sys=0.02, real=0.06 secs]
2014-07-28T04:20:29.090+0000: 1272.772: [GC2014-07-28T04:20:29.091+0000: 1272.773: [ParNew: 92160K->10240K(92160K), 0.0544510 secs] 8229749K->8172817K(20961280K), 0.0565200 secs] [Times: user=0.35 sys=0.02, real=0.06 secs]
2014-07-28T04:20:29.489+0000: 1273.170: [GC2014-07-28T04:20:29.490+0000: 1273.171: [ParNew: 92160K->10240K(92160K), 0.0541590 secs] 8254737K->8197787K(20961280K), 0.0562390 secs] [Times: user=0.35 sys=0.01, real=0.06 secs]
2014-07-28T04:20:30.208+0000: 1273.890: [GC2014-07-28T04:20:30.209+0000: 1273.891: [ParNew: 92160K->10240K(92160K), 0.0530790 secs] 8279707K->8223486K(20961280K), 0.0551360 secs] [Times: user=0.34 sys=0.01, real=0.06 secs]
2014-07-28T04:20:30.561+0000: 1274.242: [GC2014-07-28T04:20:30.562+0000: 1274.243: [ParNew: 92159K->10240K(92160K), 0.0543770 secs] 8305406K->8248224K(20961280K), 0.0564270 secs] [Times: user=0.33 sys=0.02, real=0.06 secs]
2014-07-28T04:20:30.807+0000: 1274.488: [GC2014-07-28T04:20:30.808+0000: 1274.489: [ParNew: 92160K->10240K(92160K), 0.0620250 secs] 8330144K->8276299K(20961280K), 0.0641090 secs] [Times: user=0.38 sys=0.02, real=0.06 secs]
2014-07-28T04:20:30.986+0000: 1274.668: [GC2014-07-28T04:20:30.988+0000: 1274.669: [ParNew: 92160K->10240K(92160K), 0.0601310 secs] 8358219K->8303980K(20961280K), 0.0622170 secs] [Times: user=0.37 sys=0.02, real=0.06 secs]
2014-07-28T04:20:31.362+0000: 1275.043: [GC2014-07-28T04:20:31.363+0000: 1275.044: [ParNew: 92153K->10240K(92160K), 0.0546570 secs] 8385893K->8327384K(20961280K), 0.0568090 secs] [Times: user=0.35 sys=0.01, real=0.06 secs]
2014-07-28T04:20:31.645+0000: 1275.327: [GC2014-07-28T04:20:31.646+0000: 1275.328: [ParNew: 92160K->10240K(92160K), 0.0586650 secs] 8409304K->8352200K(20961280K), 0.0607560 secs] [Times: user=0.35 sys=0.02, real=0.06 secs]
2014-07-28T04:20:31.911+0000: 1275.593: [GC2014-07-28T04:20:31.912+0000: 1275.594: [ParNew: 92160K->10240K(92160K), 0.0569150 secs] 8434120K->8377111K(20961280K), 0.0590160 secs] [Times: user=0.35 sys=0.01, real=0.06 secs]
2014-07-28T04:20:32.456+0000: 1276.138: [GC2014-07-28T04:20:32.457+0000: 1276.139: [ParNew: 92160K->10240K(92160K), 0.0592120 secs] 8459031K->8403465K(20961280K), 0.0612630 secs] [Times: user=0.35 sys=0.02, real=0.06 secs]
2014-07-28T04:20:32.672+0000: 1276.354: [GC2014-07-28T04:20:32.673+0000: 1276.355: [ParNew: 92160K->10240K(92160K), 0.0598140 secs] 8485385K->8428386K(20961280K), 0.0619660 secs] [Times: user=0.37 sys=0.01, real=0.07 secs]
2014-07-28T04:20:33.790+0000: 1277.471: [GC2014-07-28T04:20:33.791+0000: 1277.472: [ParNew: 92160K->10240K(92160K), 0.0551240 secs] 8510306K->8454212K(20961280K), 0.0572750 secs] [Times: user=0.31 sys=0.03, real=0.06 secs]
2014-07-28T04:20:35.319+0000: 1279.000: [GC2014-07-28T04:20:35.320+0000: 1279.001: [ParNew: 92156K->10240K(92160K), 0.0562380 secs] 8536129K->8478788K(20961280K), 0.0582860 secs] [Times: user=0.34 sys=0.03, real=0.06 secs]
2014-07-28T04:20:35.795+0000: 1279.477: [GC2014-07-28T04:20:35.796+0000: 1279.478: [ParNew: 92160K->10240K(92160K), 0.1085650 secs] 8560708K->8504784K(20961280K), 0.1106560 secs] [Times: user=0.39 sys=0.01, real=0.11 secs]
2014-07-28T04:20:36.032+0000: 1279.714: [GC2014-07-28T04:20:36.033+0000: 1279.715: [ParNew: 92160K->10240K(92160K), 0.0811530 secs] 8586704K->8546008K(20961280K), 0.0833140 secs] [Times: user=0.39 sys=0.01, real=0.09 secs]
2014-07-28T04:20:36.258+0000: 1279.939: [GC2014-07-28T04:20:36.259+0000: 1279.940: [ParNew: 92160K->10240K(92160K), 0.0545360 secs] 8627928K->8569317K(20961280K), 0.0566540 secs] [Times: user=0.36 sys=0.02, real=0.06 secs]
2014-07-28T04:20:39.017+0000: 1282.698: [GC2014-07-28T04:20:39.018+0000: 1282.699: [ParNew: 92160K->10240K(92160K), 0.0575480 secs] 8651237K->8593909K(20961280K), 0.0596270 secs] [Times: user=0.38 sys=0.01, real=0.06 secs]
2014-07-28T04:20:39.457+0000: 1283.138: [GC2014-07-28T04:20:39.458+0000: 1283.140: [ParNew: 92159K->10240K(92160K), 0.0546950 secs] 8675828K->8620105K(20961280K), 0.0567800 secs] [Times: user=0.35 sys=0.01, real=0.06 secs]
2014-07-28T04:20:39.988+0000: 1283.669: [GC2014-07-28T04:20:39.989+0000: 1283.670: [ParNew: 92158K->10240K(92160K), 0.0561040 secs] 8702023K->8645711K(20961280K), 0.0582100 secs] [Times: user=0.38 sys=0.00, real=0.06 secs]
2014-07-28T04:20:40.442+0000: 1284.123: [GC2014-07-28T04:20:40.443+0000: 1284.125: [ParNew: 92160K->10240K(92160K), 0.0598820 secs] 8727631K->8672730K(20961280K), 0.0623710 secs] [Times: user=0.35 sys=0.02, real=0.07 secs]
2014-07-28T04:20:40.915+0000: 1284.596: [GC2014-07-28T04:20:40.916+0000: 1284.597: [ParNew: 92160K->10240K(92160K), 0.0550430 secs] 8754650K->8697416K(20961280K), 0.0571270 secs] [Times: user=0.37 sys=0.01, real=0.05 secs]
2014-07-28T04:20:41.094+0000: 1284.776: [GC2014-07-28T04:20:41.095+0000: 1284.777: [ParNew: 92160K->10240K(92160K), 0.0612710 secs] 8779336K->8726747K(20961280K), 0.0633210 secs] [Times: user=0.38 sys=0.02, real=0.06 secs]
2014-07-28T04:20:41.299+0000: 1284.980: [GC2014-07-28T04:20:41.300+0000: 1284.981: [ParNew: 92154K->10240K(92160K), 0.0491620 secs] 8808662K->8749060K(20961280K), 0.0512230 secs] [Times: user=0.32 sys=0.02, real=0.05 secs]
2014-07-28T04:20:41.600+0000: 1285.282: [GC2014-07-28T04:20:41.602+0000: 1285.283: [ParNew: 92158K->10240K(92160K), 0.0590860 secs] 8830978K->8777297K(20961280K), 0.0612120 secs] [Times: user=0.39 sys=0.01, real=0.07 secs]
2014-07-28T04:20:41.926+0000: 1285.608: [GC2014-07-28T04:20:41.927+0000: 1285.609: [ParNew: 92160K->10240K(92160K), 0.0542170 secs] 8859217K->8802470K(20961280K), 0.0563080 secs] [Times: user=0.36 sys=0.01, real=0.06 secs]
2014-07-28T04:20:42.252+0000: 1285.933: [GC2014-07-28T04:20:42.253+0000: 1285.934: [ParNew: 92160K->10240K(92160K), 0.0523520 secs] 8884390K->8826259K(20961280K), 0.0544690 secs] [Times: user=0.32 sys=0.02, real=0.06 secs]
2014-07-28T04:20:42.737+0000: 1286.419: [GC2014-07-28T04:20:42.738+0000: 1286.420: [ParNew: 92160K->10240K(92160K), 0.0555020 secs] 8908179K->8851311K(20961280K), 0.0576800 secs] [Times: user=0.35 sys=0.02, real=0.06 secs]
2014-07-28T04:20:43.822+0000: 1287.503: [GC2014-07-28T04:20:43.823+0000: 1287.504: [ParNew: 92159K->10240K(92160K), 0.0545610 secs] 8933230K->8876905K(20961280K), 0.0566420 secs] [Times: user=0.35 sys=0.00, real=0.06 secs]
2014-07-28T04:20:45.245+0000: 1288.926: [GC2014-07-28T04:20:45.246+0000: 1288.927: [ParNew: 92154K->10240K(92160K), 0.0517180 secs] 8958820K->8902807K(20961280K), 0.0538040 secs] [Times: user=0.32 sys=0.01, real=0.05 secs]
2014-07-28T04:20:45.731+0000: 1289.412: [GC2014-07-28T04:20:45.732+0000: 1289.413: [ParNew: 92157K->10240K(92160K), 0.0579870 secs] 8984724K->8929145K(20961280K), 0.0600530 secs] [Times: user=0.38 sys=0.01, real=0.06 secs]
2014-07-28T04:20:46.211+0000: 1289.893: [GC2014-07-28T04:20:46.212+0000: 1289.894: [ParNew: 92160K->10240K(92160K), 0.0600600 secs] 9011065K->8959587K(20961280K), 0.0621570 secs] [Times: user=0.36 sys=0.03, real=0.06 secs]
2014-07-28T04:20:46.400+0000: 1290.081: [GC2014-07-28T04:20:46.401+0000: 1290.082: [ParNew: 92160K->10240K(92160K), 0.0574560 secs] 9041507K->8985647K(20961280K), 0.0595440 secs] [Times: user=0.36 sys=0.02, real=0.06 secs]
2014-07-28T04:20:48.644+0000: 1292.325: [GC2014-07-28T04:20:48.645+0000: 1292.326: [ParNew: 92154K->10240K(92160K), 0.0534670 secs] 9067561K->9008399K(20961280K), 0.0555350 secs] [Times: user=0.36 sys=0.00, real=0.05 secs]
2014-07-28T04:20:49.530+0000: 1293.211: [GC2014-07-28T04:20:49.531+0000: 1293.212: [ParNew: 92160K->10240K(92160K), 0.0545200 secs] 9090319K->9033997K(20961280K), 0.0565950 secs] [Times: user=0.34 sys=0.03, real=0.05 secs]
2014-07-28T04:20:50.062+0000: 1293.744: [GC2014-07-28T04:20:50.063+0000: 1293.745: [ParNew: 92160K->10240K(92160K), 0.0505020 secs] 9115917K->9059441K(20961280K), 0.0525590 secs] [Times: user=0.32 sys=0.01, real=0.05 secs]
2014-07-28T04:20:50.532+0000: 1294.214: [GC2014-07-28T04:20:50.533+0000: 1294.215: [ParNew: 92160K->10240K(92160K), 0.0626410 secs] 9141361K->9087507K(20961280K), 0.0647170 secs] [Times: user=0.40 sys=0.00, real=0.06 secs]
2014-07-28T04:20:50.999+0000: 1294.680: [GC2014-07-28T04:20:51.000+0000: 1294.681: [ParNew: 92159K->10240K(92160K), 0.0514940 secs] 9169426K->9110732K(20961280K), 0.0535500 secs] [Times: user=0.35 sys=0.00, real=0.06 secs]
2014-07-28T04:20:51.219+0000: 1294.900: [GC2014-07-28T04:20:51.220+0000: 1294.901: [ParNew: 92160K->10240K(92160K), 0.0588500 secs] 9192652K->9139755K(20961280K), 0.0609150 secs] [Times: user=0.39 sys=0.01, real=0.06 secs]
2014-07-28T04:20:51.403+0000: 1295.084: [GC2014-07-28T04:20:51.404+0000: 1295.085: [ParNew: 92160K->10240K(92160K), 0.0549180 secs] 9221675K->9164010K(20961280K), 0.0570340 secs] [Times: user=0.36 sys=0.02, real=0.05 secs]
2014-07-28T04:20:51.690+0000: 1295.372: [GC2014-07-28T04:20:51.691+0000: 1295.373: [ParNew: 92160K->10240K(92160K), 0.0534980 secs] 9245930K->9192119K(20961280K), 0.0555970 secs] [Times: user=0.35 sys=0.02, real=0.05 secs]
2014-07-28T04:20:52.006+0000: 1295.687: [GC2014-07-28T04:20:52.007+0000: 1295.688: [ParNew: 92160K->10240K(92160K), 0.0481780 secs] 9274039K->9216815K(20961280K), 0.0502580 secs] [Times: user=0.34 sys=0.00, real=0.05 secs]
2014-07-28T04:20:52.290+0000: 1295.971: [GC2014-07-28T04:20:52.291+0000: 1295.972: [ParNew: 92160K->10240K(92160K), 0.0508210 secs] 9298735K->9240747K(20961280K), 0.0529310 secs] [Times: user=0.35 sys=0.01, real=0.06 secs]
2014-07-28T04:20:52.802+0000: 1296.483: [GC2014-07-28T04:20:52.803+0000: 1296.484: [ParNew: 92127K->10240K(92160K), 0.0774180 secs] 9322635K->9266069K(20961280K), 0.0798860 secs] [Times: user=0.39 sys=0.00, real=0.09 secs]
2014-07-28T04:20:53.871+0000: 1297.552: [GC2014-07-28T04:20:53.872+0000: 1297.553: [ParNew: 92160K->10240K(92160K), 0.0543700 secs] 9347989K->9291083K(20961280K), 0.0564130 secs] [Times: user=0.38 sys=0.01, real=0.05 secs]
2014-07-28T04:20:55.315+0000: 1298.996: [GC2014-07-28T04:20:55.316+0000: 1298.997: [ParNew: 92160K->10240K(92160K), 0.0460840 secs] 9373003K->9316739K(20961280K), 0.0481510 secs] [Times: user=0.30 sys=0.02, real=0.05 secs]
2014-07-28T04:20:55.811+0000: 1299.493: [GC2014-07-28T04:20:55.812+0000: 1299.494: [ParNew: 92160K->10240K(92160K), 0.0523920 secs] 9398659K->9343395K(20961280K), 0.0544370 secs] [Times: user=0.36 sys=0.02, real=0.05 secs]
2014-07-28T04:20:56.330+0000: 1300.011: [GC2014-07-28T04:20:56.331+0000: 1300.012: [ParNew: 92160K->10240K(92160K), 0.0546130 secs] 9425315K->9373582K(20961280K), 0.0567420 secs] [Times: user=0.36 sys=0.02, real=0.05 secs]
2014-07-28T04:20:56.517+0000: 1300.198: [GC2014-07-28T04:20:56.518+0000: 1300.199: [ParNew: 92160K->10240K(92160K), 0.0556360 secs] 9455502K->9401549K(20961280K), 0.0577710 secs] [Times: user=0.38 sys=0.01, real=0.06 secs]
2014-07-28T04:20:58.711+0000: 1302.392: [GC2014-07-28T04:20:58.712+0000: 1302.393: [ParNew: 92147K->10240K(92160K), 0.0466880 secs] 9483456K->9422725K(20961280K), 0.0487620 secs] [Times: user=0.32 sys=0.00, real=0.04 secs]
2014-07-28T04:20:59.536+0000: 1303.218: [GC2014-07-28T04:20:59.537+0000: 1303.219: [ParNew: 92155K->10240K(92160K), 0.0470260 secs] 9504641K->9448122K(20961280K), 0.0490960 secs] [Times: user=0.33 sys=0.00, real=0.05 secs]
2014-07-28T04:21:00.083+0000: 1303.764: [GC2014-07-28T04:21:00.084+0000: 1303.765: [ParNew: 92160K->10240K(92160K), 0.0532110 secs] 9530042K->9473396K(20961280K), 0.0552730 secs] [Times: user=0.37 sys=0.01, real=0.05 secs]
2014-07-28T04:21:00.658+0000: 1304.339: [GC2014-07-28T04:21:00.659+0000: 1304.340: [ParNew: 92160K->10240K(92160K), 0.0531670 secs] 9555316K->9499348K(20961280K), 0.0552430 secs] [Times: user=0.34 sys=0.02, real=0.06 secs]
2014-07-28T04:21:00.922+0000: 1304.603: [GC2014-07-28T04:21:00.923+0000: 1304.604: [ParNew: 92160K->10240K(92160K), 0.0538700 secs] 9581268K->9524254K(20961280K), 0.0559840 secs] [Times: user=0.34 sys=0.01, real=0.05 secs]
2014-07-28T04:21:01.339+0000: 1305.021: [GC2014-07-28T04:21:01.340+0000: 1305.022: [ParNew: 92154K->10240K(92160K), 0.0579360 secs] 9606168K->9553796K(20961280K), 0.0600240 secs] [Times: user=0.37 sys=0.02, real=0.06 secs]
2014-07-28T04:21:01.527+0000: 1305.208: [GC2014-07-28T04:21:01.528+0000: 1305.209: [ParNew: 92159K->10240K(92160K), 0.0563550 secs] 9635716K->9579384K(20961280K), 0.0584320 secs] [Times: user=0.34 sys=0.04, real=0.06 secs]
2014-07-28T04:21:01.809+0000: 1305.490: [GC2014-07-28T04:21:01.810+0000: 1305.491: [ParNew: 92160K->10240K(92160K), 0.0547010 secs] 9661304K->9603807K(20961280K), 0.0567890 secs] [Times: user=0.36 sys=0.01, real=0.06 secs]
2014-07-28T04:21:02.117+0000: 1305.799: [GC2014-07-28T04:21:02.118+0000: 1305.800: [ParNew: 92160K->10240K(92160K), 0.0509490 secs] 9685727K->9628443K(20961280K), 0.0530480 secs] [Times: user=0.33 sys=0.02, real=0.06 secs]
2014-07-28T04:21:02.362+0000: 1306.044: [GC2014-07-28T04:21:02.363+0000: 1306.045: [ParNew: 92160K->10240K(92160K), 0.0548850 secs] 9710363K->9654344K(20961280K), 0.0569690 secs] [Times: user=0.37 sys=0.01, real=0.05 secs]
2014-07-28T04:21:02.899+0000: 1306.581: [GC2014-07-28T04:21:02.900+0000: 1306.582: [ParNew: 92160K->10240K(92160K), 0.0542060 secs] 9736264K->9679230K(20961280K), 0.0562810 secs] [Times: user=0.37 sys=0.01, real=0.06 secs]
2014-07-28T04:21:03.908+0000: 1307.589: [GC2014-07-28T04:21:03.909+0000: 1307.590: [ParNew: 92160K->10240K(92160K), 0.0478540 secs] 9761150K->9704608K(20961280K), 0.0499290 secs] [Times: user=0.31 sys=0.02, real=0.05 secs]
2014-07-28T04:21:05.377+0000: 1309.059: [GC2014-07-28T04:21:05.378+0000: 1309.060: [ParNew: 92160K->10240K(92160K), 0.0500970 secs] 9786528K->9729750K(20961280K), 0.0521710 secs] [Times: user=0.34 sys=0.01, real=0.06 secs]
2014-07-28T04:21:05.927+0000: 1309.609: [GC2014-07-28T04:21:05.928+0000: 1309.610: [ParNew: 92159K->10240K(92160K), 0.0491070 secs] 9811669K->9755151K(20961280K), 0.0512350 secs] [Times: user=0.33 sys=0.01, real=0.05 secs]
2014-07-28T04:21:06.453+0000: 1310.134: [GC2014-07-28T04:21:06.454+0000: 1310.135: [ParNew: 92160K->10240K(92160K), 0.0541220 secs] 9837071K->9785052K(20961280K), 0.0562530 secs] [Times: user=0.37 sys=0.01, real=0.06 secs]
2014-07-28T04:21:06.642+0000: 1310.323: [GC2014-07-28T04:21:06.643+0000: 1310.324: [ParNew: 92147K->10240K(92160K), 0.0556850 secs] 9866960K->9812575K(20961280K), 0.0578090 secs] [Times: user=0.34 sys=0.02, real=0.06 secs]
2014-07-28T04:21:08.735+0000: 1312.416: [GC2014-07-28T04:21:08.736+0000: 1312.417: [ParNew: 92159K->10240K(92160K), 0.0653460 secs] 9894495K->9833995K(20961280K), 0.0674170 secs] [Times: user=0.35 sys=0.01, real=0.07 secs]
2014-07-28T04:21:09.601+0000: 1313.282: [GC2014-07-28T04:21:09.602+0000: 1313.283: [ParNew: 92160K->10240K(92160K), 0.0552630 secs] 9915915K->9859402K(20961280K), 0.0573480 secs] [Times: user=0.40 sys=0.00, real=0.06 secs]
2014-07-28T04:21:10.132+0000: 1313.814: [GC2014-07-28T04:21:10.133+0000: 1313.815: [ParNew: 92160K->10240K(92160K), 0.0540430 secs] 9941322K->9884138K(20961280K), 0.0561670 secs] [Times: user=0.38 sys=0.00, real=0.06 secs]
2014-07-28T04:21:10.735+0000: 1314.416: [GC2014-07-28T04:21:10.736+0000: 1314.417: [ParNew: 92160K->10240K(92160K), 0.0503720 secs] 9966058K->9910370K(20961280K), 0.0524310 secs] [Times: user=0.33 sys=0.02, real=0.05 secs]
2014-07-28T04:21:10.951+0000: 1314.633: [GC2014-07-28T04:21:10.952+0000: 1314.634: [ParNew: 92159K->10240K(92160K), 0.0559560 secs] 9992290K->9935095K(20961280K), 0.0580140 secs] [Times: user=0.40 sys=0.00, real=0.06 secs]
2014-07-28T04:21:11.469+0000: 1315.151: [GC2014-07-28T04:21:11.470+0000: 1315.152: [ParNew: 92160K->10240K(92160K), 0.0506380 secs] 10017015K->9961887K(20961280K), 0.0529170 secs] [Times: user=0.34 sys=0.01, real=0.06 secs]
2014-07-28T04:21:11.638+0000: 1315.319: [GC2014-07-28T04:21:11.639+0000: 1315.321: [ParNew: 92160K->10240K(92160K), 0.0740580 secs] 10043807K->9991102K(20961280K), 0.1213260 secs] [Times: user=0.36 sys=0.00, real=0.12 secs]
2014-07-28T04:21:11.911+0000: 1315.592: [GC2014-07-28T04:21:11.912+0000: 1315.593: [ParNew: 92158K->10240K(92160K), 0.0564250 secs] 10073021K->10015063K(20961280K), 0.0585290 secs] [Times: user=0.39 sys=0.02, real=0.06 secs]
2014-07-28T04:21:12.199+0000: 1315.880: [GC2014-07-28T04:21:12.200+0000: 1315.881: [ParNew: 92160K->10240K(92160K), 0.0495160 secs] 10096983K->10040186K(20961280K), 0.0515890 secs] [Times: user=0.33 sys=0.02, real=0.06 secs]
2014-07-28T04:21:12.440+0000: 1316.121: [GC2014-07-28T04:21:12.441+0000: 1316.122: [ParNew: 92160K->10240K(92160K), 0.0484340 secs] 10122106K->10065540K(20961280K), 0.0504900 secs] [Times: user=0.33 sys=0.01, real=0.06 secs]
2014-07-28T04:21:12.971+0000: 1316.653: [GC2014-07-28T04:21:12.972+0000: 1316.654: [ParNew: 92154K->10240K(92160K), 0.0453270 secs] 10147454K->10090487K(20961280K), 0.0473970 secs] [Times: user=0.31 sys=0.00, real=0.04 secs]
2014-07-28T04:21:13.975+0000: 1317.656: [GC2014-07-28T04:21:13.976+0000: 1317.657: [ParNew: 92158K->10240K(92160K), 0.0466910 secs] 10172405K->10115948K(20961280K), 0.0487290 secs] [Times: user=0.32 sys=0.01, real=0.05 secs]
2014-07-28T04:21:15.360+0000: 1319.041: [GC2014-07-28T04:21:15.361+0000: 1319.042: [ParNew: 92157K->10240K(92160K), 0.0842670 secs] 10197865K->10141521K(20961280K), 0.0864070 secs] [Times: user=0.39 sys=0.01, real=0.08 secs]
2014-07-28T04:21:15.996+0000: 1319.677: [GC2014-07-28T04:21:15.997+0000: 1319.678: [ParNew: 92150K->10240K(92160K), 0.0515670 secs] 10223431K->10167042K(20961280K), 0.0536040 secs] [Times: user=0.37 sys=0.00, real=0.06 secs]
2014-07-28T04:21:16.559+0000: 1320.240: [GC2014-07-28T04:21:16.560+0000: 1320.241: [ParNew: 92160K->10240K(92160K), 0.0540340 secs] 10248962K->10197036K(20961280K), 0.0561110 secs] [Times: user=0.35 sys=0.02, real=0.05 secs]
2014-07-28T04:21:16.762+0000: 1320.444: [GC2014-07-28T04:21:16.764+0000: 1320.445: [ParNew: 92160K->10240K(92160K), 0.0592010 secs] 10278956K->10223190K(20961280K), 0.0613360 secs] [Times: user=0.40 sys=0.01, real=0.06 secs]
2014-07-28T04:21:18.777+0000: 1322.459: [GC2014-07-28T04:21:18.778+0000: 1322.460: [ParNew: 92152K->10240K(92160K), 0.0469350 secs] 10305102K->10244520K(20961280K), 0.0490240 secs] [Times: user=0.32 sys=0.01, real=0.05 secs]
2014-07-28T04:21:19.678+0000: 1323.360: [GC2014-07-28T04:21:19.679+0000: 1323.361: [ParNew: 92160K->10240K(92160K), 0.0516960 secs] 10326440K->10269812K(20961280K), 0.0537330 secs] [Times: user=0.36 sys=0.00, real=0.05 secs]
2014-07-28T04:21:20.178+0000: 1323.859: [GC2014-07-28T04:21:20.179+0000: 1323.860: [ParNew: 92157K->10240K(92160K), 0.0477770 secs] 10351729K->10294814K(20961280K), 0.0498280 secs] [Times: user=0.32 sys=0.02, real=0.05 secs]
2014-07-28T04:21:20.836+0000: 1324.518: [GC2014-07-28T04:21:20.837+0000: 1324.519: [ParNew: 92160K->10240K(92160K), 0.0558320 secs] 10376734K->10320585K(20961280K), 0.0579090 secs] [Times: user=0.39 sys=0.01, real=0.06 secs]
2014-07-28T04:21:21.067+0000: 1324.748: [GC2014-07-28T04:21:21.068+0000: 1324.749: [ParNew: 92160K->10240K(92160K), 0.0484940 secs] 10402505K->10345924K(20961280K), 0.0506790 secs] [Times: user=0.33 sys=0.01, real=0.06 secs]
2014-07-28T04:21:21.573+0000: 1325.254: [GC2014-07-28T04:21:21.574+0000: 1325.255: [ParNew: 92160K->10240K(92160K), 0.0559420 secs] 10427844K->10373429K(20961280K), 0.0580340 secs] [Times: user=0.37 sys=0.02, real=0.06 secs]
2014-07-28T04:21:21.824+0000: 1325.505: [GC2014-07-28T04:21:21.825+0000: 1325.506: [ParNew: 92159K->10240K(92160K), 0.0576740 secs] 10455348K->10402826K(20961280K), 0.0598070 secs] [Times: user=0.38 sys=0.02, real=0.06 secs]
2014-07-28T04:21:22.014+0000: 1325.695: [GC2014-07-28T04:21:22.015+0000: 1325.697: [ParNew: 92160K->10240K(92160K), 0.0505610 secs] 10484746K->10426123K(20961280K), 0.0526580 secs] [Times: user=0.33 sys=0.02, real=0.05 secs]
2014-07-28T04:21:22.302+0000: 1325.984: [GC2014-07-28T04:21:22.303+0000: 1325.985: [ParNew: 92160K->10240K(92160K), 0.0774090 secs] 10508043K->10451173K(20961280K), 0.0794560 secs] [Times: user=0.50 sys=0.01, real=0.08 secs]
2014-07-28T04:21:22.547+0000: 1326.228: [GC2014-07-28T04:21:22.548+0000: 1326.229: [ParNew: 92148K->10240K(92160K), 0.0488130 secs] 10533082K->10476141K(20961280K), 0.0508620 secs] [Times: user=0.34 sys=0.01, real=0.06 secs]
2014-07-28T04:21:22.966+0000: 1326.647: [GC2014-07-28T04:21:22.967+0000: 1326.649: [ParNew: 92152K->10240K(92160K), 0.0585300 secs] 10558053K->10501212K(20961280K), 0.0609710 secs] [Times: user=0.38 sys=0.01, real=0.06 secs]
2014-07-28T04:21:24.047+0000: 1327.729: [GC2014-07-28T04:21:24.048+0000: 1327.730: [ParNew: 92160K->10240K(92160K), 0.0513810 secs] 10583132K->10526313K(20961280K), 0.0534470 secs] [Times: user=0.37 sys=0.01, real=0.06 secs]
2014-07-28T04:21:25.467+0000: 1329.148: [GC2014-07-28T04:21:25.468+0000: 1329.149: [ParNew: 92160K->10240K(92160K), 0.0484650 secs] 10608233K->10552123K(20961280K), 0.0505150 secs] [Times: user=0.33 sys=0.00, real=0.06 secs]
2014-07-28T04:21:26.105+0000: 1329.787: [GC2014-07-28T04:21:26.106+0000: 1329.788: [ParNew: 92160K->10240K(92160K), 0.0495250 secs] 10634043K->10577506K(20961280K), 0.0515990 secs] [Times: user=0.34 sys=0.01, real=0.06 secs]
2014-07-28T04:21:26.685+0000: 1330.366: [GC2014-07-28T04:21:26.686+0000: 1330.367: [ParNew: 92160K->10240K(92160K), 0.0534950 secs] 10659426K->10605910K(20961280K), 0.0555720 secs] [Times: user=0.36 sys=0.02, real=0.06 secs]
2014-07-28T04:21:26.873+0000: 1330.555: [GC2014-07-28T04:21:26.874+0000: 1330.556: [ParNew: 92160K->10240K(92160K), 0.0570040 secs] 10687830K->10633536K(20961280K), 0.0591290 secs] [Times: user=0.38 sys=0.02, real=0.06 secs]
2014-07-28T04:21:28.882+0000: 1332.563: [GC2014-07-28T04:21:28.883+0000: 1332.564: [ParNew: 92160K->10240K(92160K), 0.0492080 secs] 10715456K->10655322K(20961280K), 0.0512710 secs] [Times: user=0.35 sys=0.00, real=0.05 secs]
2014-07-28T04:21:29.765+0000: 1333.447: [GC2014-07-28T04:21:29.766+0000: 1333.448: [ParNew: 92158K->10240K(92160K), 0.0513120 secs] 10737240K->10680421K(20961280K), 0.0533950 secs] [Times: user=0.36 sys=0.01, real=0.06 secs]
2014-07-28T04:21:30.238+0000: 1333.919: [GC2014-07-28T04:21:30.239+0000: 1333.920: [ParNew: 92146K->10240K(92160K), 0.0511440 secs] 10762328K->10705453K(20961280K), 0.0532060 secs] [Times: user=0.35 sys=0.00, real=0.06 secs]
2014-07-28T04:21:30.923+0000: 1334.604: [GC2014-07-28T04:21:30.924+0000: 1334.605: [ParNew: 92160K->10240K(92160K), 0.0522450 secs] 10787373K->10731147K(20961280K), 0.0542780 secs] [Times: user=0.36 sys=0.01, real=0.06 secs]
2014-07-28T04:21:31.135+0000: 1334.816: [GC2014-07-28T04:21:31.136+0000: 1334.817: [ParNew: 92155K->10240K(92160K), 0.0513180 secs] 10813063K->10756223K(20961280K), 0.0533650 secs] [Times: user=0.35 sys=0.00, real=0.05 secs]
2014-07-28T04:21:31.667+0000: 1335.348: [GC2014-07-28T04:21:31.668+0000: 1335.349: [ParNew: 92160K->10240K(92160K), 0.0551990 secs] 10838143K->10783042K(20961280K), 0.0572780 secs] [Times: user=0.39 sys=0.00, real=0.06 secs]
2014-07-28T04:21:31.948+0000: 1335.630: [GC2014-07-28T04:21:31.949+0000: 1335.631: [ParNew: 92160K->10240K(92160K), 0.0566300 secs] 10864962K->10812718K(20961280K), 0.0587730 secs] [Times: user=0.36 sys=0.02, real=0.06 secs]
2014-07-28T04:21:32.140+0000: 1335.821: [GC2014-07-28T04:21:32.141+0000: 1335.822: [ParNew: 92160K->10240K(92160K), 0.0572270 secs] 10894638K->10836879K(20961280K), 0.0593280 secs] [Times: user=0.37 sys=0.00, real=0.06 secs]
2014-07-28T04:21:32.340+0000: 1336.021: [GC2014-07-28T04:21:32.341+0000: 1336.022: [ParNew: 92159K->10240K(92160K), 0.0492660 secs] 10918799K->10859773K(20961280K), 0.0513430 secs] [Times: user=0.33 sys=0.02, real=0.05 secs]
2014-07-28T04:21:32.579+0000: 1336.260: [GC2014-07-28T04:21:32.580+0000: 1336.262: [ParNew: 92160K->10240K(92160K), 0.0614610 secs] 10941693K->10885934K(20961280K), 0.0639150 secs] [Times: user=0.35 sys=0.01, real=0.06 secs]
2014-07-28T04:21:32.992+0000: 1336.674: [GC2014-07-28T04:21:32.993+0000: 1336.675: [ParNew: 92160K->10240K(92160K), 0.0514030 secs] 10967854K->10911975K(20961280K), 0.0534630 secs] [Times: user=0.34 sys=0.01, real=0.05 secs]
2014-07-28T04:21:34.007+0000: 1337.688: [GC2014-07-28T04:21:34.008+0000: 1337.689: [ParNew: 92160K->10240K(92160K), 0.0529140 secs] 10993895K->10937214K(20961280K), 0.0549650 secs] [Times: user=0.37 sys=0.02, real=0.06 secs]
2014-07-28T04:21:35.403+0000: 1339.085: [GC2014-07-28T04:21:35.404+0000: 1339.086: [ParNew: 92160K->10240K(92160K), 0.0494530 secs] 11019134K->10963044K(20961280K), 0.0515320 secs] [Times: user=0.33 sys=0.02, real=0.05 secs]
2014-07-28T04:21:35.958+0000: 1339.639: [GC2014-07-28T04:21:35.959+0000: 1339.641: [ParNew: 92160K->10240K(92160K), 0.0642660 secs] 11044964K->10989733K(20961280K), 0.0663880 secs] [Times: user=0.34 sys=0.01, real=0.06 secs]
2014-07-28T04:21:36.783+0000: 1340.464: [GC2014-07-28T04:21:36.784+0000: 1340.465: [ParNew: 92160K->10240K(92160K), 0.0525830 secs] 11071653K->11015846K(20961280K), 0.0546580 secs] [Times: user=0.33 sys=0.01, real=0.06 secs]
2014-07-28T04:21:36.969+0000: 1340.650: [GC2014-07-28T04:21:36.970+0000: 1340.651: [ParNew: 92160K->10240K(92160K), 0.0512090 secs] 11097766K->11046003K(20961280K), 0.0533600 secs] [Times: user=0.34 sys=0.02, real=0.06 secs]
2014-07-28T04:21:38.729+0000: 1342.410: [GC2014-07-28T04:21:38.730+0000: 1342.411: [ParNew: 92157K->10240K(92160K), 0.0470120 secs] 11127921K->11066881K(20961280K), 0.0490910 secs] [Times: user=0.33 sys=0.01, real=0.06 secs]
2014-07-28T04:21:39.692+0000: 1343.373: [GC2014-07-28T04:21:39.693+0000: 1343.374: [ParNew: 92160K->10240K(92160K), 0.0508050 secs] 11148801K->11095274K(20961280K), 0.0528790 secs] [Times: user=0.35 sys=0.01, real=0.05 secs]
2014-07-28T04:21:40.182+0000: 1343.864: [GC2014-07-28T04:21:40.183+0000: 1343.865: [ParNew: 92150K->10240K(92160K), 0.0472930 secs] 11177185K->11118415K(20961280K), 0.0493790 secs] [Times: user=0.33 sys=0.00, real=0.05 secs]
2014-07-28T04:21:40.739+0000: 1344.420: [GC2014-07-28T04:21:40.740+0000: 1344.421: [ParNew: 92159K->10240K(92160K), 0.0531730 secs] 11200335K->11145793K(20961280K), 0.0552360 secs] [Times: user=0.37 sys=0.00, real=0.05 secs]
2014-07-28T04:21:41.150+0000: 1344.832: [GC2014-07-28T04:21:41.152+0000: 1344.833: [ParNew: 92160K->10240K(92160K), 0.0516900 secs] 11227713K->11173111K(20961280K), 0.0537960 secs] [Times: user=0.34 sys=0.02, real=0.05 secs]
2014-07-28T04:21:41.450+0000: 1345.132: [GC2014-07-28T04:21:41.451+0000: 1345.133: [ParNew: 92159K->10240K(92160K), 0.0512080 secs] 11255030K->11195132K(20961280K), 0.0532820 secs] [Times: user=0.37 sys=0.00, real=0.05 secs]
2014-07-28T04:21:42.039+0000: 1345.720: [GC2014-07-28T04:21:42.040+0000: 1345.721: [ParNew: 92160K->10240K(92160K), 0.0554110 secs] 11277052K->11223188K(20961280K), 0.0574750 secs] [Times: user=0.38 sys=0.00, real=0.06 secs]
2014-07-28T04:21:42.252+0000: 1345.933: [GC2014-07-28T04:21:42.253+0000: 1345.934: [ParNew: 92160K->10240K(92160K), 0.0491930 secs] 11305108K->11248828K(20961280K), 0.0512540 secs] [Times: user=0.33 sys=0.01, real=0.05 secs]
2014-07-28T04:21:42.426+0000: 1346.107: [GC2014-07-28T04:21:42.427+0000: 1346.108: [ParNew: 92160K->10240K(92160K), 0.0562990 secs] 11330748K->11276257K(20961280K), 0.0584220 secs] [Times: user=0.38 sys=0.01, real=0.06 secs]
2014-07-28T04:21:42.631+0000: 1346.312: [GC2014-07-28T04:21:42.632+0000: 1346.313: [ParNew: 92160K->10240K(92160K), 0.0610730 secs] 11358177K->11298403K(20961280K), 0.0635470 secs] [Times: user=0.34 sys=0.02, real=0.06 secs]
2014-07-28T04:21:43.060+0000: 1346.741: [GC2014-07-28T04:21:43.061+0000: 1346.742: [ParNew: 92160K->10240K(92160K), 0.0501430 secs] 11380323K->11324178K(20961280K), 0.0522170 secs] [Times: user=0.34 sys=0.01, real=0.05 secs]
2014-07-28T04:21:44.037+0000: 1347.718: [GC2014-07-28T04:21:44.038+0000: 1347.719: [ParNew: 92160K->10240K(92160K), 0.0499630 secs] 11406098K->11349530K(20961280K), 0.0520350 secs] [Times: user=0.34 sys=0.02, real=0.06 secs]
2014-07-28T04:21:45.447+0000: 1349.128: [GC2014-07-28T04:21:45.448+0000: 1349.129: [ParNew: 92160K->10240K(92160K), 0.0495520 secs] 11431450K->11374630K(20961280K), 0.0516630 secs] [Times: user=0.33 sys=0.02, real=0.06 secs]
2014-07-28T04:21:46.041+0000: 1349.723: [GC2014-07-28T04:21:46.042+0000: 1349.724: [ParNew: 92160K->10240K(92160K), 0.0531150 secs] 11456550K->11401162K(20961280K), 0.0552040 secs] [Times: user=0.38 sys=0.00, real=0.06 secs]
2014-07-28T04:21:46.859+0000: 1350.540: [GC2014-07-28T04:21:46.860+0000: 1350.541: [ParNew: 92143K->10240K(92160K), 0.0449600 secs] 11483066K->11425450K(20961280K), 0.0542400 secs] [Times: user=0.29 sys=0.01, real=0.05 secs]
2014-07-28T04:21:47.094+0000: 1350.776: [GC2014-07-28T04:21:47.095+0000: 1350.777: [ParNew: 92160K->10240K(92160K), 0.0537810 secs] 11507370K->11453844K(20961280K), 0.0559890 secs] [Times: user=0.36 sys=0.02, real=0.06 secs]
2014-07-28T04:21:48.715+0000: 1352.396: [GC2014-07-28T04:21:48.716+0000: 1352.397: [ParNew: 92160K->10240K(92160K), 0.0478400 secs] 11535764K->11476650K(20961280K), 0.0499060 secs] [Times: user=0.33 sys=0.01, real=0.06 secs]
2014-07-28T04:21:49.778+0000: 1353.459: [GC2014-07-28T04:21:49.779+0000: 1353.460: [ParNew: 92158K->10240K(92160K), 0.0541260 secs] 11558569K->11506008K(20961280K), 0.0562060 secs] [Times: user=0.37 sys=0.01, real=0.06 secs]
2014-07-28T04:21:50.250+0000: 1353.931: [GC2014-07-28T04:21:50.251+0000: 1353.932: [ParNew: 92160K->10240K(92160K), 0.0476370 secs] 11587928K->11528986K(20961280K), 0.0497290 secs] [Times: user=0.34 sys=0.00, real=0.05 secs]
2014-07-28T04:21:50.826+0000: 1354.507: [GC2014-07-28T04:21:50.827+0000: 1354.508: [ParNew: 92160K->10240K(92160K), 0.0531830 secs] 11610906K->11557451K(20961280K), 0.0552620 secs] [Times: user=0.37 sys=0.01, real=0.05 secs]
2014-07-28T04:21:51.243+0000: 1354.924: [GC2014-07-28T04:21:51.244+0000: 1354.925: [ParNew: 92160K->10240K(92160K), 0.0504160 secs] 11639371K->11584894K(20961280K), 0.0524750 secs] [Times: user=0.33 sys=0.02, real=0.05 secs]
2014-07-28T04:21:51.519+0000: 1355.200: [GC2014-07-28T04:21:51.520+0000: 1355.201: [ParNew: 92160K->10240K(92160K), 0.0492810 secs] 11666814K->11606612K(20961280K), 0.0513440 secs] [Times: user=0.36 sys=0.00, real=0.05 secs]
2014-07-28T04:21:52.160+0000: 1355.842: [GC2014-07-28T04:21:52.161+0000: 1355.843: [ParNew: 92160K->10240K(92160K), 0.0532350 secs] 11688532K->11632734K(20961280K), 0.0552950 secs] [Times: user=0.37 sys=0.00, real=0.05 secs]
2014-07-28T04:21:52.361+0000: 1356.042: [GC2014-07-28T04:21:52.362+0000: 1356.043: [ParNew: 92160K->10240K(92160K), 0.0518340 secs] 11714654K->11659266K(20961280K), 0.0539190 secs] [Times: user=0.35 sys=0.01, real=0.05 secs]
2014-07-28T04:21:52.536+0000: 1356.218: [GC2014-07-28T04:21:52.537+0000: 1356.219: [ParNew: 92160K->10240K(92160K), 0.0555430 secs] 11741186K->11689113K(20961280K), 0.0576260 secs] [Times: user=0.34 sys=0.02, real=0.06 secs]
2014-07-28T04:21:52.734+0000: 1356.415: [GC2014-07-28T04:21:52.735+0000: 1356.416: [ParNew: 92159K->10240K(92160K), 0.0709020 secs] 11771033K->11711157K(20961280K), 0.0731200 secs] [Times: user=0.34 sys=0.00, real=0.08 secs]
2014-07-28T04:21:53.170+0000: 1356.851: [GC2014-07-28T04:21:53.171+0000: 1356.852: [ParNew: 92159K->10240K(92160K), 0.0474920 secs] 11793077K->11736192K(20961280K), 0.0495710 secs] [Times: user=0.32 sys=0.01, real=0.05 secs]
2014-07-28T04:21:54.113+0000: 1357.794: [GC2014-07-28T04:21:54.114+0000: 1357.795: [ParNew: 92160K->10240K(92160K), 0.0556150 secs] 11818112K->11762094K(20961280K), 0.0577260 secs] [Times: user=0.32 sys=0.01, real=0.06 secs]
2014-07-28T04:21:55.521+0000: 1359.202: [GC2014-07-28T04:21:55.522+0000: 1359.203: [ParNew: 92160K->10240K(92160K), 0.0529490 secs] 11844014K->11786979K(20961280K), 0.0550030 secs] [Times: user=0.37 sys=0.01, real=0.05 secs]
2014-07-28T04:21:56.161+0000: 1359.842: [GC2014-07-28T04:21:56.162+0000: 1359.843: [ParNew: 92160K->10240K(92160K), 0.0540330 secs] 11868899K->11813114K(20961280K), 0.0561300 secs] [Times: user=0.37 sys=0.01, real=0.06 secs]
2014-07-28T04:21:56.940+0000: 1360.621: [GC2014-07-28T04:21:56.966+0000: 1360.648: [ParNew: 92148K->10240K(92160K), 0.0452970 secs] 11895023K->11837598K(20961280K), 0.0726700 secs] [Times: user=0.31 sys=0.01, real=0.07 secs]
2014-07-28T04:21:57.209+0000: 1360.891: [GC2014-07-28T04:21:57.210+0000: 1360.892: [ParNew: 92148K->10240K(92160K), 0.0549580 secs] 11919506K->11866461K(20961280K), 0.0570800 secs] [Times: user=0.38 sys=0.02, real=0.06 secs]
2014-07-28T04:21:58.780+0000: 1362.462: [GC2014-07-28T04:21:58.781+0000: 1362.463: [ParNew: 92160K->10240K(92160K), 0.0469970 secs] 11948381K->11889195K(20961280K), 0.0490340 secs] [Times: user=0.33 sys=0.01, real=0.05 secs]
2014-07-28T04:21:59.896+0000: 1363.578: [GC2014-07-28T04:21:59.897+0000: 1363.579: [ParNew: 92160K->10240K(92160K), 0.0484350 secs] 11971115K->11916803K(20961280K), 0.0506180 secs] [Times: user=0.34 sys=0.00, real=0.06 secs]
2014-07-28T04:22:00.351+0000: 1364.032: [GC2014-07-28T04:22:00.352+0000: 1364.033: [ParNew: 92160K->10240K(92160K), 0.0505890 secs] 11998723K->11940193K(20961280K), 0.0526900 secs] [Times: user=0.36 sys=0.01, real=0.05 secs]
2014-07-28T04:22:00.941+0000: 1364.623: [GC2014-07-28T04:22:00.943+0000: 1364.624: [ParNew: 92160K->10240K(92160K), 0.0523180 secs] 12022113K->11968253K(20961280K), 0.0544120 secs] [Times: user=0.36 sys=0.02, real=0.05 secs]
2014-07-28T04:22:01.359+0000: 1365.041: [GC2014-07-28T04:22:01.360+0000: 1365.042: [ParNew: 92160K->10240K(92160K), 0.0498960 secs] 12050173K->11994998K(20961280K), 0.0520560 secs] [Times: user=0.32 sys=0.03, real=0.05 secs]
2014-07-28T04:22:01.588+0000: 1365.269: [GC2014-07-28T04:22:01.589+0000: 1365.270: [ParNew: 92157K->10240K(92160K), 0.0477390 secs] 12076915K->12017625K(20961280K), 0.0498360 secs] [Times: user=0.33 sys=0.01, real=0.05 secs]
2014-07-28T04:22:02.262+0000: 1365.943: [GC2014-07-28T04:22:02.263+0000: 1365.944: [ParNew: 92160K->10240K(92160K), 0.0500420 secs] 12099545K->12044256K(20961280K), 0.0522000 secs] [Times: user=0.33 sys=0.02, real=0.05 secs]
2014-07-28T04:22:02.456+0000: 1366.137: [GC2014-07-28T04:22:02.457+0000: 1366.138: [ParNew: 92160K->10240K(92160K), 0.0491970 secs] 12126176K->12070299K(20961280K), 0.0513290 secs] [Times: user=0.35 sys=0.00, real=0.06 secs]
2014-07-28T04:22:02.660+0000: 1366.342: [GC2014-07-28T04:22:02.661+0000: 1366.343: [ParNew: 92160K->10240K(92160K), 0.0554280 secs] 12152219K->12099366K(20961280K), 0.0574840 secs] [Times: user=0.37 sys=0.01, real=0.06 secs]
2014-07-28T04:22:02.846+0000: 1366.528: [GC2014-07-28T04:22:02.847+0000: 1366.529: [ParNew: 92160K->10240K(92160K), 0.0700960 secs] 12181286K->12122668K(20961280K), 0.0722540 secs] [Times: user=0.33 sys=0.01, real=0.07 secs]
2014-07-28T04:22:03.239+0000: 1366.921: [GC2014-07-28T04:22:03.241+0000: 1366.922: [ParNew: 92159K->10240K(92160K), 0.0510710 secs] 12204588K->12147215K(20961280K), 0.0531860 secs] [Times: user=0.36 sys=0.00, real=0.05 secs]
2014-07-28T04:22:04.194+0000: 1367.875: [GC2014-07-28T04:22:04.195+0000: 1367.876: [ParNew: 92160K->10240K(92160K), 0.0516390 secs] 12229135K->12173495K(20961280K), 0.0537040 secs] [Times: user=0.36 sys=0.01, real=0.06 secs]
2014-07-28T04:22:05.591+0000: 1369.273: [GC2014-07-28T04:22:05.592+0000: 1369.274: [ParNew: 92033K->10240K(92160K), 0.0529890 secs] 12255288K->12198383K(20961280K), 0.0550530 secs] [Times: user=0.37 sys=0.01, real=0.06 secs]
2014-07-28T04:22:06.275+0000: 1369.956: [GC2014-07-28T04:22:06.276+0000: 1369.957: [ParNew: 92160K->10240K(92160K), 0.0480400 secs] 12280303K->12223840K(20961280K), 0.0500850 secs] [Times: user=0.31 sys=0.02, real=0.06 secs]
2014-07-28T04:22:06.891+0000: 1370.573: [GC2014-07-28T04:22:06.892+0000: 1370.574: [ParNew: 92160K->10240K(92160K), 0.0459790 secs] 12305760K->12248756K(20961280K), 0.0480470 secs] [Times: user=0.31 sys=0.00, real=0.05 secs]
2014-07-28T04:22:07.316+0000: 1370.998: [GC2014-07-28T04:22:07.317+0000: 1370.999: [ParNew: 92160K->10240K(92160K), 0.0537530 secs] 12330676K->12277539K(20961280K), 0.0558100 secs] [Times: user=0.39 sys=0.00, real=0.06 secs]
2014-07-28T04:22:08.847+0000: 1372.529: [GC2014-07-28T04:22:08.849+0000: 1372.530: [ParNew: 92160K->10240K(92160K), 0.0760750 secs] 12359459K->12299989K(20961280K), 0.0786400 secs] [Times: user=0.41 sys=0.03, real=0.08 secs]
2014-07-28T04:22:09.976+0000: 1373.657: [GC2014-07-28T04:22:09.977+0000: 1373.658: [ParNew: 92160K->10240K(92160K), 0.0599450 secs] 12381909K->12327574K(20961280K), 0.0620300 secs] [Times: user=0.38 sys=0.03, real=0.07 secs]
2014-07-28T04:22:10.328+0000: 1374.009: [GC2014-07-28T04:22:10.329+0000: 1374.010: [ParNew: 92159K->10240K(92160K), 0.0628680 secs] 12409493K->12351254K(20961280K), 0.0649580 secs] [Times: user=0.41 sys=0.02, real=0.06 secs]
2014-07-28T04:22:11.025+0000: 1374.707: [GC2014-07-28T04:22:11.026+0000: 1374.708: [ParNew: 92160K->10240K(92160K), 0.0500340 secs] 12433174K->12379032K(20961280K), 0.0521160 secs] [Times: user=0.35 sys=0.01, real=0.06 secs]
2014-07-28T04:22:11.449+0000: 1375.131: [GC2014-07-28T04:22:11.450+0000: 1375.132: [ParNew: 92160K->10240K(92160K), 0.0566710 secs] 12460952K->12406471K(20961280K), 0.0587610 secs] [Times: user=0.41 sys=0.00, real=0.06 secs]
2014-07-28T04:22:11.657+0000: 1375.339: [GC2014-07-28T04:22:11.658+0000: 1375.340: [ParNew: 92160K->10240K(92160K), 0.0500400 secs] 12488391K->12428950K(20961280K), 0.0521770 secs] [Times: user=0.35 sys=0.01, real=0.06 secs]
2014-07-28T04:22:12.356+0000: 1376.037: [GC2014-07-28T04:22:12.357+0000: 1376.038: [ParNew: 92160K->10240K(92160K), 0.0542370 secs] 12510870K->12455087K(20961280K), 0.0562880 secs] [Times: user=0.38 sys=0.00, real=0.06 secs]
2014-07-28T04:22:12.549+0000: 1376.231: [GC2014-07-28T04:22:12.550+0000: 1376.232: [ParNew: 92160K->10240K(92160K), 0.0509440 secs] 12537007K->12481353K(20961280K), 0.0530410 secs] [Times: user=0.36 sys=0.00, real=0.05 secs]
2014-07-28T04:22:12.780+0000: 1376.461: [GC2014-07-28T04:22:12.781+0000: 1376.462: [ParNew: 92160K->10240K(92160K), 0.0545090 secs] 12563273K->12511253K(20961280K), 0.0565940 secs] [Times: user=0.36 sys=0.02, real=0.05 secs]
2014-07-28T04:22:12.970+0000: 1376.652: [GC2014-07-28T04:22:12.971+0000: 1376.653: [ParNew: 92122K->10240K(92160K), 0.0504690 secs] 12593135K->12535321K(20961280K), 0.0525500 secs] [Times: user=0.35 sys=0.01, real=0.05 secs]
2014-07-28T04:22:13.209+0000: 1376.890: [GC2014-07-28T04:22:13.210+0000: 1376.892: [ParNew: 92154K->10240K(92160K), 0.0487730 secs] 12617236K->12558589K(20961280K), 0.0508700 secs] [Times: user=0.34 sys=0.01, real=0.05 secs]
2014-07-28T04:22:14.281+0000: 1377.963: [GC2014-07-28T04:22:14.282+0000: 1377.964: [ParNew: 92160K->10240K(92160K), 0.0487430 secs] 12640509K->12584194K(20961280K), 0.0508460 secs] [Times: user=0.34 sys=0.00, real=0.05 secs]
2014-07-28T04:22:15.602+0000: 1379.284: [GC2014-07-28T04:22:15.603+0000: 1379.285: [ParNew: 92160K->10240K(92160K), 0.0578110 secs] 12666114K->12609348K(20961280K), 0.0598930 secs] [Times: user=0.36 sys=0.01, real=0.06 secs]
2014-07-28T04:22:16.348+0000: 1380.029: [GC2014-07-28T04:22:16.349+0000: 1380.030: [ParNew: 92160K->10240K(92160K), 0.0533280 secs] 12691268K->12634843K(20961280K), 0.0553720 secs] [Times: user=0.36 sys=0.00, real=0.05 secs]
2014-07-28T04:22:16.939+0000: 1380.621: [GC2014-07-28T04:22:16.940+0000: 1380.622: [ParNew: 92160K->10240K(92160K), 0.0604570 secs] 12716763K->12659702K(20961280K), 0.0626140 secs] [Times: user=0.37 sys=0.01, real=0.06 secs]
2014-07-28T04:22:17.419+0000: 1381.100: [GC2014-07-28T04:22:17.420+0000: 1381.101: [ParNew: 92158K->10240K(92160K), 0.0520420 secs] 12741621K->12687847K(20961280K), 0.0540930 secs] [Times: user=0.38 sys=0.00, real=0.05 secs]
2014-07-28T04:22:18.836+0000: 1382.517: [GC2014-07-28T04:22:18.837+0000: 1382.518: [ParNew: 92159K->10240K(92160K), 0.0503950 secs] 12769767K->12711282K(20961280K), 0.0524330 secs] [Times: user=0.36 sys=0.00, real=0.06 secs]
2014-07-28T04:22:20.075+0000: 1383.757: [GC2014-07-28T04:22:20.076+0000: 1383.758: [ParNew: 92160K->10240K(92160K), 0.0527560 secs] 12793202K->12738473K(20961280K), 0.0548150 secs] [Times: user=0.36 sys=0.02, real=0.05 secs]
2014-07-28T04:22:20.415+0000: 1384.097: [GC2014-07-28T04:22:20.416+0000: 1384.098: [ParNew: 92160K->10240K(92160K), 0.0478000 secs] 12820393K->12762996K(20961280K), 0.0498520 secs] [Times: user=0.33 sys=0.01, real=0.05 secs]
2014-07-28T04:22:21.141+0000: 1384.822: [GC2014-07-28T04:22:21.142+0000: 1384.823: [ParNew: 92160K->10240K(92160K), 0.0534640 secs] 12844916K->12790385K(20961280K), 0.0556660 secs] [Times: user=0.36 sys=0.01, real=0.06 secs]
2014-07-28T04:22:21.582+0000: 1385.263: [GC2014-07-28T04:22:21.583+0000: 1385.264: [ParNew: 92160K->10240K(92160K), 0.0494920 secs] 12872305K->12815845K(20961280K), 0.0516380 secs] [Times: user=0.34 sys=0.00, real=0.06 secs]
2014-07-28T04:22:21.770+0000: 1385.452: [GC2014-07-28T04:22:21.771+0000: 1385.453: [ParNew: 92160K->10240K(92160K), 0.0467500 secs] 12897765K->12840290K(20961280K), 0.0488170 secs] [Times: user=0.33 sys=0.01, real=0.05 secs]
2014-07-28T04:22:22.449+0000: 1386.130: [GC2014-07-28T04:22:22.450+0000: 1386.131: [ParNew: 92153K->10240K(92160K), 0.0508670 secs] 12922203K->12866340K(20961280K), 0.0529210 secs] [Times: user=0.34 sys=0.01, real=0.05 secs]
2014-07-28T04:22:22.652+0000: 1386.334: [GC2014-07-28T04:22:22.653+0000: 1386.335: [ParNew: 92160K->10240K(92160K), 0.0518930 secs] 12948260K->12893274K(20961280K), 0.0540950 secs] [Times: user=0.34 sys=0.02, real=0.06 secs]
2014-07-28T04:22:22.914+0000: 1386.596: [GC2014-07-28T04:22:22.916+0000: 1386.597: [ParNew: 92160K->10240K(92160K), 0.0641540 secs] 12975194K->12919419K(20961280K), 0.0663770 secs] [Times: user=0.35 sys=0.02, real=0.06 secs]
2014-07-28T04:22:23.106+0000: 1386.788: [GC2014-07-28T04:22:23.108+0000: 1386.789: [ParNew: 92160K->10240K(92160K), 0.0775850 secs] 13001339K->12948315K(20961280K), 0.0798830 secs] [Times: user=0.40 sys=0.01, real=0.08 secs]
2014-07-28T04:22:23.359+0000: 1387.041: [GC2014-07-28T04:22:23.360+0000: 1387.042: [ParNew: 92155K->10240K(92160K), 0.0727610 secs] 13030231K->12970238K(20961280K), 0.0748800 secs] [Times: user=0.36 sys=0.01, real=0.08 secs]
2014-07-28T04:22:24.357+0000: 1388.039: [GC2014-07-28T04:22:24.358+0000: 1388.040: [ParNew: 92160K->10240K(92160K), 0.0535930 secs] 13052158K->12995806K(20961280K), 0.0556770 secs] [Times: user=0.35 sys=0.00, real=0.06 secs]
2014-07-28T04:22:25.719+0000: 1389.400: [GC2014-07-28T04:22:25.720+0000: 1389.401: [ParNew: 92158K->10240K(92160K), 0.0495330 secs] 13077725K->13021115K(20961280K), 0.0516250 secs] [Times: user=0.33 sys=0.02, real=0.05 secs]
2014-07-28T04:22:26.466+0000: 1390.147: [GC2014-07-28T04:22:26.467+0000: 1390.148: [ParNew: 92160K->10240K(92160K), 0.0496460 secs] 13103035K->13046677K(20961280K), 0.0517120 secs] [Times: user=0.33 sys=0.01, real=0.06 secs]
2014-07-28T04:22:27.073+0000: 1390.755: [GC2014-07-28T04:22:27.077+0000: 1390.759: [ParNew: 92160K->10240K(92160K), 0.0543130 secs] 13128597K->13071886K(20961280K), 0.0595370 secs] [Times: user=0.36 sys=0.00, real=0.07 secs]
2014-07-28T04:22:27.528+0000: 1391.209: [GC2014-07-28T04:22:27.529+0000: 1391.210: [ParNew: 92159K->10240K(92160K), 0.0515450 secs] 13153805K->13100102K(20961280K), 0.0536000 secs] [Times: user=0.35 sys=0.02, real=0.05 secs]
2014-07-28T04:22:28.960+0000: 1392.642: [GC2014-07-28T04:22:28.961+0000: 1392.643: [ParNew: 92160K->10240K(92160K), 0.0472890 secs] 13182022K->13123112K(20961280K), 0.0493300 secs] [Times: user=0.34 sys=0.00, real=0.05 secs]
2014-07-28T04:22:30.175+0000: 1393.856: [GC2014-07-28T04:22:30.176+0000: 1393.857: [ParNew: 92160K->10240K(92160K), 0.0500060 secs] 13205032K->13150002K(20961280K), 0.0520380 secs] [Times: user=0.35 sys=0.01, real=0.05 secs]
2014-07-28T04:22:30.487+0000: 1394.168: [GC2014-07-28T04:22:30.488+0000: 1394.170: [ParNew: 92160K->10240K(92160K), 0.0479310 secs] 13231922K->13174428K(20961280K), 0.0500280 secs] [Times: user=0.34 sys=0.00, real=0.05 secs]
2014-07-28T04:22:31.225+0000: 1394.906: [GC2014-07-28T04:22:31.226+0000: 1394.907: [ParNew: 92160K->10240K(92160K), 0.0516030 secs] 13256348K->13201475K(20961280K), 0.0536780 secs] [Times: user=0.37 sys=0.01, real=0.06 secs]
2014-07-28T04:22:31.687+0000: 1395.368: [GC2014-07-28T04:22:31.688+0000: 1395.369: [ParNew: 92160K->10240K(92160K), 0.0565110 secs] 13283395K->13227930K(20961280K), 0.0585570 secs] [Times: user=0.37 sys=0.01, real=0.06 secs]
2014-07-28T04:22:31.872+0000: 1395.554: [GC2014-07-28T04:22:31.873+0000: 1395.555: [ParNew: 92160K->10240K(92160K), 0.0508910 secs] 13309850K->13252312K(20961280K), 0.0529470 secs] [Times: user=0.36 sys=0.01, real=0.06 secs]
2014-07-28T04:22:32.524+0000: 1396.205: [GC2014-07-28T04:22:32.525+0000: 1396.206: [ParNew: 92160K->10240K(92160K), 0.0506170 secs] 13334232K->13277247K(20961280K), 0.0526570 secs] [Times: user=0.36 sys=0.00, real=0.06 secs]
2014-07-28T04:22:32.738+0000: 1396.420: [GC2014-07-28T04:22:32.739+0000: 1396.421: [ParNew: 92160K->10240K(92160K), 0.0505920 secs] 13359167K->13303523K(20961280K), 0.0527800 secs] [Times: user=0.34 sys=0.02, real=0.05 secs]
2014-07-28T04:22:33.038+0000: 1396.719: [GC2014-07-28T04:22:33.039+0000: 1396.720: [ParNew: 92159K->10240K(92160K), 0.0526790 secs] 13385443K->13331230K(20961280K), 0.0547750 secs] [Times: user=0.35 sys=0.00, real=0.06 secs]
2014-07-28T04:22:33.281+0000: 1396.962: [GC2014-07-28T04:22:33.282+0000: 1396.963: [ParNew: 92160K->10240K(92160K), 0.0551080 secs] 13413150K->13360687K(20961280K), 0.0571560 secs] [Times: user=0.37 sys=0.02, real=0.06 secs]
2014-07-28T04:22:33.488+0000: 1397.169: [GC2014-07-28T04:22:33.489+0000: 1397.171: [ParNew: 92160K->10240K(92160K), 0.0509930 secs] 13442607K->13383238K(20961280K), 0.0530650 secs] [Times: user=0.36 sys=0.00, real=0.05 secs]
2014-07-28T04:22:34.262+0000: 1397.943: [GC2014-07-28T04:22:34.263+0000: 1397.944: [ParNew: 92160K->10240K(92160K), 0.0487570 secs] 13465158K->13407799K(20961280K), 0.0508400 secs] [Times: user=0.33 sys=0.02, real=0.06 secs]
2014-07-28T04:22:35.660+0000: 1399.342: [GC2014-07-28T04:22:35.661+0000: 1399.343: [ParNew: 92160K->10240K(92160K), 0.0845970 secs] 13489719K->13433972K(20961280K), 0.0870710 secs] [Times: user=0.36 sys=0.01, real=0.09 secs]
2014-07-28T04:22:36.253+0000: 1399.934: [GC2014-07-28T04:22:36.254+0000: 1399.935: [ParNew: 92160K->10240K(92160K), 0.0509370 secs] 13515892K->13459160K(20961280K), 0.0530320 secs] [Times: user=0.37 sys=0.00, real=0.06 secs]
2014-07-28T04:22:36.778+0000: 1400.459: [GC2014-07-28T04:22:36.779+0000: 1400.460: [ParNew: 92160K->10240K(92160K), 0.0503400 secs] 13541080K->13484560K(20961280K), 0.0525150 secs] [Times: user=0.35 sys=0.00, real=0.05 secs]
2014-07-28T04:22:37.621+0000: 1401.302: [GC2014-07-28T04:22:37.622+0000: 1401.304: [ParNew: 92160K->10240K(92160K), 0.0592690 secs] 13566480K->13510213K(20961280K), 0.0613810 secs] [Times: user=0.35 sys=0.01, real=0.06 secs]
2014-07-28T04:22:38.617+0000: 1402.298: [GC2014-07-28T04:22:38.618+0000: 1402.299: [ParNew: 92150K->10240K(92160K), 0.0522390 secs] 13592124K->13535036K(20961280K), 0.0542930 secs] [Times: user=0.37 sys=0.00, real=0.05 secs]
2014-07-28T04:22:40.096+0000: 1403.777: [GC2014-07-28T04:22:40.097+0000: 1403.778: [ParNew: 92153K->10240K(92160K), 0.0483790 secs] 13616950K->13560000K(20961280K), 0.0504260 secs] [Times: user=0.34 sys=0.01, real=0.05 secs]
2014-07-28T04:22:40.431+0000: 1404.112: [GC2014-07-28T04:22:40.432+0000: 1404.113: [ParNew: 92159K->10240K(92160K), 0.0516040 secs] 13641919K->13587579K(20961280K), 0.0537830 secs] [Times: user=0.33 sys=0.02, real=0.06 secs]
2014-07-28T04:22:41.076+0000: 1404.757: [GC2014-07-28T04:22:41.077+0000: 1404.758: [ParNew: 92143K->10240K(92160K), 0.0473520 secs] 13669483K->13610703K(20961280K), 0.0494060 secs] [Times: user=0.33 sys=0.00, real=0.05 secs]
2014-07-28T04:22:41.678+0000: 1405.359: [GC2014-07-28T04:22:41.679+0000: 1405.360: [ParNew: 92158K->10240K(92160K), 0.0461300 secs] 13692621K->13635563K(20961280K), 0.0482040 secs] [Times: user=0.30 sys=0.02, real=0.05 secs]
2014-07-28T04:22:41.935+0000: 1405.616: [GC2014-07-28T04:22:41.936+0000: 1405.617: [ParNew: 92160K->10240K(92160K), 0.0494960 secs] 13717483K->13661012K(20961280K), 0.0515410 secs] [Times: user=0.33 sys=0.01, real=0.05 secs]
2014-07-28T04:22:42.228+0000: 1405.909: [GC2014-07-28T04:22:42.229+0000: 1405.910: [ParNew: 92160K->10240K(92160K), 0.0722900 secs] 13742932K->13687868K(20961280K), 0.0744160 secs] [Times: user=0.35 sys=0.01, real=0.07 secs]
2014-07-28T04:22:42.758+0000: 1406.440: [GC2014-07-28T04:22:42.760+0000: 1406.441: [ParNew: 92160K->10240K(92160K), 0.0482600 secs] 13769788K->13712820K(20961280K), 0.0503840 secs] [Times: user=0.34 sys=0.01, real=0.05 secs]
2014-07-28T04:22:43.115+0000: 1406.796: [GC2014-07-28T04:22:43.116+0000: 1406.797: [ParNew: 92160K->10240K(92160K), 0.0487950 secs] 13794740K->13737990K(20961280K), 0.0508510 secs] [Times: user=0.31 sys=0.01, real=0.05 secs]
2014-07-28T04:22:43.375+0000: 1407.056: [GC2014-07-28T04:22:43.376+0000: 1407.057: [ParNew: 92160K->10240K(92160K), 0.0502250 secs] 13819910K->13766613K(20961280K), 0.0522720 secs] [Times: user=0.34 sys=0.02, real=0.05 secs]
2014-07-28T04:22:43.581+0000: 1407.262: [GC2014-07-28T04:22:43.582+0000: 1407.263: [ParNew: 92160K->10240K(92160K), 0.0535670 secs] 13848533K->13792324K(20961280K), 0.0556330 secs] [Times: user=0.39 sys=0.00, real=0.06 secs]
2014-07-28T04:22:44.287+0000: 1407.969: [GC2014-07-28T04:22:44.288+0000: 1407.970: [ParNew: 92160K->10240K(92160K), 0.0463370 secs] 13874244K->13815884K(20961280K), 0.0484080 secs] [Times: user=0.32 sys=0.01, real=0.05 secs]
2014-07-28T04:22:45.765+0000: 1409.446: [GC2014-07-28T04:22:45.766+0000: 1409.447: [ParNew: 92160K->10240K(92160K), 0.0468770 secs] 13897804K->13841711K(20961280K), 0.0489420 secs] [Times: user=0.32 sys=0.01, real=0.06 secs]
2014-07-28T04:22:46.321+0000: 1410.002: [GC2014-07-28T04:22:46.322+0000: 1410.003: [ParNew: 92159K->10240K(92160K), 0.0468090 secs] 13923630K->13867112K(20961280K), 0.0488970 secs] [Times: user=0.32 sys=0.01, real=0.05 secs]
2014-07-28T04:22:46.843+0000: 1410.524: [GC2014-07-28T04:22:46.844+0000: 1410.525: [ParNew: 92160K->10240K(92160K), 0.0442640 secs] 13949032K->13892375K(20961280K), 0.0463690 secs] [Times: user=0.29 sys=0.01, real=0.05 secs]
2014-07-28T04:22:47.523+0000: 1411.204: [GC2014-07-28T04:22:47.524+0000: 1411.205: [ParNew: 92160K->10240K(92160K), 0.0490810 secs] 13974295K->13917451K(20961280K), 0.0511680 secs] [Times: user=0.34 sys=0.01, real=0.06 secs]
2014-07-28T04:22:47.895+0000: 1411.576: [GC2014-07-28T04:22:47.896+0000: 1411.577: [ParNew: 92154K->10240K(92160K), 0.0507800 secs] 13999365K->13943347K(20961280K), 0.0528160 secs] [Times: user=0.34 sys=0.02, real=0.05 secs]
2014-07-28T04:22:50.075+0000: 1413.756: [GC2014-07-28T04:22:50.076+0000: 1413.757: [ParNew: 92159K->10240K(92160K), 0.0484470 secs] 14025266K->13968331K(20961280K), 0.0504930 secs] [Times: user=0.33 sys=0.01, real=0.05 secs]
2014-07-28T04:22:50.510+0000: 1414.191: [GC2014-07-28T04:22:50.511+0000: 1414.192: [ParNew: 92160K->10240K(92160K), 0.0502610 secs] 14050251K->13996297K(20961280K), 0.0524280 secs] [Times: user=0.34 sys=0.01, real=0.05 secs]
2014-07-28T04:22:51.085+0000: 1414.766: [GC2014-07-28T04:22:51.086+0000: 1414.767: [ParNew: 92159K->10240K(92160K), 0.0472650 secs] 14078217K->14019844K(20961280K), 0.0493630 secs] [Times: user=0.33 sys=0.01, real=0.05 secs]
2014-07-28T04:22:51.656+0000: 1415.337: [GC2014-07-28T04:22:51.657+0000: 1415.338: [ParNew: 92152K->10240K(92160K), 0.0509280 secs] 14101757K->14044940K(20961280K), 0.0529720 secs] [Times: user=0.36 sys=0.01, real=0.05 secs]
2014-07-28T04:22:51.972+0000: 1415.653: [GC2014-07-28T04:22:51.973+0000: 1415.654: [ParNew: 92159K->10240K(92160K), 0.0485480 secs] 14126859K->14069927K(20961280K), 0.0506300 secs] [Times: user=0.33 sys=0.01, real=0.06 secs]
2014-07-28T04:22:52.335+0000: 1416.016: [GC2014-07-28T04:22:52.336+0000: 1416.017: [ParNew: 92160K->10240K(92160K), 0.0501840 secs] 14151847K->14098051K(20961280K), 0.0522410 secs] [Times: user=0.33 sys=0.02, real=0.05 secs]
2014-07-28T04:22:52.832+0000: 1416.513: [GC2014-07-28T04:22:52.833+0000: 1416.514: [ParNew: 92160K->10240K(92160K), 0.0687770 secs] 14179971K->14123397K(20961280K), 0.0711020 secs] [Times: user=0.46 sys=0.00, real=0.08 secs]
2014-07-28T04:22:53.184+0000: 1416.865: [GC2014-07-28T04:22:53.185+0000: 1416.866: [ParNew: 92145K->10240K(92160K), 0.0714520 secs] 14205303K->14147598K(20961280K), 0.0736870 secs] [Times: user=0.40 sys=0.01, real=0.07 secs]
2014-07-28T04:22:53.484+0000: 1417.165: [GC2014-07-28T04:22:53.485+0000: 1417.166: [ParNew: 92146K->10240K(92160K), 0.0685010 secs] 14229505K->14174940K(20961280K), 0.0707490 secs] [Times: user=0.44 sys=0.01, real=0.07 secs]
2014-07-28T04:22:53.710+0000: 1417.391: [GC2014-07-28T04:22:53.711+0000: 1417.392: [ParNew: 92160K->10240K(92160K), 0.0817660 secs] 14256860K->14201505K(20961280K), 0.0838990 secs] [Times: user=0.47 sys=0.02, real=0.09 secs]
2014-07-28T04:22:54.348+0000: 1418.029: [GC2014-07-28T04:22:54.349+0000: 1418.030: [ParNew: 92158K->10240K(92160K), 0.0623190 secs] 14283423K->14224938K(20961280K), 0.0644360 secs] [Times: user=0.36 sys=0.00, real=0.07 secs]
2014-07-28T04:22:55.751+0000: 1419.432: [GC2014-07-28T04:22:55.752+0000: 1419.433: [ParNew: 92160K->10240K(92160K), 0.0470150 secs] 14306858K->14249882K(20961280K), 0.0490640 secs] [Times: user=0.31 sys=0.01, real=0.05 secs]
2014-07-28T04:22:56.384+0000: 1420.066: [GC2014-07-28T04:22:56.385+0000: 1420.067: [ParNew: 92153K->10240K(92160K), 0.0516160 secs] 14331795K->14274563K(20961280K), 0.0536720 secs] [Times: user=0.34 sys=0.01, real=0.05 secs]
2014-07-28T04:22:56.857+0000: 1420.539: [GC2014-07-28T04:22:56.858+0000: 1420.540: [ParNew: 92156K->10240K(92160K), 0.0433880 secs] 14356480K->14300023K(20961280K), 0.0454580 secs] [Times: user=0.30 sys=0.00, real=0.05 secs]
2014-07-28T04:22:57.459+0000: 1421.141: [GC2014-07-28T04:22:57.460+0000: 1421.142: [ParNew: 92159K->10240K(92160K), 0.0493280 secs] 14381942K->14325426K(20961280K), 0.0513950 secs] [Times: user=0.32 sys=0.03, real=0.05 secs]
2014-07-28T04:22:57.964+0000: 1421.646: [GC2014-07-28T04:22:57.965+0000: 1421.647: [ParNew: 92160K->10240K(92160K), 0.0494380 secs] 14407346K->14351572K(20961280K), 0.0514730 secs] [Times: user=0.34 sys=0.01, real=0.05 secs]
2014-07-28T04:23:00.090+0000: 1423.771: [GC2014-07-28T04:23:00.091+0000: 1423.772: [ParNew: 92160K->10240K(92160K), 0.0525150 secs] 14433492K->14376984K(20961280K), 0.0545970 secs] [Times: user=0.36 sys=0.00, real=0.06 secs]
2014-07-28T04:23:00.615+0000: 1424.296: [GC2014-07-28T04:23:00.616+0000: 1424.297: [ParNew: 92160K->10240K(92160K), 0.0511620 secs] 14458904K->14403375K(20961280K), 0.0532880 secs] [Times: user=0.36 sys=0.01, real=0.05 secs]
2014-07-28T04:23:01.135+0000: 1424.816: [GC2014-07-28T04:23:01.136+0000: 1424.817: [ParNew: 92156K->10240K(92160K), 0.0587430 secs] 14485291K->14427819K(20961280K), 0.0608160 secs] [Times: user=0.35 sys=0.01, real=0.06 secs]
2014-07-28T04:23:01.573+0000: 1425.255: [GC2014-07-28T04:23:01.574+0000: 1425.256: [ParNew: 92158K->10240K(92160K), 0.0494870 secs] 14509738K->14453178K(20961280K), 0.0515990 secs] [Times: user=0.34 sys=0.00, real=0.06 secs]
2014-07-28T04:23:02.030+0000: 1425.712: [GC2014-07-28T04:23:02.031+0000: 1425.713: [ParNew: 92160K->10240K(92160K), 0.0615310 secs] 14535098K->14478397K(20961280K), 0.0637280 secs] [Times: user=0.34 sys=0.02, real=0.07 secs]
2014-07-28T04:23:02.414+0000: 1426.095: [GC2014-07-28T04:23:02.415+0000: 1426.096: [ParNew: 92160K->10240K(92160K), 0.0510110 secs] 14560317K->14505364K(20961280K), 0.0531210 secs] [Times: user=0.35 sys=0.01, real=0.06 secs]
2014-07-28T04:23:02.938+0000: 1426.619: [GC2014-07-28T04:23:02.939+0000: 1426.620: [ParNew: 92158K->10240K(92160K), 0.0496350 secs] 14587283K->14530866K(20961280K), 0.0517270 secs] [Times: user=0.33 sys=0.02, real=0.05 secs]
2014-07-28T04:23:03.120+0000: 1426.801: [GC2014-07-28T04:23:03.121+0000: 1426.802: [ParNew: 92160K->10240K(92160K), 0.0485210 secs] 14612786K->14556031K(20961280K), 0.0506050 secs] [Times: user=0.33 sys=0.00, real=0.05 secs]
2014-07-28T04:23:03.612+0000: 1427.293: [GC2014-07-28T04:23:03.613+0000: 1427.294: [ParNew: 92160K->10240K(92160K), 0.0496750 secs] 14637951K->14582925K(20961280K), 0.0517200 secs] [Times: user=0.34 sys=0.01, real=0.06 secs]
2014-07-28T04:23:03.843+0000: 1427.525: [GC2014-07-28T04:23:03.844+0000: 1427.526: [ParNew: 92160K->10240K(92160K), 0.0517210 secs] 14664845K->14609269K(20961280K), 0.0537730 secs] [Times: user=0.35 sys=0.01, real=0.05 secs]
2014-07-28T04:23:04.324+0000: 1428.005: [GC2014-07-28T04:23:04.325+0000: 1428.006: [ParNew: 92160K->10240K(92160K), 0.0469100 secs] 14691189K->14633153K(20961280K), 0.0489410 secs] [Times: user=0.34 sys=0.00, real=0.05 secs]
2014-07-28T04:23:05.750+0000: 1429.431: [GC2014-07-28T04:23:05.751+0000: 1429.432: [ParNew: 92146K->10240K(92160K), 0.0470280 secs] 14715060K->14658870K(20961280K), 0.0491180 secs] [Times: user=0.31 sys=0.01, real=0.05 secs]
2014-07-28T04:23:06.369+0000: 1430.051: [GC2014-07-28T04:23:06.370+0000: 1430.052: [ParNew: 92159K->10240K(92160K), 0.0477210 secs] 14740790K->14684474K(20961280K), 0.0498330 secs] [Times: user=0.32 sys=0.01, real=0.05 secs]
2014-07-28T04:23:06.912+0000: 1430.593: [GC2014-07-28T04:23:06.913+0000: 1430.594: [ParNew: 92158K->10240K(92160K), 0.0451440 secs] 14766393K->14709298K(20961280K), 0.0472410 secs] [Times: user=0.32 sys=0.00, real=0.05 secs]
2014-07-28T04:23:07.527+0000: 1431.208: [GC2014-07-28T04:23:07.528+0000: 1431.209: [ParNew: 92160K->10240K(92160K), 0.0496440 secs] 14791218K->14735392K(20961280K), 0.0517560 secs] [Times: user=0.33 sys=0.03, real=0.05 secs]
2014-07-28T04:23:08.034+0000: 1431.716: [GC2014-07-28T04:23:08.035+0000: 1431.717: [ParNew: 92160K->10240K(92160K), 0.0486130 secs] 14817312K->14760966K(20961280K), 0.0506710 secs] [Times: user=0.34 sys=0.01, real=0.05 secs]
2014-07-28T04:23:10.160+0000: 1433.841: [GC2014-07-28T04:23:10.161+0000: 1433.842: [ParNew: 92149K->10240K(92160K), 0.0495760 secs] 14842876K->14786678K(20961280K), 0.0516220 secs] [Times: user=0.34 sys=0.00, real=0.05 secs]
2014-07-28T04:23:10.692+0000: 1434.373: [GC2014-07-28T04:23:10.693+0000: 1434.374: [ParNew: 92160K->10240K(92160K), 0.0472380 secs] 14868598K->14812745K(20961280K), 0.0492990 secs] [Times: user=0.33 sys=0.00, real=0.06 secs]
2014-07-28T04:23:11.169+0000: 1434.850: [GC2014-07-28T04:23:11.170+0000: 1434.851: [ParNew: 92156K->10240K(92160K), 0.0487920 secs] 14894662K->14837573K(20961280K), 0.0508940 secs] [Times: user=0.34 sys=0.01, real=0.05 secs]
2014-07-28T04:23:11.640+0000: 1435.321: [GC2014-07-28T04:23:11.641+0000: 1435.322: [ParNew: 92148K->10240K(92160K), 0.0509610 secs] 14919481K->14863162K(20961280K), 0.0530110 secs] [Times: user=0.36 sys=0.01, real=0.06 secs]
2014-07-28T04:23:12.116+0000: 1435.797: [GC2014-07-28T04:23:12.117+0000: 1435.798: [ParNew: 92150K->10240K(92160K), 0.0478880 secs] 14945073K->14889110K(20961280K), 0.0499780 secs] [Times: user=0.34 sys=0.01, real=0.05 secs]
2014-07-28T04:23:12.492+0000: 1436.174: [GC2014-07-28T04:23:12.493+0000: 1436.175: [ParNew: 92160K->10240K(92160K), 0.0498730 secs] 14971030K->14915640K(20961280K), 0.0519510 secs] [Times: user=0.34 sys=0.02, real=0.06 secs]
2014-07-28T04:23:13.019+0000: 1436.700: [GC2014-07-28T04:23:13.020+0000: 1436.701: [ParNew: 92160K->10240K(92160K), 0.0495890 secs] 14997560K->14941221K(20961280K), 0.0516580 secs] [Times: user=0.34 sys=0.01, real=0.05 secs]
2014-07-28T04:23:13.209+0000: 1436.890: [GC2014-07-28T04:23:13.210+0000: 1436.891: [ParNew: 92152K->10240K(92160K), 0.0514210 secs] 15023133K->14967662K(20961280K), 0.0534700 secs] [Times: user=0.36 sys=0.01, real=0.06 secs]
2014-07-28T04:23:13.698+0000: 1437.379: [GC2014-07-28T04:23:13.699+0000: 1437.380: [ParNew: 92160K->10240K(92160K), 0.0504410 secs] 15049582K->14993431K(20961280K), 0.0525070 secs] [Times: user=0.34 sys=0.01, real=0.05 secs]
2014-07-28T04:23:13.940+0000: 1437.622: [GC2014-07-28T04:23:13.941+0000: 1437.623: [ParNew: 92160K->10240K(92160K), 0.0481880 secs] 15075351K->15020331K(20961280K), 0.0502320 secs] [Times: user=0.32 sys=0.01, real=0.05 secs]
2014-07-28T04:23:14.388+0000: 1438.070: [GC2014-07-28T04:23:14.389+0000: 1438.071: [ParNew: 92151K->10240K(92160K), 0.0500570 secs] 15102242K->15044635K(20961280K), 0.0521090 secs] [Times: user=0.35 sys=0.01, real=0.06 secs]
2014-07-28T04:23:15.836+0000: 1439.518: [GC2014-07-28T04:23:15.837+0000: 1439.519: [ParNew: 92159K->10240K(92160K), 0.0483520 secs] 15126555K->15070436K(20961280K), 0.0504110 secs] [Times: user=0.29 sys=0.02, real=0.05 secs]
2014-07-28T04:23:16.468+0000: 1440.149: [GC2014-07-28T04:23:16.469+0000: 1440.150: [ParNew: 92159K->10240K(92160K), 0.0494140 secs] 15152356K->15096303K(20961280K), 0.0514640 secs] [Times: user=0.34 sys=0.01, real=0.05 secs]
2014-07-28T04:23:16.977+0000: 1440.659: [GC2014-07-28T04:23:16.978+0000: 1440.660: [ParNew: 92146K->10240K(92160K), 0.0485970 secs] 15178209K->15121091K(20961280K), 0.0506820 secs] [Times: user=0.34 sys=0.00, real=0.05 secs]
2014-07-28T04:23:17.630+0000: 1441.311: [GC2014-07-28T04:23:17.631+0000: 1441.312: [ParNew: 92160K->10240K(92160K), 0.0493260 secs] 15203011K->15146706K(20961280K), 0.0513840 secs] [Times: user=0.35 sys=0.00, real=0.06 secs]
2014-07-28T04:23:18.138+0000: 1441.819: [GC2014-07-28T04:23:18.139+0000: 1441.820: [ParNew: 92160K->10240K(92160K), 0.0501650 secs] 15228626K->15172533K(20961280K), 0.0522520 secs] [Times: user=0.33 sys=0.00, real=0.05 secs]
2014-07-28T04:23:20.230+0000: 1443.912: [GC2014-07-28T04:23:20.231+0000: 1443.913: [ParNew: 92160K->10240K(92160K), 0.0480800 secs] 15254453K->15197657K(20961280K), 0.0501110 secs] [Times: user=0.34 sys=0.01, real=0.06 secs]
2014-07-28T04:23:20.769+0000: 1444.450: [GC2014-07-28T04:23:20.770+0000: 1444.451: [ParNew: 92160K->10240K(92160K), 0.0478900 secs] 15279577K->15223564K(20961280K), 0.0499400 secs] [Times: user=0.32 sys=0.00, real=0.05 secs]
2014-07-28T04:23:21.234+0000: 1444.915: [GC2014-07-28T04:23:21.235+0000: 1444.916: [ParNew: 92148K->10240K(92160K), 0.0500440 secs] 15305473K->15248462K(20961280K), 0.0521190 secs] [Times: user=0.35 sys=0.00, real=0.06 secs]
2014-07-28T04:23:21.709+0000: 1445.391: [GC2014-07-28T04:23:21.710+0000: 1445.392: [ParNew: 92160K->10240K(92160K), 0.0499840 secs] 15330382K->15273967K(20961280K), 0.0520370 secs] [Times: user=0.35 sys=0.00, real=0.06 secs]
2014-07-28T04:23:22.194+0000: 1445.876: [GC2014-07-28T04:23:22.195+0000: 1445.877: [ParNew: 92160K->10240K(92160K), 0.0499660 secs] 15355887K->15299868K(20961280K), 0.0520570 secs] [Times: user=0.33 sys=0.02, real=0.05 secs]
2014-07-28T04:23:22.567+0000: 1446.248: [GC2014-07-28T04:23:22.568+0000: 1446.249: [ParNew: 92159K->10240K(92160K), 0.0527240 secs] 15381787K->15326286K(20961280K), 0.0547620 secs] [Times: user=0.36 sys=0.01, real=0.06 secs]
2014-07-28T04:23:23.097+0000: 1446.779: [GC2014-07-28T04:23:23.098+0000: 1446.780: [ParNew: 92160K->10240K(92160K), 0.0643770 secs] 15408206K->15351603K(20961280K), 0.0665160 secs] [Times: user=0.45 sys=0.00, real=0.07 secs]
2014-07-28T04:23:23.294+0000: 1446.976: [GC2014-07-28T04:23:23.296+0000: 1446.977: [ParNew: 92160K->10240K(92160K), 0.0773370 secs] 15433523K->15378469K(20961280K), 0.0794850 secs] [Times: user=0.38 sys=0.02, real=0.08 secs]
2014-07-28T04:23:23.777+0000: 1447.458: [GC2014-07-28T04:23:23.778+0000: 1447.459: [ParNew: 92160K->10240K(92160K), 0.0537370 secs] 15460389K->15403370K(20961280K), 0.0557840 secs] [Times: user=0.35 sys=0.00, real=0.06 secs]
2014-07-28T04:23:24.020+0000: 1447.702: [GC2014-07-28T04:23:24.021+0000: 1447.703: [ParNew: 92159K->10240K(92160K), 0.0565430 secs] 15485289K->15429990K(20961280K), 0.0586020 secs] [Times: user=0.39 sys=0.01, real=0.06 secs]
2014-07-28T04:23:24.320+0000: 1448.001: [GC2014-07-28T04:23:24.321+0000: 1448.002: [ParNew: 92143K->10240K(92160K), 0.0762800 secs] 15511894K->15454552K(20961280K), 0.0783730 secs] [Times: user=0.40 sys=0.00, real=0.08 secs]
2014-07-28T04:23:25.901+0000: 1449.582: [GC2014-07-28T04:23:25.902+0000: 1449.583: [ParNew: 92160K->10240K(92160K), 0.0492160 secs] 15536472K->15479642K(20961280K), 0.0512730 secs] [Times: user=0.34 sys=0.00, real=0.06 secs]
2014-07-28T04:23:26.537+0000: 1450.218: [GC2014-07-28T04:23:26.538+0000: 1450.219: [ParNew: 92160K->10240K(92160K), 0.0503560 secs] 15561562K->15505588K(20961280K), 0.0524310 secs] [Times: user=0.34 sys=0.01, real=0.06 secs]
2014-07-28T04:23:26.962+0000: 1450.644: [GC2014-07-28T04:23:26.963+0000: 1450.645: [ParNew: 92160K->10240K(92160K), 0.0497520 secs] 15587508K->15531295K(20961280K), 0.0519390 secs] [Times: user=0.34 sys=0.02, real=0.05 secs]
2014-07-28T04:23:27.696+0000: 1451.377: [GC2014-07-28T04:23:27.697+0000: 1451.378: [ParNew: 92158K->10240K(92160K), 0.0492580 secs] 15613213K->15556422K(20961280K), 0.0512940 secs] [Times: user=0.35 sys=0.01, real=0.05 secs]
2014-07-28T04:23:28.209+0000: 1451.891: [GC2014-07-28T04:23:28.211+0000: 1451.892: [ParNew: 92159K->10240K(92160K), 0.0524250 secs] 15638341K->15582070K(20961280K), 0.0544970 secs] [Times: user=0.36 sys=0.01, real=0.06 secs]
2014-07-28T04:23:30.250+0000: 1453.931: [GC2014-07-28T04:23:30.251+0000: 1453.932: [ParNew: 92159K->10240K(92160K), 0.0496110 secs] 15663990K->15607023K(20961280K), 0.0516980 secs] [Times: user=0.35 sys=0.00, real=0.06 secs]
2014-07-28T04:23:30.847+0000: 1454.528: [GC2014-07-28T04:23:30.848+0000: 1454.529: [ParNew: 92160K->10240K(92160K), 0.0490760 secs] 15688943K->15632537K(20961280K), 0.0511530 secs] [Times: user=0.34 sys=0.01, real=0.05 secs]
2014-07-28T04:23:31.252+0000: 1454.934: [GC2014-07-28T04:23:31.253+0000: 1454.935: [ParNew: 92155K->10240K(92160K), 0.0503540 secs] 15714453K->15657472K(20961280K), 0.0524510 secs] [Times: user=0.36 sys=0.00, real=0.05 secs]
2014-07-28T04:23:31.706+0000: 1455.387: [GC2014-07-28T04:23:31.707+0000: 1455.388: [ParNew: 92155K->10240K(92160K), 0.0502520 secs] 15739388K->15682764K(20961280K), 0.0524510 secs] [Times: user=0.32 sys=0.03, real=0.05 secs]
2014-07-28T04:23:31.766+0000: 1455.447: [GC [1 CMS-initial-mark: 15672524K(20869120K)] 15682783K(20961280K), 0.0164250 secs] [Times: user=0.02 sys=0.00, real=0.02 secs]
2014-07-28T04:23:31.787+0000: 1455.468: [CMS-concurrent-mark-start]
2014-07-28T04:23:32.186+0000: 1455.867: [GC2014-07-28T04:23:32.187+0000: 1455.868: [ParNew: 92159K->10240K(92160K), 0.0615610 secs] 15764684K->15707604K(20961280K), 0.0636720 secs] [Times: user=0.34 sys=0.00, real=0.07 secs]
2014-07-28T04:23:32.642+0000: 1456.323: [GC2014-07-28T04:23:32.643+0000: 1456.324: [ParNew: 92159K->10240K(92160K), 0.0503180 secs] 15789524K->15733196K(20961280K), 0.0524440 secs] [Times: user=0.35 sys=0.01, real=0.06 secs]
2014-07-28T04:23:33.022+0000: 1456.704: [GC2014-07-28T04:23:33.023+0000: 1456.705: [ParNew: 92160K->10240K(92160K), 0.0494600 secs] 15815116K->15758156K(20961280K), 0.0514940 secs] [Times: user=0.33 sys=0.02, real=0.05 secs]
2014-07-28T04:23:33.333+0000: 1457.014: [CMS-concurrent-mark: 1.355/1.546 secs] [Times: user=5.68 sys=0.56, real=1.55 secs]
2014-07-28T04:23:33.336+0000: 1457.018: [CMS-concurrent-preclean-start]
2014-07-28T04:23:33.401+0000: 1457.083: [GC2014-07-28T04:23:33.402+0000: 1457.084: [ParNew: 92160K->10240K(92160K), 0.0522010 secs] 15840076K->15785959K(20961280K), 0.0543350 secs] [Times: user=0.36 sys=0.01, real=0.06 secs]
2014-07-28T04:23:33.613+0000: 1457.294: [GC2014-07-28T04:23:33.614+0000: 1457.295: [ParNew: 92160K->10240K(92160K), 0.0530480 secs] 15867879K->15809213K(20961280K), 0.0554430 secs] [Times: user=0.36 sys=0.00, real=0.05 secs]
2014-07-28T04:23:33.838+0000: 1457.519: [CMS-concurrent-preclean: 0.288/0.501 secs] [Times: user=1.58 sys=0.33, real=0.50 secs]
2014-07-28T04:23:33.841+0000: 1457.522: [CMS-concurrent-abortable-preclean-start]
2014-07-28T04:23:33.983+0000: 1457.664: [CMS-concurrent-abortable-preclean: 0.137/0.142 secs] [Times: user=0.50 sys=0.16, real=0.15 secs]
2014-07-28T04:23:33.990+0000: 1457.672: [GC[YG occupancy: 77768 K (92160 K)]2014-07-28T04:23:33.991+0000: 1457.672: [Rescan (parallel) , 0.0195130 secs]2014-07-28T04:23:34.011+0000: 1457.692: [weak refs processing, 1.0694810 secs]2014-07-28T04:23:35.080+0000: 1458.761: [class unloading, 0.0021170 secs]2014-07-28T04:23:35.082+0000: 1458.764: [scrub symbol table, 0.0018100 secs]2014-07-28T04:23:35.084+0000: 1458.765: [scrub string table, 0.0004430 secs] [1 CMS-remark: 15798973K(20869120K)] 15876742K(20961280K), 1.1013760 secs] [Times: user=1.25 sys=0.00, real=1.10 secs]
2014-07-28T04:23:35.097+0000: 1458.778: [CMS-concurrent-sweep-start]
2014-07-28T04:23:35.119+0000: 1458.800: [GC2014-07-28T04:23:35.120+0000: 1458.802: [ParNew: 92160K->10240K(92160K), 0.0629600 secs] 15882928K->15836469K(20961280K), 0.0650740 secs] [Times: user=0.42 sys=0.04, real=0.07 secs]
2014-07-28T04:23:35.299+0000: 1458.980: [GC2014-07-28T04:23:35.300+0000: 1458.981: [ParNew: 92160K->10240K(92160K), 0.0667800 secs] 15733031K->15697840K(20961280K), 0.0690110 secs] [Times: user=0.44 sys=0.02, real=0.07 secs]
2014-07-28T04:23:35.549+0000: 1459.231: [GC2014-07-28T04:23:35.559+0000: 1459.240: [ParNew: 92160K->10240K(92160K), 0.1273510 secs] 15483905K->15422891K(20961280K), 0.1380960 secs] [Times: user=0.46 sys=0.00, real=0.14 secs]
2014-07-28T04:23:36.464+0000: 1460.146: [GC2014-07-28T04:23:36.465+0000: 1460.147: [ParNew: 92160K->10240K(92160K), 0.0520100 secs] 13453340K->13398062K(20961280K), 0.0541000 secs] [Times: user=0.35 sys=0.02, real=0.05 secs]
2014-07-28T04:23:36.966+0000: 1460.647: [GC2014-07-28T04:23:36.967+0000: 1460.648: [ParNew: 92160K->10240K(92160K), 0.0502760 secs] 12206968K->12150636K(20961280K), 0.0525180 secs] [Times: user=0.34 sys=0.02, real=0.05 secs]
2014-07-28T04:23:37.634+0000: 1461.315: [GC2014-07-28T04:23:37.635+0000: 1461.317: [ParNew: 92160K->10240K(92160K), 0.0508390 secs] 10340910K->10286589K(20961280K), 0.0529140 secs] [Times: user=0.35 sys=0.01, real=0.05 secs]
2014-07-28T04:23:38.137+0000: 1461.818: [GC2014-07-28T04:23:38.138+0000: 1461.819: [ParNew: 92160K->10240K(92160K), 0.0480800 secs] 9148253K->9092243K(20961280K), 0.0501950 secs] [Times: user=0.32 sys=0.02, real=0.05 secs]
2014-07-28T04:23:39.085+0000: 1462.767: [CMS-concurrent-sweep: 3.452/3.988 secs] [Times: user=9.51 sys=1.04, real=3.99 secs]
2014-07-28T04:23:39.089+0000: 1462.770: [CMS-concurrent-reset-start]
2014-07-28T04:23:39.151+0000: 1462.833: [CMS-concurrent-reset: 0.063/0.063 secs] [Times: user=0.09 sys=0.00, real=0.07 secs]
2014-07-28T04:23:40.215+0000: 1463.896: [GC2014-07-28T04:23:40.216+0000: 1463.897: [ParNew: 92160K->10240K(92160K), 0.0467580 secs] 6356887K->6298177K(20961280K), 0.0488600 secs] [Times: user=0.33 sys=0.00, real=0.05 secs]
2014-07-28T04:23:40.661+0000: 1464.342: [GC2014-07-28T04:23:40.662+0000: 1464.343: [ParNew: 92160K->10240K(92160K), 0.0539890 secs] 6380097K->6325760K(20961280K), 0.0561180 secs] [Times: user=0.37 sys=0.01, real=0.06 secs]
2014-07-28T04:23:41.246+0000: 1464.928: [GC2014-07-28T04:23:41.247+0000: 1464.929: [ParNew: 92149K->10240K(92160K), 0.0497930 secs] 6407669K->6350376K(20961280K), 0.0518920 secs] [Times: user=0.34 sys=0.01, real=0.05 secs]
2014-07-28T04:23:41.727+0000: 1465.408: [GC2014-07-28T04:23:41.728+0000: 1465.409: [ParNew: 92158K->10240K(92160K), 0.0507560 secs] 6432295K->6376913K(20961280K), 0.0528110 secs] [Times: user=0.35 sys=0.01, real=0.05 secs]
2014-07-28T04:23:42.208+0000: 1465.889: [GC2014-07-28T04:23:42.209+0000: 1465.890: [ParNew: 92160K->10240K(92160K), 0.0498940 secs] 6458833K->6403925K(20961280K), 0.0519790 secs] [Times: user=0.35 sys=0.01, real=0.05 secs]
2014-07-28T04:23:42.527+0000: 1466.209: [GC2014-07-28T04:23:42.528+0000: 1466.210: [ParNew: 92156K->10240K(92160K), 0.0537550 secs] 6485842K->6429686K(20961280K), 0.0559060 secs] [Times: user=0.38 sys=0.01, real=0.06 secs]
2014-07-28T04:23:43.074+0000: 1466.756: [GC2014-07-28T04:23:43.075+0000: 1466.757: [ParNew: 92154K->10240K(92160K), 0.0491550 secs] 6511600K->6452782K(20961280K), 0.0512850 secs] [Times: user=0.35 sys=0.00, real=0.05 secs]
2014-07-28T04:23:43.419+0000: 1467.100: [GC2014-07-28T04:23:43.420+0000: 1467.102: [ParNew: 92154K->10240K(92160K), 0.0472770 secs] 6534696K->6478276K(20961280K), 0.0494270 secs] [Times: user=0.33 sys=0.00, real=0.06 secs]
2014-07-28T04:23:43.650+0000: 1467.331: [GC2014-07-28T04:23:43.651+0000: 1467.332: [ParNew: 92160K->10240K(92160K), 0.0748130 secs] 6560196K->6504907K(20961280K), 0.0770370 secs] [Times: user=0.36 sys=0.00, real=0.08 secs]
2014-07-28T04:23:45.291+0000: 1468.972: [GC2014-07-28T04:23:45.292+0000: 1468.973: [ParNew: 92158K->10240K(92160K), 0.0585370 secs] 6586825K->6535732K(20961280K), 0.0606250 secs] [Times: user=0.39 sys=0.03, real=0.06 secs]
2014-07-28T04:23:45.491+0000: 1469.173: [GC2014-07-28T04:23:45.492+0000: 1469.174: [ParNew: 92160K->10240K(92160K), 0.0497970 secs] 6617652K->6564068K(20961280K), 0.0519060 secs] [Times: user=0.34 sys=0.01, real=0.05 secs]
2014-07-28T04:23:45.717+0000: 1469.399: [GC2014-07-28T04:23:45.719+0000: 1469.400: [ParNew: 92160K->10240K(92160K), 0.0476440 secs] 6645988K->6587021K(20961280K), 0.0497820 secs] [Times: user=0.31 sys=0.00, real=0.05 secs]
2014-07-28T04:23:46.541+0000: 1470.223: [GC2014-07-28T04:23:46.542+0000: 1470.224: [ParNew: 92160K->10240K(92160K), 0.0484130 secs] 6668941K->6611123K(20961280K), 0.0504850 secs] [Times: user=0.33 sys=0.01, real=0.06 secs]
2014-07-28T04:23:47.037+0000: 1470.718: [GC2014-07-28T04:23:47.038+0000: 1470.719: [ParNew: 92160K->10240K(92160K), 0.0471860 secs] 6693043K->6637436K(20961280K), 0.0492750 secs] [Times: user=0.32 sys=0.01, real=0.05 secs]
2014-07-28T04:23:47.717+0000: 1471.399: [GC2014-07-28T04:23:47.718+0000: 1471.400: [ParNew: 92160K->10240K(92160K), 0.0488830 secs] 6719356K->6666973K(20961280K), 0.0509790 secs] [Times: user=0.33 sys=0.02, real=0.05 secs]
2014-07-28T04:23:48.216+0000: 1471.898: [GC2014-07-28T04:23:48.217+0000: 1471.899: [ParNew: 92154K->10240K(92160K), 0.0526280 secs] 6748888K->6693152K(20961280K), 0.0546880 secs] [Times: user=0.34 sys=0.04, real=0.06 secs]
2014-07-28T04:23:50.279+0000: 1473.961: [GC2014-07-28T04:23:50.280+0000: 1473.962: [ParNew: 92160K->10240K(92160K), 0.0417720 secs] 6775072K->6714667K(20961280K), 0.0438380 secs] [Times: user=0.29 sys=0.00, real=0.05 secs]
2014-07-28T04:23:50.746+0000: 1474.427: [GC2014-07-28T04:23:50.747+0000: 1474.428: [ParNew: 92160K->10240K(92160K), 0.0558670 secs] 6796587K->6743448K(20961280K), 0.0579380 secs] [Times: user=0.36 sys=0.03, real=0.06 secs]
2014-07-28T04:23:51.318+0000: 1475.000: [GC2014-07-28T04:23:51.319+0000: 1475.001: [ParNew: 92153K->10240K(92160K), 0.0453100 secs] 6825361K->6766748K(20961280K), 0.0473670 secs] [Times: user=0.32 sys=0.00, real=0.05 secs]
2014-07-28T04:23:51.804+0000: 1475.485: [GC2014-07-28T04:23:51.805+0000: 1475.486: [ParNew: 92160K->10240K(92160K), 0.0546920 secs] 6848668K->6794450K(20961280K), 0.0567660 secs] [Times: user=0.39 sys=0.01, real=0.06 secs]
2014-07-28T04:23:52.295+0000: 1475.976: [GC2014-07-28T04:23:52.296+0000: 1475.977: [ParNew: 92160K->10240K(92160K), 0.0484900 secs] 6876370K->6822049K(20961280K), 0.0505490 secs] [Times: user=0.33 sys=0.01, real=0.05 secs]
2014-07-28T04:23:52.612+0000: 1476.293: [GC2014-07-28T04:23:52.613+0000: 1476.294: [ParNew: 92160K->10240K(92160K), 0.0510800 secs] 6903969K->6847363K(20961280K), 0.0531410 secs] [Times: user=0.37 sys=0.00, real=0.05 secs]
2014-07-28T04:23:53.144+0000: 1476.825: [GC2014-07-28T04:23:53.145+0000: 1476.826: [ParNew: 92160K->10240K(92160K), 0.0588100 secs] 6929283K->6871131K(20961280K), 0.0609920 secs] [Times: user=0.36 sys=0.01, real=0.06 secs]
2014-07-28T04:23:53.486+0000: 1477.167: [GC2014-07-28T04:23:53.487+0000: 1477.168: [ParNew: 92160K->10240K(92160K), 0.0514300 secs] 6953051K->6897172K(20961280K), 0.0535210 secs] [Times: user=0.36 sys=0.00, real=0.05 secs]
2014-07-28T04:23:53.750+0000: 1477.431: [GC2014-07-28T04:23:53.751+0000: 1477.432: [ParNew: 92145K->10240K(92160K), 0.0472630 secs] 6979077K->6924076K(20961280K), 0.0493670 secs] [Times: user=0.32 sys=0.00, real=0.05 secs]
2014-07-28T04:23:55.398+0000: 1479.080: [GC2014-07-28T04:23:55.399+0000: 1479.081: [ParNew: 92160K->10240K(92160K), 0.0531950 secs] 7005996K->6955562K(20961280K), 0.0552510 secs] [Times: user=0.37 sys=0.01, real=0.05 secs]
2014-07-28T04:23:55.609+0000: 1479.291: [GC2014-07-28T04:23:55.610+0000: 1479.292: [ParNew: 92160K->10240K(92160K), 0.0514160 secs] 7037482K->6981052K(20961280K), 0.0535560 secs] [Times: user=0.36 sys=0.00, real=0.06 secs]
2014-07-28T04:23:55.826+0000: 1479.508: [GC2014-07-28T04:23:55.827+0000: 1479.509: [ParNew: 92152K->10240K(92160K), 0.0458390 secs] 7062965K->7003747K(20961280K), 0.0479600 secs] [Times: user=0.32 sys=0.00, real=0.05 secs]
2014-07-28T04:23:56.577+0000: 1480.258: [GC2014-07-28T04:23:56.578+0000: 1480.259: [ParNew: 92159K->10240K(92160K), 0.0478690 secs] 7085666K->7028289K(20961280K), 0.0499230 secs] [Times: user=0.33 sys=0.01, real=0.05 secs]
2014-07-28T04:23:57.110+0000: 1480.792: [GC2014-07-28T04:23:57.111+0000: 1480.793: [ParNew: 92160K->10240K(92160K), 0.0457660 secs] 7110209K->7053885K(20961280K), 0.0478080 secs] [Times: user=0.31 sys=0.02, real=0.05 secs]
2014-07-28T04:23:57.836+0000: 1481.518: [GC2014-07-28T04:23:57.837+0000: 1481.519: [ParNew: 92160K->10240K(92160K), 0.0471520 secs] 7135805K->7081057K(20961280K), 0.0492530 secs] [Times: user=0.33 sys=0.00, real=0.05 secs]
2014-07-28T04:23:58.338+0000: 1482.019: [GC2014-07-28T04:23:58.339+0000: 1482.020: [ParNew: 92160K->10240K(92160K), 0.0548270 secs] 7162977K->7107157K(20961280K), 0.0569900 secs] [Times: user=0.36 sys=0.01, real=0.06 secs]
2014-07-28T04:24:00.246+0000: 1483.928: [GC2014-07-28T04:24:00.247+0000: 1483.929: [ParNew: 92160K->10240K(92160K), 0.0460150 secs] 7189077K->7130952K(20961280K), 0.0481190 secs] [Times: user=0.31 sys=0.01, real=0.05 secs]
2014-07-28T04:24:00.865+0000: 1484.547: [GC2014-07-28T04:24:00.866+0000: 1484.548: [ParNew: 92160K->10240K(92160K), 0.0485320 secs] 7212872K->7157707K(20961280K), 0.0505900 secs] [Times: user=0.33 sys=0.01, real=0.05 secs]
2014-07-28T04:24:01.332+0000: 1485.014: [GC2014-07-28T04:24:01.333+0000: 1485.015: [ParNew: 92157K->10240K(92160K), 0.0501550 secs] 7239624K->7181827K(20961280K), 0.0521840 secs] [Times: user=0.35 sys=0.00, real=0.05 secs]
2014-07-28T04:24:01.927+0000: 1485.608: [GC2014-07-28T04:24:01.928+0000: 1485.610: [ParNew: 92156K->10240K(92160K), 0.0632190 secs] 7263743K->7208086K(20961280K), 0.0656860 secs] [Times: user=0.37 sys=0.01, real=0.07 secs]
2014-07-28T04:24:02.414+0000: 1486.095: [GC2014-07-28T04:24:02.415+0000: 1486.097: [ParNew: 92160K->10240K(92160K), 0.0599130 secs] 7290006K->7235227K(20961280K), 0.0621340 secs] [Times: user=0.35 sys=0.01, real=0.06 secs]
2014-07-28T04:24:02.730+0000: 1486.412: [GC2014-07-28T04:24:02.731+0000: 1486.413: [ParNew: 92156K->10240K(92160K), 0.0612890 secs] 7317144K->7260568K(20961280K), 0.0634340 secs] [Times: user=0.38 sys=0.02, real=0.06 secs]
2014-07-28T04:24:03.222+0000: 1486.903: [GC2014-07-28T04:24:03.223+0000: 1486.904: [ParNew: 92160K->10240K(92160K), 0.0591230 secs] 7342488K->7284485K(20961280K), 0.0612080 secs] [Times: user=0.38 sys=0.01, real=0.06 secs]
2014-07-28T04:24:03.558+0000: 1487.240: [GC2014-07-28T04:24:03.559+0000: 1487.241: [ParNew: 92160K->10240K(92160K), 0.0630110 secs] 7366405K->7309802K(20961280K), 0.0650300 secs] [Times: user=0.41 sys=0.01, real=0.06 secs]
2014-07-28T04:24:03.857+0000: 1487.538: [GC2014-07-28T04:24:03.858+0000: 1487.539: [ParNew: 92149K->10240K(92160K), 0.0609940 secs] 7391711K->7335595K(20961280K), 0.0631060 secs] [Times: user=0.38 sys=0.01, real=0.07 secs]
2014-07-28T04:24:05.534+0000: 1489.215: [GC2014-07-28T04:24:05.535+0000: 1489.216: [ParNew: 92160K->10240K(92160K), 0.0745450 secs] 7417515K->7362852K(20961280K), 0.1043550 secs] [Times: user=0.49 sys=0.01, real=0.11 secs]
2014-07-28T04:24:05.745+0000: 1489.426: [GC2014-07-28T04:24:05.746+0000: 1489.428: [ParNew: 92160K->10240K(92160K), 0.0540680 secs] 7444772K->7396073K(20961280K), 0.0562360 secs] [Times: user=0.34 sys=0.03, real=0.06 secs]
2014-07-28T04:24:05.940+0000: 1489.621: [GC2014-07-28T04:24:05.941+0000: 1489.623: [ParNew: 92160K->10240K(92160K), 0.0719750 secs] 7477993K->7419555K(20961280K), 0.0748140 secs] [Times: user=0.36 sys=0.00, real=0.07 secs]
2014-07-28T04:24:06.574+0000: 1490.256: [GC2014-07-28T04:24:06.575+0000: 1490.257: [ParNew: 92147K->10240K(92160K), 0.0481330 secs] 7501463K->7444104K(20961280K), 0.0502360 secs] [Times: user=0.32 sys=0.01, real=0.05 secs]
2014-07-28T04:24:07.132+0000: 1490.814: [GC2014-07-28T04:24:07.133+0000: 1490.815: [ParNew: 92160K->10240K(92160K), 0.0518300 secs] 7526024K->7469274K(20961280K), 0.0538930 secs] [Times: user=0.35 sys=0.01, real=0.05 secs]
2014-07-28T04:24:07.922+0000: 1491.604: [GC2014-07-28T04:24:07.923+0000: 1491.605: [ParNew: 92159K->10240K(92160K), 0.0506870 secs] 7551194K->7496357K(20961280K), 0.0527590 secs] [Times: user=0.33 sys=0.02, real=0.05 secs]
2014-07-28T04:24:08.437+0000: 1492.119: [GC2014-07-28T04:24:08.439+0000: 1492.120: [ParNew: 92160K->10240K(92160K), 0.0640570 secs] 7578277K->7522434K(20961280K), 0.0662290 secs] [Times: user=0.42 sys=0.00, real=0.07 secs]
2014-07-28T04:24:10.239+0000: 1493.921: [GC2014-07-28T04:24:10.240+0000: 1493.922: [ParNew: 92148K->10240K(92160K), 0.0476710 secs] 7604343K->7546957K(20961280K), 0.0497130 secs] [Times: user=0.32 sys=0.01, real=0.05 secs]
2014-07-28T04:24:10.941+0000: 1494.623: [GC2014-07-28T04:24:10.942+0000: 1494.624: [ParNew: 92160K->10240K(92160K), 0.0498210 secs] 7628877K->7573732K(20961280K), 0.0519050 secs] [Times: user=0.35 sys=0.00, real=0.05 secs]
2014-07-28T04:24:11.376+0000: 1495.058: [GC2014-07-28T04:24:11.377+0000: 1495.059: [ParNew: 92152K->10240K(92160K), 0.0509730 secs] 7655645K->7598222K(20961280K), 0.0530270 secs] [Times: user=0.34 sys=0.01, real=0.06 secs]
2014-07-28T04:24:12.019+0000: 1495.700: [GC2014-07-28T04:24:12.020+0000: 1495.701: [ParNew: 92160K->10240K(92160K), 0.0527380 secs] 7680142K->7624399K(20961280K), 0.0547760 secs] [Times: user=0.34 sys=0.01, real=0.05 secs]
2014-07-28T04:24:12.510+0000: 1496.191: [GC2014-07-28T04:24:12.511+0000: 1496.192: [ParNew: 92160K->10240K(92160K), 0.0526900 secs] 7706319K->7651188K(20961280K), 0.0547540 secs] [Times: user=0.34 sys=0.01, real=0.06 secs]
2014-07-28T04:24:12.821+0000: 1496.502: [GC2014-07-28T04:24:12.822+0000: 1496.504: [ParNew: 92160K->10240K(92160K), 0.0558820 secs] 7733108K->7676612K(20961280K), 0.0579630 secs] [Times: user=0.35 sys=0.01, real=0.06 secs]
2014-07-28T04:24:13.230+0000: 1496.911: [GC2014-07-28T04:24:13.231+0000: 1496.912: [ParNew: 92160K->10240K(92160K), 0.0578940 secs] 7758532K->7701936K(20961280K), 0.0599880 secs] [Times: user=0.34 sys=0.02, real=0.07 secs]
2014-07-28T04:24:13.577+0000: 1497.258: [GC2014-07-28T04:24:13.578+0000: 1497.259: [ParNew: 92160K->10240K(92160K), 0.0625920 secs] 7783856K->7727573K(20961280K), 0.0646860 secs] [Times: user=0.34 sys=0.01, real=0.07 secs]
2014-07-28T04:24:13.940+0000: 1497.622: [GC2014-07-28T04:24:13.941+0000: 1497.623: [ParNew: 92149K->10240K(92160K), 0.0664300 secs] 7809483K->7753122K(20961280K), 0.0684990 secs] [Times: user=0.36 sys=0.02, real=0.07 secs]
2014-07-28T04:24:15.697+0000: 1499.379: [GC2014-07-28T04:24:15.698+0000: 1499.380: [ParNew: 92160K->10240K(92160K), 0.0573620 secs] 7835042K->7780404K(20961280K), 0.0594270 secs] [Times: user=0.33 sys=0.02, real=0.07 secs]
2014-07-28T04:24:15.890+0000: 1499.571: [GC2014-07-28T04:24:15.891+0000: 1499.572: [ParNew: 92157K->10240K(92160K), 0.0571310 secs] 7862321K->7809541K(20961280K), 0.0592210 secs] [Times: user=0.38 sys=0.02, real=0.07 secs]
2014-07-28T04:24:16.082+0000: 1499.764: [GC2014-07-28T04:24:16.083+0000: 1499.765: [ParNew: 92160K->10240K(92160K), 0.0496030 secs] 7891461K->7834575K(20961280K), 0.0517180 secs] [Times: user=0.32 sys=0.02, real=0.05 secs]
2014-07-28T04:24:16.642+0000: 1500.323: [GC2014-07-28T04:24:16.643+0000: 1500.324: [ParNew: 92160K->10240K(92160K), 0.0482990 secs] 7916495K->7857241K(20961280K), 0.0504070 secs] [Times: user=0.33 sys=0.00, real=0.05 secs]
2014-07-28T04:24:17.187+0000: 1500.868: [GC2014-07-28T04:24:17.188+0000: 1500.869: [ParNew: 92160K->10240K(92160K), 0.0530390 secs] 7939161K->7882101K(20961280K), 0.0551010 secs] [Times: user=0.36 sys=0.03, real=0.06 secs]
2014-07-28T04:24:18.002+0000: 1501.683: [GC2014-07-28T04:24:18.003+0000: 1501.684: [ParNew: 92160K->10240K(92160K), 0.0493580 secs] 7964021K->7909025K(20961280K), 0.0514520 secs] [Times: user=0.32 sys=0.01, real=0.05 secs]
2014-07-28T04:24:18.571+0000: 1502.252: [GC2014-07-28T04:24:18.572+0000: 1502.253: [ParNew: 92159K->10240K(92160K), 0.0545630 secs] 7990945K->7934216K(20961280K), 0.0566470 secs] [Times: user=0.35 sys=0.00, real=0.05 secs]
2014-07-28T04:24:20.306+0000: 1503.987: [GC2014-07-28T04:24:20.307+0000: 1503.988: [ParNew: 92152K->10240K(92160K), 0.0469770 secs] 8016129K->7959249K(20961280K), 0.0490560 secs] [Times: user=0.32 sys=0.01, real=0.05 secs]
2014-07-28T04:24:21.053+0000: 1504.734: [GC2014-07-28T04:24:21.054+0000: 1504.735: [ParNew: 92160K->10240K(92160K), 0.0536260 secs] 8041169K->7985254K(20961280K), 0.0557310 secs] [Times: user=0.38 sys=0.00, real=0.06 secs]
2014-07-28T04:24:21.500+0000: 1505.182: [GC2014-07-28T04:24:21.501+0000: 1505.183: [ParNew: 92160K->10240K(92160K), 0.0477570 secs] 8067174K->8011092K(20961280K), 0.0498210 secs] [Times: user=0.33 sys=0.00, real=0.05 secs]
2014-07-28T04:24:22.137+0000: 1505.818: [GC2014-07-28T04:24:22.138+0000: 1505.819: [ParNew: 92160K->10240K(92160K), 0.0493830 secs] 8093012K->8036887K(20961280K), 0.0514580 secs] [Times: user=0.33 sys=0.00, real=0.06 secs]
2014-07-28T04:24:22.632+0000: 1506.314: [GC2014-07-28T04:24:22.633+0000: 1506.315: [ParNew: 92160K->10240K(92160K), 0.0568240 secs] 8118807K->8063797K(20961280K), 0.0588810 secs] [Times: user=0.39 sys=0.02, real=0.06 secs]
2014-07-28T04:24:22.943+0000: 1506.625: [GC2014-07-28T04:24:22.944+0000: 1506.626: [ParNew: 92160K->10240K(92160K), 0.0621100 secs] 8145717K->8089179K(20961280K), 0.0642480 secs] [Times: user=0.38 sys=0.00, real=0.06 secs]
2014-07-28T04:24:23.356+0000: 1507.037: [GC2014-07-28T04:24:23.357+0000: 1507.038: [ParNew: 92158K->10240K(92160K), 0.0533850 secs] 8171097K->8113950K(20961280K), 0.0554500 secs] [Times: user=0.36 sys=0.00, real=0.06 secs]
2014-07-28T04:24:23.708+0000: 1507.390: [GC2014-07-28T04:24:23.709+0000: 1507.391: [ParNew: 92160K->10240K(92160K), 0.0497860 secs] 8195870K->8139605K(20961280K), 0.0518790 secs] [Times: user=0.33 sys=0.00, real=0.06 secs]
2014-07-28T04:24:24.076+0000: 1507.757: [GC2014-07-28T04:24:24.077+0000: 1507.758: [ParNew: 92145K->10240K(92160K), 0.0558250 secs] 8221511K->8165481K(20961280K), 0.0578760 secs] [Times: user=0.36 sys=0.02, real=0.06 secs]
2014-07-28T04:24:25.822+0000: 1509.504: [GC2014-07-28T04:24:25.823+0000: 1509.505: [ParNew: 92147K->10240K(92160K), 0.0702970 secs] 8247389K->8192768K(20961280K), 0.0724400 secs] [Times: user=0.36 sys=0.00, real=0.07 secs]
2014-07-28T04:24:26.019+0000: 1509.700: [GC2014-07-28T04:24:26.020+0000: 1509.702: [ParNew: 92160K->10240K(92160K), 0.0628080 secs] 8274688K->8222692K(20961280K), 0.0652930 secs] [Times: user=0.40 sys=0.02, real=0.06 secs]
2014-07-28T04:24:26.218+0000: 1509.899: [GC2014-07-28T04:24:26.219+0000: 1509.900: [ParNew: 92160K->10240K(92160K), 0.0725510 secs] 8304612K->8252907K(20961280K), 0.0746680 secs] [Times: user=0.44 sys=0.01, real=0.08 secs]
2014-07-28T04:24:26.755+0000: 1510.437: [GC2014-07-28T04:24:26.756+0000: 1510.438: [ParNew: 92160K->10240K(92160K), 0.0639590 secs] 8334827K->8275278K(20961280K), 0.0662060 secs] [Times: user=0.34 sys=0.02, real=0.07 secs]
2014-07-28T04:24:27.301+0000: 1510.982: [GC2014-07-28T04:24:27.302+0000: 1510.983: [ParNew: 92160K->10240K(92160K), 0.0569030 secs] 8357198K->8300332K(20961280K), 0.0589850 secs] [Times: user=0.37 sys=0.00, real=0.06 secs]
2014-07-28T04:24:28.121+0000: 1511.802: [GC2014-07-28T04:24:28.122+0000: 1511.803: [ParNew: 92160K->10240K(92160K), 0.0572190 secs] 8382252K->8326835K(20961280K), 0.0593070 secs] [Times: user=0.35 sys=0.02, real=0.06 secs]
2014-07-28T04:24:28.686+0000: 1512.368: [GC2014-07-28T04:24:28.687+0000: 1512.369: [ParNew: 92160K->10240K(92160K), 0.0594480 secs] 8408755K->8352351K(20961280K), 0.0615210 secs] [Times: user=0.36 sys=0.02, real=0.06 secs]
2014-07-28T04:24:30.414+0000: 1514.095: [GC2014-07-28T04:24:30.415+0000: 1514.096: [ParNew: 92151K->10240K(92160K), 0.0654780 secs] 8434263K->8377387K(20961280K), 0.0676140 secs] [Times: user=0.40 sys=0.01, real=0.07 secs]
2014-07-28T04:24:31.135+0000: 1514.816: [GC2014-07-28T04:24:31.136+0000: 1514.817: [ParNew: 92160K->10240K(92160K), 0.0611050 secs] 8459307K->8402579K(20961280K), 0.0631460 secs] [Times: user=0.35 sys=0.02, real=0.07 secs]
2014-07-28T04:24:31.579+0000: 1515.261: [GC2014-07-28T04:24:31.580+0000: 1515.262: [ParNew: 92154K->10240K(92160K), 0.0604980 secs] 8484493K->8427708K(20961280K), 0.0625290 secs] [Times: user=0.36 sys=0.02, real=0.06 secs]
2014-07-28T04:24:32.221+0000: 1515.903: [GC2014-07-28T04:24:32.222+0000: 1515.904: [ParNew: 92160K->10240K(92160K), 0.0622330 secs] 8509628K->8453184K(20961280K), 0.0643530 secs] [Times: user=0.35 sys=0.02, real=0.07 secs]
2014-07-28T04:24:32.739+0000: 1516.421: [GC2014-07-28T04:24:32.740+0000: 1516.422: [ParNew: 92160K->10240K(92160K), 0.0653600 secs] 8535104K->8480373K(20961280K), 0.0674130 secs] [Times: user=0.37 sys=0.02, real=0.07 secs]
2014-07-28T04:24:33.037+0000: 1516.719: [GC2014-07-28T04:24:33.038+0000: 1516.720: [ParNew: 92160K->10240K(92160K), 0.0608970 secs] 8562293K->8505776K(20961280K), 0.0639000 secs] [Times: user=0.39 sys=0.00, real=0.07 secs]
2014-07-28T04:24:33.426+0000: 1517.107: [GC2014-07-28T04:24:33.427+0000: 1517.108: [ParNew: 92153K->10240K(92160K), 0.0640820 secs] 8587689K->8530877K(20961280K), 0.0661350 secs] [Times: user=0.34 sys=0.01, real=0.07 secs]
2014-07-28T04:24:33.782+0000: 1517.463: [GC2014-07-28T04:24:33.783+0000: 1517.464: [ParNew: 92160K->10240K(92160K), 0.0615420 secs] 8612797K->8556457K(20961280K), 0.0636530 secs] [Times: user=0.33 sys=0.01, real=0.07 secs]
2014-07-28T04:24:34.155+0000: 1517.837: [GC2014-07-28T04:24:34.156+0000: 1517.838: [ParNew: 92160K->10240K(92160K), 0.0648790 secs] 8638377K->8581912K(20961280K), 0.0669560 secs] [Times: user=0.38 sys=0.01, real=0.07 secs]
2014-07-28T04:24:35.950+0000: 1519.632: [GC2014-07-28T04:24:35.951+0000: 1519.633: [ParNew: 92160K->10240K(92160K), 0.0856260 secs] 8663832K->8609398K(20961280K), 0.0876900 secs] [Times: user=0.40 sys=0.02, real=0.09 secs]
2014-07-28T04:24:36.167+0000: 1519.849: [GC2014-07-28T04:24:36.168+0000: 1519.850: [ParNew: 92160K->10240K(92160K), 0.0702820 secs] 8691318K->8637443K(20961280K), 0.0723780 secs] [Times: user=0.37 sys=0.04, real=0.07 secs]
2014-07-28T04:24:36.369+0000: 1520.050: [GC2014-07-28T04:24:36.370+0000: 1520.052: [ParNew: 92160K->10240K(92160K), 0.0701300 secs] 8719363K->8666934K(20961280K), 0.0722500 secs] [Times: user=0.41 sys=0.02, real=0.07 secs]
2014-07-28T04:24:36.887+0000: 1520.569: [GC2014-07-28T04:24:36.888+0000: 1520.570: [ParNew: 92156K->10240K(92160K), 0.0605200 secs] 8748850K->8689040K(20961280K), 0.0626320 secs] [Times: user=0.35 sys=0.02, real=0.06 secs]
2014-07-28T04:24:37.421+0000: 1521.102: [GC2014-07-28T04:24:37.422+0000: 1521.103: [ParNew: 92160K->10240K(92160K), 0.0641940 secs] 8770960K->8714537K(20961280K), 0.0662680 secs] [Times: user=0.39 sys=0.02, real=0.07 secs]
2014-07-28T04:24:38.240+0000: 1521.922: [GC2014-07-28T04:24:38.241+0000: 1521.923: [ParNew: 92159K->10240K(92160K), 0.0777820 secs] 8796457K->8740802K(20961280K), 0.0798410 secs] [Times: user=0.37 sys=0.02, real=0.08 secs]
2014-07-28T04:24:38.812+0000: 1522.494: [GC2014-07-28T04:24:38.813+0000: 1522.495: [ParNew: 92155K->10240K(92160K), 0.0646770 secs] 8822718K->8766999K(20961280K), 0.0667780 secs] [Times: user=0.37 sys=0.03, real=0.07 secs]
2014-07-28T04:24:40.541+0000: 1524.222: [GC2014-07-28T04:24:40.542+0000: 1524.223: [ParNew: 92160K->10240K(92160K), 0.0659080 secs] 8848919K->8791614K(20961280K), 0.0679810 secs] [Times: user=0.37 sys=0.02, real=0.07 secs]
2014-07-28T04:24:41.264+0000: 1524.946: [GC2014-07-28T04:24:41.266+0000: 1524.947: [ParNew: 92160K->10240K(92160K), 0.0656070 secs] 8873534K->8817482K(20961280K), 0.0676930 secs] [Times: user=0.40 sys=0.01, real=0.07 secs]
2014-07-28T04:24:41.684+0000: 1525.365: [GC2014-07-28T04:24:41.685+0000: 1525.366: [ParNew: 92160K->10240K(92160K), 0.0669780 secs] 8899402K->8842606K(20961280K), 0.0690580 secs] [Times: user=0.35 sys=0.01, real=0.07 secs]
2014-07-28T04:24:42.336+0000: 1526.017: [GC2014-07-28T04:24:42.337+0000: 1526.019: [ParNew: 92159K->10240K(92160K), 0.0641360 secs] 8924525K->8868294K(20961280K), 0.0662350 secs] [Times: user=0.36 sys=0.02, real=0.07 secs]
2014-07-28T04:24:42.880+0000: 1526.561: [GC2014-07-28T04:24:42.881+0000: 1526.562: [ParNew: 92160K->10240K(92160K), 0.0645930 secs] 8950214K->8894632K(20961280K), 0.0666460 secs] [Times: user=0.36 sys=0.01, real=0.07 secs]
2014-07-28T04:24:43.170+0000: 1526.851: [GC2014-07-28T04:24:43.184+0000: 1526.865: [ParNew: 92153K->10240K(92160K), 0.0629790 secs] 8976546K->8920415K(20961280K), 0.0779830 secs] [Times: user=0.38 sys=0.01, real=0.08 secs]
2014-07-28T04:24:43.557+0000: 1527.238: [GC2014-07-28T04:24:43.558+0000: 1527.239: [ParNew: 92160K->10240K(92160K), 0.0635160 secs] 9002335K->8945658K(20961280K), 0.0656190 secs] [Times: user=0.36 sys=0.02, real=0.07 secs]
2014-07-28T04:24:43.910+0000: 1527.592: [GC2014-07-28T04:24:43.911+0000: 1527.593: [ParNew: 92159K->10240K(92160K), 0.0672040 secs] 9027577K->8971323K(20961280K), 0.0692570 secs] [Times: user=0.40 sys=0.02, real=0.07 secs]
2014-07-28T04:24:44.288+0000: 1527.969: [GC2014-07-28T04:24:44.289+0000: 1527.970: [ParNew: 92159K->10240K(92160K), 0.0639460 secs] 9053243K->8997054K(20961280K), 0.0660450 secs] [Times: user=0.39 sys=0.01, real=0.06 secs]
2014-07-28T04:24:46.110+0000: 1529.792: [GC2014-07-28T04:24:46.112+0000: 1529.793: [ParNew: 92160K->10240K(92160K), 0.0638970 secs] 9078974K->9023311K(20961280K), 0.0659460 secs] [Times: user=0.34 sys=0.03, real=0.07 secs]
2014-07-28T04:24:46.320+0000: 1530.001: [GC2014-07-28T04:24:46.321+0000: 1530.002: [ParNew: 92160K->10240K(92160K), 0.0665800 secs] 9105231K->9053207K(20961280K), 0.0686610 secs] [Times: user=0.36 sys=0.02, real=0.07 secs]
2014-07-28T04:24:46.516+0000: 1530.198: [GC2014-07-28T04:24:46.517+0000: 1530.199: [ParNew: 92160K->10240K(92160K), 0.0618520 secs] 9135127K->9081220K(20961280K), 0.0639360 secs] [Times: user=0.36 sys=0.02, real=0.07 secs]
2014-07-28T04:24:47.011+0000: 1530.692: [GC2014-07-28T04:24:47.012+0000: 1530.693: [ParNew: 92149K->10240K(92160K), 0.0550040 secs] 9163130K->9103346K(20961280K), 0.0570730 secs] [Times: user=0.37 sys=0.01, real=0.06 secs]
2014-07-28T04:24:47.550+0000: 1531.231: [GC2014-07-28T04:24:47.551+0000: 1531.232: [ParNew: 92160K->10240K(92160K), 0.0624940 secs] 9185266K->9128926K(20961280K), 0.0645680 secs] [Times: user=0.38 sys=0.02, real=0.06 secs]
2014-07-28T04:24:48.365+0000: 1532.046: [GC2014-07-28T04:24:48.366+0000: 1532.047: [ParNew: 92146K->10240K(92160K), 0.0613050 secs] 9210832K->9155425K(20961280K), 0.0634220 secs] [Times: user=0.37 sys=0.01, real=0.07 secs]
2014-07-28T04:24:48.942+0000: 1532.623: [GC2014-07-28T04:24:48.943+0000: 1532.624: [ParNew: 92147K->10240K(92160K), 0.0691060 secs] 9237333K->9181231K(20961280K), 0.0711820 secs] [Times: user=0.37 sys=0.02, real=0.07 secs]
2014-07-28T04:24:50.641+0000: 1534.322: [GC2014-07-28T04:24:50.642+0000: 1534.323: [ParNew: 92159K->10240K(92160K), 0.0689230 secs] 9263151K->9206077K(20961280K), 0.0709820 secs] [Times: user=0.38 sys=0.01, real=0.07 secs]
2014-07-28T04:24:51.399+0000: 1535.080: [GC2014-07-28T04:24:51.400+0000: 1535.081: [ParNew: 92159K->10240K(92160K), 0.0638350 secs] 9287997K->9231819K(20961280K), 0.0659440 secs] [Times: user=0.37 sys=0.02, real=0.07 secs]
2014-07-28T04:24:51.788+0000: 1535.469: [GC2014-07-28T04:24:51.789+0000: 1535.470: [ParNew: 92160K->10240K(92160K), 0.0675090 secs] 9313739K->9257329K(20961280K), 0.0696040 secs] [Times: user=0.37 sys=0.01, real=0.07 secs]
2014-07-28T04:24:52.449+0000: 1536.130: [GC2014-07-28T04:24:52.450+0000: 1536.131: [ParNew: 92146K->10240K(92160K), 0.0656270 secs] 9339236K->9282937K(20961280K), 0.0676710 secs] [Times: user=0.35 sys=0.02, real=0.07 secs]
2014-07-28T04:24:53.005+0000: 1536.687: [GC2014-07-28T04:24:53.006+0000: 1536.688: [ParNew: 92160K->10240K(92160K), 0.0754010 secs] 9364857K->9309926K(20961280K), 0.0774740 secs] [Times: user=0.39 sys=0.01, real=0.08 secs]
2014-07-28T04:24:53.292+0000: 1536.974: [GC2014-07-28T04:24:53.293+0000: 1536.975: [ParNew: 92160K->10240K(92160K), 0.0783780 secs] 9391846K->9335447K(20961280K), 0.0806230 secs] [Times: user=0.39 sys=0.02, real=0.08 secs]
2014-07-28T04:24:53.677+0000: 1537.359: [GC2014-07-28T04:24:53.678+0000: 1537.360: [ParNew: 92151K->10240K(92160K), 0.0698130 secs] 9417358K->9360635K(20961280K), 0.0719000 secs] [Times: user=0.40 sys=0.01, real=0.08 secs]
2014-07-28T04:24:54.039+0000: 1537.720: [GC2014-07-28T04:24:54.040+0000: 1537.721: [ParNew: 92159K->10240K(92160K), 0.0812600 secs] 9442555K->9386903K(20961280K), 0.0834190 secs] [Times: user=0.42 sys=0.02, real=0.08 secs]
2014-07-28T04:24:54.420+0000: 1538.101: [GC2014-07-28T04:24:54.421+0000: 1538.102: [ParNew: 92158K->10240K(92160K), 0.0767610 secs] 9468822K->9412554K(20961280K), 0.0791450 secs] [Times: user=0.43 sys=0.01, real=0.08 secs]
2014-07-28T04:24:56.246+0000: 1539.927: [GC2014-07-28T04:24:56.247+0000: 1539.928: [ParNew: 92160K->10240K(92160K), 0.0605180 secs] 9494474K->9439484K(20961280K), 0.0626080 secs] [Times: user=0.34 sys=0.02, real=0.07 secs]
2014-07-28T04:24:56.453+0000: 1540.134: [GC2014-07-28T04:24:56.454+0000: 1540.135: [ParNew: 92160K->10240K(92160K), 0.0689600 secs] 9521404K->9469486K(20961280K), 0.0710580 secs] [Times: user=0.38 sys=0.02, real=0.07 secs]
2014-07-28T04:24:56.650+0000: 1540.331: [GC2014-07-28T04:24:56.651+0000: 1540.332: [ParNew: 92160K->10240K(92160K), 0.0599670 secs] 9551406K->9498626K(20961280K), 0.0621110 secs] [Times: user=0.36 sys=0.02, real=0.06 secs]
2014-07-28T04:24:57.105+0000: 1540.787: [GC2014-07-28T04:24:57.106+0000: 1540.788: [ParNew: 92151K->10240K(92160K), 0.0565670 secs] 9580537K->9520644K(20961280K), 0.0586560 secs] [Times: user=0.35 sys=0.01, real=0.06 secs]
2014-07-28T04:24:57.681+0000: 1541.362: [GC2014-07-28T04:24:57.682+0000: 1541.363: [ParNew: 92155K->10240K(92160K), 0.0604220 secs] 9602559K->9546775K(20961280K), 0.0624790 secs] [Times: user=0.38 sys=0.02, real=0.06 secs]
2014-07-28T04:24:58.494+0000: 1542.176: [GC2014-07-28T04:24:58.495+0000: 1542.177: [ParNew: 92154K->10240K(92160K), 0.0581940 secs] 9628689K->9573420K(20961280K), 0.0602930 secs] [Times: user=0.34 sys=0.03, real=0.06 secs]
2014-07-28T04:24:59.084+0000: 1542.766: [GC2014-07-28T04:24:59.085+0000: 1542.767: [ParNew: 92153K->10240K(92160K), 0.0602410 secs] 9655333K->9599465K(20961280K), 0.0623200 secs] [Times: user=0.37 sys=0.01, real=0.07 secs]
2014-07-28T04:25:00.781+0000: 1544.462: [GC2014-07-28T04:25:00.782+0000: 1544.464: [ParNew: 92160K->10240K(92160K), 0.0593870 secs] 9681385K->9624507K(20961280K), 0.0615470 secs] [Times: user=0.34 sys=0.02, real=0.06 secs]
2014-07-28T04:25:01.536+0000: 1545.217: [GC2014-07-28T04:25:01.537+0000: 1545.218: [ParNew: 92160K->10240K(92160K), 0.0631510 secs] 9706427K->9651234K(20961280K), 0.0653600 secs] [Times: user=0.37 sys=0.01, real=0.06 secs]
2014-07-28T04:25:01.927+0000: 1545.609: [GC2014-07-28T04:25:01.928+0000: 1545.610: [ParNew: 92160K->10240K(92160K), 0.0606640 secs] 9733154K->9676064K(20961280K), 0.0628260 secs] [Times: user=0.37 sys=0.02, real=0.06 secs]
2014-07-28T04:25:02.583+0000: 1546.265: [GC2014-07-28T04:25:02.584+0000: 1546.266: [ParNew: 92160K->10240K(92160K), 0.0639330 secs] 9757984K->9702125K(20961280K), 0.0659930 secs] [Times: user=0.35 sys=0.02, real=0.07 secs]
2014-07-28T04:25:03.151+0000: 1546.832: [GC2014-07-28T04:25:03.152+0000: 1546.834: [ParNew: 92156K->10240K(92160K), 0.0580810 secs] 9784042K->9729073K(20961280K), 0.0601680 secs] [Times: user=0.34 sys=0.04, real=0.06 secs]
2014-07-28T04:25:03.441+0000: 1547.122: [GC2014-07-28T04:25:03.442+0000: 1547.123: [ParNew: 92160K->10240K(92160K), 0.0550410 secs] 9810993K->9754540K(20961280K), 0.0571200 secs] [Times: user=0.34 sys=0.02, real=0.06 secs]
2014-07-28T04:25:03.808+0000: 1547.490: [GC2014-07-28T04:25:03.809+0000: 1547.491: [ParNew: 92160K->10240K(92160K), 0.0539680 secs] 9836460K->9779640K(20961280K), 0.0560080 secs] [Times: user=0.33 sys=0.03, real=0.06 secs]
2014-07-28T04:25:04.186+0000: 1547.868: [GC2014-07-28T04:25:04.187+0000: 1547.869: [ParNew: 92160K->10240K(92160K), 0.0546000 secs] 9861560K->9806001K(20961280K), 0.0566730 secs] [Times: user=0.35 sys=0.02, real=0.05 secs]
2014-07-28T04:25:04.564+0000: 1548.245: [GC2014-07-28T04:25:04.565+0000: 1548.246: [ParNew: 92160K->10240K(92160K), 0.0554080 secs] 9887921K->9831811K(20961280K), 0.0574540 secs] [Times: user=0.35 sys=0.02, real=0.06 secs]
2014-07-28T04:25:06.375+0000: 1550.056: [GC2014-07-28T04:25:06.376+0000: 1550.057: [ParNew: 92160K->10240K(92160K), 0.0559890 secs] 9913731K->9857863K(20961280K), 0.0580420 secs] [Times: user=0.37 sys=0.02, real=0.06 secs]
2014-07-28T04:25:06.589+0000: 1550.270: [GC2014-07-28T04:25:06.590+0000: 1550.271: [ParNew: 92160K->10240K(92160K), 0.0619860 secs] 9939783K->9887636K(20961280K), 0.0640400 secs] [Times: user=0.37 sys=0.02, real=0.07 secs]
2014-07-28T04:25:06.800+0000: 1550.482: [GC2014-07-28T04:25:06.801+0000: 1550.483: [ParNew: 92160K->10240K(92160K), 0.0554360 secs] 9969556K->9913240K(20961280K), 0.0575640 secs] [Times: user=0.35 sys=0.03, real=0.06 secs]
2014-07-28T04:25:07.280+0000: 1550.961: [GC2014-07-28T04:25:07.281+0000: 1550.962: [ParNew: 92160K->10240K(92160K), 0.0540680 secs] 9995160K->9935675K(20961280K), 0.0561680 secs] [Times: user=0.36 sys=0.00, real=0.06 secs]
2014-07-28T04:25:07.811+0000: 1551.493: [GC2014-07-28T04:25:07.812+0000: 1551.494: [ParNew: 92160K->10240K(92160K), 0.0572910 secs] 10017595K->9962298K(20961280K), 0.0593630 secs] [Times: user=0.35 sys=0.02, real=0.06 secs]
2014-07-28T04:25:08.626+0000: 1552.308: [GC2014-07-28T04:25:08.627+0000: 1552.309: [ParNew: 92157K->10240K(92160K), 0.0950810 secs] 10044216K->9988665K(20961280K), 0.0973020 secs] [Times: user=0.54 sys=0.03, real=0.09 secs]
2014-07-28T04:25:09.211+0000: 1552.892: [GC2014-07-28T04:25:09.212+0000: 1552.894: [ParNew: 92160K->10240K(92160K), 0.0646810 secs] 10070585K->10013950K(20961280K), 0.0671200 secs] [Times: user=0.39 sys=0.02, real=0.07 secs]
2014-07-28T04:25:10.909+0000: 1554.590: [GC2014-07-28T04:25:10.910+0000: 1554.591: [ParNew: 92160K->10240K(92160K), 0.0553080 secs] 10095870K->10038913K(20961280K), 0.0573950 secs] [Times: user=0.37 sys=0.01, real=0.06 secs]
2014-07-28T04:25:11.687+0000: 1555.368: [GC2014-07-28T04:25:11.688+0000: 1555.369: [ParNew: 92160K->10240K(92160K), 0.0546030 secs] 10120833K->10065208K(20961280K), 0.0566480 secs] [Times: user=0.34 sys=0.02, real=0.05 secs]
2014-07-28T04:25:12.056+0000: 1555.737: [GC2014-07-28T04:25:12.057+0000: 1555.738: [ParNew: 92156K->10240K(92160K), 0.0565260 secs] 10147124K->10090504K(20961280K), 0.0586030 secs] [Times: user=0.37 sys=0.01, real=0.06 secs]
2014-07-28T04:25:12.717+0000: 1556.398: [GC2014-07-28T04:25:12.718+0000: 1556.399: [ParNew: 92160K->10240K(92160K), 0.0536700 secs] 10172424K->10116574K(20961280K), 0.0557130 secs] [Times: user=0.35 sys=0.01, real=0.06 secs]
2014-07-28T04:25:13.283+0000: 1556.964: [GC2014-07-28T04:25:13.284+0000: 1556.965: [ParNew: 92159K->10240K(92160K), 0.0542680 secs] 10198493K->10143061K(20961280K), 0.0564070 secs] [Times: user=0.35 sys=0.01, real=0.06 secs]
2014-07-28T04:25:13.564+0000: 1557.246: [GC2014-07-28T04:25:13.565+0000: 1557.247: [ParNew: 92160K->10240K(92160K), 0.0547480 secs] 10224981K->10169161K(20961280K), 0.0568260 secs] [Times: user=0.36 sys=0.00, real=0.06 secs]
2014-07-28T04:25:13.932+0000: 1557.613: [GC2014-07-28T04:25:13.933+0000: 1557.614: [ParNew: 92160K->10240K(92160K), 0.0551610 secs] 10251081K->10194647K(20961280K), 0.0572070 secs] [Times: user=0.36 sys=0.00, real=0.06 secs]
2014-07-28T04:25:14.303+0000: 1557.985: [GC2014-07-28T04:25:14.304+0000: 1557.986: [ParNew: 92160K->10240K(92160K), 0.0582530 secs] 10276567K->10221013K(20961280K), 0.0602940 secs] [Times: user=0.37 sys=0.01, real=0.06 secs]
2014-07-28T04:25:14.691+0000: 1558.373: [GC2014-07-28T04:25:14.692+0000: 1558.374: [ParNew: 92160K->10240K(92160K), 0.0609670 secs] 10302933K->10246505K(20961280K), 0.0630420 secs] [Times: user=0.37 sys=0.02, real=0.07 secs]
2014-07-28T04:25:16.499+0000: 1560.180: [GC2014-07-28T04:25:16.500+0000: 1560.181: [ParNew: 92157K->10240K(92160K), 0.0605320 secs] 10328422K->10273225K(20961280K), 0.0626080 secs] [Times: user=0.32 sys=0.05, real=0.06 secs]
2014-07-28T04:25:16.721+0000: 1560.402: [GC2014-07-28T04:25:16.722+0000: 1560.403: [ParNew: 92149K->10240K(92160K), 0.0641790 secs] 10355134K->10302869K(20961280K), 0.0662710 secs] [Times: user=0.36 sys=0.04, real=0.07 secs]
2014-07-28T04:25:16.931+0000: 1560.612: [GC2014-07-28T04:25:16.932+0000: 1560.613: [ParNew: 92158K->10240K(92160K), 0.0592960 secs] 10384788K->10328454K(20961280K), 0.0613640 secs] [Times: user=0.36 sys=0.01, real=0.06 secs]
2014-07-28T04:25:17.378+0000: 1561.059: [GC2014-07-28T04:25:17.379+0000: 1561.060: [ParNew: 92160K->10240K(92160K), 0.0569000 secs] 10410374K->10350363K(20961280K), 0.0589930 secs] [Times: user=0.36 sys=0.00, real=0.06 secs]
2014-07-28T04:25:17.918+0000: 1561.599: [GC2014-07-28T04:25:17.919+0000: 1561.600: [ParNew: 92160K->10240K(92160K), 0.0568240 secs] 10432283K->10376627K(20961280K), 0.0589090 secs] [Times: user=0.36 sys=0.01, real=0.06 secs]
2014-07-28T04:25:18.786+0000: 1562.467: [GC2014-07-28T04:25:18.787+0000: 1562.468: [ParNew: 92160K->10240K(92160K), 0.0561300 secs] 10458547K->10403409K(20961280K), 0.0582600 secs] [Times: user=0.35 sys=0.02, real=0.06 secs]
2014-07-28T04:25:19.331+0000: 1563.012: [GC2014-07-28T04:25:19.332+0000: 1563.013: [ParNew: 92157K->10240K(92160K), 0.0545540 secs] 10485326K->10428942K(20961280K), 0.0566490 secs] [Times: user=0.36 sys=0.02, real=0.06 secs]
2014-07-28T04:25:21.029+0000: 1564.710: [GC2014-07-28T04:25:21.030+0000: 1564.711: [ParNew: 92160K->10240K(92160K), 0.0536920 secs] 10510862K->10454165K(20961280K), 0.0557540 secs] [Times: user=0.34 sys=0.02, real=0.06 secs]
2014-07-28T04:25:21.797+0000: 1565.478: [GC2014-07-28T04:25:21.798+0000: 1565.479: [ParNew: 92160K->10240K(92160K), 0.0541740 secs] 10536085K->10480764K(20961280K), 0.0561990 secs] [Times: user=0.35 sys=0.01, real=0.06 secs]
2014-07-28T04:25:22.160+0000: 1565.841: [GC2014-07-28T04:25:22.161+0000: 1565.842: [ParNew: 92160K->10240K(92160K), 0.0552760 secs] 10562684K->10506241K(20961280K), 0.0573310 secs] [Times: user=0.37 sys=0.02, real=0.06 secs]
2014-07-28T04:25:22.817+0000: 1566.498: [GC2014-07-28T04:25:22.818+0000: 1566.499: [ParNew: 92160K->10240K(92160K), 0.0577180 secs] 10588161K->10532442K(20961280K), 0.0598540 secs] [Times: user=0.40 sys=0.00, real=0.06 secs]
2014-07-28T04:25:23.411+0000: 1567.092: [GC2014-07-28T04:25:23.412+0000: 1567.093: [ParNew: 92160K->10240K(92160K), 0.0688280 secs] 10614362K->10560166K(20961280K), 0.0708690 secs] [Times: user=0.35 sys=0.03, real=0.07 secs]
2014-07-28T04:25:23.674+0000: 1567.355: [GC2014-07-28T04:25:23.675+0000: 1567.356: [ParNew: 92160K->10240K(92160K), 0.0545010 secs] 10642086K->10584857K(20961280K), 0.0567000 secs] [Times: user=0.36 sys=0.01, real=0.06 secs]
2014-07-28T04:25:24.036+0000: 1567.718: [GC2014-07-28T04:25:24.037+0000: 1567.719: [ParNew: 92160K->10240K(92160K), 0.0523980 secs] 10666777K->10610360K(20961280K), 0.0544560 secs] [Times: user=0.35 sys=0.00, real=0.05 secs]
2014-07-28T04:25:24.408+0000: 1568.089: [GC2014-07-28T04:25:24.409+0000: 1568.090: [ParNew: 92154K->10240K(92160K), 0.0527710 secs] 10692274K->10636922K(20961280K), 0.0548180 secs] [Times: user=0.33 sys=0.02, real=0.05 secs]
2014-07-28T04:25:24.790+0000: 1568.472: [GC2014-07-28T04:25:24.791+0000: 1568.473: [ParNew: 92150K->10240K(92160K), 0.0595970 secs] 10718833K->10662535K(20961280K), 0.0616480 secs] [Times: user=0.37 sys=0.02, real=0.06 secs]
2014-07-28T04:25:26.603+0000: 1570.285: [GC2014-07-28T04:25:26.604+0000: 1570.286: [ParNew: 92160K->10240K(92160K), 0.0539090 secs] 10744455K->10689345K(20961280K), 0.0560200 secs] [Times: user=0.35 sys=0.01, real=0.06 secs]
2014-07-28T04:25:26.847+0000: 1570.528: [GC2014-07-28T04:25:26.848+0000: 1570.529: [ParNew: 92160K->10240K(92160K), 0.0577750 secs] 10771265K->10719012K(20961280K), 0.0598530 secs] [Times: user=0.36 sys=0.03, real=0.06 secs]
2014-07-28T04:25:27.060+0000: 1570.742: [GC2014-07-28T04:25:27.061+0000: 1570.743: [ParNew: 92159K->10240K(92160K), 0.0536780 secs] 10800931K->10744799K(20961280K), 0.0557790 secs] [Times: user=0.33 sys=0.04, real=0.06 secs]
2014-07-28T04:25:27.469+0000: 1571.150: [GC2014-07-28T04:25:27.470+0000: 1571.151: [ParNew: 92155K->10240K(92160K), 0.0492200 secs] 10826714K->10766423K(20961280K), 0.0512820 secs] [Times: user=0.34 sys=0.00, real=0.05 secs]
2014-07-28T04:25:28.009+0000: 1571.690: [GC2014-07-28T04:25:28.010+0000: 1571.691: [ParNew: 92160K->10240K(92160K), 0.0507390 secs] 10848343K->10792425K(20961280K), 0.0529350 secs] [Times: user=0.30 sys=0.01, real=0.05 secs]
2014-07-28T04:25:28.887+0000: 1572.568: [GC2014-07-28T04:25:28.888+0000: 1572.569: [ParNew: 92160K->10240K(92160K), 0.0542330 secs] 10874345K->10819244K(20961280K), 0.0563080 secs] [Times: user=0.36 sys=0.03, real=0.05 secs]
2014-07-28T04:25:29.414+0000: 1573.095: [GC2014-07-28T04:25:29.415+0000: 1573.096: [ParNew: 92160K->10240K(92160K), 0.0521550 secs] 10901164K->10845167K(20961280K), 0.0542660 secs] [Times: user=0.36 sys=0.01, real=0.06 secs]
2014-07-28T04:25:31.111+0000: 1574.792: [GC2014-07-28T04:25:31.112+0000: 1574.793: [ParNew: 92151K->10240K(92160K), 0.0501570 secs] 10927079K->10869740K(20961280K), 0.0522280 secs] [Times: user=0.34 sys=0.01, real=0.06 secs]
2014-07-28T04:25:31.887+0000: 1575.569: [GC2014-07-28T04:25:31.888+0000: 1575.570: [ParNew: 92151K->10240K(92160K), 0.0540720 secs] 10951651K->10895736K(20961280K), 0.0561510 secs] [Times: user=0.37 sys=0.01, real=0.06 secs]
2014-07-28T04:25:32.242+0000: 1575.923: [GC2014-07-28T04:25:32.243+0000: 1575.924: [ParNew: 92151K->10240K(92160K), 0.0524670 secs] 10977648K->10920855K(20961280K), 0.0545390 secs] [Times: user=0.36 sys=0.01, real=0.05 secs]
2014-07-28T04:25:32.902+0000: 1576.584: [GC2014-07-28T04:25:32.903+0000: 1576.585: [ParNew: 92160K->10240K(92160K), 0.0462220 secs] 11002775K->10946318K(20961280K), 0.0482600 secs] [Times: user=0.31 sys=0.01, real=0.04 secs]
2014-07-28T04:25:33.536+0000: 1577.217: [GC2014-07-28T04:25:33.537+0000: 1577.218: [ParNew: 92145K->10240K(92160K), 0.0507780 secs] 11028223K->10972404K(20961280K), 0.0528370 secs] [Times: user=0.33 sys=0.02, real=0.05 secs]
2014-07-28T04:25:33.763+0000: 1577.444: [GC2014-07-28T04:25:33.764+0000: 1577.445: [ParNew: 92160K->10240K(92160K), 0.0482150 secs] 11054324K->10997497K(20961280K), 0.0502710 secs] [Times: user=0.33 sys=0.00, real=0.05 secs]
2014-07-28T04:25:33.961+0000: 1577.642: [GC2014-07-28T04:25:33.962+0000: 1577.643: [ParNew: 92160K->10240K(92160K), 0.0489380 secs] 11079417K->11022485K(20961280K), 0.0509850 secs] [Times: user=0.35 sys=0.00, real=0.05 secs]
2014-07-28T04:25:34.307+0000: 1577.988: [GC2014-07-28T04:25:34.308+0000: 1577.989: [ParNew: 92159K->10240K(92160K), 0.0477520 secs] 11104404K->11047231K(20961280K), 0.0498230 secs] [Times: user=0.33 sys=0.01, real=0.05 secs]
2014-07-28T04:25:34.657+0000: 1578.338: [GC2014-07-28T04:25:34.658+0000: 1578.339: [ParNew: 92160K->10240K(92160K), 0.0520600 secs] 11129151K->11072301K(20961280K), 0.0541030 secs] [Times: user=0.36 sys=0.00, real=0.05 secs]
2014-07-28T04:25:36.690+0000: 1580.371: [GC2014-07-28T04:25:36.691+0000: 1580.372: [ParNew: 92151K->10240K(92160K), 0.0453100 secs] 11154212K->11097284K(20961280K), 0.0473860 secs] [Times: user=0.30 sys=0.00, real=0.05 secs]
2014-07-28T04:25:36.956+0000: 1580.637: [GC2014-07-28T04:25:36.957+0000: 1580.638: [ParNew: 92160K->10240K(92160K), 0.0525440 secs] 11179204K->11126406K(20961280K), 0.0546260 secs] [Times: user=0.36 sys=0.01, real=0.05 secs]
2014-07-28T04:25:37.155+0000: 1580.836: [GC2014-07-28T04:25:37.156+0000: 1580.837: [ParNew: 92160K->10240K(92160K), 0.0519320 secs] 11208326K->11151104K(20961280K), 0.0540320 secs] [Times: user=0.35 sys=0.02, real=0.05 secs]
2014-07-28T04:25:37.337+0000: 1581.019: [GC2014-07-28T04:25:37.339+0000: 1581.020: [ParNew: 92160K->10240K(92160K), 0.0505000 secs] 11233024K->11175339K(20961280K), 0.0526180 secs] [Times: user=0.36 sys=0.00, real=0.05 secs]
2014-07-28T04:25:37.746+0000: 1581.427: [GC2014-07-28T04:25:37.747+0000: 1581.428: [ParNew: 92159K->10240K(92160K), 0.0484730 secs] 11257258K->11200373K(20961280K), 0.0506750 secs] [Times: user=0.33 sys=0.01, real=0.05 secs]
2014-07-28T04:25:38.487+0000: 1582.169: [GC2014-07-28T04:25:38.489+0000: 1582.170: [ParNew: 92160K->10240K(92160K), 0.0627250 secs] 11282293K->11225091K(20961280K), 0.0798020 secs] [Times: user=0.35 sys=0.00, real=0.08 secs]
2014-07-28T04:25:39.129+0000: 1582.811: [GC2014-07-28T04:25:39.130+0000: 1582.812: [ParNew: 92160K->10240K(92160K), 0.0509610 secs] 11307011K->11250545K(20961280K), 0.0530750 secs] [Times: user=0.35 sys=0.01, real=0.06 secs]
2014-07-28T04:25:40.555+0000: 1584.237: [GC2014-07-28T04:25:40.556+0000: 1584.238: [ParNew: 92157K->10240K(92160K), 0.0472510 secs] 11332462K->11275330K(20961280K), 0.0492960 secs] [Times: user=0.32 sys=0.02, real=0.05 secs]
2014-07-28T04:25:41.348+0000: 1585.029: [GC2014-07-28T04:25:41.349+0000: 1585.030: [ParNew: 92160K->10240K(92160K), 0.0534870 secs] 11357250K->11301087K(20961280K), 0.0555590 secs] [Times: user=0.38 sys=0.00, real=0.06 secs]
2014-07-28T04:25:42.117+0000: 1585.798: [GC2014-07-28T04:25:42.118+0000: 1585.799: [ParNew: 92160K->10240K(92160K), 0.0539160 secs] 11383007K->11328044K(20961280K), 0.0560160 secs] [Times: user=0.38 sys=0.01, real=0.06 secs]
2014-07-28T04:25:42.479+0000: 1586.160: [GC2014-07-28T04:25:42.480+0000: 1586.161: [ParNew: 92159K->10240K(92160K), 0.0530600 secs] 11409964K->11353520K(20961280K), 0.0551480 secs] [Times: user=0.37 sys=0.00, real=0.06 secs]
2014-07-28T04:25:43.157+0000: 1586.838: [GC2014-07-28T04:25:43.158+0000: 1586.839: [ParNew: 92158K->10240K(92160K), 0.0529730 secs] 11435439K->11377665K(20961280K), 0.0550170 secs] [Times: user=0.38 sys=0.00, real=0.05 secs]
2014-07-28T04:25:43.761+0000: 1587.443: [GC2014-07-28T04:25:43.762+0000: 1587.444: [ParNew: 92160K->10240K(92160K), 0.0503540 secs] 11459585K->11404491K(20961280K), 0.0524880 secs] [Times: user=0.36 sys=0.00, real=0.06 secs]
2014-07-28T04:25:43.984+0000: 1587.666: [GC2014-07-28T04:25:43.985+0000: 1587.667: [ParNew: 92153K->10240K(92160K), 0.0491480 secs] 11486404K->11430610K(20961280K), 0.0512160 secs] [Times: user=0.34 sys=0.00, real=0.05 secs]
2014-07-28T04:25:44.329+0000: 1588.010: [GC2014-07-28T04:25:44.330+0000: 1588.011: [ParNew: 92160K->10240K(92160K), 0.0859330 secs] 11512530K->11456206K(20961280K), 0.0880410 secs] [Times: user=0.41 sys=0.00, real=0.09 secs]
2014-07-28T04:25:44.696+0000: 1588.378: [GC2014-07-28T04:25:44.697+0000: 1588.379: [ParNew: 92156K->10240K(92160K), 0.0760440 secs] 11538122K->11480280K(20961280K), 0.0785550 secs] [Times: user=0.51 sys=0.02, real=0.08 secs]
2014-07-28T04:25:46.232+0000: 1589.914: [GC2014-07-28T04:25:46.233+0000: 1589.915: [ParNew: 92101K->10240K(92160K), 0.0510530 secs] 11562141K->11505131K(20961280K), 0.0531120 secs] [Times: user=0.36 sys=0.00, real=0.06 secs]
2014-07-28T04:25:47.042+0000: 1590.723: [GC2014-07-28T04:25:47.043+0000: 1590.724: [ParNew: 92160K->10240K(92160K), 0.0532860 secs] 11587051K->11532827K(20961280K), 0.0553720 secs] [Times: user=0.37 sys=0.02, real=0.06 secs]
2014-07-28T04:25:47.250+0000: 1590.931: [GC2014-07-28T04:25:47.251+0000: 1590.932: [ParNew: 92160K->10240K(92160K), 0.0515990 secs] 11614747K->11557697K(20961280K), 0.0537310 secs] [Times: user=0.37 sys=0.00, real=0.06 secs]
2014-07-28T04:25:47.424+0000: 1591.105: [GC2014-07-28T04:25:47.425+0000: 1591.107: [ParNew: 92160K->10240K(92160K), 0.0502170 secs] 11639617K->11585406K(20961280K), 0.0524200 secs] [Times: user=0.34 sys=0.00, real=0.05 secs]
2014-07-28T04:25:47.812+0000: 1591.493: [GC2014-07-28T04:25:47.813+0000: 1591.494: [ParNew: 92160K->10240K(92160K), 0.0578230 secs] 11667326K->11609488K(20961280K), 0.0598770 secs] [Times: user=0.40 sys=0.00, real=0.06 secs]
2014-07-28T04:25:48.522+0000: 1592.204: [GC2014-07-28T04:25:48.523+0000: 1592.205: [ParNew: 92158K->10240K(92160K), 0.0485990 secs] 11691407K->11634571K(20961280K), 0.0506520 secs] [Times: user=0.33 sys=0.01, real=0.05 secs]
2014-07-28T04:25:49.202+0000: 1592.883: [GC2014-07-28T04:25:49.203+0000: 1592.884: [ParNew: 92160K->10240K(92160K), 0.0509290 secs] 11716491K->11661503K(20961280K), 0.0530830 secs] [Times: user=0.34 sys=0.02, real=0.06 secs]
2014-07-28T04:25:50.442+0000: 1594.123: [GC2014-07-28T04:25:50.443+0000: 1594.124: [ParNew: 92155K->10240K(92160K), 0.0518420 secs] 11743419K->11685815K(20961280K), 0.0539100 secs] [Times: user=0.37 sys=0.00, real=0.06 secs]
2014-07-28T04:25:51.424+0000: 1595.105: [GC2014-07-28T04:25:51.425+0000: 1595.106: [ParNew: 92160K->10240K(92160K), 0.0528340 secs] 11767735K->11712919K(20961280K), 0.0548840 secs] [Times: user=0.36 sys=0.01, real=0.05 secs]
2014-07-28T04:25:52.203+0000: 1595.885: [GC2014-07-28T04:25:52.204+0000: 1595.886: [ParNew: 92160K->10240K(92160K), 0.0496930 secs] 11794839K->11740864K(20961280K), 0.0517950 secs] [Times: user=0.32 sys=0.03, real=0.05 secs]
2014-07-28T04:25:52.561+0000: 1596.242: [GC2014-07-28T04:25:52.562+0000: 1596.243: [ParNew: 92159K->10240K(92160K), 0.0525730 secs] 11822784K->11766577K(20961280K), 0.0546190 secs] [Times: user=0.34 sys=0.01, real=0.06 secs]
2014-07-28T04:25:53.230+0000: 1596.911: [GC2014-07-28T04:25:53.231+0000: 1596.912: [ParNew: 92144K->10240K(92160K), 0.0626470 secs] 11848481K->11790347K(20961280K), 0.0647580 secs] [Times: user=0.37 sys=0.01, real=0.07 secs]
2014-07-28T04:25:53.840+0000: 1597.521: [GC2014-07-28T04:25:53.841+0000: 1597.522: [ParNew: 92160K->10240K(92160K), 0.0646930 secs] 11872267K->11818345K(20961280K), 0.0667790 secs] [Times: user=0.37 sys=0.01, real=0.07 secs]
2014-07-28T04:25:54.065+0000: 1597.746: [GC2014-07-28T04:25:54.066+0000: 1597.747: [ParNew: 92160K->10240K(92160K), 0.0577490 secs] 11900265K->11845123K(20961280K), 0.0598450 secs] [Times: user=0.35 sys=0.01, real=0.06 secs]
2014-07-28T04:25:54.449+0000: 1598.130: [GC2014-07-28T04:25:54.450+0000: 1598.132: [ParNew: 92160K->10240K(92160K), 0.0872470 secs] 11927043K->11871328K(20961280K), 0.0894150 secs] [Times: user=0.47 sys=0.01, real=0.09 secs]
2014-07-28T04:25:54.796+0000: 1598.477: [GC2014-07-28T04:25:54.797+0000: 1598.478: [ParNew: 92160K->10240K(92160K), 0.0566440 secs] 11953248K->11895119K(20961280K), 0.0588590 secs] [Times: user=0.33 sys=0.02, real=0.06 secs]
2014-07-28T04:25:56.207+0000: 1599.888: [GC2014-07-28T04:25:56.208+0000: 1599.889: [ParNew: 92149K->10240K(92160K), 0.0515200 secs] 11977028K->11920007K(20961280K), 0.0535530 secs] [Times: user=0.34 sys=0.01, real=0.06 secs]
2014-07-28T04:25:57.161+0000: 1600.842: [GC2014-07-28T04:25:57.162+0000: 1600.843: [ParNew: 92160K->10240K(92160K), 0.0580210 secs] 12001927K->11945810K(20961280K), 0.0601160 secs] [Times: user=0.38 sys=0.00, real=0.07 secs]
2014-07-28T04:25:57.351+0000: 1601.032: [GC2014-07-28T04:25:57.352+0000: 1601.033: [ParNew: 92160K->10240K(92160K), 0.0550330 secs] 12027730K->11972086K(20961280K), 0.0571450 secs] [Times: user=0.37 sys=0.01, real=0.06 secs]
2014-07-28T04:25:57.527+0000: 1601.208: [GC2014-07-28T04:25:57.528+0000: 1601.209: [ParNew: 92158K->10240K(92160K), 0.0528610 secs] 12054005K->12000598K(20961280K), 0.0549280 secs] [Times: user=0.36 sys=0.01, real=0.06 secs]
2014-07-28T04:25:57.896+0000: 1601.577: [GC2014-07-28T04:25:57.897+0000: 1601.578: [ParNew: 92152K->10240K(92160K), 0.0479280 secs] 12082511K->12023244K(20961280K), 0.0499790 secs] [Times: user=0.34 sys=0.01, real=0.05 secs]
2014-07-28T04:25:58.622+0000: 1602.304: [GC2014-07-28T04:25:58.623+0000: 1602.305: [ParNew: 92157K->10240K(92160K), 0.0472660 secs] 12105162K->12049114K(20961280K), 0.0493320 secs] [Times: user=0.32 sys=0.00, real=0.04 secs]
2014-07-28T04:25:59.309+0000: 1602.990: [GC2014-07-28T04:25:59.310+0000: 1602.991: [ParNew: 92160K->10240K(92160K), 0.0515490 secs] 12131034K->12075529K(20961280K), 0.0536220 secs] [Times: user=0.36 sys=0.01, real=0.06 secs]
2014-07-28T04:26:00.407+0000: 1604.089: [GC2014-07-28T04:26:00.408+0000: 1604.090: [ParNew: 92158K->10240K(92160K), 0.0480140 secs] 12157448K->12099911K(20961280K), 0.0500540 secs] [Times: user=0.32 sys=0.01, real=0.05 secs]
2014-07-28T04:26:01.512+0000: 1605.193: [GC2014-07-28T04:26:01.513+0000: 1605.194: [ParNew: 92154K->10240K(92160K), 0.0486750 secs] 12181825K->12126396K(20961280K), 0.0507320 secs] [Times: user=0.33 sys=0.00, real=0.06 secs]
2014-07-28T04:26:02.311+0000: 1605.993: [GC2014-07-28T04:26:02.312+0000: 1605.994: [ParNew: 92160K->10240K(92160K), 0.0519720 secs] 12208316K->12153280K(20961280K), 0.0541300 secs] [Times: user=0.35 sys=0.00, real=0.06 secs]
2014-07-28T04:26:02.645+0000: 1606.326: [GC2014-07-28T04:26:02.646+0000: 1606.327: [ParNew: 92160K->10240K(92160K), 0.0515210 secs] 12235200K->12179702K(20961280K), 0.0535870 secs] [Times: user=0.35 sys=0.01, real=0.05 secs]
2014-07-28T04:26:03.313+0000: 1606.995: [GC2014-07-28T04:26:03.314+0000: 1606.996: [ParNew: 92159K->10240K(92160K), 0.0481620 secs] 12261621K->12203584K(20961280K), 0.0502310 secs] [Times: user=0.34 sys=0.00, real=0.05 secs]
2014-07-28T04:26:03.946+0000: 1607.628: [GC2014-07-28T04:26:03.947+0000: 1607.629: [ParNew: 92153K->10240K(92160K), 0.0517310 secs] 12285498K->12231183K(20961280K), 0.0538650 secs] [Times: user=0.37 sys=0.01, real=0.05 secs]
2014-07-28T04:26:04.178+0000: 1607.860: [GC2014-07-28T04:26:04.179+0000: 1607.861: [ParNew: 92160K->10240K(92160K), 0.0529640 secs] 12313103K->12257508K(20961280K), 0.0551500 secs] [Times: user=0.36 sys=0.01, real=0.06 secs]
2014-07-28T04:26:04.596+0000: 1608.277: [GC2014-07-28T04:26:04.597+0000: 1608.278: [ParNew: 92156K->10240K(92160K), 0.0490840 secs] 12339424K->12283441K(20961280K), 0.0512120 secs] [Times: user=0.33 sys=0.01, real=0.05 secs]
2014-07-28T04:26:04.876+0000: 1608.558: [GC2014-07-28T04:26:04.877+0000: 1608.559: [ParNew: 92160K->10240K(92160K), 0.0523850 secs] 12365361K->12307632K(20961280K), 0.0544750 secs] [Times: user=0.38 sys=0.00, real=0.06 secs]
2014-07-28T04:26:06.171+0000: 1609.853: [GC2014-07-28T04:26:06.172+0000: 1609.854: [ParNew: 92160K->10240K(92160K), 0.0507050 secs] 12389552K->12332456K(20961280K), 0.0527440 secs] [Times: user=0.35 sys=0.01, real=0.05 secs]
2014-07-28T04:26:07.275+0000: 1610.956: [GC2014-07-28T04:26:07.276+0000: 1610.957: [ParNew: 92160K->10240K(92160K), 0.0512030 secs] 12414376K->12358352K(20961280K), 0.0532520 secs] [Times: user=0.34 sys=0.01, real=0.05 secs]
2014-07-28T04:26:07.455+0000: 1611.136: [GC2014-07-28T04:26:07.456+0000: 1611.137: [ParNew: 92160K->10240K(92160K), 0.0545250 secs] 12440272K->12386438K(20961280K), 0.0565920 secs] [Times: user=0.37 sys=0.01, real=0.06 secs]
2014-07-28T04:26:07.630+0000: 1611.312: [GC2014-07-28T04:26:07.631+0000: 1611.313: [ParNew: 92160K->10240K(92160K), 0.0543100 secs] 12468358K->12414068K(20961280K), 0.0563870 secs] [Times: user=0.37 sys=0.02, real=0.05 secs]
2014-07-28T04:26:07.963+0000: 1611.644: [GC2014-07-28T04:26:07.964+0000: 1611.645: [ParNew: 92160K->10240K(92160K), 0.0513060 secs] 12495988K->12435882K(20961280K), 0.0534600 secs] [Times: user=0.35 sys=0.01, real=0.05 secs]
2014-07-28T04:26:08.690+0000: 1612.371: [GC2014-07-28T04:26:08.695+0000: 1612.377: [ParNew: 92160K->10240K(92160K), 0.0675600 secs] 12517802K->12461530K(20961280K), 0.0741880 secs] [Times: user=0.42 sys=0.01, real=0.08 secs]
2014-07-28T04:26:09.381+0000: 1613.062: [GC2014-07-28T04:26:09.382+0000: 1613.063: [ParNew: 92160K->10240K(92160K), 0.0501290 secs] 12543450K->12487506K(20961280K), 0.0523030 secs] [Times: user=0.36 sys=0.00, real=0.06 secs]
2014-07-28T04:26:10.394+0000: 1614.076: [GC2014-07-28T04:26:10.395+0000: 1614.077: [ParNew: 92153K->10240K(92160K), 0.0508060 secs] 12569419K->12512621K(20961280K), 0.0529100 secs] [Times: user=0.35 sys=0.00, real=0.05 secs]
2014-07-28T04:26:11.582+0000: 1615.263: [GC2014-07-28T04:26:11.583+0000: 1615.264: [ParNew: 92160K->10240K(92160K), 0.0520730 secs] 12594541K->12538475K(20961280K), 0.0541030 secs] [Times: user=0.36 sys=0.02, real=0.05 secs]
2014-07-28T04:26:12.388+0000: 1616.070: [GC2014-07-28T04:26:12.389+0000: 1616.071: [ParNew: 92160K->10240K(92160K), 0.0499370 secs] 12620395K->12565456K(20961280K), 0.0519870 secs] [Times: user=0.34 sys=0.01, real=0.06 secs]
2014-07-28T04:26:12.729+0000: 1616.410: [GC2014-07-28T04:26:12.730+0000: 1616.411: [ParNew: 92160K->10240K(92160K), 0.0493850 secs] 12647376K->12591555K(20961280K), 0.0514460 secs] [Times: user=0.33 sys=0.01, real=0.05 secs]
2014-07-28T04:26:13.317+0000: 1616.998: [GC2014-07-28T04:26:13.318+0000: 1616.999: [ParNew: 92158K->10240K(92160K), 0.0492400 secs] 12673473K->12616216K(20961280K), 0.0513190 secs] [Times: user=0.34 sys=0.01, real=0.06 secs]
2014-07-28T04:26:14.045+0000: 1617.727: [GC2014-07-28T04:26:14.046+0000: 1617.728: [ParNew: 92160K->10240K(92160K), 0.0542410 secs] 12698136K->12643479K(20961280K), 0.0563290 secs] [Times: user=0.37 sys=0.01, real=0.06 secs]
2014-07-28T04:26:14.259+0000: 1617.940: [GC2014-07-28T04:26:14.260+0000: 1617.941: [ParNew: 92160K->10240K(92160K), 0.0535680 secs] 12725399K->12670114K(20961280K), 0.0556270 secs] [Times: user=0.36 sys=0.01, real=0.06 secs]
2014-07-28T04:26:14.674+0000: 1618.355: [GC2014-07-28T04:26:14.675+0000: 1618.356: [ParNew: 92160K->10240K(92160K), 0.0540020 secs] 12752034K->12696205K(20961280K), 0.0560960 secs] [Times: user=0.35 sys=0.02, real=0.06 secs]
2014-07-28T04:26:14.899+0000: 1618.581: [GC2014-07-28T04:26:14.900+0000: 1618.582: [ParNew: 92152K->10240K(92160K), 0.0465390 secs] 12778118K->12719882K(20961280K), 0.0485830 secs] [Times: user=0.32 sys=0.00, real=0.05 secs]
2014-07-28T04:26:16.169+0000: 1619.850: [GC2014-07-28T04:26:16.170+0000: 1619.852: [ParNew: 92157K->10240K(92160K), 0.0471100 secs] 12801799K->12745628K(20961280K), 0.0491980 secs] [Times: user=0.32 sys=0.01, real=0.05 secs]
2014-07-28T04:26:17.361+0000: 1621.043: [GC2014-07-28T04:26:17.362+0000: 1621.044: [ParNew: 92160K->10240K(92160K), 0.0527140 secs] 12827548K->12770851K(20961280K), 0.0547860 secs] [Times: user=0.36 sys=0.01, real=0.06 secs]
2014-07-28T04:26:17.560+0000: 1621.241: [GC2014-07-28T04:26:17.561+0000: 1621.242: [ParNew: 92149K->10240K(92160K), 0.0519020 secs] 12852761K->12798551K(20961280K), 0.0539740 secs] [Times: user=0.35 sys=0.02, real=0.06 secs]
2014-07-28T04:26:17.740+0000: 1621.422: [GC2014-07-28T04:26:17.741+0000: 1621.423: [ParNew: 92150K->10240K(92160K), 0.0536450 secs] 12880461K->12827677K(20961280K), 0.0557080 secs] [Times: user=0.37 sys=0.01, real=0.06 secs]
2014-07-28T04:26:17.969+0000: 1621.651: [GC2014-07-28T04:26:17.971+0000: 1621.652: [ParNew: 92160K->10240K(92160K), 0.0497240 secs] 12909597K->12849627K(20961280K), 0.0518540 secs] [Times: user=0.35 sys=0.00, real=0.06 secs]
2014-07-28T04:26:18.780+0000: 1622.461: [GC2014-07-28T04:26:18.781+0000: 1622.462: [ParNew: 92160K->10240K(92160K), 0.0451100 secs] 12931547K->12874827K(20961280K), 0.0471510 secs] [Times: user=0.31 sys=0.00, real=0.05 secs]
2014-07-28T04:26:19.455+0000: 1623.136: [GC2014-07-28T04:26:19.456+0000: 1623.137: [ParNew: 92151K->10240K(92160K), 0.0490900 secs] 12956738K->12900469K(20961280K), 0.0511330 secs] [Times: user=0.34 sys=0.01, real=0.05 secs]
2014-07-28T04:26:20.464+0000: 1624.146: [GC2014-07-28T04:26:20.465+0000: 1624.147: [ParNew: 92150K->10240K(92160K), 0.0539040 secs] 12982379K->12925314K(20961280K), 0.0559850 secs] [Times: user=0.36 sys=0.01, real=0.06 secs]
2014-07-28T04:26:21.658+0000: 1625.340: [GC2014-07-28T04:26:21.659+0000: 1625.341: [ParNew: 92159K->10240K(92160K), 0.0472020 secs] 13007234K->12950913K(20961280K), 0.0492320 secs] [Times: user=0.33 sys=0.00, real=0.05 secs]
2014-07-28T04:26:22.496+0000: 1626.177: [GC2014-07-28T04:26:22.497+0000: 1626.179: [ParNew: 92160K->10240K(92160K), 0.0532370 secs] 13032833K->12977451K(20961280K), 0.0552980 secs] [Times: user=0.37 sys=0.01, real=0.06 secs]
2014-07-28T04:26:22.841+0000: 1626.522: [GC2014-07-28T04:26:22.842+0000: 1626.523: [ParNew: 92160K->10240K(92160K), 0.0488450 secs] 13059371K->13003273K(20961280K), 0.0509400 secs] [Times: user=0.35 sys=0.00, real=0.06 secs]
2014-07-28T04:26:23.415+0000: 1627.097: [GC2014-07-28T04:26:23.416+0000: 1627.098: [ParNew: 92157K->10240K(92160K), 0.0514150 secs] 13085190K->13029144K(20961280K), 0.0534610 secs] [Times: user=0.35 sys=0.01, real=0.06 secs]
2014-07-28T04:26:24.153+0000: 1627.835: [GC2014-07-28T04:26:24.154+0000: 1627.836: [ParNew: 92144K->10240K(92160K), 0.0680300 secs] 13111048K->13055710K(20961280K), 0.0702280 secs] [Times: user=0.37 sys=0.01, real=0.07 secs]
2014-07-28T04:26:24.376+0000: 1628.057: [GC2014-07-28T04:26:24.377+0000: 1628.058: [ParNew: 92160K->10240K(92160K), 0.0672310 secs] 13137630K->13081464K(20961280K), 0.0693310 secs] [Times: user=0.41 sys=0.00, real=0.07 secs]
2014-07-28T04:26:24.793+0000: 1628.474: [GC2014-07-28T04:26:24.794+0000: 1628.475: [ParNew: 92150K->10240K(92160K), 0.0741540 secs] 13163375K->13106746K(20961280K), 0.0764030 secs] [Times: user=0.48 sys=0.00, real=0.08 secs]
2014-07-28T04:26:25.011+0000: 1628.692: [GC2014-07-28T04:26:25.012+0000: 1628.693: [ParNew: 92160K->10240K(92160K), 0.0519980 secs] 13188666K->13132747K(20961280K), 0.0540910 secs] [Times: user=0.33 sys=0.01, real=0.05 secs]
2014-07-28T04:26:26.237+0000: 1629.919: [GC2014-07-28T04:26:26.238+0000: 1629.920: [ParNew: 92157K->10240K(92160K), 0.0492540 secs] 13214665K->13157601K(20961280K), 0.0513500 secs] [Times: user=0.34 sys=0.00, real=0.06 secs]
2014-07-28T04:26:27.440+0000: 1631.121: [GC2014-07-28T04:26:27.441+0000: 1631.122: [ParNew: 92160K->10240K(92160K), 0.0504740 secs] 13239521K->13182435K(20961280K), 0.0525250 secs] [Times: user=0.35 sys=0.00, real=0.06 secs]
2014-07-28T04:26:27.661+0000: 1631.342: [GC2014-07-28T04:26:27.662+0000: 1631.343: [ParNew: 92160K->10240K(92160K), 0.0512450 secs] 13264355K->13210310K(20961280K), 0.0533440 secs] [Times: user=0.35 sys=0.01, real=0.06 secs]
2014-07-28T04:26:27.847+0000: 1631.528: [GC2014-07-28T04:26:27.848+0000: 1631.529: [ParNew: 92160K->10240K(92160K), 0.0538420 secs] 13292230K->13240924K(20961280K), 0.0559850 secs] [Times: user=0.34 sys=0.02, real=0.06 secs]
2014-07-28T04:26:28.048+0000: 1631.729: [GC2014-07-28T04:26:28.049+0000: 1631.730: [ParNew: 92159K->10240K(92160K), 0.0483340 secs] 13322843K->13262519K(20961280K), 0.0504060 secs] [Times: user=0.32 sys=0.03, real=0.05 secs]
2014-07-28T04:26:28.709+0000: 1632.390: [GC2014-07-28T04:26:28.710+0000: 1632.391: [ParNew: 92160K->10240K(92160K), 0.0451460 secs] 13344439K->13287521K(20961280K), 0.0472040 secs] [Times: user=0.30 sys=0.01, real=0.05 secs]
2014-07-28T04:26:29.559+0000: 1633.240: [GC2014-07-28T04:26:29.560+0000: 1633.241: [ParNew: 92158K->10240K(92160K), 0.0503560 secs] 13369439K->13313576K(20961280K), 0.0524620 secs] [Times: user=0.36 sys=0.00, real=0.06 secs]
2014-07-28T04:26:30.443+0000: 1634.124: [GC2014-07-28T04:26:30.444+0000: 1634.125: [ParNew: 92159K->10240K(92160K), 0.0477720 secs] 13395495K->13338611K(20961280K), 0.0498630 secs] [Times: user=0.34 sys=0.00, real=0.05 secs]
2014-07-28T04:26:31.628+0000: 1635.310: [GC2014-07-28T04:26:31.629+0000: 1635.311: [ParNew: 92154K->10240K(92160K), 0.0491990 secs] 13420525K->13363132K(20961280K), 0.0512300 secs] [Times: user=0.33 sys=0.01, real=0.05 secs]
2014-07-28T04:26:32.580+0000: 1636.261: [GC2014-07-28T04:26:32.581+0000: 1636.262: [ParNew: 92160K->10240K(92160K), 0.0503010 secs] 13445052K->13389361K(20961280K), 0.0523650 secs] [Times: user=0.34 sys=0.00, real=0.06 secs]
2014-07-28T04:26:32.912+0000: 1636.593: [GC2014-07-28T04:26:32.913+0000: 1636.594: [ParNew: 92156K->10240K(92160K), 0.0528700 secs] 13471277K->13415019K(20961280K), 0.0549390 secs] [Times: user=0.38 sys=0.00, real=0.05 secs]
2014-07-28T04:26:33.490+0000: 1637.172: [GC2014-07-28T04:26:33.491+0000: 1637.173: [ParNew: 92160K->10240K(92160K), 0.0517200 secs] 13496939K->13440949K(20961280K), 0.0537750 secs] [Times: user=0.36 sys=0.01, real=0.05 secs]
2014-07-28T04:26:34.273+0000: 1637.954: [GC2014-07-28T04:26:34.274+0000: 1637.955: [ParNew: 92160K->10240K(92160K), 0.0483350 secs] 13522869K->13467114K(20961280K), 0.0504140 secs] [Times: user=0.32 sys=0.01, real=0.05 secs]
2014-07-28T04:26:34.496+0000: 1638.177: [GC2014-07-28T04:26:34.497+0000: 1638.178: [ParNew: 92160K->10240K(92160K), 0.0499670 secs] 13549034K->13493039K(20961280K), 0.0520470 secs] [Times: user=0.34 sys=0.02, real=0.05 secs]
2014-07-28T04:26:34.928+0000: 1638.610: [GC2014-07-28T04:26:34.929+0000: 1638.611: [ParNew: 92160K->10240K(92160K), 0.0474440 secs] 13574959K->13518803K(20961280K), 0.0495320 secs] [Times: user=0.32 sys=0.01, real=0.06 secs]
2014-07-28T04:26:35.104+0000: 1638.785: [GC2014-07-28T04:26:35.105+0000: 1638.786: [ParNew: 92160K->10240K(92160K), 0.0524670 secs] 13600723K->13546389K(20961280K), 0.0545380 secs] [Times: user=0.36 sys=0.00, real=0.06 secs]
2014-07-28T04:26:36.206+0000: 1639.888: [GC2014-07-28T04:26:36.207+0000: 1639.889: [ParNew: 92160K->10240K(92160K), 0.0443920 secs] 13628309K->13569979K(20961280K), 0.0464330 secs] [Times: user=0.28 sys=0.02, real=0.05 secs]
2014-07-28T04:26:37.267+0000: 1640.949: [GC2014-07-28T04:26:37.268+0000: 1640.950: [ParNew: 92147K->10240K(92160K), 0.0525460 secs] 13651886K->13594814K(20961280K), 0.0546490 secs] [Times: user=0.37 sys=0.00, real=0.06 secs]
2014-07-28T04:26:37.752+0000: 1641.433: [GC2014-07-28T04:26:37.753+0000: 1641.434: [ParNew: 92154K->10240K(92160K), 0.0512080 secs] 13676728K->13621536K(20961280K), 0.0532680 secs] [Times: user=0.37 sys=0.00, real=0.05 secs]
2014-07-28T04:26:37.971+0000: 1641.652: [GC2014-07-28T04:26:37.972+0000: 1641.654: [ParNew: 92160K->10240K(92160K), 0.0499740 secs] 13703456K->13648763K(20961280K), 0.0522350 secs] [Times: user=0.33 sys=0.03, real=0.05 secs]
2014-07-28T04:26:38.153+0000: 1641.834: [GC2014-07-28T04:26:38.154+0000: 1641.835: [ParNew: 92160K->10240K(92160K), 0.0493470 secs] 13730683K->13673621K(20961280K), 0.0514040 secs] [Times: user=0.34 sys=0.01, real=0.05 secs]
2014-07-28T04:26:38.756+0000: 1642.438: [GC2014-07-28T04:26:38.757+0000: 1642.439: [ParNew: 92160K->10240K(92160K), 0.0491910 secs] 13755541K->13697628K(20961280K), 0.0513760 secs] [Times: user=0.33 sys=0.01, real=0.05 secs]
2014-07-28T04:26:39.630+0000: 1643.312: [GC2014-07-28T04:26:39.631+0000: 1643.313: [ParNew: 92160K->10240K(92160K), 0.0504500 secs] 13779548K->13722811K(20961280K), 0.0524980 secs] [Times: user=0.36 sys=0.01, real=0.05 secs]
2014-07-28T04:26:40.456+0000: 1644.137: [GC2014-07-28T04:26:40.457+0000: 1644.138: [ParNew: 92158K->10240K(92160K), 0.0485730 secs] 13804730K->13747750K(20961280K), 0.0506540 secs] [Times: user=0.34 sys=0.01, real=0.05 secs]
2014-07-28T04:26:41.644+0000: 1645.325: [GC2014-07-28T04:26:41.645+0000: 1645.326: [ParNew: 92160K->10240K(92160K), 0.0534070 secs] 13829670K->13773093K(20961280K), 0.0554520 secs] [Times: user=0.35 sys=0.00, real=0.06 secs]
2014-07-28T04:26:42.667+0000: 1646.348: [GC2014-07-28T04:26:42.668+0000: 1646.349: [ParNew: 92155K->10240K(92160K), 0.0518090 secs] 13855009K->13798508K(20961280K), 0.0538740 secs] [Times: user=0.36 sys=0.01, real=0.06 secs]
2014-07-28T04:26:42.986+0000: 1646.668: [GC2014-07-28T04:26:42.987+0000: 1646.669: [ParNew: 92160K->10240K(92160K), 0.0503540 secs] 13880428K->13823649K(20961280K), 0.0524080 secs] [Times: user=0.34 sys=0.03, real=0.06 secs]
2014-07-28T04:26:43.563+0000: 1647.244: [GC2014-07-28T04:26:43.564+0000: 1647.245: [ParNew: 92159K->10240K(92160K), 0.0508040 secs] 13905568K->13849098K(20961280K), 0.0528650 secs] [Times: user=0.37 sys=0.00, real=0.05 secs]
2014-07-28T04:26:44.355+0000: 1648.037: [GC2014-07-28T04:26:44.356+0000: 1648.038: [ParNew: 92160K->10240K(92160K), 0.0496140 secs] 13931018K->13875074K(20961280K), 0.0516790 secs] [Times: user=0.34 sys=0.01, real=0.05 secs]
2014-07-28T04:26:44.581+0000: 1648.262: [GC2014-07-28T04:26:44.582+0000: 1648.263: [ParNew: 92160K->10240K(92160K), 0.0483670 secs] 13956994K->13900762K(20961280K), 0.0504270 secs] [Times: user=0.34 sys=0.00, real=0.05 secs]
2014-07-28T04:26:45.008+0000: 1648.689: [GC2014-07-28T04:26:45.009+0000: 1648.690: [ParNew: 92160K->10240K(92160K), 0.0489950 secs] 13982682K->13926245K(20961280K), 0.0510350 secs] [Times: user=0.32 sys=0.03, real=0.06 secs]
2014-07-28T04:26:45.193+0000: 1648.874: [GC2014-07-28T04:26:45.194+0000: 1648.875: [ParNew: 92160K->10240K(92160K), 0.0494900 secs] 14008165K->13954923K(20961280K), 0.0515750 secs] [Times: user=0.33 sys=0.02, real=0.05 secs]
2014-07-28T04:26:46.261+0000: 1649.943: [GC2014-07-28T04:26:46.262+0000: 1649.944: [ParNew: 92158K->10240K(92160K), 0.0486500 secs] 14036842K->13977544K(20961280K), 0.0508250 secs] [Times: user=0.34 sys=0.01, real=0.05 secs]
2014-07-28T04:26:47.214+0000: 1650.896: [GC2014-07-28T04:26:47.215+0000: 1650.897: [ParNew: 92160K->10240K(92160K), 0.0488760 secs] 14059464K->14002683K(20961280K), 0.0509060 secs] [Times: user=0.33 sys=0.01, real=0.05 secs]
2014-07-28T04:26:47.843+0000: 1651.524: [GC2014-07-28T04:26:47.844+0000: 1651.525: [ParNew: 92160K->10240K(92160K), 0.0483770 secs] 14084603K->14029199K(20961280K), 0.0504400 secs] [Times: user=0.31 sys=0.02, real=0.05 secs]
2014-07-28T04:26:48.081+0000: 1651.762: [GC2014-07-28T04:26:48.082+0000: 1651.763: [ParNew: 92160K->10240K(92160K), 0.0587740 secs] 14111119K->14057927K(20961280K), 0.0608490 secs] [Times: user=0.38 sys=0.02, real=0.06 secs]
2014-07-28T04:26:48.265+0000: 1651.947: [GC2014-07-28T04:26:48.267+0000: 1651.948: [ParNew: 92160K->10240K(92160K), 0.0615980 secs] 14139847K->14083165K(20961280K), 0.0640360 secs] [Times: user=0.35 sys=0.00, real=0.07 secs]
2014-07-28T04:26:48.798+0000: 1652.479: [GC2014-07-28T04:26:48.799+0000: 1652.480: [ParNew: 92157K->10240K(92160K), 0.0513910 secs] 14165083K->14106089K(20961280K), 0.0534920 secs] [Times: user=0.36 sys=0.01, real=0.06 secs]
2014-07-28T04:26:49.470+0000: 1653.151: [GC2014-07-28T04:26:49.471+0000: 1653.152: [ParNew: 92159K->10240K(92160K), 0.0516350 secs] 14188009K->14131245K(20961280K), 0.0538730 secs] [Times: user=0.34 sys=0.01, real=0.06 secs]
2014-07-28T04:26:50.520+0000: 1654.202: [GC2014-07-28T04:26:50.521+0000: 1654.203: [ParNew: 92149K->10240K(92160K), 0.0518960 secs] 14213155K->14156354K(20961280K), 0.0539650 secs] [Times: user=0.37 sys=0.00, real=0.05 secs]
2014-07-28T04:26:51.720+0000: 1655.401: [GC2014-07-28T04:26:51.721+0000: 1655.402: [ParNew: 92160K->10240K(92160K), 0.0513520 secs] 14238274K->14182513K(20961280K), 0.0533980 secs] [Times: user=0.35 sys=0.02, real=0.05 secs]
2014-07-28T04:26:52.745+0000: 1656.427: [GC2014-07-28T04:26:52.746+0000: 1656.428: [ParNew: 92160K->10240K(92160K), 0.0505920 secs] 14264433K->14207421K(20961280K), 0.0526470 secs] [Times: user=0.35 sys=0.01, real=0.06 secs]
2014-07-28T04:26:52.974+0000: 1656.656: [GC2014-07-28T04:26:52.975+0000: 1656.657: [ParNew: 92160K->10240K(92160K), 0.0486810 secs] 14289341K->14232522K(20961280K), 0.0507270 secs] [Times: user=0.34 sys=0.01, real=0.05 secs]
2014-07-28T04:26:53.639+0000: 1657.321: [GC2014-07-28T04:26:53.640+0000: 1657.322: [ParNew: 92157K->10240K(92160K), 0.0490400 secs] 14314439K->14257831K(20961280K), 0.0510870 secs] [Times: user=0.32 sys=0.02, real=0.05 secs]
2014-07-28T04:26:54.436+0000: 1658.117: [GC2014-07-28T04:26:54.437+0000: 1658.118: [ParNew: 92160K->10240K(92160K), 0.0587690 secs] 14339751K->14283504K(20961280K), 0.0608000 secs] [Times: user=0.36 sys=0.01, real=0.07 secs]
2014-07-28T04:26:54.667+0000: 1658.349: [GC2014-07-28T04:26:54.668+0000: 1658.350: [ParNew: 92160K->10240K(92160K), 0.0526550 secs] 14365424K->14309156K(20961280K), 0.0547290 secs] [Times: user=0.37 sys=0.01, real=0.06 secs]
2014-07-28T04:26:55.089+0000: 1658.770: [GC2014-07-28T04:26:55.090+0000: 1658.771: [ParNew: 92160K->10240K(92160K), 0.0499080 secs] 14391076K->14334556K(20961280K), 0.0519620 secs] [Times: user=0.33 sys=0.02, real=0.06 secs]
2014-07-28T04:26:55.308+0000: 1658.989: [GC2014-07-28T04:26:55.309+0000: 1658.991: [ParNew: 92160K->10240K(92160K), 0.0508320 secs] 14416476K->14361788K(20961280K), 0.0530340 secs] [Times: user=0.36 sys=0.00, real=0.06 secs]
2014-07-28T04:26:56.287+0000: 1659.968: [GC2014-07-28T04:26:56.288+0000: 1659.969: [ParNew: 92160K->10240K(92160K), 0.0482520 secs] 14443708K->14385817K(20961280K), 0.0502850 secs] [Times: user=0.31 sys=0.03, real=0.06 secs]
2014-07-28T04:26:57.315+0000: 1660.996: [GC2014-07-28T04:26:57.316+0000: 1660.997: [ParNew: 92160K->10240K(92160K), 0.0504740 secs] 14467737K->14411014K(20961280K), 0.0525480 secs] [Times: user=0.35 sys=0.00, real=0.05 secs]
2014-07-28T04:26:57.933+0000: 1661.615: [GC2014-07-28T04:26:57.934+0000: 1661.616: [ParNew: 92158K->10240K(92160K), 0.0514070 secs] 14492933K->14437177K(20961280K), 0.0534830 secs] [Times: user=0.35 sys=0.01, real=0.05 secs]
2014-07-28T04:26:58.191+0000: 1661.873: [GC2014-07-28T04:26:58.192+0000: 1661.874: [ParNew: 92160K->10240K(92160K), 0.0515580 secs] 14519097K->14465338K(20961280K), 0.0536630 secs] [Times: user=0.34 sys=0.03, real=0.05 secs]
2014-07-28T04:26:58.383+0000: 1662.065: [GC2014-07-28T04:26:58.384+0000: 1662.066: [ParNew: 92158K->10240K(92160K), 0.0540410 secs] 14547256K->14492161K(20961280K), 0.0561160 secs] [Times: user=0.38 sys=0.01, real=0.06 secs]
2014-07-28T04:26:58.835+0000: 1662.516: [GC2014-07-28T04:26:58.836+0000: 1662.517: [ParNew: 92159K->10240K(92160K), 0.0468240 secs] 14574081K->14514387K(20961280K), 0.0488800 secs] [Times: user=0.32 sys=0.02, real=0.05 secs]
2014-07-28T04:26:59.535+0000: 1663.217: [GC2014-07-28T04:26:59.536+0000: 1663.218: [ParNew: 92159K->10240K(92160K), 0.0489890 secs] 14596306K->14539488K(20961280K), 0.0510670 secs] [Times: user=0.35 sys=0.00, real=0.05 secs]
2014-07-28T04:27:00.488+0000: 1664.169: [GC2014-07-28T04:27:00.489+0000: 1664.170: [ParNew: 92160K->10240K(92160K), 0.0509440 secs] 14621408K->14564851K(20961280K), 0.0529830 secs] [Times: user=0.35 sys=0.01, real=0.06 secs]
2014-07-28T04:27:01.794+0000: 1665.475: [GC2014-07-28T04:27:01.795+0000: 1665.477: [ParNew: 92160K->10240K(92160K), 0.0499300 secs] 14646771K->14590995K(20961280K), 0.0520360 secs] [Times: user=0.34 sys=0.02, real=0.05 secs]
2014-07-28T04:27:02.619+0000: 1666.301: [GC2014-07-28T04:27:02.620+0000: 1666.302: [ParNew: 92160K->10240K(92160K), 0.0542430 secs] 14672915K->14615872K(20961280K), 0.0563870 secs] [Times: user=0.36 sys=0.00, real=0.05 secs]
2014-07-28T04:27:03.015+0000: 1666.696: [GC2014-07-28T04:27:03.016+0000: 1666.697: [ParNew: 92160K->10240K(92160K), 0.0447370 secs] 14697792K->14640967K(20961280K), 0.0468140 secs] [Times: user=0.30 sys=0.01, real=0.05 secs]
2014-07-28T04:27:03.576+0000: 1667.258: [GC2014-07-28T04:27:03.577+0000: 1667.259: [ParNew: 92156K->10240K(92160K), 0.0501580 secs] 14722883K->14666130K(20961280K), 0.0521930 secs] [Times: user=0.33 sys=0.01, real=0.06 secs]
2014-07-28T04:27:04.527+0000: 1668.208: [GC2014-07-28T04:27:04.528+0000: 1668.210: [ParNew: 92148K->10240K(92160K), 0.0504810 secs] 14748038K->14691172K(20961280K), 0.0525900 secs] [Times: user=0.35 sys=0.01, real=0.06 secs]
2014-07-28T04:27:04.755+0000: 1668.437: [GC2014-07-28T04:27:04.756+0000: 1668.438: [ParNew: 92149K->10240K(92160K), 0.0530780 secs] 14773081K->14716485K(20961280K), 0.0552270 secs] [Times: user=0.36 sys=0.02, real=0.06 secs]
2014-07-28T04:27:05.050+0000: 1668.731: [GC2014-07-28T04:27:05.051+0000: 1668.732: [ParNew: 92155K->10240K(92160K), 0.0491350 secs] 14798401K->14741492K(20961280K), 0.0513190 secs] [Times: user=0.33 sys=0.01, real=0.06 secs]
2014-07-28T04:27:05.419+0000: 1669.100: [GC2014-07-28T04:27:05.420+0000: 1669.101: [ParNew: 92160K->10240K(92160K), 0.0513860 secs] 14823412K->14769588K(20961280K), 0.0535210 secs] [Times: user=0.34 sys=0.02, real=0.05 secs]
2014-07-28T04:27:06.252+0000: 1669.933: [GC2014-07-28T04:27:06.253+0000: 1669.934: [ParNew: 92158K->10240K(92160K), 0.0489940 secs] 14851507K->14792865K(20961280K), 0.0510680 secs] [Times: user=0.34 sys=0.01, real=0.05 secs]
2014-07-28T04:27:07.307+0000: 1670.988: [GC2014-07-28T04:27:07.308+0000: 1670.989: [ParNew: 92160K->10240K(92160K), 0.0495070 secs] 14874785K->14817742K(20961280K), 0.0515570 secs] [Times: user=0.34 sys=0.01, real=0.05 secs]
2014-07-28T04:27:08.021+0000: 1671.702: [GC2014-07-28T04:27:08.022+0000: 1671.703: [ParNew: 92145K->10240K(92160K), 0.0464870 secs] 14899647K->14843323K(20961280K), 0.0485320 secs] [Times: user=0.32 sys=0.00, real=0.05 secs]
2014-07-28T04:27:08.288+0000: 1671.969: [GC2014-07-28T04:27:08.289+0000: 1671.970: [ParNew: 92151K->10240K(92160K), 0.0514500 secs] 14925235K->14870745K(20961280K), 0.0534980 secs] [Times: user=0.34 sys=0.02, real=0.05 secs]
2014-07-28T04:27:08.487+0000: 1672.168: [GC2014-07-28T04:27:08.488+0000: 1672.169: [ParNew: 92160K->10240K(92160K), 0.0724330 secs] 14952665K->14898914K(20961280K), 0.0745400 secs] [Times: user=0.38 sys=0.02, real=0.07 secs]
2014-07-28T04:27:08.870+0000: 1672.551: [GC2014-07-28T04:27:08.871+0000: 1672.552: [ParNew: 92159K->10240K(92160K), 0.0482090 secs] 14980833K->14920685K(20961280K), 0.0502810 secs] [Times: user=0.31 sys=0.01, real=0.05 secs]
2014-07-28T04:27:09.549+0000: 1673.231: [GC2014-07-28T04:27:09.551+0000: 1673.232: [ParNew: 92160K->10240K(92160K), 0.0543530 secs] 15002605K->14946166K(20961280K), 0.0564080 secs] [Times: user=0.37 sys=0.02, real=0.06 secs]
2014-07-28T04:27:10.530+0000: 1674.211: [GC2014-07-28T04:27:10.531+0000: 1674.212: [ParNew: 92160K->10240K(92160K), 0.0540470 secs] 15028086K->14971209K(20961280K), 0.0561910 secs] [Times: user=0.37 sys=0.00, real=0.06 secs]
2014-07-28T04:27:11.876+0000: 1675.557: [GC2014-07-28T04:27:11.877+0000: 1675.558: [ParNew: 92148K->10240K(92160K), 0.0511720 secs] 15053117K->14996788K(20961280K), 0.0532050 secs] [Times: user=0.33 sys=0.02, real=0.06 secs]
2014-07-28T04:27:12.558+0000: 1676.240: [GC2014-07-28T04:27:12.559+0000: 1676.241: [ParNew: 92160K->10240K(92160K), 0.0507060 secs] 15078708K->15021969K(20961280K), 0.0528460 secs] [Times: user=0.35 sys=0.01, real=0.05 secs]
2014-07-28T04:27:13.046+0000: 1676.727: [GC2014-07-28T04:27:13.047+0000: 1676.728: [ParNew: 92160K->10240K(92160K), 0.0476670 secs] 15103889K->15047212K(20961280K), 0.0497470 secs] [Times: user=0.33 sys=0.01, real=0.05 secs]
2014-07-28T04:27:13.640+0000: 1677.321: [GC2014-07-28T04:27:13.641+0000: 1677.322: [ParNew: 92160K->10240K(92160K), 0.0491830 secs] 15129132K->15072395K(20961280K), 0.0512570 secs] [Times: user=0.33 sys=0.01, real=0.05 secs]
2014-07-28T04:27:14.339+0000: 1678.020: [GC2014-07-28T04:27:14.340+0000: 1678.021: [ParNew: 92148K->10240K(92160K), 0.0491410 secs] 15154304K->15097523K(20961280K), 0.0512450 secs] [Times: user=0.33 sys=0.01, real=0.05 secs]
2014-07-28T04:27:14.772+0000: 1678.453: [GC2014-07-28T04:27:14.773+0000: 1678.454: [ParNew: 92160K->10240K(92160K), 0.0508870 secs] 15179443K->15122654K(20961280K), 0.0529320 secs] [Times: user=0.34 sys=0.02, real=0.06 secs]
2014-07-28T04:27:15.003+0000: 1678.684: [GC2014-07-28T04:27:15.004+0000: 1678.685: [ParNew: 92152K->10240K(92160K), 0.0599220 secs] 15204566K->15147853K(20961280K), 0.0620400 secs] [Times: user=0.33 sys=0.01, real=0.07 secs]
2014-07-28T04:27:15.527+0000: 1679.208: [GC2014-07-28T04:27:15.528+0000: 1679.209: [ParNew: 92158K->10240K(92160K), 0.0508710 secs] 15229772K->15175103K(20961280K), 0.0529160 secs] [Times: user=0.35 sys=0.01, real=0.05 secs]
2014-07-28T04:27:16.208+0000: 1679.889: [GC2014-07-28T04:27:16.209+0000: 1679.890: [ParNew: 92152K->10240K(92160K), 0.0480240 secs] 15257015K->15198990K(20961280K), 0.0500980 secs] [Times: user=0.34 sys=0.01, real=0.05 secs]
2014-07-28T04:27:17.374+0000: 1681.056: [GC2014-07-28T04:27:17.375+0000: 1681.057: [ParNew: 92160K->10240K(92160K), 0.0498190 secs] 15280910K->15224424K(20961280K), 0.0519290 secs] [Times: user=0.33 sys=0.01, real=0.06 secs]
2014-07-28T04:27:18.096+0000: 1681.777: [GC2014-07-28T04:27:18.097+0000: 1681.778: [ParNew: 92153K->10240K(92160K), 0.0487270 secs] 15306337K->15249831K(20961280K), 0.0507740 secs] [Times: user=0.34 sys=0.00, real=0.06 secs]
2014-07-28T04:27:18.384+0000: 1682.065: [GC2014-07-28T04:27:18.385+0000: 1682.066: [ParNew: 92160K->10240K(92160K), 0.0503340 secs] 15331751K->15277040K(20961280K), 0.0523770 secs] [Times: user=0.35 sys=0.00, real=0.06 secs]
2014-07-28T04:27:18.633+0000: 1682.314: [GC2014-07-28T04:27:18.634+0000: 1682.315: [ParNew: 92160K->10240K(92160K), 0.0495160 secs] 15358960K->15302692K(20961280K), 0.0518840 secs] [Times: user=0.33 sys=0.03, real=0.06 secs]
2014-07-28T04:27:18.934+0000: 1682.616: [GC2014-07-28T04:27:18.935+0000: 1682.617: [ParNew: 92143K->10240K(92160K), 0.0446210 secs] 15384595K->15326688K(20961280K), 0.0466680 secs] [Times: user=0.30 sys=0.01, real=0.05 secs]
2014-07-28T04:27:19.652+0000: 1683.334: [GC2014-07-28T04:27:19.653+0000: 1683.335: [ParNew: 92150K->10240K(92160K), 0.0491670 secs] 15408598K->15352522K(20961280K), 0.0512250 secs] [Times: user=0.32 sys=0.02, real=0.05 secs]
2014-07-28T04:27:20.595+0000: 1684.277: [GC2014-07-28T04:27:20.596+0000: 1684.278: [ParNew: 92157K->10240K(92160K), 0.0484790 secs] 15434440K->15377481K(20961280K), 0.0505310 secs] [Times: user=0.33 sys=0.01, real=0.06 secs]
2014-07-28T04:27:21.949+0000: 1685.630: [GC2014-07-28T04:27:21.950+0000: 1685.631: [ParNew: 92160K->10240K(92160K), 0.0493080 secs] 15459401K->15402998K(20961280K), 0.0513800 secs] [Times: user=0.33 sys=0.01, real=0.05 secs]
2014-07-28T04:27:22.630+0000: 1686.312: [GC2014-07-28T04:27:22.631+0000: 1686.313: [ParNew: 92158K->10240K(92160K), 0.0508170 secs] 15484916K->15428428K(20961280K), 0.0529180 secs] [Times: user=0.35 sys=0.01, real=0.05 secs]
2014-07-28T04:27:23.142+0000: 1686.823: [GC2014-07-28T04:27:23.143+0000: 1686.824: [ParNew: 92160K->10240K(92160K), 0.0497490 secs] 15510348K->15454055K(20961280K), 0.0518380 secs] [Times: user=0.35 sys=0.00, real=0.05 secs]
2014-07-28T04:27:23.677+0000: 1687.358: [GC2014-07-28T04:27:23.678+0000: 1687.359: [ParNew: 92160K->10240K(92160K), 0.0547040 secs] 15535975K->15478899K(20961280K), 0.0567570 secs] [Times: user=0.34 sys=0.01, real=0.06 secs]
2014-07-28T04:27:24.278+0000: 1687.959: [GC2014-07-28T04:27:24.279+0000: 1687.960: [ParNew: 92160K->10240K(92160K), 0.0633730 secs] 15560819K->15504104K(20961280K), 0.0656440 secs] [Times: user=0.39 sys=0.02, real=0.07 secs]
2014-07-28T04:27:24.837+0000: 1688.518: [GC2014-07-28T04:27:24.838+0000: 1688.519: [ParNew: 92160K->10240K(92160K), 0.0532050 secs] 15586024K->15529896K(20961280K), 0.0553510 secs] [Times: user=0.36 sys=0.01, real=0.06 secs]
2014-07-28T04:27:25.086+0000: 1688.768: [GC2014-07-28T04:27:25.088+0000: 1688.769: [ParNew: 92160K->10240K(92160K), 0.0709340 secs] 15611816K->15555527K(20961280K), 0.0733980 secs] [Times: user=0.38 sys=0.01, real=0.07 secs]
2014-07-28T04:27:25.628+0000: 1689.309: [GC2014-07-28T04:27:25.629+0000: 1689.310: [ParNew: 92160K->10240K(92160K), 0.0670830 secs] 15637447K->15582455K(20961280K), 0.0691280 secs] [Times: user=0.43 sys=0.01, real=0.07 secs]
2014-07-28T04:27:26.089+0000: 1689.770: [GC2014-07-28T04:27:26.090+0000: 1689.771: [ParNew: 92160K->10240K(92160K), 0.0670890 secs] 15664375K->15606815K(20961280K), 0.0692290 secs] [Times: user=0.38 sys=0.00, real=0.07 secs]
2014-07-28T04:27:27.446+0000: 1691.128: [GC2014-07-28T04:27:27.447+0000: 1691.129: [ParNew: 92157K->10240K(92160K), 0.0509810 secs] 15688733K->15632139K(20961280K), 0.0530210 secs] [Times: user=0.36 sys=0.00, real=0.05 secs]
2014-07-28T04:27:27.949+0000: 1691.630: [GC2014-07-28T04:27:27.950+0000: 1691.631: [ParNew: 92160K->10240K(92160K), 0.0512110 secs] 15714059K->15657139K(20961280K), 0.0532870 secs] [Times: user=0.36 sys=0.01, real=0.05 secs]
2014-07-28T04:27:28.481+0000: 1692.162: [GC2014-07-28T04:27:28.482+0000: 1692.163: [ParNew: 92160K->10240K(92160K), 0.0502060 secs] 15739059K->15684074K(20961280K), 0.0523010 secs] [Times: user=0.35 sys=0.01, real=0.05 secs]
2014-07-28T04:27:28.540+0000: 1692.222: [GC [1 CMS-initial-mark: 15673834K(20869120K)] 15684166K(20961280K), 0.0163920 secs] [Times: user=0.02 sys=0.00, real=0.02 secs]
2014-07-28T04:27:28.562+0000: 1692.243: [CMS-concurrent-mark-start]
2014-07-28T04:27:28.739+0000: 1692.421: [GC2014-07-28T04:27:28.740+0000: 1692.422: [ParNew: 92160K->10240K(92160K), 0.0510020 secs] 15765994K->15710703K(20961280K), 0.0530780 secs] [Times: user=0.34 sys=0.02, real=0.05 secs]
2014-07-28T04:27:28.958+0000: 1692.639: [GC2014-07-28T04:27:28.959+0000: 1692.640: [ParNew: 92160K->10240K(92160K), 0.0476300 secs] 15792623K->15734749K(20961280K), 0.0497060 secs] [Times: user=0.34 sys=0.00, real=0.06 secs]
2014-07-28T04:27:29.723+0000: 1693.404: [GC2014-07-28T04:27:29.724+0000: 1693.405: [ParNew: 92160K->10240K(92160K), 0.0522440 secs] 15816669K->15760284K(20961280K), 0.0543380 secs] [Times: user=0.35 sys=0.02, real=0.06 secs]
2014-07-28T04:27:30.342+0000: 1694.023: [CMS-concurrent-mark: 1.599/1.780 secs] [Times: user=6.12 sys=0.60, real=1.78 secs]
2014-07-28T04:27:30.345+0000: 1694.026: [CMS-concurrent-preclean-start]
2014-07-28T04:27:30.569+0000: 1694.251: [GC2014-07-28T04:27:30.571+0000: 1694.252: [ParNew: 92158K->10240K(92160K), 0.0504030 secs] 15842202K->15785755K(20961280K), 0.0525860 secs] [Times: user=0.34 sys=0.01, real=0.05 secs]
2014-07-28T04:27:30.637+0000: 1694.318: [CMS-concurrent-preclean: 0.182/0.292 secs] [Times: user=0.60 sys=0.09, real=0.30 secs]
2014-07-28T04:27:30.644+0000: 1694.325: [GC[YG occupancy: 12056 K (92160 K)]2014-07-28T04:27:30.644+0000: 1694.326: [Rescan (parallel) , 0.0172080 secs]2014-07-28T04:27:30.662+0000: 1694.343: [weak refs processing, 1.0224750 secs]2014-07-28T04:27:31.684+0000: 1695.366: [class unloading, 0.0020910 secs]2014-07-28T04:27:31.686+0000: 1695.368: [scrub symbol table, 0.0018180 secs]2014-07-28T04:27:31.688+0000: 1695.370: [scrub string table, 0.0004400 secs] [1 CMS-remark: 15775515K(20869120K)] 15787572K(20961280K), 1.0520130 secs] [Times: user=1.18 sys=0.00, real=1.05 secs]
2014-07-28T04:27:31.701+0000: 1695.383: [CMS-concurrent-sweep-start]
2014-07-28T04:27:31.882+0000: 1695.563: [GC2014-07-28T04:27:31.883+0000: 1695.564: [ParNew: 92157K->10240K(92160K), 0.0560640 secs] 15494641K->15437734K(20961280K), 0.0581380 secs] [Times: user=0.40 sys=0.00, real=0.06 secs]
2014-07-28T04:27:32.648+0000: 1696.329: [GC2014-07-28T04:27:32.649+0000: 1696.330: [ParNew: 92160K->10240K(92160K), 0.0488580 secs] 13274885K->13218162K(20961280K), 0.0509140 secs] [Times: user=0.34 sys=0.00, real=0.05 secs]
2014-07-28T04:27:33.144+0000: 1696.825: [GC2014-07-28T04:27:33.145+0000: 1696.826: [ParNew: 92156K->10240K(92160K), 0.0475890 secs] 11921222K->11864178K(20961280K), 0.0496350 secs] [Times: user=0.32 sys=0.01, real=0.05 secs]
2014-07-28T04:27:33.712+0000: 1697.394: [GC2014-07-28T04:27:33.713+0000: 1697.395: [ParNew: 92154K->10240K(92160K), 0.0511340 secs] 10543784K->10487828K(20961280K), 0.0531770 secs] [Times: user=0.36 sys=0.00, real=0.06 secs]
2014-07-28T04:27:34.342+0000: 1698.023: [GC2014-07-28T04:27:34.353+0000: 1698.034: [ParNew: 92160K->10240K(92160K), 0.0486800 secs] 8915554K->8859077K(20961280K), 0.0606630 secs] [Times: user=0.35 sys=0.00, real=0.06 secs]
2014-07-28T04:27:34.872+0000: 1698.553: [GC2014-07-28T04:27:34.873+0000: 1698.554: [ParNew: 92160K->10240K(92160K), 0.0488270 secs] 7548076K->7491489K(20961280K), 0.0508950 secs] [Times: user=0.34 sys=0.00, real=0.05 secs]
2014-07-28T04:27:35.118+0000: 1698.799: [GC2014-07-28T04:27:35.119+0000: 1698.801: [ParNew: 92160K->10240K(92160K), 0.0616240 secs] 7196813K->7141321K(20961280K), 0.0638390 secs] [Times: user=0.38 sys=0.02, real=0.06 secs]
2014-07-28T04:27:35.531+0000: 1699.212: [CMS-concurrent-sweep: 3.388/3.830 secs] [Times: user=9.91 sys=1.23, real=3.83 secs]
2014-07-28T04:27:35.535+0000: 1699.217: [CMS-concurrent-reset-start]
2014-07-28T04:27:35.600+0000: 1699.281: [CMS-concurrent-reset: 0.065/0.065 secs] [Times: user=0.06 sys=0.01, real=0.07 secs]
2014-07-28T04:27:35.736+0000: 1699.417: [GC2014-07-28T04:27:35.737+0000: 1699.418: [ParNew: 92154K->10240K(92160K), 0.0771030 secs] 6135373K->6077715K(20961280K), 0.0792040 secs] [Times: user=0.34 sys=0.01, real=0.08 secs]
2014-07-28T04:27:36.004+0000: 1699.686: [GC2014-07-28T04:27:36.006+0000: 1699.687: [ParNew: 92160K->10240K(92160K), 0.0825850 secs] 6159635K->6104171K(20961280K), 0.0851120 secs] [Times: user=0.34 sys=0.00, real=0.09 secs]
2014-07-28T04:27:37.417+0000: 1701.098: [GC2014-07-28T04:27:37.418+0000: 1701.099: [ParNew: 92160K->10240K(92160K), 0.0487140 secs] 6186091K->6130587K(20961280K), 0.0507720 secs] [Times: user=0.33 sys=0.01, real=0.06 secs]
2014-07-28T04:27:37.941+0000: 1701.623: [GC2014-07-28T04:27:37.943+0000: 1701.624: [ParNew: 92160K->10240K(92160K), 0.0486370 secs] 6212507K->6156590K(20961280K), 0.0507380 secs] [Times: user=0.33 sys=0.01, real=0.05 secs]
2014-07-28T04:27:38.376+0000: 1702.058: [GC2014-07-28T04:27:38.377+0000: 1702.059: [ParNew: 92160K->10240K(92160K), 0.0474930 secs] 6238510K->6179799K(20961280K), 0.0497330 secs] [Times: user=0.33 sys=0.00, real=0.06 secs]
2014-07-28T04:27:38.772+0000: 1702.454: [GC2014-07-28T04:27:38.773+0000: 1702.455: [ParNew: 92160K->10240K(92160K), 0.0472100 secs] 6261719K->6204648K(20961280K), 0.0492630 secs] [Times: user=0.33 sys=0.00, real=0.05 secs]
2014-07-28T04:27:39.000+0000: 1702.682: [GC2014-07-28T04:27:39.001+0000: 1702.683: [ParNew: 92158K->10240K(92160K), 0.0482080 secs] 6286566K->6231923K(20961280K), 0.0502790 secs] [Times: user=0.33 sys=0.01, real=0.05 secs]
2014-07-28T04:27:39.663+0000: 1703.344: [GC2014-07-28T04:27:39.664+0000: 1703.345: [ParNew: 92160K->10240K(92160K), 0.0604440 secs] 6313843K->6258768K(20961280K), 0.0625160 secs] [Times: user=0.40 sys=0.02, real=0.07 secs]
2014-07-28T04:27:40.404+0000: 1704.085: [GC2014-07-28T04:27:40.405+0000: 1704.086: [ParNew: 92160K->10240K(92160K), 0.0561950 secs] 6340688K->6281460K(20961280K), 0.0582280 secs] [Times: user=0.39 sys=0.00, real=0.06 secs]
2014-07-28T04:27:41.883+0000: 1705.565: [GC2014-07-28T04:27:41.884+0000: 1705.566: [ParNew: 92160K->10240K(92160K), 0.0486390 secs] 6363380K->6309880K(20961280K), 0.0507090 secs] [Times: user=0.33 sys=0.01, real=0.06 secs]
2014-07-28T04:27:42.659+0000: 1706.340: [GC2014-07-28T04:27:42.660+0000: 1706.341: [ParNew: 92160K->10240K(92160K), 0.0480700 secs] 6391800K->6335037K(20961280K), 0.0501720 secs] [Times: user=0.34 sys=0.00, real=0.05 secs]
2014-07-28T04:27:43.158+0000: 1706.839: [GC2014-07-28T04:27:43.159+0000: 1706.840: [ParNew: 92160K->10240K(92160K), 0.0526570 secs] 6416957K->6362344K(20961280K), 0.0547710 secs] [Times: user=0.36 sys=0.00, real=0.06 secs]
2014-07-28T04:27:43.740+0000: 1707.422: [GC2014-07-28T04:27:43.741+0000: 1707.423: [ParNew: 92155K->10240K(92160K), 0.0486800 secs] 6444259K->6386194K(20961280K), 0.0507980 secs] [Times: user=0.33 sys=0.03, real=0.05 secs]
2014-07-28T04:27:44.387+0000: 1708.068: [GC2014-07-28T04:27:44.388+0000: 1708.069: [ParNew: 92160K->10240K(92160K), 0.0510440 secs] 6468114K->6411431K(20961280K), 0.0530690 secs] [Times: user=0.36 sys=0.00, real=0.05 secs]
2014-07-28T04:27:44.910+0000: 1708.591: [GC2014-07-28T04:27:44.911+0000: 1708.592: [ParNew: 92160K->10240K(92160K), 0.0482610 secs] 6493351K->6437149K(20961280K), 0.0503220 secs] [Times: user=0.34 sys=0.00, real=0.05 secs]
2014-07-28T04:27:45.197+0000: 1708.879: [GC2014-07-28T04:27:45.198+0000: 1708.880: [ParNew: 92160K->10240K(92160K), 0.0469610 secs] 6519069K->6462552K(20961280K), 0.0491130 secs] [Times: user=0.31 sys=0.02, real=0.05 secs]
2014-07-28T04:27:45.515+0000: 1709.197: [GC2014-07-28T04:27:45.516+0000: 1709.198: [ParNew: 92160K->10240K(92160K), 0.0453310 secs] 6544472K->6489237K(20961280K), 0.0474560 secs] [Times: user=0.31 sys=0.01, real=0.04 secs]
2014-07-28T04:27:46.105+0000: 1709.786: [GC2014-07-28T04:27:46.106+0000: 1709.787: [ParNew: 92147K->10240K(92160K), 0.0458300 secs] 6571145K->6513317K(20961280K), 0.0481290 secs] [Times: user=0.32 sys=0.00, real=0.06 secs]
2014-07-28T04:27:47.488+0000: 1711.169: [GC2014-07-28T04:27:47.489+0000: 1711.170: [ParNew: 92160K->10240K(92160K), 0.0481180 secs] 6595237K->6540170K(20961280K), 0.0502120 secs] [Times: user=0.33 sys=0.01, real=0.05 secs]
2014-07-28T04:27:48.016+0000: 1711.697: [GC2014-07-28T04:27:48.017+0000: 1711.699: [ParNew: 92160K->10240K(92160K), 0.0494850 secs] 6622090K->6566498K(20961280K), 0.0515630 secs] [Times: user=0.33 sys=0.01, real=0.05 secs]
2014-07-28T04:27:48.420+0000: 1712.102: [GC2014-07-28T04:27:48.421+0000: 1712.103: [ParNew: 92159K->10240K(92160K), 0.0467710 secs] 6648417K->6590086K(20961280K), 0.0488120 secs] [Times: user=0.33 sys=0.00, real=0.05 secs]
2014-07-28T04:27:48.803+0000: 1712.484: [GC2014-07-28T04:27:48.804+0000: 1712.485: [ParNew: 92160K->10240K(92160K), 0.0547720 secs] 6672006K->6616131K(20961280K), 0.0569170 secs] [Times: user=0.33 sys=0.00, real=0.06 secs]
2014-07-28T04:27:49.073+0000: 1712.754: [GC2014-07-28T04:27:49.074+0000: 1712.755: [ParNew: 92160K->10240K(92160K), 0.0472010 secs] 6698051K->6642956K(20961280K), 0.0492490 secs] [Times: user=0.33 sys=0.00, real=0.05 secs]
2014-07-28T04:27:49.751+0000: 1713.432: [GC2014-07-28T04:27:49.752+0000: 1713.433: [ParNew: 92160K->10240K(92160K), 0.0497890 secs] 6724876K->6669895K(20961280K), 0.0518530 secs] [Times: user=0.33 sys=0.01, real=0.05 secs]
2014-07-28T04:27:50.329+0000: 1714.010: [GC2014-07-28T04:27:50.330+0000: 1714.011: [ParNew: 92154K->10240K(92160K), 0.0450290 secs] 6751810K->6692345K(20961280K), 0.0471060 secs] [Times: user=0.32 sys=0.00, real=0.05 secs]
2014-07-28T04:27:51.960+0000: 1715.641: [GC2014-07-28T04:27:51.961+0000: 1715.642: [ParNew: 92160K->10240K(92160K), 0.0494830 secs] 6774265K->6721109K(20961280K), 0.0515190 secs] [Times: user=0.34 sys=0.01, real=0.05 secs]
2014-07-28T04:27:52.734+0000: 1716.416: [GC2014-07-28T04:27:52.735+0000: 1716.417: [ParNew: 92160K->10240K(92160K), 0.0469940 secs] 6803029K->6747410K(20961280K), 0.0490300 secs] [Times: user=0.31 sys=0.02, real=0.04 secs]
2014-07-28T04:27:53.244+0000: 1716.925: [GC2014-07-28T04:27:53.245+0000: 1716.926: [ParNew: 92160K->10240K(92160K), 0.0496220 secs] 6829330K->6775071K(20961280K), 0.0516660 secs] [Times: user=0.35 sys=0.00, real=0.06 secs]
2014-07-28T04:27:53.811+0000: 1717.492: [GC2014-07-28T04:27:53.812+0000: 1717.493: [ParNew: 92160K->10240K(92160K), 0.0509990 secs] 6856991K->6797238K(20961280K), 0.0530670 secs] [Times: user=0.36 sys=0.01, real=0.05 secs]
2014-07-28T04:27:54.452+0000: 1718.134: [GC2014-07-28T04:27:54.473+0000: 1718.154: [ParNew: 92152K->10240K(92160K), 0.0470640 secs] 6879151K->6822116K(20961280K), 0.0682330 secs] [Times: user=0.32 sys=0.01, real=0.07 secs]
2014-07-28T04:27:54.973+0000: 1718.655: [GC2014-07-28T04:27:54.974+0000: 1718.656: [ParNew: 92157K->10240K(92160K), 0.0463160 secs] 6904033K->6847407K(20961280K), 0.0484030 secs] [Times: user=0.32 sys=0.01, real=0.05 secs]
2014-07-28T04:27:55.202+0000: 1718.883: [GC2014-07-28T04:27:55.203+0000: 1718.885: [ParNew: 92160K->10240K(92160K), 0.0740460 secs] 6929327K->6873378K(20961280K), 0.0763130 secs] [Times: user=0.37 sys=0.00, real=0.08 secs]
2014-07-28T04:27:55.584+0000: 1719.265: [GC2014-07-28T04:27:55.585+0000: 1719.266: [ParNew: 92160K->10240K(92160K), 0.0480030 secs] 6955298K->6900573K(20961280K), 0.0500510 secs] [Times: user=0.32 sys=0.02, real=0.06 secs]
2014-07-28T04:27:56.090+0000: 1719.772: [GC2014-07-28T04:27:56.092+0000: 1719.773: [ParNew: 92160K->10240K(92160K), 0.0445830 secs] 6982493K->6925102K(20961280K), 0.0468130 secs] [Times: user=0.30 sys=0.01, real=0.05 secs]
2014-07-28T04:27:57.557+0000: 1721.239: [GC2014-07-28T04:27:57.558+0000: 1721.240: [ParNew: 92160K->10240K(92160K), 0.0531910 secs] 7007022K->6949838K(20961280K), 0.0552620 secs] [Times: user=0.38 sys=0.01, real=0.06 secs]
2014-07-28T04:27:58.090+0000: 1721.771: [GC2014-07-28T04:27:58.091+0000: 1721.772: [ParNew: 92160K->10240K(92160K), 0.0483220 secs] 7031758K->6975790K(20961280K), 0.0503800 secs] [Times: user=0.33 sys=0.00, real=0.05 secs]
2014-07-28T04:27:58.480+0000: 1722.161: [GC2014-07-28T04:27:58.481+0000: 1722.162: [ParNew: 92143K->10240K(92160K), 0.0454090 secs] 7057693K->7000773K(20961280K), 0.0474810 secs] [Times: user=0.29 sys=0.02, real=0.05 secs]
2014-07-28T04:27:58.877+0000: 1722.559: [GC2014-07-28T04:27:58.878+0000: 1722.560: [ParNew: 92160K->10240K(92160K), 0.0476090 secs] 7082693K->7027471K(20961280K), 0.0496930 secs] [Times: user=0.32 sys=0.01, real=0.05 secs]
2014-07-28T04:27:59.145+0000: 1722.826: [GC2014-07-28T04:27:59.146+0000: 1722.827: [ParNew: 92159K->10240K(92160K), 0.0485330 secs] 7109391K->7052458K(20961280K), 0.0505910 secs] [Times: user=0.34 sys=0.00, real=0.06 secs]
2014-07-28T04:27:59.861+0000: 1723.542: [GC2014-07-28T04:27:59.862+0000: 1723.544: [ParNew: 92160K->10240K(92160K), 0.0532840 secs] 7134378K->7078627K(20961280K), 0.0554900 secs] [Times: user=0.37 sys=0.00, real=0.06 secs]
2014-07-28T04:28:00.326+0000: 1724.007: [GC2014-07-28T04:28:00.327+0000: 1724.008: [ParNew: 92158K->10240K(92160K), 0.0475490 secs] 7160546K->7103658K(20961280K), 0.0497630 secs] [Times: user=0.33 sys=0.00, real=0.06 secs]
2014-07-28T04:28:02.073+0000: 1725.755: [GC2014-07-28T04:28:02.074+0000: 1725.756: [ParNew: 92160K->10240K(92160K), 0.0489600 secs] 7185578K->7130533K(20961280K), 0.0511590 secs] [Times: user=0.34 sys=0.00, real=0.06 secs]
2014-07-28T04:28:02.843+0000: 1726.525: [GC2014-07-28T04:28:02.844+0000: 1726.526: [ParNew: 92160K->10240K(92160K), 0.0502190 secs] 7212453K->7155635K(20961280K), 0.0523010 secs] [Times: user=0.34 sys=0.00, real=0.06 secs]
2014-07-28T04:28:03.360+0000: 1727.042: [GC2014-07-28T04:28:03.361+0000: 1727.043: [ParNew: 92160K->10240K(92160K), 0.0541300 secs] 7237555K->7182047K(20961280K), 0.0562250 secs] [Times: user=0.38 sys=0.00, real=0.06 secs]
2014-07-28T04:28:03.880+0000: 1727.561: [GC2014-07-28T04:28:03.881+0000: 1727.562: [ParNew: 92154K->10240K(92160K), 0.0474630 secs] 7263961K->7205822K(20961280K), 0.0495410 secs] [Times: user=0.32 sys=0.00, real=0.05 secs]
2014-07-28T04:28:04.485+0000: 1728.166: [GC2014-07-28T04:28:04.486+0000: 1728.167: [ParNew: 92160K->10240K(92160K), 0.0542000 secs] 7287742K->7231202K(20961280K), 0.0563140 secs] [Times: user=0.37 sys=0.01, real=0.06 secs]
2014-07-28T04:28:05.007+0000: 1728.689: [GC2014-07-28T04:28:05.008+0000: 1728.690: [ParNew: 92160K->10240K(92160K), 0.0474730 secs] 7313122K->7256398K(20961280K), 0.0495830 secs] [Times: user=0.31 sys=0.02, real=0.05 secs]
2014-07-28T04:28:05.297+0000: 1728.979: [GC2014-07-28T04:28:05.298+0000: 1728.980: [ParNew: 92160K->10240K(92160K), 0.0490460 secs] 7338318K->7283249K(20961280K), 0.0511630 secs] [Times: user=0.34 sys=0.00, real=0.05 secs]
2014-07-28T04:28:05.694+0000: 1729.376: [GC2014-07-28T04:28:05.695+0000: 1729.377: [ParNew: 92159K->10240K(92160K), 0.0487260 secs] 7365169K->7308964K(20961280K), 0.0507980 secs] [Times: user=0.32 sys=0.01, real=0.05 secs]
2014-07-28T04:28:06.160+0000: 1729.841: [GC2014-07-28T04:28:06.161+0000: 1729.842: [ParNew: 92160K->10240K(92160K), 0.0465960 secs] 7390884K->7335549K(20961280K), 0.0486500 secs] [Times: user=0.31 sys=0.01, real=0.05 secs]
2014-07-28T04:28:07.633+0000: 1731.315: [GC2014-07-28T04:28:07.635+0000: 1731.316: [ParNew: 92160K->10240K(92160K), 0.0488170 secs] 7417469K->7359515K(20961280K), 0.0509150 secs] [Times: user=0.34 sys=0.00, real=0.06 secs]
2014-07-28T04:28:08.196+0000: 1731.878: [GC2014-07-28T04:28:08.197+0000: 1731.879: [ParNew: 92144K->10240K(92160K), 0.0498260 secs] 7441419K->7385110K(20961280K), 0.0518690 secs] [Times: user=0.32 sys=0.01, real=0.05 secs]
2014-07-28T04:28:08.536+0000: 1732.217: [GC2014-07-28T04:28:08.537+0000: 1732.218: [ParNew: 92160K->10240K(92160K), 0.0487640 secs] 7467030K->7410090K(20961280K), 0.0508430 secs] [Times: user=0.33 sys=0.01, real=0.05 secs]
2014-07-28T04:28:08.986+0000: 1732.668: [GC2014-07-28T04:28:08.987+0000: 1732.669: [ParNew: 92154K->10240K(92160K), 0.0745310 secs] 7492004K->7435918K(20961280K), 0.0767650 secs] [Times: user=0.39 sys=0.03, real=0.07 secs]
2014-07-28T04:28:09.219+0000: 1732.900: [GC2014-07-28T04:28:09.220+0000: 1732.901: [ParNew: 92160K->10240K(92160K), 0.0686630 secs] 7517838K->7461431K(20961280K), 0.0707850 secs] [Times: user=0.41 sys=0.01, real=0.07 secs]
2014-07-28T04:28:09.941+0000: 1733.623: [GC2014-07-28T04:28:09.942+0000: 1733.624: [ParNew: 92160K->10240K(92160K), 0.0625170 secs] 7543351K->7487678K(20961280K), 0.0646620 secs] [Times: user=0.36 sys=0.02, real=0.07 secs]
2014-07-28T04:28:10.389+0000: 1734.071: [GC2014-07-28T04:28:10.390+0000: 1734.072: [ParNew: 92160K->10240K(92160K), 0.0598610 secs] 7569598K->7512632K(20961280K), 0.0619330 secs] [Times: user=0.34 sys=0.01, real=0.06 secs]
2014-07-28T04:28:12.180+0000: 1735.861: [GC2014-07-28T04:28:12.181+0000: 1735.862: [ParNew: 92160K->10240K(92160K), 0.0491610 secs] 7594552K->7538602K(20961280K), 0.0512340 secs] [Times: user=0.34 sys=0.01, real=0.05 secs]
2014-07-28T04:28:12.918+0000: 1736.599: [GC2014-07-28T04:28:12.919+0000: 1736.600: [ParNew: 92160K->10240K(92160K), 0.0529870 secs] 7620522K->7565055K(20961280K), 0.0550540 secs] [Times: user=0.35 sys=0.02, real=0.06 secs]
2014-07-28T04:28:13.452+0000: 1737.134: [GC2014-07-28T04:28:13.453+0000: 1737.135: [ParNew: 92160K->10240K(92160K), 0.0491440 secs] 7646975K->7591679K(20961280K), 0.0511860 secs] [Times: user=0.34 sys=0.01, real=0.06 secs]
2014-07-28T04:28:13.879+0000: 1737.560: [GC2014-07-28T04:28:13.880+0000: 1737.561: [ParNew: 92153K->10240K(92160K), 0.0474530 secs] 7673592K->7616206K(20961280K), 0.0495120 secs] [Times: user=0.32 sys=0.00, real=0.05 secs]
2014-07-28T04:28:14.558+0000: 1738.240: [GC2014-07-28T04:28:14.559+0000: 1738.241: [ParNew: 92156K->10240K(92160K), 0.0593100 secs] 7698123K->7642677K(20961280K), 0.0613850 secs] [Times: user=0.34 sys=0.03, real=0.06 secs]
2014-07-28T04:28:15.071+0000: 1738.752: [GC2014-07-28T04:28:15.072+0000: 1738.753: [ParNew: 92160K->10240K(92160K), 0.0480500 secs] 7724597K->7667971K(20961280K), 0.0501000 secs] [Times: user=0.33 sys=0.00, real=0.06 secs]
2014-07-28T04:28:15.379+0000: 1739.061: [GC2014-07-28T04:28:15.380+0000: 1739.062: [ParNew: 92158K->10240K(92160K), 0.0521560 secs] 7749889K->7693627K(20961280K), 0.0541860 secs] [Times: user=0.35 sys=0.00, real=0.06 secs]
2014-07-28T04:28:15.766+0000: 1739.448: [GC2014-07-28T04:28:15.767+0000: 1739.449: [ParNew: 92160K->10240K(92160K), 0.0482140 secs] 7775547K->7719854K(20961280K), 0.0502920 secs] [Times: user=0.32 sys=0.00, real=0.05 secs]
2014-07-28T04:28:16.260+0000: 1739.941: [GC2014-07-28T04:28:16.261+0000: 1739.942: [ParNew: 92155K->10240K(92160K), 0.0504040 secs] 7801769K->7745797K(20961280K), 0.0525660 secs] [Times: user=0.35 sys=0.00, real=0.05 secs]
2014-07-28T04:28:17.614+0000: 1741.295: [GC2014-07-28T04:28:17.615+0000: 1741.297: [ParNew: 92160K->10240K(92160K), 0.0482470 secs] 7827717K->7770982K(20961280K), 0.0504350 secs] [Times: user=0.33 sys=0.01, real=0.05 secs]
2014-07-28T04:28:18.265+0000: 1741.947: [GC2014-07-28T04:28:18.267+0000: 1741.948: [ParNew: 92148K->10240K(92160K), 0.0460630 secs] 7852891K->7795932K(20961280K), 0.0481430 secs] [Times: user=0.32 sys=0.00, real=0.05 secs]
2014-07-28T04:28:18.568+0000: 1742.250: [GC2014-07-28T04:28:18.569+0000: 1742.251: [ParNew: 92160K->10240K(92160K), 0.0480950 secs] 7877852K->7821533K(20961280K), 0.0501460 secs] [Times: user=0.33 sys=0.01, real=0.05 secs]
2014-07-28T04:28:19.093+0000: 1742.775: [GC2014-07-28T04:28:19.094+0000: 1742.776: [ParNew: 92159K->10240K(92160K), 0.0523100 secs] 7903453K->7846893K(20961280K), 0.0543850 secs] [Times: user=0.36 sys=0.02, real=0.06 secs]
2014-07-28T04:28:19.285+0000: 1742.967: [GC2014-07-28T04:28:19.286+0000: 1742.968: [ParNew: 92160K->10240K(92160K), 0.0484730 secs] 7928813K->7871946K(20961280K), 0.0505520 secs] [Times: user=0.35 sys=0.00, real=0.05 secs]
2014-07-28T04:28:20.034+0000: 1743.715: [GC2014-07-28T04:28:20.035+0000: 1743.717: [ParNew: 92160K->10240K(92160K), 0.0913890 secs] 7953866K->7897783K(20961280K), 0.0937520 secs] [Times: user=0.36 sys=0.01, real=0.09 secs]
2014-07-28T04:28:20.420+0000: 1744.101: [GC2014-07-28T04:28:20.421+0000: 1744.102: [ParNew: 92158K->10240K(92160K), 0.0619470 secs] 7979702K->7922894K(20961280K), 0.0639960 secs] [Times: user=0.35 sys=0.02, real=0.07 secs]
2014-07-28T04:28:22.258+0000: 1745.939: [GC2014-07-28T04:28:22.259+0000: 1745.940: [ParNew: 92153K->10240K(92160K), 0.0489680 secs] 8004807K->7948899K(20961280K), 0.0510430 secs] [Times: user=0.33 sys=0.01, real=0.05 secs]
2014-07-28T04:28:23.001+0000: 1746.683: [GC2014-07-28T04:28:23.002+0000: 1746.684: [ParNew: 92160K->10240K(92160K), 0.0527900 secs] 8030819K->7974239K(20961280K), 0.0548730 secs] [Times: user=0.36 sys=0.01, real=0.06 secs]
2014-07-28T04:28:23.538+0000: 1747.219: [GC2014-07-28T04:28:23.539+0000: 1747.220: [ParNew: 92158K->10240K(92160K), 0.0534780 secs] 8056157K->8000965K(20961280K), 0.0555400 secs] [Times: user=0.37 sys=0.01, real=0.06 secs]
2014-07-28T04:28:23.945+0000: 1747.626: [GC2014-07-28T04:28:23.946+0000: 1747.627: [ParNew: 92157K->10240K(92160K), 0.0463180 secs] 8082882K->8025925K(20961280K), 0.0483770 secs] [Times: user=0.32 sys=0.01, real=0.05 secs]
2014-07-28T04:28:24.673+0000: 1748.354: [GC2014-07-28T04:28:24.690+0000: 1748.371: [ParNew: 92160K->10240K(92160K), 0.0606900 secs] 8107845K->8051685K(20961280K), 0.0787700 secs] [Times: user=0.38 sys=0.01, real=0.08 secs]
2014-07-28T04:28:25.147+0000: 1748.829: [GC2014-07-28T04:28:25.148+0000: 1748.830: [ParNew: 92160K->10240K(92160K), 0.0778850 secs] 8133605K->8076644K(20961280K), 0.0801090 secs] [Times: user=0.50 sys=0.02, real=0.08 secs]
2014-07-28T04:28:25.496+0000: 1749.177: [GC2014-07-28T04:28:25.497+0000: 1749.178: [ParNew: 92160K->10240K(92160K), 0.0549130 secs] 8158564K->8102761K(20961280K), 0.0569630 secs] [Times: user=0.39 sys=0.00, real=0.06 secs]
2014-07-28T04:28:25.874+0000: 1749.556: [GC2014-07-28T04:28:25.875+0000: 1749.557: [ParNew: 92160K->10240K(92160K), 0.0496450 secs] 8184681K->8128189K(20961280K), 0.0517300 secs] [Times: user=0.33 sys=0.01, real=0.05 secs]
2014-07-28T04:28:26.335+0000: 1750.016: [GC2014-07-28T04:28:26.336+0000: 1750.017: [ParNew: 92160K->10240K(92160K), 0.0536030 secs] 8210109K->8154420K(20961280K), 0.0556540 secs] [Times: user=0.35 sys=0.02, real=0.05 secs]
2014-07-28T04:28:27.684+0000: 1751.365: [GC2014-07-28T04:28:27.685+0000: 1751.366: [ParNew: 92160K->10240K(92160K), 0.0600070 secs] 8236340K->8180077K(20961280K), 0.0620610 secs] [Times: user=0.39 sys=0.02, real=0.06 secs]
2014-07-28T04:28:28.200+0000: 1751.881: [GC2014-07-28T04:28:28.201+0000: 1751.882: [ParNew: 92159K->10240K(92160K), 0.0560450 secs] 8261997K->8205018K(20961280K), 0.0581400 secs] [Times: user=0.34 sys=0.02, real=0.06 secs]
2014-07-28T04:28:28.638+0000: 1752.320: [GC2014-07-28T04:28:28.639+0000: 1752.321: [ParNew: 92160K->10240K(92160K), 0.0578170 secs] 8286938K->8231105K(20961280K), 0.0599460 secs] [Times: user=0.35 sys=0.02, real=0.06 secs]
2014-07-28T04:28:29.168+0000: 1752.850: [GC2014-07-28T04:28:29.169+0000: 1752.851: [ParNew: 92160K->10240K(92160K), 0.0623760 secs] 8313025K->8255886K(20961280K), 0.0644250 secs] [Times: user=0.36 sys=0.01, real=0.07 secs]
2014-07-28T04:28:29.369+0000: 1753.051: [GC2014-07-28T04:28:29.370+0000: 1753.052: [ParNew: 92159K->10240K(92160K), 0.0539480 secs] 8337806K->8281843K(20961280K), 0.0560900 secs] [Times: user=0.35 sys=0.01, real=0.06 secs]
2014-07-28T04:28:30.166+0000: 1753.847: [GC2014-07-28T04:28:30.167+0000: 1753.848: [ParNew: 92146K->10240K(92160K), 0.0520620 secs] 8363750K->8306944K(20961280K), 0.0541230 secs] [Times: user=0.34 sys=0.01, real=0.05 secs]
2014-07-28T04:28:30.498+0000: 1754.180: [GC2014-07-28T04:28:30.499+0000: 1754.181: [ParNew: 92160K->10240K(92160K), 0.0540440 secs] 8388864K->8332447K(20961280K), 0.0561210 secs] [Times: user=0.34 sys=0.02, real=0.06 secs]
2014-07-28T04:28:32.334+0000: 1756.016: [GC2014-07-28T04:28:32.335+0000: 1756.017: [ParNew: 92160K->10240K(92160K), 0.0593570 secs] 8414367K->8357478K(20961280K), 0.0613820 secs] [Times: user=0.38 sys=0.00, real=0.06 secs]
2014-07-28T04:28:33.076+0000: 1756.758: [GC2014-07-28T04:28:33.077+0000: 1756.759: [ParNew: 92151K->10240K(92160K), 0.0652240 secs] 8439389K->8382579K(20961280K), 0.0672490 secs] [Times: user=0.35 sys=0.02, real=0.07 secs]
2014-07-28T04:28:33.621+0000: 1757.303: [GC2014-07-28T04:28:33.622+0000: 1757.304: [ParNew: 92160K->10240K(92160K), 0.0517510 secs] 8464499K->8408283K(20961280K), 0.0538390 secs] [Times: user=0.32 sys=0.03, real=0.06 secs]
2014-07-28T04:28:33.938+0000: 1757.619: [GC2014-07-28T04:28:33.939+0000: 1757.620: [ParNew: 92155K->10240K(92160K), 0.0556990 secs] 8490199K->8433606K(20961280K), 0.0577880 secs] [Times: user=0.34 sys=0.01, real=0.06 secs]
2014-07-28T04:28:34.635+0000: 1758.316: [GC2014-07-28T04:28:34.636+0000: 1758.317: [ParNew: 92160K->10240K(92160K), 0.0547400 secs] 8515526K->8458585K(20961280K), 0.0567820 secs] [Times: user=0.34 sys=0.01, real=0.05 secs]
2014-07-28T04:28:35.150+0000: 1758.832: [GC2014-07-28T04:28:35.151+0000: 1758.833: [ParNew: 92156K->10240K(92160K), 0.0585620 secs] 8540502K->8485082K(20961280K), 0.0606290 secs] [Times: user=0.35 sys=0.01, real=0.06 secs]
2014-07-28T04:28:35.572+0000: 1759.254: [GC2014-07-28T04:28:35.574+0000: 1759.255: [ParNew: 92155K->10240K(92160K), 0.1050180 secs] 8566998K->8510257K(20961280K), 0.1073580 secs] [Times: user=0.35 sys=0.01, real=0.11 secs]
2014-07-28T04:28:35.888+0000: 1759.569: [GC2014-07-28T04:28:35.889+0000: 1759.570: [ParNew: 92160K->10240K(92160K), 0.1160280 secs] 8592177K->8535828K(20961280K), 0.1183150 secs] [Times: user=0.42 sys=0.01, real=0.12 secs]
2014-07-28T04:28:36.278+0000: 1759.960: [GC2014-07-28T04:28:36.279+0000: 1759.961: [ParNew: 92158K->10240K(92160K), 0.0604070 secs] 8617746K->8560929K(20961280K), 0.0624590 secs] [Times: user=0.36 sys=0.02, real=0.07 secs]
2014-07-28T04:28:37.686+0000: 1761.368: [GC2014-07-28T04:28:37.687+0000: 1761.369: [ParNew: 92156K->10240K(92160K), 0.0581250 secs] 8642845K->8586684K(20961280K), 0.0602580 secs] [Times: user=0.35 sys=0.02, real=0.06 secs]
2014-07-28T04:28:38.216+0000: 1761.897: [GC2014-07-28T04:28:38.217+0000: 1761.898: [ParNew: 92160K->10240K(92160K), 0.0557740 secs] 8668604K->8613905K(20961280K), 0.0579270 secs] [Times: user=0.36 sys=0.02, real=0.06 secs]
2014-07-28T04:28:38.651+0000: 1762.332: [GC2014-07-28T04:28:38.652+0000: 1762.333: [ParNew: 92160K->10240K(92160K), 0.0545040 secs] 8695825K->8638690K(20961280K), 0.0565910 secs] [Times: user=0.34 sys=0.02, real=0.06 secs]
2014-07-28T04:28:39.031+0000: 1762.713: [GC2014-07-28T04:28:39.033+0000: 1762.714: [ParNew: 92160K->10240K(92160K), 0.0834790 secs] 8720610K->8665946K(20961280K), 0.0859660 secs] [Times: user=0.38 sys=0.01, real=0.09 secs]
2014-07-28T04:28:39.417+0000: 1763.099: [GC2014-07-28T04:28:39.418+0000: 1763.100: [ParNew: 92160K->10240K(92160K), 0.0717960 secs] 8747866K->8690711K(20961280K), 0.0741850 secs] [Times: user=0.36 sys=0.01, real=0.07 secs]
2014-07-28T04:28:39.916+0000: 1763.598: [GC2014-07-28T04:28:39.917+0000: 1763.599: [ParNew: 92155K->10240K(92160K), 0.0632030 secs] 8772627K->8716407K(20961280K), 0.0652590 secs] [Times: user=0.35 sys=0.01, real=0.07 secs]
2014-07-28T04:28:40.451+0000: 1764.133: [GC2014-07-28T04:28:40.452+0000: 1764.134: [ParNew: 92145K->10240K(92160K), 0.0666070 secs] 8798313K->8741996K(20961280K), 0.0686780 secs] [Times: user=0.35 sys=0.02, real=0.07 secs]
2014-07-28T04:28:42.157+0000: 1765.839: [GC2014-07-28T04:28:42.158+0000: 1765.840: [ParNew: 92160K->10240K(92160K), 0.0595970 secs] 8823916K->8770050K(20961280K), 0.0616900 secs] [Times: user=0.36 sys=0.03, real=0.06 secs]
2014-07-28T04:28:42.903+0000: 1766.584: [GC2014-07-28T04:28:42.904+0000: 1766.585: [ParNew: 92157K->10240K(92160K), 0.0500090 secs] 8851968K->8793777K(20961280K), 0.0520810 secs] [Times: user=0.31 sys=0.04, real=0.05 secs]
2014-07-28T04:28:43.449+0000: 1767.130: [GC2014-07-28T04:28:43.450+0000: 1767.131: [ParNew: 92157K->10240K(92160K), 0.0513960 secs] 8875695K->8820082K(20961280K), 0.0534720 secs] [Times: user=0.33 sys=0.02, real=0.06 secs]
2014-07-28T04:28:43.927+0000: 1767.609: [GC2014-07-28T04:28:43.928+0000: 1767.610: [ParNew: 92160K->10240K(92160K), 0.0532670 secs] 8902002K->8845918K(20961280K), 0.0553680 secs] [Times: user=0.38 sys=0.00, real=0.06 secs]
2014-07-28T04:28:44.624+0000: 1768.305: [GC2014-07-28T04:28:44.625+0000: 1768.306: [ParNew: 92160K->10240K(92160K), 0.0479590 secs] 8927838K->8871559K(20961280K), 0.0500740 secs] [Times: user=0.31 sys=0.01, real=0.05 secs]
2014-07-28T04:28:45.201+0000: 1768.882: [GC2014-07-28T04:28:45.202+0000: 1768.883: [ParNew: 92152K->10240K(92160K), 0.0523520 secs] 8953472K->8896177K(20961280K), 0.0544060 secs] [Times: user=0.35 sys=0.02, real=0.06 secs]
2014-07-28T04:28:45.472+0000: 1769.153: [GC2014-07-28T04:28:45.473+0000: 1769.154: [ParNew: 92160K->10240K(92160K), 0.0486160 secs] 8978097K->8922626K(20961280K), 0.0506960 secs] [Times: user=0.33 sys=0.00, real=0.05 secs]
2014-07-28T04:28:46.039+0000: 1769.721: [GC2014-07-28T04:28:46.040+0000: 1769.722: [ParNew: 92160K->10240K(92160K), 0.0528540 secs] 9004546K->8947889K(20961280K), 0.0550050 secs] [Times: user=0.37 sys=0.01, real=0.06 secs]
2014-07-28T04:28:46.350+0000: 1770.031: [GC2014-07-28T04:28:46.351+0000: 1770.032: [ParNew: 92160K->10240K(92160K), 0.0490050 secs] 9029809K->8972601K(20961280K), 0.0511570 secs] [Times: user=0.34 sys=0.00, real=0.06 secs]
2014-07-28T04:28:47.764+0000: 1771.445: [GC2014-07-28T04:28:47.765+0000: 1771.446: [ParNew: 92160K->10240K(92160K), 0.0502010 secs] 9054521K->8998325K(20961280K), 0.0523170 secs] [Times: user=0.34 sys=0.00, real=0.05 secs]
2014-07-28T04:28:48.300+0000: 1771.981: [GC2014-07-28T04:28:48.301+0000: 1771.982: [ParNew: 92160K->10240K(92160K), 0.0541050 secs] 9080245K->9026731K(20961280K), 0.0561900 secs] [Times: user=0.38 sys=0.02, real=0.06 secs]
2014-07-28T04:28:48.729+0000: 1772.410: [GC2014-07-28T04:28:48.730+0000: 1772.411: [ParNew: 92160K->10240K(92160K), 0.0531020 secs] 9108651K->9051609K(20961280K), 0.0551930 secs] [Times: user=0.37 sys=0.01, real=0.06 secs]
2014-07-28T04:28:49.148+0000: 1772.830: [GC2014-07-28T04:28:49.149+0000: 1772.831: [ParNew: 92160K->10240K(92160K), 0.0490090 secs] 9133529K->9079279K(20961280K), 0.0510970 secs] [Times: user=0.32 sys=0.01, real=0.05 secs]
2014-07-28T04:28:49.530+0000: 1773.211: [GC2014-07-28T04:28:49.531+0000: 1773.212: [ParNew: 92160K->10240K(92160K), 0.0540890 secs] 9161199K->9103777K(20961280K), 0.0562220 secs] [Times: user=0.37 sys=0.01, real=0.06 secs]
2014-07-28T04:28:50.006+0000: 1773.687: [GC2014-07-28T04:28:50.007+0000: 1773.688: [ParNew: 92152K->10240K(92160K), 0.0521950 secs] 9185689K->9129690K(20961280K), 0.0543360 secs] [Times: user=0.35 sys=0.01, real=0.05 secs]
2014-07-28T04:28:50.543+0000: 1774.224: [GC2014-07-28T04:28:50.544+0000: 1774.225: [ParNew: 92160K->10240K(92160K), 0.0564040 secs] 9211610K->9154844K(20961280K), 0.0589080 secs] [Times: user=0.33 sys=0.02, real=0.06 secs]
2014-07-28T04:28:52.252+0000: 1775.933: [GC2014-07-28T04:28:52.253+0000: 1775.934: [ParNew: 92160K->10240K(92160K), 0.0529640 secs] 9236764K->9183547K(20961280K), 0.0550480 secs] [Times: user=0.35 sys=0.02, real=0.05 secs]
2014-07-28T04:28:52.977+0000: 1776.658: [GC2014-07-28T04:28:52.978+0000: 1776.659: [ParNew: 92160K->10240K(92160K), 0.0484270 secs] 9265467K->9206958K(20961280K), 0.0504790 secs] [Times: user=0.32 sys=0.01, real=0.05 secs]
2014-07-28T04:28:53.526+0000: 1777.207: [GC2014-07-28T04:28:53.527+0000: 1777.208: [ParNew: 92160K->10240K(92160K), 0.0535140 secs] 9288878K->9233849K(20961280K), 0.0555870 secs] [Times: user=0.38 sys=0.00, real=0.06 secs]
2014-07-28T04:28:54.005+0000: 1777.687: [GC2014-07-28T04:28:54.006+0000: 1777.688: [ParNew: 92160K->10240K(92160K), 0.0530470 secs] 9315769K->9258934K(20961280K), 0.0551340 secs] [Times: user=0.37 sys=0.01, real=0.06 secs]
2014-07-28T04:28:54.695+0000: 1778.377: [GC2014-07-28T04:28:54.696+0000: 1778.378: [ParNew: 92159K->10240K(92160K), 0.0480040 secs] 9340853K->9284725K(20961280K), 0.0500420 secs] [Times: user=0.33 sys=0.01, real=0.05 secs]
2014-07-28T04:28:55.266+0000: 1778.947: [GC2014-07-28T04:28:55.267+0000: 1778.948: [ParNew: 92160K->10240K(92160K), 0.0521740 secs] 9366645K->9309317K(20961280K), 0.0542510 secs] [Times: user=0.37 sys=0.00, real=0.05 secs]
2014-07-28T04:28:55.547+0000: 1779.229: [GC2014-07-28T04:28:55.548+0000: 1779.230: [ParNew: 92160K->10240K(92160K), 0.0544490 secs] 9391237K->9337194K(20961280K), 0.0564900 secs] [Times: user=0.36 sys=0.01, real=0.06 secs]
2014-07-28T04:28:55.999+0000: 1779.680: [GC2014-07-28T04:28:56.000+0000: 1779.681: [ParNew: 92160K->10240K(92160K), 0.0535840 secs] 9419114K->9360541K(20961280K), 0.0556480 secs] [Times: user=0.36 sys=0.02, real=0.06 secs]
2014-07-28T04:28:56.369+0000: 1780.051: [GC2014-07-28T04:28:56.371+0000: 1780.052: [ParNew: 92159K->10240K(92160K), 0.0483410 secs] 9442460K->9386379K(20961280K), 0.0504370 secs] [Times: user=0.32 sys=0.00, real=0.05 secs]
2014-07-28T04:28:57.793+0000: 1781.475: [GC2014-07-28T04:28:57.794+0000: 1781.476: [ParNew: 92160K->10240K(92160K), 0.0524360 secs] 9468299K->9410883K(20961280K), 0.0545060 secs] [Times: user=0.37 sys=0.00, real=0.05 secs]
2014-07-28T04:28:58.423+0000: 1782.105: [GC2014-07-28T04:28:58.424+0000: 1782.106: [ParNew: 92160K->10240K(92160K), 0.0527690 secs] 9492803K->9437982K(20961280K), 0.0548820 secs] [Times: user=0.36 sys=0.01, real=0.05 secs]
2014-07-28T04:28:58.858+0000: 1782.539: [GC2014-07-28T04:28:58.859+0000: 1782.540: [ParNew: 92160K->10240K(92160K), 0.0514910 secs] 9519902K->9463085K(20961280K), 0.0535640 secs] [Times: user=0.36 sys=0.02, real=0.06 secs]
2014-07-28T04:28:59.265+0000: 1782.947: [GC2014-07-28T04:28:59.267+0000: 1782.948: [ParNew: 92160K->10240K(92160K), 0.0523130 secs] 9545005K->9489271K(20961280K), 0.0546020 secs] [Times: user=0.38 sys=0.00, real=0.05 secs]
2014-07-28T04:28:59.619+0000: 1783.301: [GC2014-07-28T04:28:59.620+0000: 1783.302: [ParNew: 92157K->10240K(92160K), 0.0486290 secs] 9571189K->9515175K(20961280K), 0.0506920 secs] [Times: user=0.34 sys=0.00, real=0.06 secs]
2014-07-28T04:29:00.097+0000: 1783.778: [GC2014-07-28T04:29:00.098+0000: 1783.779: [ParNew: 92158K->10240K(92160K), 0.0493110 secs] 9597094K->9540232K(20961280K), 0.0513670 secs] [Times: user=0.36 sys=0.00, real=0.05 secs]
2014-07-28T04:29:00.621+0000: 1784.302: [GC2014-07-28T04:29:00.622+0000: 1784.303: [ParNew: 92156K->10240K(92160K), 0.0486600 secs] 9622149K->9565097K(20961280K), 0.0507150 secs] [Times: user=0.35 sys=0.00, real=0.06 secs]
2014-07-28T04:29:02.372+0000: 1786.053: [GC2014-07-28T04:29:02.373+0000: 1786.054: [ParNew: 92160K->10240K(92160K), 0.0489760 secs] 9647017K->9593062K(20961280K), 0.0510600 secs] [Times: user=0.33 sys=0.01, real=0.05 secs]
2014-07-28T04:29:03.086+0000: 1786.767: [GC2014-07-28T04:29:03.087+0000: 1786.768: [ParNew: 92160K->10240K(92160K), 0.0492710 secs] 9674982K->9616459K(20961280K), 0.0514420 secs] [Times: user=0.32 sys=0.01, real=0.05 secs]
2014-07-28T04:29:03.640+0000: 1787.321: [GC2014-07-28T04:29:03.641+0000: 1787.322: [ParNew: 92160K->10240K(92160K), 0.0523570 secs] 9698379K->9642929K(20961280K), 0.0544750 secs] [Times: user=0.37 sys=0.01, real=0.06 secs]
2014-07-28T04:29:04.119+0000: 1787.800: [GC2014-07-28T04:29:04.120+0000: 1787.801: [ParNew: 92160K->10240K(92160K), 0.0498690 secs] 9724849K->9667738K(20961280K), 0.0519450 secs] [Times: user=0.35 sys=0.00, real=0.06 secs]
2014-07-28T04:29:04.775+0000: 1788.456: [GC2014-07-28T04:29:04.776+0000: 1788.457: [ParNew: 92155K->10240K(92160K), 0.0518510 secs] 9749654K->9692861K(20961280K), 0.0539430 secs] [Times: user=0.32 sys=0.02, real=0.06 secs]
2014-07-28T04:29:05.294+0000: 1788.976: [GC2014-07-28T04:29:05.295+0000: 1788.977: [ParNew: 92160K->10240K(92160K), 0.0524050 secs] 9774781K->9718684K(20961280K), 0.0544980 secs] [Times: user=0.35 sys=0.02, real=0.06 secs]
2014-07-28T04:29:05.658+0000: 1789.339: [GC2014-07-28T04:29:05.659+0000: 1789.341: [ParNew: 92160K->10240K(92160K), 0.0499500 secs] 9800604K->9745059K(20961280K), 0.0520920 secs] [Times: user=0.34 sys=0.02, real=0.06 secs]
2014-07-28T04:29:06.037+0000: 1789.718: [GC2014-07-28T04:29:06.038+0000: 1789.719: [ParNew: 92160K->10240K(92160K), 0.0519770 secs] 9826979K->9770267K(20961280K), 0.0540670 secs] [Times: user=0.37 sys=0.00, real=0.06 secs]
2014-07-28T04:29:06.439+0000: 1790.120: [GC2014-07-28T04:29:06.440+0000: 1790.121: [ParNew: 92160K->10240K(92160K), 0.0519760 secs] 9852187K->9796618K(20961280K), 0.0540480 secs] [Times: user=0.35 sys=0.01, real=0.06 secs]
2014-07-28T04:29:07.827+0000: 1791.509: [GC2014-07-28T04:29:07.829+0000: 1791.510: [ParNew: 92160K->10240K(92160K), 0.0495940 secs] 9878538K->9821427K(20961280K), 0.0516920 secs] [Times: user=0.34 sys=0.01, real=0.05 secs]
2014-07-28T04:29:08.503+0000: 1792.184: [GC2014-07-28T04:29:08.504+0000: 1792.185: [ParNew: 92160K->10240K(92160K), 0.0491140 secs] 9903347K->9847802K(20961280K), 0.0511670 secs] [Times: user=0.33 sys=0.02, real=0.05 secs]
2014-07-28T04:29:08.943+0000: 1792.625: [GC2014-07-28T04:29:08.944+0000: 1792.626: [ParNew: 92160K->10240K(92160K), 0.0686490 secs] 9929722K->9873136K(20961280K), 0.0708120 secs] [Times: user=0.34 sys=0.01, real=0.07 secs]
2014-07-28T04:29:09.346+0000: 1793.028: [GC2014-07-28T04:29:09.347+0000: 1793.029: [ParNew: 92160K->10240K(92160K), 0.0627130 secs] 9955056K->9899619K(20961280K), 0.0649270 secs] [Times: user=0.39 sys=0.00, real=0.07 secs]
2014-07-28T04:29:09.711+0000: 1793.392: [GC2014-07-28T04:29:09.712+0000: 1793.393: [ParNew: 92150K->10240K(92160K), 0.0492100 secs] 9981529K->9925224K(20961280K), 0.0512710 secs] [Times: user=0.34 sys=0.01, real=0.05 secs]
2014-07-28T04:29:10.167+0000: 1793.849: [GC2014-07-28T04:29:10.169+0000: 1793.850: [ParNew: 92151K->10240K(92160K), 0.0456210 secs] 10007135K->9950602K(20961280K), 0.0478100 secs] [Times: user=0.30 sys=0.01, real=0.05 secs]
2014-07-28T04:29:10.604+0000: 1794.286: [GC2014-07-28T04:29:10.605+0000: 1794.287: [ParNew: 92159K->10240K(92160K), 0.0491750 secs] 10032522K->9975649K(20961280K), 0.0512010 secs] [Times: user=0.34 sys=0.01, real=0.05 secs]
2014-07-28T04:29:12.453+0000: 1796.134: [GC2014-07-28T04:29:12.454+0000: 1796.135: [ParNew: 92160K->10240K(92160K), 0.0507730 secs] 10057569K->10002473K(20961280K), 0.0528740 secs] [Times: user=0.33 sys=0.01, real=0.05 secs]
2014-07-28T04:29:13.062+0000: 1796.743: [GC2014-07-28T04:29:13.063+0000: 1796.744: [ParNew: 92155K->10240K(92160K), 0.0507390 secs] 10084389K->10026213K(20961280K), 0.0527920 secs] [Times: user=0.33 sys=0.01, real=0.06 secs]
2014-07-28T04:29:13.718+0000: 1797.399: [GC2014-07-28T04:29:13.719+0000: 1797.400: [ParNew: 92160K->10240K(92160K), 0.0529120 secs] 10108133K->10052404K(20961280K), 0.0549710 secs] [Times: user=0.35 sys=0.02, real=0.06 secs]
2014-07-28T04:29:14.186+0000: 1797.867: [GC2014-07-28T04:29:14.187+0000: 1797.868: [ParNew: 92160K->10240K(92160K), 0.0516740 secs] 10134324K->10077116K(20961280K), 0.0537470 secs] [Times: user=0.37 sys=0.00, real=0.05 secs]
2014-07-28T04:29:14.730+0000: 1798.411: [GC2014-07-28T04:29:14.731+0000: 1798.412: [ParNew: 92160K->10240K(92160K), 0.0490650 secs] 10159036K->10102429K(20961280K), 0.0511260 secs] [Times: user=0.33 sys=0.01, real=0.06 secs]
2014-07-28T04:29:15.370+0000: 1799.052: [GC2014-07-28T04:29:15.371+0000: 1799.053: [ParNew: 92154K->10240K(92160K), 0.0570560 secs] 10184344K->10129192K(20961280K), 0.0590940 secs] [Times: user=0.39 sys=0.02, real=0.06 secs]
2014-07-28T04:29:15.735+0000: 1799.416: [GC2014-07-28T04:29:15.735+0000: 1799.417: [ParNew: 92160K->10240K(92160K), 0.0488430 secs] 10211112K->10155043K(20961280K), 0.0508820 secs] [Times: user=0.33 sys=0.01, real=0.05 secs]
2014-07-28T04:29:16.108+0000: 1799.790: [GC2014-07-28T04:29:16.109+0000: 1799.791: [ParNew: 92145K->10240K(92160K), 0.0512110 secs] 10236948K->10180030K(20961280K), 0.0532500 secs] [Times: user=0.35 sys=0.01, real=0.06 secs]
2014-07-28T04:29:16.515+0000: 1800.196: [GC2014-07-28T04:29:16.516+0000: 1800.197: [ParNew: 92160K->10240K(92160K), 0.0518060 secs] 10261950K->10205904K(20961280K), 0.0538600 secs] [Times: user=0.37 sys=0.00, real=0.06 secs]
2014-07-28T04:29:17.890+0000: 1801.572: [GC2014-07-28T04:29:17.891+0000: 1801.573: [ParNew: 92147K->10240K(92160K), 0.0514690 secs] 10287811K->10230760K(20961280K), 0.0535010 secs] [Times: user=0.36 sys=0.00, real=0.05 secs]
2014-07-28T04:29:18.581+0000: 1802.263: [GC2014-07-28T04:29:18.582+0000: 1802.264: [ParNew: 92160K->10240K(92160K), 0.0516750 secs] 10312680K->10256268K(20961280K), 0.0537870 secs] [Times: user=0.37 sys=0.00, real=0.05 secs]
2014-07-28T04:29:18.869+0000: 1802.551: [GC2014-07-28T04:29:18.870+0000: 1802.552: [ParNew: 92160K->10240K(92160K), 0.0480040 secs] 10338188K->10281295K(20961280K), 0.0500630 secs] [Times: user=0.32 sys=0.01, real=0.06 secs]
2014-07-28T04:29:19.439+0000: 1803.120: [GC2014-07-28T04:29:19.439+0000: 1803.121: [ParNew: 92146K->10240K(92160K), 0.0499730 secs] 10363202K->10304949K(20961280K), 0.0518590 secs] [Times: user=0.35 sys=0.01, real=0.05 secs]
2014-07-28T04:29:19.794+0000: 1803.475: [GC2014-07-28T04:29:19.795+0000: 1803.476: [ParNew: 92160K->10240K(92160K), 0.0489530 secs] 10386869K->10326701K(20961280K), 0.0507360 secs] [Times: user=0.35 sys=0.01, real=0.05 secs]
2014-07-28T04:29:20.274+0000: 1803.956: [GC2014-07-28T04:29:20.275+0000: 1803.956: [ParNew: 92160K->10240K(92160K), 0.0416970 secs] 10408621K->10347813K(20961280K), 0.0433160 secs] [Times: user=0.27 sys=0.02, real=0.05 secs]
2014-07-28T04:29:20.681+0000: 1804.362: [GC2014-07-28T04:29:20.681+0000: 1804.363: [ParNew: 92159K->10240K(92160K), 0.0463580 secs] 10429732K->10369746K(20961280K), 0.0478380 secs] [Times: user=0.32 sys=0.00, real=0.04 secs]
2014-07-28T04:29:22.571+0000: 1806.252: [GC2014-07-28T04:29:22.572+0000: 1806.253: [ParNew: 92159K->10240K(92160K), 0.0529720 secs] 10451665K->10393353K(20961280K), 0.0543760 secs] [Times: user=0.35 sys=0.02, real=0.05 secs]
2014-07-28T04:29:23.223+0000: 1806.904: [GC2014-07-28T04:29:23.223+0000: 1806.905: [ParNew: 92160K->10240K(92160K), 0.0473110 secs] 10475273K->10413704K(20961280K), 0.0485220 secs] [Times: user=0.31 sys=0.00, real=0.05 secs]
2014-07-28T04:29:23.839+0000: 1807.521: [GC2014-07-28T04:29:23.840+0000: 1807.521: [ParNew: 92160K->10240K(92160K), 0.0514570 secs] 10495624K->10436752K(20961280K), 0.0526140 secs] [Times: user=0.31 sys=0.02, real=0.05 secs]
2014-07-28T04:29:24.308+0000: 1807.989: [GC2014-07-28T04:29:24.308+0000: 1807.990: [ParNew: 92160K->10240K(92160K), 0.0513340 secs] 10518672K->10458616K(20961280K), 0.0524040 secs] [Times: user=0.35 sys=0.00, real=0.06 secs]
2014-07-28T04:29:24.946+0000: 1808.628: [GC2014-07-28T04:29:24.947+0000: 1808.628: [ParNew: 92160K->10240K(92160K), 0.0498250 secs] 10540536K->10479975K(20961280K), 0.0507660 secs] [Times: user=0.33 sys=0.02, real=0.05 secs]
2014-07-28T04:29:25.497+0000: 1809.178: [GC2014-07-28T04:29:25.497+0000: 1809.178: [ParNew: 92160K->10240K(92160K), 0.0520350 secs] 10561895K->10503298K(20961280K), 0.0528640 secs] [Times: user=0.34 sys=0.02, real=0.06 secs]
2014-07-28T04:29:25.856+0000: 1809.537: [GC2014-07-28T04:29:25.856+0000: 1809.538: [ParNew: 92160K->10240K(92160K), 0.0486860 secs] 10585218K->10525743K(20961280K), 0.0493920 secs] [Times: user=0.33 sys=0.01, real=0.05 secs]
2014-07-28T04:29:26.275+0000: 1809.956: [GC2014-07-28T04:29:26.275+0000: 1809.956: [ParNew: 92156K->10240K(92160K), 0.0481350 secs] 10607660K->10546315K(20961280K), 0.0487330 secs] [Times: user=0.34 sys=0.00, real=0.05 secs]
2014-07-28T04:29:26.641+0000: 1810.322: [GC2014-07-28T04:29:26.641+0000: 1810.323: [ParNew: 92160K->10240K(92160K), 0.0487460 secs] 10628235K->10570511K(20961280K), 0.0492330 secs] [Times: user=0.31 sys=0.02, real=0.05 secs]
2014-07-28T04:29:28.033+0000: 1811.714: [GC2014-07-28T04:29:28.033+0000: 1811.714: [ParNew: 92146K->10240K(92160K), 0.0491000 secs] 10652417K->10591970K(20961280K), 0.0494670 secs] [Times: user=0.33 sys=0.00, real=0.05 secs]
2014-07-28T04:29:28.709+0000: 1812.390: [GC2014-07-28T04:29:28.709+0000: 1812.390: [ParNew: 92150K->10240K(92160K), 0.0480980 secs] 10673880K->10615266K(20961280K), 0.0483540 secs] [Times: user=0.34 sys=0.01, real=0.05 secs]
Heap
 par new generation   total 92160K, used 84963K [0x00000002f8000000, 0x00000002fe400000, 0x00000002fe400000)
  eden space 81920K,  91% used [0x00000002f8000000, 0x00000002fc8f8d20, 0x00000002fd000000)
  from space 10240K, 100% used [0x00000002fd000000, 0x00000002fda00000, 0x00000002fda00000)
  to   space 10240K,   0% used [0x00000002fda00000, 0x00000002fda00000, 0x00000002fe400000)
 concurrent mark-sweep generation total 20869120K, used 10605026K [0x00000002fe400000, 0x00000007f8000000, 0x00000007f8000000)
 concurrent-mark-sweep perm gen total 65536K, used 23544K [0x00000007f8000000, 0x00000007fc000000, 0x0000000800000000)