2013-10-01T09:57:20.009+0000: 2.513: [Full GC (System) 2.514: [CMS: 0K->5303K(3145728K), 0.1469680 secs] 83891K->5303K(4089472K), [CMS Perm : 9043K->9039K(65536K)], 0.1471030 secs] [Times: user=0.07 sys=0.07, real=0.15 secs] 
2013-10-01T09:57:20.424+0000: 2.929: [GC 2.929: [ParNew: 838912K->4136K(943744K), 0.0380330 secs] 844215K->9439K(4089472K), 0.0382160 secs] [Times: user=0.10 sys=0.00, real=0.04 secs] 
2013-10-01T09:57:21.303+0000: 3.808: [GC 3.808: [ParNew: 843048K->44265K(943744K), 0.1128000 secs] 848351K->49569K(4089472K), 0.1138210 secs] [Times: user=0.26 sys=0.08, real=0.12 secs] 
2013-10-01T09:57:29.024+0000: 11.532: [GC 11.537: [ParNew: 883177K->104832K(943744K), 4.2104840 secs] 888481K->354855K(4089472K), 4.2179460 secs] [Times: user=4.35 sys=0.54, real=4.23 secs] 
2013-10-01T09:57:50.808+0000: 33.320: [GC 33.330: [ParNew: 943744K->104832K(943744K), 2.9951970 secs] 1193767K->701680K(4089472K), 3.0097660 secs] [Times: user=3.61 sys=0.62, real=3.02 secs] 
2013-10-01T09:58:18.515+0000: 61.028: [GC 61.037: [ParNew: 943744K->104832K(943744K), 0.9762780 secs] 1540592K->823105K(4089472K), 0.9914110 secs] [Times: user=1.85 sys=0.19, real=1.00 secs] 
2013-10-01T09:58:26.177+0000: 68.691: [GC 68.698: [ParNew: 943744K->99914K(943744K), 0.9305450 secs] 1662017K->914850K(4089472K), 0.9440650 secs] [Times: user=1.41 sys=0.19, real=0.95 secs] 
2013-10-01T09:58:32.866+0000: 75.380: [GC 75.388: [ParNew: 938826K->104832K(943744K), 0.5358670 secs] 1753762K->996356K(4089472K), 0.5494060 secs] [Times: user=0.84 sys=0.13, real=0.56 secs] 
2013-10-01T09:58:39.661+0000: 82.175: [GC 82.183: [ParNew: 943744K->104832K(943744K), 0.7618180 secs] 1835268K->1123499K(4089472K), 0.7758980 secs] [Times: user=1.22 sys=0.28, real=0.79 secs] 
2013-10-01T09:58:50.270+0000: 92.784: [GC 92.791: [ParNew: 943744K->104832K(943744K), 0.4966820 secs] 1962411K->1219843K(4089472K), 0.5101710 secs] [Times: user=0.78 sys=0.05, real=0.52 secs] 
2013-10-01T09:58:58.049+0000: 100.563: [GC 100.571: [ParNew: 943744K->104832K(943744K), 0.6100480 secs] 2058757K->1335767K(4089472K), 0.6243000 secs] [Times: user=1.05 sys=0.18, real=0.63 secs] 
2013-10-01T09:58:59.038+0000: 101.552: [GC 101.561: [ParNew: 108346K->104048K(943744K), 0.7279760 secs] 1339281K->1440411K(4089472K), 0.7459880 secs] [Times: user=0.60 sys=0.19, real=0.76 secs] 
2013-10-01T09:59:12.807+0000: 115.321: [GC 115.331: [ParNew: 942960K->104832K(943744K), 1.2968560 secs] 2279323K->1570714K(4089472K), 1.3130800 secs] [Times: user=1.19 sys=0.25, real=1.32 secs] 
2013-10-01T09:59:20.100+0000: 122.613: [GC 122.623: [ParNew: 943744K->104832K(943744K), 0.8229440 secs] 2409626K->1723013K(4089472K), 0.8384660 secs] [Times: user=1.22 sys=0.27, real=0.85 secs] 
2013-10-01T09:59:28.466+0000: 130.979: [GC 130.988: [ParNew: 943744K->104832K(943744K), 1.1474770 secs] 2561925K->1886913K(4089472K), 1.1620680 secs] [Times: user=1.04 sys=0.32, real=1.17 secs] 
2013-10-01T09:59:34.001+0000: 136.516: [GC [1 CMS-initial-mark: 1782081K(3145728K)] 2143902K(4089472K), 0.3215550 secs] [Times: user=0.31 sys=0.00, real=0.33 secs] 
2013-10-01T09:59:34.357+0000: 136.861: [CMS-concurrent-mark-start]
2013-10-01T09:59:46.404+0000: 148.918: [GC 148.930: [ParNew: 943744K->104832K(943744K), 1.4366830 secs] 2725825K->2067196K(4089472K), 1.4543490 secs] [Times: user=1.30 sys=0.26, real=1.46 secs] 
2013-10-01T09:59:54.061+0000: 156.574: [GC 156.583: [ParNew: 943744K->104832K(943744K), 0.8640190 secs] 2906108K->2146856K(4089472K), 0.8787970 secs] [Times: user=0.86 sys=0.11, real=0.89 secs] 
2013-10-01T10:00:01.571+0000: 164.084: [GC 164.093: [ParNew: 943744K->104832K(943744K), 1.1008900 secs] 2985768K->2308339K(4089472K), 1.1158300 secs] [Times: user=1.29 sys=0.26, real=1.12 secs] 
2013-10-01T10:00:10.911+0000: 173.425: [GC 173.436: [ParNew: 943744K->104832K(943744K), 1.2757060 secs] 3147251K->2529729K(4089472K), 1.2925710 secs] [Times: user=1.64 sys=0.39, real=1.30 secs] 
2013-10-01T10:00:19.282+0000: 181.795: [GC 181.804: [ParNew: 943744K->104832K(943744K), 0.9896460 secs] 3368641K->2678900K(4089472K), 1.0043250 secs] [Times: user=1.27 sys=0.21, real=1.01 secs] 
2013-10-01T10:00:27.255+0000: 189.768: [GC 189.777: [ParNew: 943744K->104832K(943744K), 1.0380290 secs] 3517812K->2780390K(4089472K), 1.0533310 secs] [Times: user=0.91 sys=0.19, real=1.07 secs] 
2013-10-01T10:00:34.849+0000: 197.365: [GC 197.375: [ParNew: 943744K->91145K(943744K), 0.8311810 secs] 3619302K->2850187K(4089472K), 0.8473760 secs] [Times: user=1.01 sys=0.16, real=0.86 secs] 
2013-10-01T10:00:44.447+0000: 206.960: [GC 206.973: [ParNew: 930057K->104832K(943744K), 1.6167400 secs] 3689099K->3145100K(4089472K), 1.6353250 secs] [Times: user=1.99 sys=0.42, real=1.65 secs] 
2013-10-01T10:00:59.622+0000: 222.136: [GC 222.145: [ParNew: 943744K->943744K(943744K), 0.0000430 secs]222.145: [CMS2013-10-01T10:01:00.274+0000: 222.778: [CMS-concurrent-mark: 64.766/85.917 secs] [Times: user=102.32 sys=27.26, real=85.93 secs] 
 (concurrent mode failure): 3051585K->2242322K(3145728K), 8.6340260 secs] 3995329K->2242322K(4089472K), [CMS Perm : 13509K->13415K(65536K)], 8.6499890 secs] [Times: user=8.77 sys=0.01, real=8.66 secs] 
2013-10-01T10:01:09.468+0000: 231.981: [GC 231.989: [ParNew: 54854K->89317K(943744K), 0.3699770 secs] 2297177K->2331640K(4089472K), 0.3839590 secs] [Times: user=0.50 sys=0.01, real=0.39 secs] 
2013-10-01T10:01:10.372+0000: 232.886: [GC [1 CMS-initial-mark: 2242322K(3145728K)] 2385353K(4089472K), 0.3651480 secs] [Times: user=0.37 sys=0.00, real=0.38 secs] 
2013-10-01T10:01:15.467+0000: 237.971: [CMS-concurrent-mark-start]
2013-10-01T10:01:18.631+0000: 241.149: [GC 241.159: [ParNew: 928229K->104832K(943744K), 0.8300970 secs] 3170552K->2480537K(4089472K), 0.8458960 secs] [Times: user=0.94 sys=0.02, real=0.86 secs] 
2013-10-01T10:01:31.168+0000: 253.682: [GC 253.695: [ParNew: 943744K->104832K(943744K), 0.9351060 secs] 3319449K->2761472K(4089472K), 0.9542850 secs] [Times: user=1.60 sys=0.03, real=0.97 secs] 
2013-10-01T10:01:50.039+0000: 272.552: [GC 272.562: [ParNew: 943744K->104832K(943744K), 1.3008360 secs] 3600384K->3048923K(4089472K), 1.3173140 secs] [Times: user=1.71 sys=0.04, real=1.33 secs] 
2013-10-01T10:02:03.804+0000: 286.319: [GC 286.333: [ParNew: 943744K->943744K(943744K), 0.0000460 secs]286.333: [CMS2013-10-01T10:02:07.332+0000: 289.836: [CMS-concurrent-mark: 46.732/51.865 secs] [Times: user=74.47 sys=9.90, real=56.58 secs] 
 (concurrent mode failure): 2944091K->2356943K(3145728K), 12.2605930 secs] 3887835K->2356943K(4089472K), [CMS Perm : 13454K->13454K(65536K)], 12.2815590 secs] [Times: user=12.44 sys=0.00, real=12.29 secs] 
2013-10-01T10:02:32.962+0000: 315.476: [GC 315.488: [ParNew: 838912K->104832K(943744K), 1.3177110 secs] 3195855K->2777753K(4089472K), 1.3356290 secs] [Times: user=1.63 sys=0.02, real=1.35 secs] 
2013-10-01T10:02:34.353+0000: 316.867: [GC [1 CMS-initial-mark: 2672921K(3145728K)] 2778779K(4089472K), 0.5670230 secs] [Times: user=0.58 sys=0.00, real=0.58 secs] 
2013-10-01T10:02:35.337+0000: 317.842: [CMS-concurrent-mark-start]
2013-10-01T10:02:55.801+0000: 338.315: [GC 338.327: [ParNew: 943744K->104832K(943744K), 1.9848780 secs] 3616665K->3134496K(4089472K), 2.0033350 secs] [Times: user=2.12 sys=0.05, real=2.01 secs] 
2013-10-01T10:03:26.389+0000: 368.903: [GC 368.914: [ParNew: 943744K->943744K(943744K), 0.0000420 secs]368.914: [CMS2013-10-01T10:03:29.259+0000: 371.763: [CMS-concurrent-mark: 42.535/53.922 secs] [Times: user=76.30 sys=4.01, real=54.31 secs] 
 (concurrent mode failure): 3029664K->2654135K(3145728K), 11.8752380 secs] 3973408K->2654135K(4089472K), [CMS Perm : 13463K->13462K(65536K)], 11.8926990 secs] [Times: user=11.92 sys=0.01, real=11.90 secs] 
2013-10-01T10:03:40.726+0000: 383.241: [GC [1 CMS-initial-mark: 2654135K(3145728K)] 2823215K(4089472K), 0.5160530 secs] [Times: user=0.52 sys=0.00, real=0.52 secs] 
2013-10-01T10:03:42.454+0000: 384.958: [CMS-concurrent-mark-start]
2013-10-01T10:04:00.136+0000: 402.650: [GC 402.664: [ParNew: 838912K->104832K(943744K), 2.3445620 secs] 3493047K->3170800K(4089472K), 2.3641510 secs] [Times: user=2.47 sys=0.04, real=2.36 secs] 
2013-10-01T10:04:29.263+0000: 431.768: [CMS-concurrent-mark: 40.073/46.810 secs] [Times: user=69.50 sys=6.03, real=48.00 secs] 
2013-10-01T10:04:29.285+0000: 431.789: [CMS-concurrent-preclean-start]
2013-10-01T10:04:31.857+0000: 434.371: [GC 434.384: [ParNew: 943744K->943744K(943744K), 0.0000420 secs]434.384: [CMS2013-10-01T10:04:33.160+0000: 435.665: [CMS-concurrent-preclean: 2.204/3.875 secs] [Times: user=5.48 sys=1.36, real=3.88 secs] 
 (concurrent mode failure): 3065968K->2523985K(3145728K), 10.8684550 secs] 4009712K->2523985K(4089472K), [CMS Perm : 13501K->13474K(65536K)], 10.8883880 secs] [Times: user=10.59 sys=0.43, real=10.90 secs] 
2013-10-01T10:04:57.951+0000: 460.465: [GC [1 CMS-initial-mark: 2523985K(3145728K)] 3362897K(4089472K), 1.5598900 secs] [Times: user=1.59 sys=0.01, real=1.58 secs] 
2013-10-01T10:04:59.708+0000: 462.212: [CMS-concurrent-mark-start]
2013-10-01T10:04:59.751+0000: 462.270: [GC 462.282: [ParNew: 838912K->104832K(943744K), 1.9643030 secs] 3362897K->2876120K(4089472K), 1.9834470 secs] [Times: user=2.25 sys=0.10, real=1.99 secs] 
2013-10-01T10:05:17.540+0000: 480.055: [GC 480.068: [ParNew: 943744K->943744K(943744K), 0.0000410 secs]480.069: [CMS2013-10-01T10:05:21.214+0000: 483.719: [CMS-concurrent-mark: 11.410/21.506 secs] [Times: user=26.16 sys=3.78, real=21.52 secs] 
 (concurrent mode failure): 2771288K->2628834K(3145728K), 14.1949520 secs] 3715032K->2628834K(4089472K), [CMS Perm : 13490K->13490K(65536K)], 14.2158380 secs] [Times: user=14.22 sys=0.03, real=14.22 secs] 
2013-10-01T10:05:35.155+0000: 497.669: [GC [1 CMS-initial-mark: 2628834K(3145728K)] 2899845K(4089472K), 1.4728460 secs] [Times: user=1.50 sys=0.02, real=1.48 secs] 
2013-10-01T10:05:37.657+0000: 500.162: [CMS-concurrent-mark-start]
2013-10-01T10:05:46.904+0000: 509.418: [GC 509.432: [ParNew: 838912K->104832K(943744K), 1.6329850 secs] 3467746K->2785581K(4089472K), 1.6531330 secs] [Times: user=1.90 sys=0.04, real=1.67 secs] 
2013-10-01T10:05:59.296+0000: 521.812: [GC 521.831: [ParNew: 943744K->104832K(943744K), 1.9521880 secs] 3624493K->2995337K(4089472K), 1.9779060 secs]