2013-09-30T04:33:15.434+0000: 1.177: [Full GC (System) 1.177: [CMS: 0K->5250K(3145728K), 0.1454810 secs] 83891K->5250K(4089472K), [CMS Perm : 8985K->8982K(65536K)], 0.1456290 secs] [Times: user=0.05 sys=0.09, real=0.14 secs] 
2013-09-30T04:33:15.846+0000: 1.589: [GC 1.589: [ParNew: 838912K->4018K(943744K), 0.0318590 secs] 844162K->9269K(4089472K), 0.0320560 secs] [Times: user=0.09 sys=0.01, real=0.03 secs] 
2013-09-30T04:33:17.059+0000: 2.802: [GC 2.803: [ParNew: 842930K->61609K(943744K), 0.1563630 secs] 848181K->66859K(4089472K), 0.1578390 secs] [Times: user=0.36 sys=0.11, real=0.16 secs] 
2013-09-30T04:33:36.368+0000: 22.114: [GC 22.118: [ParNew: 900521K->104832K(943744K), 2.8742350 secs] 905771K->286798K(4089472K), 2.8799940 secs] [Times: user=3.62 sys=0.26, real=2.89 secs] 
2013-09-30T04:34:06.067+0000: 51.812: [GC 51.814: [ParNew: 943716K->90343K(943744K), 0.8209300 secs] 1125682K->377816K(4089472K), 0.8249730 secs] [Times: user=1.11 sys=0.22, real=0.82 secs] 
2013-09-30T04:34:32.944+0000: 78.690: [GC 78.692: [ParNew: 929253K->104832K(943744K), 0.1902050 secs] 1216726K->429817K(4089472K), 0.1944240 secs] [Times: user=0.48 sys=0.06, real=0.20 secs] 
2013-09-30T04:34:59.521+0000: 105.267: [GC 105.269: [ParNew: 943732K->104832K(943744K), 0.2293360 secs] 1268717K->474573K(4089472K), 0.2337490 secs] [Times: user=0.57 sys=0.04, real=0.24 secs] 
2013-09-30T04:35:25.461+0000: 131.207: [GC 131.210: [ParNew: 943744K->104832K(943744K), 0.2801980 secs] 1313485K->534844K(4089472K), 0.2849680 secs] [Times: user=0.66 sys=0.04, real=0.29 secs] 
2013-09-30T04:35:48.129+0000: 153.875: [GC 153.878: [ParNew: 943744K->104832K(943744K), 0.3428320 secs] 1373756K->606201K(4089472K), 0.3475140 secs] [Times: user=0.77 sys=0.13, real=0.35 secs] 
2013-09-30T04:36:08.708+0000: 174.465: [GC 174.469: [ParNew: 943741K->104832K(943744K), 0.4946840 secs] 1445111K->706508K(4089472K), 0.4999670 secs] [Times: user=0.78 sys=0.11, real=0.52 secs] 
2013-09-30T04:36:28.016+0000: 193.762: [GC 193.765: [ParNew: 943738K->104832K(943744K), 0.4633130 secs] 1545414K->818936K(4089472K), 0.4682960 secs] [Times: user=0.80 sys=0.14, real=0.47 secs] 
2013-09-30T04:36:46.376+0000: 212.122: [GC 212.125: [ParNew: 943716K->104832K(943744K), 0.4780010 secs] 1657820K->946705K(4089472K), 0.4831040 secs] [Times: user=0.84 sys=0.22, real=0.49 secs] 
2013-09-30T04:37:03.671+0000: 229.417: [GC 229.420: [ParNew: 943741K->104832K(943744K), 0.5214310 secs] 1785614K->1087212K(4089472K), 0.5267060 secs] [Times: user=0.85 sys=0.24, real=0.53 secs] 
2013-09-30T04:37:20.053+0000: 245.799: [GC 245.803: [ParNew: 943705K->104832K(943744K), 0.5832530 secs] 1926086K->1241724K(4089472K), 0.5888160 secs] [Times: user=0.93 sys=0.21, real=0.59 secs] 
2013-09-30T04:37:35.782+0000: 261.528: [GC 261.531: [ParNew: 943744K->104832K(943744K), 0.5954130 secs] 2080636K->1408747K(4089472K), 0.6009470 secs] [Times: user=0.97 sys=0.23, real=0.61 secs] 
2013-09-30T04:37:50.769+0000: 276.515: [GC 276.519: [ParNew: 943744K->104832K(943744K), 0.6498930 secs] 2247659K->1586538K(4089472K), 0.6557180 secs] [Times: user=0.93 sys=0.27, real=0.66 secs] 
2013-09-30T04:38:05.008+0000: 290.754: [GC 290.758: [ParNew: 943739K->104832K(943744K), 0.6738900 secs] 2425445K->1770018K(4089472K), 0.6797890 secs] [Times: user=0.99 sys=0.29, real=0.68 secs] 
2013-09-30T04:38:05.698+0000: 291.443: [GC [1 CMS-initial-mark: 1665186K(3145728K)] 1770281K(4089472K), 0.0771990 secs] [Times: user=0.09 sys=0.00, real=0.08 secs] 
2013-09-30T04:38:05.787+0000: 291.530: [CMS-concurrent-mark-start]
2013-09-30T04:38:07.017+0000: 292.760: [CMS-concurrent-mark: 1.230/1.230 secs] [Times: user=1.67 sys=0.20, real=1.23 secs] 
2013-09-30T04:38:07.023+0000: 292.766: [CMS-concurrent-preclean-start]
2013-09-30T04:38:07.176+0000: 292.919: [CMS-concurrent-preclean: 0.113/0.153 secs] [Times: user=0.12 sys=0.08, real=0.16 secs] 
2013-09-30T04:38:07.185+0000: 292.928: [CMS-concurrent-abortable-preclean-start]
 CMS: abort preclean due to time 2013-09-30T04:38:12.561+0000: 298.304: [CMS-concurrent-abortable-preclean: 5.249/5.376 secs] [Times: user=6.65 sys=0.50, real=5.38 secs] 
2013-09-30T04:38:12.568+0000: 298.316: [GC[YG occupancy: 563124 K (943744 K)]298.318: [Rescan (parallel) , 0.2336290 secs]298.552: [weak refs processing, 0.0323790 secs]298.584: [scrub string table, 0.0003750 secs] [1 CMS-remark: 1665186K(3145728K)] 2228311K(4089472K), 0.2691740 secs] [Times: user=0.72 sys=0.00, real=0.28 secs] 
2013-09-30T04:38:12.856+0000: 298.598: [CMS-concurrent-sweep-start]
2013-09-30T04:38:13.505+0000: 299.248: [CMS-concurrent-sweep: 0.646/0.649 secs] [Times: user=0.92 sys=0.05, real=0.66 secs] 
2013-09-30T04:38:13.511+0000: 299.254: [CMS-concurrent-reset-start]
2013-09-30T04:38:13.519+0000: 299.262: [CMS-concurrent-reset: 0.008/0.008 secs] [Times: user=0.01 sys=0.01, real=0.01 secs] 
2013-09-30T04:38:18.776+0000: 304.522: [GC 304.526: [ParNew: 943738K->104832K(943744K), 0.3901050 secs] 1620464K->966534K(4089472K), 0.3961870 secs] [Times: user=0.96 sys=0.00, real=0.40 secs] 
2013-09-30T04:38:32.135+0000: 317.881: [GC 317.884: [ParNew: 943740K->104832K(943744K), 0.3808500 secs] 1805443K->1160077K(4089472K), 0.3864740 secs] [Times: user=0.93 sys=0.00, real=0.39 secs] 
2013-09-30T04:38:47.588+0000: 333.335: [GC 333.339: [ParNew: 943709K->104832K(943744K), 0.3902630 secs] 1998954K->1370413K(4089472K), 0.3967220 secs] [Times: user=0.94 sys=0.00, real=0.40 secs] 
2013-09-30T04:39:04.246+0000: 349.992: [GC 349.996: [ParNew: 943744K->104832K(943744K), 0.3989650 secs] 2209325K->1579733K(4089472K), 0.4047550 secs] [Times: user=1.00 sys=0.00, real=0.41 secs] 
2013-09-30T04:39:20.977+0000: 366.723: [GC 366.727: [ParNew: 943744K->104832K(943744K), 0.4727050 secs] 2418645K->1787586K(4089472K), 0.4785440 secs] [Times: user=1.00 sys=0.07, real=0.49 secs] 
2013-09-30T04:39:37.506+0000: 383.252: [GC 383.256: [ParNew: 943740K->104832K(943744K), 0.7634130 secs] 2626495K->1992692K(4089472K), 0.7692610 secs] [Times: user=1.02 sys=0.36, real=0.78 secs] 
2013-09-30T04:39:54.162+0000: 399.908: [GC 399.912: [ParNew: 943744K->104832K(943744K), 0.7604150 secs] 2831604K->2198694K(4089472K), 0.7662620 secs] [Times: user=1.08 sys=0.30, real=0.77 secs] 
2013-09-30T04:40:10.848+0000: 416.593: [GC 416.597: [ParNew: 943725K->104832K(943744K), 0.7448460 secs] 3037587K->2403868K(4089472K), 0.7507480 secs] [Times: user=1.06 sys=0.33, real=0.75 secs] 
2013-09-30T04:40:27.446+0000: 433.192: [GC 433.195: [ParNew: 943726K->104832K(943744K), 0.7327080 secs] 3242762K->2609640K(4089472K), 0.7386110 secs] [Times: user=1.08 sys=0.31, real=0.74 secs] 
2013-09-30T04:40:44.087+0000: 449.833: [GC 449.837: [ParNew: 943744K->104832K(943744K), 0.7403700 secs] 3448552K->2815338K(4089472K), 0.7462920 secs] [Times: user=0.97 sys=0.40, real=0.75 secs] 
2013-09-30T04:40:44.847+0000: 450.593: [GC [1 CMS-initial-mark: 2710506K(3145728K)] 2817413K(4089472K), 0.0731120 secs] [Times: user=0.08 sys=0.01, real=0.08 secs] 
2013-09-30T04:40:44.932+0000: 450.674: [CMS-concurrent-mark-start]
2013-09-30T04:40:46.311+0000: 452.054: [CMS-concurrent-mark: 1.379/1.379 secs] [Times: user=1.76 sys=0.15, real=1.38 secs] 
2013-09-30T04:40:46.317+0000: 452.060: [CMS-concurrent-preclean-start]
2013-09-30T04:40:46.519+0000: 452.261: [CMS-concurrent-preclean: 0.149/0.202 secs] [Times: user=0.21 sys=0.06, real=0.21 secs] 
2013-09-30T04:40:46.525+0000: 452.268: [CMS-concurrent-abortable-preclean-start]
 CMS: abort preclean due to time 2013-09-30T04:40:51.914+0000: 457.657: [CMS-concurrent-abortable-preclean: 5.241/5.390 secs] [Times: user=6.51 sys=0.41, real=5.40 secs] 
2013-09-30T04:40:51.920+0000: 457.666: [GC[YG occupancy: 497919 K (943744 K)]457.668: [Rescan (parallel) , 0.1743030 secs]457.842: [weak refs processing, 0.0678970 secs]457.910: [scrub string table, 0.0003760 secs] [1 CMS-remark: 2710506K(3145728K)] 3208426K(4089472K), 0.2458060 secs] [Times: user=0.60 sys=0.00, real=0.25 secs] 
2013-09-30T04:40:52.184+0000: 457.927: [CMS-concurrent-sweep-start]
2013-09-30T04:40:53.116+0000: 458.859: [CMS-concurrent-sweep: 0.932/0.932 secs] [Times: user=1.26 sys=0.05, real=0.94 secs] 
2013-09-30T04:40:53.122+0000: 458.865: [CMS-concurrent-reset-start]
2013-09-30T04:40:53.130+0000: 458.873: [CMS-concurrent-reset: 0.008/0.008 secs] [Times: user=0.01 sys=0.01, real=0.01 secs] 
2013-09-30T04:41:00.823+0000: 466.569: [GC 466.573: [ParNew: 943730K->104832K(943744K), 0.4180700 secs] 1696396K->1060649K(4089472K), 0.4239470 secs] [Times: user=0.98 sys=0.00, real=0.42 secs] 
2013-09-30T04:41:17.474+0000: 483.220: [GC 483.224: [ParNew: 943724K->104832K(943744K), 0.3983120 secs] 1899542K->1265701K(4089472K), 0.4044060 secs] [Times: user=0.98 sys=0.00, real=0.40 secs] 
2013-09-30T04:41:34.224+0000: 499.970: [GC 499.974: [ParNew: 943737K->104832K(943744K), 0.4095790 secs] 2104606K->1471093K(4089472K), 0.4154250 secs] [Times: user=0.95 sys=0.02, real=0.42 secs] 
2013-09-30T04:41:51.076+0000: 516.822: [GC 516.826: [ParNew: 943744K->104832K(943744K), 0.3973090 secs] 2310005K->1675238K(4089472K), 0.4031430 secs] [Times: user=0.97 sys=0.01, real=0.41 secs] 
2013-09-30T04:42:07.778+0000: 533.524: [GC 533.528: [ParNew: 943744K->104832K(943744K), 0.6037100 secs] 2514150K->1880083K(4089472K), 0.6095390 secs] [Times: user=1.00 sys=0.00, real=0.61 secs] 
2013-09-30T04:42:24.653+0000: 550.399: [GC 550.403: [ParNew: 943744K->104832K(943744K), 0.4018250 secs] 2718995K->2084491K(4089472K), 0.4076550 secs] [Times: user=0.96 sys=0.01, real=0.41 secs] 
2013-09-30T04:42:41.481+0000: 567.227: [GC 567.231: [ParNew: 943744K->104832K(943744K), 0.4288250 secs] 2923403K->2290014K(4089472K), 0.4347510 secs] [Times: user=0.99 sys=0.05, real=0.44 secs] 
2013-09-30T04:42:58.151+0000: 583.897: [GC 583.901: [ParNew: 943738K->104832K(943744K), 0.4010630 secs] 3128920K->2495585K(4089472K), 0.4069610 secs] [Times: user=0.98 sys=0.00, real=0.41 secs] 
2013-09-30T04:43:14.775+0000: 600.521: [GC 600.525: [ParNew: 943743K->104832K(943744K), 0.4001060 secs] 3334497K->2701074K(4089472K), 0.4060300 secs] [Times: user=0.96 sys=0.03, real=0.41 secs] 
Heap
 par new generation   total 943744K, used 876453K [0x00000006f8000000, 0x0000000738000000, 0x0000000738000000)
  eden space 838912K,  91% used [0x00000006f8000000, 0x0000000727189650, 0x000000072b340000)
  from space 104832K, 100% used [0x00000007319a0000, 0x0000000738000000, 0x0000000738000000)
  to   space 104832K,   0% used [0x000000072b340000, 0x000000072b340000, 0x00000007319a0000)
 concurrent mark-sweep generation total 3145728K, used 2596242K [0x0000000738000000, 0x00000007f8000000, 0x00000007f8000000)
 concurrent-mark-sweep perm gen total 65536K, used 13415K [0x00000007f8000000, 0x00000007fc000000, 0x0000000800000000)
