2013-10-01T07:59:58.914+0000: 1.142: [Full GC (System) 1.142: [CMS: 0K->5250K(3145728K), 0.1356220 secs] 83891K->5250K(4089472K), [CMS Perm : 8985K->8982K(65536K)], 0.1357490 secs] [Times: user=0.06 sys=0.08, real=0.14 secs] 
2013-10-01T07:59:59.266+0000: 1.493: [GC 1.493: [ParNew: 838912K->4042K(943744K), 0.0240230 secs] 844162K->9293K(4089472K), 0.0241900 secs] [Times: user=0.08 sys=0.01, real=0.03 secs] 
2013-10-01T08:00:00.155+0000: 2.383: [GC 2.384: [ParNew: 842954K->52196K(943744K), 0.1307930 secs] 848205K->57446K(4089472K), 0.1320660 secs] [Times: user=0.31 sys=0.08, real=0.13 secs] 
2013-10-01T08:00:07.548+0000: 9.780: [GC 9.785: [ParNew: 891108K->104832K(943744K), 3.4290600 secs] 896358K->372369K(4089472K), 3.4367170 secs] [Times: user=5.90 sys=1.91, real=3.44 secs] 
2013-10-01T08:00:27.199+0000: 29.435: [GC 29.444: [ParNew: 943744K->104832K(943744K), 1.3607370 secs] 1211281K->735600K(4089472K), 1.3751040 secs] [Times: user=4.65 sys=0.15, real=1.38 secs] 
2013-10-01T08:00:41.376+0000: 43.614: [GC 43.621: [ParNew: 943744K->104832K(943744K), 0.6230750 secs] 1574512K->852129K(4089472K), 0.6390140 secs] [Times: user=1.62 sys=0.10, real=0.65 secs] 
2013-10-01T08:00:50.581+0000: 52.820: [GC 52.828: [ParNew: 943744K->104832K(943744K), 0.5381910 secs] 1691041K->995885K(4089472K), 0.5532270 secs] [Times: user=1.64 sys=0.20, real=0.56 secs] 
2013-10-01T08:01:06.445+0000: 68.682: [GC 68.690: [ParNew: 943743K->104832K(943744K), 0.4187680 secs] 1834797K->1101328K(4089472K), 0.4334150 secs] [Times: user=1.54 sys=0.03, real=0.44 secs] 
2013-10-01T08:01:17.377+0000: 79.615: [GC 79.623: [ParNew: 943744K->101852K(943744K), 0.2740240 secs] 1940240K->1197013K(4089472K), 0.2884880 secs] [Times: user=0.92 sys=0.12, real=0.30 secs] 
2013-10-01T08:01:28.232+0000: 90.471: [GC 90.480: [ParNew: 940764K->104832K(943744K), 0.2701700 secs] 2035925K->1292624K(4089472K), 0.2855610 secs] [Times: user=0.89 sys=0.10, real=0.30 secs] 
2013-10-01T08:01:40.402+0000: 102.640: [GC 102.648: [ParNew: 943734K->104832K(943744K), 0.4207470 secs] 2131526K->1402191K(4089472K), 0.4352080 secs] [Times: user=0.85 sys=0.20, real=0.45 secs] 
2013-10-01T08:01:50.700+0000: 112.938: [GC 112.946: [ParNew: 943744K->104832K(943744K), 0.3214330 secs] 2241103K->1520685K(4089472K), 0.3415590 secs] [Times: user=1.02 sys=0.16, real=0.36 secs] 
2013-10-01T08:02:00.848+0000: 123.085: [GC 123.094: [ParNew: 943736K->104832K(943744K), 0.5257430 secs] 2359589K->1656714K(4089472K), 0.5404470 secs] [Times: user=1.12 sys=0.32, real=0.55 secs] 
2013-10-01T08:02:11.563+0000: 133.802: [GC 133.811: [ParNew: 943742K->104832K(943744K), 0.5019280 secs] 2495624K->1791886K(4089472K), 0.5170380 secs] [Times: user=1.06 sys=0.24, real=0.53 secs] 
2013-10-01T08:02:12.116+0000: 134.353: [GC [1 CMS-initial-mark: 1687054K(3145728K)] 1792953K(4089472K), 0.1316420 secs] [Times: user=0.14 sys=0.00, real=0.14 secs] 
2013-10-01T08:02:12.285+0000: 134.513: [CMS-concurrent-mark-start]
2013-10-01T08:02:15.399+0000: 137.627: [CMS-concurrent-mark: 3.101/3.114 secs] [Times: user=4.51 sys=1.37, real=3.12 secs] 
2013-10-01T08:02:15.421+0000: 137.649: [CMS-concurrent-preclean-start]
2013-10-01T08:02:15.651+0000: 137.879: [CMS-concurrent-preclean: 0.170/0.230 secs] [Times: user=0.27 sys=0.23, real=0.24 secs] 
2013-10-01T08:02:15.671+0000: 137.898: [CMS-concurrent-abortable-preclean-start]
 CMS: abort preclean due to time 2013-10-01T08:02:20.856+0000: 143.083: [CMS-concurrent-abortable-preclean: 5.046/5.185 secs] [Times: user=7.09 sys=1.92, real=5.19 secs] 
2013-10-01T08:02:20.874+0000: 143.112: [GC[YG occupancy: 921783 K (943744 K)]143.116: [Rescan (parallel) , 0.3331540 secs]143.449: [weak refs processing, 0.0058150 secs]143.455: [scrub string table, 0.0003700 secs] [1 CMS-remark: 1687054K(3145728K)] 2608838K(4089472K), 0.3435600 secs] [Times: user=1.45 sys=0.00, real=0.35 secs] 
2013-10-01T08:02:21.260+0000: 143.488: [CMS-concurrent-sweep-start]
2013-10-01T08:02:21.294+0000: 143.531: [GC 143.540: [ParNew: 943744K->104832K(943744K), 0.4534980 secs] 2627487K->1927727K(4089472K), 0.4698540 secs] [Times: user=1.11 sys=0.23, real=0.48 secs] 
2013-10-01T08:02:22.896+0000: 145.123: [CMS-concurrent-sweep: 1.124/1.636 secs] [Times: user=2.80 sys=1.06, real=1.65 secs] 
2013-10-01T08:02:22.918+0000: 145.146: [CMS-concurrent-reset-start]
2013-10-01T08:02:22.928+0000: 145.155: [CMS-concurrent-reset: 0.009/0.009 secs] [Times: user=0.03 sys=0.02, real=0.02 secs] 
2013-10-01T08:02:29.781+0000: 152.019: [GC 152.027: [ParNew: 943725K->104832K(943744K), 0.4058800 secs] 2418203K->1729984K(4089472K), 0.4214220 secs] [Times: user=1.11 sys=0.02, real=0.43 secs] 
2013-10-01T08:02:41.289+0000: 163.528: [GC 163.538: [ParNew: 943744K->104832K(943744K), 0.4257730 secs] 2568896K->1889271K(4089472K), 0.4426230 secs] [Times: user=1.27 sys=0.00, real=0.45 secs] 
2013-10-01T08:02:50.260+0000: 172.501: [GC 172.513: [ParNew: 943742K->104832K(943744K), 0.3614870 secs] 2728182K->2043628K(4089472K), 0.3796790 secs] [Times: user=0.92 sys=0.29, real=0.39 secs] 
2013-10-01T08:02:58.434+0000: 180.671: [GC 180.680: [ParNew: 943744K->104832K(943744K), 0.3753260 secs] 2882540K->2207431K(4089472K), 0.3905270 secs] [Times: user=1.04 sys=0.27, real=0.40 secs] 
2013-10-01T08:03:06.962+0000: 189.202: [GC 189.211: [ParNew: 943742K->104832K(943744K), 0.5801960 secs] 3046341K->2364312K(4089472K), 0.5957050 secs] [Times: user=1.05 sys=0.26, real=0.61 secs] 
2013-10-01T08:03:15.854+0000: 198.091: [GC 198.101: [ParNew: 943738K->104832K(943744K), 0.5536200 secs] 3203219K->2520123K(4089472K), 0.5692770 secs] [Times: user=1.10 sys=0.32, real=0.58 secs] 
2013-10-01T08:03:23.954+0000: 206.191: [GC 206.199: [ParNew: 943731K->104832K(943744K), 0.3840240 secs] 3359023K->2685198K(4089472K), 0.3989020 secs] [Times: user=0.96 sys=0.29, real=0.41 secs] 
2013-10-01T08:03:24.395+0000: 206.633: [GC [1 CMS-initial-mark: 2580366K(3145728K)] 2689995K(4089472K), 0.1349590 secs] [Times: user=0.17 sys=0.00, real=0.15 secs] 
2013-10-01T08:03:24.569+0000: 206.797: [CMS-concurrent-mark-start]
2013-10-01T08:03:28.101+0000: 210.328: [CMS-concurrent-mark: 3.531/3.531 secs] [Times: user=5.25 sys=1.31, real=3.54 secs] 
2013-10-01T08:03:28.121+0000: 210.348: [CMS-concurrent-preclean-start]
2013-10-01T08:03:28.508+0000: 210.736: [CMS-concurrent-preclean: 0.285/0.388 secs] [Times: user=0.39 sys=0.18, real=0.40 secs] 
2013-10-01T08:03:28.528+0000: 210.755: [CMS-concurrent-abortable-preclean-start]
2013-10-01T08:03:31.148+0000: 213.385: [GC 213.394: [ParNew: 943740K->104832K(943744K), 0.3946060 secs] 3524106K->2855307K(4089472K), 0.4097900 secs] [Times: user=0.96 sys=0.37, real=0.42 secs] 
 CMS: abort preclean due to time 2013-10-01T08:03:34.018+0000: 216.246: [CMS-concurrent-abortable-preclean: 4.654/5.490 secs] [Times: user=7.89 sys=2.77, real=5.50 secs] 
2013-10-01T08:03:34.037+0000: 216.274: [GC[YG occupancy: 418285 K (943744 K)]216.277: [Rescan (parallel) , 0.0980270 secs]216.375: [weak refs processing, 0.0185890 secs]216.394: [scrub string table, 0.0003650 secs] [1 CMS-remark: 2750475K(3145728K)] 3168760K(4089472K), 0.1211130 secs] [Times: user=0.35 sys=0.00, real=0.13 secs] 
2013-10-01T08:03:34.207+0000: 216.434: [CMS-concurrent-sweep-start]
2013-10-01T08:03:35.432+0000: 217.660: [CMS-concurrent-sweep: 1.226/1.226 secs] [Times: user=1.78 sys=0.36, real=1.24 secs] 
2013-10-01T08:03:35.453+0000: 217.681: [CMS-concurrent-reset-start]
2013-10-01T08:03:35.467+0000: 217.694: [CMS-concurrent-reset: 0.014/0.014 secs] [Times: user=0.03 sys=0.00, real=0.02 secs] 
2013-10-01T08:03:38.903+0000: 221.141: [GC 221.150: [ParNew: 943744K->104832K(943744K), 0.4024530 secs] 2833285K->2157938K(4089472K), 0.4184060 secs] [Times: user=1.00 sys=0.00, real=0.43 secs] 
2013-10-01T08:03:46.899+0000: 229.136: [GC 229.145: [ParNew: 943744K->104832K(943744K), 0.2798240 secs] 2996850K->2321462K(4089472K), 0.2950090 secs] [Times: user=0.95 sys=0.00, real=0.31 secs] 
2013-10-01T08:03:54.467+0000: 236.704: [GC 236.714: [ParNew: 943714K->104832K(943744K), 0.4692810 secs] 3160344K->2488325K(4089472K), 0.4847380 secs] [Times: user=1.09 sys=0.02, real=0.49 secs] 
2013-10-01T08:04:01.099+0000: 243.336: [GC 243.345: [ParNew: 943744K->104832K(943744K), 0.2969220 secs] 3327237K->2668902K(4089472K), 0.3125070 secs] [Times: user=1.14 sys=0.00, real=0.32 secs] 
2013-10-01T08:04:01.445+0000: 243.682: [GC [1 CMS-initial-mark: 2564070K(3145728K)] 2670364K(4089472K), 0.1351720 secs] [Times: user=0.16 sys=0.00, real=0.14 secs] 
2013-10-01T08:04:01.623+0000: 243.850: [CMS-concurrent-mark-start]
2013-10-01T08:04:05.322+0000: 247.549: [CMS-concurrent-mark: 3.699/3.699 secs] [Times: user=5.49 sys=1.27, real=3.71 secs] 
2013-10-01T08:04:05.343+0000: 247.570: [CMS-concurrent-preclean-start]
2013-10-01T08:04:05.848+0000: 248.076: [CMS-concurrent-preclean: 0.377/0.505 secs] [Times: user=0.55 sys=0.32, real=0.52 secs] 
2013-10-01T08:04:05.869+0000: 248.097: [CMS-concurrent-abortable-preclean-start]
2013-10-01T08:04:08.024+0000: 250.263: [GC 250.275: [ParNew: 943744K->104832K(943744K), 0.3151560 secs] 3507814K->2838378K(4089472K), 0.3332380 secs] [Times: user=1.04 sys=0.00, real=0.34 secs] 
 CMS: abort preclean due to time 2013-10-01T08:04:11.029+0000: 253.256: [CMS-concurrent-abortable-preclean: 4.251/5.159 secs] [Times: user=6.71 sys=2.22, real=5.17 secs] 
2013-10-01T08:04:11.047+0000: 253.284: [GC[YG occupancy: 446143 K (943744 K)]253.287: [Rescan (parallel) , 0.1009550 secs]253.388: [weak refs processing, 0.0141290 secs]253.403: [scrub string table, 0.0003700 secs] [1 CMS-remark: 2733546K(3145728K)] 3179689K(4089472K), 0.1194680 secs] [Times: user=0.34 sys=0.00, real=0.13 secs] 
2013-10-01T08:04:11.202+0000: 253.429: [CMS-concurrent-sweep-start]
2013-10-01T08:04:12.364+0000: 254.591: [CMS-concurrent-sweep: 1.162/1.162 secs] [Times: user=1.76 sys=0.36, real=1.17 secs] 
2013-10-01T08:04:12.383+0000: 254.611: [CMS-concurrent-reset-start]
2013-10-01T08:04:12.391+0000: 254.619: [CMS-concurrent-reset: 0.008/0.008 secs] [Times: user=0.02 sys=0.01, real=0.02 secs] 
2013-10-01T08:04:15.291+0000: 257.528: [GC 257.537: [ParNew: 943743K->104832K(943744K), 0.3879490 secs] 3040031K->2371110K(4089472K), 0.4030420 secs] [Times: user=1.04 sys=0.00, real=0.42 secs] 
2013-10-01T08:04:22.374+0000: 264.612: [GC 264.621: [ParNew: 943742K->104832K(943744K), 0.4121560 secs] 3210020K->2546433K(4089472K), 0.4274810 secs] [Times: user=1.05 sys=0.00, real=0.44 secs] 
2013-10-01T08:04:29.022+0000: 271.260: [GC 271.268: [ParNew: 943704K->104832K(943744K), 0.3863430 secs] 3385306K->2725898K(4089472K), 0.4014650 secs] [Times: user=1.01 sys=0.00, real=0.42 secs] 
2013-10-01T08:04:29.474+0000: 271.712: [GC [1 CMS-initial-mark: 2621066K(3145728K)] 2732676K(4089472K), 0.1378390 secs] [Times: user=0.15 sys=0.00, real=0.14 secs] 
2013-10-01T08:04:29.650+0000: 271.877: [CMS-concurrent-mark-start]
2013-10-01T08:04:33.915+0000: 276.143: [CMS-concurrent-mark: 4.265/4.265 secs] [Times: user=6.15 sys=1.21, real=4.28 secs] 
2013-10-01T08:04:33.940+0000: 276.167: [CMS-concurrent-preclean-start]
2013-10-01T08:04:34.526+0000: 276.753: [CMS-concurrent-preclean: 0.441/0.586 secs] [Times: user=0.68 sys=0.34, real=0.60 secs] 
2013-10-01T08:04:34.549+0000: 276.777: [CMS-concurrent-abortable-preclean-start]
2013-10-01T08:04:35.286+0000: 277.524: [GC 277.533: [ParNew: 943741K->104832K(943744K), 0.4383210 secs] 3564807K->2904894K(4089472K), 0.4535030 secs] [Times: user=1.00 sys=0.13, real=0.46 secs] 
2013-10-01T08:04:39.014+0000: 281.242: [CMS-concurrent-abortable-preclean: 3.346/4.465 secs] [Times: user=5.99 sys=1.97, real=4.48 secs] 
2013-10-01T08:04:39.033+0000: 281.270: [GC[YG occupancy: 591233 K (943744 K)]281.274: [Rescan (parallel) , 0.0948250 secs]281.369: [weak refs processing, 0.0144710 secs]281.383: [scrub string table, 0.0003690 secs] [1 CMS-remark: 2800062K(3145728K)] 3391295K(4089472K), 0.1140090 secs] [Times: user=0.41 sys=0.00, real=0.12 secs] 
2013-10-01T08:04:39.189+0000: 281.416: [CMS-concurrent-sweep-start]
2013-10-01T08:04:40.703+0000: 282.931: [CMS-concurrent-sweep: 1.514/1.514 secs] [Times: user=1.95 sys=0.42, real=1.53 secs] 
2013-10-01T08:04:40.723+0000: 282.950: [CMS-concurrent-reset-start]
2013-10-01T08:04:40.733+0000: 282.960: [CMS-concurrent-reset: 0.010/0.010 secs] [Times: user=0.02 sys=0.00, real=0.02 secs] 
2013-10-01T08:04:41.833+0000: 284.071: [GC 284.081: [ParNew: 943744K->104832K(943744K), 0.3170370 secs] 3195440K->2529023K(4089472K), 0.3327450 secs] [Times: user=1.15 sys=0.00, real=0.34 secs] 
2013-10-01T08:04:48.526+0000: 290.764: [GC 290.773: [ParNew: 943744K->104832K(943744K), 0.4158730 secs] 3367935K->2702785K(4089472K), 0.4311190 secs] [Times: user=1.05 sys=0.00, real=0.44 secs] 
2013-10-01T08:04:48.990+0000: 291.227: [GC [1 CMS-initial-mark: 2597953K(3145728K)] 2702984K(4089472K), 0.1386540 secs] [Times: user=0.15 sys=0.00, real=0.15 secs] 
2013-10-01T08:04:49.165+0000: 291.392: [CMS-concurrent-mark-start]
2013-10-01T08:04:53.297+0000: 295.524: [CMS-concurrent-mark: 4.132/4.132 secs] [Times: user=6.12 sys=1.21, real=4.14 secs] 
2013-10-01T08:04:53.318+0000: 295.546: [CMS-concurrent-preclean-start]
2013-10-01T08:04:53.925+0000: 296.153: [CMS-concurrent-preclean: 0.444/0.607 secs] [Times: user=0.68 sys=0.37, real=0.62 secs] 
2013-10-01T08:04:53.944+0000: 296.172: [CMS-concurrent-abortable-preclean-start]
2013-10-01T08:04:55.093+0000: 297.330: [GC 297.339: [ParNew: 943744K->104832K(943744K), 0.5476230 secs] 3541697K->2881882K(4089472K), 0.5656910 secs] [Times: user=1.14 sys=0.02, real=0.57 secs] 
2013-10-01T08:04:58.428+0000: 300.656: [CMS-concurrent-abortable-preclean: 3.358/4.484 secs] [Times: user=6.04 sys=1.69, real=4.49 secs] 
2013-10-01T08:04:58.447+0000: 300.684: [GC[YG occupancy: 569482 K (943744 K)]300.688: [Rescan (parallel) , 0.1381690 secs]300.826: [weak refs processing, 0.0121610 secs]300.838: [scrub string table, 0.0003670 secs] [1 CMS-remark: 2777050K(3145728K)] 3346533K(4089472K), 0.1548700 secs] [Times: user=0.46 sys=0.00, real=0.17 secs] 
2013-10-01T08:04:58.642+0000: 300.869: [CMS-concurrent-sweep-start]
2013-10-01T08:05:00.040+0000: 302.268: [CMS-concurrent-sweep: 1.395/1.395 secs] [Times: user=1.97 sys=0.45, real=1.42 secs] 
2013-10-01T08:05:00.064+0000: 302.292: [CMS-concurrent-reset-start]
2013-10-01T08:05:00.073+0000: 302.301: [CMS-concurrent-reset: 0.009/0.009 secs] [Times: user=0.03 sys=0.00, real=0.02 secs] 
2013-10-01T08:05:01.079+0000: 303.326: [GC 303.346: [ParNew: 943742K->104832K(943744K), 0.3270070 secs] 3298955K->2642731K(4089472K), 0.3534020 secs] [Times: user=1.08 sys=0.00, real=0.38 secs] 
2013-10-01T08:05:01.476+0000: 303.713: [GC [1 CMS-initial-mark: 2537899K(3145728K)] 2644824K(4089472K), 0.1411510 secs] [Times: user=0.15 sys=0.00, real=0.15 secs] 
2013-10-01T08:05:01.653+0000: 303.881: [CMS-concurrent-mark-start]
2013-10-01T08:05:05.788+0000: 308.015: [CMS-concurrent-mark: 4.134/4.134 secs] [Times: user=6.06 sys=0.67, real=4.14 secs] 
2013-10-01T08:05:05.809+0000: 308.036: [CMS-concurrent-preclean-start]
2013-10-01T08:05:06.678+0000: 308.906: [CMS-concurrent-preclean: 0.662/0.869 secs] [Times: user=0.96 sys=0.58, real=0.88 secs] 
2013-10-01T08:05:06.699+0000: 308.926: [CMS-concurrent-abortable-preclean-start]
2013-10-01T08:05:07.797+0000: 310.035: [GC 310.044: [ParNew: 943743K->104832K(943744K), 0.3547960 secs] 3481642K->2837437K(4089472K), 0.3704190 secs] [Times: user=1.21 sys=0.02, real=0.38 secs] 
2013-10-01T08:05:10.852+0000: 313.080: [CMS-concurrent-abortable-preclean: 3.055/4.153 secs] [Times: user=5.47 sys=1.68, real=4.17 secs] 
2013-10-01T08:05:10.872+0000: 313.109: [GC[YG occupancy: 533244 K (943744 K)]313.113: [Rescan (parallel) , 0.1739970 secs]313.287: [weak refs processing, 0.0087140 secs]313.296: [scrub string table, 0.0003670 secs] [1 CMS-remark: 2732605K(3145728K)] 3265849K(4089472K), 0.1872310 secs] [Times: user=0.43 sys=0.00, real=0.19 secs] 
2013-10-01T08:05:11.100+0000: 313.327: [CMS-concurrent-sweep-start]
2013-10-01T08:05:12.359+0000: 314.587: [CMS-concurrent-sweep: 1.260/1.260 secs] [Times: user=1.74 sys=0.34, real=1.28 secs] 
2013-10-01T08:05:12.381+0000: 314.608: [CMS-concurrent-reset-start]
2013-10-01T08:05:12.390+0000: 314.617: [CMS-concurrent-reset: 0.009/0.009 secs] [Times: user=0.03 sys=0.01, real=0.02 secs] 
2013-10-01T08:05:14.004+0000: 316.242: [GC 316.251: [ParNew: 943739K->104832K(943744K), 0.4397980 secs] 3379417K->2721627K(4089472K), 0.4550070 secs] [Times: user=1.12 sys=0.00, real=0.47 secs] 
2013-10-01T08:05:14.493+0000: 316.730: [GC [1 CMS-initial-mark: 2616795K(3145728K)] 2722158K(4089472K), 0.1333180 secs] [Times: user=0.14 sys=0.02, real=0.14 secs] 
2013-10-01T08:05:14.664+0000: 316.892: [CMS-concurrent-mark-start]
2013-10-01T08:05:18.750+0000: 320.978: [CMS-concurrent-mark: 4.086/4.086 secs] [Times: user=5.67 sys=0.66, real=4.10 secs] 
2013-10-01T08:05:18.771+0000: 320.998: [CMS-concurrent-preclean-start]
2013-10-01T08:05:19.317+0000: 321.544: [CMS-concurrent-preclean: 0.412/0.546 secs] [Times: user=0.57 sys=0.24, real=0.55 secs] 
2013-10-01T08:05:19.338+0000: 321.566: [CMS-concurrent-abortable-preclean-start]
2013-10-01T08:05:21.937+0000: 324.174: [GC 324.183: [ParNew: 943742K->104832K(943744K), 0.5178650 secs] 3560538K->2926810K(4089472K), 0.5332260 secs] [Times: user=1.12 sys=0.07, real=0.55 secs] 
 CMS: abort preclean due to time 2013-10-01T08:05:24.576+0000: 326.803: [CMS-concurrent-abortable-preclean: 4.163/5.237 secs] [Times: user=7.26 sys=1.68, real=5.24 secs] 
2013-10-01T08:05:24.602+0000: 326.840: [GC[YG occupancy: 417537 K (943744 K)]326.844: [Rescan (parallel) , 0.1450060 secs]326.989: [weak refs processing, 0.0107430 secs]327.000: [scrub string table, 0.0003690 secs] [1 CMS-remark: 2821978K(3145728K)] 3239516K(4089472K), 0.1605360 secs] [Times: user=0.35 sys=0.02, real=0.17 secs] 
2013-10-01T08:05:24.809+0000: 327.036: [CMS-concurrent-sweep-start]
2013-10-01T08:05:26.289+0000: 328.516: [CMS-concurrent-sweep: 1.480/1.480 secs] [Times: user=1.95 sys=0.37, real=1.50 secs] 
2013-10-01T08:05:26.308+0000: 328.536: [CMS-concurrent-reset-start]
2013-10-01T08:05:26.316+0000: 328.544: [CMS-concurrent-reset: 0.008/0.008 secs] [Times: user=0.01 sys=0.02, real=0.02 secs] 
2013-10-01T08:05:28.336+0000: 330.573: [GC [1 CMS-initial-mark: 2506054K(3145728K)] 3427413K(4089472K), 0.5600020 secs] [Times: user=0.61 sys=0.00, real=0.57 secs] 
2013-10-01T08:05:28.933+0000: 331.160: [CMS-concurrent-mark-start]
2013-10-01T08:05:29.000+0000: 331.237: [GC 331.246: [ParNew: 943744K->104832K(943744K), 0.4712540 secs] 3449798K->2804048K(4089472K), 0.4866310 secs] [Times: user=1.21 sys=0.00, real=0.49 secs] 
2013-10-01T08:05:33.930+0000: 336.178: [GC 336.189: [ParNew: 943744K->104832K(943744K), 0.4276490 secs] 3642960K->2988825K(4089472K), 0.4442270 secs] [Times: user=1.14 sys=0.12, real=0.46 secs] 
2013-10-01T08:05:34.748+0000: 336.976: [CMS-concurrent-mark: 4.834/5.816 secs] [Times: user=9.76 sys=1.65, real=5.83 secs] 
2013-10-01T08:05:34.768+0000: 336.995: [CMS-concurrent-preclean-start]
2013-10-01T08:05:36.435+0000: 338.662: [CMS-concurrent-preclean: 1.256/1.667 secs] [Times: user=1.74 sys=1.10, real=1.68 secs] 
2013-10-01T08:05:36.456+0000: 338.684: [CMS-concurrent-abortable-preclean-start]
2013-10-01T08:05:40.238+0000: 342.476: [GC 342.485: [ParNew: 943744K->104832K(943744K), 0.7733070 secs] 3827737K->3181322K(4089472K), 0.7893000 secs] [Times: user=1.12 sys=0.35, real=0.80 secs] 
2013-10-01T08:05:41.054+0000: 343.282: [CMS-concurrent-abortable-preclean: 3.586/4.598 secs] [Times: user=6.08 sys=1.21, real=4.61 secs] 
2013-10-01T08:05:41.076+0000: 343.313: [GC[YG occupancy: 109723 K (943744 K)]343.316: [Rescan (parallel) , 0.3111790 secs]343.627: [weak refs processing, 0.0081390 secs]343.635: [scrub string table, 0.0003700 secs] [1 CMS-remark: 3076490K(3145728K)] 3186213K(4089472K), 0.3230710 secs] [Times: user=0.84 sys=0.00, real=0.35 secs] 
2013-10-01T08:05:41.437+0000: 343.665: [CMS-concurrent-sweep-start]
2013-10-01T08:05:43.101+0000: 345.329: [CMS-concurrent-sweep: 1.664/1.664 secs] [Times: user=2.51 sys=0.74, real=1.68 secs] 
2013-10-01T08:05:43.121+0000: 345.348: [CMS-concurrent-reset-start]
2013-10-01T08:05:43.129+0000: 345.356: [CMS-concurrent-reset: 0.008/0.008 secs] [Times: user=0.01 sys=0.01, real=0.02 secs] 
2013-10-01T08:05:45.150+0000: 347.388: [GC [1 CMS-initial-mark: 2728998K(3145728K)] 3542593K(4089472K), 0.4983070 secs] [Times: user=0.53 sys=0.01, real=0.51 secs] 
2013-10-01T08:05:45.686+0000: 347.914: [CMS-concurrent-mark-start]
2013-10-01T08:05:45.907+0000: 348.145: [GC 348.154: [ParNew: 943744K->104832K(943744K), 0.4239710 secs] 3672742K->3015295K(4089472K), 0.4392160 secs] [Times: user=1.17 sys=0.00, real=0.45 secs] 
2013-10-01T08:05:50.487+0000: 352.715: [CMS-concurrent-mark: 4.327/4.801 secs] [Times: user=7.48 sys=0.84, real=4.82 secs] 
2013-10-01T08:05:50.507+0000: 352.735: [CMS-concurrent-preclean-start]
2013-10-01T08:05:51.278+0000: 353.505: [CMS-concurrent-preclean: 0.562/0.771 secs] [Times: user=0.71 sys=0.54, real=0.78 secs] 
2013-10-01T08:05:51.299+0000: 353.526: [CMS-concurrent-abortable-preclean-start]
2013-10-01T08:05:52.712+0000: 354.949: [GC 354.958: [ParNew: 943744K->104832K(943744K), 0.3556240 secs] 3854207K->3204513K(4089472K), 0.3711520 secs] [Times: user=1.11 sys=0.08, real=0.38 secs] 
2013-10-01T08:05:54.767+0000: 356.994: [CMS-concurrent-abortable-preclean: 2.593/3.468 secs] [Times: user=5.10 sys=1.46, real=3.47 secs] 
2013-10-01T08:05:54.786+0000: 357.023: [GC[YG occupancy: 390530 K (943744 K)]357.032: [Rescan (parallel) , 0.1373570 secs]357.169: [weak refs processing, 0.0129470 secs]357.182: [scrub string table, 0.0003680 secs] [1 CMS-remark: 3099681K(3145728K)] 3490211K(4089472K), 0.1547110 secs] [Times: user=0.32 sys=0.00, real=0.18 secs] 
2013-10-01T08:05:55.110+0000: 357.338: [CMS-concurrent-sweep-start]
2013-10-01T08:05:56.598+0000: 358.825: [CMS-concurrent-sweep: 1.487/1.487 secs] [Times: user=2.20 sys=0.38, real=1.61 secs] 
2013-10-01T08:05:56.620+0000: 358.848: [CMS-concurrent-reset-start]
2013-10-01T08:05:56.628+0000: 358.856: [CMS-concurrent-reset: 0.008/0.008 secs] [Times: user=0.05 sys=0.01, real=0.03 secs] 
2013-10-01T08:05:58.107+0000: 360.358: [GC [1 CMS-initial-mark: 2656391K(3145728K)] 3565440K(4089472K), 0.5472940 secs] [Times: user=0.58 sys=0.01, real=0.58 secs] 
2013-10-01T08:05:58.706+0000: 360.933: [CMS-concurrent-mark-start]
2013-10-01T08:05:58.753+0000: 360.991: [GC 361.000: [ParNew: 943729K->104832K(943744K), 0.5433740 secs] 3600120K->2937775K(4089472K), 0.5589170 secs] [Times: user=1.16 sys=0.00, real=0.57 secs] 
2013-10-01T08:06:03.718+0000: 365.956: [GC 365.965: [ParNew: 943744K->104832K(943744K), 0.3404070 secs] 3776687K->3129004K(4089472K), 0.3556140 secs] [Times: user=1.14 sys=0.03, real=0.36 secs] 
2013-10-01T08:06:04.338+0000: 366.565: [CMS-concurrent-mark: 4.647/5.632 secs] [Times: user=9.76 sys=1.38, real=5.65 secs] 
2013-10-01T08:06:04.357+0000: 366.585: [CMS-concurrent-preclean-start]
2013-10-01T08:06:06.467+0000: 368.694: [CMS-concurrent-preclean: 1.569/2.110 secs] [Times: user=2.36 sys=1.19, real=2.13 secs] 
2013-10-01T08:06:06.487+0000: 368.714: [CMS-concurrent-abortable-preclean-start]
2013-10-01T08:06:06.487+0000: 368.714: [CMS-concurrent-abortable-preclean: 0.000/0.000 secs] [Times: user=0.01 sys=0.01, real=0.00 secs] 
2013-10-01T08:06:06.505+0000: 368.742: [GC[YG occupancy: 550190 K (943744 K)]368.746: [Rescan (parallel) , 0.2281260 secs]368.974: [weak refs processing, 0.0108000 secs]368.985: [scrub string table, 0.0003690 secs] [1 CMS-remark: 3024172K(3145728K)] 3574362K(4089472K), 0.2434150 secs] [Times: user=0.75 sys=0.00, real=0.26 secs] 
2013-10-01T08:06:06.788+0000: 369.016: [CMS-concurrent-sweep-start]
2013-10-01T08:06:07.948+0000: 370.176: [CMS-concurrent-sweep: 1.160/1.160 secs] [Times: user=1.94 sys=0.28, real=1.17 secs] 
2013-10-01T08:06:07.969+0000: 370.196: [CMS-concurrent-reset-start]
2013-10-01T08:06:07.977+0000: 370.205: [CMS-concurrent-reset: 0.008/0.008 secs] [Times: user=0.02 sys=0.02, real=0.02 secs] 
2013-10-01T08:06:08.825+0000: 371.062: [GC 371.072: [ParNew: 943744K->104832K(943744K), 0.4193530 secs] 3625533K->2973989K(4089472K), 0.4350130 secs] [Times: user=1.04 sys=0.02, real=0.45 secs] 
2013-10-01T08:06:09.307+0000: 371.544: [GC [1 CMS-initial-mark: 2869157K(3145728K)] 2980109K(4089472K), 0.1384870 secs] [Times: user=0.16 sys=0.00, real=0.16 secs] 
2013-10-01T08:06:09.491+0000: 371.719: [CMS-concurrent-mark-start]
2013-10-01T08:06:14.482+0000: 376.720: [GC 376.729: [ParNew: 943743K->104832K(943744K), 0.3439990 secs] 3812900K->3156420K(4089472K), 0.3592500 secs] [Times: user=1.06 sys=0.04, real=0.37 secs] 
2013-10-01T08:06:15.607+0000: 377.835: [CMS-concurrent-mark: 5.720/6.116 secs] [Times: user=8.51 sys=1.41, real=6.13 secs] 
2013-10-01T08:06:15.627+0000: 377.854: [CMS-concurrent-preclean-start]
2013-10-01T08:06:17.643+0000: 379.871: [CMS-concurrent-preclean: 1.412/2.016 secs] [Times: user=2.04 sys=1.09, real=2.03 secs] 
2013-10-01T08:06:17.662+0000: 379.890: [CMS-concurrent-abortable-preclean-start]
2013-10-01T08:06:17.662+0000: 379.890: [CMS-concurrent-abortable-preclean: 0.000/0.000 secs] [Times: user=0.00 sys=0.00, real=0.01 secs] 
2013-10-01T08:06:17.680+0000: 379.917: [GC[YG occupancy: 534209 K (943744 K)]379.921: [Rescan (parallel) , 0.2090190 secs]380.130: [weak refs processing, 0.0130250 secs]380.143: [scrub string table, 0.0003840 secs] [1 CMS-remark: 3051588K(3145728K)] 3585797K(4089472K), 0.2266770 secs] [Times: user=0.74 sys=0.00, real=0.24 secs] 
2013-10-01T08:06:17.944+0000: 380.172: [CMS-concurrent-sweep-start]
2013-10-01T08:06:19.182+0000: 381.410: [CMS-concurrent-sweep: 1.238/1.238 secs] [Times: user=1.91 sys=0.26, real=1.25 secs] 
2013-10-01T08:06:19.203+0000: 381.430: [CMS-concurrent-reset-start]
2013-10-01T08:06:19.211+0000: 381.438: [CMS-concurrent-reset: 0.008/0.008 secs] [Times: user=0.02 sys=0.01, real=0.02 secs] 
2013-10-01T08:06:20.562+0000: 382.800: [GC 382.809: [ParNew: 943743K->104832K(943744K), 0.4539750 secs] 3652296K->3005741K(4089472K), 0.4692840 secs] [Times: user=1.13 sys=0.00, real=0.48 secs] 
2013-10-01T08:06:21.065+0000: 383.302: [GC [1 CMS-initial-mark: 2900909K(3145728K)] 3005836K(4089472K), 0.1328100 secs] [Times: user=0.14 sys=0.00, real=0.14 secs] 
2013-10-01T08:06:21.233+0000: 383.461: [CMS-concurrent-mark-start]
2013-10-01T08:06:25.848+0000: 388.076: [CMS-concurrent-mark: 4.615/4.615 secs] [Times: user=6.63 sys=0.80, real=4.62 secs] 
2013-10-01T08:06:25.868+0000: 388.096: [CMS-concurrent-preclean-start]
2013-10-01T08:06:26.754+0000: 388.982: [CMS-concurrent-preclean: 0.660/0.886 secs] [Times: user=0.85 sys=0.38, real=0.89 secs] 
2013-10-01T08:06:26.775+0000: 389.002: [CMS-concurrent-abortable-preclean-start]
2013-10-01T08:06:27.292+0000: 389.530: [GC 389.539: [ParNew (promotion failed): 943744K->943744K(943744K), 0.7949160 secs]390.334: [CMS2013-10-01T08:06:28.214+0000: 390.441: [CMS-concurrent-abortable-preclean: 0.488/1.439 secs] [Times: user=2.14 sys=0.13, real=1.44 secs] 
 (concurrent mode failure): 3084008K->2717761K(3145728K), 9.4521420 secs] 3844653K->2717761K(4089472K), [CMS Perm : 13405K->13381K(65536K)], 10.2624650 secs] [Times: user=11.26 sys=0.06, real=10.28 secs] 
2013-10-01T08:06:37.965+0000: 400.202: [GC [1 CMS-initial-mark: 2717761K(3145728K)] 2815147K(4089472K), 0.1649240 secs] [Times: user=0.18 sys=0.01, real=0.17 secs] 
2013-10-01T08:06:38.361+0000: 400.588: [CMS-concurrent-mark-start]
2013-10-01T08:06:40.308+0000: 402.546: [GC 402.557: [ParNew: 838912K->104832K(943744K), 0.3381670 secs] 3556673K->3035131K(4089472K), 0.3552750 secs] [Times: user=1.25 sys=0.00, real=0.36 secs] 
2013-10-01T08:06:43.772+0000: 406.010: [GC 406.021: [ParNew: 943744K->943744K(943744K), 0.0000440 secs]406.021: [CMS2013-10-01T08:06:47.868+0000: 410.096: [CMS-concurrent-mark: 7.787/9.508 secs] [Times: user=13.62 sys=3.46, real=9.71 secs] 
 (concurrent mode failure): 2930299K->2667601K(3145728K), 13.0994240 secs] 3874043K->2667601K(4089472K), [CMS Perm : 13460K->13452K(65536K)], 13.1159810 secs] [Times: user=13.65 sys=0.01, real=13.13 secs] 
2013-10-01T08:06:59.825+0000: 422.062: [GC 422.074: [ParNew: 838912K->104832K(943744K), 0.7015930 secs] 3506513K->3006862K(4089472K), 0.7266730 secs] [Times: user=1.05 sys=0.00, real=0.74 secs] 
2013-10-01T08:07:00.609+0000: 422.856: [GC [1 CMS-initial-mark: 2902030K(3145728K)] 3009460K(4089472K), 0.1585310 secs] [Times: user=0.17 sys=0.01, real=0.18 secs] 
2013-10-01T08:07:00.815+0000: 423.043: [CMS-concurrent-mark-start]
2013-10-01T08:07:03.211+0000: 425.448: [GC 425.459: [ParNew: 943744K->943744K(943744K), 0.0000450 secs]425.459: [CMS2013-10-01T08:07:06.888+0000: 429.115: [CMS-concurrent-mark: 5.831/6.073 secs] [Times: user=8.00 sys=1.39, real=6.08 secs] 
 (concurrent mode failure): 2902030K->2627089K(3145728K), 12.5733630 secs] 3845774K->2627089K(4089472K), [CMS Perm : 13464K->13464K(65536K)], 12.5909730 secs] [Times: user=13.16 sys=0.00, real=12.61 secs] 
2013-10-01T08:07:18.064+0000: 440.314: [GC 440.325: [ParNew: 838912K->104832K(943744K), 0.5238560 secs] 3466001K->2956478K(4089472K), 0.5417820 secs] [Times: user=0.99 sys=0.03, real=0.55 secs] 
2013-10-01T08:07:18.652+0000: 440.889: [GC [1 CMS-initial-mark: 2851646K(3145728K)] 2958116K(4089472K), 0.1553780 secs] [Times: user=0.17 sys=0.00, real=0.16 secs] 
2013-10-01T08:07:18.846+0000: 441.073: [CMS-concurrent-mark-start]
2013-10-01T08:07:20.498+0000: 442.735: [GC 442.745: [ParNew: 943738K->943738K(943744K), 0.0000400 secs]442.745: [CMS2013-10-01T08:07:23.805+0000: 446.032: [CMS-concurrent-mark: 4.838/4.959 secs] [Times: user=6.86 sys=1.26, real=4.97 secs] 
 (concurrent mode failure): 2851646K->2599532K(3145728K), 12.0845960 secs] 3795385K->2599532K(4089472K), [CMS Perm : 13467K->13465K(65536K)], 12.1009320 secs] [Times: user=12.66 sys=0.00, real=12.11 secs] 
2013-10-01T08:07:34.796+0000: 457.034: [GC 457.045: [ParNew: 838912K->104832K(943744K), 0.2495370 secs] 3438444K->2866123K(4089472K), 0.2666550 secs] [Times: user=0.76 sys=0.07, real=0.28 secs] 
2013-10-01T08:07:35.098+0000: 457.335: [GC [1 CMS-initial-mark: 2761291K(3145728K)] 2871646K(4089472K), 0.1550090 secs] [Times: user=0.16 sys=0.00, real=0.17 secs] 
2013-10-01T08:07:35.290+0000: 457.518: [CMS-concurrent-mark-start]
2013-10-01T08:07:36.497+0000: 458.735: [GC 458.744: [ParNew: 943744K->104832K(943744K), 0.3157700 secs] 3705035K->3032371K(4089472K), 0.3312860 secs] [Times: user=0.68 sys=0.04, real=0.34 secs] 
2013-10-01T08:07:41.348+0000: 463.576: [CMS-concurrent-mark: 5.653/6.058 secs] [Times: user=9.07 sys=1.38, real=6.06 secs] 
2013-10-01T08:07:41.367+0000: 463.595: [CMS-concurrent-preclean-start]
2013-10-01T08:07:42.823+0000: 465.050: [CMS-concurrent-preclean: 1.122/1.456 secs] [Times: user=0.96 sys=0.50, real=1.47 secs] 
2013-10-01T08:07:42.842+0000: 465.070: [CMS-concurrent-abortable-preclean-start]
2013-10-01T08:07:42.842+0000: 465.070: [CMS-concurrent-abortable-preclean: 0.000/0.000 secs] [Times: user=0.00 sys=0.00, real=0.01 secs] 
2013-10-01T08:07:42.860+0000: 465.098: [GC[YG occupancy: 509217 K (943744 K)]465.104: [Rescan (parallel) , 0.4186700 secs]465.522: [weak refs processing, 0.0086320 secs]465.531: [scrub string table, 0.0003740 secs] [1 CMS-remark: 2927539K(3145728K)] 3436757K(4089472K), 0.4338740 secs] [Times: user=1.09 sys=0.00, real=0.44 secs] 
2013-10-01T08:07:43.335+0000: 465.562: [CMS-concurrent-sweep-start]
2013-10-01T08:07:44.358+0000: 466.586: [CMS-concurrent-sweep: 1.023/1.023 secs] [Times: user=1.07 sys=0.00, real=1.03 secs] 
2013-10-01T08:07:44.378+0000: 466.605: [CMS-concurrent-reset-start]
2013-10-01T08:07:44.386+0000: 466.613: [CMS-concurrent-reset: 0.008/0.008 secs] [Times: user=0.01 sys=0.00, real=0.02 secs] 
2013-10-01T08:07:46.342+0000: 468.579: [GC [1 CMS-initial-mark: 2491722K(3145728K)] 3055570K(4089472K), 0.4759170 secs] [Times: user=0.50 sys=0.01, real=0.48 secs] 
2013-10-01T08:07:46.854+0000: 469.081: [CMS-concurrent-mark-start]
2013-10-01T08:07:49.628+0000: 471.867: [GC 471.881: [ParNew: 943744K->104832K(943744K), 0.6674670 secs] 3435466K->2804972K(4089472K), 0.6887750 secs] [Times: user=1.78 sys=0.02, real=0.70 secs] 
2013-10-01T08:07:53.868+0000: 476.106: [GC 476.115: [ParNew: 943726K->104832K(943744K), 0.7103130 secs] 3643867K->2991531K(4089472K), 0.7261230 secs] [Times: user=1.48 sys=0.01, real=0.73 secs] 
2013-10-01T08:07:56.215+0000: 478.443: [CMS-concurrent-mark: 7.375/9.362 secs] [Times: user=12.45 sys=2.15, real=9.37 secs] 
2013-10-01T08:07:56.234+0000: 478.462: [CMS-concurrent-preclean-start]
2013-10-01T08:07:58.153+0000: 480.380: [CMS-concurrent-preclean: 1.478/1.918 secs] [Times: user=1.37 sys=0.61, real=1.93 secs] 
2013-10-01T08:07:58.172+0000: 480.399: [CMS-concurrent-abortable-preclean-start]
 CMS: abort preclean due to time 2013-10-01T08:08:03.357+0000: 485.584: [CMS-concurrent-abortable-preclean: 4.384/5.185 secs] [Times: user=4.52 sys=0.00, real=5.19 secs] 
2013-10-01T08:08:03.375+0000: 485.612: [GC[YG occupancy: 315151 K (943744 K)]485.615: [Rescan (parallel) , 0.0795080 secs]485.695: [weak refs processing, 0.0048700 secs]485.700: [scrub string table, 0.0003740 secs] [1 CMS-remark: 2886699K(3145728K)] 3201850K(4089472K), 0.0884170 secs] [Times: user=0.34 sys=0.00, real=0.10 secs] 
2013-10-01T08:08:03.499+0000: 485.726: [CMS-concurrent-sweep-start]
2013-10-01T08:08:04.540+0000: 486.768: [CMS-concurrent-sweep: 1.041/1.041 secs] [Times: user=1.08 sys=0.00, real=1.05 secs] 
2013-10-01T08:08:04.559+0000: 486.787: [CMS-concurrent-reset-start]
2013-10-01T08:08:04.567+0000: 486.795: [CMS-concurrent-reset: 0.008/0.008 secs] [Times: user=0.01 sys=0.00, real=0.02 secs] 
2013-10-01T08:08:06.586+0000: 488.824: [GC [1 CMS-initial-mark: 2617359K(3145728K)] 3003805K(4089472K), 0.2639870 secs] [Times: user=0.28 sys=0.00, real=0.28 secs] 
2013-10-01T08:08:06.886+0000: 489.114: [CMS-concurrent-mark-start]
2013-10-01T08:08:08.728+0000: 490.965: [GC 490.976: [ParNew: 943744K->104832K(943744K), 0.8918000 secs] 3561103K->2959402K(4089472K), 0.9096280 secs] [Times: user=1.66 sys=0.00, real=0.92 secs] 
2013-10-01T08:08:12.438+0000: 494.676: [GC 494.687: [ParNew: 943744K->104832K(943744K), 0.8651390 secs] 3798322K->3064724K(4089472K), 0.8822770 secs] [Times: user=0.92 sys=0.00, real=0.90 secs] 
2013-10-01T08:08:13.431+0000: 495.669: [GC 495.677: [ParNew: 108553K->104821K(943744K), 0.3596280 secs] 3068445K->3169514K(4089472K), 0.3737680 secs] [Times: user=0.48 sys=0.00, real=0.38 secs] 
2013-10-01T08:08:18.544+0000: 500.771: [CMS-concurrent-mark: 9.299/11.657 secs] [Times: user=14.59 sys=4.49, real=11.67 secs] 
2013-10-01T08:08:18.563+0000: 500.790: [CMS-concurrent-preclean-start]
2013-10-01T08:08:20.078+0000: 502.305: [CMS-concurrent-preclean: 1.136/1.515 secs] [Times: user=1.36 sys=0.65, real=1.52 secs] 
2013-10-01T08:08:20.098+0000: 502.325: [CMS-concurrent-abortable-preclean-start]
2013-10-01T08:08:20.098+0000: 502.325: [CMS-concurrent-abortable-preclean: 0.000/0.000 secs] [Times: user=0.00 sys=0.01, real=0.00 secs] 
2013-10-01T08:08:20.117+0000: 502.366: [GC[YG occupancy: 860203 K (943744 K)]502.370: [Rescan (parallel) , 0.6035920 secs]502.974: [weak refs processing, 0.0128050 secs]502.987: [scrub string table, 0.0003730 secs] [1 CMS-remark: 3064692K(3145728K)] 3924895K(4089472K), 0.6220110 secs] [Times: user=1.54 sys=0.00, real=0.63 secs] 
2013-10-01T08:08:20.788+0000: 503.016: [CMS-concurrent-sweep-start]
2013-10-01T08:08:21.210+0000: 503.447: [GC 503.457: [ParNew: 943733K->943733K(943744K), 0.0000410 secs]503.457: [CMS2013-10-01T08:08:22.352+0000: 504.580: [CMS-concurrent-sweep: 1.448/1.564 secs] [Times: user=1.72 sys=0.27, real=1.58 secs] 
 (concurrent mode failure): 3063909K->2480027K(3145728K), 9.9872090 secs] 4007643K->2480027K(4089472K), [CMS Perm : 13469K->13469K(65536K)], 10.0033460 secs] [Times: user=10.40 sys=0.02, real=10.01 secs] 
2013-10-01T08:08:33.653+0000: 515.891: [GC 515.900: [ParNew: 838912K->104832K(943744K), 0.2471790 secs] 3318939K->2691866K(4089472K), 0.2627570 secs] [Times: user=0.92 sys=0.01, real=0.27 secs] 
2013-10-01T08:08:39.806+0000: 522.044: [GC 522.053: [ParNew: 943744K->104832K(943744K), 0.6353470 secs] 3530778K->2865813K(4089472K), 0.6509620 secs] [Times: user=0.99 sys=0.02, real=0.67 secs] 
2013-10-01T08:08:40.492+0000: 522.729: [GC [1 CMS-initial-mark: 2760981K(3145728K)] 2865997K(4089472K), 0.1280590 secs] [Times: user=0.13 sys=0.01, real=0.14 secs] 
2013-10-01T08:08:40.674+0000: 522.901: [CMS-concurrent-mark-start]
2013-10-01T08:08:45.110+0000: 527.350: [GC 527.360: [ParNew: 943744K->104832K(943744K), 0.4953390 secs] 3704725K->3088677K(4089472K), 0.5118620 secs] [Times: user=1.18 sys=0.01, real=0.52 secs] 
2013-10-01T08:08:48.870+0000: 531.097: [CMS-concurrent-mark: 7.638/8.196 secs] [Times: user=10.88 sys=2.58, real=8.22 secs] 
2013-10-01T08:08:48.891+0000: 531.118: [CMS-concurrent-preclean-start]
2013-10-01T08:08:49.530+0000: 531.768: [GC 531.777: [ParNew: 943744K->943744K(943744K), 0.0000410 secs]531.777: [CMS2013-10-01T08:08:50.594+0000: 532.822: [CMS-concurrent-preclean: 1.206/1.703 secs] [Times: user=1.44 sys=0.63, real=1.71 secs] 
 (concurrent mode failure): 2983845K->2601367K(3145728K), 9.8789580 secs] 3927589K->2601367K(4089472K), [CMS Perm : 13469K->13469K(65536K)], 9.8942900 secs] [Times: user=9.79 sys=0.37, real=9.90 secs] 
2013-10-01T08:09:01.461+0000: 543.699: [GC [1 CMS-initial-mark: 2601367K(3145728K)] 2862738K(4089472K), 0.2157730 secs] [Times: user=0.21 sys=0.03, real=0.23 secs] 
2013-10-01T08:09:01.716+0000: 543.943: [CMS-concurrent-mark-start]
2013-10-01T08:09:03.714+0000: 545.952: [GC 545.961: [ParNew: 838900K->104832K(943744K), 0.2801910 secs] 3440268K->2830139K(4089472K), 0.2956810 secs] [Times: user=0.98 sys=0.05, real=0.31 secs] 
2013-10-01T08:09:06.685+0000: 548.912: [CMS-concurrent-mark: 4.638/4.969 secs] [Times: user=8.65 sys=1.58, real=4.98 secs] 
2013-10-01T08:09:06.704+0000: 548.931: [CMS-concurrent-preclean-start]
2013-10-01T08:09:07.863+0000: 550.091: [CMS-concurrent-preclean: 0.886/1.159 secs] [Times: user=1.13 sys=0.49, real=1.18 secs] 
2013-10-01T08:09:07.883+0000: 550.111: [CMS-concurrent-abortable-preclean-start]
2013-10-01T08:09:09.716+0000: 551.954: [GC 552.022: [ParNew: 943744K->104832K(943744K), 0.8614670 secs] 3669051K->3029785K(4089472K), 0.9364640 secs] [Times: user=1.14 sys=0.02, real=0.95 secs] 
 CMS: abort preclean due to time 2013-10-01T08:09:12.938+0000: 555.165: [CMS-concurrent-abortable-preclean: 3.383/5.055 secs] [Times: user=5.34 sys=1.56, real=5.07 secs] 
2013-10-01T08:09:12.957+0000: 555.194: [GC[YG occupancy: 451770 K (943744 K)]555.198: [Rescan (parallel) , 0.1878940 secs]555.386: [weak refs processing, 0.0025230 secs]555.389: [scrub string table, 0.0004100 secs] [1 CMS-remark: 2924953K(3145728K)] 3376723K(4089472K), 0.1948710 secs] [Times: user=0.38 sys=0.00, real=0.20 secs] 
2013-10-01T08:09:13.191+0000: 555.418: [CMS-concurrent-sweep-start]
2013-10-01T08:09:14.464+0000: 556.692: [CMS-concurrent-sweep: 1.274/1.274 secs] [Times: user=1.87 sys=0.28, real=1.29 secs] 
2013-10-01T08:09:14.489+0000: 556.716: [CMS-concurrent-reset-start]
2013-10-01T08:09:14.503+0000: 556.730: [CMS-concurrent-reset: 0.014/0.014 secs] [Times: user=0.01 sys=0.01, real=0.03 secs] 
2013-10-01T08:09:16.133+0000: 558.371: [GC 558.381: [ParNew: 943744K->104832K(943744K), 0.5856950 secs] 3679284K->3071960K(4089472K), 0.6014950 secs] [Times: user=1.21 sys=0.05, real=0.62 secs] 
2013-10-01T08:09:16.769+0000: 559.006: [GC [1 CMS-initial-mark: 2967128K(3145728K)] 3074181K(4089472K), 0.1313150 secs] [Times: user=0.14 sys=0.00, real=0.14 secs] 
2013-10-01T08:09:16.937+0000: 559.165: [CMS-concurrent-mark-start]
2013-10-01T08:09:19.613+0000: 561.851: [GC 561.861: [ParNew: 943744K->943744K(943744K), 0.0000390 secs]561.861: [CMS2013-10-01T08:09:21.855+0000: 564.082: [CMS-concurrent-mark: 4.809/4.918 secs] [Times: user=6.94 sys=1.39, real=4.92 secs] 
 (concurrent mode failure): 2967128K->2652596K(3145728K), 11.0977490 secs] 3910872K->2652596K(4089472K), [CMS Perm : 13469K->13469K(65536K)], 11.1132380 secs] [Times: user=11.38 sys=0.00, real=11.13 secs] 
2013-10-01T08:09:32.763+0000: 575.001: [GC [1 CMS-initial-mark: 2652596K(3145728K)] 3166097K(4089472K), 0.3538610 secs] [Times: user=0.37 sys=0.03, real=0.37 secs] 
2013-10-01T08:09:33.154+0000: 575.382: [CMS-concurrent-mark-start]
2013-10-01T08:09:34.174+0000: 576.411: [GC 576.421: [ParNew: 838912K->104832K(943744K), 0.5464720 secs] 3491508K->2906568K(4089472K), 0.5624200 secs] [Times: user=1.00 sys=0.00, real=0.57 secs] 
2013-10-01T08:09:38.856+0000: 581.083: [CMS-concurrent-mark: 5.109/5.701 secs] [Times: user=8.78 sys=1.20, real=5.71 secs] 
2013-10-01T08:09:38.876+0000: 581.103: [CMS-concurrent-preclean-start]
2013-10-01T08:09:39.315+0000: 581.555: [GC 581.565: [ParNew: 943744K->104832K(943744K), 0.8141680 secs] 3745480K->3098291K(4089472K), 0.8304720 secs] [Times: user=1.12 sys=0.01, real=0.84 secs] 
2013-10-01T08:09:40.322+0000: 582.550: [CMS-concurrent-preclean: 0.446/1.446 secs] [Times: user=1.83 sys=0.28, real=1.45 secs] 
2013-10-01T08:09:40.343+0000: 582.570: [CMS-concurrent-abortable-preclean-start]
2013-10-01T08:09:40.343+0000: 582.570: [CMS-concurrent-abortable-preclean: 0.000/0.000 secs] [Times: user=0.02 sys=0.01, real=0.00 secs] 
2013-10-01T08:09:40.362+0000: 582.600: [GC[YG occupancy: 202605 K (943744 K)]582.603: [Rescan (parallel) , 0.4405360 secs]583.044: [weak refs processing, 0.0039250 secs]583.048: [scrub string table, 0.0003820 secs] [1 CMS-remark: 2993459K(3145728K)] 3196065K(4089472K), 0.4486310 secs] [Times: user=0.83 sys=0.01, real=0.46 secs] 
2013-10-01T08:09:40.860+0000: 583.087: [CMS-concurrent-sweep-start]
2013-10-01T08:09:42.309+0000: 584.537: [CMS-concurrent-sweep: 1.449/1.449 secs] [Times: user=1.90 sys=0.46, real=1.46 secs] 
2013-10-01T08:09:42.329+0000: 584.557: [CMS-concurrent-reset-start]
2013-10-01T08:09:42.337+0000: 584.565: [CMS-concurrent-reset: 0.008/0.008 secs] [Times: user=0.02 sys=0.01, real=0.03 secs] 
2013-10-01T08:09:44.357+0000: 586.594: [GC [1 CMS-initial-mark: 2728893K(3145728K)] 3494250K(4089472K), 0.4938530 secs] [Times: user=0.53 sys=0.00, real=0.50 secs] 
2013-10-01T08:09:44.890+0000: 587.117: [CMS-concurrent-mark-start]
2013-10-01T08:09:45.487+0000: 587.724: [GC 587.734: [ParNew: 943744K->104832K(943744K), 0.5141810 secs] 3672637K->3054681K(4089472K), 0.5297470 secs] [Times: user=1.11 sys=0.04, real=0.54 secs] 
2013-10-01T08:09:50.017+0000: 592.255: [GC 592.266: [ParNew: 943744K->943744K(943744K), 0.0000540 secs]592.288: [CMS2013-10-01T08:09:51.273+0000: 593.500: [CMS-concurrent-mark: 5.675/6.383 secs] [Times: user=8.89 sys=1.71, real=6.40 secs] 
 (concurrent mode failure): 2949849K->2684617K(3145728K), 10.0927390 secs] 3893593K->2684617K(4089472K), [CMS Perm : 13469K->13469K(65536K)], 10.1312770 secs] [Times: user=10.35 sys=0.01, real=10.14 secs] 
2013-10-01T08:10:02.184+0000: 604.422: [GC [1 CMS-initial-mark: 2684617K(3145728K)] 3189359K(4089472K), 0.3415610 secs] [Times: user=0.36 sys=0.01, real=0.35 secs] 
2013-10-01T08:10:02.562+0000: 604.790: [CMS-concurrent-mark-start]
2013-10-01T08:10:04.009+0000: 606.247: [GC 606.256: [ParNew: 838910K->104832K(943744K), 0.3813710 secs] 3523527K->2926509K(4089472K), 0.3968950 secs] [Times: user=0.92 sys=0.04, real=0.41 secs] 
2013-10-01T08:10:07.549+0000: 609.776: [CMS-concurrent-mark: 4.554/4.986 secs] [Times: user=8.43 sys=1.42, real=4.99 secs] 
2013-10-01T08:10:07.569+0000: 609.796: [CMS-concurrent-preclean-start]
2013-10-01T08:10:08.826+0000: 611.054: [CMS-concurrent-preclean: 0.949/1.258 secs] [Times: user=1.38 sys=0.66, real=1.27 secs] 
2013-10-01T08:10:08.846+0000: 611.073: [CMS-concurrent-abortable-preclean-start]
2013-10-01T08:10:08.962+0000: 611.199: [GC 611.208: [ParNew: 943744K->104832K(943744K), 0.3782870 secs] 3765421K->3123120K(4089472K), 0.3937710 secs] [Times: user=1.16 sys=0.01, real=0.40 secs] 
2013-10-01T08:10:11.368+0000: 613.596: [CMS-concurrent-abortable-preclean: 1.493/2.522 secs] [Times: user=3.41 sys=0.95, real=2.53 secs] 
2013-10-01T08:10:11.388+0000: 613.626: [GC[YG occupancy: 417105 K (943744 K)]613.630: [Rescan (parallel) , 0.2608100 secs]613.891: [weak refs processing, 0.0038880 secs]613.895: [scrub string table, 0.0003880 secs] [1 CMS-remark: 3018288K(3145728K)] 3435393K(4089472K), 0.2693720 secs] [Times: user=0.37 sys=0.02, real=0.28 secs] 
2013-10-01T08:10:11.697+0000: 613.925: [CMS-concurrent-sweep-start]
2013-10-01T08:10:13.257+0000: 615.484: [CMS-concurrent-sweep: 1.559/1.559 secs] [Times: user=1.78 sys=0.32, real=1.57 secs] 
2013-10-01T08:10:13.276+0000: 615.504: [CMS-concurrent-reset-start]
2013-10-01T08:10:13.284+0000: 615.512: [CMS-concurrent-reset: 0.008/0.008 secs] [Times: user=0.02 sys=0.01, real=0.02 secs] 
2013-10-01T08:10:15.320+0000: 617.563: [GC [1 CMS-initial-mark: 2778141K(3145728K)] 3710743K(4089472K), 0.6398570 secs] [Times: user=0.60 sys=0.01, real=0.65 secs] 
2013-10-01T08:10:16.005+0000: 618.233: [CMS-concurrent-mark-start]
2013-10-01T08:10:16.035+0000: 618.273: [GC 618.282: [ParNew: 943744K->104832K(943744K), 0.6593090 secs] 3721885K->3099496K(4089472K), 0.6752350 secs] [Times: user=1.20 sys=0.02, real=0.69 secs] 
2013-10-01T08:10:20.405+0000: 622.646: [GC 622.656: [ParNew: 943731K->943731K(943744K), 0.0000410 secs]622.656: [CMS2013-10-01T08:10:22.353+0000: 624.580: [CMS-concurrent-mark: 5.501/6.347 secs] [Times: user=8.23 sys=1.22, real=6.36 secs] 
 (concurrent mode failure): 2994664K->2694041K(3145728K), 10.8183140 secs] 3938395K->2694041K(4089472K), [CMS Perm : 13469K->13469K(65536K)], 10.8341200 secs] [Times: user=11.08 sys=0.02, real=10.85 secs] 
2013-10-01T08:10:33.279+0000: 635.516: [GC [1 CMS-initial-mark: 2694041K(3145728K)] 3324837K(4089472K), 0.4101300 secs] [Times: user=0.43 sys=0.01, real=0.43 secs] 
2013-10-01T08:10:33.728+0000: 635.955: [CMS-concurrent-mark-start]
2013-10-01T08:10:34.330+0000: 636.569: [GC 636.582: [ParNew: 838912K->104832K(943744K), 0.9123700 secs] 3532953K->2908160K(4089472K), 0.9328300 secs] [Times: user=0.95 sys=0.03, real=0.94 secs] 
2013-10-01T08:10:38.784+0000: 641.025: [GC 641.035: [ParNew: 943744K->104832K(943744K), 1.0119290 secs] 3747072K->3124057K(4089472K), 1.0281770 secs] [Times: user=1.16 sys=0.05, real=1.07 secs] 
2013-10-01T08:10:42.735+0000: 644.962: [CMS-concurrent-mark: 6.929/9.007 secs] [Times: user=11.48 sys=2.18, real=9.02 secs] 
2013-10-01T08:10:42.793+0000: 645.021: [CMS-concurrent-preclean-start]
2013-10-01T08:10:44.482+0000: 646.721: [GC 646.731: [ParNew: 943744K->943744K(943744K), 0.0000430 secs]646.731: [CMS2013-10-01T08:10:44.954+0000: 647.182: [CMS-concurrent-preclean: 1.482/2.161 secs] [Times: user=1.92 sys=0.90, real=2.20 secs] 
 (concurrent mode failure): 3019225K->2700925K(3145728K), 9.2668740 secs] 3962969K->2700925K(4089472K), [CMS Perm : 13469K->13469K(65536K)], 9.2830030 secs] [Times: user=9.48 sys=0.14, real=9.29 secs] 
2013-10-01T08:10:56.077+0000: 658.314: [GC 658.323: [ParNew: 838910K->104832K(943744K), 0.3578360 secs] 3539835K->2910137K(4089472K), 0.3733290 secs] [Times: user=0.90 sys=0.00, real=0.39 secs] 
2013-10-01T08:10:56.486+0000: 658.724: [GC [1 CMS-initial-mark: 2805305K(3145728K)] 2914961K(4089472K), 0.1474400 secs] [Times: user=0.15 sys=0.00, real=0.16 secs] 
2013-10-01T08:10:56.675+0000: 658.903: [CMS-concurrent-mark-start]
2013-10-01T08:11:00.799+0000: 663.026: [CMS-concurrent-mark: 4.124/4.124 secs] [Times: user=4.68 sys=0.07, real=4.13 secs] 
2013-10-01T08:11:00.825+0000: 663.052: [CMS-concurrent-preclean-start]
2013-10-01T08:11:01.119+0000: 663.347: [CMS-concurrent-preclean: 0.221/0.294 secs] [Times: user=0.21 sys=0.04, real=0.30 secs] 
2013-10-01T08:11:01.150+0000: 663.378: [CMS-concurrent-abortable-preclean-start]
2013-10-01T08:11:04.246+0000: 666.484: [GC 666.494: [ParNew: 943744K->104832K(943744K), 1.0403800 secs] 3749049K->3102852K(4089472K), 1.0566170 secs] [Times: user=1.10 sys=0.02, real=1.07 secs] 
 CMS: abort preclean due to time 2013-10-01T08:11:08.713+0000: 670.940: [CMS-concurrent-abortable-preclean: 4.879/7.562 secs] [Times: user=8.93 sys=3.13, real=7.57 secs] 
2013-10-01T08:11:08.732+0000: 670.969: [GC[YG occupancy: 908934 K (943744 K)]670.974: [Rescan (parallel) , 0.3373880 secs]671.311: [weak refs processing, 0.0043560 secs]671.316: [scrub string table, 0.0003730 secs] [1 CMS-remark: 2998020K(3145728K)] 3906955K(4089472K), 0.3469290 secs] [Times: user=0.70 sys=0.00, real=0.36 secs] 
2013-10-01T08:11:09.122+0000: 671.350: [CMS-concurrent-sweep-start]
2013-10-01T08:11:09.256+0000: 671.497: [GC 671.511: [ParNew: 943744K->943744K(943744K), 0.0000430 secs]671.511: [CMS2013-10-01T08:11:10.406+0000: 672.633: [CMS-concurrent-sweep: 1.126/1.283 secs] [Times: user=1.28 sys=0.08, real=1.29 secs] 
 (concurrent mode failure): 2997975K->2658850K(3145728K), 9.9766470 secs] 3941719K->2658850K(4089472K), [CMS Perm : 13469K->13457K(65536K)], 9.9973470 secs] [Times: user=10.20 sys=0.04, real=10.00 secs] 
2013-10-01T08:11:22.411+0000: 684.649: [GC 684.658: [ParNew: 838912K->104832K(943744K), 0.4354300 secs] 3497762K->2887244K(4089472K), 0.4510540 secs] [Times: user=0.91 sys=0.02, real=0.46 secs] 
2013-10-01T08:11:22.911+0000: 685.149: [GC [1 CMS-initial-mark: 2782412K(3145728K)] 2896621K(4089472K), 0.1446200 secs] [Times: user=0.16 sys=0.00, real=0.15 secs] 
2013-10-01T08:11:23.125+0000: 685.352: [CMS-concurrent-mark-start]
2013-10-01T08:11:26.531+0000: 688.769: [GC 688.779: [ParNew: 943744K->104832K(943744K), 0.8163310 secs] 3726156K->3075694K(4089472K), 0.8329400 secs] [Times: user=1.15 sys=0.02, real=0.84 secs] 
2013-10-01T08:11:29.660+0000: 691.887: [CMS-concurrent-mark: 5.665/6.535 secs] [Times: user=9.23 sys=1.73, real=6.58 secs] 
2013-10-01T08:11:29.679+0000: 691.906: [CMS-concurrent-preclean-start]
2013-10-01T08:11:30.748+0000: 692.975: [CMS-concurrent-preclean: 0.803/1.069 secs] [Times: user=0.78 sys=0.42, real=1.08 secs] 
2013-10-01T08:11:30.771+0000: 692.999: [CMS-concurrent-abortable-preclean-start]
2013-10-01T08:11:30.771+0000: 692.999: [CMS-concurrent-abortable-preclean: 0.000/0.000 secs] [Times: user=0.00 sys=0.01, real=0.01 secs] 
2013-10-01T08:11:30.789+0000: 693.026: [GC[YG occupancy: 528289 K (943744 K)]693.030: [Rescan (parallel) , 0.2864800 secs]693.317: [weak refs processing, 0.0064710 secs]693.324: [scrub string table, 0.0003730 secs] [1 CMS-remark: 2970862K(3145728K)] 3499152K(4089472K), 0.2977670 secs] [Times: user=0.59 sys=0.03, real=0.31 secs] 
2013-10-01T08:11:31.136+0000: 693.364: [CMS-concurrent-sweep-start]
2013-10-01T08:11:32.662+0000: 694.889: [CMS-concurrent-sweep: 1.525/1.525 secs] [Times: user=1.70 sys=0.40, real=1.54 secs] 
2013-10-01T08:11:32.682+0000: 694.910: [CMS-concurrent-reset-start]
2013-10-01T08:11:32.690+0000: 694.918: [CMS-concurrent-reset: 0.008/0.008 secs] [Times: user=0.01 sys=0.01, real=0.02 secs] 
2013-10-01T08:11:34.285+0000: 696.523: [GC 696.532: [ParNew: 943744K->104832K(943744K), 0.5949230 secs] 3521086K->2884259K(4089472K), 0.6104350 secs] [Times: user=1.12 sys=0.02, real=0.62 secs] 
2013-10-01T08:11:34.942+0000: 697.180: [GC [1 CMS-initial-mark: 2779427K(3145728K)] 2887798K(4089472K), 0.1310320 secs] [Times: user=0.14 sys=0.00, real=0.14 secs] 
2013-10-01T08:11:35.110+0000: 697.338: [CMS-concurrent-mark-start]
2013-10-01T08:11:39.226+0000: 701.463: [GC 701.473: [ParNew: 943744K->104832K(943744K), 0.4862990 secs] 3723171K->3092022K(4089472K), 0.5020010 secs] [Times: user=1.08 sys=0.02, real=0.51 secs] 
2013-10-01T08:11:40.929+0000: 703.157: [CMS-concurrent-mark: 5.283/5.819 secs] [Times: user=8.41 sys=1.30, real=5.83 secs] 
2013-10-01T08:11:40.948+0000: 703.176: [CMS-concurrent-preclean-start]
2013-10-01T08:11:41.917+0000: 704.144: [CMS-concurrent-preclean: 0.725/0.968 secs] [Times: user=0.76 sys=0.34, real=0.98 secs] 
2013-10-01T08:11:41.936+0000: 704.164: [CMS-concurrent-abortable-preclean-start]
2013-10-01T08:11:41.936+0000: 704.164: [CMS-concurrent-abortable-preclean: 0.000/0.000 secs] [Times: user=0.01 sys=0.00, real=0.01 secs] 
2013-10-01T08:11:41.954+0000: 704.192: [GC[YG occupancy: 345613 K (943744 K)]704.195: [Rescan (parallel) , 0.1242490 secs]704.319: [weak refs processing, 0.0101460 secs]704.330: [scrub string table, 0.0003750 secs] [1 CMS-remark: 2987190K(3145728K)] 3332804K(4089472K), 0.1386110 secs] [Times: user=0.35 sys=0.01, real=0.15 secs] 
2013-10-01T08:11:42.132+0000: 704.360: [CMS-concurrent-sweep-start]
2013-10-01T08:11:43.211+0000: 705.438: [CMS-concurrent-sweep: 1.079/1.079 secs] [Times: user=1.24 sys=0.04, real=1.09 secs] 
2013-10-01T08:11:43.230+0000: 705.458: [CMS-concurrent-reset-start]
2013-10-01T08:11:43.238+0000: 705.466: [CMS-concurrent-reset: 0.008/0.008 secs] [Times: user=0.01 sys=0.01, real=0.02 secs] 
2013-10-01T08:11:45.257+0000: 707.495: [GC [1 CMS-initial-mark: 2655898K(3145728K)] 3061826K(4089472K), 0.2440450 secs] [Times: user=0.25 sys=0.00, real=0.25 secs] 
2013-10-01T08:11:45.537+0000: 707.765: [CMS-concurrent-mark-start]
2013-10-01T08:11:49.784+0000: 712.011: [CMS-concurrent-mark: 4.246/4.246 secs] [Times: user=4.49 sys=0.19, real=4.26 secs] 
2013-10-01T08:11:49.804+0000: 712.031: [CMS-concurrent-preclean-start]
2013-10-01T08:11:50.140+0000: 712.368: [CMS-concurrent-preclean: 0.254/0.337 secs] [Times: user=0.41 sys=0.17, real=0.35 secs] 
2013-10-01T08:11:50.160+0000: 712.388: [CMS-concurrent-abortable-preclean-start]
2013-10-01T08:11:52.659+0000: 714.897: [GC 714.906: [ParNew: 943729K->104832K(943744K), 0.5262600 secs] 3599628K->2974232K(4089472K), 0.5417730 secs] [Times: user=1.26 sys=0.02, real=0.55 secs] 
 CMS: abort preclean due to time 2013-10-01T08:11:56.642+0000: 718.870: [CMS-concurrent-abortable-preclean: 4.671/6.482 secs] [Times: user=9.17 sys=2.92, real=6.49 secs] 
2013-10-01T08:11:56.662+0000: 718.899: [GC[YG occupancy: 938574 K (943744 K)]718.904: [Rescan (parallel) , 0.3276610 secs]719.232: [weak refs processing, 0.0032990 secs]719.235: [scrub string table, 0.0003670 secs] [1 CMS-remark: 2869400K(3145728K)] 3807974K(4089472K), 0.3363470 secs] [Times: user=0.67 sys=0.00, real=0.35 secs] 
2013-10-01T08:11:57.041+0000: 719.269: [CMS-concurrent-sweep-start]
2013-10-01T08:11:57.048+0000: 719.285: [GC 719.295: [ParNew: 943744K->104832K(943744K), 0.6525100 secs] 3813144K->3172572K(4089472K), 0.6684400 secs] [Times: user=1.19 sys=0.01, real=0.68 secs] 
2013-10-01T08:11:59.574+0000: 721.801: [CMS-concurrent-sweep: 2.532/2.532 secs] [Times: user=3.69 sys=0.55, real=2.54 secs] 
2013-10-01T08:11:59.594+0000: 721.821: [CMS-concurrent-reset-start]
2013-10-01T08:11:59.602+0000: 721.830: [CMS-concurrent-reset: 0.008/0.008 secs] [Times: user=0.01 sys=0.01, real=0.01 secs] 
2013-10-01T08:12:01.622+0000: 723.859: [GC [1 CMS-initial-mark: 2917417K(3145728K)] 3719564K(4089472K), 0.4895750 secs] [Times: user=0.51 sys=0.00, real=0.50 secs] 
2013-10-01T08:12:02.149+0000: 724.377: [CMS-concurrent-mark-start]
2013-10-01T08:12:03.608+0000: 725.846: [GC 725.856: [ParNew: 943744K->943744K(943744K), 0.0000500 secs]725.856: [CMS2013-10-01T08:12:06.537+0000: 728.764: [CMS-concurrent-mark: 4.273/4.387 secs] [Times: user=4.90 sys=0.26, real=4.40 secs] 
 (concurrent mode failure): 2917417K->2691264K(3145728K), 11.8268120 secs] 3861161K->2691264K(4089472K), [CMS Perm : 13457K->13457K(65536K)], 11.8426550 secs] [Times: user=12.23 sys=0.01, real=11.85 secs] 
2013-10-01T08:12:17.759+0000: 739.996: [GC 740.006: [ParNew: 838902K->104832K(943744K), 0.5348250 secs] 3530167K->2920286K(4089472K), 0.5513450 secs] [Times: user=1.04 sys=0.00, real=0.57 secs] 
2013-10-01T08:12:18.409+0000: 740.647: [GC [1 CMS-initial-mark: 2815454K(3145728K)] 2936263K(4089472K), 0.1785490 secs] [Times: user=0.18 sys=0.02, real=0.38 secs] 
2013-10-01T08:12:18.811+0000: 741.038: [CMS-concurrent-mark-start]
2013-10-01T08:12:22.907+0000: 745.146: [GC 745.155: [ParNew: 943743K->104832K(943744K), 0.6331680 secs] 3759198K->3111636K(4089472K), 0.6491430 secs] [Times: user=1.15 sys=0.02, real=0.66 secs] 
2013-10-01T08:12:27.082+0000: 749.320: [GC 749.330: [ParNew: 943744K->943744K(943744K), 0.0000420 secs]749.330: [CMS2013-10-01T08:12:27.444+0000: 749.672: [CMS-concurrent-mark: 7.858/8.634 secs] [Times: user=10.78 sys=2.32, real=8.65 secs] 
 (concurrent mode failure): 3006804K->2688471K(3145728K), 9.3313350 secs] 3950548K->2688471K(4089472K), [CMS Perm : 13457K->13457K(65536K)], 9.3472270 secs] [Times: user=9.50 sys=0.10, real=9.36 secs] 
2013-10-01T08:12:38.625+0000: 760.863: [GC 760.873: [ParNew: 838912K->104832K(943744K), 0.8018230 secs] 3527383K->2903949K(4089472K), 0.8384740 secs] [Times: user=0.96 sys=0.01, real=0.85 secs] 
2013-10-01T08:12:39.535+0000: 761.784: [GC [1 CMS-initial-mark: 2799117K(3145728K)] 2920610K(4089472K), 0.1690510 secs] [Times: user=0.16 sys=0.00, real=0.19 secs] 
2013-10-01T08:12:39.754+0000: 761.981: [CMS-concurrent-mark-start]
2013-10-01T08:12:43.966+0000: 766.193: [CMS-concurrent-mark: 4.212/4.212 secs] [Times: user=4.64 sys=0.18, real=4.23 secs] 
2013-10-01T08:12:43.985+0000: 766.213: [CMS-concurrent-preclean-start]
2013-10-01T08:12:44.282+0000: 766.509: [CMS-concurrent-preclean: 0.225/0.297 secs] [Times: user=0.19 sys=0.11, real=0.31 secs] 
2013-10-01T08:12:44.301+0000: 766.529: [CMS-concurrent-abortable-preclean-start]
2013-10-01T08:12:48.901+0000: 771.139: [GC 771.148: [ParNew: 943744K->104832K(943744K), 0.4924570 secs] 3742861K->3108965K(4089472K), 0.5083700 secs] [Times: user=1.16 sys=0.04, real=0.52 secs] 
 CMS: abort preclean due to time 2013-10-01T08:12:49.496+0000: 771.724: [CMS-concurrent-abortable-preclean: 4.295/5.195 secs] [Times: user=6.43 sys=1.51, real=5.21 secs] 
2013-10-01T08:12:49.519+0000: 771.756: [GC[YG occupancy: 131666 K (943744 K)]771.759: [Rescan (parallel) , 0.2729630 secs]772.032: [weak refs processing, 0.0042810 secs]772.037: [scrub string table, 0.0003860 secs] [1 CMS-remark: 3004133K(3145728K)] 3135799K(4089472K), 0.2812140 secs] [Times: user=0.83 sys=0.00, real=0.29 secs] 
2013-10-01T08:12:49.847+0000: 772.075: [CMS-concurrent-sweep-start]
2013-10-01T08:12:52.616+0000: 774.854: [GC 774.863: [ParNew: 943744K->104832K(943744K), 0.9498840 secs] 3699152K->3056429K(4089472K), 1.0752490 secs] [Times: user=1.16 sys=0.05, real=1.09 secs] 
2013-10-01T08:12:54.578+0000: 776.805: [CMS-concurrent-sweep: 3.523/4.730 secs] [Times: user=5.78 sys=1.86, real=4.75 secs] 
2013-10-01T08:12:54.619+0000: 776.846: [CMS-concurrent-reset-start]
2013-10-01T08:12:54.676+0000: 776.903: [CMS-concurrent-reset: 0.030/0.030 secs] [Times: user=0.12 sys=0.06, real=0.09 secs] 
2013-10-01T08:12:56.712+0000: 778.951: [GC [1 CMS-initial-mark: 2891718K(3145728K)] 3667073K(4089472K), 0.5235230 secs] [Times: user=0.52 sys=0.02, real=0.53 secs] 
2013-10-01T08:12:57.278+0000: 779.505: [CMS-concurrent-mark-start]
2013-10-01T08:12:57.611+0000: 779.852: [GC 779.869: [ParNew: 943744K->943744K(943744K), 0.0000440 secs]779.869: [CMS2013-10-01T08:13:01.696+0000: 783.923: [CMS-concurrent-mark: 4.306/4.418 secs] [Times: user=4.63 sys=0.25, real=4.43 secs] 
 (concurrent mode failure): 2891718K->2685918K(3145728K), 12.9633630 secs] 3835462K->2685918K(4089472K), [CMS Perm : 13457K->13457K(65536K)], 12.9871070 secs] [Times: user=13.34 sys=0.02, real=13.01 secs] 
2013-10-01T08:13:12.645+0000: 794.882: [GC [1 CMS-initial-mark: 2685918K(3145728K)] 3477913K(4089472K), 0.5325910 secs] [Times: user=0.54 sys=0.01, real=0.55 secs] 
2013-10-01T08:13:13.216+0000: 795.443: [CMS-concurrent-mark-start]
2013-10-01T08:13:13.249+0000: 795.487: [GC 795.497: [ParNew: 838912K->104832K(943744K), 0.2901400 secs] 3524830K->2930098K(4089472K), 0.3064270 secs] [Times: user=1.01 sys=0.04, real=0.31 secs] 
2013-10-01T08:13:17.951+0000: 800.178: [CMS-concurrent-mark: 4.393/4.735 secs] [Times: user=7.33 sys=0.69, real=4.75 secs] 
2013-10-01T08:13:17.970+0000: 800.198: [CMS-concurrent-preclean-start]
2013-10-01T08:13:19.207+0000: 801.434: [CMS-concurrent-preclean: 0.963/1.236 secs] [Times: user=1.08 sys=0.56, real=1.24 secs] 
2013-10-01T08:13:19.238+0000: 801.465: [CMS-concurrent-abortable-preclean-start]
2013-10-01T08:13:19.324+0000: 801.562: [GC 801.571: [ParNew: 943744K->104832K(943744K), 0.5521810 secs] 3769010K->3107881K(4089472K), 0.5681380 secs] [Times: user=1.07 sys=0.02, real=0.58 secs] 
2013-10-01T08:13:23.230+0000: 805.468: [GC 805.478: [ParNew: 943744K->943744K(943744K), 0.0000410 secs]805.478: [CMS CMS: abort preclean due to time 2013-10-01T08:13:25.135+0000: 807.362: [CMS-concurrent-abortable-preclean: 3.234/5.897 secs] [Times: user=5.75 sys=2.09, real=5.92 secs] 
 (concurrent mode failure): 3003049K->2666418K(3145728K), 10.9894560 secs] 3946793K->2666418K(4089472K), [CMS Perm : 13457K->13457K(65536K)], 11.0056530 secs] [Times: user=10.56 sys=0.58, real=11.01 secs] 
2013-10-01T08:13:36.684+0000: 818.922: [GC 818.931: [ParNew: 838912K->104832K(943744K), 0.3129280 secs] 3505330K->2886842K(4089472K), 0.3282130 secs] [Times: user=0.86 sys=0.03, real=0.34 secs] 
2013-10-01T08:13:37.048+0000: 819.285: [GC [1 CMS-initial-mark: 2782010K(3145728K)] 2888872K(4089472K), 0.1420010 secs] [Times: user=0.16 sys=0.00, real=0.16 secs] 
2013-10-01T08:13:37.226+0000: 819.454: [CMS-concurrent-mark-start]
2013-10-01T08:13:41.647+0000: 823.875: [CMS-concurrent-mark: 4.421/4.421 secs] [Times: user=5.10 sys=0.41, real=4.44 secs] 
2013-10-01T08:13:41.668+0000: 823.896: [CMS-concurrent-preclean-start]
2013-10-01T08:13:43.518+0000: 825.757: [GC 825.767: [ParNew: 943744K->104832K(943744K), 0.6881000 secs] 3725754K->3091499K(4089472K), 0.7047880 secs] [Times: user=1.11 sys=0.03, real=0.72 secs] 
2013-10-01T08:13:44.263+0000: 826.490: [CMS-concurrent-preclean: 1.783/2.594 secs] [Times: user=2.99 sys=1.04, real=2.61 secs] 
2013-10-01T08:13:44.354+0000: 826.582: [CMS-concurrent-abortable-preclean-start]
2013-10-01T08:13:48.596+0000: 830.823: [CMS-concurrent-abortable-preclean: 3.269/4.242 secs] [Times: user=4.20 sys=1.86, real=4.27 secs] 
2013-10-01T08:13:48.615+0000: 830.852: [GC[YG occupancy: 932250 K (943744 K)]830.866: [Rescan (parallel) , 0.3164910 secs]831.182: [weak refs processing, 0.0057550 secs]831.188: [scrub string table, 0.0003650 secs] [1 CMS-remark: 2986667K(3145728K)] 3918918K(4089472K), 0.3280530 secs] [Times: user=0.64 sys=0.00, real=0.35 secs] 
2013-10-01T08:13:48.987+0000: 831.216: [CMS-concurrent-sweep-start]
2013-10-01T08:13:49.008+0000: 831.246: [GC 831.256: [ParNew: 943744K->943744K(943744K), 0.0000410 secs]831.256: [CMS2013-10-01T08:13:50.157+0000: 832.385: [CMS-concurrent-sweep: 1.050/1.169 secs] [Times: user=1.22 sys=0.04, real=1.18 secs] 
 (concurrent mode failure): 2986667K->2662784K(3145728K), 9.8818670 secs] 3930411K->2662784K(4089472K), [CMS Perm : 13457K->13457K(65536K)], 9.8982630 secs] [Times: user=10.16 sys=0.03, real=9.91 secs] 
2013-10-01T08:14:01.295+0000: 843.533: [GC 843.543: [ParNew: 838912K->104832K(943744K), 0.4258450 secs] 3501696K->2873918K(4089472K), 0.4415640 secs] [Times: user=0.87 sys=0.03, real=0.45 secs] 
2013-10-01T08:14:01.779+0000: 844.019: [GC [1 CMS-initial-mark: 2769086K(3145728K)] 2875093K(4089472K), 0.1566200 secs] [Times: user=0.16 sys=0.00, real=0.17 secs] 
2013-10-01T08:14:01.975+0000: 844.202: [CMS-concurrent-mark-start]
2013-10-01T08:14:06.970+0000: 849.208: [GC 849.217: [ParNew: 943744K->104832K(943744K), 0.7106390 secs] 3712830K->3067201K(4089472K), 0.7266170 secs] [Times: user=1.15 sys=0.02, real=0.74 secs] 
2013-10-01T08:14:08.576+0000: 850.804: [CMS-concurrent-mark: 5.858/6.602 secs] [Times: user=8.87 sys=1.54, real=6.62 secs] 
2013-10-01T08:14:08.596+0000: 850.824: [CMS-concurrent-preclean-start]
2013-10-01T08:14:09.974+0000: 852.202: [CMS-concurrent-preclean: 1.034/1.378 secs] [Times: user=1.14 sys=0.56, real=1.39 secs] 
2013-10-01T08:14:09.993+0000: 852.221: [CMS-concurrent-abortable-preclean-start]
2013-10-01T08:14:09.993+0000: 852.221: [CMS-concurrent-abortable-preclean: 0.000/0.000 secs] [Times: user=0.01 sys=0.01, real=0.01 secs] 
2013-10-01T08:14:10.011+0000: 852.248: [GC[YG occupancy: 431379 K (943744 K)]852.252: [Rescan (parallel) , 0.1906100 secs]852.443: [weak refs processing, 0.0055590 secs]852.448: [scrub string table, 0.0003870 secs] [1 CMS-remark: 2962369K(3145728K)] 3393749K(4089472K), 0.2008390 secs] [Times: user=0.39 sys=0.00, real=0.21 secs] 
2013-10-01T08:14:10.257+0000: 852.484: [CMS-concurrent-sweep-start]
2013-10-01T08:14:11.322+0000: 853.550: [CMS-concurrent-sweep: 1.065/1.065 secs] [Times: user=1.34 sys=0.08, real=1.08 secs] 
2013-10-01T08:14:11.344+0000: 853.572: [CMS-concurrent-reset-start]
2013-10-01T08:14:11.365+0000: 853.592: [CMS-concurrent-reset: 0.021/0.021 secs] [Times: user=0.02 sys=0.02, real=0.03 secs] 
2013-10-01T08:14:13.388+0000: 855.626: [GC [1 CMS-initial-mark: 2646108K(3145728K)] 3370670K(4089472K), 0.4723040 secs] [Times: user=0.47 sys=0.01, real=0.48 secs] 
2013-10-01T08:14:13.901+0000: 856.128: [CMS-concurrent-mark-start]
2013-10-01T08:14:15.708+0000: 857.946: [GC 857.958: [ParNew: 943744K->104832K(943744K), 0.5847030 secs] 3589852K->2945965K(4089472K), 0.6022990 secs] [Times: user=1.18 sys=0.03, real=0.61 secs] 
2013-10-01T08:14:19.449+0000: 861.687: [GC 861.696: [ParNew: 943744K->104832K(943744K), 0.6411810 secs] 3784877K->3141904K(4089472K), 0.6570740 secs] [Times: user=1.12 sys=0.03, real=0.67 secs] 
2013-10-01T08:14:21.051+0000: 863.279: [CMS-concurrent-mark: 5.813/7.150 secs] [Times: user=10.43 sys=1.92, real=7.16 secs] 
2013-10-01T08:14:21.070+0000: 863.298: [CMS-concurrent-preclean-start]
2013-10-01T08:14:22.398+0000: 864.625: [CMS-concurrent-preclean: 0.999/1.327 secs] [Times: user=0.94 sys=0.48, real=1.34 secs] 
2013-10-01T08:14:22.417+0000: 864.644: [CMS-concurrent-abortable-preclean-start]
2013-10-01T08:14:22.417+0000: 864.644: [CMS-concurrent-abortable-preclean: 0.000/0.000 secs] [Times: user=0.01 sys=0.01, real=0.01 secs] 
2013-10-01T08:14:22.435+0000: 864.672: [GC[YG occupancy: 309383 K (943744 K)]864.692: [Rescan (parallel) , 0.0816020 secs]864.774: [weak refs processing, 0.0062240 secs]864.780: [scrub string table, 0.0003670 secs] [1 CMS-remark: 3037072K(3145728K)] 3346456K(4089472K), 0.0918990 secs] [Times: user=0.25 sys=0.01, real=0.12 secs] 
2013-10-01T08:14:22.581+0000: 864.809: [CMS-concurrent-sweep-start]
2013-10-01T08:14:23.644+0000: 865.872: [CMS-concurrent-sweep: 1.063/1.063 secs] [Times: user=1.09 sys=0.00, real=1.08 secs] 
2013-10-01T08:14:23.663+0000: 865.891: [CMS-concurrent-reset-start]
2013-10-01T08:14:23.671+0000: 865.899: [CMS-concurrent-reset: 0.008/0.008 secs] [Times: user=0.01 sys=0.00, real=0.02 secs] 
2013-10-01T08:14:25.691+0000: 867.928: [GC [1 CMS-initial-mark: 2662387K(3145728K)] 2975493K(4089472K), 0.2008660 secs] [Times: user=0.20 sys=0.01, real=0.21 secs] 
2013-10-01T08:14:25.933+0000: 868.161: [CMS-concurrent-mark-start]
2013-10-01T08:14:30.522+0000: 872.750: [CMS-concurrent-mark: 4.589/4.589 secs] [Times: user=5.51 sys=0.85, real=4.60 secs] 
2013-10-01T08:14:30.543+0000: 872.770: [CMS-concurrent-preclean-start]
2013-10-01T08:14:31.596+0000: 873.823: [CMS-concurrent-preclean: 0.755/1.053 secs] [Times: user=1.35 sys=0.51, real=1.07 secs] 
2013-10-01T08:14:31.615+0000: 873.843: [CMS-concurrent-abortable-preclean-start]
2013-10-01T08:14:31.927+0000: 874.165: [GC 874.175: [ParNew: 943744K->104832K(943744K), 0.6456170 secs] 3606131K->2952917K(4089472K), 0.6620850 secs] [Times: user=1.20 sys=0.04, real=0.67 secs] 
2013-10-01T08:14:36.267+0000: 878.495: [CMS-concurrent-abortable-preclean: 3.293/4.652 secs] [Times: user=5.62 sys=1.56, real=4.66 secs] 
2013-10-01T08:14:36.288+0000: 878.525: [GC[YG occupancy: 639644 K (943744 K)]878.529: [Rescan (parallel) , 0.1918210 secs]878.721: [weak refs processing, 0.0068670 secs]878.728: [scrub string table, 0.0003700 secs] [1 CMS-remark: 2848085K(3145728K)] 3487729K(4089472K), 0.2041020 secs] [Times: user=0.46 sys=0.01, real=0.21 secs] 
2013-10-01T08:14:36.566+0000: 878.794: [CMS-concurrent-sweep-start]
2013-10-01T08:14:37.402+0000: 879.644: [GC 879.655: [ParNew: 943744K->104832K(943744K), 0.8160140 secs] 3791958K->3158405K(4089472K), 0.8327760 secs] [Times: user=1.25 sys=0.01, real=0.84 secs] 
2013-10-01T08:14:38.361+0000: 880.609: [GC 880.641: [ParNew: 114744K->114744K(943744K), 0.0000410 secs] 3168315K->3168315K(4089472K), 0.0512680 secs] [Times: user=0.03 sys=0.01, real=0.07 secs] 
GC locker: Trying a full collection because scavenge failed
2013-10-01T08:14:38.456+0000: 880.694: [Full GC 880.702: [CMS2013-10-01T08:14:39.602+0000: 881.830: [CMS-concurrent-sweep: 1.849/3.036 secs] [Times: user=3.40 sys=0.42, real=3.06 secs] 
 (concurrent mode failure): 3053571K->2656158K(3145728K), 10.0912230 secs] 3168315K->2656158K(4089472K), [CMS Perm : 13457K->13457K(65536K)], 10.1057540 secs] [Times: user=10.33 sys=0.05, real=10.11 secs] 
2013-10-01T08:14:50.947+0000: 893.185: [GC 893.195: [ParNew: 838912K->104832K(943744K), 0.7643830 secs] 3495070K->2928332K(4089472K), 0.7814900 secs] [Times: user=0.88 sys=0.05, real=0.79 secs] 
2013-10-01T08:14:51.763+0000: 894.000: [GC [1 CMS-initial-mark: 2823500K(3145728K)] 2929115K(4089472K), 0.1469130 secs] [Times: user=0.15 sys=0.01, real=0.16 secs] 
2013-10-01T08:14:51.946+0000: 894.173: [CMS-concurrent-mark-start]
2013-10-01T08:14:54.542+0000: 896.780: [GC 896.791: [ParNew: 943744K->104832K(943744K), 0.6309920 secs] 3767244K->3092462K(4089472K), 0.6483200 secs] [Times: user=1.19 sys=0.03, real=0.66 secs] 
2013-10-01T08:14:58.507+0000: 900.735: [CMS-concurrent-mark: 5.876/6.561 secs] [Times: user=9.11 sys=1.86, real=6.57 secs] 
2013-10-01T08:14:58.526+0000: 900.754: [CMS-concurrent-preclean-start]
2013-10-01T08:14:59.496+0000: 901.724: [CMS-concurrent-preclean: 0.725/0.970 secs] [Times: user=0.78 sys=0.39, real=0.98 secs] 
2013-10-01T08:14:59.516+0000: 901.743: [CMS-concurrent-abortable-preclean-start]
2013-10-01T08:14:59.516+0000: 901.743: [CMS-concurrent-abortable-preclean: 0.000/0.000 secs] [Times: user=0.01 sys=0.00, real=0.01 secs] 
2013-10-01T08:14:59.534+0000: 901.771: [GC[YG occupancy: 633001 K (943744 K)]901.783: [Rescan (parallel) , 0.3493230 secs]902.132: [weak refs processing, 0.0104430 secs]902.143: [scrub string table, 0.0003790 secs] [1 CMS-remark: 2987630K(3145728K)] 3620631K(4089472K), 0.3646260 secs] [Times: user=0.65 sys=0.00, real=0.38 secs] 
2013-10-01T08:14:59.942+0000: 902.170: [CMS-concurrent-sweep-start]
2013-10-01T08:15:01.270+0000: 903.498: [CMS-concurrent-sweep: 1.328/1.328 secs] [Times: user=2.17 sys=0.63, real=1.33 secs] 
2013-10-01T08:15:01.291+0000: 903.518: [CMS-concurrent-reset-start]
2013-10-01T08:15:01.307+0000: 903.534: [CMS-concurrent-reset: 0.016/0.016 secs] [Times: user=0.04 sys=0.02, real=0.03 secs] 
2013-10-01T08:15:01.961+0000: 904.198: [GC 904.207: [ParNew: 943738K->104832K(943744K), 0.7573280 secs] 3498057K->2869420K(4089472K), 0.7730690 secs] [Times: user=1.29 sys=0.04, real=0.79 secs] 
2013-10-01T08:15:03.991+0000: 906.229: [GC [1 CMS-initial-mark: 2764588K(3145728K)] 3252348K(4089472K), 0.3459570 secs] [Times: user=0.36 sys=0.01, real=0.36 secs] 
2013-10-01T08:15:04.374+0000: 906.602: [CMS-concurrent-mark-start]
2013-10-01T08:15:07.156+0000: 909.394: [GC 909.404: [ParNew: 943744K->104832K(943744K), 0.7333320 secs] 3708332K->3074616K(4089472K), 0.7489890 secs] [Times: user=1.23 sys=0.03, real=0.76 secs] 
2013-10-01T08:15:10.586+0000: 912.813: [CMS-concurrent-mark: 5.426/6.212 secs] [Times: user=8.19 sys=0.80, real=6.22 secs] 
2013-10-01T08:15:10.605+0000: 912.833: [CMS-concurrent-preclean-start]
2013-10-01T08:15:11.453+0000: 913.681: [CMS-concurrent-preclean: 0.637/0.848 secs] [Times: user=0.61 sys=0.28, real=0.86 secs] 
2013-10-01T08:15:11.472+0000: 913.700: [CMS-concurrent-abortable-preclean-start]
2013-10-01T08:15:11.473+0000: 913.700: [CMS-concurrent-abortable-preclean: 0.000/0.000 secs] [Times: user=0.00 sys=0.01, real=0.02 secs] 
2013-10-01T08:15:11.490+0000: 913.728: [GC[YG occupancy: 480316 K (943744 K)]913.731: [Rescan (parallel) , 0.2426310 secs]913.974: [weak refs processing, 0.0134600 secs]913.987: [scrub string table, 0.0003680 secs] [1 CMS-remark: 2969784K(3145728K)] 3450101K(4089472K), 0.2603720 secs] [Times: user=0.64 sys=0.01, real=0.27 secs] 
2013-10-01T08:15:11.787+0000: 914.015: [CMS-concurrent-sweep-start]
2013-10-01T08:15:12.877+0000: 915.104: [CMS-concurrent-sweep: 1.090/1.090 secs] [Times: user=1.19 sys=0.02, real=1.10 secs] 
2013-10-01T08:15:12.896+0000: 915.124: [CMS-concurrent-reset-start]
2013-10-01T08:15:12.904+0000: 915.132: [CMS-concurrent-reset: 0.008/0.008 secs] [Times: user=0.01 sys=0.01, real=0.02 secs] 
2013-10-01T08:15:14.923+0000: 917.161: [GC [1 CMS-initial-mark: 2563682K(3145728K)] 3068827K(4089472K), 0.3033420 secs] [Times: user=0.31 sys=0.00, real=0.31 secs] 
2013-10-01T08:15:15.263+0000: 917.490: [CMS-concurrent-mark-start]
2013-10-01T08:15:19.378+0000: 921.606: [CMS-concurrent-mark: 4.115/4.115 secs] [Times: user=4.53 sys=0.31, real=4.12 secs] 
2013-10-01T08:15:19.398+0000: 921.625: [CMS-concurrent-preclean-start]
2013-10-01T08:15:19.690+0000: 921.917: [CMS-concurrent-preclean: 0.221/0.292 secs] [Times: user=0.29 sys=0.11, real=0.30 secs] 
2013-10-01T08:15:19.709+0000: 921.937: [CMS-concurrent-abortable-preclean-start]
2013-10-01T08:15:22.669+0000: 924.907: [GC 924.918: [ParNew: 943744K->104832K(943744K), 0.5248970 secs] 3507426K->2852201K(4089472K), 0.5426200 secs] [Times: user=1.11 sys=0.03, real=0.56 secs] 
2013-10-01T08:15:25.531+0000: 927.769: [GC 927.779: [ParNew: 943744K->104832K(943744K), 0.7034030 secs] 3691113K->3083083K(4089472K), 0.7201430 secs] [Times: user=1.30 sys=0.03, real=0.73 secs] 
2013-10-01T08:15:30.909+0000: 933.146: [GC 933.156: [ParNew: 943740K->943740K(943744K), 0.0000420 secs]933.156: [CMS CMS: abort preclean due to time 2013-10-01T08:15:31.013+0000: 933.241: [CMS-concurrent-abortable-preclean: 8.533/11.304 secs] [Times: user=13.63 sys=4.44, real=11.32 secs] 
 (concurrent mode failure): 2978251K->2676646K(3145728K), 9.2307420 secs] 3921992K->2676646K(4089472K), [CMS Perm : 13457K->13457K(65536K)], 9.2546050 secs] [Times: user=9.50 sys=0.04, real=9.27 secs] 
2013-10-01T08:15:42.783+0000: 945.020: [GC 945.030: [ParNew: 869723K->104832K(943744K), 0.4419640 secs] 3546369K->2922890K(4089472K), 0.4578570 secs] [Times: user=1.02 sys=0.02, real=0.46 secs] 
2013-10-01T08:15:43.279+0000: 945.517: [GC [1 CMS-initial-mark: 2818058K(3145728K)] 2923513K(4089472K), 0.1537820 secs] [Times: user=0.16 sys=0.00, real=0.16 secs] 
2013-10-01T08:15:43.474+0000: 945.701: [CMS-concurrent-mark-start]
2013-10-01T08:15:48.423+0000: 950.651: [CMS-concurrent-mark: 4.949/4.949 secs] [Times: user=5.67 sys=0.37, real=4.96 secs] 
2013-10-01T08:15:48.442+0000: 950.670: [CMS-concurrent-preclean-start]
2013-10-01T08:15:49.222+0000: 951.449: [CMS-concurrent-preclean: 0.583/0.780 secs] [Times: user=0.67 sys=0.34, real=0.79 secs] 
2013-10-01T08:15:49.241+0000: 951.469: [CMS-concurrent-abortable-preclean-start]
2013-10-01T08:15:52.583+0000: 954.825: [GC 954.834: [ParNew: 943744K->104832K(943744K), 0.5385500 secs] 3761802K->3090470K(4089472K), 0.5540850 secs] [Times: user=1.07 sys=0.01, real=0.57 secs] 
 CMS: abort preclean due to time 2013-10-01T08:15:55.203+0000: 957.430: [CMS-concurrent-abortable-preclean: 4.629/5.961 secs] [Times: user=7.30 sys=1.54, real=5.97 secs] 
2013-10-01T08:15:55.275+0000: 957.513: [GC[YG occupancy: 388347 K (943744 K)]957.517: [Rescan (parallel) , 0.3102760 secs]957.827: [weak refs processing, 0.0054010 secs]957.833: [scrub string table, 0.0003690 secs] [1 CMS-remark: 2985638K(3145728K)] 3373985K(4089472K), 0.3208120 secs] [Times: user=0.40 sys=0.03, real=0.34 secs] 
2013-10-01T08:15:55.648+0000: 957.875: [CMS-concurrent-sweep-start]
2013-10-01T08:15:57.403+0000: 959.640: [GC 959.681: [ParNew: 943744K->943744K(943744K), 0.0000440 secs]959.681: [CMS2013-10-01T08:15:58.007+0000: 960.235: [CMS-concurrent-sweep: 2.205/2.360 secs] [Times: user=2.79 sys=0.70, real=2.38 secs] 
 (concurrent mode failure): 2985011K->2668977K(3145728K), 9.5034730 secs] 3928755K->2668977K(4089472K), [CMS Perm : 13457K->13457K(65536K)], 9.5507080 secs] [Times: user=9.75 sys=0.04, real=9.56 secs] 
2013-10-01T08:16:09.371+0000: 971.610: [GC 971.619: [ParNew: 838912K->104832K(943744K), 0.4048010 secs] 3507889K->2868423K(4089472K), 0.4208200 secs] [Times: user=0.90 sys=0.02, real=0.43 secs] 
2013-10-01T08:16:13.363+0000: 975.601: [GC 975.611: [ParNew: 943744K->104832K(943744K), 0.6130890 secs] 3707335K->3086309K(4089472K), 0.6431500 secs] [Times: user=1.15 sys=0.05, real=0.65 secs] 
2013-10-01T08:16:14.080+0000: 976.318: [GC [1 CMS-initial-mark: 2981477K(3145728K)] 3104017K(4089472K), 0.1478390 secs] [Times: user=0.16 sys=0.01, real=0.15 secs] 
2013-10-01T08:16:14.265+0000: 976.492: [CMS-concurrent-mark-start]
2013-10-01T08:16:18.058+0000: 980.296: [GC 980.305: [ParNew: 943744K->943744K(943744K), 0.0000410 secs]980.305: [CMS2013-10-01T08:16:20.708+0000: 982.935: [CMS-concurrent-mark: 6.333/6.443 secs] [Times: user=6.65 sys=1.20, real=6.46 secs] 
 (concurrent mode failure): 2981477K->2668409K(3145728K), 11.5666340 secs] 3925221K->2668409K(4089472K), [CMS Perm : 13457K->13457K(65536K)], 11.5816820 secs] [Times: user=11.84 sys=0.01, real=11.60 secs] 
2013-10-01T08:16:32.279+0000: 994.517: [GC 994.526: [ParNew: 838912K->104832K(943744K), 0.3710290 secs] 3507321K->2889571K(4089472K), 0.3864160 secs] [Times: user=0.88 sys=0.04, real=0.40 secs] 
2013-10-01T08:16:32.701+0000: 994.938: [GC [1 CMS-initial-mark: 2784739K(3145728K)] 2892033K(4089472K), 0.1504920 secs] [Times: user=0.16 sys=0.01, real=0.16 secs] 
2013-10-01T08:16:32.893+0000: 995.121: [CMS-concurrent-mark-start]
2013-10-01T08:16:37.452+0000: 999.679: [CMS-concurrent-mark: 4.558/4.558 secs] [Times: user=4.85 sys=0.32, real=4.57 secs] 
2013-10-01T08:16:37.483+0000: 999.710: [CMS-concurrent-preclean-start]
2013-10-01T08:16:39.116+0000: 1001.343: [CMS-concurrent-preclean: 0.626/1.633 secs] [Times: user=2.19 sys=1.25, real=1.65 secs] 
2013-10-01T08:16:39.135+0000: 1001.362: [CMS-concurrent-abortable-preclean-start]
2013-10-01T08:16:39.518+0000: 1001.756: [GC 1001.780: [ParNew: 943744K->104832K(943744K), 0.6244210 secs] 3728483K->3071934K(4089472K), 0.6403790 secs] [Times: user=1.18 sys=0.00, real=0.66 secs] 
2013-10-01T08:16:44.388+0000: 1006.633: [GC 1006.652: [ParNew: 943744K->943744K(943744K), 0.0000450 secs]1006.652: [CMS CMS: abort preclean due to time 2013-10-01T08:16:44.514+0000: 1006.742: [CMS-concurrent-abortable-preclean: 3.508/5.379 secs] [Times: user=5.79 sys=1.95, real=5.39 secs] 
 (concurrent mode failure): 2967102K->2641302K(3145728K), 8.9616910 secs] 3910846K->2641302K(4089472K), [CMS Perm : 13457K->13457K(65536K)], 8.9863720 secs] [Times: user=9.19 sys=0.05, real=9.00 secs] 
2013-10-01T08:16:56.095+0000: 1018.332: [GC 1018.341: [ParNew: 838912K->104832K(943744K), 0.2347860 secs] 3480214K->2864808K(4089472K), 0.2499500 secs] [Times: user=0.85 sys=0.02, real=0.26 secs] 
2013-10-01T08:16:56.380+0000: 1018.617: [GC [1 CMS-initial-mark: 2759976K(3145728K)] 2865631K(4089472K), 0.1398390 secs] [Times: user=0.15 sys=0.00, real=0.15 secs] 
2013-10-01T08:16:56.556+0000: 1018.783: [CMS-concurrent-mark-start]
2013-10-01T08:17:02.613+0000: 1024.851: [GC 1024.875: [ParNew: 943744K->104832K(943744K), 1.2478020 secs] 3703720K->3049828K(4089472K), 1.2782920 secs] [Times: user=1.16 sys=0.04, real=1.29 secs] 
2013-10-01T08:17:04.956+0000: 1027.183: [CMS-concurrent-mark: 7.104/8.400 secs] [Times: user=9.17 sys=2.01, real=8.42 secs] 
2013-10-01T08:17:04.975+0000: 1027.203: [CMS-concurrent-preclean-start]
2013-10-01T08:17:06.355+0000: 1028.582: [CMS-concurrent-preclean: 1.036/1.380 secs] [Times: user=1.09 sys=0.56, real=1.38 secs] 
2013-10-01T08:17:06.374+0000: 1028.602: [CMS-concurrent-abortable-preclean-start]
2013-10-01T08:17:06.374+0000: 1028.602: [CMS-concurrent-abortable-preclean: 0.000/0.000 secs] [Times: user=0.01 sys=0.01, real=0.00 secs] 
2013-10-01T08:17:06.392+0000: 1028.630: [GC[YG occupancy: 492235 K (943744 K)]1028.634: [Rescan (parallel) , 0.2245570 secs]1028.859: [weak refs processing, 0.0055230 secs]1028.864: [scrub string table, 0.0003660 secs] [1 CMS-remark: 2944996K(3145728K)] 3437231K(4089472K), 0.2348860 secs] [Times: user=0.55 sys=0.01, real=0.25 secs] 
2013-10-01T08:17:06.663+0000: 1028.891: [CMS-concurrent-sweep-start]
2013-10-01T08:17:07.729+0000: 1029.957: [CMS-concurrent-sweep: 1.066/1.066 secs] [Times: user=1.30 sys=0.15, real=1.08 secs] 
2013-10-01T08:17:07.771+0000: 1029.998: [CMS-concurrent-reset-start]
2013-10-01T08:17:07.820+0000: 1030.047: [CMS-concurrent-reset: 0.049/0.049 secs] [Times: user=0.05 sys=0.04, real=0.06 secs] 
2013-10-01T08:17:09.856+0000: 1032.094: [GC [1 CMS-initial-mark: 2633531K(3145728K)] 3544882K(4089472K), 0.5521240 secs] [Times: user=0.56 sys=0.02, real=0.56 secs] 
2013-10-01T08:17:10.461+0000: 1032.689: [CMS-concurrent-mark-start]
2013-10-01T08:17:10.606+0000: 1032.844: [GC 1032.859: [ParNew: 943744K->104832K(943744K), 0.5376200 secs] 3580938K->2954084K(4089472K), 0.5712520 secs] [Times: user=1.31 sys=0.02, real=0.58 secs] 
2013-10-01T08:17:11.234+0000: 1033.471: [GC 1033.479: [ParNew: 106875K->104799K(943744K), 0.2533500 secs] 2956127K->3059051K(4089472K), 0.2671160 secs] [Times: user=0.50 sys=0.05, real=0.28 secs] 
2013-10-01T08:17:14.449+0000: 1036.687: [GC 1036.696: [ParNew: 943711K->943711K(943744K), 0.0000410 secs]1036.696: [CMS2013-10-01T08:17:17.034+0000: 1039.262: [CMS-concurrent-mark: 5.453/6.573 secs] [Times: user=9.07 sys=1.36, real=6.58 secs] 
 (concurrent mode failure): 2954252K->2671300K(3145728K), 11.5686150 secs] 3897963K->2671300K(4089472K), [CMS Perm : 13457K->13457K(65536K)], 11.5839100 secs] [Times: user=11.83 sys=0.03, real=11.60 secs] 
2013-10-01T08:17:27.605+0000: 1049.842: [GC 1049.852: [ParNew: 838911K->104832K(943744K), 0.3693120 secs] 3510211K->2873903K(4089472K), 0.3851160 secs] [Times: user=0.96 sys=0.00, real=0.39 secs] 
2013-10-01T08:17:28.024+0000: 1050.261: [GC [1 CMS-initial-mark: 2769071K(3145728K)] 2874084K(4089472K), 0.1568100 secs] [Times: user=0.15 sys=0.01, real=0.16 secs] 
2013-10-01T08:17:28.217+0000: 1050.444: [CMS-concurrent-mark-start]
2013-10-01T08:17:33.181+0000: 1055.409: [CMS-concurrent-mark: 4.964/4.964 secs] [Times: user=6.46 sys=1.04, real=4.97 secs] 
2013-10-01T08:17:33.202+0000: 1055.429: [CMS-concurrent-preclean-start]
2013-10-01T08:17:33.373+0000: 1055.611: [GC 1055.642: [ParNew: 943744K->104832K(943744K), 0.6752590 secs] 3712815K->3073656K(4089472K), 0.6912020 secs] [Times: user=1.14 sys=0.02, real=0.72 secs] 
2013-10-01T08:17:34.922+0000: 1057.149: [CMS-concurrent-preclean: 0.497/1.720 secs] [Times: user=2.27 sys=0.56, real=1.72 secs] 
2013-10-01T08:17:34.950+0000: 1057.178: [CMS-concurrent-abortable-preclean-start]
2013-10-01T08:17:34.950+0000: 1057.178: [CMS-concurrent-abortable-preclean: 0.000/0.000 secs] [Times: user=0.01 sys=0.02, real=0.01 secs] 
2013-10-01T08:17:34.969+0000: 1057.206: [GC[YG occupancy: 362111 K (943744 K)]1057.210: [Rescan (parallel) , 0.5548420 secs]1057.765: [weak refs processing, 0.0060000 secs]1057.771: [scrub string table, 0.0003660 secs] [1 CMS-remark: 2968824K(3145728K)] 3330936K(4089472K), 0.5655540 secs] [Times: user=1.00 sys=0.00, real=0.58 secs] 
2013-10-01T08:17:35.584+0000: 1057.812: [CMS-concurrent-sweep-start]
2013-10-01T08:17:37.288+0000: 1059.515: [CMS-concurrent-sweep: 1.703/1.703 secs] [Times: user=1.77 sys=0.23, real=1.72 secs] 
2013-10-01T08:17:37.308+0000: 1059.536: [CMS-concurrent-reset-start]
2013-10-01T08:17:37.317+0000: 1059.544: [CMS-concurrent-reset: 0.009/0.009 secs] [Times: user=0.01 sys=0.01, real=0.02 secs] 
2013-10-01T08:17:39.337+0000: 1061.576: [GC [1 CMS-initial-mark: 2635693K(3145728K)] 3464517K(4089472K), 0.5144120 secs] [Times: user=0.53 sys=0.01, real=0.52 secs] 
2013-10-01T08:17:39.889+0000: 1062.117: [CMS-concurrent-mark-start]
2013-10-01T08:17:40.129+0000: 1062.366: [GC 1062.376: [ParNew: 943744K->104832K(943744K), 0.4800700 secs] 3579437K->2953663K(4089472K), 0.4957390 secs] [Times: user=1.23 sys=0.03, real=0.51 secs] 
2013-10-01T08:17:45.330+0000: 1067.568: [GC 1067.577: [ParNew: 943744K->104832K(943744K), 0.5860530 secs] 3792575K->3176649K(4089472K), 0.6014520 secs] [Times: user=1.15 sys=0.03, real=0.61 secs] 
2013-10-01T08:17:46.599+0000: 1068.827: [CMS-concurrent-mark: 5.548/6.710 secs] [Times: user=10.29 sys=1.41, real=6.72 secs] 
2013-10-01T08:17:46.619+0000: 1068.846: [CMS-concurrent-preclean-start]
2013-10-01T08:17:48.101+0000: 1070.328: [CMS-concurrent-preclean: 1.122/1.482 secs] [Times: user=1.09 sys=0.58, real=1.49 secs] 
2013-10-01T08:17:48.120+0000: 1070.348: [CMS-concurrent-abortable-preclean-start]
2013-10-01T08:17:48.120+0000: 1070.348: [CMS-concurrent-abortable-preclean: 0.000/0.000 secs] [Times: user=0.00 sys=0.00, real=0.01 secs] 
2013-10-01T08:17:48.139+0000: 1070.376: [GC[YG occupancy: 377482 K (943744 K)]1070.379: [Rescan (parallel) , 0.1276920 secs]1070.507: [weak refs processing, 0.0087810 secs]1070.516: [scrub string table, 0.0003710 secs] [1 CMS-remark: 3071817K(3145728K)] 3449300K(4089472K), 0.1406680 secs] [Times: user=0.45 sys=0.00, real=0.16 secs] 
2013-10-01T08:17:48.320+0000: 1070.547: [CMS-concurrent-sweep-start]
2013-10-01T08:17:49.411+0000: 1071.639: [CMS-concurrent-sweep: 1.091/1.091 secs] [Times: user=1.16 sys=0.01, real=1.11 secs] 
2013-10-01T08:17:49.430+0000: 1071.658: [CMS-concurrent-reset-start]
2013-10-01T08:17:49.438+0000: 1071.666: [CMS-concurrent-reset: 0.008/0.008 secs] [Times: user=0.01 sys=0.00, real=0.02 secs] 
2013-10-01T08:17:51.458+0000: 1073.695: [GC [1 CMS-initial-mark: 2710412K(3145728K)] 3093695K(4089472K), 0.2249700 secs] [Times: user=0.23 sys=0.00, real=0.24 secs] 
2013-10-01T08:17:51.719+0000: 1073.946: [CMS-concurrent-mark-start]
2013-10-01T08:17:55.778+0000: 1078.006: [CMS-concurrent-mark: 4.059/4.059 secs] [Times: user=4.12 sys=0.00, real=4.07 secs] 
2013-10-01T08:17:55.797+0000: 1078.025: [CMS-concurrent-preclean-start]
2013-10-01T08:17:55.872+0000: 1078.100: [CMS-concurrent-preclean: 0.061/0.075 secs] [Times: user=0.07 sys=0.00, real=0.09 secs] 
2013-10-01T08:17:55.891+0000: 1078.119: [CMS-concurrent-abortable-preclean-start]
2013-10-01T08:17:58.290+0000: 1080.528: [GC 1080.538: [ParNew: 943744K->104832K(943744K), 0.4899060 secs] 3654156K->2990798K(4089472K), 0.5066420 secs] [Times: user=1.21 sys=0.01, real=0.52 secs] 
 CMS: abort preclean due to time 2013-10-01T08:18:01.856+0000: 1084.084: [CMS-concurrent-abortable-preclean: 4.774/5.965 secs] [Times: user=8.66 sys=3.17, real=5.98 secs] 
2013-10-01T08:18:01.876+0000: 1084.117: [GC[YG occupancy: 724614 K (943744 K)]1084.121: [Rescan (parallel) , 0.2574950 secs]1084.379: [weak refs processing, 0.0064340 secs]1084.385: [scrub string table, 0.0003720 secs] [1 CMS-remark: 2885966K(3145728K)] 3610580K(4089472K), 0.2689610 secs] [Times: user=0.53 sys=0.00, real=0.28 secs] 
2013-10-01T08:18:02.358+0000: 1084.586: [CMS-concurrent-sweep-start]
2013-10-01T08:18:03.291+0000: 1085.528: [GC 1085.538: [ParNew: 943744K->104832K(943744K), 0.4962450 secs] 3828473K->3177244K(4089472K), 0.5118830 secs] [Times: user=1.12 sys=0.04, real=0.53 secs] 
2013-10-01T08:18:04.268+0000: 1086.495: [CMS-concurrent-sweep: 1.360/1.909 secs] [Times: user=3.33 sys=0.51, real=2.10 secs] 
2013-10-01T08:18:04.308+0000: 1086.535: [CMS-concurrent-reset-start]
2013-10-01T08:18:04.320+0000: 1086.548: [CMS-concurrent-reset: 0.013/0.013 secs] [Times: user=0.03 sys=0.03, real=0.03 secs] 
2013-10-01T08:18:06.409+0000: 1088.661: [GC [1 CMS-initial-mark: 2889470K(3145728K)] 3434642K(4089472K), 0.6665730 secs] [Times: user=0.40 sys=0.05, real=0.70 secs] 
2013-10-01T08:18:07.153+0000: 1089.381: [CMS-concurrent-mark-start]
2013-10-01T08:18:09.600+0000: 1091.838: [GC 1091.848: [ParNew: 943719K->104832K(943744K), 0.8659500 secs] 3833190K->3207687K(4089472K), 0.8822590 secs] [Times: user=1.23 sys=0.04, real=0.89 secs] 
2013-10-01T08:18:14.079+0000: 1096.306: [CMS-concurrent-mark: 6.001/6.926 secs] [Times: user=8.66 sys=1.42, real=6.95 secs] 
2013-10-01T08:18:14.100+0000: 1096.327: [CMS-concurrent-preclean-start]
2013-10-01T08:18:15.076+0000: 1097.314: [GC 1097.323: [ParNew: 943744K->943744K(943744K), 0.0000570 secs]1097.323: [CMS2013-10-01T08:18:15.830+0000: 1098.057: [CMS-concurrent-preclean: 1.218/1.730 secs] [Times: user=1.84 sys=0.82, real=1.74 secs] 
 (concurrent mode failure): 3102855K->2701845K(3145728K), 9.9382480 secs] 4046599K->2701845K(4089472K), [CMS Perm : 13457K->13457K(65536K)], 9.9535480 secs] [Times: user=9.84 sys=0.30, real=9.97 secs] 
2013-10-01T08:18:27.066+0000: 1109.303: [GC [1 CMS-initial-mark: 2701845K(3145728K)] 3078603K(4089472K), 0.2783530 secs] [Times: user=0.30 sys=0.01, real=0.29 secs] 
2013-10-01T08:18:27.381+0000: 1109.608: [CMS-concurrent-mark-start]
2013-10-01T08:18:28.900+0000: 1111.138: [GC 1111.147: [ParNew: 838912K->104832K(943744K), 0.3652110 secs] 3540757K->2929976K(4089472K), 0.3809240 secs] [Times: user=1.05 sys=0.01, real=0.39 secs] 
2013-10-01T08:18:32.826+0000: 1115.053: [CMS-concurrent-mark: 5.028/5.445 secs] [Times: user=9.54 sys=1.93, real=5.46 secs] 
2013-10-01T08:18:32.857+0000: 1115.084: [CMS-concurrent-preclean-start]
2013-10-01T08:18:33.032+0000: 1115.270: [GC 1115.280: [ParNew: 943736K->104832K(943744K), 0.6762240 secs] 3768881K->3131448K(4089472K), 0.6930560 secs] [Times: user=1.18 sys=0.02, real=0.70 secs] 
2013-10-01T08:18:37.503+0000: 1119.730: [CMS-concurrent-preclean: 2.179/4.646 secs] [Times: user=4.79 sys=1.65, real=4.66 secs] 
2013-10-01T08:18:37.523+0000: 1119.751: [CMS-concurrent-abortable-preclean-start]
2013-10-01T08:18:37.523+0000: 1119.751: [CMS-concurrent-abortable-preclean: 0.000/0.000 secs] [Times: user=0.02 sys=0.00, real=0.01 secs] 
2013-10-01T08:18:37.542+0000: 1119.779: [GC[YG occupancy: 726696 K (943744 K)]1119.784: [Rescan (parallel) , 0.3770580 secs]1120.161: [weak refs processing, 0.0046400 secs]1120.166: [scrub string table, 0.0003720 secs] [1 CMS-remark: 3026616K(3145728K)] 3753313K(4089472K), 0.3865400 secs] [Times: user=0.54 sys=0.02, real=0.39 secs] 
2013-10-01T08:18:38.763+0000: 1120.991: [CMS-concurrent-sweep-start]
2013-10-01T08:18:38.800+0000: 1121.038: [GC 1121.047: [ParNew: 943743K->943743K(943744K), 0.0000410 secs]1121.048: [CMS2013-10-01T08:18:40.032+0000: 1122.260: [CMS-concurrent-sweep: 1.144/1.269 secs] [Times: user=1.81 sys=0.36, real=1.97 secs] 
 (concurrent mode failure): 3026615K->2732438K(3145728K), 10.3246590 secs] 3970359K->2732438K(4089472K), [CMS Perm : 13457K->13457K(65536K)], 10.3623610 secs] [Times: user=10.45 sys=0.09, real=10.37 secs] 
2013-10-01T08:18:51.473+0000: 1133.711: [GC 1133.720: [ParNew: 838912K->104832K(943744K), 0.2911040 secs] 3571350K->2944373K(4089472K), 0.3066250 secs] [Times: user=0.90 sys=0.01, real=0.32 secs] 
2013-10-01T08:18:51.817+0000: 1134.054: [GC [1 CMS-initial-mark: 2839541K(3145728K)] 2946481K(4089472K), 0.1463040 secs] [Times: user=0.15 sys=0.00, real=0.16 secs] 
2013-10-01T08:18:52.000+0000: 1134.228: [CMS-concurrent-mark-start]
2013-10-01T08:18:56.855+0000: 1139.082: [CMS-concurrent-mark: 4.855/4.855 secs] [Times: user=5.42 sys=0.54, real=4.86 secs] 
2013-10-01T08:18:56.876+0000: 1139.104: [CMS-concurrent-preclean-start]
2013-10-01T08:18:59.118+0000: 1141.358: [GC 1141.368: [ParNew: 943744K->104832K(943744K), 0.8804470 secs] 3783285K->3173558K(4089472K), 0.8966420 secs] [Times: user=1.39 sys=0.06, real=0.92 secs] 
2013-10-01T08:19:00.085+0000: 1142.312: [CMS-concurrent-preclean: 1.966/3.209 secs] [Times: user=3.34 sys=1.22, real=3.22 secs] 
2013-10-01T08:19:00.117+0000: 1142.345: [CMS-concurrent-abortable-preclean-start]
2013-10-01T08:19:00.117+0000: 1142.345: [CMS-concurrent-abortable-preclean: 0.000/0.000 secs] [Times: user=0.02 sys=0.01, real=0.01 secs] 
2013-10-01T08:19:00.138+0000: 1142.375: [GC[YG occupancy: 142281 K (943744 K)]1142.378: [Rescan (parallel) , 0.2766090 secs]1142.655: [weak refs processing, 0.0056170 secs]1142.661: [scrub string table, 0.0003680 secs] [1 CMS-remark: 3068726K(3145728K)] 3211007K(4089472K), 0.2864090 secs] [Times: user=0.83 sys=0.00, real=0.30 secs] 
2013-10-01T08:19:00.463+0000: 1142.690: [CMS-concurrent-sweep-start]
2013-10-01T08:19:02.084+0000: 1144.312: [CMS-concurrent-sweep: 1.622/1.622 secs] [Times: user=3.01 sys=0.94, real=1.63 secs] 
2013-10-01T08:19:02.109+0000: 1144.337: [CMS-concurrent-reset-start]
2013-10-01T08:19:02.117+0000: 1144.345: [CMS-concurrent-reset: 0.008/0.008 secs] [Times: user=0.02 sys=0.02, real=0.02 secs] 
2013-10-01T08:19:03.192+0000: 1145.431: [GC 1145.440: [ParNew: 943738K->104832K(943744K), 0.6233640 secs] 3691537K->3042919K(4089472K), 0.6394460 secs] [Times: user=1.10 sys=0.01, real=0.65 secs] 
2013-10-01T08:19:04.042+0000: 1146.279: [GC [1 CMS-initial-mark: 2938087K(3145728K)] 3101111K(4089472K), 0.1668440 secs] [Times: user=0.18 sys=0.02, real=0.17 secs] 
2013-10-01T08:19:04.248+0000: 1146.475: [CMS-concurrent-mark-start]
2013-10-01T08:19:08.562+0000: 1150.789: [CMS-concurrent-mark: 4.314/4.314 secs] [Times: user=6.56 sys=0.85, real=4.33 secs] 
2013-10-01T08:19:08.583+0000: 1150.810: [CMS-concurrent-preclean-start]
2013-10-01T08:19:08.652+0000: 1150.889: [GC 1150.899: [ParNew: 943743K->943743K(943744K), 0.0000410 secs]1150.899: [CMS2013-10-01T08:19:09.617+0000: 1151.845: [CMS-concurrent-preclean: 0.696/1.034 secs] [Times: user=0.75 sys=0.36, real=1.05 secs] 
 (concurrent mode failure): 2938087K->2698142K(3145728K), 9.9799890 secs] 3881831K->2698142K(4089472K), [CMS Perm : 13457K->13457K(65536K)], 9.9956450 secs] [Times: user=9.78 sys=0.33, real=10.01 secs] 
2013-10-01T08:19:20.687+0000: 1162.924: [GC [1 CMS-initial-mark: 2698142K(3145728K)] 3223700K(4089472K), 0.3829220 secs] [Times: user=0.39 sys=0.01, real=0.40 secs] 
2013-10-01T08:19:21.112+0000: 1163.340: [CMS-concurrent-mark-start]
2013-10-01T08:19:21.759+0000: 1163.997: [GC 1164.006: [ParNew: 838912K->104832K(943744K), 0.5605340 secs] 3537054K->2927371K(4089472K), 0.5769380 secs] [Times: user=0.96 sys=0.01, real=0.58 secs] 
2013-10-01T08:19:27.216+0000: 1169.444: [CMS-concurrent-mark: 5.491/6.104 secs] [Times: user=7.83 sys=0.99, real=6.12 secs] 
2013-10-01T08:19:27.243+0000: 1169.471: [CMS-concurrent-preclean-start]
2013-10-01T08:19:28.184+0000: 1170.412: [CMS-concurrent-preclean: 0.687/0.941 secs] [Times: user=1.12 sys=0.51, real=0.95 secs] 
2013-10-01T08:19:28.204+0000: 1170.432: [CMS-concurrent-abortable-preclean-start]
2013-10-01T08:19:28.686+0000: 1170.924: [GC 1170.934: [ParNew: 943744K->104832K(943744K), 0.4837760 secs] 3766283K->3125428K(4089472K), 0.5174310 secs] [Times: user=1.12 sys=0.02, real=0.53 secs] 
2013-10-01T08:19:31.109+0000: 1173.337: [CMS-concurrent-abortable-preclean: 1.862/2.905 secs] [Times: user=3.48 sys=0.82, real=2.92 secs] 
2013-10-01T08:19:31.131+0000: 1173.368: [GC[YG occupancy: 349836 K (943744 K)]1173.372: [Rescan (parallel) , 0.1476020 secs]1173.520: [weak refs processing, 0.0037220 secs]1173.524: [scrub string table, 0.0003800 secs] [1 CMS-remark: 3020596K(3145728K)] 3370433K(4089472K), 0.1556210 secs] [Times: user=0.31 sys=0.01, real=0.17 secs] 
2013-10-01T08:19:31.791+0000: 1174.018: [CMS-concurrent-sweep-start]
2013-10-01T08:19:33.319+0000: 1175.547: [CMS-concurrent-sweep: 1.528/1.528 secs] [Times: user=2.20 sys=0.76, real=1.54 secs] 
2013-10-01T08:19:33.340+0000: 1175.567: [CMS-concurrent-reset-start]
2013-10-01T08:19:33.348+0000: 1175.575: [CMS-concurrent-reset: 0.008/0.008 secs] [Times: user=0.03 sys=0.01, real=0.02 secs] 
2013-10-01T08:19:33.776+0000: 1176.015: [GC 1176.026: [ParNew: 943744K->104832K(943744K), 0.7656090 secs] 3706865K->3078465K(4089472K), 0.7840010 secs] [Times: user=1.20 sys=0.02, real=0.79 secs] 
2013-10-01T08:19:35.279+0000: 1177.517: [GC [1 CMS-initial-mark: 2973633K(3145728K)] 3310189K(4089472K), 0.2404500 secs] [Times: user=0.25 sys=0.01, real=0.25 secs] 
2013-10-01T08:19:35.575+0000: 1177.803: [CMS-concurrent-mark-start]
2013-10-01T08:19:38.372+0000: 1180.610: [GC 1180.619: [ParNew: 943744K->943744K(943744K), 0.0000420 secs]1180.619: [CMS2013-10-01T08:19:40.426+0000: 1182.653: [CMS-concurrent-mark: 4.729/4.851 secs] [Times: user=6.22 sys=0.77, real=4.88 secs] 
 (concurrent mode failure): 2973633K->2724164K(3145728K), 11.1162830 secs] 3917377K->2724164K(4089472K), [CMS Perm : 13457K->13457K(65536K)], 11.1316690 secs] [Times: user=11.30 sys=0.04, real=11.14 secs] 
2013-10-01T08:19:51.540+0000: 1193.778: [GC [1 CMS-initial-mark: 2724164K(3145728K)] 3335106K(4089472K), 0.4044780 secs] [Times: user=0.43 sys=0.02, real=0.41 secs] 
2013-10-01T08:19:51.981+0000: 1194.209: [CMS-concurrent-mark-start]
2013-10-01T08:19:52.278+0000: 1194.516: [GC 1194.525: [ParNew: 838912K->104832K(943744K), 0.2517630 secs] 3563076K->2955138K(4089472K), 0.2672220 secs] [Times: user=0.91 sys=0.04, real=0.28 secs] 
2013-10-01T08:19:57.379+0000: 1199.606: [CMS-concurrent-mark: 5.094/5.398 secs] [Times: user=8.20 sys=1.31, real=5.41 secs] 
2013-10-01T08:19:57.398+0000: 1199.626: [CMS-concurrent-preclean-start]
2013-10-01T08:19:57.420+0000: 1199.657: [GC 1199.666: [ParNew: 943744K->104832K(943744K), 0.6546020 secs] 3794050K->3148037K(4089472K), 0.6699920 secs] [Times: user=1.24 sys=0.03, real=0.68 secs] 
2013-10-01T08:20:00.637+0000: 1202.864: [CMS-concurrent-preclean: 1.762/3.238 secs] [Times: user=4.37 sys=1.29, real=3.25 secs] 
2013-10-01T08:20:00.655+0000: 1202.883: [CMS-concurrent-abortable-preclean-start]
2013-10-01T08:20:00.655+0000: 1202.883: [CMS-concurrent-abortable-preclean: 0.000/0.000 secs] [Times: user=0.01 sys=0.01, real=0.00 secs] 
2013-10-01T08:20:00.673+0000: 1202.910: [GC[YG occupancy: 442774 K (943744 K)]1202.914: [Rescan (parallel) , 0.1158300 secs]1203.030: [weak refs processing, 0.0038780 secs]1203.034: [scrub string table, 0.0003640 secs] [1 CMS-remark: 3043205K(3145728K)] 3485979K(4089472K), 0.1239980 secs] [Times: user=0.35 sys=0.01, real=0.14 secs] 
2013-10-01T08:20:00.833+0000: 1203.061: [CMS-concurrent-sweep-start]
2013-10-01T08:20:02.722+0000: 1204.950: [CMS-concurrent-sweep: 1.889/1.889 secs] [Times: user=3.06 sys=0.82, real=1.90 secs] 
2013-10-01T08:20:02.793+0000: 1205.021: [CMS-concurrent-reset-start]
2013-10-01T08:20:02.956+0000: 1205.184: [CMS-concurrent-reset: 0.163/0.163 secs] [Times: user=0.28 sys=0.10, real=0.23 secs] 
2013-10-01T08:20:05.082+0000: 1207.318: [GC [1 CMS-initial-mark: 2759543K(3145728K)] 3703287K(4089472K), 0.5389050 secs] [Times: user=0.56 sys=0.02, real=0.55 secs] 
2013-10-01T08:20:05.652+0000: 1207.879: [CMS-concurrent-mark-start]
2013-10-01T08:20:06.682+0000: 1208.918: [GC 1208.986: [ParNew: 943744K->104832K(943744K), 0.6509850 secs] 3713060K->3014773K(4089472K), 0.6709160 secs] [Times: user=1.06 sys=0.02, real=0.74 secs] 
2013-10-01T08:20:08.863+0000: 1211.099: [GC 1211.106: [ParNew: 601867K->104832K(943744K), 0.3728680 secs] 3511809K->3121061K(4089472K), 0.3849460 secs] [Times: user=0.73 sys=0.00, real=0.40 secs] 
2013-10-01T08:20:14.489+0000: 1216.717: [CMS-concurrent-mark: 6.628/8.837 secs] [Times: user=13.93 sys=3.32, real=8.85 secs] 
2013-10-01T08:20:14.500+0000: 1216.727: [CMS-concurrent-preclean-start]
2013-10-01T08:20:15.241+0000: 1217.468: [CMS-concurrent-preclean: 0.556/0.741 secs] [Times: user=0.59 sys=0.27, real=0.75 secs] 
2013-10-01T08:20:15.251+0000: 1217.478: [CMS-concurrent-abortable-preclean-start]
2013-10-01T08:20:15.251+0000: 1217.478: [CMS-concurrent-abortable-preclean: 0.000/0.000 secs] [Times: user=0.00 sys=0.00, real=0.01 secs] 
2013-10-01T08:20:15.261+0000: 1217.494: [GC[YG occupancy: 656133 K (943744 K)]1217.495: [Rescan (parallel) , 0.2325850 secs]1217.728: [weak refs processing, 0.0171540 secs]1217.745: [scrub string table, 0.0003700 secs] [1 CMS-remark: 3016229K(3145728K)] 3672362K(4089472K), 0.2525210 secs] [Times: user=0.46 sys=0.00, real=0.26 secs] 
2013-10-01T08:20:15.542+0000: 1217.770: [CMS-concurrent-sweep-start]
2013-10-01T08:20:16.973+0000: 1219.201: [CMS-concurrent-sweep: 1.246/1.431 secs] [Times: user=1.46 sys=0.00, real=1.43 secs] 
2013-10-01T08:20:16.984+0000: 1219.212: [CMS-concurrent-reset-start]
2013-10-01T08:20:16.992+0000: 1219.219: [CMS-concurrent-reset: 0.008/0.008 secs] [Times: user=0.01 sys=0.00, real=0.01 secs] 
2013-10-01T08:20:21.770+0000: 1224.002: [GC 1224.008: [ParNew: 943744K->104832K(943744K), 0.3962480 secs] 3065567K->2289441K(4089472K), 0.4050090 secs] [Times: user=0.71 sys=0.04, real=0.41 secs] 
2013-10-01T08:20:25.772+0000: 1228.002: [GC 1228.004: [ParNew: 943744K->104832K(943744K), 0.2485050 secs] 3128353K->2381734K(4089472K), 0.2513340 secs] [Times: user=0.57 sys=0.02, real=0.25 secs] 
Heap
 par new generation   total 943744K, used 746371K [0x00000006f8000000, 0x0000000738000000, 0x0000000738000000)
  eden space 838912K,  76% used [0x00000006f8000000, 0x000000071f280f28, 0x000000072b340000)
  from space 104832K, 100% used [0x00000007319a0000, 0x0000000738000000, 0x0000000738000000)
  to   space 104832K,   0% used [0x000000072b340000, 0x000000072b340000, 0x00000007319a0000)
 concurrent mark-sweep generation total 3145728K, used 2276902K [0x0000000738000000, 0x00000007f8000000, 0x00000007f8000000)
 concurrent-mark-sweep perm gen total 65536K, used 13476K [0x00000007f8000000, 0x00000007fc000000, 0x0000000800000000)
