2013-10-01T09:33:12.903+0000: 29.068: [GC 29.068: [ParNew: 838912K->31983K(943744K), 0.0795690 secs] 838912K->31983K(4089472K), 0.0797170 secs] [Times: user=0.19 sys=0.06, real=0.08 secs] 
2013-10-01T09:33:32.606+0000: 48.771: [GC 48.771: [ParNew: 870895K->29599K(943744K), 0.0793250 secs] 870895K->29599K(4089472K), 0.0794400 secs] [Times: user=0.25 sys=0.04, real=0.08 secs] 
2013-10-01T09:33:49.552+0000: 65.717: [GC 65.717: [ParNew: 868511K->21985K(943744K), 0.2309000 secs] 868511K->35621K(4089472K), 0.2310120 secs] [Times: user=0.37 sys=0.08, real=0.23 secs] 
2013-10-01T09:34:03.249+0000: 79.414: [GC 79.414: [ParNew: 860897K->25738K(943744K), 0.1015900 secs] 874533K->41699K(4089472K), 0.1016980 secs] [Times: user=0.23 sys=0.00, real=0.10 secs] 
2013-10-01T09:34:15.999+0000: 92.164: [GC 92.164: [ParNew: 864650K->37693K(943744K), 0.0580720 secs] 880611K->56679K(4089472K), 0.0581900 secs] [Times: user=0.24 sys=0.00, real=0.05 secs] 
2013-10-01T09:34:27.903+0000: 104.068: [GC 104.068: [ParNew: 876605K->24987K(943744K), 0.0653130 secs] 895591K->49260K(4089472K), 0.0654240 secs] [Times: user=0.25 sys=0.01, real=0.07 secs] 
2013-10-01T09:34:38.101+0000: 114.266: [GC 114.266: [ParNew: 863899K->38667K(943744K), 0.0758340 secs] 888172K->68027K(4089472K), 0.0759350 secs] [Times: user=0.24 sys=0.02, real=0.08 secs] 
2013-10-01T09:34:47.802+0000: 123.967: [GC 123.967: [ParNew: 877579K->33743K(943744K), 0.0786460 secs] 906939K->69148K(4089472K), 0.0787700 secs] [Times: user=0.25 sys=0.02, real=0.08 secs] 
2013-10-01T09:34:57.403+0000: 133.568: [GC 133.568: [ParNew: 872655K->40596K(943744K), 0.0644270 secs] 908060K->82955K(4089472K), 0.0645410 secs] [Times: user=0.24 sys=0.02, real=0.06 secs] 
2013-10-01T09:35:06.001+0000: 142.166: [GC 142.167: [ParNew: 879508K->34065K(943744K), 0.0781090 secs] 921867K->82162K(4089472K), 0.0782120 secs] [Times: user=0.25 sys=0.02, real=0.07 secs] 
2013-10-01T09:35:14.206+0000: 150.371: [GC 150.371: [ParNew: 872977K->44759K(943744K), 0.0732610 secs] 921074K->99788K(4089472K), 0.0733690 secs] [Times: user=0.27 sys=0.00, real=0.07 secs] 
2013-10-01T09:35:22.349+0000: 158.514: [GC 158.514: [ParNew: 883671K->30014K(943744K), 0.0753300 secs] 938700K->92792K(4089472K), 0.0754490 secs] [Times: user=0.27 sys=0.03, real=0.07 secs] 
2013-10-01T09:35:30.248+0000: 166.413: [GC 166.413: [ParNew: 868926K->43939K(943744K), 0.0738930 secs] 931704K->113386K(4089472K), 0.0740150 secs] [Times: user=0.27 sys=0.00, real=0.08 secs] 
2013-10-01T09:35:37.401+0000: 173.566: [GC 173.566: [ParNew: 882851K->33796K(943744K), 0.1225980 secs] 952298K->110277K(4089472K), 0.1226970 secs] [Times: user=0.28 sys=0.00, real=0.13 secs] 
2013-10-01T09:35:44.406+0000: 180.571: [GC 180.571: [ParNew: 872708K->40119K(943744K), 0.0818250 secs] 949189K->123569K(4089472K), 0.0819340 secs] [Times: user=0.27 sys=0.00, real=0.08 secs] 
2013-10-01T09:35:51.406+0000: 187.571: [GC 187.571: [ParNew: 879031K->37115K(943744K), 0.0803600 secs] 962481K->127512K(4089472K), 0.0804690 secs] [Times: user=0.26 sys=0.01, real=0.08 secs] 
2013-10-01T09:35:58.161+0000: 194.326: [GC 194.326: [ParNew: 876027K->37493K(943744K), 0.0834640 secs] 966424K->134516K(4089472K), 0.1115740 secs] [Times: user=0.26 sys=0.01, real=0.11 secs] 
2013-10-01T09:36:04.659+0000: 200.824: [GC 200.824: [ParNew: 876405K->36958K(943744K), 0.0757610 secs] 973428K->140373K(4089472K), 0.0758800 secs] [Times: user=0.26 sys=0.01, real=0.07 secs] 
2013-10-01T09:36:10.897+0000: 207.062: [GC 207.062: [ParNew: 875870K->37542K(943744K), 0.0744620 secs] 979285K->147187K(4089472K), 0.0745800 secs] [Times: user=0.25 sys=0.02, real=0.08 secs] 
2013-10-01T09:36:17.106+0000: 213.271: [GC 213.271: [ParNew: 876454K->31705K(943744K), 0.1231110 secs] 986099K->147998K(4089472K), 0.1232170 secs] [Times: user=0.27 sys=0.01, real=0.13 secs] 
2013-10-01T09:36:23.146+0000: 219.311: [GC 219.311: [ParNew: 870617K->37931K(943744K), 0.0694790 secs] 986910K->160545K(4089472K), 0.0695880 secs] [Times: user=0.26 sys=0.01, real=0.07 secs] 
2013-10-01T09:36:29.011+0000: 225.176: [GC 225.176: [ParNew: 876843K->30860K(943744K), 0.1080980 secs] 999457K->159465K(4089472K), 0.1082530 secs] [Times: user=0.28 sys=0.00, real=0.11 secs] 
2013-10-01T09:36:34.508+0000: 230.673: [GC 230.673: [ParNew: 869772K->37229K(943744K), 0.1110620 secs] 998377K->171397K(4089472K), 0.1111760 secs] [Times: user=0.28 sys=0.01, real=0.11 secs] 
2013-10-01T09:36:39.811+0000: 235.976: [GC 235.977: [ParNew: 876141K->38351K(943744K), 0.0983020 secs] 1010309K->178716K(4089472K), 0.0984150 secs] [Times: user=0.27 sys=0.02, real=0.10 secs] 
2013-10-01T09:36:44.800+0000: 240.965: [GC 240.965: [ParNew: 877263K->38232K(943744K), 0.0984810 secs] 1017628K->184627K(4089472K), 0.0985960 secs] [Times: user=0.29 sys=0.00, real=0.10 secs] 
2013-10-01T09:36:50.148+0000: 246.313: [GC 246.313: [ParNew: 877144K->37711K(943744K), 0.0977720 secs] 1023539K->189733K(4089472K), 0.0978890 secs] [Times: user=0.26 sys=0.00, real=0.10 secs] 
2013-10-01T09:36:55.326+0000: 251.491: [GC 251.491: [ParNew: 876623K->31340K(943744K), 0.1379720 secs] 1028645K->189234K(4089472K), 0.1380840 secs] [Times: user=0.26 sys=0.01, real=0.13 secs] 
2013-10-01T09:37:00.125+0000: 256.290: [GC 256.290: [ParNew: 870252K->37135K(943744K), 0.1195190 secs] 1028146K->200379K(4089472K), 0.1196320 secs] [Times: user=0.24 sys=0.01, real=0.12 secs] 
2013-10-01T09:37:04.725+0000: 260.890: [GC 260.890: [ParNew: 876047K->30543K(943744K), 0.0986560 secs] 1039291K->199206K(4089472K), 0.0987760 secs] [Times: user=0.27 sys=0.00, real=0.10 secs] 
2013-10-01T09:37:09.469+0000: 265.634: [GC 265.634: [ParNew: 869455K->35912K(943744K), 0.1114370 secs] 1038118K->209555K(4089472K), 0.1115400 secs] [Times: user=0.26 sys=0.03, real=0.11 secs] 
2013-10-01T09:37:13.716+0000: 269.881: [GC 269.881: [ParNew: 874824K->36527K(943744K), 0.1049680 secs] 1048467K->215399K(4089472K), 0.1148660 secs] [Times: user=0.26 sys=0.01, real=0.11 secs] 
2013-10-01T09:37:18.163+0000: 274.328: [GC 274.328: [ParNew: 875439K->37722K(943744K), 0.1000950 secs] 1054311K->221603K(4089472K), 0.1002020 secs] [Times: user=0.25 sys=0.01, real=0.10 secs] 
2013-10-01T09:37:22.711+0000: 278.876: [GC 278.876: [ParNew: 876634K->38034K(943744K), 0.1016470 secs] 1060515K->227750K(4089472K), 0.1017550 secs] [Times: user=0.26 sys=0.00, real=0.10 secs] 
2013-10-01T09:37:27.057+0000: 283.222: [GC 283.223: [ParNew: 876946K->37700K(943744K), 0.1682110 secs] 1066662K->233109K(4089472K), 0.1683090 secs] [Times: user=0.27 sys=0.00, real=0.17 secs] 
2013-10-01T09:37:31.174+0000: 287.339: [GC 287.339: [ParNew: 876612K->36799K(943744K), 0.1117180 secs] 1072021K->237087K(4089472K), 0.1118390 secs] [Times: user=0.25 sys=0.00, real=0.11 secs] 
2013-10-01T09:37:35.329+0000: 291.494: [GC 291.494: [ParNew: 875711K->30349K(943744K), 0.1581770 secs] 1075999K->235533K(4089472K), 0.1582900 secs] [Times: user=0.27 sys=0.01, real=0.16 secs] 
2013-10-01T09:37:39.345+0000: 295.510: [GC 295.510: [ParNew: 869261K->37384K(943744K), 0.0931270 secs] 1074445K->247523K(4089472K), 0.2850180 secs] [Times: user=0.26 sys=0.01, real=0.28 secs] 
2013-10-01T09:37:43.266+0000: 299.431: [GC 299.431: [ParNew: 876296K->38122K(943744K), 0.2782260 secs] 1086435K->253928K(4089472K), 0.2783200 secs] [Times: user=0.26 sys=0.01, real=0.28 secs] 
2013-10-01T09:37:47.070+0000: 303.235: [GC 303.236: [ParNew: 877034K->37835K(943744K), 0.1413990 secs] 1092840K->258511K(4089472K), 0.1415150 secs] [Times: user=0.28 sys=0.00, real=0.14 secs] 
2013-10-01T09:37:51.456+0000: 307.621: [GC 307.621: [ParNew: 876747K->36573K(943744K), 0.1702640 secs] 1097423K->264922K(4089472K), 0.1703680 secs] [Times: user=0.29 sys=0.01, real=0.17 secs] 
2013-10-01T09:37:55.988+0000: 312.153: [GC 312.153: [ParNew: 875485K->28998K(943744K), 0.1326950 secs] 1103834K->266315K(4089472K), 0.1328100 secs] [Times: user=0.28 sys=0.02, real=0.13 secs] 
2013-10-01T09:38:00.066+0000: 316.231: [GC 316.231: [ParNew: 867910K->39921K(943744K), 0.0960810 secs] 1105227K->283424K(4089472K), 0.0962030 secs] [Times: user=0.26 sys=0.00, real=0.10 secs] 
2013-10-01T09:38:04.120+0000: 320.285: [GC 320.285: [ParNew: 878833K->38400K(943744K), 0.1185690 secs] 1122336K->287070K(4089472K), 0.1186910 secs] [Times: user=0.22 sys=0.02, real=0.12 secs] 
2013-10-01T09:38:08.365+0000: 324.530: [GC 324.530: [ParNew: 877312K->36574K(943744K), 0.1145180 secs] 1125982K->290335K(4089472K), 0.1146310 secs] [Times: user=0.26 sys=0.01, real=0.11 secs] 
2013-10-01T09:38:12.377+0000: 328.542: [GC 328.542: [ParNew: 875486K->36008K(943744K), 0.1495440 secs] 1129247K->294466K(4089472K), 0.1496540 secs] [Times: user=0.26 sys=0.00, real=0.15 secs] 
2013-10-01T09:38:16.226+0000: 332.391: [GC 332.391: [ParNew: 874920K->32242K(943744K), 0.1839330 secs] 1133378K->295495K(4089472K), 0.1840350 secs] [Times: user=0.33 sys=0.00, real=0.19 secs] 
2013-10-01T09:38:20.484+0000: 336.649: [GC 336.649: [ParNew: 871154K->35455K(943744K), 0.1532070 secs] 1134407K->306583K(4089472K), 0.1533070 secs] [Times: user=0.30 sys=0.00, real=0.15 secs] 
2013-10-01T09:38:24.882+0000: 341.047: [GC 341.047: [ParNew: 874367K->41945K(943744K), 0.1276840 secs] 1145495K->319066K(4089472K), 0.1277860 secs] [Times: user=0.29 sys=0.01, real=0.13 secs] 
2013-10-01T09:38:29.156+0000: 345.321: [GC 345.321: [ParNew: 880857K->40420K(943744K), 0.3012480 secs] 1157978K->324790K(4089472K), 0.3013760 secs] [Times: user=0.28 sys=0.00, real=0.30 secs] 
2013-10-01T09:38:33.070+0000: 349.235: [GC 349.388: [ParNew: 879332K->40549K(943744K), 0.1580670 secs] 1163702K->330408K(4089472K), 0.1601430 secs] [Times: user=0.30 sys=0.02, real=0.31 secs] 
2013-10-01T09:38:37.075+0000: 353.240: [GC 353.240: [ParNew: 879461K->39618K(943744K), 0.1566670 secs] 1169320K->339156K(4089472K), 0.1567790 secs] [Times: user=0.30 sys=0.00, real=0.16 secs] 
2013-10-01T09:38:41.322+0000: 357.487: [GC 357.487: [ParNew: 878530K->43810K(943744K), 0.1572110 secs] 1178068K->350620K(4089472K), 0.1573250 secs] [Times: user=0.30 sys=0.00, real=0.16 secs] 
2013-10-01T09:38:45.223+0000: 361.388: [GC 361.388: [ParNew: 882722K->36038K(943744K), 0.1536120 secs] 1189532K->349886K(4089472K), 0.1537110 secs] [Times: user=0.26 sys=0.02, real=0.15 secs] 
2013-10-01T09:38:49.376+0000: 365.541: [GC 365.542: [ParNew: 874950K->34244K(943744K), 0.1307530 secs] 1188798K->354299K(4089472K), 0.1308790 secs] [Times: user=0.28 sys=0.00, real=0.13 secs] 
2013-10-01T09:38:53.796+0000: 369.961: [GC 369.961: [ParNew: 873156K->32641K(943744K), 0.1625090 secs] 1193211K->359133K(4089472K), 0.4643220 secs] [Times: user=0.25 sys=0.01, real=0.47 secs] 
2013-10-01T09:38:58.614+0000: 374.779: [GC 374.779: [ParNew: 871553K->48522K(943744K), 0.1538640 secs] 1198045K->379872K(4089472K), 0.1539750 secs] [Times: user=0.27 sys=0.00, real=0.15 secs] 
2013-10-01T09:39:02.486+0000: 378.651: [GC 378.651: [ParNew: 887406K->33488K(943744K), 0.1739910 secs] 1218756K->369871K(4089472K), 0.1740860 secs] [Times: user=0.26 sys=0.01, real=0.18 secs] 
2013-10-01T09:39:06.794+0000: 382.959: [GC 382.959: [ParNew: 872400K->37187K(943744K), 0.2589130 secs] 1208783K->381495K(4089472K), 0.2590100 secs] [Times: user=0.25 sys=0.04, real=0.26 secs] 
2013-10-01T09:39:11.198+0000: 387.363: [GC 387.419: [ParNew: 876099K->54421K(943744K), 0.1624980 secs] 1220407K->405058K(4089472K), 0.5033510 secs] [Times: user=0.30 sys=0.01, real=0.55 secs] 
2013-10-01T09:39:14.786+0000: 390.951: [GC 390.951: [ParNew: 893310K->45117K(943744K), 0.2636790 secs] 1243947K->403024K(4089472K), 0.2637990 secs] [Times: user=0.35 sys=0.01, real=0.26 secs] 
2013-10-01T09:39:18.080+0000: 394.245: [GC 394.245: [ParNew: 884029K->57548K(943744K), 0.2166580 secs] 1241936K->424866K(4089472K), 0.2168000 secs] [Times: user=0.34 sys=0.03, real=0.22 secs] 
2013-10-01T09:39:22.458+0000: 398.623: [GC 398.623: [ParNew: 896460K->37076K(943744K), 0.2229660 secs] 1263778K->422607K(4089472K), 0.2230660 secs] [Times: user=0.35 sys=0.02, real=0.22 secs] 
2013-10-01T09:39:27.066+0000: 403.231: [GC 403.775: [ParNew: 875988K->42710K(943744K), 0.1292260 secs] 1261519K->434594K(4089472K), 0.3402130 secs] [Times: user=0.30 sys=0.00, real=0.88 secs] 
2013-10-01T09:39:31.211+0000: 407.376: [GC 407.376: [ParNew: 881622K->42226K(943744K), 0.1391840 secs] 1273506K->438883K(4089472K), 0.1392950 secs] [Times: user=0.27 sys=0.00, real=0.14 secs] 
2013-10-01T09:39:35.128+0000: 411.293: [GC 411.293: [ParNew: 881138K->36461K(943744K), 0.2009150 secs] 1277795K->440277K(4089472K), 0.2010340 secs] [Times: user=0.33 sys=0.00, real=0.20 secs] 
2013-10-01T09:39:39.286+0000: 415.451: [GC 415.451: [ParNew: 875373K->36897K(943744K), 0.1562520 secs] 1279189K->449622K(4089472K), 0.1563910 secs] [Times: user=0.30 sys=0.00, real=0.15 secs] 
2013-10-01T09:39:44.481+0000: 420.646: [GC 420.646: [ParNew: 875809K->44602K(943744K), 0.1828040 secs] 1288534K->462183K(4089472K), 0.1829010 secs] [Times: user=0.28 sys=0.02, real=0.18 secs] 
2013-10-01T09:39:47.464+0000: 423.629: [GC 423.629: [ParNew: 883514K->42673K(943744K), 0.1369440 secs] 1301095K->464992K(4089472K), 0.1370570 secs] [Times: user=0.27 sys=0.00, real=0.14 secs] 
2013-10-01T09:39:51.461+0000: 427.626: [GC 427.626: [ParNew: 881585K->44965K(943744K), 0.1611220 secs] 1303904K->475452K(4089472K), 0.1612350 secs] [Times: user=0.28 sys=0.03, real=0.16 secs] 
2013-10-01T09:39:55.773+0000: 431.938: [GC 431.939: [ParNew: 883877K->28416K(943744K), 0.1522180 secs] 1314364K->466282K(4089472K), 0.1523240 secs] [Times: user=0.27 sys=0.00, real=0.15 secs] 
2013-10-01T09:40:00.582+0000: 436.746: [GC 436.747: [ParNew: 867328K->37556K(943744K), 0.1426970 secs] 1305194K->480419K(4089472K), 0.1428070 secs] [Times: user=0.26 sys=0.00, real=0.14 secs] 
2013-10-01T09:40:04.538+0000: 440.703: [GC 440.703: [ParNew: 876468K->37292K(943744K), 0.1372470 secs] 1319331K->484557K(4089472K), 0.1373560 secs] [Times: user=0.29 sys=0.00, real=0.14 secs] 
2013-10-01T09:40:08.845+0000: 445.010: [GC 445.010: [ParNew: 876204K->26582K(943744K), 0.1542980 secs] 1323469K->479620K(4089472K), 0.1543920 secs] [Times: user=0.26 sys=0.01, real=0.15 secs] 
2013-10-01T09:40:13.994+0000: 450.159: [GC 450.159: [ParNew: 865494K->31793K(943744K), 0.1231930 secs] 1318532K->490933K(4089472K), 0.1233030 secs] [Times: user=0.26 sys=0.01, real=0.12 secs] 
2013-10-01T09:40:17.392+0000: 453.557: [GC 453.557: [ParNew: 870705K->37453K(943744K), 0.1438140 secs] 1329845K->501231K(4089472K), 0.1439290 secs] [Times: user=0.25 sys=0.00, real=0.15 secs] 
2013-10-01T09:40:20.826+0000: 456.991: [GC 456.991: [ParNew: 876365K->41520K(943744K), 0.1831570 secs] 1340143K->511259K(4089472K), 0.1832530 secs] [Times: user=0.27 sys=0.01, real=0.18 secs] 
2013-10-01T09:40:25.453+0000: 461.618: [GC 461.618: [ParNew: 880432K->38652K(943744K), 0.1803650 secs] 1350171K->514609K(4089472K), 0.1804820 secs] [Times: user=0.31 sys=0.00, real=0.18 secs] 
2013-10-01T09:40:30.159+0000: 466.324: [GC 466.324: [ParNew: 877564K->34148K(943744K), 0.1271590 secs] 1353521K->515179K(4089472K), 0.6666030 secs] [Times: user=0.26 sys=0.01, real=0.67 secs] 
2013-10-01T09:40:33.594+0000: 469.759: [GC 469.759: [ParNew: 873060K->51573K(943744K), 0.1725030 secs] 1354091K->537749K(4089472K), 0.1725970 secs] [Times: user=0.30 sys=0.01, real=0.17 secs] 
2013-10-01T09:40:36.981+0000: 473.146: [GC 473.146: [ParNew: 890485K->50442K(943744K), 0.1893220 secs] 1376661K->543394K(4089472K), 0.1894400 secs] [Times: user=0.34 sys=0.01, real=0.19 secs] 
2013-10-01T09:40:41.735+0000: 477.900: [GC 477.900: [ParNew: 889354K->32111K(943744K), 0.1790380 secs] 1382306K->537320K(4089472K), 0.5222290 secs] [Times: user=0.33 sys=0.00, real=0.52 secs] 
2013-10-01T09:40:45.907+0000: 482.072: [GC 482.072: [ParNew: 871023K->41180K(943744K), 0.1676170 secs] 1376232K->552523K(4089472K), 0.1677260 secs] [Times: user=0.28 sys=0.00, real=0.17 secs] 
2013-10-01T09:40:49.339+0000: 485.504: [GC 485.504: [ParNew: 880092K->39683K(943744K), 0.1611710 secs] 1391435K->556600K(4089472K), 0.1612860 secs] [Times: user=0.27 sys=0.00, real=0.16 secs] 
2013-10-01T09:40:53.604+0000: 489.769: [GC 489.769: [ParNew: 878595K->39935K(943744K), 0.1386420 secs] 1395512K->563160K(4089472K), 0.1387540 secs] [Times: user=0.26 sys=0.01, real=0.14 secs] 
2013-10-01T09:40:57.965+0000: 494.130: [GC 494.130: [ParNew: 878847K->31616K(943744K), 0.1247910 secs] 1402072K->560853K(4089472K), 0.1248930 secs] [Times: user=0.25 sys=0.00, real=0.13 secs] 
2013-10-01T09:41:03.067+0000: 499.232: [GC 499.232: [ParNew: 870528K->45991K(943744K), 0.0708530 secs] 1399765K->579697K(4089472K), 0.0709630 secs] [Times: user=0.28 sys=0.00, real=0.07 secs] 
2013-10-01T09:41:06.501+0000: 502.666: [GC 502.666: [ParNew: 884903K->39619K(943744K), 0.1757700 secs] 1418609K->578802K(4089472K), 0.1758880 secs] [Times: user=0.29 sys=0.01, real=0.17 secs] 
2013-10-01T09:41:09.949+0000: 506.114: [GC 506.114: [ParNew: 878531K->36687K(943744K), 0.1425730 secs] 1417714K->581313K(4089472K), 0.1426870 secs] [Times: user=0.28 sys=0.01, real=0.15 secs] 
2013-10-01T09:41:14.787+0000: 510.952: [GC 510.953: [ParNew: 875599K->36499K(943744K), 0.1722260 secs] 1420225K->588407K(4089472K), 0.1723660 secs] [Times: user=0.28 sys=0.03, real=0.18 secs] 
2013-10-01T09:41:18.580+0000: 514.745: [GC 514.745: [ParNew: 875411K->29180K(943744K), 0.2196240 secs] 1427319K->591331K(4089472K), 0.2197350 secs] [Times: user=0.31 sys=0.01, real=0.22 secs] 
2013-10-01T09:41:22.085+0000: 518.250: [GC 518.250: [ParNew: 868092K->39479K(943744K), 0.1383490 secs] 1430243K->606662K(4089472K), 0.1384600 secs] [Times: user=0.25 sys=0.02, real=0.14 secs] 
2013-10-01T09:41:26.639+0000: 522.804: [GC 522.804: [ParNew: 878391K->40009K(943744K), 0.1633180 secs] 1445574K->612388K(4089472K), 0.1634160 secs] [Times: user=0.28 sys=0.00, real=0.16 secs] 
2013-10-01T09:41:31.852+0000: 528.017: [GC 528.017: [ParNew: 878921K->29058K(943744K), 0.1502970 secs] 1451300K->609044K(4089472K), 0.1503990 secs] [Times: user=0.27 sys=0.01, real=0.15 secs] 
2013-10-01T09:41:35.872+0000: 532.037: [GC 532.037: [ParNew: 867970K->37820K(943744K), 0.1868380 secs] 1447956K->623900K(4089472K), 0.1870520 secs] [Times: user=0.26 sys=0.01, real=0.19 secs] 
2013-10-01T09:41:39.381+0000: 535.546: [GC 535.546: [ParNew: 876732K->46819K(943744K), 0.1747020 secs] 1462812K->637451K(4089472K), 0.1748140 secs] [Times: user=0.29 sys=0.02, real=0.17 secs] 
2013-10-01T09:41:43.462+0000: 539.627: [GC 539.627: [ParNew: 885731K->37088K(943744K), 0.1556810 secs] 1476363K->633004K(4089472K), 0.1558420 secs] [Times: user=0.26 sys=0.00, real=0.16 secs] 
2013-10-01T09:41:47.778+0000: 543.943: [GC 543.943: [ParNew: 876000K->34762K(943744K), 0.1154440 secs] 1471916K->639316K(4089472K), 0.1155550 secs] [Times: user=0.29 sys=0.01, real=0.11 secs] 
2013-10-01T09:41:51.369+0000: 547.534: [GC 547.534: [ParNew: 873674K->39750K(943744K), 0.1303700 secs] 1478228K->649284K(4089472K), 0.1304780 secs] [Times: user=0.26 sys=0.01, real=0.13 secs] 
2013-10-01T09:41:55.489+0000: 551.654: [GC 551.654: [ParNew: 878662K->38449K(943744K), 0.1262080 secs] 1488196K->652963K(4089472K), 0.1263830 secs] [Times: user=0.26 sys=0.03, real=0.12 secs] 
2013-10-01T09:41:59.670+0000: 555.835: [GC 555.835: [ParNew: 877361K->31579K(943744K), 0.1295490 secs] 1491875K->652019K(4089472K), 0.1296580 secs] [Times: user=0.25 sys=0.01, real=0.13 secs] 
2013-10-01T09:42:05.126+0000: 561.291: [GC 561.291: [ParNew: 870491K->34546K(943744K), 0.1781190 secs] 1490931K->660179K(4089472K), 0.1782170 secs] [Times: user=0.28 sys=0.00, real=0.17 secs] 
2013-10-01T09:42:09.115+0000: 565.280: [GC 565.280: [ParNew: 873458K->31642K(943744K), 0.1477710 secs] 1499091K->663427K(4089472K), 0.1478820 secs] [Times: user=0.28 sys=0.00, real=0.15 secs] 
2013-10-01T09:42:12.869+0000: 569.034: [GC 569.034: [ParNew: 870554K->33180K(943744K), 0.1157890 secs] 1502339K->670926K(4089472K), 0.1159030 secs] [Times: user=0.25 sys=0.00, real=0.12 secs] 
2013-10-01T09:42:17.225+0000: 573.390: [GC 573.391: [ParNew: 872092K->31169K(943744K), 0.1200440 secs] 1509838K->673813K(4089472K), 0.1201570 secs] [Times: user=0.25 sys=0.00, real=0.12 secs] 
2013-10-01T09:42:21.045+0000: 577.210: [GC 577.210: [ParNew: 870081K->36181K(943744K), 0.1582500 secs] 1512725K->684633K(4089472K), 0.1583460 secs] [Times: user=0.28 sys=0.00, real=0.16 secs] 
2013-10-01T09:42:24.625+0000: 580.790: [GC 580.790: [ParNew: 875093K->38375K(943744K), 0.1516750 secs] 1523545K->691124K(4089472K), 0.1517980 secs] [Times: user=0.24 sys=0.02, real=0.16 secs] 
2013-10-01T09:42:29.589+0000: 585.754: [GC 585.754: [ParNew: 877287K->38614K(943744K), 0.1445210 secs] 1530036K->696436K(4089472K), 0.1446600 secs] [Times: user=0.30 sys=0.01, real=0.15 secs] 
2013-10-01T09:42:33.877+0000: 590.042: [GC 590.042: [ParNew: 877498K->33442K(943744K), 0.1472680 secs] 1535319K->696225K(4089472K), 0.1473650 secs] [Times: user=0.26 sys=0.01, real=0.14 secs] 
2013-10-01T09:42:38.581+0000: 594.746: [GC 594.746: [ParNew: 872354K->36180K(943744K), 0.1300980 secs] 1535137K->704121K(4089472K), 0.1302140 secs] [Times: user=0.26 sys=0.01, real=0.13 secs] 
2013-10-01T09:42:42.092+0000: 598.257: [GC 598.257: [ParNew: 875092K->37173K(943744K), 0.1940500 secs] 1543033K->709623K(4089472K), 0.1941470 secs] [Times: user=0.27 sys=0.01, real=0.20 secs] 
2013-10-01T09:42:46.381+0000: 602.546: [GC 602.546: [ParNew: 876085K->34465K(943744K), 0.1391800 secs] 1548535K->712339K(4089472K), 0.1393070 secs] [Times: user=0.25 sys=0.01, real=0.14 secs] 
2013-10-01T09:42:50.293+0000: 606.458: [GC 606.458: [ParNew: 873377K->38247K(943744K), 0.1327700 secs] 1551251K->721765K(4089472K), 0.1328880 secs] [Times: user=0.27 sys=0.00, real=0.14 secs] 
2013-10-01T09:42:54.005+0000: 610.170: [GC 610.171: [ParNew: 877159K->31341K(943744K), 0.1290050 secs] 1560677K->719798K(4089472K), 0.1291150 secs] [Times: user=0.24 sys=0.02, real=0.13 secs] 
2013-10-01T09:42:58.550+0000: 614.715: [GC 614.718: [ParNew: 870253K->37061K(943744K), 0.1486470 secs] 1558710K->730740K(4089472K), 0.1487550 secs] [Times: user=0.24 sys=0.01, real=0.16 secs] 
2013-10-01T09:43:03.452+0000: 619.617: [GC 619.617: [ParNew: 875973K->40177K(943744K), 0.0743460 secs] 1569652K->738358K(4089472K), 0.0744540 secs] [Times: user=0.27 sys=0.01, real=0.08 secs] 
2013-10-01T09:43:08.215+0000: 624.380: [GC 624.380: [ParNew: 879089K->38196K(943744K), 0.0971510 secs] 1577270K->740944K(4089472K), 0.0972660 secs] [Times: user=0.24 sys=0.02, real=0.09 secs] 
2013-10-01T09:43:12.366+0000: 628.531: [GC 628.531: [ParNew: 877096K->38997K(943744K), 0.1899940 secs] 1579845K->748386K(4089472K), 0.1900960 secs] [Times: user=0.28 sys=0.01, real=0.19 secs] 
2013-10-01T09:43:16.284+0000: 632.449: [GC 632.449: [ParNew: 877909K->37600K(943744K), 0.1597290 secs] 1587298K->752169K(4089472K), 0.1598310 secs] [Times: user=0.26 sys=0.01, real=0.16 secs] 
2013-10-01T09:43:20.338+0000: 636.503: [GC 636.503: [ParNew: 876512K->30827K(943744K), 0.1542030 secs] 1591081K->750084K(4089472K), 0.1543160 secs] [Times: user=0.24 sys=0.02, real=0.15 secs] 
2013-10-01T09:43:24.107+0000: 640.272: [GC 640.272: [ParNew: 869739K->31271K(943744K), 0.1288140 secs] 1588996K->756057K(4089472K), 0.1289270 secs] [Times: user=0.25 sys=0.00, real=0.13 secs] 
2013-10-01T09:43:28.404+0000: 644.569: [GC 644.569: [ParNew: 870183K->36413K(943744K), 0.1361040 secs] 1594969K->765617K(4089472K), 0.1362130 secs] [Times: user=0.24 sys=0.00, real=0.13 secs] 
2013-10-01T09:43:33.275+0000: 649.440: [GC 649.440: [ParNew: 875325K->36945K(943744K), 0.0986050 secs] 1604529K->771268K(4089472K), 0.0987170 secs] [Times: user=0.26 sys=0.02, real=0.10 secs] 
2013-10-01T09:43:37.964+0000: 654.129: [GC 654.129: [ParNew: 875857K->30401K(943744K), 0.1319370 secs] 1610180K->770064K(4089472K), 0.1320330 secs] [Times: user=0.27 sys=0.00, real=0.13 secs] 
2013-10-01T09:43:42.126+0000: 658.291: [GC 658.291: [ParNew: 869313K->35330K(943744K), 0.1999520 secs] 1608976K->779584K(4089472K), 0.2000450 secs] [Times: user=0.25 sys=0.00, real=0.20 secs] 
2013-10-01T09:43:46.273+0000: 662.438: [GC 663.026: [ParNew: 874242K->35124K(943744K), 0.2218090 secs] 1618496K->783971K(4089472K), 0.2219520 secs] [Times: user=0.28 sys=0.00, real=0.81 secs] 
2013-10-01T09:43:50.376+0000: 666.541: [GC 666.541: [ParNew: 874036K->49416K(943744K), 0.1443250 secs] 1622883K->803155K(4089472K), 0.1444310 secs] [Times: user=0.28 sys=0.01, real=0.14 secs] 
2013-10-01T09:43:53.590+0000: 669.755: [GC 669.755: [ParNew: 888328K->46194K(943744K), 0.1334060 secs] 1642067K->805521K(4089472K), 0.1335040 secs] [Times: user=0.29 sys=0.00, real=0.13 secs] 
2013-10-01T09:43:57.446+0000: 673.611: [GC 673.611: [ParNew: 885106K->41891K(943744K), 0.1892190 secs] 1644433K->813323K(4089472K), 0.1893170 secs] [Times: user=0.34 sys=0.02, real=0.19 secs] 
2013-10-01T09:44:02.402+0000: 678.567: [GC 678.567: [ParNew: 880803K->34041K(943744K), 0.1661900 secs] 1652235K->810916K(4089472K), 0.1662930 secs] [Times: user=0.27 sys=0.00, real=0.16 secs] 
2013-10-01T09:44:07.172+0000: 683.337: [GC 683.337: [ParNew: 872938K->38445K(943744K), 0.1614080 secs] 1649813K->820974K(4089472K), 0.1615160 secs] [Times: user=0.28 sys=0.00, real=0.16 secs] 
2013-10-01T09:44:11.634+0000: 687.799: [GC 687.799: [ParNew: 877357K->31206K(943744K), 0.1621220 secs] 1659886K->818808K(4089472K), 0.1622150 secs] [Times: user=0.26 sys=0.00, real=0.16 secs] 
2013-10-01T09:44:16.048+0000: 692.213: [GC 692.213: [ParNew: 870118K->36457K(943744K), 0.1273740 secs] 1657720K->828751K(4089472K), 0.1274880 secs] [Times: user=0.27 sys=0.00, real=0.13 secs] 
2013-10-01T09:44:20.555+0000: 696.720: [GC 696.720: [ParNew: 875369K->39718K(943744K), 0.1813810 secs] 1667663K->836832K(4089472K), 0.1814780 secs] [Times: user=0.25 sys=0.00, real=0.18 secs] 
2013-10-01T09:44:24.013+0000: 700.178: [GC 700.178: [ParNew: 878630K->44591K(943744K), 0.1532340 secs] 1675744K->846398K(4089472K), 0.1533520 secs] [Times: user=0.28 sys=0.00, real=0.15 secs] 
2013-10-01T09:44:27.780+0000: 703.945: [GC 703.945: [ParNew: 883503K->34407K(943744K), 0.1959830 secs] 1685310K->841321K(4089472K), 0.1960780 secs] [Times: user=0.25 sys=0.02, real=0.19 secs] 
2013-10-01T09:44:32.623+0000: 708.788: [GC 708.788: [ParNew: 873319K->32222K(943744K), 0.0963250 secs] 1680233K->845283K(4089472K), 0.0964410 secs] [Times: user=0.24 sys=0.02, real=0.10 secs] 
2013-10-01T09:44:37.395+0000: 713.560: [GC 713.560: [ParNew: 871134K->35975K(943744K), 0.1153620 secs] 1684195K->853747K(4089472K), 0.1154780 secs] [Times: user=0.25 sys=0.00, real=0.12 secs] 
2013-10-01T09:44:41.912+0000: 718.077: [GC 718.077: [ParNew: 874887K->34482K(943744K), 0.1535110 secs] 1692659K->856872K(4089472K), 0.1536170 secs] [Times: user=0.28 sys=0.00, real=0.16 secs] 
2013-10-01T09:44:46.291+0000: 722.456: [GC 722.456: [ParNew: 873394K->29732K(943744K), 0.1517730 secs] 1695784K->856758K(4089472K), 0.1518710 secs] [Times: user=0.25 sys=0.01, real=0.15 secs] 
2013-10-01T09:44:50.722+0000: 726.887: [GC 726.887: [ParNew: 868644K->30781K(943744K), 0.1350400 secs] 1695670K->862517K(4089472K), 0.1351490 secs] [Times: user=0.23 sys=0.00, real=0.13 secs] 
2013-10-01T09:44:54.603+0000: 730.768: [GC 730.768: [ParNew: 869693K->34760K(943744K), 0.0996740 secs] 1701429K->871217K(4089472K), 0.0997920 secs] [Times: user=0.27 sys=0.02, real=0.10 secs] 
2013-10-01T09:44:57.430+0000: 733.595: [GC 733.595: [ParNew: 873672K->34703K(943744K), 0.1383250 secs] 1710129K->876526K(4089472K), 0.1384350 secs] [Times: user=0.25 sys=0.02, real=0.14 secs] 
2013-10-01T09:45:02.521+0000: 738.686: [GC 738.686: [ParNew: 873615K->30268K(943744K), 0.1177920 secs] 1715438K->876650K(4089472K), 0.1178990 secs] [Times: user=0.24 sys=0.01, real=0.12 secs] 
2013-10-01T09:45:07.189+0000: 743.354: [GC 743.355: [ParNew: 869180K->30001K(943744K), 0.1701330 secs] 1715562K->880835K(4089472K), 0.1702300 secs] [Times: user=0.25 sys=0.01, real=0.17 secs] 
2013-10-01T09:45:12.181+0000: 748.346: [GC 748.346: [ParNew: 868913K->36333K(943744K), 0.1741000 secs] 1719747K->892097K(4089472K), 0.1741970 secs] [Times: user=0.29 sys=0.00, real=0.18 secs] 
2013-10-01T09:45:16.130+0000: 752.295: [GC 752.295: [ParNew: 875245K->40096K(943744K), 0.1096140 secs] 1731009K->900496K(4089472K), 0.1097340 secs] [Times: user=0.26 sys=0.01, real=0.11 secs] 
2013-10-01T09:45:20.142+0000: 756.307: [GC 756.307: [ParNew: 879008K->36729K(943744K), 0.1388280 secs] 1739408K->902170K(4089472K), 0.1389490 secs] [Times: user=0.27 sys=0.00, real=0.14 secs] 
2013-10-01T09:45:24.194+0000: 760.359: [GC 760.359: [ParNew: 875641K->42400K(943744K), 0.2451030 secs] 1741082K->914368K(4089472K), 0.2452680 secs] [Times: user=0.31 sys=0.00, real=0.24 secs] 
2013-10-01T09:45:27.591+0000: 763.756: [GC 763.756: [ParNew: 881312K->34208K(943744K), 0.2457860 secs] 1753280K->913999K(4089472K), 0.2458980 secs] [Times: user=0.27 sys=0.02, real=0.25 secs] 
2013-10-01T09:45:31.258+0000: 767.422: [GC 767.423: [ParNew: 873120K->40944K(943744K), 0.1470800 secs] 1752911K->925142K(4089472K), 0.1471790 secs] [Times: user=0.26 sys=0.01, real=0.15 secs] 
2013-10-01T09:45:35.689+0000: 771.854: [GC 771.854: [ParNew: 879856K->46736K(943744K), 0.2727350 secs] 1764054K->937425K(4089472K), 0.2728310 secs] [Times: user=0.32 sys=0.01, real=0.28 secs] 
2013-10-01T09:45:39.964+0000: 776.129: [GC 776.129: [ParNew: 885648K->38510K(943744K), 0.1617940 secs] 1776337K->935882K(4089472K), 0.1619180 secs] [Times: user=0.27 sys=0.01, real=0.16 secs] 
2013-10-01T09:45:44.762+0000: 780.927: [GC 780.927: [ParNew: 877422K->34065K(943744K), 0.1527380 secs] 1774794K->937451K(4089472K), 0.1528520 secs] [Times: user=0.25 sys=0.02, real=0.15 secs] 
2013-10-01T09:45:48.996+0000: 785.161: [GC 785.161: [ParNew: 872977K->34305K(943744K), 0.1689210 secs] 1776363K->942301K(4089472K), 0.1690330 secs] [Times: user=0.26 sys=0.02, real=0.17 secs] 
2013-10-01T09:45:53.168+0000: 789.333: [GC 789.333: [ParNew: 873217K->29219K(943744K), 0.1521440 secs] 1781213K->941865K(4089472K), 0.1522590 secs] [Times: user=0.25 sys=0.01, real=0.15 secs] 
2013-10-01T09:45:57.370+0000: 793.535: [GC 793.535: [ParNew: 868131K->42391K(943744K), 0.1853780 secs] 1780777K->960106K(4089472K), 0.1854720 secs] [Times: user=0.30 sys=0.00, real=0.19 secs] 
2013-10-01T09:46:01.014+0000: 797.179: [GC 797.180: [ParNew: 881303K->32477K(943744K), 0.1449070 secs] 1799018K->954735K(4089472K), 0.1450170 secs] [Times: user=0.25 sys=0.01, real=0.14 secs] 
2013-10-01T09:46:05.513+0000: 801.678: [GC 801.679: [ParNew: 871389K->38349K(943744K), 0.1419680 secs] 1793647K->965484K(4089472K), 0.1420800 secs] [Times: user=0.25 sys=0.00, real=0.14 secs] 
2013-10-01T09:46:10.333+0000: 806.498: [GC 806.502: [ParNew: 877261K->41844K(943744K), 0.1115080 secs] 1804396K->973500K(4089472K), 0.1116370 secs] [Times: user=0.27 sys=0.00, real=0.11 secs] 
2013-10-01T09:46:15.633+0000: 811.798: [GC 811.798: [ParNew: 880756K->43976K(943744K), 0.1113650 secs] 1812412K->980325K(4089472K), 0.1114730 secs] [Times: user=0.28 sys=0.00, real=0.11 secs] 
2013-10-01T09:46:19.281+0000: 815.446: [GC 815.446: [ParNew: 882888K->36345K(943744K), 0.1270210 secs] 1819237K->977461K(4089472K), 0.1271370 secs] [Times: user=0.24 sys=0.00, real=0.12 secs] 
2013-10-01T09:46:23.199+0000: 819.364: [GC 819.364: [ParNew: 875257K->31762K(943744K), 0.1412710 secs] 1816373K->977458K(4089472K), 0.1413820 secs] [Times: user=0.24 sys=0.01, real=0.14 secs] 
2013-10-01T09:46:27.481+0000: 823.646: [GC 823.646: [ParNew: 870674K->29616K(943744K), 0.1791390 secs] 1816370K->979860K(4089472K), 0.1792360 secs] [Times: user=0.26 sys=0.00, real=0.18 secs] 
2013-10-01T09:46:31.566+0000: 827.731: [GC 828.367: [ParNew: 868528K->34480K(943744K), 0.0777080 secs] 1818772K->989019K(4089472K), 0.0902530 secs] [Times: user=0.26 sys=0.01, real=0.73 secs] 
2013-10-01T09:46:35.104+0000: 831.269: [GC 831.269: [ParNew: 873392K->34485K(943744K), 0.1394330 secs] 1827931K->993684K(4089472K), 0.1395470 secs] [Times: user=0.27 sys=0.00, real=0.14 secs] 
2013-10-01T09:46:39.433+0000: 835.598: [GC 835.598: [ParNew: 873397K->44201K(943744K), 0.1595540 secs] 1832596K->1007834K(4089472K), 0.1596660 secs] [Times: user=0.28 sys=0.01, real=0.16 secs] 
2013-10-01T09:46:44.074+0000: 840.239: [GC 840.239: [ParNew: 883113K->39538K(943744K), 0.1331310 secs] 1846746K->1011074K(4089472K), 0.1332440 secs] [Times: user=0.25 sys=0.02, real=0.13 secs] 
2013-10-01T09:46:48.221+0000: 844.386: [GC 844.386: [ParNew: 878450K->30538K(943744K), 0.1435200 secs] 1849986K->1006421K(4089472K), 0.1436420 secs] [Times: user=0.24 sys=0.00, real=0.14 secs] 
2013-10-01T09:46:52.482+0000: 848.647: [GC 848.647: [ParNew: 869450K->31885K(943744K), 0.1402820 secs] 1845333K->1012390K(4089472K), 0.1403990 secs] [Times: user=0.26 sys=0.00, real=0.14 secs] 
2013-10-01T09:46:57.078+0000: 853.243: [GC 853.243: [ParNew: 870797K->38896K(943744K), 0.1047000 secs] 1851302K->1026248K(4089472K), 0.1047970 secs] [Times: user=0.28 sys=0.01, real=0.10 secs] 
2013-10-01T09:47:00.905+0000: 857.070: [GC 857.070: [ParNew: 877808K->38686K(943744K), 0.2356380 secs] 1865160K->1030570K(4089472K), 0.2357990 secs] [Times: user=0.28 sys=0.01, real=0.24 secs] 
2013-10-01T09:47:04.992+0000: 861.157: [GC 861.157: [ParNew: 877598K->55838K(943744K), 0.1055680 secs] 1869482K->1052378K(4089472K), 0.1056770 secs] [Times: user=0.32 sys=0.00, real=0.11 secs] 
2013-10-01T09:47:08.572+0000: 864.737: [GC 864.737: [ParNew: 894750K->45165K(943744K), 0.1981640 secs] 1891290K->1046092K(4089472K), 0.1982950 secs] [Times: user=0.27 sys=0.01, real=0.20 secs] 
2013-10-01T09:47:13.332+0000: 869.497: [GC 869.497: [ParNew: 884077K->37571K(943744K), 0.1866650 secs] 1885004K->1046618K(4089472K), 0.1867740 secs] [Times: user=0.28 sys=0.02, real=0.19 secs] 
2013-10-01T09:47:18.164+0000: 874.329: [GC 874.329: [ParNew: 876483K->47431K(943744K), 0.1829990 secs] 1885530K->1062687K(4089472K), 0.1831000 secs] [Times: user=0.37 sys=0.02, real=0.19 secs] 
2013-10-01T09:47:22.091+0000: 878.256: [GC 878.256: [ParNew: 886343K->36003K(943744K), 0.1589780 secs] 1901599K->1056445K(4089472K), 0.1590880 secs] [Times: user=0.27 sys=0.00, real=0.16 secs] 
2013-10-01T09:47:26.301+0000: 882.466: [GC 882.466: [ParNew: 874915K->40064K(943744K), 0.1052370 secs] 1895357K->1066076K(4089472K), 0.1053510 secs] [Times: user=0.28 sys=0.01, real=0.11 secs] 
2013-10-01T09:47:30.450+0000: 886.615: [GC 886.615: [ParNew: 878976K->43402K(943744K), 0.1489420 secs] 1904988K->1075199K(4089472K), 0.1490590 secs] [Times: user=0.29 sys=0.00, real=0.15 secs] 
2013-10-01T09:47:35.285+0000: 891.450: [GC 891.450: [ParNew: 882314K->44765K(943744K), 0.2411040 secs] 1914111K->1082186K(4089472K), 0.2412210 secs] [Times: user=0.30 sys=0.01, real=0.24 secs] 
2013-10-01T09:47:38.496+0000: 894.661: [GC 894.662: [ParNew: 883677K->34373K(943744K), 0.1598440 secs] 1921098K->1076999K(4089472K), 0.1599510 secs] [Times: user=0.25 sys=0.00, real=0.16 secs] 
2013-10-01T09:47:43.079+0000: 899.244: [GC 899.244: [ParNew: 873285K->34387K(943744K), 0.1014600 secs] 1915911K->1082603K(4089472K), 0.1015620 secs] [Times: user=0.24 sys=0.01, real=0.10 secs] 
2013-10-01T09:47:47.854+0000: 904.019: [GC 904.019: [ParNew: 873281K->29045K(943744K), 0.1315390 secs] 1921497K->1081497K(4089472K), 0.2504640 secs] [Times: user=0.24 sys=0.00, real=0.24 secs] 
2013-10-01T09:47:51.756+0000: 907.921: [GC 907.921: [ParNew: 867957K->34636K(943744K), 0.1432840 secs] 1920409K->1091792K(4089472K), 0.1433970 secs] [Times: user=0.25 sys=0.01, real=0.14 secs] 
2013-10-01T09:47:56.433+0000: 912.598: [GC 912.598: [ParNew: 873548K->30363K(943744K), 0.1397650 secs] 1930704K->1092588K(4089472K), 0.1398760 secs] [Times: user=0.27 sys=0.00, real=0.14 secs] 
2013-10-01T09:48:00.959+0000: 917.124: [GC 917.124: [ParNew: 869275K->37630K(943744K), 0.1605510 secs] 1931500K->1104704K(4089472K), 0.1606700 secs] [Times: user=0.27 sys=0.00, real=0.16 secs] 
2013-10-01T09:48:06.113+0000: 922.278: [GC 922.278: [ParNew: 876542K->36638K(943744K), 0.1416130 secs] 1943616K->1108340K(4089472K), 0.1417250 secs] [Times: user=0.26 sys=0.01, real=0.15 secs] 
2013-10-01T09:48:09.509+0000: 925.674: [GC 925.674: [ParNew: 875550K->37901K(943744K), 0.1592790 secs] 1947252K->1114978K(4089472K), 0.1593770 secs] [Times: user=0.26 sys=0.01, real=0.16 secs] 
2013-10-01T09:48:14.747+0000: 930.912: [GC 930.912: [ParNew: 876813K->31003K(943744K), 0.1228400 secs] 1953890K->1113430K(4089472K), 0.1229490 secs] [Times: user=0.25 sys=0.01, real=0.12 secs] 
2013-10-01T09:48:20.182+0000: 936.347: [GC 936.347: [ParNew: 869915K->37375K(943744K), 0.1124160 secs] 1952342K->1124063K(4089472K), 0.1125290 secs] [Times: user=0.26 sys=0.00, real=0.11 secs] 
2013-10-01T09:48:24.184+0000: 940.349: [GC 940.349: [ParNew: 876287K->35578K(943744K), 0.2757760 secs] 1962975K->1126930K(4089472K), 0.2758830 secs] [Times: user=0.25 sys=0.00, real=0.27 secs] 
2013-10-01T09:48:29.757+0000: 945.922: [GC 945.922: [ParNew: 874490K->36640K(943744K), 0.1285730 secs] 1965842K->1132671K(4089472K), 0.1286910 secs] [Times: user=0.24 sys=0.01, real=0.13 secs] 
2013-10-01T09:48:35.206+0000: 951.371: [GC 951.371: [ParNew: 875552K->31687K(943744K), 0.1122930 secs] 1971583K->1134565K(4089472K), 0.1124050 secs] [Times: user=0.26 sys=0.02, real=0.11 secs] 
2013-10-01T09:48:40.265+0000: 956.430: [GC 956.430: [ParNew: 870599K->29497K(943744K), 0.1393510 secs] 1973477K->1137352K(4089472K), 0.1394710 secs] [Times: user=0.29 sys=0.00, real=0.14 secs] 
2013-10-01T09:48:46.454+0000: 962.619: [GC 962.619: [ParNew: 868409K->35675K(943744K), 0.1029340 secs] 1976264K->1148266K(4089472K), 0.1030340 secs] [Times: user=0.23 sys=0.01, real=0.10 secs] 
2013-10-01T09:48:52.804+0000: 968.969: [GC 968.969: [ParNew: 874587K->29745K(943744K), 0.1399610 secs] 1987178K->1147185K(4089472K), 0.1400620 secs] [Times: user=0.22 sys=0.01, real=0.14 secs] 
2013-10-01T09:48:58.413+0000: 974.578: [GC 974.578: [ParNew: 868657K->32916K(943744K), 0.0970440 secs] 1986097K->1155289K(4089472K), 0.0971590 secs] [Times: user=0.25 sys=0.01, real=0.10 secs] 
2013-10-01T09:49:04.878+0000: 981.043: [GC 981.043: [ParNew: 871828K->35325K(943744K), 0.1941170 secs] 1994201K->1162675K(4089472K), 0.1942190 secs] [Times: user=0.25 sys=0.00, real=0.20 secs] 
2013-10-01T09:49:11.462+0000: 987.627: [GC 987.627: [ParNew: 874237K->35467K(943744K), 0.1710370 secs] 2001587K->1168247K(4089472K), 0.1711460 secs] [Times: user=0.26 sys=0.02, real=0.17 secs] 
2013-10-01T09:49:18.576+0000: 994.741: [GC 994.741: [ParNew: 874379K->35781K(943744K), 0.0902970 secs] 2007159K->1173700K(4089472K), 0.0904040 secs] [Times: user=0.23 sys=0.03, real=0.09 secs] 
2013-10-01T09:49:25.535+0000: 1001.700: [GC 1001.700: [ParNew: 874693K->34811K(943744K), 0.0912540 secs] 2012612K->1177908K(4089472K), 0.0913670 secs] [Times: user=0.26 sys=0.01, real=0.09 secs] 
2013-10-01T09:49:33.017+0000: 1009.182: [GC 1009.182: [ParNew: 873723K->29598K(943744K), 0.2070980 secs] 2016820K->1177814K(4089472K), 0.2071970 secs] [Times: user=0.24 sys=0.02, real=0.21 secs] 
2013-10-01T09:49:40.870+0000: 1017.035: [GC 1017.035: [ParNew: 868510K->29433K(943744K), 0.1116400 secs] 2016726K->1182960K(4089472K), 0.1117750 secs] [Times: user=0.26 sys=0.00, real=0.11 secs] 
2013-10-01T09:49:48.608+0000: 1024.773: [GC 1024.773: [ParNew: 868345K->34661K(943744K), 0.0845450 secs] 2021872K->1193298K(4089472K), 0.0846530 secs] [Times: user=0.22 sys=0.02, real=0.08 secs] 
2013-10-01T09:49:57.020+0000: 1033.185: [GC 1033.185: [ParNew: 873573K->33811K(943744K), 0.0908580 secs] 2032210K->1197606K(4089472K), 0.0909720 secs] [Times: user=0.24 sys=0.01, real=0.09 secs] 
2013-10-01T09:50:05.602+0000: 1041.767: [GC 1041.767: [ParNew: 872723K->33914K(943744K), 0.1016240 secs] 2036518K->1202689K(4089472K), 0.1017230 secs] [Times: user=0.22 sys=0.01, real=0.10 secs] 
2013-10-01T09:50:15.098+0000: 1051.263: [GC 1051.263: [ParNew: 872826K->33368K(943744K), 0.1182730 secs] 2041601K->1207383K(4089472K), 0.1183770 secs] [Times: user=0.24 sys=0.01, real=0.11 secs] 
2013-10-01T09:50:25.046+0000: 1061.211: [GC 1061.211: [ParNew: 872280K->27560K(943744K), 0.1201870 secs] 2046295K->1206677K(4089472K), 0.1202850 secs] [Times: user=0.23 sys=0.00, real=0.12 secs] 
2013-10-01T09:50:35.350+0000: 1071.515: [GC 1071.515: [ParNew: 866472K->32139K(943744K), 0.0842040 secs] 2045589K->1216506K(4089472K), 0.0843130 secs] [Times: user=0.24 sys=0.01, real=0.09 secs] 
2013-10-01T09:50:47.100+0000: 1083.265: [GC 1083.265: [ParNew: 871026K->31829K(943744K), 0.0811830 secs] 2055393K->1220755K(4089472K), 0.0812950 secs] [Times: user=0.23 sys=0.01, real=0.08 secs] 
2013-10-01T09:50:59.896+0000: 1096.061: [GC 1096.061: [ParNew: 870741K->37148K(943744K), 0.0814840 secs] 2059667K->1229763K(4089472K), 0.0815980 secs] [Times: user=0.23 sys=0.01, real=0.08 secs] 
2013-10-01T09:51:14.353+0000: 1110.518: [GC 1110.518: [ParNew: 876060K->26045K(943744K), 0.0788190 secs] 2068675K->1221324K(4089472K), 0.0789310 secs] [Times: user=0.23 sys=0.00, real=0.08 secs] 
2013-10-01T09:51:31.153+0000: 1127.318: [GC 1127.318: [ParNew: 864957K->27388K(943744K), 0.0842140 secs] 2060236K->1224237K(4089472K), 0.0843420 secs] [Times: user=0.25 sys=0.00, real=0.08 secs] 
2013-10-01T09:51:52.500+0000: 1148.665: [GC 1148.665: [ParNew: 866300K->29039K(943744K), 0.0716930 secs] 2063149K->1227300K(4089472K), 0.0718060 secs] [Times: user=0.22 sys=0.00, real=0.08 secs] 
2013-10-01T09:52:29.898+0000: 1186.063: [GC 1186.063: [ParNew: 867951K->17925K(943744K), 0.0607760 secs] 2066212K->1216645K(4089472K), 0.0608830 secs] [Times: user=0.16 sys=0.00, real=0.06 secs] 
2013-10-01T09:53:23.071+0000: 1239.236: [GC 1239.236: [ParNew: 856837K->14786K(943744K), 0.0285440 secs] 2055557K->1213562K(4089472K), 0.0286340 secs] [Times: user=0.08 sys=0.00, real=0.03 secs] 
2013-10-01T09:53:24.650+0000: 1240.814: [GC 1240.815: [ParNew: 853698K->4338K(943744K), 0.0374890 secs] 2052474K->1205438K(4089472K), 0.0375730 secs] [Times: user=0.09 sys=0.01, real=0.04 secs] 
2013-10-01T09:53:29.209+0000: 1245.374: [GC 1245.374: [ParNew: 843250K->3928K(943744K), 0.0499220 secs] 2044350K->1205936K(4089472K), 0.0500100 secs] [Times: user=0.15 sys=0.00, real=0.05 secs] 
2013-10-01T09:53:32.205+0000: 1248.370: [GC 1248.370: [ParNew: 842840K->6874K(943744K), 0.0305660 secs] 2044848K->1208881K(4089472K), 0.0306550 secs] [Times: user=0.09 sys=0.00, real=0.03 secs] 
2013-10-01T09:53:34.697+0000: 1250.862: [GC 1250.862: [ParNew: 845786K->5081K(943744K), 0.0346970 secs] 2047793K->1209542K(4089472K), 0.0347860 secs] [Times: user=0.08 sys=0.00, real=0.03 secs] 
2013-10-01T09:53:37.241+0000: 1253.406: [GC 1253.406: [ParNew: 843993K->4264K(943744K), 0.0473090 secs] 2048454K->1212356K(4089472K), 0.0473940 secs] [Times: user=0.09 sys=0.00, real=0.05 secs] 
2013-10-01T09:53:39.816+0000: 1255.981: [GC 1255.981: [ParNew: 843176K->1976K(943744K), 0.0252440 secs] 2051268K->1210506K(4089472K), 0.0253300 secs] [Times: user=0.08 sys=0.00, real=0.03 secs] 
2013-10-01T09:53:42.375+0000: 1258.540: [GC 1258.540: [ParNew: 840888K->1193K(943744K), 0.0231500 secs] 2049418K->1210287K(4089472K), 0.0232260 secs] [Times: user=0.06 sys=0.00, real=0.02 secs] 
2013-10-01T09:53:44.903+0000: 1261.068: [GC 1261.069: [ParNew: 840105K->1472K(943744K), 0.0408420 secs] 2049199K->1210977K(4089472K), 0.0409230 secs] [Times: user=0.09 sys=0.00, real=0.04 secs] 
Heap
 par new generation   total 943744K, used 395129K [0x00000006f8000000, 0x0000000738000000, 0x0000000738000000)
  eden space 838912K,  46% used [0x00000006f8000000, 0x000000071006e438, 0x000000072b340000)
  from space 104832K,   1% used [0x00000007319a0000, 0x0000000731b10028, 0x0000000738000000)
  to   space 104832K,   0% used [0x000000072b340000, 0x000000072b340000, 0x00000007319a0000)
 concurrent mark-sweep generation total 3145728K, used 1209505K [0x0000000738000000, 0x00000007f8000000, 0x00000007f8000000)
 concurrent-mark-sweep perm gen total 65536K, used 30410K [0x00000007f8000000, 0x00000007fc000000, 0x0000000800000000)
