2013-10-02T07:19:10.620+0000: 1.174: [Full GC (System) 1.175: [CMS: 0K->5751K(4091904K), 0.1686390 secs] 32812K->5751K(4184064K), [CMS Perm : 9096K->9092K(65536K)], 0.1687710 secs] [Times: user=0.06 sys=0.11, real=0.17 secs] 
2013-10-02T07:19:11.010+0000: 1.565: [GC 1.565: [ParNew: 81920K->4296K(92160K), 0.0260480 secs] 87671K->10048K(4184064K), 0.0262090 secs] [Times: user=0.09 sys=0.01, real=0.03 secs] 
2013-10-02T07:19:32.279+0000: 22.833: [GC 22.833: [ParNew: 86216K->10240K(92160K), 0.0443970 secs] 91968K->18614K(4184064K), 0.0445710 secs] [Times: user=0.15 sys=0.02, real=0.05 secs] 
2013-10-02T07:20:17.178+0000: 67.732: [GC 67.732: [ParNew: 92160K->10240K(92160K), 0.0462260 secs] 100534K->26934K(4184064K), 0.0464180 secs] [Times: user=0.15 sys=0.01, real=0.04 secs] 
2013-10-02T07:21:26.892+0000: 137.446: [GC 137.447: [ParNew: 92160K->7736K(92160K), 0.0255270 secs] 108854K->26428K(4184064K), 0.0256210 secs] [Times: user=0.10 sys=0.00, real=0.03 secs] 
Heap
 par new generation   total 92160K, used 11417K [0x00000006f8000000, 0x00000006fe400000, 0x00000006fe400000)
  eden space 81920K,   4% used [0x00000006f8000000, 0x00000006f8398540, 0x00000006fd000000)
  from space 10240K,  75% used [0x00000006fd000000, 0x00000006fd78e248, 0x00000006fda00000)
  to   space 10240K,   0% used [0x00000006fda00000, 0x00000006fda00000, 0x00000006fe400000)
 concurrent mark-sweep generation total 4091904K, used 18692K [0x00000006fe400000, 0x00000007f8000000, 0x00000007f8000000)
 concurrent-mark-sweep perm gen total 65536K, used 12802K [0x00000007f8000000, 0x00000007fc000000, 0x0000000800000000)
