2013-10-02T10:29:43.013+0000: 1.229: [Full GC (System) 1.229: [CMS: 0K->5865K(4091904K), 0.1804960 secs] 36278K->5865K(4184064K), [CMS Perm : 9024K->9020K(65536K)], 0.1806470 secs] [Times: user=0.06 sys=0.12, real=0.18 secs] 
2013-10-02T10:29:43.420+0000: 1.635: [GC 1.636: [ParNew: 81920K->4266K(92160K), 0.0268590 secs] 87785K->10132K(4184064K), 0.0270190 secs] [Times: user=0.10 sys=0.00, real=0.02 secs] 
2013-10-02T10:30:04.484+0000: 22.700: [GC 22.700: [ParNew: 86186K->10240K(92160K), 0.0477250 secs] 92052K->18533K(4184064K), 0.0479010 secs] [Times: user=0.14 sys=0.03, real=0.05 secs] 
2013-10-02T10:30:46.641+0000: 64.856: [GC 64.857: [ParNew: 92160K->10240K(92160K), 0.0496970 secs] 100453K->26977K(4184064K), 0.0498780 secs] [Times: user=0.14 sys=0.02, real=0.05 secs] 
2013-10-02T10:31:56.997+0000: 135.213: [GC 135.213: [ParNew: 92148K->7595K(92160K), 0.0250610 secs] 108885K->25244K(4184064K), 0.0251730 secs] [Times: user=0.09 sys=0.01, real=0.02 secs] 
Heap
 par new generation   total 92160K, used 14161K [0x00000006f8000000, 0x00000006fe400000, 0x00000006fe400000)
  eden space 81920K,   8% used [0x00000006f8000000, 0x00000006f8669a68, 0x00000006fd000000)
  from space 10240K,  74% used [0x00000006fd000000, 0x00000006fd76ad48, 0x00000006fda00000)
  to   space 10240K,   0% used [0x00000006fda00000, 0x00000006fda00000, 0x00000006fe400000)
 concurrent mark-sweep generation total 4091904K, used 17649K [0x00000006fe400000, 0x00000007f8000000, 0x00000007f8000000)
 concurrent-mark-sweep perm gen total 65536K, used 12706K [0x00000007f8000000, 0x00000007fc000000, 0x0000000800000000)
