2013-10-02T00:40:54.098+0000: 1.227: [Full GC (System) 1.227: [CMS: 0K->5865K(4091904K), 0.1705350 secs] 36281K->5865K(4184064K), [CMS Perm : 9024K->9020K(65536K)], 0.1706780 secs] [Times: user=0.06 sys=0.12, real=0.17 secs] 
2013-10-02T00:40:54.502+0000: 1.630: [GC 1.630: [ParNew: 81920K->4314K(92160K), 0.0463330 secs] 87785K->10180K(4184064K), 0.0465170 secs] [Times: user=0.13 sys=0.01, real=0.05 secs] 
2013-10-02T00:40:55.119+0000: 2.248: [GC 2.248: [ParNew: 86234K->10240K(92160K), 0.3604700 secs] 92100K->42605K(4184064K), 0.3611590 secs] [Times: user=0.67 sys=0.10, real=0.36 secs] 
2013-10-02T00:40:55.934+0000: 3.063: [GC 3.063: [ParNew: 92160K->10240K(92160K), 0.1615120 secs] 124525K->79860K(4184064K), 0.1626540 secs] [Times: user=0.46 sys=0.04, real=0.17 secs] 
2013-10-02T00:40:56.774+0000: 3.903: [GC 3.904: [ParNew: 92160K->10240K(92160K), 0.2280840 secs] 161780K->125521K(4184064K), 0.2298630 secs] [Times: user=0.54 sys=0.05, real=0.24 secs] 
2013-10-02T00:40:57.700+0000: 4.830: [GC 4.831: [ParNew: 92160K->10240K(92160K), 0.1878090 secs] 207441K->170559K(4184064K), 0.1900710 secs] [Times: user=0.51 sys=0.07, real=0.20 secs] 
2013-10-02T00:40:58.681+0000: 5.811: [GC 5.813: [ParNew: 92160K->10240K(92160K), 0.2391210 secs] 252479K->214384K(4184064K), 0.2419030 secs] [Times: user=0.54 sys=0.06, real=0.25 secs] 
2013-10-02T00:40:59.869+0000: 7.000: [GC 7.001: [ParNew: 92160K->10240K(92160K), 0.2491510 secs] 296304K->258623K(4184064K), 0.2524990 secs] [Times: user=0.59 sys=0.06, real=0.26 secs] 
2013-10-02T00:41:01.173+0000: 8.304: [GC 8.306: [ParNew: 92160K->10238K(92160K), 0.1749120 secs] 340543K->302428K(4184064K), 0.1788760 secs] [Times: user=0.56 sys=0.08, real=0.18 secs] 
2013-10-02T00:41:02.543+0000: 9.674: [GC 9.676: [ParNew: 92158K->10238K(92160K), 0.2749310 secs] 384348K->347007K(4184064K), 0.2794670 secs] [Times: user=0.61 sys=0.04, real=0.28 secs] 
2013-10-02T00:41:04.105+0000: 11.237: [GC 11.239: [ParNew: 92158K->10238K(92160K), 0.1951270 secs] 428927K->390965K(4184064K), 0.2002840 secs] [Times: user=0.62 sys=0.04, real=0.20 secs] 
2013-10-02T00:41:05.752+0000: 12.885: [GC 12.888: [ParNew: 92157K->10240K(92160K), 0.2832500 secs] 472884K->435220K(4184064K), 0.2891480 secs] [Times: user=0.59 sys=0.09, real=0.29 secs] 
2013-10-02T00:41:07.647+0000: 14.781: [GC 14.784: [ParNew: 92160K->10239K(92160K), 0.2106210 secs] 517140K->480337K(4184064K), 0.2172730 secs] [Times: user=0.60 sys=0.05, real=0.23 secs] 
2013-10-02T00:41:09.532+0000: 16.666: [GC 16.670: [ParNew: 92159K->10239K(92160K), 0.2743390 secs] 562257K->525054K(4184064K), 0.2818110 secs] [Times: user=0.61 sys=0.04, real=0.28 secs] 
2013-10-02T00:41:11.530+0000: 18.664: [GC 18.668: [ParNew: 92159K->10239K(92160K), 0.2514600 secs] 606974K->569833K(4184064K), 0.2595520 secs] [Times: user=0.64 sys=0.02, real=0.26 secs] 
2013-10-02T00:41:13.608+0000: 20.743: [GC 20.748: [ParNew: 92159K->10238K(92160K), 0.2833260 secs] 651753K->614934K(4184064K), 0.2922460 secs] [Times: user=0.60 sys=0.07, real=0.30 secs] 
2013-10-02T00:41:15.857+0000: 22.992: [GC 22.997: [ParNew: 92158K->10238K(92160K), 0.3684310 secs] 696854K->659521K(4184064K), 0.3780320 secs] [Times: user=0.75 sys=0.08, real=0.39 secs] 
2013-10-02T00:41:18.697+0000: 25.832: [GC 25.838: [ParNew: 92158K->10238K(92160K), 0.2322560 secs] 741441K->704160K(4184064K), 0.2425690 secs] [Times: user=0.64 sys=0.03, real=0.26 secs] 
2013-10-02T00:41:21.078+0000: 28.214: [GC 28.219: [ParNew: 92158K->10238K(92160K), 0.3247210 secs] 786080K->749143K(4184064K), 0.3378170 secs] [Times: user=0.78 sys=0.09, real=0.34 secs] 
2013-10-02T00:41:24.110+0000: 31.247: [GC 31.253: [ParNew: 92158K->10238K(92160K), 0.2175760 secs] 831063K->793835K(4184064K), 0.2291020 secs] [Times: user=0.74 sys=0.01, real=0.24 secs] 
2013-10-02T00:41:29.437+0000: 36.574: [GC 36.580: [ParNew: 92158K->10238K(92160K), 0.1768830 secs] 875755K->814600K(4184064K), 0.1884430 secs] [Times: user=0.43 sys=0.00, real=0.20 secs] 
2013-10-02T00:41:30.560+0000: 37.696: [GC 37.702: [ParNew: 92160K->10239K(92160K), 0.1149770 secs] 896796K->825986K(4184064K), 0.1264320 secs] [Times: user=0.29 sys=0.01, real=0.14 secs] 
2013-10-02T00:41:31.617+0000: 38.754: [GC 38.760: [ParNew: 92159K->10240K(92160K), 0.0709560 secs] 907906K->837271K(4184064K), 0.0824240 secs] [Times: user=0.28 sys=0.00, real=0.09 secs] 
2013-10-02T00:41:32.575+0000: 39.711: [GC 39.717: [ParNew: 92160K->10240K(92160K), 0.1201490 secs] 919191K->851749K(4184064K), 0.1316990 secs] [Times: user=0.28 sys=0.02, real=0.14 secs] 
2013-10-02T00:41:35.056+0000: 42.194: [GC 42.202: [ParNew: 92160K->10240K(92160K), 0.2859670 secs] 933669K->891192K(4184064K), 0.2999540 secs] [Times: user=0.60 sys=0.09, real=0.31 secs] 
2013-10-02T00:41:35.884+0000: 43.023: [GC 43.029: [ParNew: 92160K->10240K(92160K), 0.1306660 secs] 973112K->906171K(4184064K), 0.1430760 secs] [Times: user=0.45 sys=0.01, real=0.15 secs] 
2013-10-02T00:41:37.351+0000: 44.488: [GC 44.495: [ParNew: 92160K->10240K(92160K), 0.1201240 secs] 988091K->914856K(4184064K), 0.1324560 secs] [Times: user=0.28 sys=0.01, real=0.15 secs] 
2013-10-02T00:41:37.952+0000: 45.091: [GC 45.100: [ParNew: 92160K->10240K(92160K), 0.1385110 secs] 996776K->929008K(4184064K), 0.1527360 secs] [Times: user=0.34 sys=0.02, real=0.16 secs] 
2013-10-02T00:41:38.660+0000: 45.797: [GC 45.803: [ParNew: 92160K->10240K(92160K), 0.1743190 secs] 1010928K->942374K(4184064K), 0.1895550 secs] [Times: user=0.47 sys=0.06, real=0.20 secs] 
2013-10-02T00:41:39.476+0000: 46.614: [GC 46.621: [ParNew: 92160K->10240K(92160K), 0.1176020 secs] 1024294K->955625K(4184064K), 0.1305600 secs] [Times: user=0.40 sys=0.04, real=0.14 secs] 
2013-10-02T00:41:40.323+0000: 47.463: [GC 47.472: [ParNew: 92160K->10240K(92160K), 0.1460770 secs] 1037545K->970722K(4184064K), 0.1600860 secs] [Times: user=0.38 sys=0.06, real=0.18 secs] 
2013-10-02T00:41:41.413+0000: 48.550: [GC 48.557: [ParNew: 92160K->10240K(92160K), 0.1578120 secs] 1052642K->990827K(4184064K), 0.1701730 secs] [Times: user=0.33 sys=0.02, real=0.18 secs] 
2013-10-02T00:41:42.387+0000: 49.526: [GC 49.534: [ParNew: 92160K->10240K(92160K), 0.1527540 secs] 1072747K->1007197K(4184064K), 0.1662170 secs] [Times: user=0.32 sys=0.02, real=0.18 secs] 
2013-10-02T00:41:43.461+0000: 50.598: [GC 50.605: [ParNew: 92160K->10240K(92160K), 0.1567460 secs] 1089117K->1026630K(4184064K), 0.1699360 secs] [Times: user=0.34 sys=0.04, real=0.18 secs] 
2013-10-02T00:41:44.593+0000: 51.730: [GC 51.737: [ParNew: 92160K->10240K(92160K), 0.1837750 secs] 1108550K->1047784K(4184064K), 0.1966530 secs] [Times: user=0.42 sys=0.07, real=0.20 secs] 
2013-10-02T00:41:45.817+0000: 52.955: [GC 52.962: [ParNew: 92160K->10240K(92160K), 0.1611190 secs] 1129704K->1066790K(4184064K), 0.1748490 secs] [Times: user=0.46 sys=0.04, real=0.18 secs] 
2013-10-02T00:41:47.029+0000: 54.168: [GC 54.175: [ParNew: 92160K->10240K(92160K), 0.2074850 secs] 1148710K->1086097K(4184064K), 0.2224560 secs] [Times: user=0.46 sys=0.18, real=0.23 secs] 
2013-10-02T00:41:48.817+0000: 55.956: [GC 55.964: [ParNew: 92160K->10240K(92160K), 0.1285500 secs] 1168017K->1109854K(4184064K), 0.1426590 secs] [Times: user=0.43 sys=0.01, real=0.15 secs] 
2013-10-02T00:41:49.666+0000: 56.805: [GC 56.812: [ParNew: 92139K->10240K(92160K), 0.1283300 secs] 1191753K->1124011K(4184064K), 0.1418940 secs] [Times: user=0.40 sys=0.06, real=0.15 secs] 
2013-10-02T00:41:51.581+0000: 58.720: [GC 58.727: [ParNew: 92160K->10240K(92160K), 0.1665120 secs] 1205931K->1135595K(4184064K), 0.1799590 secs] [Times: user=0.35 sys=0.02, real=0.20 secs] 
2013-10-02T00:41:52.907+0000: 60.047: [GC 60.058: [ParNew: 92159K->10240K(92160K), 0.1051720 secs] 1217515K->1145420K(4184064K), 0.1222900 secs] [Times: user=0.34 sys=0.03, real=0.13 secs] 
2013-10-02T00:41:54.546+0000: 61.686: [GC 61.696: [ParNew: 92159K->10240K(92160K), 0.1232810 secs] 1227340K->1157221K(4184064K), 0.1393250 secs] [Times: user=0.26 sys=0.03, real=0.15 secs] 
2013-10-02T00:41:56.351+0000: 63.490: [GC 63.498: [ParNew: 92160K->10240K(92160K), 0.0763660 secs] 1239141K->1166825K(4184064K), 0.0909110 secs] [Times: user=0.30 sys=0.02, real=0.11 secs] 
2013-10-02T00:41:58.060+0000: 65.199: [GC 65.209: [ParNew: 92159K->10240K(92160K), 0.1172410 secs] 1248745K->1177601K(4184064K), 0.1335140 secs] [Times: user=0.35 sys=0.03, real=0.15 secs] 
2013-10-02T00:41:59.662+0000: 66.800: [GC 66.807: [ParNew: 92159K->10240K(92160K), 0.1410350 secs] 1259521K->1188516K(4184064K), 0.1547030 secs] [Times: user=0.26 sys=0.02, real=0.17 secs] 
2013-10-02T00:42:01.256+0000: 68.399: [GC 68.406: [ParNew: 92160K->10240K(92160K), 0.1213720 secs] 1270436K->1198738K(4184064K), 0.1357950 secs] [Times: user=0.39 sys=0.07, real=0.15 secs] 
2013-10-02T00:42:03.085+0000: 70.223: [GC 70.231: [ParNew: 92144K->10240K(92160K), 0.1152470 secs] 1280642K->1210053K(4184064K), 0.1297370 secs] [Times: user=0.25 sys=0.02, real=0.14 secs] 
2013-10-02T00:42:04.460+0000: 71.602: [GC 71.611: [ParNew: 92159K->10240K(92160K), 0.1534430 secs] 1291973K->1221473K(4184064K), 0.1689920 secs] [Times: user=0.39 sys=0.10, real=0.18 secs] 
2013-10-02T00:42:05.656+0000: 72.796: [GC 72.804: [ParNew: 92159K->10240K(92160K), 0.1706480 secs] 1303393K->1234346K(4184064K), 0.1865670 secs] [Times: user=0.38 sys=0.08, real=0.20 secs] 
2013-10-02T00:42:07.650+0000: 74.788: [GC 74.795: [ParNew: 92160K->10240K(92160K), 0.0728210 secs] 1316266K->1246141K(4184064K), 0.0863410 secs] [Times: user=0.27 sys=0.00, real=0.10 secs] 
2013-10-02T00:42:08.892+0000: 76.032: [GC 76.040: [ParNew: 92160K->10240K(92160K), 0.2301170 secs] 1328061K->1258605K(4184064K), 0.2455330 secs] [Times: user=0.51 sys=0.11, real=0.25 secs] 
2013-10-02T00:42:09.853+0000: 76.991: [GC 76.999: [ParNew: 92160K->10240K(92160K), 0.1395090 secs] 1340525K->1271933K(4184064K), 0.1540560 secs] [Times: user=0.26 sys=0.04, real=0.16 secs] 
2013-10-02T00:42:10.698+0000: 77.837: [GC 77.844: [ParNew: 92153K->10240K(92160K), 0.1387050 secs] 1353847K->1284964K(4184064K), 0.1527070 secs] [Times: user=0.40 sys=0.02, real=0.17 secs] 
2013-10-02T00:42:11.707+0000: 78.845: [GC 78.853: [ParNew: 92159K->10240K(92160K), 0.0760170 secs] 1366884K->1300270K(4184064K), 0.0894920 secs] [Times: user=0.28 sys=0.02, real=0.10 secs] 
2013-10-02T00:42:12.763+0000: 79.901: [GC 79.909: [ParNew: 92159K->10240K(92160K), 0.1276540 secs] 1382189K->1315022K(4184064K), 0.1411800 secs] [Times: user=0.28 sys=0.03, real=0.15 secs] 
2013-10-02T00:42:13.884+0000: 81.022: [GC 81.030: [ParNew: 92159K->10240K(92160K), 0.1380440 secs] 1396941K->1328389K(4184064K), 0.1523500 secs] [Times: user=0.28 sys=0.04, real=0.16 secs] 
2013-10-02T00:42:15.102+0000: 82.241: [GC 82.248: [ParNew: 92159K->10240K(92160K), 0.1203680 secs] 1410308K->1341807K(4184064K), 0.1348760 secs] [Times: user=0.36 sys=0.05, real=0.14 secs] 
2013-10-02T00:42:16.297+0000: 83.440: [GC 83.448: [ParNew: 92160K->10240K(92160K), 0.1330610 secs] 1423727K->1355841K(4184064K), 0.1494090 secs] [Times: user=0.39 sys=0.09, real=0.17 secs] 
2013-10-02T00:42:18.207+0000: 85.345: [GC 85.353: [ParNew: 92159K->10240K(92160K), 0.1415870 secs] 1437761K->1369358K(4184064K), 0.1551060 secs] [Times: user=0.27 sys=0.05, real=0.17 secs] 
2013-10-02T00:42:19.146+0000: 86.285: [GC 86.293: [ParNew: 92160K->10240K(92160K), 0.0900730 secs] 1451278K->1381392K(4184064K), 0.1039540 secs] [Times: user=0.25 sys=0.02, real=0.12 secs] 
2013-10-02T00:42:20.469+0000: 87.608: [GC 87.616: [ParNew: 92130K->10240K(92160K), 0.1606690 secs] 1463282K->1394825K(4184064K), 0.1757630 secs] [Times: user=0.41 sys=0.09, real=0.19 secs] 
2013-10-02T00:42:21.851+0000: 88.993: [GC 89.001: [ParNew: 92160K->10240K(92160K), 0.1459670 secs] 1476745K->1406203K(4184064K), 0.1605960 secs] [Times: user=0.37 sys=0.04, real=0.18 secs] 
2013-10-02T00:42:23.157+0000: 90.296: [GC 90.303: [ParNew: 92160K->10240K(92160K), 0.1291730 secs] 1488123K->1419507K(4184064K), 0.1432900 secs] [Times: user=0.36 sys=0.04, real=0.15 secs] 
2013-10-02T00:42:24.335+0000: 91.476: [GC 91.484: [ParNew: 92146K->10240K(92160K), 0.1588970 secs] 1501414K->1432380K(4184064K), 0.1733000 secs] [Times: user=0.33 sys=0.08, real=0.19 secs] 
2013-10-02T00:42:25.623+0000: 92.762: [GC 92.769: [ParNew: 92160K->10240K(92160K), 0.1538460 secs] 1514300K->1444930K(4184064K), 0.1682160 secs] [Times: user=0.42 sys=0.07, real=0.18 secs] 
2013-10-02T00:42:27.039+0000: 94.180: [GC 94.189: [ParNew: 92160K->10240K(92160K), 0.1089450 secs] 1530781K->1461308K(4184064K), 0.1243620 secs] [Times: user=0.38 sys=0.05, real=0.13 secs] 
2013-10-02T00:42:28.438+0000: 95.578: [GC 95.586: [ParNew: 92160K->10240K(92160K), 0.1516650 secs] 1543228K->1474444K(4184064K), 0.1666150 secs] [Times: user=0.36 sys=0.04, real=0.18 secs] 
2013-10-02T00:42:29.659+0000: 96.797: [GC 96.805: [ParNew: 92160K->10240K(92160K), 0.2025000 secs] 1556364K->1487296K(4184064K), 0.2193060 secs] [Times: user=0.52 sys=0.03, real=0.23 secs] 
2013-10-02T00:42:30.995+0000: 98.135: [GC 98.144: [ParNew: 92160K->10240K(92160K), 0.1507240 secs] 1569216K->1500127K(4184064K), 0.1660110 secs] [Times: user=0.48 sys=0.04, real=0.18 secs] 
2013-10-02T00:42:32.274+0000: 99.416: [GC 99.424: [ParNew: 92158K->10240K(92160K), 0.1824790 secs] 1582046K->1512844K(4184064K), 0.1977650 secs] [Times: user=0.33 sys=0.14, real=0.21 secs] 
2013-10-02T00:42:33.571+0000: 100.710: [GC 100.718: [ParNew: 92160K->10240K(92160K), 0.1472840 secs] 1594764K->1528121K(4184064K), 0.1620590 secs] [Times: user=0.34 sys=0.04, real=0.17 secs] 
2013-10-02T00:42:34.977+0000: 102.118: [GC 102.125: [ParNew: 92160K->10240K(92160K), 0.0825200 secs] 1610041K->1543596K(4184064K), 0.0960540 secs] [Times: user=0.26 sys=0.04, real=0.11 secs] 
2013-10-02T00:42:36.135+0000: 103.275: [GC 103.283: [ParNew: 92139K->10240K(92160K), 0.1481400 secs] 1625496K->1558687K(4184064K), 0.1621480 secs] [Times: user=0.31 sys=0.09, real=0.18 secs] 
2013-10-02T00:42:37.326+0000: 104.464: [GC 104.472: [ParNew: 92160K->10240K(92160K), 0.1517530 secs] 1640656K->1571827K(4184064K), 0.1655290 secs] [Times: user=0.34 sys=0.04, real=0.18 secs] 
2013-10-02T00:42:38.459+0000: 105.597: [GC 105.605: [ParNew: 92159K->10240K(92160K), 0.1458970 secs] 1653747K->1589223K(4184064K), 0.1598930 secs] [Times: user=0.43 sys=0.02, real=0.18 secs] 
2013-10-02T00:42:39.768+0000: 106.914: [GC 106.925: [ParNew: 92160K->10240K(92160K), 0.1972950 secs] 1671143K->1604096K(4184064K), 0.2140920 secs] [Times: user=0.43 sys=0.12, real=0.23 secs] 
2013-10-02T00:42:40.590+0000: 107.728: [GC 107.735: [ParNew: 92160K->10240K(92160K), 0.1755100 secs] 1686016K->1621425K(4184064K), 0.1891220 secs] [Times: user=0.35 sys=0.05, real=0.20 secs] 
2013-10-02T00:42:41.679+0000: 108.817: [GC 108.824: [ParNew: 92160K->10240K(92160K), 0.1562250 secs] 1703345K->1639885K(4184064K), 0.1703580 secs] [Times: user=0.32 sys=0.03, real=0.19 secs] 
2013-10-02T00:42:42.715+0000: 109.853: [GC 109.860: [ParNew: 92158K->10240K(92160K), 0.1143760 secs] 1721804K->1657775K(4184064K), 0.1278560 secs] [Times: user=0.26 sys=0.04, real=0.14 secs] 
2013-10-02T00:42:43.655+0000: 110.793: [GC 110.800: [ParNew: 92144K->10240K(92160K), 0.1407230 secs] 1739679K->1674266K(4184064K), 0.1544280 secs] [Times: user=0.26 sys=0.03, real=0.17 secs] 
2013-10-02T00:42:44.523+0000: 111.661: [GC 111.669: [ParNew: 92160K->10240K(92160K), 0.1440630 secs] 1756186K->1691910K(4184064K), 0.1582300 secs] [Times: user=0.28 sys=0.03, real=0.17 secs] 
2013-10-02T00:42:45.465+0000: 112.604: [GC 112.612: [ParNew: 92158K->10240K(92160K), 0.1379610 secs] 1773829K->1709375K(4184064K), 0.1520940 secs] [Times: user=0.29 sys=0.04, real=0.17 secs] 
2013-10-02T00:42:46.584+0000: 113.722: [GC 113.729: [ParNew: 92160K->10240K(92160K), 0.1101010 secs] 1791295K->1726650K(4184064K), 0.1237440 secs] [Times: user=0.26 sys=0.04, real=0.13 secs] 
2013-10-02T00:42:47.564+0000: 114.702: [GC 114.709: [ParNew: 92158K->10240K(92160K), 0.1294200 secs] 1808569K->1742071K(4184064K), 0.1428620 secs] [Times: user=0.24 sys=0.03, real=0.15 secs] 
2013-10-02T00:42:48.639+0000: 115.777: [GC 115.784: [ParNew: 92158K->10240K(92160K), 0.1611290 secs] 1823989K->1757695K(4184064K), 0.1751840 secs] [Times: user=0.34 sys=0.02, real=0.19 secs] 
2013-10-02T00:42:49.868+0000: 117.007: [GC 117.015: [ParNew: 92159K->10240K(92160K), 0.1255520 secs] 1839615K->1775154K(4184064K), 0.1406530 secs] [Times: user=0.38 sys=0.05, real=0.15 secs] 
2013-10-02T00:42:51.112+0000: 118.254: [GC 118.263: [ParNew: 92138K->10240K(92160K), 0.1799730 secs] 1857053K->1790590K(4184064K), 0.1958720 secs] [Times: user=0.41 sys=0.09, real=0.21 secs] 
2013-10-02T00:42:52.235+0000: 119.374: [GC 119.381: [ParNew: 92160K->10240K(92160K), 0.1144750 secs] 1872510K->1805396K(4184064K), 0.1295180 secs] [Times: user=0.28 sys=0.04, real=0.14 secs] 
2013-10-02T00:42:53.387+0000: 120.527: [GC 120.536: [ParNew: 92160K->10240K(92160K), 0.1161040 secs] 1887316K->1822871K(4184064K), 0.1311380 secs] [Times: user=0.36 sys=0.08, real=0.15 secs] 
2013-10-02T00:42:54.461+0000: 121.600: [GC 121.607: [ParNew: 92160K->10240K(92160K), 0.0838740 secs] 1904791K->1838714K(4184064K), 0.0979400 secs] [Times: user=0.27 sys=0.05, real=0.11 secs] 
2013-10-02T00:42:55.492+0000: 122.630: [GC 122.638: [ParNew: 92158K->10240K(92160K), 0.1694030 secs] 1920633K->1854747K(4184064K), 0.1830880 secs] [Times: user=0.34 sys=0.08, real=0.19 secs] 
2013-10-02T00:42:56.537+0000: 123.675: [GC 123.683: [ParNew: 92158K->10240K(92160K), 0.1283000 secs] 1936666K->1870944K(4184064K), 0.1417800 secs] [Times: user=0.26 sys=0.03, real=0.16 secs] 
2013-10-02T00:42:57.616+0000: 124.754: [GC 124.762: [ParNew: 92158K->10240K(92160K), 0.1334830 secs] 1952862K->1887582K(4184064K), 0.1472160 secs] [Times: user=0.35 sys=0.06, real=0.16 secs] 
2013-10-02T00:42:58.792+0000: 125.935: [GC 125.943: [ParNew: 92160K->10240K(92160K), 0.2542740 secs] 1969502K->1904708K(4184064K), 0.2714850 secs] [Times: user=0.51 sys=0.14, real=0.28 secs] 
2013-10-02T00:42:59.999+0000: 127.138: [GC 127.145: [ParNew: 92160K->10240K(92160K), 0.1766990 secs] 1986628K->1920095K(4184064K), 0.1918070 secs] [Times: user=0.36 sys=0.04, real=0.20 secs] 
2013-10-02T00:43:00.983+0000: 128.121: [GC 128.129: [ParNew: 92160K->10240K(92160K), 0.1239170 secs] 2002015K->1935775K(4184064K), 0.1375930 secs] [Times: user=0.26 sys=0.03, real=0.15 secs] 
2013-10-02T00:43:02.076+0000: 129.214: [GC 129.222: [ParNew: 92158K->10240K(92160K), 0.1025140 secs] 2017693K->1951927K(4184064K), 0.1163690 secs] [Times: user=0.27 sys=0.02, real=0.13 secs] 
2013-10-02T00:43:03.154+0000: 130.292: [GC 130.299: [ParNew: 92160K->10240K(92160K), 0.1623240 secs] 2033847K->1968347K(4184064K), 0.1758490 secs] [Times: user=0.31 sys=0.08, real=0.19 secs] 
2013-10-02T00:43:04.232+0000: 131.370: [GC 131.378: [ParNew: 92159K->10240K(92160K), 0.1652990 secs] 2050266K->1985450K(4184064K), 0.1803650 secs] [Times: user=0.35 sys=0.05, real=0.19 secs] 
2013-10-02T00:43:05.415+0000: 132.553: [GC 132.560: [ParNew: 92160K->10240K(92160K), 0.1636890 secs] 2067370K->2003417K(4184064K), 0.1773130 secs] [Times: user=0.43 sys=0.09, real=0.19 secs] 
2013-10-02T00:43:06.533+0000: 133.671: [GC 133.678: [ParNew: 92160K->10240K(92160K), 0.1511160 secs] 2085337K->2020144K(4184064K), 0.1660760 secs] [Times: user=0.36 sys=0.06, real=0.18 secs] 
2013-10-02T00:43:07.573+0000: 134.712: [GC 134.719: [ParNew: 92160K->10240K(92160K), 0.1210150 secs] 2102064K->2036657K(4184064K), 0.1344350 secs] [Times: user=0.25 sys=0.04, real=0.15 secs] 
2013-10-02T00:43:08.662+0000: 135.801: [GC 135.808: [ParNew: 92159K->10240K(92160K), 0.1337950 secs] 2118576K->2053913K(4184064K), 0.1473020 secs] [Times: user=0.32 sys=0.07, real=0.16 secs] 
2013-10-02T00:43:09.610+0000: 136.748: [GC 136.755: [ParNew: 92159K->10240K(92160K), 0.0765940 secs] 2135833K->2070483K(4184064K), 0.0900370 secs] [Times: user=0.25 sys=0.05, real=0.10 secs] 
2013-10-02T00:43:10.570+0000: 137.709: [GC 137.716: [ParNew: 92159K->10240K(92160K), 0.1425400 secs] 2152402K->2089745K(4184064K), 0.1566590 secs] [Times: user=0.28 sys=0.02, real=0.17 secs] 
2013-10-02T00:43:11.530+0000: 138.668: [GC 138.675: [ParNew: 92160K->10240K(92160K), 0.1286400 secs] 2171665K->2107388K(4184064K), 0.1421080 secs] [Times: user=0.26 sys=0.04, real=0.15 secs] 
2013-10-02T00:43:12.432+0000: 139.570: [GC 139.577: [ParNew: 92157K->10240K(92160K), 0.1326300 secs] 2189306K->2125880K(4184064K), 0.1460640 secs] [Times: user=0.28 sys=0.03, real=0.16 secs] 
2013-10-02T00:43:13.312+0000: 140.451: [GC 140.458: [ParNew: 92160K->10240K(92160K), 0.1051550 secs] 2207800K->2144222K(4184064K), 0.1187030 secs] [Times: user=0.28 sys=0.06, real=0.13 secs] 
2013-10-02T00:43:14.079+0000: 141.217: [GC 141.226: [ParNew: 92160K->10240K(92160K), 0.1262330 secs] 2226142K->2162470K(4184064K), 0.1408740 secs] [Times: user=0.25 sys=0.05, real=0.15 secs] 
2013-10-02T00:43:15.013+0000: 142.156: [GC 142.164: [ParNew: 92160K->10240K(92160K), 0.1639280 secs] 2244390K->2181758K(4184064K), 0.1779980 secs] [Times: user=0.32 sys=0.05, real=0.19 secs] 
2013-10-02T00:43:15.889+0000: 143.031: [GC 143.040: [ParNew: 92143K->10240K(92160K), 0.1715400 secs] 2263662K->2200588K(4184064K), 0.1864390 secs] [Times: user=0.35 sys=0.12, real=0.20 secs] 
2013-10-02T00:43:16.779+0000: 143.917: [GC 143.924: [ParNew: 92160K->10240K(92160K), 0.0938680 secs] 2282508K->2218563K(4184064K), 0.1073830 secs] [Times: user=0.31 sys=0.03, real=0.12 secs] 
2013-10-02T00:43:17.699+0000: 144.837: [GC 144.845: [ParNew: 92156K->10240K(92160K), 0.1037690 secs] 2300480K->2236513K(4184064K), 0.1171870 secs] [Times: user=0.26 sys=0.03, real=0.12 secs] 
2013-10-02T00:43:18.472+0000: 145.612: [GC 145.620: [ParNew: 92159K->10240K(92160K), 0.1388270 secs] 2318433K->2254634K(4184064K), 0.1531720 secs] [Times: user=0.29 sys=0.01, real=0.17 secs] 
2013-10-02T00:43:19.349+0000: 146.487: [GC 146.497: [ParNew: 92159K->10240K(92160K), 0.1600050 secs] 2336553K->2272989K(4184064K), 0.1753360 secs] [Times: user=0.30 sys=0.07, real=0.18 secs] 
2013-10-02T00:43:20.512+0000: 147.650: [GC 147.657: [ParNew: 92160K->10240K(92160K), 0.1240750 secs] 2354909K->2292015K(4184064K), 0.1376040 secs] [Times: user=0.31 sys=0.05, real=0.15 secs] 
2013-10-02T00:43:21.590+0000: 148.728: [GC 148.736: [ParNew: 92160K->10240K(92160K), 0.1730010 secs] 2373935K->2310246K(4184064K), 0.1887780 secs] [Times: user=0.36 sys=0.09, real=0.20 secs] 
2013-10-02T00:43:22.484+0000: 149.622: [GC 149.629: [ParNew: 92156K->10240K(92160K), 0.1401740 secs] 2392162K->2327182K(4184064K), 0.1537730 secs] [Times: user=0.24 sys=0.04, real=0.17 secs] 
2013-10-02T00:43:23.524+0000: 150.662: [GC 150.669: [ParNew: 92160K->10240K(92160K), 0.1311420 secs] 2409102K->2344668K(4184064K), 0.1447070 secs] [Times: user=0.26 sys=0.03, real=0.16 secs] 
2013-10-02T00:43:24.456+0000: 151.594: [GC 151.601: [ParNew: 92160K->10240K(92160K), 0.1048310 secs] 2426588K->2362384K(4184064K), 0.1184850 secs] [Times: user=0.28 sys=0.02, real=0.12 secs] 
2013-10-02T00:43:25.367+0000: 152.505: [GC 152.512: [ParNew: 92157K->10240K(92160K), 0.1311400 secs] 2444302K->2380087K(4184064K), 0.1445690 secs] [Times: user=0.26 sys=0.04, real=0.16 secs] 
2013-10-02T00:43:26.261+0000: 153.410: [GC 153.425: [ParNew: 92159K->10240K(92160K), 0.1451110 secs] 2462007K->2398359K(4184064K), 0.1666430 secs] [Times: user=0.30 sys=0.06, real=0.19 secs] 
2013-10-02T00:43:27.245+0000: 154.384: [GC 154.391: [ParNew: 92159K->10240K(92160K), 0.1295390 secs] 2480278K->2415671K(4184064K), 0.1429980 secs] [Times: user=0.26 sys=0.03, real=0.16 secs] 
2013-10-02T00:43:28.205+0000: 155.344: [GC 155.351: [ParNew: 92160K->10240K(92160K), 0.0815100 secs] 2497591K->2433517K(4184064K), 0.0952740 secs] [Times: user=0.30 sys=0.01, real=0.11 secs] 
2013-10-02T00:43:29.398+0000: 156.536: [GC 156.543: [ParNew: 92158K->10240K(92160K), 0.1234320 secs] 2515436K->2451650K(4184064K), 0.1379400 secs] [Times: user=0.30 sys=0.06, real=0.14 secs] 
2013-10-02T00:43:30.241+0000: 157.379: [GC 157.386: [ParNew: 92159K->10240K(92160K), 0.1417260 secs] 2533570K->2468822K(4184064K), 0.1554400 secs] [Times: user=0.35 sys=0.04, real=0.16 secs] 
2013-10-02T00:43:31.174+0000: 158.312: [GC 158.319: [ParNew: 92160K->10240K(92160K), 0.1300030 secs] 2550742K->2486499K(4184064K), 0.1438680 secs] [Times: user=0.25 sys=0.05, real=0.16 secs] 
2013-10-02T00:43:32.052+0000: 159.192: [GC 159.200: [ParNew: 92160K->10240K(92160K), 0.0851480 secs] 2568419K->2504626K(4184064K), 0.0989660 secs] [Times: user=0.29 sys=0.04, real=0.11 secs] 
2013-10-02T00:43:33.022+0000: 160.163: [GC 160.172: [ParNew: 92159K->10240K(92160K), 0.1138300 secs] 2586546K->2522454K(4184064K), 0.1289660 secs] [Times: user=0.26 sys=0.05, real=0.14 secs] 
2013-10-02T00:43:33.954+0000: 161.093: [GC 161.100: [ParNew: 92160K->10240K(92160K), 0.0933090 secs] 2604374K->2540196K(4184064K), 0.1074780 secs] [Times: user=0.27 sys=0.06, real=0.12 secs] 
2013-10-02T00:43:34.881+0000: 162.020: [GC 162.043: [ParNew: 92160K->10240K(92160K), 0.0884340 secs] 2622116K->2558095K(4184064K), 0.1024270 secs] [Times: user=0.26 sys=0.07, real=0.13 secs] 
2013-10-02T00:43:35.986+0000: 163.125: [GC 163.132: [ParNew: 92160K->10240K(92160K), 0.0926750 secs] 2640015K->2577386K(4184064K), 0.1066230 secs] [Times: user=0.27 sys=0.08, real=0.12 secs] 
2013-10-02T00:43:37.006+0000: 164.144: [GC 164.151: [ParNew: 92151K->10240K(92160K), 0.0931330 secs] 2659297K->2595936K(4184064K), 0.1076510 secs] [Times: user=0.30 sys=0.05, real=0.12 secs] 
2013-10-02T00:43:37.883+0000: 165.021: [GC 165.028: [ParNew: 92160K->10240K(92160K), 0.1231190 secs] 2677856K->2613892K(4184064K), 0.1368010 secs] [Times: user=0.26 sys=0.04, real=0.15 secs] 
2013-10-02T00:43:38.884+0000: 166.023: [GC 166.030: [ParNew: 92130K->10240K(92160K), 0.1207660 secs] 2695782K->2632169K(4184064K), 0.1348110 secs] [Times: user=0.26 sys=0.04, real=0.14 secs] 
2013-10-02T00:43:39.758+0000: 166.897: [GC 166.905: [ParNew: 92148K->10240K(92160K), 0.1256570 secs] 2714078K->2649938K(4184064K), 0.1400660 secs] [Times: user=0.29 sys=0.05, real=0.15 secs] 
2013-10-02T00:43:40.625+0000: 167.764: [GC 167.771: [ParNew: 92158K->10240K(92160K), 0.0965180 secs] 2731856K->2669349K(4184064K), 0.1103580 secs] [Times: user=0.29 sys=0.06, real=0.12 secs] 
2013-10-02T00:43:41.472+0000: 168.611: [GC 168.618: [ParNew: 92159K->10240K(92160K), 0.0844560 secs] 2751268K->2687961K(4184064K), 0.0983690 secs] [Times: user=0.28 sys=0.06, real=0.11 secs] 
2013-10-02T00:43:42.348+0000: 169.486: [GC 169.493: [ParNew: 92160K->10240K(92160K), 0.0859840 secs] 2769881K->2706888K(4184064K), 0.0996100 secs] [Times: user=0.30 sys=0.04, real=0.11 secs] 
2013-10-02T00:43:43.143+0000: 170.284: [GC 170.292: [ParNew: 92160K->10240K(92160K), 0.1346920 secs] 2788808K->2726338K(4184064K), 0.1492790 secs] [Times: user=0.41 sys=0.05, real=0.16 secs] 
2013-10-02T00:43:43.970+0000: 171.110: [GC 171.122: [ParNew: 92160K->10240K(92160K), 0.1625760 secs] 2808258K->2746084K(4184064K), 0.1801120 secs] [Times: user=0.27 sys=0.04, real=0.19 secs] 
2013-10-02T00:43:44.817+0000: 171.957: [GC 171.965: [ParNew: 92160K->10240K(92160K), 0.1624790 secs] 2828004K->2765614K(4184064K), 0.1774170 secs] [Times: user=0.27 sys=0.07, real=0.19 secs] 
2013-10-02T00:43:45.606+0000: 172.746: [GC 172.754: [ParNew: 92160K->10240K(92160K), 0.1067010 secs] 2847534K->2784801K(4184064K), 0.1204790 secs] [Times: user=0.32 sys=0.04, real=0.13 secs] 
2013-10-02T00:43:46.416+0000: 173.556: [GC 173.564: [ParNew: 92160K->10240K(92160K), 0.1102510 secs] 2866721K->2804859K(4184064K), 0.1240690 secs] [Times: user=0.37 sys=0.03, real=0.13 secs] 
2013-10-02T00:43:47.164+0000: 174.303: [GC 174.310: [ParNew: 92159K->10240K(92160K), 0.1390790 secs] 2886779K->2823860K(4184064K), 0.1526800 secs] [Times: user=0.28 sys=0.05, real=0.16 secs] 
2013-10-02T00:43:47.894+0000: 175.032: [GC 175.039: [ParNew: 92160K->10240K(92160K), 0.1117640 secs] 2905780K->2843000K(4184064K), 0.1252310 secs] [Times: user=0.28 sys=0.04, real=0.14 secs] 
2013-10-02T00:43:48.753+0000: 175.891: [GC 175.899: [ParNew: 92159K->10240K(92160K), 0.1274470 secs] 2924920K->2862191K(4184064K), 0.1418260 secs] [Times: user=0.35 sys=0.06, real=0.16 secs] 
2013-10-02T00:43:49.599+0000: 176.738: [GC 176.745: [ParNew: 92140K->10240K(92160K), 0.0994190 secs] 2944091K->2882171K(4184064K), 0.1133480 secs] [Times: user=0.33 sys=0.05, real=0.12 secs] 
2013-10-02T00:43:50.293+0000: 177.431: [GC 177.438: [ParNew: 92159K->10240K(92160K), 0.0961460 secs] 2964090K->2900442K(4184064K), 0.1097440 secs] [Times: user=0.36 sys=0.01, real=0.12 secs] 
2013-10-02T00:43:51.089+0000: 178.229: [GC 178.237: [ParNew: 92118K->10240K(92160K), 0.1365980 secs] 2982321K->2919664K(4184064K), 0.1513750 secs] [Times: user=0.33 sys=0.03, real=0.16 secs] 
2013-10-02T00:43:52.130+0000: 179.268: [GC 179.275: [ParNew: 92160K->10240K(92160K), 0.1209340 secs] 3001584K->2940403K(4184064K), 0.1345590 secs] [Times: user=0.28 sys=0.04, real=0.14 secs] 
2013-10-02T00:43:52.961+0000: 180.100: [GC 180.108: [ParNew: 92159K->10240K(92160K), 0.1142460 secs] 3022322K->2959645K(4184064K), 0.1285260 secs] [Times: user=0.34 sys=0.07, real=0.14 secs] 
2013-10-02T00:43:53.875+0000: 181.014: [GC 181.022: [ParNew: 92155K->10240K(92160K), 0.0973610 secs] 3041560K->2978068K(4184064K), 0.1114600 secs] [Times: user=0.29 sys=0.03, real=0.12 secs] 
2013-10-02T00:43:54.714+0000: 181.852: [GC 181.859: [ParNew: 92160K->10240K(92160K), 0.1140690 secs] 3059988K->2996574K(4184064K), 0.1275700 secs] [Times: user=0.31 sys=0.05, real=0.14 secs] 
2013-10-02T00:43:55.598+0000: 182.735: [GC 182.743: [ParNew: 92157K->10240K(92160K), 0.0865690 secs] 3078491K->3015262K(4184064K), 0.1001370 secs] [Times: user=0.27 sys=0.03, real=0.11 secs] 
2013-10-02T00:43:56.481+0000: 183.619: [GC 183.627: [ParNew: 92160K->10240K(92160K), 0.1065880 secs] 3097182K->3034796K(4184064K), 0.1204240 secs] [Times: user=0.33 sys=0.04, real=0.13 secs] 
2013-10-02T00:43:57.286+0000: 184.425: [GC 184.433: [ParNew: 92138K->10240K(92160K), 0.1248060 secs] 3116694K->3053576K(4184064K), 0.1386730 secs] [Times: user=0.32 sys=0.03, real=0.15 secs] 
2013-10-02T00:43:58.117+0000: 185.255: [GC 185.263: [ParNew: 92160K->10240K(92160K), 0.1262240 secs] 3135496K->3072168K(4184064K), 0.1403900 secs] [Times: user=0.35 sys=0.03, real=0.15 secs] 
2013-10-02T00:43:58.946+0000: 186.084: [GC 186.091: [ParNew: 92160K->10240K(92160K), 0.1298330 secs] 3154088K->3090961K(4184064K), 0.1437220 secs] [Times: user=0.31 sys=0.05, real=0.15 secs] 
2013-10-02T00:43:59.121+0000: 186.259: [GC [1 CMS-initial-mark: 3080721K(4091904K)] 3091053K(4184064K), 0.0820980 secs] [Times: user=0.09 sys=0.00, real=0.09 secs] 
2013-10-02T00:43:59.239+0000: 186.367: [CMS-concurrent-mark-start]
2013-10-02T00:43:59.828+0000: 186.967: [GC 186.975: [ParNew: 92160K->10240K(92160K), 0.1160180 secs] 3172881K->3110023K(4184064K), 0.1297530 secs] [Times: user=0.30 sys=0.03, real=0.14 secs] 
2013-10-02T00:44:00.634+0000: 187.773: [GC 187.780: [ParNew: 92160K->10240K(92160K), 0.1184020 secs] 3191943K->3128926K(4184064K), 0.1319130 secs] [Times: user=0.30 sys=0.06, real=0.15 secs] 
2013-10-02T00:44:01.593+0000: 188.731: [GC 188.738: [ParNew: 92156K->10240K(92160K), 0.1326560 secs] 3210842K->3148169K(4184064K), 0.1461210 secs] [Times: user=0.41 sys=0.03, real=0.16 secs] 
2013-10-02T00:44:02.439+0000: 189.577: [GC 189.584: [ParNew: 92160K->10240K(92160K), 0.1347520 secs] 3230089K->3166519K(4184064K), 0.1484720 secs] [Times: user=0.33 sys=0.04, real=0.16 secs] 
2013-10-02T00:44:03.263+0000: 190.402: [GC 190.410: [ParNew: 92158K->10240K(92160K), 0.1415170 secs] 3248438K->3185352K(4184064K), 0.1557110 secs] [Times: user=0.37 sys=0.05, real=0.16 secs] 
2013-10-02T00:44:04.101+0000: 191.239: [GC 191.246: [ParNew: 92143K->10240K(92160K), 0.0904300 secs] 3267256K->3204444K(4184064K), 0.1041290 secs] [Times: user=0.25 sys=0.05, real=0.11 secs] 
2013-10-02T00:44:04.331+0000: 191.459: [CMS-concurrent-mark: 4.073/5.093 secs] [Times: user=7.90 sys=2.52, real=5.10 secs] 
2013-10-02T00:44:04.352+0000: 191.480: [CMS-concurrent-preclean-start]
2013-10-02T00:44:04.579+0000: 191.708: [CMS-concurrent-preclean: 0.174/0.228 secs] [Times: user=0.24 sys=0.15, real=0.24 secs] 
2013-10-02T00:44:04.599+0000: 191.728: [CMS-concurrent-abortable-preclean-start]
2013-10-02T00:44:04.891+0000: 192.029: [GC 192.036: [ParNew: 92139K->10240K(92160K), 0.0904770 secs] 3286343K->3223810K(4184064K), 0.1045160 secs] [Times: user=0.29 sys=0.04, real=0.12 secs] 
2013-10-02T00:44:05.372+0000: 192.500: [CMS-concurrent-abortable-preclean: 0.593/0.773 secs] [Times: user=1.18 sys=0.47, real=0.78 secs] 
2013-10-02T00:44:05.390+0000: 192.528: [GC[YG occupancy: 54703 K (92160 K)]192.531: [Rescan (parallel) , 0.0339230 secs]192.565: [weak refs processing, 0.0419510 secs]192.607: [class unloading, 0.0039980 secs]192.611: [scrub symbol table, 0.0017240 secs]192.613: [scrub string table, 0.0004040 secs] [1 CMS-remark: 3213570K(4091904K)] 3268274K(4184064K), 0.0878670 secs] [Times: user=0.20 sys=0.00, real=0.10 secs] 
2013-10-02T00:44:05.516+0000: 192.644: [CMS-concurrent-sweep-start]
2013-10-02T00:44:05.754+0000: 192.892: [GC 192.901: [ParNew: 92152K->10240K(92160K), 0.1304270 secs] 3288932K->3225405K(4184064K), 0.1449470 secs] [Times: user=0.35 sys=0.02, real=0.16 secs] 
2013-10-02T00:44:08.147+0000: 195.285: [GC 195.292: [ParNew: 92160K->10240K(92160K), 0.1055420 secs] 3286252K->3224135K(4184064K), 0.1190190 secs] [Times: user=0.28 sys=0.03, real=0.13 secs] 
2013-10-02T00:44:08.637+0000: 195.776: [GC 195.783: [ParNew: 92160K->10240K(92160K), 0.0897270 secs] 3284652K->3222469K(4184064K), 0.1032620 secs] [Times: user=0.28 sys=0.00, real=0.11 secs] 
2013-10-02T00:44:09.136+0000: 196.274: [GC 196.282: [ParNew: 92160K->10240K(92160K), 0.0976770 secs] 2871585K->2809001K(4184064K), 0.1112890 secs] [Times: user=0.30 sys=0.00, real=0.12 secs] 
2013-10-02T00:44:09.834+0000: 196.962: [CMS-concurrent-sweep: 1.786/4.318 secs] [Times: user=5.18 sys=2.96, real=4.33 secs] 
2013-10-02T00:44:09.855+0000: 196.983: [CMS-concurrent-reset-start]
2013-10-02T00:44:09.866+0000: 196.994: [CMS-concurrent-reset: 0.011/0.011 secs] [Times: user=0.02 sys=0.01, real=0.02 secs] 
2013-10-02T00:44:09.951+0000: 197.092: [GC 197.100: [ParNew: 92157K->10240K(92160K), 0.1219270 secs] 2099575K->2038551K(4184064K), 0.1924650 secs] [Times: user=0.33 sys=0.03, real=0.20 secs] 
2013-10-02T00:44:10.512+0000: 197.650: [GC 197.658: [ParNew: 92159K->10240K(92160K), 0.0935340 secs] 2120470K->2057717K(4184064K), 0.1075010 secs] [Times: user=0.31 sys=0.01, real=0.11 secs] 
2013-10-02T00:44:11.302+0000: 198.440: [GC 198.447: [ParNew: 92131K->10240K(92160K), 0.0892220 secs] 2139609K->2075802K(4184064K), 0.1031050 secs] [Times: user=0.33 sys=0.01, real=0.12 secs] 
2013-10-02T00:44:11.933+0000: 199.072: [GC 199.079: [ParNew: 92152K->10240K(92160K), 0.0827330 secs] 2157715K->2094498K(4184064K), 0.0963870 secs] [Times: user=0.24 sys=0.00, real=0.10 secs] 
2013-10-02T00:44:12.615+0000: 199.754: [GC 199.761: [ParNew: 92160K->10240K(92160K), 0.1055260 secs] 2176418K->2114270K(4184064K), 0.1191850 secs] [Times: user=0.30 sys=0.01, real=0.13 secs] 
2013-10-02T00:44:13.401+0000: 200.539: [GC 200.546: [ParNew: 92160K->10240K(92160K), 0.1595710 secs] 2196190K->2134987K(4184064K), 0.1730990 secs] [Times: user=0.47 sys=0.01, real=0.19 secs] 
2013-10-02T00:44:14.127+0000: 201.265: [GC 201.272: [ParNew: 92160K->10240K(92160K), 0.1234430 secs] 2216907K->2154740K(4184064K), 0.1491250 secs] [Times: user=0.27 sys=0.02, real=0.16 secs] 
2013-10-02T00:44:14.881+0000: 202.020: [GC 202.028: [ParNew: 92160K->10240K(92160K), 0.1629090 secs] 2236660K->2174937K(4184064K), 0.1766880 secs] [Times: user=0.28 sys=0.03, real=0.19 secs] 
2013-10-02T00:44:15.653+0000: 202.792: [GC 202.800: [ParNew: 92160K->10240K(92160K), 0.1551960 secs] 2256857K->2195153K(4184064K), 0.1815320 secs] [Times: user=0.33 sys=0.05, real=0.19 secs] 
2013-10-02T00:44:16.417+0000: 203.556: [GC 203.563: [ParNew: 92160K->10240K(92160K), 0.0991080 secs] 2277073K->2214715K(4184064K), 0.1322990 secs] [Times: user=0.26 sys=0.00, real=0.14 secs] 
2013-10-02T00:44:17.107+0000: 204.245: [GC 204.252: [ParNew: 92160K->10240K(92160K), 0.1428070 secs] 2296635K->2235738K(4184064K), 0.1575190 secs] [Times: user=0.31 sys=0.04, real=0.17 secs] 
2013-10-02T00:44:17.843+0000: 204.982: [GC 204.990: [ParNew: 92158K->10240K(92160K), 0.1137410 secs] 2317656K->2255764K(4184064K), 0.1279160 secs] [Times: user=0.29 sys=0.02, real=0.13 secs] 
2013-10-02T00:44:18.574+0000: 205.712: [GC 205.720: [ParNew: 92158K->10240K(92160K), 0.1342590 secs] 2337682K->2276057K(4184064K), 0.1480670 secs] [Times: user=0.29 sys=0.02, real=0.16 secs] 
2013-10-02T00:44:19.161+0000: 206.300: [GC 206.307: [ParNew: 92160K->10240K(92160K), 0.1379080 secs] 2357977K->2296331K(4184064K), 0.1522170 secs] [Times: user=0.28 sys=0.03, real=0.17 secs] 
2013-10-02T00:44:19.948+0000: 207.086: [GC 207.093: [ParNew: 92160K->10240K(92160K), 0.2018930 secs] 2378251K->2316407K(4184064K), 0.2158920 secs] [Times: user=0.34 sys=0.02, real=0.23 secs] 
2013-10-02T00:44:20.660+0000: 207.809: [GC 207.817: [ParNew: 92160K->10240K(92160K), 0.2736250 secs] 2398327K->2335541K(4184064K), 0.2879920 secs] [Times: user=0.47 sys=0.02, real=0.31 secs] 
2013-10-02T00:44:21.359+0000: 208.498: [GC 208.507: [ParNew: 92159K->10240K(92160K), 0.2087130 secs] 2417460K->2355987K(4184064K), 0.2244260 secs] [Times: user=0.33 sys=0.06, real=0.24 secs] 
2013-10-02T00:44:22.099+0000: 209.238: [GC 209.245: [ParNew: 92160K->10240K(92160K), 0.1920080 secs] 2437907K->2375370K(4184064K), 0.2073580 secs] [Times: user=0.29 sys=0.01, real=0.22 secs] 
2013-10-02T00:44:22.936+0000: 210.074: [GC 210.081: [ParNew: 92157K->10240K(92160K), 0.1855340 secs] 2457288K->2396374K(4184064K), 0.1997460 secs] [Times: user=0.29 sys=0.02, real=0.21 secs] 
2013-10-02T00:44:23.665+0000: 210.804: [GC 210.812: [ParNew: 92159K->10240K(92160K), 0.1808980 secs] 2478293K->2415278K(4184064K), 0.1953020 secs] [Times: user=0.30 sys=0.04, real=0.21 secs] 
2013-10-02T00:44:24.450+0000: 211.589: [GC 211.596: [ParNew: 92158K->10240K(92160K), 0.1853640 secs] 2497197K->2435974K(4184064K), 0.1992300 secs] [Times: user=0.30 sys=0.00, real=0.21 secs] 
2013-10-02T00:44:25.291+0000: 212.442: [GC 212.516: [ParNew: 92160K->10240K(92160K), 0.2311190 secs] 2517894K->2456714K(4184064K), 0.2461610 secs] [Times: user=0.33 sys=0.04, real=0.34 secs] 
2013-10-02T00:44:26.126+0000: 213.264: [GC 213.272: [ParNew: 92160K->10240K(92160K), 0.2164380 secs] 2538634K->2476222K(4184064K), 0.2309080 secs] [Times: user=0.28 sys=0.02, real=0.24 secs] 
2013-10-02T00:44:26.774+0000: 213.912: [GC 213.920: [ParNew: 92130K->10240K(92160K), 0.3445970 secs] 2558112K->2496142K(4184064K), 0.3583620 secs] [Times: user=0.30 sys=0.10, real=0.36 secs] 
2013-10-02T00:44:27.688+0000: 214.826: [GC 214.833: [ParNew: 92160K->10240K(92160K), 0.1721780 secs] 2578062K->2515906K(4184064K), 0.1856900 secs] [Times: user=0.30 sys=0.00, real=0.20 secs] 
2013-10-02T00:44:28.449+0000: 215.589: [GC 215.600: [ParNew: 92160K->10240K(92160K), 0.1644250 secs] 2597826K->2534662K(4184064K), 0.1833400 secs] [Times: user=0.34 sys=0.01, real=0.20 secs] 
2013-10-02T00:44:29.276+0000: 216.415: [GC 216.422: [ParNew: 92154K->10240K(92160K), 0.2036210 secs] 2616576K->2555468K(4184064K), 0.2174010 secs] [Times: user=0.34 sys=0.02, real=0.23 secs] 
2013-10-02T00:44:29.981+0000: 217.121: [GC 217.129: [ParNew: 92159K->10240K(92160K), 0.2223130 secs] 2637388K->2575147K(4184064K), 0.2538450 secs] [Times: user=0.30 sys=0.01, real=0.27 secs] 
2013-10-02T00:44:30.771+0000: 217.909: [GC 217.917: [ParNew: 92160K->10240K(92160K), 0.1972790 secs] 2657067K->2595240K(4184064K), 0.2115030 secs] [Times: user=0.30 sys=0.04, real=0.23 secs] 
2013-10-02T00:44:31.532+0000: 218.670: [GC 218.677: [ParNew: 92154K->10240K(92160K), 0.1061550 secs] 2677155K->2614737K(4184064K), 0.1197380 secs] [Times: user=0.28 sys=0.02, real=0.12 secs] 
2013-10-02T00:44:32.302+0000: 219.441: [GC 219.449: [ParNew: 92160K->10240K(92160K), 0.2030130 secs] 2696657K->2634627K(4184064K), 0.2175260 secs] [Times: user=0.32 sys=0.01, real=0.23 secs] 
2013-10-02T00:44:33.027+0000: 220.165: [GC 220.172: [ParNew: 92160K->10240K(92160K), 0.2861850 secs] 2716547K->2654328K(4184064K), 0.2999930 secs] [Times: user=0.38 sys=0.02, real=0.31 secs] 
2013-10-02T00:44:33.868+0000: 221.006: [GC 221.014: [ParNew: 92160K->10240K(92160K), 0.1975250 secs] 2736248K->2673930K(4184064K), 0.2148850 secs] [Times: user=0.27 sys=0.00, real=0.23 secs] 
2013-10-02T00:44:34.516+0000: 221.654: [GC 221.662: [ParNew: 92158K->10240K(92160K), 0.1652250 secs] 2755848K->2694009K(4184064K), 0.1787920 secs] [Times: user=0.32 sys=0.02, real=0.19 secs] 
2013-10-02T00:44:35.294+0000: 222.433: [GC 222.440: [ParNew: 92152K->10240K(92160K), 0.1401060 secs] 2775921K->2713693K(4184064K), 0.1541670 secs] [Times: user=0.31 sys=0.01, real=0.16 secs] 
2013-10-02T00:44:36.135+0000: 223.273: [GC 223.281: [ParNew: 92160K->10240K(92160K), 0.2038080 secs] 2795613K->2733332K(4184064K), 0.2181880 secs] [Times: user=0.30 sys=0.01, real=0.23 secs] 
2013-10-02T00:44:37.292+0000: 224.430: [GC 224.438: [ParNew: 92151K->10240K(92160K), 0.1781670 secs] 2815244K->2751524K(4184064K), 0.1921770 secs] [Times: user=0.28 sys=0.00, real=0.20 secs] 
2013-10-02T00:44:38.502+0000: 225.641: [GC 225.651: [ParNew: 92159K->10240K(92160K), 0.2134550 secs] 2833444K->2775760K(4184064K), 0.2305850 secs] [Times: user=0.33 sys=0.04, real=0.25 secs] 
2013-10-02T00:44:39.291+0000: 226.430: [GC 226.437: [ParNew: 92160K->10240K(92160K), 0.1933910 secs] 2857680K->2796315K(4184064K), 0.2073250 secs] [Times: user=0.28 sys=0.01, real=0.21 secs] 
2013-10-02T00:44:39.851+0000: 226.990: [GC 226.998: [ParNew: 92159K->10240K(92160K), 0.2011820 secs] 2878235K->2814124K(4184064K), 0.2151010 secs] [Times: user=0.28 sys=0.03, real=0.23 secs] 
2013-10-02T00:44:40.467+0000: 227.606: [GC 227.613: [ParNew: 92160K->10240K(92160K), 0.1167920 secs] 2896044K->2833381K(4184064K), 0.1308260 secs] [Times: user=0.27 sys=0.01, real=0.14 secs] 
2013-10-02T00:44:41.228+0000: 228.369: [GC 228.379: [ParNew: 92160K->10240K(92160K), 0.2306620 secs] 2915301K->2852842K(4184064K), 0.2465900 secs] [Times: user=0.27 sys=0.03, real=0.26 secs] 
2013-10-02T00:44:41.813+0000: 228.953: [GC 228.962: [ParNew: 92160K->10240K(92160K), 0.1446540 secs] 2934762K->2871878K(4184064K), 0.1602350 secs] [Times: user=0.26 sys=0.01, real=0.17 secs] 
2013-10-02T00:44:42.428+0000: 229.578: [GC 229.622: [ParNew: 92160K->10240K(92160K), 0.1738460 secs] 2953798K->2892844K(4184064K), 0.2244730 secs] [Times: user=0.28 sys=0.00, real=0.25 secs] 
2013-10-02T00:44:43.086+0000: 230.225: [GC 230.232: [ParNew: 92160K->10240K(92160K), 0.2187500 secs] 2974764K->2915054K(4184064K), 0.2329970 secs] [Times: user=0.32 sys=0.07, real=0.24 secs] 
2013-10-02T00:44:43.858+0000: 230.996: [GC 231.003: [ParNew: 92160K->10240K(92160K), 0.2326010 secs] 2996974K->2935991K(4184064K), 0.2500430 secs] [Times: user=0.29 sys=0.02, real=0.26 secs] 
2013-10-02T00:44:44.514+0000: 231.653: [GC 231.661: [ParNew: 92160K->10240K(92160K), 0.2073810 secs] 3017911K->2956122K(4184064K), 0.2222220 secs] [Times: user=0.32 sys=0.02, real=0.23 secs] 
2013-10-02T00:44:45.191+0000: 232.330: [GC 232.338: [ParNew: 92149K->10240K(92160K), 0.2015970 secs] 3038032K->2975862K(4184064K), 0.2153740 secs] [Times: user=0.36 sys=0.01, real=0.22 secs] 
2013-10-02T00:44:45.942+0000: 233.083: [GC 233.107: [ParNew: 92160K->10240K(92160K), 0.2615790 secs] 3057782K->2997047K(4184064K), 0.2960050 secs] [Times: user=0.29 sys=0.02, real=0.30 secs] 
2013-10-02T00:44:46.675+0000: 233.842: [GC 233.850: [ParNew: 92160K->10240K(92160K), 0.2854350 secs] 3078967K->3018161K(4184064K), 0.3084650 secs] [Times: user=0.29 sys=0.05, real=0.35 secs] 
2013-10-02T00:44:47.528+0000: 234.672: [GC 234.684: [ParNew: 92160K->10240K(92160K), 0.2388410 secs] 3100081K->3037894K(4184064K), 0.2582870 secs] [Times: user=0.31 sys=0.01, real=0.28 secs] 
2013-10-02T00:44:48.354+0000: 235.502: [GC 235.510: [ParNew: 92160K->10240K(92160K), 0.2082700 secs] 3119814K->3067679K(4184064K), 0.2224260 secs] [Times: user=0.38 sys=0.02, real=0.23 secs] 
2013-10-02T00:44:49.009+0000: 236.148: [GC 236.155: [ParNew: 92160K->10240K(92160K), 0.1166180 secs] 3149599K->3085790K(4184064K), 0.1306960 secs] [Times: user=0.28 sys=0.03, real=0.14 secs] 
2013-10-02T00:44:49.173+0000: 236.311: [GC [1 CMS-initial-mark: 3075550K(4091904K)] 3085796K(4184064K), 0.0863680 secs] [Times: user=0.11 sys=0.01, real=0.09 secs] 
2013-10-02T00:44:49.303+0000: 236.431: [CMS-concurrent-mark-start]
2013-10-02T00:44:49.664+0000: 236.805: [GC 236.815: [ParNew: 92160K->10240K(92160K), 0.1254190 secs] 3167710K->3104094K(4184064K), 0.1419650 secs] [Times: user=0.31 sys=0.02, real=0.15 secs] 
2013-10-02T00:44:50.163+0000: 237.301: [GC 237.309: [ParNew: 92160K->10240K(92160K), 0.1667750 secs] 3186014K->3124793K(4184064K), 0.1809070 secs] [Times: user=0.29 sys=0.00, real=0.19 secs] 
2013-10-02T00:44:50.826+0000: 237.965: [GC 237.973: [ParNew: 92160K->10240K(92160K), 0.3425590 secs] 3206713K->3146579K(4184064K), 0.3566680 secs] [Times: user=0.34 sys=0.06, real=0.37 secs] 
2013-10-02T00:44:51.624+0000: 238.766: [GC 238.778: [ParNew: 92160K->10240K(92160K), 0.1652640 secs] 3228499K->3167662K(4184064K), 0.1836970 secs] [Times: user=0.26 sys=0.01, real=0.20 secs] 
2013-10-02T00:44:52.094+0000: 239.232: [GC 239.240: [ParNew: 92160K->10240K(92160K), 0.1766930 secs] 3249582K->3190325K(4184064K), 0.1903670 secs] [Times: user=0.25 sys=0.00, real=0.20 secs] 
2013-10-02T00:44:52.733+0000: 239.871: [GC 239.879: [ParNew: 92160K->10240K(92160K), 0.3503990 secs] 3272245K->3214055K(4184064K), 0.3702830 secs] [Times: user=0.36 sys=0.05, real=0.38 secs] 
2013-10-02T00:44:53.605+0000: 240.743: [GC 240.751: [ParNew: 92160K->10240K(92160K), 0.2641590 secs] 3295975K->3239352K(4184064K), 0.2784180 secs] [Times: user=0.31 sys=0.06, real=0.29 secs] 
2013-10-02T00:44:54.221+0000: 241.361: [GC 241.369: [ParNew: 92160K->10240K(92160K), 0.1740150 secs] 3321272K->3258791K(4184064K), 0.1966700 secs] [Times: user=0.33 sys=0.03, real=0.20 secs] 
2013-10-02T00:44:54.752+0000: 241.890: [GC 241.897: [ParNew: 92160K->10240K(92160K), 0.1292690 secs] 3340711K->3275035K(4184064K), 0.1427790 secs] [Times: user=0.26 sys=0.03, real=0.15 secs] 
2013-10-02T00:44:55.385+0000: 242.524: [GC 242.532: [ParNew: 92160K->10240K(92160K), 0.3048370 secs] 3356955K->3296412K(4184064K), 0.3191580 secs] [Times: user=0.32 sys=0.09, real=0.33 secs] 
2013-10-02T00:44:56.194+0000: 243.332: [GC 243.340: [ParNew: 92160K->10240K(92160K), 0.2313240 secs] 3378332K->3316930K(4184064K), 0.2463900 secs] [Times: user=0.27 sys=0.04, real=0.25 secs] 
2013-10-02T00:44:56.821+0000: 243.960: [GC 243.967: [ParNew: 92160K->10240K(92160K), 0.2771320 secs] 3398850K->3339477K(4184064K), 0.2921200 secs] [Times: user=0.35 sys=0.08, real=0.30 secs] 
2013-10-02T00:44:57.878+0000: 245.031: [GC 245.042: [ParNew: 92160K->10240K(92160K), 0.2042490 secs] 3421397K->3367282K(4184064K), 0.2215530 secs] [Times: user=0.28 sys=0.05, real=0.25 secs] 
2013-10-02T00:44:58.511+0000: 245.650: [GC 245.658: [ParNew: 92160K->10240K(92160K), 0.2381480 secs] 3449202K->3386237K(4184064K), 0.2524660 secs] [Times: user=0.30 sys=0.07, real=0.26 secs] 
2013-10-02T00:44:59.214+0000: 246.352: [GC 246.360: [ParNew: 92160K->10240K(92160K), 0.2912310 secs] 3468157K->3407871K(4184064K), 0.3050380 secs] [Times: user=0.37 sys=0.08, real=0.31 secs] 
2013-10-02T00:44:59.940+0000: 247.077: [GC 247.085: [ParNew: 92160K->10240K(92160K), 0.1731290 secs] 3490049K->3435910K(4184064K), 0.1869350 secs] [Times: user=0.32 sys=0.03, real=0.19 secs] 
2013-10-02T00:45:00.163+0000: 247.301: [GC 247.308: [ParNew: 10654K->10212K(92160K), 0.1041500 secs] 3436325K->3446124K(4184064K), 0.1176030 secs] [Times: user=0.23 sys=0.02, real=0.12 secs] 
2013-10-02T00:45:00.605+0000: 247.743: [GC 247.756: [ParNew: 92132K->10240K(92160K), 0.3088050 secs] 3528044K->3459667K(4184064K), 0.3276690 secs] [Times: user=0.30 sys=0.08, real=0.34 secs] 
2013-10-02T00:45:01.325+0000: 248.463: [GC 248.471: [ParNew: 92160K->10240K(92160K), 0.3292780 secs] 3541587K->3484257K(4184064K), 0.3475950 secs] [Times: user=0.34 sys=0.05, real=0.36 secs] 
2013-10-02T00:45:02.129+0000: 249.267: [GC 249.275: [ParNew: 92160K->10240K(92160K), 0.3686350 secs] 3566177K->3504454K(4184064K), 0.3827660 secs] [Times: user=0.32 sys=0.03, real=0.40 secs] 
2013-10-02T00:45:03.150+0000: 250.297: [GC 250.305: [ParNew: 92160K->10240K(92160K), 0.2355880 secs] 3586374K->3532283K(4184064K), 0.2496980 secs] [Times: user=0.33 sys=0.06, real=0.27 secs] 
2013-10-02T00:45:03.726+0000: 250.864: [GC 250.872: [ParNew: 92160K->10240K(92160K), 0.1766920 secs] 3614203K->3550865K(4184064K), 0.1903730 secs] [Times: user=0.27 sys=0.06, real=0.20 secs] 
2013-10-02T00:45:04.241+0000: 251.379: [GC 251.386: [ParNew: 92160K->10240K(92160K), 0.1168540 secs] 3632785K->3567752K(4184064K), 0.1305100 secs] [Times: user=0.28 sys=0.03, real=0.14 secs] 
2013-10-02T00:45:04.699+0000: 251.837: [GC 251.844: [ParNew: 92132K->10240K(92160K), 0.2008470 secs] 3649644K->3588544K(4184064K), 0.2145920 secs] [Times: user=0.30 sys=0.04, real=0.23 secs] 
2013-10-02T00:45:05.258+0000: 252.396: [GC 252.403: [ParNew: 92160K->10240K(92160K), 0.2481180 secs] 3670464K->3608489K(4184064K), 0.2709340 secs] [Times: user=0.28 sys=0.04, real=0.28 secs] 
2013-10-02T00:45:06.042+0000: 253.180: [GC 253.188: [ParNew: 92160K->10240K(92160K), 0.2552100 secs] 3690409K->3628774K(4184064K), 0.3027400 secs] [Times: user=0.29 sys=0.09, real=0.31 secs] 
2013-10-02T00:45:06.726+0000: 253.864: [GC 253.872: [ParNew: 92160K->10240K(92160K), 0.2274060 secs] 3710694K->3650080K(4184064K), 0.2416230 secs] [Times: user=0.28 sys=0.04, real=0.25 secs] 
2013-10-02T00:45:07.360+0000: 254.498: [GC 254.505: [ParNew: 92160K->10240K(92160K), 0.1962850 secs] 3732000K->3671033K(4184064K), 0.2099480 secs] [Times: user=0.27 sys=0.04, real=0.22 secs] 
2013-10-02T00:45:08.062+0000: 255.200: [GC 255.208: [ParNew: 92160K->10240K(92160K), 0.2870260 secs] 3752953K->3689496K(4184064K), 0.3012790 secs] [Times: user=0.32 sys=0.05, real=0.31 secs] 
2013-10-02T00:45:08.974+0000: 256.112: [GC 256.120: [ParNew: 92160K->10240K(92160K), 0.1904000 secs] 3771416K->3710667K(4184064K), 0.2041770 secs] [Times: user=0.32 sys=0.04, real=0.21 secs] 
2013-10-02T00:45:09.723+0000: 256.861: [GC 256.868: [ParNew: 92160K->10240K(92160K), 0.2459030 secs] 3792587K->3733347K(4184064K), 0.2596450 secs] [Times: user=0.30 sys=0.05, real=0.27 secs] 
2013-10-02T00:45:10.631+0000: 257.773: [GC 257.783: [ParNew: 92149K->10240K(92160K), 0.2563230 secs] 3815257K->3754360K(4184064K), 0.2725110 secs] [Times: user=0.33 sys=0.06, real=0.29 secs] 
2013-10-02T00:45:11.400+0000: 258.538: [GC 258.545: [ParNew: 92160K->10240K(92160K), 0.1625360 secs] 3836280K->3774283K(4184064K), 0.1762180 secs] [Times: user=0.30 sys=0.02, real=0.18 secs] 
2013-10-02T00:45:11.885+0000: 259.023: [GC 259.031: [ParNew: 92160K->10240K(92160K), 0.1692540 secs] 3856203K->3795069K(4184064K), 0.1831810 secs] [Times: user=0.29 sys=0.03, real=0.19 secs] 
2013-10-02T00:45:12.503+0000: 259.641: [GC 259.648: [ParNew: 92160K->10240K(92160K), 0.1283460 secs] 3877046K->3817088K(4184064K), 0.1420790 secs] [Times: user=0.30 sys=0.04, real=0.15 secs] 
2013-10-02T00:45:13.098+0000: 260.237: [GC 260.244: [ParNew: 92160K->10240K(92160K), 0.1112250 secs] 3899008K->3838661K(4184064K), 0.1248890 secs] [Times: user=0.31 sys=0.06, real=0.14 secs] 
2013-10-02T00:45:13.477+0000: 260.605: [CMS-concurrent-mark: 14.117/24.174 secs] [Times: user=26.41 sys=10.76, real=24.18 secs] 
2013-10-02T00:45:13.496+0000: 260.625: [CMS-concurrent-preclean-start]
2013-10-02T00:45:13.840+0000: 260.978: [GC 260.985: [ParNew: 92160K->10240K(92160K), 0.1021440 secs] 3920581K->3857031K(4184064K), 0.1155860 secs] [Times: user=0.28 sys=0.05, real=0.12 secs] 
2013-10-02T00:45:14.722+0000: 261.861: [GC 261.868: [ParNew: 92160K->10240K(92160K), 0.1706280 secs] 3938951K->3883207K(4184064K), 0.1847180 secs] [Times: user=0.31 sys=0.07, real=0.19 secs] 
2013-10-02T00:45:15.260+0000: 262.400: [GC 262.408: [ParNew: 92160K->10240K(92160K), 0.2088430 secs] 3965439K->3905515K(4184064K), 0.2236310 secs] [Times: user=0.35 sys=0.07, real=0.23 secs] 
2013-10-02T00:45:15.872+0000: 263.010: [GC 263.017: [ParNew: 92159K->10240K(92160K), 0.1678460 secs] 3987434K->3927009K(4184064K), 0.1813370 secs] [Times: user=0.29 sys=0.08, real=0.19 secs] 
2013-10-02T00:45:16.383+0000: 263.511: [CMS-concurrent-preclean: 1.573/2.886 secs] [Times: user=3.57 sys=1.68, real=2.90 secs] 
2013-10-02T00:45:16.402+0000: 263.530: [CMS-concurrent-abortable-preclean-start]
2013-10-02T00:45:16.521+0000: 263.660: [GC 263.676: [ParNew2013-10-02T00:45:16.605+0000: 263.734: [CMS-concurrent-abortable-preclean: 0.062/0.203 secs] [Times: user=0.24 sys=0.10, real=0.21 secs] 
: 92160K->10240K(92160K), 0.1307340 secs] 4009745K->3948948K(4184064K), 0.1447860 secs] [Times: user=0.33 sys=0.06, real=0.16 secs] 
2013-10-02T00:45:16.711+0000: 263.849: [GC[YG occupancy: 10264 K (92160 K)]263.853: [Rescan (parallel) , 0.0704030 secs]263.923: [weak refs processing, 0.0373200 secs]263.961: [class unloading, 0.0024080 secs]263.963: [scrub symbol table, 0.0016490 secs]263.965: [scrub string table, 0.0003790 secs] [1 CMS-remark: 3938708K(4091904K)] 3948972K(4184064K), 0.1178810 secs] [Times: user=0.26 sys=0.01, real=0.12 secs] 
2013-10-02T00:45:16.865+0000: 263.993: [CMS-concurrent-sweep-start]
2013-10-02T00:45:16.866+0000: 264.003: [GC 264.010: [ParNew: 11261K->10211K(92160K), 0.0683910 secs] 3949969K->3959172K(4184064K), 0.0818700 secs] [Times: user=0.22 sys=0.04, real=0.09 secs] 
2013-10-02T00:45:17.234+0000: 264.372: [GC 264.380: [ParNew: 92131K->10240K(92160K), 0.1076860 secs] 4029963K->3958418K(4184064K), 0.1212810 secs] [Times: user=0.26 sys=0.02, real=0.13 secs] 
2013-10-02T00:45:17.861+0000: 264.999: [GC 265.006: [ParNew: 92160K->10240K(92160K), 0.1712240 secs] 4004214K->3941101K(4184064K), 0.1847350 secs] [Times: user=0.33 sys=0.04, real=0.19 secs] 
2013-10-02T00:45:18.473+0000: 265.611: [GC 265.619: [ParNew: 92160K->10240K(92160K), 0.1893420 secs] 4017626K->3959109K(4184064K), 0.2032420 secs] [Times: user=0.31 sys=0.02, real=0.21 secs] 
2013-10-02T00:45:19.217+0000: 266.355: [GC 266.362: [ParNew: 92160K->10240K(92160K), 0.1520640 secs] 3768593K->3708193K(4184064K), 0.1667770 secs] [Times: user=0.36 sys=0.01, real=0.18 secs] 
2013-10-02T00:45:19.923+0000: 267.061: [GC 267.068: [ParNew: 92160K->10240K(92160K), 0.1535440 secs] 3213155K->3154138K(4184064K), 0.1672920 secs] [Times: user=0.39 sys=0.00, real=0.18 secs] 
2013-10-02T00:45:20.391+0000: 267.529: [GC 267.536: [ParNew: 92160K->10240K(92160K), 0.0948150 secs] 3049011K->2985320K(4184064K), 0.1085840 secs] [Times: user=0.30 sys=0.03, real=0.12 secs] 
2013-10-02T00:45:20.733+0000: 267.862: [CMS-concurrent-sweep: 2.698/3.869 secs] [Times: user=6.02 sys=1.62, real=3.88 secs] 
2013-10-02T00:45:20.775+0000: 267.903: [CMS-concurrent-reset-start]
2013-10-02T00:45:20.790+0000: 267.919: [CMS-concurrent-reset: 0.016/0.016 secs] [Times: user=0.03 sys=0.01, real=0.03 secs] 
2013-10-02T00:45:20.988+0000: 268.126: [GC 268.134: [ParNew: 92125K->10240K(92160K), 0.0866280 secs] 2980308K->2919317K(4184064K), 0.1001470 secs] [Times: user=0.28 sys=0.00, real=0.10 secs] 
2013-10-02T00:45:21.904+0000: 269.042: [GC 269.050: [ParNew: 92160K->10240K(92160K), 0.1074760 secs] 3001237K->2935627K(4184064K), 0.1209430 secs] [Times: user=0.27 sys=0.00, real=0.13 secs] 
2013-10-02T00:45:22.526+0000: 269.665: [GC 269.673: [ParNew: 92160K->10240K(92160K), 0.1404480 secs] 3017547K->2960089K(4184064K), 0.1544520 secs] [Times: user=0.34 sys=0.01, real=0.17 secs] 
2013-10-02T00:45:23.156+0000: 270.296: [GC 270.308: [ParNew: 92160K->10240K(92160K), 0.1711960 secs] 3042009K->2986200K(4184064K), 0.1891620 secs] [Times: user=0.34 sys=0.02, real=0.20 secs] 
2013-10-02T00:45:23.927+0000: 271.066: [GC 271.073: [ParNew: 92154K->10240K(92160K), 0.1151600 secs] 3068115K->3010640K(4184064K), 0.1288380 secs] [Times: user=0.30 sys=0.00, real=0.14 secs] 
2013-10-02T00:45:24.451+0000: 271.589: [GC 271.597: [ParNew: 92160K->10240K(92160K), 0.0938350 secs] 3092560K->3031485K(4184064K), 0.1073460 secs] [Times: user=0.29 sys=0.02, real=0.12 secs] 
2013-10-02T00:45:24.832+0000: 271.970: [GC 271.978: [ParNew: 92152K->10240K(92160K), 0.1494390 secs] 3113398K->3050764K(4184064K), 0.1631850 secs] [Times: user=0.31 sys=0.00, real=0.17 secs] 
2013-10-02T00:45:25.488+0000: 272.626: [GC 272.633: [ParNew: 92133K->10240K(92160K), 0.0925690 secs] 3132658K->3071019K(4184064K), 0.1066920 secs] [Times: user=0.30 sys=0.02, real=0.11 secs] 
2013-10-02T00:45:26.150+0000: 273.288: [GC 273.296: [ParNew: 92160K->10240K(92160K), 0.1400450 secs] 3152939K->3090381K(4184064K), 0.1535970 secs] [Times: user=0.29 sys=0.01, real=0.16 secs] 
2013-10-02T00:45:26.337+0000: 273.474: [GC [1 CMS-initial-mark: 3080141K(4091904K)] 3090845K(4184064K), 0.0896310 secs] [Times: user=0.10 sys=0.00, real=0.10 secs] 
2013-10-02T00:45:26.466+0000: 273.594: [CMS-concurrent-mark-start]
2013-10-02T00:45:26.753+0000: 273.891: [GC 273.899: [ParNew: 92152K->10240K(92160K), 0.1621850 secs] 3172293K->3107929K(4184064K), 0.1762120 secs] [Times: user=0.30 sys=0.00, real=0.19 secs] 
2013-10-02T00:45:27.251+0000: 274.390: [GC 274.397: [ParNew: 92159K->10240K(92160K), 0.1410710 secs] 3189849K->3127637K(4184064K), 0.1546280 secs] [Times: user=0.30 sys=0.01, real=0.16 secs] 
2013-10-02T00:45:28.165+0000: 275.303: [GC 275.310: [ParNew: 92158K->10240K(92160K), 0.0944980 secs] 3209556K->3145457K(4184064K), 0.1079300 secs] [Times: user=0.29 sys=0.01, real=0.12 secs] 
2013-10-02T00:45:29.069+0000: 276.208: [GC 276.217: [ParNew: 92159K->10240K(92160K), 0.1386000 secs] 3227377K->3170628K(4184064K), 0.1539000 secs] [Times: user=0.34 sys=0.01, real=0.16 secs] 
2013-10-02T00:45:29.781+0000: 276.919: [GC 276.927: [ParNew: 92159K->10240K(92160K), 0.1231080 secs] 3252548K->3196857K(4184064K), 0.1366610 secs] [Times: user=0.30 sys=0.00, real=0.15 secs] 
2013-10-02T00:45:30.835+0000: 277.973: [GC 277.981: [ParNew: 92160K->10240K(92160K), 0.1100620 secs] 3278777K->3211352K(4184064K), 0.1234810 secs] [Times: user=0.27 sys=0.01, real=0.14 secs] 
2013-10-02T00:45:31.293+0000: 278.431: [GC 278.439: [ParNew: 92160K->10240K(92160K), 0.1468170 secs] 3293272K->3229363K(4184064K), 0.1612380 secs] [Times: user=0.34 sys=0.01, real=0.17 secs] 
2013-10-02T00:45:31.861+0000: 279.005: [GC 279.033: [ParNew: 92139K->10240K(92160K), 0.1195770 secs] 3311263K->3254169K(4184064K), 0.1540080 secs] [Times: user=0.31 sys=0.00, real=0.17 secs] 
2013-10-02T00:45:32.699+0000: 279.837: [GC 279.845: [ParNew: 92160K->10240K(92160K), 0.1220890 secs] 3336089K->3286625K(4184064K), 0.1364040 secs] [Times: user=0.37 sys=0.02, real=0.15 secs] 
2013-10-02T00:45:33.118+0000: 280.256: [GC 280.264: [ParNew: 92160K->10240K(92160K), 0.1563370 secs] 3368545K->3308805K(4184064K), 0.1705710 secs] [Times: user=0.30 sys=0.00, real=0.18 secs] 
2013-10-02T00:45:33.362+0000: 280.490: [CMS-concurrent-mark: 5.107/6.896 secs] [Times: user=10.75 sys=2.06, real=6.91 secs] 
2013-10-02T00:45:33.382+0000: 280.510: [CMS-concurrent-preclean-start]
2013-10-02T00:45:33.838+0000: 280.976: [GC 280.984: [ParNew: 92160K->10240K(92160K), 0.1178110 secs] 3390725K->3325908K(4184064K), 0.1316810 secs] [Times: user=0.29 sys=0.00, real=0.15 secs] 
2013-10-02T00:45:34.226+0000: 281.364: [GC 281.372: [ParNew: 92160K->10240K(92160K), 0.1443270 secs] 3407828K->3347239K(4184064K), 0.1583610 secs] [Times: user=0.28 sys=0.00, real=0.17 secs] 
2013-10-02T00:45:34.889+0000: 282.027: [GC 282.034: [ParNew: 92159K->10240K(92160K), 0.1172180 secs] 3429159K->3368487K(4184064K), 0.1309460 secs] [Times: user=0.29 sys=0.01, real=0.14 secs] 
2013-10-02T00:45:35.128+0000: 282.256: [CMS-concurrent-preclean: 0.984/1.746 secs] [Times: user=2.39 sys=0.96, real=1.76 secs] 
2013-10-02T00:45:35.247+0000: 282.376: [CMS-concurrent-abortable-preclean-start]
2013-10-02T00:45:35.330+0000: 282.468: [GC 282.476: [ParNew: 92160K->10240K(92160K), 0.2016920 secs] 3450407K->3389664K(4184064K), 0.2157780 secs] [Times: user=0.33 sys=0.01, real=0.22 secs] 
2013-10-02T00:45:35.907+0000: 283.046: [GC 283.053: [ParNew: 92159K->10240K(92160K), 0.0844000 secs] 3471584K->3410732K(4184064K), 0.0979490 secs] [Times: user=0.29 sys=0.00, real=0.10 secs] 
2013-10-02T00:45:36.048+0000: 283.176: [CMS-concurrent-abortable-preclean: 0.332/0.801 secs] [Times: user=1.43 sys=0.33, real=0.91 secs] 
2013-10-02T00:45:36.070+0000: 283.208: [GC[YG occupancy: 29342 K (92160 K)]283.212: [Rescan (parallel) , 0.0627870 secs]283.275: [weak refs processing, 0.0268270 secs]283.302: [class unloading, 0.0023840 secs]283.304: [scrub symbol table, 0.0016130 secs]283.306: [scrub string table, 0.0003710 secs] [1 CMS-remark: 3400492K(4091904K)] 3429834K(4184064K), 0.0995070 secs] [Times: user=0.26 sys=0.00, real=0.11 secs] 
2013-10-02T00:45:36.213+0000: 283.342: [CMS-concurrent-sweep-start]
2013-10-02T00:45:36.545+0000: 283.684: [GC 283.691: [ParNew: 92160K->10240K(92160K), 0.1080780 secs] 3481335K->3418558K(4184064K), 0.1232590 secs] [Times: user=0.32 sys=0.03, real=0.13 secs] 
2013-10-02T00:45:37.130+0000: 284.268: [GC 284.276: [ParNew: 92160K->10240K(92160K), 0.1143530 secs] 3488078K->3422945K(4184064K), 0.1283050 secs] [Times: user=0.28 sys=0.02, real=0.14 secs] 
2013-10-02T00:45:37.756+0000: 284.896: [GC 284.904: [ParNew: 92160K->10240K(92160K), 0.1252710 secs] 3278393K->3212184K(4184064K), 0.1399760 secs] [Times: user=0.30 sys=0.01, real=0.16 secs] 
2013-10-02T00:45:38.382+0000: 285.520: [GC 285.527: [ParNew: 92160K->10240K(92160K), 0.1567210 secs] 3091257K->3040476K(4184064K), 0.1703500 secs] [Times: user=0.33 sys=0.00, real=0.18 secs] 
2013-10-02T00:45:39.053+0000: 286.191: [GC 286.199: [ParNew: 92160K->10240K(92160K), 0.1227240 secs] 2876443K->2815552K(4184064K), 0.1363770 secs] [Times: user=0.31 sys=0.00, real=0.15 secs] 
2013-10-02T00:45:39.482+0000: 286.610: [CMS-concurrent-sweep: 2.362/3.269 secs] [Times: user=4.98 sys=1.14, real=3.29 secs] 
2013-10-02T00:45:39.502+0000: 286.630: [CMS-concurrent-reset-start]
2013-10-02T00:45:39.512+0000: 286.641: [CMS-concurrent-reset: 0.010/0.010 secs] [Times: user=0.02 sys=0.01, real=0.02 secs] 
2013-10-02T00:45:39.989+0000: 287.128: [GC 287.135: [ParNew: 92160K->10240K(92160K), 0.0858080 secs] 2786322K->2726861K(4184064K), 0.0994530 secs] [Times: user=0.28 sys=0.04, real=0.10 secs] 
2013-10-02T00:45:40.349+0000: 287.488: [GC 287.495: [ParNew: 92160K->10240K(92160K), 0.0788920 secs] 2808781K->2743963K(4184064K), 0.0929360 secs] [Times: user=0.27 sys=0.03, real=0.10 secs] 
2013-10-02T00:45:41.187+0000: 288.326: [GC 288.333: [ParNew: 92159K->10240K(92160K), 0.1335090 secs] 2825882K->2764989K(4184064K), 0.1472950 secs] [Times: user=0.30 sys=0.03, real=0.16 secs] 
2013-10-02T00:45:41.665+0000: 288.809: [GC 288.838: [ParNew: 92160K->10240K(92160K), 0.1992250 secs] 2846909K->2785461K(4184064K), 0.2211910 secs] [Times: user=0.30 sys=0.02, real=0.25 secs] 
2013-10-02T00:45:42.262+0000: 289.401: [GC 289.408: [ParNew: 92160K->10240K(92160K), 0.1450320 secs] 2867381K->2808615K(4184064K), 0.1590560 secs] [Times: user=0.33 sys=0.00, real=0.17 secs] 
2013-10-02T00:45:42.888+0000: 290.027: [GC 290.039: [ParNew: 92160K->10240K(92160K), 0.1963340 secs] 2890535K->2831166K(4184064K), 0.2143170 secs] [Times: user=0.32 sys=0.01, real=0.22 secs] 
2013-10-02T00:45:43.663+0000: 290.801: [GC 290.808: [ParNew: 92156K->10240K(92160K), 0.1091640 secs] 2913082K->2850418K(4184064K), 0.1226940 secs] [Times: user=0.29 sys=0.00, real=0.13 secs] 
2013-10-02T00:45:44.234+0000: 291.372: [GC 291.379: [ParNew: 92160K->10240K(92160K), 0.0782390 secs] 2932338K->2873353K(4184064K), 0.0917280 secs] [Times: user=0.28 sys=0.00, real=0.10 secs] 
2013-10-02T00:45:44.795+0000: 291.933: [GC 291.940: [ParNew: 92145K->10240K(92160K), 0.1460210 secs] 2955259K->2892512K(4184064K), 0.1594960 secs] [Times: user=0.30 sys=0.01, real=0.17 secs] 
2013-10-02T00:45:45.574+0000: 292.712: [GC 292.720: [ParNew: 92160K->10240K(92160K), 0.1210690 secs] 2974432K->2916052K(4184064K), 0.1353350 secs] [Times: user=0.29 sys=0.00, real=0.15 secs] 
2013-10-02T00:45:46.029+0000: 293.167: [GC 293.175: [ParNew: 92160K->10240K(92160K), 0.1395440 secs] 2997972K->2937623K(4184064K), 0.1539830 secs] [Times: user=0.32 sys=0.01, real=0.16 secs] 
2013-10-02T00:45:46.527+0000: 293.666: [GC 293.674: [ParNew: 92156K->10240K(92160K), 0.1421690 secs] 3019540K->2960058K(4184064K), 0.1560510 secs] [Times: user=0.28 sys=0.01, real=0.16 secs] 
2013-10-02T00:45:47.220+0000: 294.358: [GC 294.365: [ParNew: 92160K->10240K(92160K), 0.0972210 secs] 3041978K->2979844K(4184064K), 0.1108130 secs] [Times: user=0.29 sys=0.03, real=0.12 secs] 
2013-10-02T00:45:47.910+0000: 295.048: [GC 295.056: [ParNew: 92159K->10240K(92160K), 0.1155260 secs] 3061764K->3004306K(4184064K), 0.1291090 secs] [Times: user=0.38 sys=0.01, real=0.14 secs] 
2013-10-02T00:45:48.546+0000: 295.684: [GC 295.692: [ParNew: 92160K->10240K(92160K), 0.0795020 secs] 3086226K->3027034K(4184064K), 0.0931480 secs] [Times: user=0.28 sys=0.01, real=0.11 secs] 
2013-10-02T00:45:49.259+0000: 296.398: [GC 296.405: [ParNew: 92158K->10240K(92160K), 0.1248440 secs] 3108953K->3048953K(4184064K), 0.1389740 secs] [Times: user=0.32 sys=0.00, real=0.15 secs] 
2013-10-02T00:45:49.807+0000: 296.945: [GC 296.953: [ParNew: 92159K->10240K(92160K), 0.1329330 secs] 3130873K->3069365K(4184064K), 0.1470890 secs] [Times: user=0.30 sys=0.01, real=0.16 secs] 
2013-10-02T00:45:50.356+0000: 297.494: [GC 297.502: [ParNew: 92160K->10240K(92160K), 0.1309260 secs] 3151285K->3090613K(4184064K), 0.1446480 secs] [Times: user=0.34 sys=0.00, real=0.15 secs] 
2013-10-02T00:45:50.535+0000: 297.673: [GC [1 CMS-initial-mark: 3080373K(4091904K)] 3091153K(4184064K), 0.0927200 secs] [Times: user=0.11 sys=0.01, real=0.11 secs] 
2013-10-02T00:45:50.663+0000: 297.791: [CMS-concurrent-mark-start]
2013-10-02T00:45:51.066+0000: 298.205: [GC 298.212: [ParNew: 92160K->10240K(92160K), 0.1159970 secs] 3172533K->3112461K(4184064K), 0.1300160 secs] [Times: user=0.30 sys=0.03, real=0.14 secs] 
2013-10-02T00:45:51.636+0000: 298.774: [GC 298.782: [ParNew: 92160K->10240K(92160K), 0.1016990 secs] 3194381K->3132382K(4184064K), 0.1168520 secs] [Times: user=0.32 sys=0.04, real=0.12 secs] 
2013-10-02T00:45:52.251+0000: 299.389: [GC 299.397: [ParNew: 92160K->10240K(92160K), 0.0857520 secs] 3214302K->3152981K(4184064K), 0.0997310 secs] [Times: user=0.29 sys=0.03, real=0.11 secs] 
2013-10-02T00:45:52.911+0000: 300.050: [GC 300.058: [ParNew: 92160K->10240K(92160K), 0.1318390 secs] 3234901K->3178371K(4184064K), 0.1458020 secs] [Times: user=0.32 sys=0.02, real=0.16 secs] 
2013-10-02T00:45:53.584+0000: 300.722: [GC 300.730: [ParNew: 92160K->10240K(92160K), 0.1304380 secs] 3260291K->3202236K(4184064K), 0.1445850 secs] [Times: user=0.32 sys=0.00, real=0.16 secs] 
2013-10-02T00:45:54.214+0000: 301.353: [GC 301.364: [ParNew: 92159K->10240K(92160K), 0.1405230 secs] 3284156K->3223296K(4184064K), 0.1581410 secs] [Times: user=0.32 sys=0.01, real=0.17 secs] 
2013-10-02T00:45:54.741+0000: 301.879: [GC 301.887: [ParNew: 92160K->10240K(92160K), 0.1848560 secs] 3305216K->3245395K(4184064K), 0.1989940 secs] [Times: user=0.33 sys=0.03, real=0.21 secs] 
2013-10-02T00:45:55.328+0000: 302.466: [GC 302.473: [ParNew: 92160K->10240K(92160K), 0.0852520 secs] 3327315K->3266273K(4184064K), 0.0989110 secs] [Times: user=0.31 sys=0.01, real=0.11 secs] 
2013-10-02T00:45:55.780+0000: 302.919: [GC 302.926: [ParNew: 92135K->10240K(92160K), 0.1234910 secs] 3348168K->3286093K(4184064K), 0.1373090 secs] [Times: user=0.31 sys=0.01, real=0.15 secs] 
2013-10-02T00:45:56.461+0000: 303.599: [GC 303.607: [ParNew: 92159K->10240K(92160K), 0.1216820 secs] 3368013K->3307179K(4184064K), 0.1354130 secs] [Times: user=0.32 sys=0.01, real=0.14 secs] 
2013-10-02T00:45:56.995+0000: 304.133: [GC 304.141: [ParNew: 92160K->10240K(92160K), 0.1302840 secs] 3389099K->3328660K(4184064K), 0.1446310 secs] [Times: user=0.33 sys=0.01, real=0.16 secs] 
2013-10-02T00:45:57.484+0000: 304.622: [GC 304.629: [ParNew: 92160K->10240K(92160K), 0.1191810 secs] 3410580K->3351046K(4184064K), 0.1328250 secs] [Times: user=0.30 sys=0.00, real=0.14 secs] 
2013-10-02T00:45:58.118+0000: 305.257: [GC 305.265: [ParNew: 92160K->10240K(92160K), 0.1580630 secs] 3432966K->3370551K(4184064K), 0.1723880 secs] [Times: user=0.32 sys=0.01, real=0.18 secs] 
2013-10-02T00:45:58.876+0000: 306.014: [GC 306.021: [ParNew: 92160K->10240K(92160K), 0.1209080 secs] 3452471K->3391813K(4184064K), 0.1344830 secs] [Times: user=0.31 sys=0.00, real=0.14 secs] 
2013-10-02T00:45:59.463+0000: 306.601: [GC 306.609: [ParNew: 92160K->10240K(92160K), 0.0878530 secs] 3473733K->3415856K(4184064K), 0.1014770 secs] [Times: user=0.31 sys=0.00, real=0.11 secs] 
2013-10-02T00:45:59.658+0000: 306.786: [CMS-concurrent-mark: 6.418/8.995 secs] [Times: user=13.89 sys=3.09, real=9.01 secs] 
2013-10-02T00:45:59.678+0000: 306.806: [CMS-concurrent-preclean-start]
2013-10-02T00:46:00.250+0000: 307.388: [GC 307.395: [ParNew: 92157K->10240K(92160K), 0.1834090 secs] 3497774K->3435338K(4184064K), 0.1970670 secs] [Times: user=0.43 sys=0.00, real=0.21 secs] 
2013-10-02T00:46:01.012+0000: 308.151: [GC 308.158: [ParNew: 92160K->10240K(92160K), 0.1554380 secs] 3517258K->3454332K(4184064K), 0.1695620 secs] [Times: user=0.30 sys=0.00, real=0.18 secs] 
2013-10-02T00:46:01.410+0000: 308.549: [GC 308.556: [ParNew: 92160K->10240K(92160K), 0.1362330 secs] 3536252K->3472766K(4184064K), 0.1501250 secs] [Times: user=0.33 sys=0.00, real=0.16 secs] 
2013-10-02T00:46:02.002+0000: 309.141: [GC 309.148: [ParNew: 92160K->10240K(92160K), 0.2208730 secs] 3554686K->3497143K(4184064K), 0.2348620 secs] [Times: user=0.31 sys=0.00, real=0.25 secs] 
2013-10-02T00:46:02.694+0000: 309.832: [GC 309.839: [ParNew: 92158K->10240K(92160K), 0.0826210 secs] 3579062K->3520389K(4184064K), 0.0970380 secs] [Times: user=0.29 sys=0.02, real=0.11 secs] 
2013-10-02T00:46:03.171+0000: 310.299: [CMS-concurrent-preclean: 1.947/3.493 secs] [Times: user=4.69 sys=1.58, real=3.50 secs] 
2013-10-02T00:46:03.190+0000: 310.318: [CMS-concurrent-abortable-preclean-start]
2013-10-02T00:46:03.265+0000: 310.393: [CMS-concurrent-abortable-preclean: 0.072/0.074 secs] [Times: user=0.09 sys=0.01, real=0.08 secs] 
2013-10-02T00:46:03.283+0000: 310.421: [GC[YG occupancy: 72088 K (92160 K)]310.424: [Rescan (parallel) , 0.0483940 secs]310.472: [weak refs processing, 0.0250970 secs]310.497: [class unloading, 0.0024450 secs]310.500: [scrub symbol table, 0.0016740 secs]310.502: [scrub string table, 0.0003710 secs] [1 CMS-remark: 3510149K(4091904K)] 3582238K(4184064K), 0.0835410 secs] [Times: user=0.19 sys=0.01, real=0.10 secs] 
2013-10-02T00:46:03.407+0000: 310.535: [CMS-concurrent-sweep-start]
2013-10-02T00:46:03.453+0000: 310.591: [GC 310.599: [ParNew: 92160K->10240K(92160K), 0.1091050 secs] 3599474K->3543151K(4184064K), 0.1229180 secs] [Times: user=0.30 sys=0.02, real=0.13 secs] 
2013-10-02T00:46:04.048+0000: 311.186: [GC 311.194: [ParNew: 92160K->10240K(92160K), 0.1531230 secs] 3604455K->3542866K(4184064K), 0.1667190 secs] [Times: user=0.30 sys=0.00, real=0.17 secs] 
2013-10-02T00:46:04.502+0000: 311.641: [GC 311.649: [ParNew: 92160K->10240K(92160K), 0.1822310 secs] 3618343K->3557219K(4184064K), 0.1961140 secs] [Times: user=0.32 sys=0.00, real=0.21 secs] 
2013-10-02T00:46:04.998+0000: 312.137: [GC 312.144: [ParNew: 92138K->10240K(92160K), 0.2327880 secs] 3632071K->3571102K(4184064K), 0.2467890 secs] [Times: user=0.28 sys=0.00, real=0.26 secs] 
2013-10-02T00:46:05.690+0000: 312.828: [GC 312.836: [ParNew: 92160K->10240K(92160K), 0.1854160 secs] 3648166K->3589953K(4184064K), 0.1999220 secs] [Times: user=0.35 sys=0.02, real=0.21 secs] 
2013-10-02T00:46:06.302+0000: 313.440: [GC 313.447: [ParNew: 92160K->10240K(92160K), 0.1571230 secs] 3657703K->3599726K(4184064K), 0.1707490 secs] [Times: user=0.35 sys=0.00, real=0.18 secs] 
2013-10-02T00:46:06.795+0000: 313.933: [GC 313.940: [ParNew: 92160K->10240K(92160K), 0.1070470 secs] 3577533K->3518654K(4184064K), 0.1211820 secs] [Times: user=0.38 sys=0.01, real=0.13 secs] 
2013-10-02T00:46:07.508+0000: 314.646: [GC 314.655: [ParNew: 92160K->10240K(92160K), 0.1231520 secs] 3133642K->3074051K(4184064K), 0.1378640 secs] [Times: user=0.30 sys=0.00, real=0.15 secs] 
2013-10-02T00:46:07.724+0000: 314.852: [CMS-concurrent-sweep: 2.615/4.317 secs] [Times: user=6.43 sys=1.41, real=4.32 secs] 
2013-10-02T00:46:07.745+0000: 314.873: [CMS-concurrent-reset-start]
2013-10-02T00:46:07.755+0000: 314.884: [CMS-concurrent-reset: 0.010/0.010 secs] [Times: user=0.02 sys=0.00, real=0.03 secs] 
2013-10-02T00:46:08.102+0000: 315.240: [GC 315.247: [ParNew: 92160K->10240K(92160K), 0.1521100 secs] 3068391K->3012047K(4184064K), 0.1658920 secs] [Times: user=0.29 sys=0.02, real=0.18 secs] 
2013-10-02T00:46:08.735+0000: 315.874: [GC 315.881: [ParNew: 92160K->10240K(92160K), 0.1174390 secs] 3093967K->3034009K(4184064K), 0.1313370 secs] [Times: user=0.28 sys=0.02, real=0.14 secs] 
2013-10-02T00:46:09.403+0000: 316.541: [GC 316.548: [ParNew: 92160K->10240K(92160K), 0.1487270 secs] 3115929K->3055866K(4184064K), 0.1624100 secs] [Times: user=0.29 sys=0.01, real=0.18 secs] 
2013-10-02T00:46:10.020+0000: 317.160: [GC 317.167: [ParNew: 92160K->10240K(92160K), 0.1150610 secs] 3137786K->3074794K(4184064K), 0.1288500 secs] [Times: user=0.30 sys=0.00, real=0.14 secs] 
2013-10-02T00:46:10.515+0000: 317.653: [GC 317.661: [ParNew: 92133K->10240K(92160K), 0.0850910 secs] 3156687K->3098106K(4184064K), 0.0989640 secs] [Times: user=0.31 sys=0.00, real=0.11 secs] 
2013-10-02T00:46:10.648+0000: 317.786: [GC [1 CMS-initial-mark: 3087866K(4091904K)] 3100549K(4184064K), 0.0909980 secs] [Times: user=0.10 sys=0.00, real=0.10 secs] 
2013-10-02T00:46:10.775+0000: 317.904: [CMS-concurrent-mark-start]
2013-10-02T00:46:11.228+0000: 318.367: [GC 318.374: [ParNew: 92158K->10240K(92160K), 0.1277510 secs] 3180024K->3119879K(4184064K), 0.1414200 secs] [Times: user=0.38 sys=0.00, real=0.15 secs] 
2013-10-02T00:46:12.081+0000: 319.219: [GC 319.227: [ParNew: 92158K->10240K(92160K), 0.1351440 secs] 3201797K->3147727K(4184064K), 0.1489800 secs] [Times: user=0.35 sys=0.00, real=0.16 secs] 
2013-10-02T00:46:12.830+0000: 319.968: [GC 319.976: [ParNew: 92160K->10240K(92160K), 0.2230550 secs] 3229647K->3177330K(4184064K), 0.2370910 secs] [Times: user=0.35 sys=0.02, real=0.25 secs] 
2013-10-02T00:46:13.845+0000: 320.983: [GC 320.990: [ParNew: 92154K->10240K(92160K), 0.1300820 secs] 3259244K->3202507K(4184064K), 0.1437240 secs] [Times: user=0.30 sys=0.01, real=0.16 secs] 
2013-10-02T00:46:14.466+0000: 321.604: [GC 321.612: [ParNew: 92159K->10240K(92160K), 0.0916890 secs] 3284427K->3226204K(4184064K), 0.1056750 secs] [Times: user=0.32 sys=0.01, real=0.12 secs] 
2013-10-02T00:46:15.157+0000: 322.295: [GC 322.303: [ParNew: 92158K->10240K(92160K), 0.1256250 secs] 3308122K->3251622K(4184064K), 0.1393050 secs] [Times: user=0.37 sys=0.02, real=0.14 secs] 
2013-10-02T00:46:15.837+0000: 322.975: [GC 322.983: [ParNew: 92160K->10240K(92160K), 0.1255190 secs] 3333542K->3271905K(4184064K), 0.1393300 secs] [Times: user=0.32 sys=0.01, real=0.14 secs] 
2013-10-02T00:46:16.314+0000: 323.453: [GC 323.460: [ParNew: 92160K->10240K(92160K), 0.1553510 secs] 3353825K->3296250K(4184064K), 0.1689090 secs] [Times: user=0.33 sys=0.00, real=0.18 secs] 
2013-10-02T00:46:17.114+0000: 324.253: [GC 324.261: [ParNew: 92160K->10240K(92160K), 0.1493950 secs] 3378170K->3320878K(4184064K), 0.1637290 secs] [Times: user=0.31 sys=0.01, real=0.18 secs] 
2013-10-02T00:46:17.698+0000: 324.827: [CMS-concurrent-mark: 5.219/6.923 secs] [Times: user=10.61 sys=1.48, real=6.94 secs] 
2013-10-02T00:46:17.719+0000: 324.847: [CMS-concurrent-preclean-start]
2013-10-02T00:46:17.882+0000: 325.021: [GC 325.028: [ParNew: 92160K->10240K(92160K), 0.1050210 secs] 3402798K->3347344K(4184064K), 0.1186070 secs] [Times: user=0.31 sys=0.01, real=0.13 secs] 
2013-10-02T00:46:18.497+0000: 325.636: [GC 325.643: [ParNew: 92160K->10240K(92160K), 0.1737650 secs] 3429264K->3370904K(4184064K), 0.1876840 secs] [Times: user=0.38 sys=0.00, real=0.20 secs] 
2013-10-02T00:46:19.119+0000: 326.257: [GC 326.264: [ParNew: 92158K->10240K(92160K), 0.1091180 secs] 3452822K->3393981K(4184064K), 0.1226460 secs] [Times: user=0.30 sys=0.01, real=0.13 secs] 
2013-10-02T00:46:19.715+0000: 326.854: [GC 326.861: [ParNew: 92160K->10240K(92160K), 0.1364340 secs] 3475901K->3416497K(4184064K), 0.1499980 secs] [Times: user=0.33 sys=0.01, real=0.16 secs] 
2013-10-02T00:46:19.899+0000: 327.037: [GC 327.045: [ParNew: 10413K->7645K(92160K), 0.0901420 secs] 3416670K->3424014K(4184064K), 0.1036300 secs] [Times: user=0.21 sys=0.02, real=0.11 secs] 
2013-10-02T00:46:20.048+0000: 327.176: [CMS-concurrent-preclean: 1.103/2.329 secs] [Times: user=3.44 sys=1.00, real=2.34 secs] 
2013-10-02T00:46:20.070+0000: 327.198: [CMS-concurrent-abortable-preclean-start]
2013-10-02T00:46:20.343+0000: 327.482: [GC 327.490: [ParNew: 89565K->10240K(92160K), 0.2179910 secs] 3505934K->3441210K(4184064K), 0.2322760 secs] [Times: user=0.30 sys=0.01, real=0.25 secs] 
2013-10-02T00:46:21.037+0000: 328.175: [GC 328.182: [ParNew: 92160K->10240K(92160K), 0.1247980 secs] 3523130K->3461669K(4184064K), 0.1383460 secs] [Times: user=0.30 sys=0.02, real=0.15 secs] 
2013-10-02T00:46:21.202+0000: 328.330: [CMS-concurrent-abortable-preclean: 0.496/1.131 secs] [Times: user=1.45 sys=0.50, real=1.14 secs] 
2013-10-02T00:46:21.219+0000: 328.357: [GC[YG occupancy: 11686 K (92160 K)]328.360: [Rescan (parallel) , 0.0772390 secs]328.437: [weak refs processing, 0.0222480 secs]328.460: [class unloading, 0.0024750 secs]328.462: [scrub symbol table, 0.0016720 secs]328.464: [scrub string table, 0.0003730 secs] [1 CMS-remark: 3451429K(4091904K)] 3463116K(4184064K), 0.1095000 secs] [Times: user=0.25 sys=0.01, real=0.12 secs] 
2013-10-02T00:46:21.369+0000: 328.497: [CMS-concurrent-sweep-start]
2013-10-02T00:46:21.725+0000: 328.863: [GC 328.871: [ParNew: 92160K->10240K(92160K), 0.1376900 secs] 3536610K->3473952K(4184064K), 0.1517890 secs] [Times: user=0.32 sys=0.00, real=0.16 secs] 
2013-10-02T00:46:22.274+0000: 329.413: [GC 329.421: [ParNew: 92159K->10240K(92160K), 0.2035260 secs] 3550562K->3489931K(4184064K), 0.2178730 secs] [Times: user=0.36 sys=0.01, real=0.23 secs] 
2013-10-02T00:46:22.944+0000: 330.083: [GC 330.091: [ParNew: 92149K->10240K(92160K), 0.1057600 secs] 3561505K->3503009K(4184064K), 0.1198790 secs] [Times: user=0.32 sys=0.00, real=0.12 secs] 
2013-10-02T00:46:23.563+0000: 330.701: [GC 330.708: [ParNew: 92157K->10240K(92160K), 0.1232140 secs] 3333337K->3278123K(4184064K), 0.1368250 secs] [Times: user=0.35 sys=0.02, real=0.15 secs] 
2013-10-02T00:46:24.080+0000: 331.225: [GC 331.233: [ParNew: 92153K->10240K(92160K), 0.1117150 secs] 3117665K->3058452K(4184064K), 0.1256370 secs] [Times: user=0.28 sys=0.01, real=0.14 secs] 
2013-10-02T00:46:24.438+0000: 331.566: [CMS-concurrent-sweep: 2.117/3.069 secs] [Times: user=4.88 sys=0.96, real=3.08 secs] 
2013-10-02T00:46:24.459+0000: 331.587: [CMS-concurrent-reset-start]
2013-10-02T00:46:24.505+0000: 331.634: [CMS-concurrent-reset: 0.047/0.047 secs] [Times: user=0.07 sys=0.04, real=0.06 secs] 
2013-10-02T00:46:24.693+0000: 331.831: [GC 331.839: [ParNew: 92160K->10240K(92160K), 0.1521480 secs] 3051804K->2993642K(4184064K), 0.1656770 secs] [Times: user=0.34 sys=0.03, real=0.18 secs] 
2013-10-02T00:46:25.212+0000: 332.350: [GC 332.357: [ParNew: 92160K->10240K(92160K), 0.1368890 secs] 3075562K->3013760K(4184064K), 0.1503570 secs] [Times: user=0.28 sys=0.02, real=0.16 secs] 
2013-10-02T00:46:25.704+0000: 332.843: [GC 332.850: [ParNew: 92160K->10240K(92160K), 0.2242380 secs] 3095680K->3037699K(4184064K), 0.2380480 secs] [Times: user=0.33 sys=0.02, real=0.24 secs] 
2013-10-02T00:46:26.218+0000: 333.356: [GC 333.364: [ParNew: 92157K->10240K(92160K), 0.1592880 secs] 3119617K->3059750K(4184064K), 0.1731700 secs] [Times: user=0.31 sys=0.00, real=0.18 secs] 
2013-10-02T00:46:26.697+0000: 333.835: [GC 333.842: [ParNew: 92160K->10240K(92160K), 0.0808690 secs] 3141670K->3078581K(4184064K), 0.0945300 secs] [Times: user=0.29 sys=0.01, real=0.10 secs] 
2013-10-02T00:46:27.310+0000: 334.454: [GC 334.470: [ParNew: 92160K->10240K(92160K), 0.1158600 secs] 3160501K->3104139K(4184064K), 0.1378360 secs] [Times: user=0.31 sys=0.01, real=0.16 secs] 
2013-10-02T00:46:27.486+0000: 334.624: [GC [1 CMS-initial-mark: 3093899K(4091904K)] 3104778K(4184064K), 0.0923040 secs] [Times: user=0.10 sys=0.00, real=0.10 secs] 
2013-10-02T00:46:27.614+0000: 334.742: [CMS-concurrent-mark-start]
2013-10-02T00:46:27.795+0000: 334.933: [GC 334.941: [ParNew: 92160K->10240K(92160K), 0.1215930 secs] 3186097K->3125437K(4184064K), 0.1351310 secs] [Times: user=0.39 sys=0.00, real=0.15 secs] 
2013-10-02T00:46:27.982+0000: 335.120: [GC 335.128: [ParNew: 15718K->10195K(92160K), 0.1111750 secs] 3130916K->3135496K(4184064K), 0.1248610 secs] [Times: user=0.25 sys=0.02, real=0.14 secs] 
2013-10-02T00:46:28.445+0000: 335.583: [GC 335.590: [ParNew: 92115K->10240K(92160K), 0.1238730 secs] 3217416K->3147252K(4184064K), 0.1375770 secs] [Times: user=0.29 sys=0.00, real=0.14 secs] 
2013-10-02T00:46:28.923+0000: 336.062: [GC 336.070: [ParNew: 92160K->10240K(92160K), 0.2213680 secs] 3229172K->3168428K(4184064K), 0.2358590 secs] [Times: user=0.37 sys=0.01, real=0.25 secs] 
2013-10-02T00:46:29.484+0000: 336.623: [GC 336.630: [ParNew: 92160K->10240K(92160K), 0.1572650 secs] 3250348K->3191159K(4184064K), 0.1708070 secs] [Times: user=0.31 sys=0.00, real=0.18 secs] 
2013-10-02T00:46:29.938+0000: 337.076: [GC 337.084: [ParNew: 92099K->10240K(92160K), 0.1546700 secs] 3273018K->3211520K(4184064K), 0.1687660 secs] [Times: user=0.35 sys=0.01, real=0.18 secs] 
2013-10-02T00:46:30.641+0000: 337.780: [GC 337.787: [ParNew: 92160K->10240K(92160K), 0.1739700 secs] 3293440K->3231743K(4184064K), 0.1875960 secs] [Times: user=0.30 sys=0.00, real=0.20 secs] 
2013-10-02T00:46:31.263+0000: 338.401: [GC 338.409: [ParNew: 92157K->10240K(92160K), 0.0884720 secs] 3313660K->3254052K(4184064K), 0.1021450 secs] [Times: user=0.32 sys=0.02, real=0.11 secs] 
2013-10-02T00:46:31.784+0000: 338.922: [GC 338.930: [ParNew: 92116K->10240K(92160K), 0.0952360 secs] 3335929K->3277722K(4184064K), 0.1090850 secs] [Times: user=0.31 sys=0.01, real=0.11 secs] 
2013-10-02T00:46:32.404+0000: 339.549: [GC 339.557: [ParNew: 92160K->10240K(92160K), 0.1517870 secs] 3359642K->3298531K(4184064K), 0.1663970 secs] [Times: user=0.31 sys=0.00, real=0.18 secs] 
2013-10-02T00:46:32.986+0000: 340.125: [GC 340.132: [ParNew: 92160K->10240K(92160K), 0.1478430 secs] 3380451K->3322340K(4184064K), 0.1614980 secs] [Times: user=0.31 sys=0.01, real=0.17 secs] 
2013-10-02T00:46:33.654+0000: 340.793: [GC 340.800: [ParNew: 92158K->10240K(92160K), 0.1288120 secs] 3404258K->3342244K(4184064K), 0.1427660 secs] [Times: user=0.30 sys=0.03, real=0.16 secs] 
2013-10-02T00:46:34.317+0000: 341.455: [GC 341.462: [ParNew: 92160K->10240K(92160K), 0.1512180 secs] 3424164K->3365635K(4184064K), 0.1651040 secs] [Times: user=0.30 sys=0.01, real=0.17 secs] 
2013-10-02T00:46:34.907+0000: 342.045: [GC 342.053: [ParNew: 92160K->10240K(92160K), 0.0915640 secs] 3447555K->3390326K(4184064K), 0.1056950 secs] [Times: user=0.31 sys=0.03, real=0.11 secs] 
2013-10-02T00:46:35.616+0000: 342.754: [GC 342.761: [ParNew: 92160K->10240K(92160K), 0.1301070 secs] 3472246K->3416814K(4184064K), 0.1436900 secs] [Times: user=0.42 sys=0.00, real=0.15 secs] 
2013-10-02T00:46:36.314+0000: 343.452: [GC 343.459: [ParNew: 92160K->10240K(92160K), 0.1368190 secs] 3498734K->3443858K(4184064K), 0.1505180 secs] [Times: user=0.34 sys=0.00, real=0.16 secs] 
2013-10-02T00:46:36.798+0000: 343.927: [CMS-concurrent-mark: 6.220/9.185 secs] [Times: user=14.34 sys=2.55, real=9.19 secs] 
2013-10-02T00:46:36.818+0000: 343.946: [CMS-concurrent-preclean-start]
2013-10-02T00:46:37.059+0000: 344.197: [GC 344.205: [ParNew: 92160K->10240K(92160K), 0.1860930 secs] 3525778K->3471911K(4184064K), 0.1997570 secs] [Times: user=0.36 sys=0.02, real=0.21 secs] 
2013-10-02T00:46:37.829+0000: 344.967: [GC 344.976: [ParNew: 92160K->10240K(92160K), 0.1848930 secs] 3553831K->3497415K(4184064K), 0.2001490 secs] [Times: user=0.32 sys=0.01, real=0.21 secs] 
2013-10-02T00:46:38.336+0000: 345.474: [GC 345.481: [ParNew: 92160K->10240K(92160K), 0.0857140 secs] 3579335K->3519669K(4184064K), 0.0992300 secs] [Times: user=0.30 sys=0.02, real=0.11 secs] 
2013-10-02T00:46:38.959+0000: 346.098: [GC 346.105: [ParNew: 92160K->10240K(92160K), 0.0952260 secs] 3601589K->3543266K(4184064K), 0.1089080 secs] [Times: user=0.32 sys=0.02, real=0.12 secs] 
2013-10-02T00:46:39.428+0000: 346.556: [CMS-concurrent-preclean: 1.436/2.610 secs] [Times: user=3.63 sys=1.16, real=2.62 secs] 
2013-10-02T00:46:39.456+0000: 346.584: [CMS-concurrent-abortable-preclean-start]
2013-10-02T00:46:39.555+0000: 346.683: [CMS-concurrent-abortable-preclean: 0.092/0.099 secs] [Times: user=0.12 sys=0.01, real=0.11 secs] 
2013-10-02T00:46:39.574+0000: 346.712: [GC[YG occupancy: 90967 K (92160 K)]346.715: [Rescan (parallel) , 0.0778250 secs]346.793: [weak refs processing, 0.0211980 secs]346.815: [class unloading, 0.0024780 secs]346.817: [scrub symbol table, 0.0016710 secs]346.819: [scrub string table, 0.0003770 secs] [1 CMS-remark: 3533026K(4091904K)] 3623994K(4184064K), 0.1093050 secs] [Times: user=0.21 sys=0.01, real=0.12 secs] 
2013-10-02T00:46:39.720+0000: 346.848: [CMS-concurrent-sweep-start]
2013-10-02T00:46:39.728+0000: 346.866: [GC 346.874: [ParNew: 92160K->10240K(92160K), 0.1571190 secs] 3625186K->3565494K(4184064K), 0.1715060 secs] [Times: user=0.30 sys=0.01, real=0.18 secs] 
2013-10-02T00:46:40.241+0000: 347.380: [GC 347.387: [ParNew: 92158K->10240K(92160K), 0.1576490 secs] 3642705K->3585543K(4184064K), 0.1716230 secs] [Times: user=0.36 sys=0.00, real=0.19 secs] 
2013-10-02T00:46:40.805+0000: 347.943: [GC 347.951: [ParNew: 92160K->10240K(92160K), 0.1617840 secs] 3660646K->3602601K(4184064K), 0.1755860 secs] [Times: user=0.32 sys=0.01, real=0.18 secs] 
2013-10-02T00:46:41.346+0000: 348.492: [GC 348.500: [ParNew: 92160K->10240K(92160K), 0.1600570 secs] 3678743K->3618828K(4184064K), 0.1744320 secs] [Times: user=0.31 sys=0.00, real=0.19 secs] 
2013-10-02T00:46:42.011+0000: 349.149: [GC 349.157: [ParNew: 92160K->10240K(92160K), 0.1467350 secs] 3621513K->3563838K(4184064K), 0.1604440 secs] [Times: user=0.35 sys=0.00, real=0.17 secs] 
2013-10-02T00:46:42.601+0000: 349.739: [GC 349.747: [ParNew: 92153K->10240K(92160K), 0.1790810 secs] 3456019K->3397136K(4184064K), 0.1930470 secs] [Times: user=0.32 sys=0.01, real=0.21 secs] 
2013-10-02T00:46:43.202+0000: 350.330: [CMS-concurrent-sweep: 2.432/3.482 secs] [Times: user=5.34 sys=0.94, real=3.49 secs] 
2013-10-02T00:46:43.222+0000: 350.350: [CMS-concurrent-reset-start]
2013-10-02T00:46:43.230+0000: 350.368: [GC 350.375: [ParNew: 92160K->10240K(92160K), 0.1961150 secs] 3186731K->3126457K(4184064K), 0.2100520 secs] [Times: user=0.34 sys=0.00, real=0.22 secs] 
2013-10-02T00:46:43.500+0000: 350.629: [CMS-concurrent-reset: 0.035/0.279 secs] [Times: user=0.44 sys=0.07, real=0.29 secs] 
2013-10-02T00:46:43.752+0000: 350.891: [GC 350.898: [ParNew: 92147K->10240K(92160K), 0.0849070 secs] 3208364K->3146297K(4184064K), 0.0983710 secs] [Times: user=0.28 sys=0.02, real=0.11 secs] 
2013-10-02T00:46:43.885+0000: 351.024: [GC [1 CMS-initial-mark: 3136057K(4091904K)] 3147041K(4184064K), 0.0923780 secs] [Times: user=0.10 sys=0.01, real=0.10 secs] 
2013-10-02T00:46:44.014+0000: 351.142: [CMS-concurrent-mark-start]
2013-10-02T00:46:44.339+0000: 351.477: [GC 351.485: [ParNew: 92160K->10240K(92160K), 0.1107970 secs] 3228217K->3169236K(4184064K), 0.1245410 secs] [Times: user=0.32 sys=0.01, real=0.13 secs] 
2013-10-02T00:46:44.845+0000: 351.983: [GC 351.991: [ParNew: 92158K->10240K(92160K), 0.2211950 secs] 3251155K->3191975K(4184064K), 0.2350490 secs] [Times: user=0.33 sys=0.01, real=0.24 secs] 
2013-10-02T00:46:45.466+0000: 352.604: [GC 352.611: [ParNew: 92160K->10240K(92160K), 0.1371810 secs] 3273895K->3214382K(4184064K), 0.1508490 secs] [Times: user=0.33 sys=0.00, real=0.16 secs] 
2013-10-02T00:46:46.084+0000: 353.222: [GC 353.230: [ParNew: 92160K->10240K(92160K), 0.1812220 secs] 3296302K->3235439K(4184064K), 0.1951760 secs] [Times: user=0.29 sys=0.01, real=0.20 secs] 
2013-10-02T00:46:46.634+0000: 353.772: [GC 353.780: [ParNew: 92160K->10240K(92160K), 0.1501650 secs] 3317359K->3258910K(4184064K), 0.1638910 secs] [Times: user=0.30 sys=0.02, real=0.18 secs] 
2013-10-02T00:46:47.239+0000: 354.377: [GC 354.384: [ParNew: 92156K->10240K(92160K), 0.1189000 secs] 3340827K->3279600K(4184064K), 0.1324280 secs] [Times: user=0.30 sys=0.01, real=0.14 secs] 
2013-10-02T00:46:48.013+0000: 355.151: [GC 355.158: [ParNew: 92160K->10240K(92160K), 0.1066070 secs] 3361520K->3304788K(4184064K), 0.1202570 secs] [Times: user=0.33 sys=0.01, real=0.13 secs] 
2013-10-02T00:46:48.445+0000: 355.584: [GC 355.591: [ParNew: 92160K->10240K(92160K), 0.1121890 secs] 3386708K->3327711K(4184064K), 0.1258520 secs] [Times: user=0.32 sys=0.00, real=0.13 secs] 
2013-10-02T00:46:48.921+0000: 356.060: [GC 356.067: [ParNew: 92160K->10240K(92160K), 0.1467240 secs] 3409631K->3349477K(4184064K), 0.1604180 secs] [Times: user=0.31 sys=0.01, real=0.17 secs] 
2013-10-02T00:46:49.562+0000: 356.700: [GC 356.708: [ParNew: 92160K->10240K(92160K), 0.1570020 secs] 3431397K->3370850K(4184064K), 0.1706480 secs] [Times: user=0.30 sys=0.00, real=0.18 secs] 
2013-10-02T00:46:50.197+0000: 357.336: [GC 357.343: [ParNew: 92160K->10240K(92160K), 0.1382300 secs] 3452770K->3394270K(4184064K), 0.1518360 secs] [Times: user=0.34 sys=0.01, real=0.16 secs] 
2013-10-02T00:46:50.823+0000: 357.962: [GC 357.969: [ParNew: 92160K->10240K(92160K), 0.1450230 secs] 3476190K->3419372K(4184064K), 0.1590130 secs] [Times: user=0.31 sys=0.01, real=0.18 secs] 
2013-10-02T00:46:51.474+0000: 358.613: [GC 358.620: [ParNew: 92160K->10240K(92160K), 0.1155180 secs] 3501292K->3439786K(4184064K), 0.1291040 secs] [Times: user=0.30 sys=0.01, real=0.14 secs] 
2013-10-02T00:46:52.048+0000: 359.186: [GC 359.194: [ParNew: 92160K->10240K(92160K), 0.1130640 secs] 3521706K->3463338K(4184064K), 0.1270080 secs] [Times: user=0.29 sys=0.02, real=0.14 secs] 
2013-10-02T00:46:52.436+0000: 359.564: [CMS-concurrent-mark: 5.774/8.422 secs] [Times: user=13.35 sys=2.10, real=8.43 secs] 
2013-10-02T00:46:52.456+0000: 359.584: [CMS-concurrent-preclean-start]
2013-10-02T00:46:52.632+0000: 359.770: [GC 359.777: [ParNew: 92126K->10240K(92160K), 0.1216160 secs] 3545224K->3484322K(4184064K), 0.1355020 secs] [Times: user=0.34 sys=0.01, real=0.14 secs] 
2013-10-02T00:46:53.149+0000: 360.287: [GC 360.295: [ParNew: 92160K->10240K(92160K), 0.1966920 secs] 3566242K->3505547K(4184064K), 0.2106330 secs] [Times: user=0.31 sys=0.00, real=0.22 secs] 
2013-10-02T00:46:53.799+0000: 360.937: [GC 360.945: [ParNew: 92160K->10240K(92160K), 0.1436320 secs] 3587467K->3531247K(4184064K), 0.1573890 secs] [Times: user=0.33 sys=0.00, real=0.17 secs] 
2013-10-02T00:46:54.303+0000: 361.442: [GC 361.449: [ParNew: 92159K->10240K(92160K), 0.1311420 secs] 3613167K->3552808K(4184064K), 0.1449320 secs] [Times: user=0.29 sys=0.02, real=0.15 secs] 
2013-10-02T00:46:54.989+0000: 362.128: [GC 362.135: [ParNew: 92160K->10240K(92160K), 0.0930480 secs] 3634728K->3575601K(4184064K), 0.1066480 secs] [Times: user=0.31 sys=0.03, real=0.12 secs] 
2013-10-02T00:46:55.485+0000: 362.623: [GC 362.631: [ParNew: 92160K->10240K(92160K), 0.1253080 secs] 3657521K->3599901K(4184064K), 0.1392620 secs] [Times: user=0.36 sys=0.01, real=0.15 secs] 
2013-10-02T00:46:56.056+0000: 363.195: [GC 363.202: [ParNew: 92160K->10240K(92160K), 0.1106570 secs] 3681821K->3622507K(4184064K), 0.1242190 secs] [Times: user=0.34 sys=0.02, real=0.13 secs] 
2013-10-02T00:46:56.505+0000: 363.644: [GC 363.652: [ParNew: 92160K->10240K(92160K), 0.2266180 secs] 3704427K->3645331K(4184064K), 0.2406080 secs] [Times: user=0.32 sys=0.00, real=0.25 secs] 
2013-10-02T00:46:57.058+0000: 364.196: [GC 364.204: [ParNew: 92160K->10240K(92160K), 0.1500590 secs] 3727251K->3668716K(4184064K), 0.1637410 secs] [Times: user=0.32 sys=0.01, real=0.18 secs] 
2013-10-02T00:46:57.620+0000: 364.759: [GC 364.766: [ParNew: 92160K->10240K(92160K), 0.1679670 secs] 3750636K->3689523K(4184064K), 0.1816650 secs] [Times: user=0.29 sys=0.02, real=0.20 secs] 
2013-10-02T00:46:58.111+0000: 365.249: [GC 365.257: [ParNew: 92160K->10240K(92160K), 0.1900990 secs] 3771443K->3710326K(4184064K), 0.2037840 secs] [Times: user=0.34 sys=0.01, real=0.22 secs] 
2013-10-02T00:46:58.616+0000: 365.754: [GC 365.763: [ParNew: 92160K->10240K(92160K), 0.1403790 secs] 3792246K->3732966K(4184064K), 0.1548640 secs] [Times: user=0.32 sys=0.00, real=0.16 secs] 
2013-10-02T00:46:58.947+0000: 366.086: [GC 366.093: [ParNew: 92115K->10240K(92160K), 0.1509560 secs] 3814841K->3755440K(4184064K), 0.1647500 secs] [Times: user=0.30 sys=0.01, real=0.17 secs] 
2013-10-02T00:46:59.596+0000: 366.724: [CMS-concurrent-preclean: 3.305/7.140 secs] [Times: user=9.99 sys=3.12, real=7.15 secs] 
2013-10-02T00:46:59.615+0000: 366.743: [CMS-concurrent-abortable-preclean-start]
2013-10-02T00:46:59.715+0000: 366.853: [GC 366.861: [ParNew: 92160K->10240K(92160K), 0.1295700 secs] 3837360K->3779337K(4184064K), 0.1435810 secs] [Times: user=0.32 sys=0.01, real=0.15 secs] 
2013-10-02T00:47:00.230+0000: 367.368: [GC 367.376: [ParNew: 92159K->10240K(92160K), 0.1494950 secs] 3861257K->3802704K(4184064K), 0.1633960 secs] [Times: user=0.34 sys=0.00, real=0.18 secs] 
2013-10-02T00:47:00.471+0000: 367.599: [CMS-concurrent-abortable-preclean: 0.384/0.856 secs] [Times: user=1.38 sys=0.33, real=0.86 secs] 
2013-10-02T00:47:00.526+0000: 367.665: [GC[YG occupancy: 44008 K (92160 K)]367.668: [Rescan (parallel) , 0.1356470 secs]367.804: [weak refs processing, 0.0245930 secs]367.828: [class unloading, 0.0036450 secs]367.832: [scrub symbol table, 0.0025360 secs]367.835: [scrub string table, 0.0004720 secs] [1 CMS-remark: 3792464K(4091904K)] 3836473K(4184064K), 0.1732160 secs] [Times: user=0.39 sys=0.00, real=0.18 secs] 
2013-10-02T00:47:00.738+0000: 367.866: [CMS-concurrent-sweep-start]
2013-10-02T00:47:00.856+0000: 367.994: [GC 368.001: [ParNew: 92160K->10240K(92160K), 0.1576690 secs] 3882656K->3820663K(4184064K), 0.1713350 secs] [Times: user=0.30 sys=0.01, real=0.18 secs] 
2013-10-02T00:47:01.403+0000: 368.542: [GC 368.549: [ParNew: 92160K->10240K(92160K), 0.1763780 secs] 3900334K->3842813K(4184064K), 0.1901460 secs] [Times: user=0.33 sys=0.00, real=0.20 secs] 
2013-10-02T00:47:01.935+0000: 369.074: [GC 369.081: [ParNew: 92160K->10240K(92160K), 0.1518770 secs] 3922093K->3864664K(4184064K), 0.1657680 secs] [Times: user=0.34 sys=0.00, real=0.18 secs] 
2013-10-02T00:47:02.365+0000: 369.503: [GC 369.510: [ParNew: 92154K->10240K(92160K), 0.2038620 secs] 3942107K->3882268K(4184064K), 0.2567240 secs] [Times: user=0.32 sys=0.00, real=0.27 secs] 
2013-10-02T00:47:03.166+0000: 370.304: [GC 370.312: [ParNew: 92154K->10240K(92160K), 0.0931320 secs] 3877224K->3819177K(4184064K), 0.1068170 secs] [Times: user=0.32 sys=0.02, real=0.12 secs] 
2013-10-02T00:47:03.517+0000: 370.655: [GC 370.662: [ParNew: 92152K->10240K(92160K), 0.0920570 secs] 3796613K->3735625K(4184064K), 0.1056590 secs] [Times: user=0.27 sys=0.02, real=0.12 secs] 
2013-10-02T00:47:03.961+0000: 371.099: [GC 371.108: [ParNew: 92152K->10240K(92160K), 0.1362680 secs] 3619341K->3557670K(4184064K), 0.1510790 secs] [Times: user=0.28 sys=0.01, real=0.16 secs] 
2013-10-02T00:47:04.308+0000: 371.436: [CMS-concurrent-sweep: 2.182/3.570 secs] [Times: user=5.70 sys=0.99, real=3.58 secs] 
2013-10-02T00:47:04.328+0000: 371.457: [CMS-concurrent-reset-start]
2013-10-02T00:47:04.339+0000: 371.467: [CMS-concurrent-reset: 0.011/0.011 secs] [Times: user=0.03 sys=0.00, real=0.02 secs] 
2013-10-02T00:47:04.654+0000: 371.793: [GC 371.800: [ParNew: 92160K->10240K(92160K), 0.1420260 secs] 3500437K->3440890K(4184064K), 0.1556290 secs] [Times: user=0.30 sys=0.02, real=0.16 secs] 
2013-10-02T00:47:04.856+0000: 371.994: [GC [1 CMS-initial-mark: 3430650K(4091904K)] 3446450K(4184064K), 0.0965420 secs] [Times: user=0.10 sys=0.00, real=0.10 secs] 
2013-10-02T00:47:04.992+0000: 372.120: [CMS-concurrent-mark-start]
2013-10-02T00:47:05.201+0000: 372.339: [GC 372.346: [ParNew: 92160K->10240K(92160K), 0.1284630 secs] 3522810K->3463710K(4184064K), 0.1421240 secs] [Times: user=0.29 sys=0.03, real=0.16 secs] 
2013-10-02T00:47:05.799+0000: 372.937: [GC 372.945: [ParNew: 92160K->10240K(92160K), 0.1633320 secs] 3545630K->3487918K(4184064K), 0.1770790 secs] [Times: user=0.33 sys=0.01, real=0.19 secs] 
2013-10-02T00:47:06.294+0000: 373.432: [GC 373.440: [ParNew: 92160K->10240K(92160K), 0.1600240 secs] 3569838K->3511385K(4184064K), 0.1737000 secs] [Times: user=0.34 sys=0.00, real=0.18 secs] 
2013-10-02T00:47:06.900+0000: 374.038: [GC 374.045: [ParNew: 92160K->10240K(92160K), 0.1467310 secs] 3593305K->3535085K(4184064K), 0.1602770 secs] [Times: user=0.31 sys=0.01, real=0.17 secs] 
2013-10-02T00:47:07.443+0000: 374.581: [GC 374.589: [ParNew: 92160K->10240K(92160K), 0.1084870 secs] 3617005K->3555361K(4184064K), 0.1223270 secs] [Times: user=0.34 sys=0.00, real=0.14 secs] 
2013-10-02T00:47:08.065+0000: 375.203: [GC 375.211: [ParNew: 92160K->10240K(92160K), 0.0906640 secs] 3637281K->3576003K(4184064K), 0.1042880 secs] [Times: user=0.31 sys=0.02, real=0.11 secs] 
2013-10-02T00:47:08.527+0000: 375.666: [GC 375.673: [ParNew: 92160K->10240K(92160K), 0.1149260 secs] 3657923K->3600196K(4184064K), 0.1286810 secs] [Times: user=0.32 sys=0.02, real=0.14 secs] 
2013-10-02T00:47:08.941+0000: 376.079: [GC 376.087: [ParNew: 92160K->10240K(92160K), 0.2081570 secs] 3682116K->3620787K(4184064K), 0.2221200 secs] [Times: user=0.31 sys=0.01, real=0.24 secs] 
2013-10-02T00:47:09.540+0000: 376.678: [GC 376.686: [ParNew: 92159K->10240K(92160K), 0.1614010 secs] 3702707K->3644609K(4184064K), 0.1750020 secs] [Times: user=0.32 sys=0.01, real=0.19 secs] 
2013-10-02T00:47:10.151+0000: 377.289: [GC 377.296: [ParNew: 92154K->10240K(92160K), 0.1531780 secs] 3726524K->3669188K(4184064K), 0.1667540 secs] [Times: user=0.31 sys=0.02, real=0.18 secs] 
2013-10-02T00:47:10.683+0000: 377.822: [GC 377.829: [ParNew: 92160K->10240K(92160K), 0.1536670 secs] 3751108K->3690670K(4184064K), 0.1674640 secs] [Times: user=0.30 sys=0.00, real=0.17 secs] 
2013-10-02T00:47:11.254+0000: 378.392: [GC 378.400: [ParNew: 92160K->10240K(92160K), 0.1220380 secs] 3772590K->3715162K(4184064K), 0.1361530 secs] [Times: user=0.32 sys=0.01, real=0.14 secs] 
2013-10-02T00:47:11.815+0000: 378.954: [GC 378.961: [ParNew: 92158K->10240K(92160K), 0.0872130 secs] 3797081K->3737217K(4184064K), 0.1007870 secs] [Times: user=0.29 sys=0.04, real=0.11 secs] 
2013-10-02T00:47:12.307+0000: 379.445: [GC 379.452: [ParNew: 92160K->10240K(92160K), 0.0889850 secs] 3819137K->3757622K(4184064K), 0.1026140 secs] [Times: user=0.28 sys=0.02, real=0.11 secs] 
2013-10-02T00:47:12.891+0000: 380.029: [GC 380.037: [ParNew: 92160K->10240K(92160K), 0.1585180 secs] 3839542K->3780467K(4184064K), 0.1721650 secs] [Times: user=0.32 sys=0.00, real=0.19 secs] 
2013-10-02T00:47:13.350+0000: 380.488: [GC 380.496: [ParNew: 92160K->10240K(92160K), 0.1346270 secs] 3862387K->3800595K(4184064K), 0.1482860 secs] [Times: user=0.33 sys=0.01, real=0.16 secs] 
2013-10-02T00:47:13.755+0000: 380.893: [GC 380.900: [ParNew: 92155K->10240K(92160K), 0.2139340 secs] 3882511K->3822448K(4184064K), 0.2276850 secs] [Times: user=0.38 sys=0.01, real=0.24 secs] 
2013-10-02T00:47:14.398+0000: 381.537: [GC 381.544: [ParNew: 92160K->10240K(92160K), 0.1443150 secs] 3904368K->3845649K(4184064K), 0.1579630 secs] [Times: user=0.29 sys=0.03, real=0.17 secs] 
2013-10-02T00:47:14.821+0000: 381.959: [GC 381.967: [ParNew: 92154K->10240K(92160K), 0.0899470 secs] 3927563K->3869142K(4184064K), 0.1036970 secs] [Times: user=0.30 sys=0.02, real=0.12 secs] 
2013-10-02T00:47:15.396+0000: 382.534: [GC 382.542: [ParNew: 92154K->10240K(92160K), 0.0869510 secs] 3951057K->3891426K(4184064K), 0.1006520 secs] [Times: user=0.30 sys=0.03, real=0.11 secs] 
2013-10-02T00:47:15.736+0000: 382.864: [CMS-concurrent-mark: 6.926/10.744 secs] [Times: user=17.14 sys=3.00, real=10.76 secs] 
2013-10-02T00:47:15.757+0000: 382.885: [CMS-concurrent-preclean-start]
2013-10-02T00:47:16.048+0000: 383.187: [GC 383.194: [ParNew: 92155K->10240K(92160K), 0.1038380 secs] 3973341K->3913341K(4184064K), 0.1174820 secs] [Times: user=0.30 sys=0.01, real=0.13 secs] 
2013-10-02T00:47:16.603+0000: 383.742: [GC 383.749: [ParNew: 92160K->10240K(92160K), 0.1547370 secs] 3995261K->3935855K(4184064K), 0.1685080 secs] [Times: user=0.31 sys=0.03, real=0.17 secs] 
2013-10-02T00:47:17.112+0000: 384.258: [GC 384.265: [ParNew: 92138K->10240K(92160K), 0.2151890 secs] 4017753K->3958041K(4184064K), 0.2292660 secs] [Times: user=0.31 sys=0.03, real=0.24 secs] 
2013-10-02T00:47:17.692+0000: 384.831: [GC 384.838: [ParNew: 92152K->10240K(92160K), 0.1774480 secs] 4039954K->3983096K(4184064K), 0.1915390 secs] [Times: user=0.34 sys=0.03, real=0.20 secs] 
2013-10-02T00:47:18.327+0000: 385.465: [GC 385.473: [ParNew: 92160K->10240K(92160K), 0.2049350 secs] 4065016K->4007118K(4184064K), 0.2188070 secs] [Times: user=0.32 sys=0.02, real=0.23 secs] 
2013-10-02T00:47:18.786+0000: 385.924: [GC 385.931: [ParNew (promotion failed): 92160K->92160K(92160K), 0.1468150 secs]386.078: [CMS2013-10-02T00:47:19.525+0000: 386.653: [CMS-concurrent-preclean: 1.853/3.768 secs] [Times: user=4.76 sys=1.55, real=3.78 secs] 
 (concurrent mode failure): 4012332K->2885705K(4091904K), 10.3842310 secs] 4089038K->2885705K(4184064K), [CMS Perm : 13395K->13395K(65536K)], 10.5451450 secs] [Times: user=11.01 sys=0.20, real=10.56 secs] 
2013-10-02T00:47:29.867+0000: 397.005: [GC 397.013: [ParNew: 81920K->10240K(92160K), 0.1548730 secs] 2967625K->2940882K(4184064K), 0.1689460 secs] [Times: user=0.34 sys=0.01, real=0.18 secs] 
2013-10-02T00:47:32.854+0000: 399.991: [GC 399.999: [ParNew: 92160K->10240K(92160K), 0.1545710 secs] 3022802K->2975057K(4184064K), 0.1686060 secs] [Times: user=0.33 sys=0.01, real=0.18 secs] 
2013-10-02T00:47:34.042+0000: 401.180: [GC 401.188: [ParNew: 92160K->10240K(92160K), 0.1858580 secs] 3056977K->3021342K(4184064K), 0.1997890 secs] [Times: user=0.38 sys=0.00, real=0.21 secs] 
2013-10-02T00:47:34.403+0000: 401.541: [GC 401.549: [ParNew: 92151K->10240K(92160K), 0.1127390 secs] 3103254K->3057343K(4184064K), 0.1265650 secs] [Times: user=0.27 sys=0.03, real=0.14 secs] 
2013-10-02T00:47:34.693+0000: 401.831: [GC 401.838: [ParNew: 92160K->10240K(92160K), 0.1128970 secs] 3139263K->3093775K(4184064K), 0.1266630 secs] [Times: user=0.28 sys=0.02, real=0.13 secs] 
2013-10-02T00:47:34.981+0000: 402.119: [GC 402.127: [ParNew: 92160K->10240K(92160K), 0.1118500 secs] 3175695K->3120465K(4184064K), 0.1257250 secs] [Times: user=0.35 sys=0.01, real=0.13 secs] 
2013-10-02T00:47:35.237+0000: 402.375: [GC 402.382: [ParNew: 92160K->10240K(92160K), 0.0781860 secs] 3202385K->3145285K(4184064K), 0.0917800 secs] [Times: user=0.29 sys=0.02, real=0.10 secs] 
2013-10-02T00:47:35.453+0000: 402.592: [GC 402.599: [ParNew: 92160K->10240K(92160K), 0.0957870 secs] 3227205K->3172052K(4184064K), 0.1096160 secs] [Times: user=0.26 sys=0.01, real=0.12 secs] 
2013-10-02T00:47:35.661+0000: 402.799: [GC 402.806: [ParNew: 92160K->10240K(92160K), 0.1133010 secs] 3253972K->3197017K(4184064K), 0.1272020 secs] [Times: user=0.27 sys=0.00, real=0.13 secs] 
2013-10-02T00:47:35.950+0000: 403.088: [GC 403.096: [ParNew: 92160K->10240K(92160K), 0.1294740 secs] 3278937K->3229637K(4184064K), 0.1432190 secs] [Times: user=0.27 sys=0.01, real=0.16 secs] 
2013-10-02T00:47:36.383+0000: 403.521: [GC 403.528: [ParNew: 92160K->10240K(92160K), 0.2467370 secs] 3311557K->3263475K(4184064K), 0.3209500 secs] [Times: user=0.35 sys=0.00, real=0.33 secs] 
2013-10-02T00:47:37.050+0000: 404.188: [GC 404.196: [ParNew: 92160K->10240K(92160K), 0.1930850 secs] 3345395K->3298205K(4184064K), 0.2072250 secs] [Times: user=0.32 sys=0.00, real=0.22 secs] 
2013-10-02T00:47:37.461+0000: 404.599: [GC 404.607: [ParNew: 92160K->10240K(92160K), 0.2360780 secs] 3380125K->3326430K(4184064K), 0.2500780 secs] [Times: user=0.33 sys=0.00, real=0.26 secs] 
2013-10-02T00:47:38.004+0000: 405.142: [GC 405.150: [ParNew: 92160K->10240K(92160K), 0.1986810 secs] 3408350K->3352821K(4184064K), 0.2128990 secs] [Times: user=0.28 sys=0.02, real=0.22 secs] 
2013-10-02T00:47:38.573+0000: 405.712: [GC 405.720: [ParNew: 92160K->10240K(92160K), 0.2398880 secs] 3434741K->3389560K(4184064K), 0.2544430 secs] [Times: user=0.32 sys=0.00, real=0.26 secs] 
2013-10-02T00:47:39.008+0000: 406.146: [GC 406.154: [ParNew: 92160K->10240K(92160K), 0.1588730 secs] 3471480K->3419380K(4184064K), 0.1728330 secs] [Times: user=0.30 sys=0.00, real=0.18 secs] 
2013-10-02T00:47:39.428+0000: 406.566: [GC 406.574: [ParNew: 92160K->10240K(92160K), 0.1880900 secs] 3501300K->3456389K(4184064K), 0.2024590 secs] [Times: user=0.36 sys=0.01, real=0.22 secs] 
2013-10-02T00:47:39.923+0000: 407.062: [GC 407.071: [ParNew: 92160K->10240K(92160K), 0.1669210 secs] 3538309K->3491826K(4184064K), 0.1828340 secs] [Times: user=0.32 sys=0.03, real=0.19 secs] 
2013-10-02T00:47:40.294+0000: 407.433: [GC 407.442: [ParNew: 92160K->10240K(92160K), 0.1644470 secs] 3573746K->3523547K(4184064K), 0.1789440 secs] [Times: user=0.31 sys=0.02, real=0.19 secs] 
2013-10-02T00:47:40.654+0000: 407.792: [GC 407.800: [ParNew: 92160K->10240K(92160K), 0.1826100 secs] 3605467K->3551775K(4184064K), 0.1967930 secs] [Times: user=0.28 sys=0.00, real=0.21 secs] 
2013-10-02T00:47:41.045+0000: 408.184: [GC 408.191: [ParNew: 92160K->10240K(92160K), 0.2003790 secs] 3633695K->3584165K(4184064K), 0.2144610 secs] [Times: user=0.28 sys=0.02, real=0.22 secs] 
2013-10-02T00:47:41.501+0000: 408.642: [GC 408.708: [ParNew: 92160K->10240K(92160K), 0.2340830 secs] 3666085K->3612916K(4184064K), 0.2621700 secs] [Times: user=0.31 sys=0.02, real=0.32 secs] 
2013-10-02T00:47:42.033+0000: 409.172: [GC [1 CMS-initial-mark: 3602676K(4091904K)] 3684406K(4184064K), 0.1627410 secs] [Times: user=0.18 sys=0.01, real=0.17 secs] 
2013-10-02T00:47:42.294+0000: 409.422: [CMS-concurrent-mark-start]
2013-10-02T00:47:42.302+0000: 409.441: [GC 409.448: [ParNew: 92160K->10240K(92160K), 0.2829420 secs] 3694836K->3643034K(4184064K), 0.3055660 secs] [Times: user=0.31 sys=0.00, real=0.31 secs] 
2013-10-02T00:47:43.007+0000: 410.146: [GC 410.154: [ParNew: 92160K->10240K(92160K), 0.3969430 secs] 3724954K->3673135K(4184064K), 0.4112660 secs] [Times: user=0.34 sys=0.02, real=0.42 secs] 
2013-10-02T00:47:43.602+0000: 410.740: [GC 410.748: [ParNew: 92160K->10240K(92160K), 0.1345760 secs] 3755055K->3699314K(4184064K), 0.1490560 secs] [Times: user=0.28 sys=0.02, real=0.16 secs] 
2013-10-02T00:47:43.981+0000: 411.120: [GC 411.127: [ParNew: 92160K->10240K(92160K), 0.1251810 secs] 3781234K->3733124K(4184064K), 0.1392430 secs] [Times: user=0.31 sys=0.00, real=0.14 secs] 
2013-10-02T00:47:44.386+0000: 411.525: [GC 411.533: [ParNew: 92160K->10240K(92160K), 0.1726590 secs] 3815044K->3769726K(4184064K), 0.1872170 secs] [Times: user=0.36 sys=0.01, real=0.20 secs] 
2013-10-02T00:47:44.957+0000: 412.114: [GC 412.123: [ParNew: 92160K->10240K(92160K), 0.4154570 secs] 3851646K->3802912K(4184064K), 0.4407810 secs] [Times: user=0.50 sys=0.00, real=0.47 secs] 
2013-10-02T00:47:45.991+0000: 413.200: [GC 413.208: [ParNew: 92160K->10240K(92160K), 0.2419780 secs] 3884832K->3837757K(4184064K), 0.2567100 secs] [Times: user=0.34 sys=0.02, real=0.34 secs] 
2013-10-02T00:47:46.592+0000: 413.741: [GC 413.763: [ParNew: 92160K->10240K(92160K), 0.1938450 secs] 3919677K->3867818K(4184064K), 0.2213960 secs] [Times: user=0.30 sys=0.01, real=0.24 secs] 
2013-10-02T00:47:47.040+0000: 414.178: [GC 414.186: [ParNew: 92160K->10240K(92160K), 0.1854960 secs] 3949738K->3899570K(4184064K), 0.1996810 secs] [Times: user=0.28 sys=0.01, real=0.20 secs] 
2013-10-02T00:47:47.551+0000: 414.690: [GC 414.698: [ParNew: 92160K->10240K(92160K), 0.2667650 secs] 3982513K->3925736K(4184064K), 0.2810310 secs] [Times: user=0.48 sys=0.02, real=0.29 secs] 
2013-10-02T00:47:48.060+0000: 415.261: [GC 415.279: [ParNew: 32139K->10240K(92160K), 0.3316810 secs] 3947636K->3940684K(4184064K), 0.3561180 secs] [Times: user=0.34 sys=0.01, real=0.42 secs] 
2013-10-02T00:47:48.654+0000: 415.795: [GC 415.803: [ParNew: 92160K->10240K(92160K), 0.2607770 secs] 4022604K->3964725K(4184064K), 0.2749730 secs] [Times: user=0.26 sys=0.01, real=0.29 secs] 
2013-10-02T00:47:49.125+0000: 416.264: [GC 416.272: [ParNew: 92160K->10240K(92160K), 0.1579300 secs] 4046645K->3993105K(4184064K), 0.1722220 secs] [Times: user=0.27 sys=0.01, real=0.18 secs] 
2013-10-02T00:47:49.506+0000: 416.644: [GC 416.652: [ParNew: 92160K->10240K(92160K), 0.1344710 secs] 4075025K->4021609K(4184064K), 0.1485520 secs] [Times: user=0.28 sys=0.00, real=0.16 secs] 
2013-10-02T00:47:49.878+0000: 417.016: [GC 417.024: [ParNew: 92160K->10240K(92160K), 0.1745340 secs] 4103529K->4044881K(4184064K), 0.1888330 secs] [Times: user=0.28 sys=0.01, real=0.20 secs] 
2013-10-02T00:47:50.451+0000: 417.589: [GC 417.598: [ParNew: 92160K->10240K(92160K), 0.2082400 secs] 4126801K->4071805K(4184064K), 0.2227710 secs] [Times: user=0.34 sys=0.00, real=0.24 secs] 
2013-10-02T00:47:51.420+0000: 418.558: [GC 418.567: [ParNew (promotion failed): 92160K->92160K(92160K), 1.1728390 secs]419.740: [CMS2013-10-02T00:47:57.150+0000: 424.279: [CMS-concurrent-mark: 8.453/14.857 secs] [Times: user=15.89 sys=2.40, real=14.89 secs] 
 (concurrent mode failure): 4091378K->3038684K(4091904K), 14.9533790 secs] 4153725K->3038684K(4184064K), [CMS Perm : 13459K->13459K(65536K)], 16.1408790 secs] [Times: user=15.56 sys=0.00, real=16.15 secs] 
2013-10-02T00:48:08.381+0000: 435.529: [GC 435.581: [ParNew: 81920K->10240K(92160K), 0.2676400 secs] 3120604K->3085302K(4184064K), 0.3254020 secs] [Times: user=0.30 sys=0.00, real=0.34 secs] 
2013-10-02T00:48:08.783+0000: 435.922: [GC [1 CMS-initial-mark: 3075062K(4091904K)] 3090448K(4184064K), 0.1436250 secs] [Times: user=0.12 sys=0.00, real=0.15 secs] 
2013-10-02T00:48:09.025+0000: 436.153: [CMS-concurrent-mark-start]
2013-10-02T00:48:09.228+0000: 436.366: [GC 436.373: [ParNew: 92160K->10240K(92160K), 0.2287390 secs] 3167222K->3106571K(4184064K), 0.2426130 secs] [Times: user=0.23 sys=0.01, real=0.25 secs] 
2013-10-02T00:48:09.783+0000: 436.921: [GC 436.945: [ParNew: 92160K->10240K(92160K), 0.1982590 secs] 3188491K->3128619K(4184064K), 0.2487620 secs] [Times: user=0.22 sys=0.02, real=0.26 secs] 
2013-10-02T00:48:10.319+0000: 437.458: [GC 437.466: [ParNew: 92160K->10240K(92160K), 0.2348460 secs] 3210539K->3151560K(4184064K), 0.2489240 secs] [Times: user=0.24 sys=0.00, real=0.25 secs] 
2013-10-02T00:48:10.830+0000: 437.968: [GC 437.976: [ParNew: 92160K->10240K(92160K), 0.1661570 secs] 3233480K->3175017K(4184064K), 0.1963280 secs] [Times: user=0.24 sys=0.01, real=0.20 secs] 
2013-10-02T00:48:11.437+0000: 438.657: [GC 438.665: [ParNew: 92160K->10240K(92160K), 0.1688890 secs] 3256937K->3198849K(4184064K), 0.1828950 secs] [Times: user=0.25 sys=0.00, real=0.28 secs] 
2013-10-02T00:48:12.033+0000: 439.171: [GC 439.179: [ParNew: 92160K->10240K(92160K), 0.3423510 secs] 3280769K->3230358K(4184064K), 0.4548140 secs] [Times: user=0.37 sys=0.00, real=0.46 secs] 
2013-10-02T00:48:12.942+0000: 440.084: [GC 440.092: [ParNew: 92160K->10240K(92160K), 0.2995360 secs] 3312278K->3259685K(4184064K), 0.3139940 secs] [Times: user=0.43 sys=0.01, real=0.33 secs] 
2013-10-02T00:48:13.932+0000: 441.084: [GC 441.124: [ParNew: 92160K->10240K(92160K), 0.5455740 secs] 3341605K->3287939K(4184064K), 0.5925160 secs] [Times: user=0.55 sys=0.00, real=0.62 secs] 
2013-10-02T00:48:15.247+0000: 442.386: [GC 442.439: [ParNew: 92160K->10240K(92160K), 0.4512410 secs] 3369859K->3327609K(4184064K), 0.5104860 secs] [Times: user=0.42 sys=0.00, real=0.52 secs] 
2013-10-02T00:48:16.638+0000: 443.780: [GC 443.788: [ParNew: 92160K->10240K(92160K), 0.6812310 secs] 3409529K->3361885K(4184064K), 0.7052570 secs] [Times: user=0.47 sys=0.00, real=0.72 secs] 
2013-10-02T00:48:17.820+0000: 444.961: [GC 445.551: [ParNew: 92160K->10240K(92160K), 0.4651350 secs] 3443805K->3391556K(4184064K), 0.4954790 secs] [Times: user=0.33 sys=0.01, real=1.09 secs] 
2013-10-02T00:48:19.441+0000: 446.713: [GC 446.721: [ParNew: 92160K->10240K(92160K), 0.2725030 secs] 3473476K->3419109K(4184064K), 0.2867010 secs] [Times: user=0.28 sys=0.01, real=0.43 secs] 
2013-10-02T00:48:20.206+0000: 447.361: [GC 447.370: [ParNew: 92160K->10240K(92160K), 0.3118800 secs] 3501029K->3444789K(4184064K), 0.4281050 secs] [Times: user=0.25 sys=0.00, real=0.46 secs] 
2013-10-02T00:48:21.265+0000: 448.415: [GC 448.476: [ParNew: 92160K->10240K(92160K), 0.2964070 secs] 3526709K->3476974K(4184064K), 0.3633980 secs] [Times: user=0.33 sys=0.00, real=0.39 secs] 
2013-10-02T00:48:22.402+0000: 449.540: [GC 449.548: [ParNew: 92160K->10240K(92160K), 0.2756380 secs] 3558894K->3510740K(4184064K), 0.2897100 secs] [Times: user=0.31 sys=0.00, real=0.30 secs] 
2013-10-02T00:48:23.452+0000: 450.591: [GC 450.677: [ParNew: 92160K->10240K(92160K), 0.4086700 secs] 3592660K->3536510K(4184064K), 0.4290580 secs] [Times: user=0.41 sys=0.00, real=0.52 secs] 
2013-10-02T00:48:24.294+0000: 451.433: [GC 451.440: [ParNew: 92160K->10240K(92160K), 0.2985220 secs] 3618430K->3561828K(4184064K), 0.3370470 secs] [Times: user=0.31 sys=0.00, real=0.35 secs] 
2013-10-02T00:48:25.427+0000: 452.566: [GC 452.574: [ParNew: 92160K->10240K(92160K), 0.3201770 secs] 3643748K->3605991K(4184064K), 0.3349140 secs] [Times: user=0.41 sys=0.01, real=0.34 secs] 
2013-10-02T00:48:26.858+0000: 454.004: [GC 454.013: [ParNew: 92159K->10240K(92160K), 0.7588070 secs] 3687911K->3631829K(4184064K), 0.7934650 secs] [Times: user=0.66 sys=0.00, real=0.81 secs] 
2013-10-02T00:48:28.015+0000: 455.156: [GC 455.163: [ParNew: 92160K->10240K(92160K), 0.3894910 secs] 3713749K->3651520K(4184064K), 0.4113890 secs] [Times: user=0.37 sys=0.01, real=0.42 secs] 
2013-10-02T00:48:28.726+0000: 455.865: [GC 455.889: [ParNew: 92160K->10240K(92160K), 0.2894870 secs] 3733440K->3673764K(4184064K), 0.3200320 secs] [Times: user=0.26 sys=0.00, real=0.34 secs] 
2013-10-02T00:48:31.333+0000: 2403.012: [GC 2403.023: [ParNew: 92160K->10240K(92160K), 0.3578310 secs] 3755684K->3705440K(4184064K), 0.3757620 secs] [Times: user=1.23 sys=0.60, real=1945.05 secs] 
2013-10-02T01:20:56.941+0000: 2404.079: [GC 2404.087: [ParNew: 92160K->10240K(92160K), 0.1616370 secs] 3787360K->3743287K(4184064K), 0.1753660 secs] [Times: user=0.54 sys=0.01, real=0.18 secs] 
2013-10-02T01:20:58.145+0000: 2405.283: [GC 2405.290: [ParNew: 92160K->10240K(92160K), 0.1226980 secs] 3825207K->3759524K(4184064K), 0.1361790 secs] [Times: user=0.31 sys=0.01, real=0.14 secs] 
2013-10-02T01:21:00.995+0000: 2408.132: [GC 2408.139: [ParNew: 92160K->10240K(92160K), 0.0808060 secs] 3841444K->3784826K(4184064K), 0.0930680 secs] [Times: user=0.28 sys=0.03, real=0.11 secs] 
2013-10-02T01:21:01.837+0000: 2408.974: [GC 2408.981: [ParNew: 92160K->10240K(92160K), 0.1084250 secs] 3866746K->3831924K(4184064K), 0.1206960 secs] [Times: user=0.40 sys=0.00, real=0.13 secs] 
2013-10-02T01:21:02.371+0000: 2409.508: [GC 2409.514: [ParNew: 92160K->10240K(92160K), 0.0959960 secs] 3913844K->3872574K(4184064K), 0.1080270 secs] [Times: user=0.34 sys=0.02, real=0.12 secs] 
2013-10-02T01:21:03.174+0000: 2410.311: [GC 2410.319: [ParNew: 92160K->10240K(92160K), 0.1798970 secs] 3954494K->3917002K(4184064K), 0.1930570 secs] [Times: user=0.37 sys=0.01, real=0.20 secs] 
2013-10-02T01:21:03.902+0000: 2411.038: [GC 2411.045: [ParNew: 92160K->10240K(92160K), 0.1813210 secs] 3998922K->3961324K(4184064K), 0.1929180 secs] [Times: user=0.36 sys=0.00, real=0.20 secs] 
2013-10-02T01:21:04.527+0000: 2411.664: [GC 2411.671: [ParNew: 92160K->10240K(92160K), 0.1767410 secs] 4043244K->3997398K(4184064K), 0.1885890 secs] [Times: user=0.33 sys=0.02, real=0.19 secs] 
2013-10-02T01:21:05.024+0000: 2412.160: [GC 2412.166: [ParNew: 92160K->10240K(92160K), 0.1519830 secs] 4079318K->4026691K(4184064K), 0.1628950 secs] [Times: user=0.32 sys=0.01, real=0.17 secs] 
2013-10-02T01:21:05.766+0000: 2412.902: [GC 2412.908: [ParNew: 92160K->10240K(92160K), 0.1389620 secs] 4111352K->4063544K(4184064K), 0.1495000 secs] [Times: user=0.35 sys=0.01, real=0.15 secs] 
2013-10-02T01:21:06.404+0000: 2413.540: [GC 2413.550: [ParNew: 92160K->92160K(92160K), 0.0000450 secs]2413.550: [CMS2013-10-02T01:21:07.933+0000: 2415.061: [CMS-concurrent-mark: 1961.904/1978.908 secs] [Times: user=34.76 sys=8.72, real=1979.10 secs] 
 (concurrent mode failure): 4053304K->2366311K(4091904K), 9.4218800 secs] 4145464K->2366311K(4184064K), [CMS Perm : 13469K->13456K(65536K)], 9.4365680 secs] [Times: user=9.57 sys=0.13, real=9.45 secs] 
2013-10-02T01:21:17.244+0000: 2424.380: [GC 2424.386: [ParNew: 81920K->10240K(92160K), 0.1307060 secs] 2448231K->2400869K(4184064K), 0.1409150 secs] [Times: user=0.39 sys=0.00, real=0.15 secs] 
2013-10-02T01:21:18.328+0000: 2425.463: [GC 2425.468: [ParNew: 92160K->10240K(92160K), 0.1142380 secs] 2482789K->2424242K(4184064K), 0.1233660 secs] [Times: user=0.31 sys=0.02, real=0.13 secs] 
2013-10-02T01:21:18.872+0000: 2426.007: [GC 2426.011: [ParNew: 92160K->10240K(92160K), 0.0999450 secs] 2506162K->2444342K(4184064K), 0.1086860 secs] [Times: user=0.28 sys=0.01, real=0.12 secs] 
2013-10-02T01:21:19.098+0000: 2426.233: [GC 2426.238: [ParNew: 92158K->10240K(92160K), 0.0665550 secs] 2526260K->2468669K(4184064K), 0.0752970 secs] [Times: user=0.23 sys=0.02, real=0.09 secs] 
2013-10-02T01:21:19.248+0000: 2426.383: [GC 2426.387: [ParNew: 92155K->10240K(92160K), 0.0691820 secs] 2550585K->2489866K(4184064K), 0.0777490 secs] [Times: user=0.23 sys=0.02, real=0.08 secs] 
2013-10-02T01:21:19.408+0000: 2426.543: [GC 2426.547: [ParNew: 92152K->10240K(92160K), 0.0726280 secs] 2571779K->2512790K(4184064K), 0.0821550 secs] [Times: user=0.23 sys=0.01, real=0.08 secs] 
2013-10-02T01:21:19.595+0000: 2426.730: [GC 2426.735: [ParNew: 92152K->10240K(92160K), 0.1109360 secs] 2594702K->2535001K(4184064K), 0.1196030 secs] [Times: user=0.24 sys=0.01, real=0.13 secs] 
2013-10-02T01:21:19.810+0000: 2426.945: [GC 2426.950: [ParNew: 92158K->10240K(92160K), 0.0735480 secs] 2616919K->2556608K(4184064K), 0.0822350 secs] [Times: user=0.21 sys=0.02, real=0.09 secs] 
2013-10-02T01:21:19.978+0000: 2427.113: [GC 2427.117: [ParNew: 92160K->10240K(92160K), 0.0761760 secs] 2638528K->2578961K(4184064K), 0.0847800 secs] [Times: user=0.21 sys=0.00, real=0.10 secs] 
2013-10-02T01:21:20.140+0000: 2427.275: [GC 2427.280: [ParNew: 92160K->10240K(92160K), 0.0605620 secs] 2660881K->2601705K(4184064K), 0.0691550 secs] [Times: user=0.21 sys=0.02, real=0.07 secs] 
2013-10-02T01:21:20.295+0000: 2427.430: [GC 2427.435: [ParNew: 92159K->10240K(92160K), 0.0875410 secs] 2683625K->2621610K(4184064K), 0.0961730 secs] [Times: user=0.20 sys=0.00, real=0.10 secs] 
2013-10-02T01:21:20.736+0000: 2427.871: [GC 2427.876: [ParNew: 92160K->10240K(92160K), 0.1424850 secs] 2703530K->2659391K(4184064K), 0.1510800 secs] [Times: user=0.35 sys=0.00, real=0.16 secs] 
2013-10-02T01:21:21.587+0000: 2428.721: [GC 2428.726: [ParNew: 92160K->10240K(92160K), 0.1063090 secs] 2741311K->2694132K(4184064K), 0.1143410 secs] [Times: user=0.29 sys=0.01, real=0.13 secs] 
2013-10-02T01:21:21.988+0000: 2429.122: [GC 2429.126: [ParNew: 92160K->10240K(92160K), 0.1235700 secs] 2776052K->2727933K(4184064K), 0.1310500 secs] [Times: user=0.29 sys=0.01, real=0.13 secs] 
2013-10-02T01:21:22.529+0000: 2429.663: [GC 2429.666: [ParNew: 92160K->10240K(92160K), 0.0664920 secs] 2809853K->2750288K(4184064K), 0.0733510 secs] [Times: user=0.21 sys=0.01, real=0.08 secs] 
2013-10-02T01:21:22.677+0000: 2429.811: [GC 2429.815: [ParNew: 92160K->10240K(92160K), 0.0654460 secs] 2832208K->2775315K(4184064K), 0.0723800 secs] [Times: user=0.22 sys=0.01, real=0.08 secs] 
2013-10-02T01:21:23.178+0000: 2430.312: [GC 2430.316: [ParNew: 92160K->10240K(92160K), 0.1120250 secs] 2857235K->2796897K(4184064K), 0.1197690 secs] [Times: user=0.27 sys=0.03, real=0.13 secs] 
2013-10-02T01:21:23.514+0000: 2430.648: [GC 2430.651: [ParNew: 92160K->10240K(92160K), 0.1348540 secs] 2878817K->2820794K(4184064K), 0.1413480 secs] [Times: user=0.24 sys=0.02, real=0.15 secs] 
2013-10-02T01:21:23.885+0000: 2431.018: [GC 2431.034: [ParNew: 92160K->10240K(92160K), 0.1177190 secs] 2902714K->2843344K(4184064K), 0.1248140 secs] [Times: user=0.23 sys=0.01, real=0.14 secs] 
2013-10-02T01:21:24.542+0000: 2431.675: [GC 2431.678: [ParNew: 92160K->10240K(92160K), 0.1087020 secs] 2925264K->2873480K(4184064K), 0.1148950 secs] [Times: user=0.26 sys=0.01, real=0.12 secs] 
2013-10-02T01:21:25.426+0000: 2432.570: [GC 2432.580: [ParNew: 92160K->10240K(92160K), 0.1251420 secs] 2961890K->2906824K(4184064K), 0.1378230 secs] [Times: user=0.25 sys=0.06, real=0.15 secs] 
2013-10-02T01:21:26.223+0000: 2433.356: [GC 2433.358: [ParNew: 92160K->10240K(92160K), 0.2562800 secs] 2988744K->2939184K(4184064K), 0.2606920 secs] [Times: user=0.35 sys=0.09, real=0.26 secs] 
2013-10-02T01:21:26.570+0000: 2433.702: [GC 2433.703: [ParNew: 92160K->10240K(92160K), 0.0671730 secs] 3021104K->2962142K(4184064K), 0.0710340 secs] [Times: user=0.16 sys=0.00, real=0.07 secs] 
2013-10-02T01:21:26.949+0000: 2434.081: [GC 2434.091: [ParNew: 92160K->10240K(92160K), 0.1266080 secs] 3044062K->2991483K(4184064K), 0.1381520 secs] [Times: user=0.21 sys=0.01, real=0.15 secs] 
2013-10-02T01:21:27.436+0000: 2434.568: [GC 2434.570: [ParNew: 92160K->10240K(92160K), 0.1390660 secs] 3073403K->3017769K(4184064K), 0.1430170 secs] [Times: user=0.19 sys=0.02, real=0.15 secs] 
2013-10-02T01:21:27.999+0000: 2435.130: [GC 2435.132: [ParNew: 92160K->10240K(92160K), 0.1235670 secs] 3099689K->3048044K(4184064K), 0.1267150 secs] [Times: user=0.22 sys=0.02, real=0.13 secs] 
2013-10-02T01:21:28.464+0000: 2435.595: [GC 2435.596: [ParNew: 92160K->10240K(92160K), 0.1229570 secs] 3129964K->3074464K(4184064K), 0.1257520 secs] [Times: user=0.21 sys=0.00, real=0.13 secs] 
2013-10-02T01:21:29.175+0000: 2436.306: [GC 2436.311: [ParNew: 92160K->10240K(92160K), 0.1246840 secs] 3157511K->3102030K(4184064K), 0.1300580 secs] [Times: user=0.26 sys=0.03, real=0.13 secs] 
2013-10-02T01:21:29.324+0000: 2436.454: [GC [1 CMS-initial-mark: 3091790K(4091904K)] 3113649K(4184064K), 0.0327550 secs] [Times: user=0.03 sys=0.01, real=0.03 secs] 
2013-10-02T01:21:29.362+0000: 2436.490: [CMS-concurrent-mark-start]
2013-10-02T01:21:29.624+0000: 2436.753: [GC 2436.754: [ParNew: 92160K->10240K(92160K), 0.1649010 secs] 3183950K->3123839K(4184064K), 0.1660390 secs] [Times: user=0.21 sys=0.09, real=0.16 secs] 
2013-10-02T01:21:30.248+0000: 2437.377: [GC 2437.377: [ParNew: 92127K->10240K(92160K), 0.0499920 secs] 3205727K->3140623K(4184064K), 0.0508970 secs] [Times: user=0.14 sys=0.00, real=0.05 secs] 
2013-10-02T01:21:30.554+0000: 2437.682: [CMS-concurrent-mark: 0.915/1.191 secs] [Times: user=1.61 sys=0.35, real=1.19 secs] 
2013-10-02T01:21:30.555+0000: 2437.683: [CMS-concurrent-preclean-start]
2013-10-02T01:21:30.669+0000: 2437.797: [CMS-concurrent-preclean: 0.087/0.114 secs] [Times: user=0.11 sys=0.05, real=0.11 secs] 
2013-10-02T01:21:30.670+0000: 2437.798: [CMS-concurrent-abortable-preclean-start]
2013-10-02T01:21:30.771+0000: 2437.900: [GC 2437.901: [ParNew: 92160K->10240K(92160K), 0.0505350 secs] 3222543K->3155686K(4184064K), 0.0515960 secs] [Times: user=0.14 sys=0.00, real=0.06 secs] 
2013-10-02T01:21:31.009+0000: 2438.138: [GC 2438.138: [ParNew: 92160K->10240K(92160K), 0.0577520 secs] 3237606K->3171520K(4184064K), 0.0582050 secs] [Times: user=0.13 sys=0.00, real=0.06 secs] 
2013-10-02T01:21:31.084+0000: 2438.212: [CMS-concurrent-abortable-preclean: 0.261/0.414 secs] [Times: user=0.75 sys=0.16, real=0.42 secs] 
2013-10-02T01:21:31.086+0000: 2438.214: [GC[YG occupancy: 12569 K (92160 K)]2438.214: [Rescan (parallel) , 0.0312700 secs]2438.246: [weak refs processing, 0.0612090 secs]2438.307: [class unloading, 0.0026120 secs]2438.310: [scrub symbol table, 0.0016480 secs]2438.311: [scrub string table, 0.0003690 secs] [1 CMS-remark: 3161280K(4091904K)] 3173849K(4184064K), 0.1012100 secs] [Times: user=0.13 sys=0.00, real=0.10 secs] 
2013-10-02T01:21:31.189+0000: 2438.317: [CMS-concurrent-sweep-start]
2013-10-02T01:21:31.859+0000: 2438.988: [GC 2438.988: [ParNew: 92160K->10240K(92160K), 0.0724250 secs] 3053923K->2988423K(4184064K), 0.0726570 secs] [Times: user=0.15 sys=0.00, real=0.07 secs] 
Heap
 par new generation   total 92160K, used 48194K [0x00000006f8000000, 0x00000006fe400000, 0x00000006fe400000)
  eden space 81920K,  46% used [0x00000006f8000000, 0x00000006fa510be0, 0x00000006fd000000)
  from space 10240K, 100% used [0x00000006fda00000, 0x00000006fe400000, 0x00000006fe400000)
  to   space 10240K,   0% used [0x00000006fd000000, 0x00000006fd000000, 0x00000006fda00000)
 concurrent mark-sweep generation total 4091904K, used 2752942K [0x00000006fe400000, 0x00000007f8000000, 0x00000007f8000000)
 concurrent-mark-sweep perm gen total 65536K, used 13466K [0x00000007f8000000, 0x00000007fc000000, 0x0000000800000000)
