2013-10-02T11:19:17.716+0000: 2.672: [GC 2.672: [ParNew: 81920K->10240K(92160K), 0.0484370 secs] 81920K->12553K(4184064K), 0.0485680 secs] [Times: user=0.11 sys=0.02, real=0.05 secs] 
2013-10-02T11:19:34.011+0000: 18.967: [GC 18.967: [ParNew: 92160K->8313K(92160K), 0.0608670 secs] 94473K->13877K(4184064K), 0.0609770 secs] [Times: user=0.18 sys=0.02, real=0.06 secs] 
2013-10-02T11:19:49.215+0000: 34.171: [GC 34.171: [ParNew: 90233K->2831K(92160K), 0.0301050 secs] 95797K->10878K(4184064K), 0.0302170 secs] [Times: user=0.12 sys=0.00, real=0.03 secs] 
2013-10-02T11:20:00.316+0000: 45.272: [GC 45.272: [ParNew: 84751K->3070K(92160K), 0.0258550 secs] 92798K->11116K(4184064K), 0.0259620 secs] [Times: user=0.11 sys=0.00, real=0.03 secs] 
2013-10-02T11:20:10.261+0000: 55.217: [GC 55.217: [ParNew: 84990K->3518K(92160K), 0.0268360 secs] 93036K->12119K(4184064K), 0.0269430 secs] [Times: user=0.09 sys=0.01, real=0.02 secs] 
2013-10-02T11:20:18.069+0000: 63.025: [GC 63.025: [ParNew: 85438K->4951K(92160K), 0.0359260 secs] 94039K->14187K(4184064K), 0.0360280 secs] [Times: user=0.10 sys=0.00, real=0.04 secs] 
2013-10-02T11:20:28.315+0000: 73.271: [GC 73.271: [ParNew: 86871K->5210K(92160K), 0.0251090 secs] 96107K->15286K(4184064K), 0.0252200 secs] [Times: user=0.10 sys=0.00, real=0.03 secs] 
2013-10-02T11:20:40.063+0000: 85.019: [GC 85.019: [ParNew: 87130K->3126K(92160K), 0.0270380 secs] 97206K->14091K(4184064K), 0.0271500 secs] [Times: user=0.10 sys=0.01, real=0.03 secs] 
2013-10-02T11:20:58.414+0000: 103.370: [GC 103.370: [ParNew: 85046K->2848K(92160K), 0.0336310 secs] 96011K->14551K(4184064K), 0.0337470 secs] [Times: user=0.11 sys=0.00, real=0.03 secs] 
Heap
 par new generation   total 92160K, used 76540K [0x00000006f8000000, 0x00000006fe400000, 0x00000006fe400000)
  eden space 81920K,  89% used [0x00000006f8000000, 0x00000006fc7f7030, 0x00000006fd000000)
  from space 10240K,  27% used [0x00000006fda00000, 0x00000006fdcc8038, 0x00000006fe400000)
  to   space 10240K,   0% used [0x00000006fd000000, 0x00000006fd000000, 0x00000006fda00000)
 concurrent mark-sweep generation total 4091904K, used 11703K [0x00000006fe400000, 0x00000007f8000000, 0x00000007f8000000)
 concurrent-mark-sweep perm gen total 65536K, used 29805K [0x00000007f8000000, 0x00000007fc000000, 0x0000000800000000)
