2013-10-02T11:28:08.309+0000: 12.797: [GC 12.797: [ParNew: 81920K->10239K(92160K), 0.0489960 secs] 81920K->12400K(4184064K), 0.0491350 secs] [Times: user=0.10 sys=0.03, real=0.06 secs] 
2013-10-02T11:28:28.593+0000: 33.081: [GC 33.081: [ParNew: 92159K->7022K(92160K), 0.0575740 secs] 94320K->12681K(4184064K), 0.0576960 secs] [Times: user=0.17 sys=0.02, real=0.06 secs] 
2013-10-02T11:28:43.863+0000: 48.351: [GC 48.351: [ParNew: 88942K->3259K(92160K), 0.0299120 secs] 94601K->10941K(4184064K), 0.0300160 secs] [Times: user=0.12 sys=0.00, real=0.03 secs] 
2013-10-02T11:28:54.599+0000: 59.087: [GC 59.087: [ParNew: 85179K->2903K(92160K), 0.0225460 secs] 92861K->10584K(4184064K), 0.0226470 secs] [Times: user=0.09 sys=0.00, real=0.02 secs] 
2013-10-02T11:29:04.414+0000: 68.902: [GC 68.902: [ParNew: 84823K->2853K(92160K), 0.0243780 secs] 92504K->11114K(4184064K), 0.0244830 secs] [Times: user=0.10 sys=0.00, real=0.02 secs] 
Heap
 par new generation   total 92160K, used 53578K [0x00000006f8000000, 0x00000006fe400000, 0x00000006fe400000)
  eden space 81920K,  61% used [0x00000006f8000000, 0x00000006fb189658, 0x00000006fd000000)
  from space 10240K,  27% used [0x00000006fda00000, 0x00000006fdcc9460, 0x00000006fe400000)
  to   space 10240K,   0% used [0x00000006fd000000, 0x00000006fd000000, 0x00000006fda00000)
 concurrent mark-sweep generation total 4091904K, used 8261K [0x00000006fe400000, 0x00000007f8000000, 0x00000007f8000000)
 concurrent-mark-sweep perm gen total 65536K, used 24382K [0x00000007f8000000, 0x00000007fc000000, 0x0000000800000000)
