2013-10-02T07:02:02.800+0000: 1.201: [Full GC (System) 1.201: [CMS: 0K->5745K(4091904K), 0.1686830 secs] 32792K->5745K(4184064K), [CMS Perm : 9096K->9092K(65536K)], 0.1688200 secs] [Times: user=0.06 sys=0.10, real=0.17 secs] 
2013-10-02T07:02:03.198+0000: 1.599: [GC 1.599: [ParNew: 81920K->4288K(92160K), 0.0418120 secs] 87665K->10034K(4184064K), 0.0419810 secs] [Times: user=0.13 sys=0.01, real=0.04 secs] 
2013-10-02T07:02:24.465+0000: 22.867: [GC 22.867: [ParNew: 86208K->10240K(92160K), 0.0603170 secs] 91954K->18616K(4184064K), 0.0604820 secs] [Times: user=0.15 sys=0.02, real=0.06 secs] 
2013-10-02T07:03:09.360+0000: 67.762: [GC 67.762: [ParNew: 92160K->10240K(92160K), 0.0480290 secs] 100536K->26866K(4184064K), 0.0482110 secs] [Times: user=0.13 sys=0.03, real=0.05 secs] 
2013-10-02T07:04:19.062+0000: 137.464: [GC 137.464: [ParNew: 92160K->7739K(92160K), 0.0329520 secs] 108786K->26369K(4184064K), 0.0330450 secs] [Times: user=0.12 sys=0.00, real=0.03 secs] 
Heap
 par new generation   total 92160K, used 11549K [0x00000006f8000000, 0x00000006fe400000, 0x00000006fe400000)
  eden space 81920K,   4% used [0x00000006f8000000, 0x00000006f83b8a78, 0x00000006fd000000)
  from space 10240K,  75% used [0x00000006fd000000, 0x00000006fd78ed68, 0x00000006fda00000)
  to   space 10240K,   0% used [0x00000006fda00000, 0x00000006fda00000, 0x00000006fe400000)
 concurrent mark-sweep generation total 4091904K, used 18630K [0x00000006fe400000, 0x00000007f8000000, 0x00000007f8000000)
 concurrent-mark-sweep perm gen total 65536K, used 12802K [0x00000007f8000000, 0x00000007fc000000, 0x0000000800000000)
