2013-09-30T06:10:24.167+0000: 2.212: [Full GC (System) 2.212: [CMS: 0K->5303K(3145728K), 0.1485600 secs] 83891K->5303K(4089472K), [CMS Perm : 9043K->9039K(65536K)], 0.1487110 secs] [Times: user=0.07 sys=0.08, real=0.15 secs] 
2013-09-30T06:10:24.577+0000: 2.622: [GC 2.622: [ParNew: 838912K->4144K(943744K), 0.0303740 secs] 844215K->9447K(4089472K), 0.0305670 secs] [Times: user=0.08 sys=0.01, real=0.03 secs] 
2013-09-30T06:10:25.696+0000: 3.742: [GC 3.743: [ParNew: 843056K->56364K(943744K), 0.1442360 secs] 848359K->61667K(4089472K), 0.1455840 secs] [Times: user=0.37 sys=0.07, real=0.15 secs] 
2013-09-30T06:10:32.911+0000: 10.960: [GC 10.965: [ParNew: 895276K->104832K(943744K), 4.0385670 secs] 900579K->357589K(4089472K), 4.0455500 secs] [Times: user=4.62 sys=0.52, real=4.05 secs] 
2013-09-30T06:10:52.353+0000: 30.403: [GC 30.407: [ParNew: 943744K->104832K(943744K), 0.6965750 secs] 1196501K->488163K(4089472K), 0.7048930 secs] [Times: user=1.75 sys=0.20, real=0.70 secs] 
2013-09-30T06:11:10.111+0000: 48.163: [GC 48.168: [ParNew: 943744K->101138K(943744K), 0.4979520 secs] 1327075K->584833K(4089472K), 0.5063920 secs] [Times: user=1.25 sys=0.14, real=0.52 secs] 
2013-09-30T06:11:30.155+0000: 68.205: [GC 68.209: [ParNew: 940050K->104832K(943744K), 0.2453640 secs] 1423745K->634518K(4089472K), 0.2529300 secs] [Times: user=0.66 sys=0.04, real=0.26 secs] 
2013-09-30T06:11:48.663+0000: 86.714: [GC 86.719: [ParNew: 943744K->104832K(943744K), 0.2865000 secs] 1473430K->698190K(4089472K), 0.2945100 secs] [Times: user=0.70 sys=0.04, real=0.30 secs] 
2013-09-30T06:12:06.539+0000: 104.589: [GC 104.593: [ParNew: 943744K->104832K(943744K), 0.3897260 secs] 1537102K->780574K(4089472K), 0.3975390 secs] [Times: user=0.88 sys=0.09, real=0.41 secs] 
2013-09-30T06:12:22.470+0000: 120.520: [GC 120.524: [ParNew: 943742K->104832K(943744K), 0.4497890 secs] 1619484K->890942K(4089472K), 0.4576840 secs] [Times: user=0.84 sys=0.15, real=0.46 secs] 
2013-09-30T06:12:38.009+0000: 136.061: [GC 136.066: [ParNew: 943744K->104832K(943744K), 0.6018430 secs] 1729854K->1021986K(4089472K), 0.6103860 secs] [Times: user=1.03 sys=0.24, real=0.61 secs] 
2013-09-30T06:12:52.491+0000: 150.541: [GC 150.546: [ParNew: 943744K->104832K(943744K), 0.5744190 secs] 1860898K->1172959K(4089472K), 0.5826560 secs] [Times: user=1.01 sys=0.27, real=0.59 secs] 
2013-09-30T06:13:06.259+0000: 164.310: [GC 164.316: [ParNew: 943727K->104832K(943744K), 0.6275600 secs] 2011855K->1332438K(4089472K), 0.6367180 secs] [Times: user=0.98 sys=0.24, real=0.64 secs] 
2013-09-30T06:13:19.306+0000: 177.356: [GC 177.361: [ParNew: 943744K->104832K(943744K), 0.6181020 secs] 2171350K->1503640K(4089472K), 0.6264930 secs] [Times: user=0.97 sys=0.24, real=0.63 secs] 
2013-09-30T06:13:31.868+0000: 189.918: [GC 189.923: [ParNew: 943741K->104832K(943744K), 0.7407950 secs] 2342550K->1681799K(4089472K), 0.7492570 secs] [Times: user=1.01 sys=0.33, real=0.75 secs] 
2013-09-30T06:13:32.636+0000: 190.686: [GC [1 CMS-initial-mark: 1576967K(3145728K)] 1682279K(4089472K), 0.1007190 secs] [Times: user=0.11 sys=0.00, real=0.10 secs] 
2013-09-30T06:13:32.756+0000: 190.801: [CMS-concurrent-mark-start]
2013-09-30T06:13:34.536+0000: 192.581: [CMS-concurrent-mark: 1.780/1.780 secs] [Times: user=2.48 sys=0.46, real=1.79 secs] 
2013-09-30T06:13:34.545+0000: 192.590: [CMS-concurrent-preclean-start]
2013-09-30T06:13:34.751+0000: 192.796: [CMS-concurrent-preclean: 0.153/0.206 secs] [Times: user=0.18 sys=0.06, real=0.21 secs] 
2013-09-30T06:13:34.761+0000: 192.806: [CMS-concurrent-abortable-preclean-start]
 CMS: abort preclean due to time 2013-09-30T06:13:39.976+0000: 198.021: [CMS-concurrent-abortable-preclean: 5.086/5.215 secs] [Times: user=6.80 sys=1.14, real=5.22 secs] 
2013-09-30T06:13:39.986+0000: 198.038: [GC[YG occupancy: 654478 K (943744 K)]198.041: [Rescan (parallel) , 0.2325030 secs]198.273: [weak refs processing, 0.0229210 secs]198.296: [scrub string table, 0.0003740 secs] [1 CMS-remark: 1576967K(3145728K)] 2231445K(4089472K), 0.2595470 secs] [Times: user=0.77 sys=0.00, real=0.27 secs] 
2013-09-30T06:13:40.278+0000: 198.323: [CMS-concurrent-sweep-start]
2013-09-30T06:13:41.043+0000: 199.088: [CMS-concurrent-sweep: 0.765/0.765 secs] [Times: user=1.05 sys=0.28, real=0.78 secs] 
2013-09-30T06:13:41.053+0000: 199.098: [CMS-concurrent-reset-start]
2013-09-30T06:13:41.061+0000: 199.106: [CMS-concurrent-reset: 0.008/0.008 secs] [Times: user=0.01 sys=0.01, real=0.01 secs] 
2013-09-30T06:13:43.914+0000: 201.965: [GC 201.971: [ParNew: 943705K->104832K(943744K), 0.4395280 secs] 1787772K->1135309K(4089472K), 0.4483830 secs] [Times: user=1.07 sys=0.00, real=0.45 secs] 
2013-09-30T06:13:55.405+0000: 213.455: [GC 213.462: [ParNew: 943744K->104832K(943744K), 0.4092250 secs] 1974221K->1335423K(4089472K), 0.4192430 secs] [Times: user=1.07 sys=0.00, real=0.42 secs] 
2013-09-30T06:14:06.500+0000: 224.550: [GC 224.555: [ParNew: 943714K->104832K(943744K), 0.4264530 secs] 2174306K->1543853K(4089472K), 0.4352150 secs] [Times: user=1.07 sys=0.00, real=0.45 secs] 
2013-09-30T06:14:17.143+0000: 235.194: [GC 235.199: [ParNew: 943724K->104832K(943744K), 0.5794400 secs] 2382746K->1757604K(4089472K), 0.5880700 secs] [Times: user=1.15 sys=0.08, real=0.59 secs] 
2013-09-30T06:14:27.493+0000: 245.543: [GC 245.549: [ParNew: 943744K->104832K(943744K), 0.7696760 secs] 2596516K->1971790K(4089472K), 0.7786250 secs] [Times: user=1.16 sys=0.37, real=0.78 secs] 
2013-09-30T06:14:37.395+0000: 255.446: [GC 255.453: [ParNew: 943743K->104832K(943744K), 0.8054880 secs] 2810702K->2196234K(4089472K), 0.8153950 secs] [Times: user=1.18 sys=0.36, real=0.82 secs] 
2013-09-30T06:14:48.296+0000: 266.347: [GC 266.353: [ParNew: 943743K->104832K(943744K), 0.8768860 secs] 3035145K->2439038K(4089472K), 0.8861820 secs] [Times: user=1.24 sys=0.38, real=0.90 secs] 
2013-09-30T06:14:58.317+0000: 276.367: [GC 276.373: [ParNew: 943744K->104832K(943744K), 0.8130610 secs] 3277950K->2663153K(4089472K), 0.8217800 secs] [Times: user=1.20 sys=0.37, real=0.82 secs] 
2013-09-30T06:14:59.156+0000: 277.205: [GC [1 CMS-initial-mark: 2558321K(3145728K)] 2663373K(4089472K), 0.0971450 secs] [Times: user=0.11 sys=0.00, real=0.11 secs] 
2013-09-30T06:14:59.273+0000: 277.318: [CMS-concurrent-mark-start]
2013-09-30T06:15:01.799+0000: 279.844: [CMS-concurrent-mark: 2.526/2.526 secs] [Times: user=3.46 sys=0.70, real=2.54 secs] 
2013-09-30T06:15:01.809+0000: 279.854: [CMS-concurrent-preclean-start]
2013-09-30T06:15:02.286+0000: 280.331: [CMS-concurrent-preclean: 0.350/0.477 secs] [Times: user=0.39 sys=0.27, real=0.48 secs] 
2013-09-30T06:15:02.296+0000: 280.341: [CMS-concurrent-abortable-preclean-start]
2013-09-30T06:15:07.278+0000: 285.328: [GC 285.334: [ParNew: 943743K->104832K(943744K), 0.8736420 secs] 3502064K->2908971K(4089472K), 0.8824510 secs] [Times: user=1.18 sys=0.45, real=0.88 secs] 
 CMS: abort preclean due to time 2013-09-30T06:15:09.862+0000: 287.906: [CMS-concurrent-abortable-preclean: 6.076/7.565 secs] [Times: user=9.87 sys=2.42, real=7.57 secs] 
2013-09-30T06:15:09.872+0000: 287.922: [GC[YG occupancy: 329588 K (943744 K)]287.925: [Rescan (parallel) , 0.1297270 secs]288.055: [weak refs processing, 0.0458120 secs]288.100: [scrub string table, 0.0003650 secs] [1 CMS-remark: 2804139K(3145728K)] 3133728K(4089472K), 0.1793530 secs] [Times: user=0.28 sys=0.00, real=0.19 secs] 
2013-09-30T06:15:10.078+0000: 288.123: [CMS-concurrent-sweep-start]
2013-09-30T06:15:11.123+0000: 289.168: [CMS-concurrent-sweep: 1.045/1.045 secs] [Times: user=1.47 sys=0.21, real=1.05 secs] 
2013-09-30T06:15:11.133+0000: 289.178: [CMS-concurrent-reset-start]
2013-09-30T06:15:11.141+0000: 289.186: [CMS-concurrent-reset: 0.008/0.008 secs] [Times: user=0.01 sys=0.00, real=0.02 secs] 
2013-09-30T06:15:16.478+0000: 294.528: [GC 294.534: [ParNew: 943735K->104832K(943744K), 0.6128380 secs] 2249743K->1653421K(4089472K), 0.6215490 secs] [Times: user=1.19 sys=0.00, real=0.62 secs] 
2013-09-30T06:15:25.244+0000: 303.294: [GC 303.300: [ParNew: 943738K->104832K(943744K), 0.4920190 secs] 2492327K->1901471K(4089472K), 0.5011970 secs] [Times: user=1.16 sys=0.00, real=0.51 secs] 
2013-09-30T06:15:34.301+0000: 312.351: [GC 312.357: [ParNew: 943744K->104832K(943744K), 0.5104260 secs] 2740383K->2153600K(4089472K), 0.5192670 secs] [Times: user=1.17 sys=0.00, real=0.53 secs] 
2013-09-30T06:15:42.846+0000: 320.896: [GC 320.901: [ParNew: 943695K->104832K(943744K), 0.4780810 secs] 2992463K->2415865K(4089472K), 0.4868020 secs] [Times: user=1.17 sys=0.00, real=0.49 secs] 
2013-09-30T06:15:43.350+0000: 321.400: [GC [1 CMS-initial-mark: 2311033K(3145728K)] 2416415K(4089472K), 0.0968020 secs] [Times: user=0.10 sys=0.00, real=0.10 secs] 
2013-09-30T06:15:43.466+0000: 321.511: [CMS-concurrent-mark-start]
2013-09-30T06:15:45.952+0000: 323.997: [CMS-concurrent-mark: 2.486/2.486 secs] [Times: user=3.22 sys=0.58, real=2.49 secs] 
2013-09-30T06:15:45.963+0000: 324.008: [CMS-concurrent-preclean-start]
2013-09-30T06:15:46.517+0000: 324.562: [CMS-concurrent-preclean: 0.415/0.554 secs] [Times: user=0.57 sys=0.39, real=0.56 secs] 
2013-09-30T06:15:46.527+0000: 324.572: [CMS-concurrent-abortable-preclean-start]
2013-09-30T06:15:51.356+0000: 329.406: [GC 329.412: [ParNew: 943739K->104832K(943744K), 0.5241940 secs] 3254773K->2678501K(4089472K), 0.5330440 secs] [Times: user=1.22 sys=0.00, real=0.54 secs] 
 CMS: abort preclean due to time 2013-09-30T06:15:53.931+0000: 331.976: [CMS-concurrent-abortable-preclean: 6.111/7.404 secs] [Times: user=9.76 sys=2.18, real=7.41 secs] 
2013-09-30T06:15:53.941+0000: 331.990: [GC[YG occupancy: 398396 K (943744 K)]331.992: [Rescan (parallel) , 0.1084850 secs]332.101: [weak refs processing, 0.0314700 secs]332.132: [scrub string table, 0.0003640 secs] [1 CMS-remark: 2573669K(3145728K)] 2972065K(4089472K), 0.1434110 secs] [Times: user=0.29 sys=0.00, real=0.15 secs] 
2013-09-30T06:15:54.107+0000: 332.152: [CMS-concurrent-sweep-start]
2013-09-30T06:15:55.128+0000: 333.172: [CMS-concurrent-sweep: 1.020/1.020 secs] [Times: user=1.45 sys=0.19, real=1.03 secs] 
2013-09-30T06:15:55.138+0000: 333.183: [CMS-concurrent-reset-start]
2013-09-30T06:15:55.150+0000: 333.195: [CMS-concurrent-reset: 0.012/0.012 secs] [Times: user=0.03 sys=0.01, real=0.01 secs] 
2013-09-30T06:16:00.310+0000: 338.360: [GC 338.366: [ParNew: 943744K->104832K(943744K), 0.5317710 secs] 2415680K->1847389K(4089472K), 0.5407390 secs] [Times: user=1.21 sys=0.00, real=0.55 secs] 
2013-09-30T06:16:10.196+0000: 348.247: [GC 348.254: [ParNew: 943744K->104832K(943744K), 0.6398550 secs] 2686301K->2142773K(4089472K), 0.6499050 secs] [Times: user=1.34 sys=0.00, real=0.65 secs] 
2013-09-30T06:16:20.800+0000: 358.850: [GC 358.856: [ParNew: 943744K->104832K(943744K), 0.6346600 secs] 2981685K->2430821K(4089472K), 0.6441950 secs] [Times: user=1.25 sys=0.01, real=0.65 secs] 
2013-09-30T06:16:21.463+0000: 359.512: [GC [1 CMS-initial-mark: 2325989K(3145728K)] 2431049K(4089472K), 0.0933650 secs] [Times: user=0.10 sys=0.00, real=0.10 secs] 
2013-09-30T06:16:21.577+0000: 359.622: [CMS-concurrent-mark-start]
2013-09-30T06:16:24.082+0000: 362.127: [CMS-concurrent-mark: 2.505/2.505 secs] [Times: user=3.35 sys=0.48, real=2.51 secs] 
2013-09-30T06:16:24.092+0000: 362.137: [CMS-concurrent-preclean-start]
2013-09-30T06:16:24.633+0000: 362.678: [CMS-concurrent-preclean: 0.402/0.541 secs] [Times: user=0.44 sys=0.21, real=0.55 secs] 
2013-09-30T06:16:24.643+0000: 362.688: [CMS-concurrent-abortable-preclean-start]
 CMS: abort preclean due to time 2013-09-30T06:16:30.183+0000: 368.228: [CMS-concurrent-abortable-preclean: 5.258/5.540 secs] [Times: user=7.18 sys=0.87, real=5.55 secs] 
2013-09-30T06:16:30.193+0000: 368.243: [GC[YG occupancy: 867225 K (943744 K)]368.246: [Rescan (parallel) , 0.5046790 secs]368.751: [weak refs processing, 0.0329020 secs]368.784: [scrub string table, 0.0003670 secs] [1 CMS-remark: 2325989K(3145728K)] 3193215K(4089472K), 0.5422820 secs] [Times: user=1.27 sys=0.00, real=0.55 secs] 
2013-09-30T06:16:30.754+0000: 368.799: [CMS-concurrent-sweep-start]
2013-09-30T06:16:31.169+0000: 369.219: [GC 369.226: [ParNew: 943736K->104832K(943744K), 0.5673330 secs] 3248342K->2695740K(4089472K), 0.5770420 secs] [Times: user=1.25 sys=0.01, real=0.58 secs] 
2013-09-30T06:16:32.711+0000: 370.756: [CMS-concurrent-sweep: 1.367/1.958 secs] [Times: user=3.20 sys=0.36, real=1.96 secs] 
2013-09-30T06:16:32.722+0000: 370.767: [CMS-concurrent-reset-start]
2013-09-30T06:16:32.731+0000: 370.776: [CMS-concurrent-reset: 0.009/0.009 secs] [Times: user=0.02 sys=0.01, real=0.01 secs] 
2013-09-30T06:16:41.392+0000: 379.442: [GC 379.448: [ParNew: 943741K->104832K(943744K), 0.5807900 secs] 2469003K->1920401K(4089472K), 0.5903500 secs] [Times: user=1.29 sys=0.01, real=0.60 secs] 
2013-09-30T06:16:51.973+0000: 390.023: [GC 390.029: [ParNew: 943744K->104832K(943744K), 0.7039300 secs] 2759313K->2207157K(4089472K), 0.7133870 secs] [Times: user=1.32 sys=0.01, real=0.71 secs] 
2013-09-30T06:17:02.460+0000: 400.511: [GC 400.517: [ParNew: 943744K->104832K(943744K), 0.5918920 secs] 3046069K->2496580K(4089472K), 0.6013690 secs] [Times: user=1.28 sys=0.02, real=0.60 secs] 
2013-09-30T06:17:03.081+0000: 401.131: [GC [1 CMS-initial-mark: 2391748K(3145728K)] 2497034K(4089472K), 0.0977880 secs] [Times: user=0.11 sys=0.00, real=0.10 secs] 
2013-09-30T06:17:03.198+0000: 401.243: [CMS-concurrent-mark-start]
2013-09-30T06:17:05.783+0000: 403.828: [CMS-concurrent-mark: 2.585/2.585 secs] [Times: user=3.41 sys=0.47, real=2.59 secs] 
2013-09-30T06:17:05.793+0000: 403.838: [CMS-concurrent-preclean-start]
2013-09-30T06:17:06.366+0000: 404.411: [CMS-concurrent-preclean: 0.424/0.573 secs] [Times: user=0.48 sys=0.18, real=0.57 secs] 
2013-09-30T06:17:06.376+0000: 404.421: [CMS-concurrent-abortable-preclean-start]
 CMS: abort preclean due to time 2013-09-30T06:17:11.691+0000: 409.736: [CMS-concurrent-abortable-preclean: 5.031/5.315 secs] [Times: user=6.76 sys=0.96, real=5.32 secs] 
2013-09-30T06:17:11.701+0000: 409.752: [GC[YG occupancy: 870834 K (943744 K)]409.756: [Rescan (parallel) , 0.3486300 secs]410.105: [weak refs processing, 0.0392940 secs]410.144: [scrub string table, 0.0003670 secs] [1 CMS-remark: 2391748K(3145728K)] 3262583K(4089472K), 0.3930100 secs] [Times: user=1.11 sys=0.00, real=0.40 secs] 
2013-09-30T06:17:12.208+0000: 410.253: [CMS-concurrent-sweep-start]
2013-09-30T06:17:12.485+0000: 410.536: [GC 410.542: [ParNew: 943715K->104832K(943744K), 0.7014880 secs] 3314821K->2761641K(4089472K), 0.7111280 secs] [Times: user=1.30 sys=0.00, real=0.72 secs] 
2013-09-30T06:17:13.993+0000: 412.038: [CMS-concurrent-sweep: 1.060/1.785 secs] [Times: user=3.12 sys=0.33, real=1.88 secs] 
2013-09-30T06:17:14.004+0000: 412.049: [CMS-concurrent-reset-start]
2013-09-30T06:17:14.012+0000: 412.057: [CMS-concurrent-reset: 0.008/0.008 secs] [Times: user=0.02 sys=0.01, real=0.02 secs] 
2013-09-30T06:17:23.266+0000: 421.316: [GC 421.323: [ParNew: 943744K->104832K(943744K), 0.5883430 secs] 2477077K->1924475K(4089472K), 0.7465750 secs] [Times: user=1.30 sys=0.02, real=0.75 secs] 
2013-09-30T06:17:33.494+0000: 431.544: [GC 431.551: [ParNew: 943744K->104832K(943744K), 0.6565010 secs] 2763387K->2213246K(4089472K), 0.6663580 secs] [Times: user=1.30 sys=0.01, real=0.67 secs] 
2013-09-30T06:17:43.743+0000: 441.793: [GC 441.800: [ParNew: 943728K->104832K(943744K), 0.5873800 secs] 3052143K->2499574K(4089472K), 0.5973200 secs] [Times: user=1.31 sys=0.00, real=0.60 secs] 
2013-09-30T06:17:44.359+0000: 442.409: [GC [1 CMS-initial-mark: 2394742K(3145728K)] 2499923K(4089472K), 0.0925930 secs] [Times: user=0.09 sys=0.00, real=0.10 secs] 
2013-09-30T06:17:44.471+0000: 442.516: [CMS-concurrent-mark-start]
2013-09-30T06:17:46.845+0000: 444.890: [CMS-concurrent-mark: 2.374/2.374 secs] [Times: user=3.22 sys=0.37, real=2.38 secs] 
2013-09-30T06:17:46.855+0000: 444.900: [CMS-concurrent-preclean-start]
2013-09-30T06:17:47.368+0000: 445.413: [CMS-concurrent-preclean: 0.379/0.513 secs] [Times: user=0.47 sys=0.27, real=0.51 secs] 
2013-09-30T06:17:47.378+0000: 445.423: [CMS-concurrent-abortable-preclean-start]
 CMS: abort preclean due to time 2013-09-30T06:17:52.688+0000: 450.733: [CMS-concurrent-abortable-preclean: 5.036/5.310 secs] [Times: user=6.54 sys=0.92, real=5.31 secs] 
2013-09-30T06:17:52.698+0000: 450.748: [GC[YG occupancy: 789956 K (943744 K)]450.751: [Rescan (parallel) , 0.3198270 secs]451.071: [weak refs processing, 0.0387080 secs]451.110: [scrub string table, 0.0003670 secs] [1 CMS-remark: 2394742K(3145728K)] 3184698K(4089472K), 0.3633720 secs] [Times: user=0.98 sys=0.00, real=0.36 secs] 
2013-09-30T06:17:53.080+0000: 451.125: [CMS-concurrent-sweep-start]
2013-09-30T06:17:54.221+0000: 452.266: [CMS-concurrent-sweep: 1.141/1.141 secs] [Times: user=1.51 sys=0.31, real=1.15 secs] 
2013-09-30T06:17:54.233+0000: 452.278: [CMS-concurrent-reset-start]
2013-09-30T06:17:54.244+0000: 452.289: [CMS-concurrent-reset: 0.010/0.011 secs] [Times: user=0.02 sys=0.02, real=0.02 secs] 
2013-09-30T06:17:54.519+0000: 452.569: [GC 452.576: [ParNew: 943739K->104832K(943744K), 0.6342800 secs] 2211929K->1656555K(4089472K), 0.6441070 secs] [Times: user=1.27 sys=0.01, real=0.65 secs] 
2013-09-30T06:18:04.846+0000: 462.896: [GC 462.903: [ParNew: 943738K->104832K(943744K), 0.6911900 secs] 2495462K->1942324K(4089472K), 0.7012920 secs] [Times: user=1.30 sys=0.02, real=0.70 secs] 
2013-09-30T06:18:15.050+0000: 473.101: [GC 473.107: [ParNew: 943715K->104832K(943744K), 0.5810390 secs] 2781208K->2232161K(4089472K), 0.5906140 secs] [Times: user=1.29 sys=0.02, real=0.60 secs] 
2013-09-30T06:18:25.652+0000: 483.703: [GC 483.709: [ParNew: 943725K->104832K(943744K), 0.5456170 secs] 3071055K->2519308K(4089472K), 0.5549170 secs] [Times: user=1.29 sys=0.00, real=0.56 secs] 
2013-09-30T06:18:26.226+0000: 484.276: [GC [1 CMS-initial-mark: 2414476K(3145728K)] 2519407K(4089472K), 0.0929990 secs] [Times: user=0.09 sys=0.02, real=0.09 secs] 
2013-09-30T06:18:26.379+0000: 484.424: [CMS-concurrent-mark-start]
2013-09-30T06:18:28.691+0000: 486.736: [CMS-concurrent-mark: 2.312/2.312 secs] [Times: user=3.35 sys=0.41, real=2.36 secs] 
2013-09-30T06:18:28.701+0000: 486.746: [CMS-concurrent-preclean-start]
2013-09-30T06:18:29.284+0000: 487.329: [CMS-concurrent-preclean: 0.433/0.583 secs] [Times: user=0.51 sys=0.28, real=0.60 secs] 
2013-09-30T06:18:29.294+0000: 487.339: [CMS-concurrent-abortable-preclean-start]
 CMS: abort preclean due to time 2013-09-30T06:18:34.620+0000: 492.665: [CMS-concurrent-abortable-preclean: 5.035/5.326 secs] [Times: user=6.48 sys=1.01, real=5.33 secs] 
2013-09-30T06:18:34.630+0000: 492.680: [GC[YG occupancy: 825811 K (943744 K)]492.684: [Rescan (parallel) , 0.3339760 secs]493.018: [weak refs processing, 0.0396960 secs]493.058: [scrub string table, 0.0003720 secs] [1 CMS-remark: 2414476K(3145728K)] 3240288K(4089472K), 0.3786760 secs] [Times: user=1.05 sys=0.00, real=0.39 secs] 
2013-09-30T06:18:35.035+0000: 493.080: [CMS-concurrent-sweep-start]
2013-09-30T06:18:35.986+0000: 494.036: [GC 494.042: [ParNew: 943744K->104832K(943744K), 0.6452650 secs] 2562897K->2006992K(4089472K), 0.6547750 secs] [Times: user=1.31 sys=0.01, real=0.66 secs] 
2013-09-30T06:18:36.929+0000: 494.974: [CMS-concurrent-sweep: 1.222/1.894 secs] [Times: user=3.05 sys=0.42, real=1.90 secs] 
2013-09-30T06:18:36.940+0000: 494.985: [CMS-concurrent-reset-start]
2013-09-30T06:18:36.949+0000: 494.994: [CMS-concurrent-reset: 0.009/0.009 secs] [Times: user=0.01 sys=0.01, real=0.01 secs] 
2013-09-30T06:18:46.247+0000: 504.297: [GC 504.303: [ParNew: 943730K->104832K(943744K), 0.6451420 secs] 2491831K->1941435K(4089472K), 0.6547220 secs] [Times: user=1.30 sys=0.03, real=0.66 secs] 
2013-09-30T06:18:56.811+0000: 514.861: [GC 514.868: [ParNew: 943744K->104832K(943744K), 0.6072540 secs] 2780347K->2229979K(4089472K), 0.6171600 secs] [Times: user=1.30 sys=0.02, real=0.63 secs] 
2013-09-30T06:19:07.293+0000: 525.344: [GC 525.350: [ParNew: 943741K->104832K(943744K), 0.5569770 secs] 3068889K->2515866K(4089472K), 0.5667380 secs] [Times: user=1.28 sys=0.01, real=0.57 secs] 
2013-09-30T06:19:07.898+0000: 525.948: [GC [1 CMS-initial-mark: 2411034K(3145728K)] 2523338K(4089472K), 0.0946440 secs] [Times: user=0.10 sys=0.01, real=0.10 secs] 
2013-09-30T06:19:08.012+0000: 526.057: [CMS-concurrent-mark-start]
2013-09-30T06:19:10.445+0000: 528.490: [CMS-concurrent-mark: 2.433/2.433 secs] [Times: user=3.29 sys=0.36, real=2.44 secs] 
2013-09-30T06:19:10.455+0000: 528.499: [CMS-concurrent-preclean-start]
2013-09-30T06:19:11.074+0000: 529.119: [CMS-concurrent-preclean: 0.456/0.619 secs] [Times: user=0.51 sys=0.24, real=0.63 secs] 
2013-09-30T06:19:11.084+0000: 529.129: [CMS-concurrent-abortable-preclean-start]
 CMS: abort preclean due to time 2013-09-30T06:19:16.575+0000: 534.620: [CMS-concurrent-abortable-preclean: 5.168/5.492 secs] [Times: user=5.93 sys=1.05, real=5.50 secs] 
2013-09-30T06:19:16.585+0000: 534.635: [GC[YG occupancy: 860663 K (943744 K)]534.639: [Rescan (parallel) , 0.3351830 secs]534.974: [weak refs processing, 0.0397710 secs]535.014: [scrub string table, 0.0003700 secs] [1 CMS-remark: 2411034K(3145728K)] 3271698K(4089472K), 0.3796960 secs] [Times: user=0.97 sys=0.00, real=0.38 secs] 
2013-09-30T06:19:16.988+0000: 535.033: [CMS-concurrent-sweep-start]
2013-09-30T06:19:17.533+0000: 535.583: [GC 535.589: [ParNew: 943744K->104832K(943744K), 0.6288950 secs] 3235971K->2683342K(4089472K), 0.6386400 secs] [Times: user=1.29 sys=0.02, real=0.64 secs] 
2013-09-30T06:19:18.797+0000: 536.842: [CMS-concurrent-sweep: 1.153/1.809 secs] [Times: user=3.02 sys=0.40, real=1.82 secs] 
2013-09-30T06:19:18.808+0000: 536.853: [CMS-concurrent-reset-start]
2013-09-30T06:19:18.821+0000: 536.866: [CMS-concurrent-reset: 0.013/0.013 secs] [Times: user=0.01 sys=0.01, real=0.02 secs] 
2013-09-30T06:19:28.005+0000: 546.056: [GC 546.062: [ParNew: 943744K->104832K(943744K), 0.6369240 secs] 2500376K->1949427K(4089472K), 0.6469380 secs] [Times: user=1.33 sys=0.00, real=0.65 secs] 
2013-09-30T06:19:38.437+0000: 556.487: [GC 556.494: [ParNew: 943738K->104832K(943744K), 0.6491930 secs] 2788333K->2236258K(4089472K), 0.6589500 secs] [Times: user=1.30 sys=0.01, real=0.67 secs] 
2013-09-30T06:19:48.758+0000: 566.818: [GC 566.825: [ParNew: 943743K->104832K(943744K), 0.6270650 secs] 3075169K->2522034K(4089472K), 0.6367000 secs] [Times: user=1.27 sys=0.01, real=0.66 secs] 
2013-09-30T06:19:49.437+0000: 567.488: [GC [1 CMS-initial-mark: 2417202K(3145728K)] 2527264K(4089472K), 0.0978430 secs] [Times: user=0.11 sys=0.00, real=0.11 secs] 
2013-09-30T06:19:49.555+0000: 567.600: [CMS-concurrent-mark-start]
2013-09-30T06:19:52.025+0000: 570.070: [CMS-concurrent-mark: 2.470/2.470 secs] [Times: user=3.33 sys=0.35, real=2.47 secs] 
2013-09-30T06:19:52.035+0000: 570.080: [CMS-concurrent-preclean-start]
2013-09-30T06:19:52.694+0000: 570.739: [CMS-concurrent-preclean: 0.484/0.660 secs] [Times: user=0.52 sys=0.34, real=0.66 secs] 
2013-09-30T06:19:52.704+0000: 570.749: [CMS-concurrent-abortable-preclean-start]
 CMS: abort preclean due to time 2013-09-30T06:19:58.279+0000: 576.324: [CMS-concurrent-abortable-preclean: 5.262/5.575 secs] [Times: user=6.88 sys=1.10, real=5.58 secs] 
2013-09-30T06:19:58.289+0000: 576.339: [GC[YG occupancy: 855335 K (943744 K)]576.342: [Rescan (parallel) , 0.4159300 secs]576.758: [weak refs processing, 0.0400480 secs]576.799: [scrub string table, 0.0003660 secs] [1 CMS-remark: 2417202K(3145728K)] 3272538K(4089472K), 0.4609560 secs] [Times: user=1.23 sys=0.00, real=0.46 secs] 
2013-09-30T06:19:58.877+0000: 576.922: [CMS-concurrent-sweep-start]
2013-09-30T06:19:59.268+0000: 577.319: [GC 577.325: [ParNew: 943715K->104832K(943744K), 0.6642870 secs] 3319068K->2768080K(4089472K), 0.6742310 secs] [Times: user=1.31 sys=0.02, real=0.67 secs] 
2013-09-30T06:20:00.584+0000: 578.629: [CMS-concurrent-sweep: 1.014/1.707 secs] [Times: user=3.12 sys=0.38, real=1.81 secs] 
2013-09-30T06:20:00.595+0000: 578.640: [CMS-concurrent-reset-start]
2013-09-30T06:20:00.603+0000: 578.648: [CMS-concurrent-reset: 0.008/0.008 secs] [Times: user=0.02 sys=0.01, real=0.01 secs] 
2013-09-30T06:20:09.796+0000: 587.846: [GC 587.853: [ParNew: 943744K->104832K(943744K), 0.5813440 secs] 2505321K->1952587K(4089472K), 0.5911110 secs] [Times: user=1.29 sys=0.04, real=0.60 secs] 
2013-09-30T06:20:20.055+0000: 598.105: [GC 598.112: [ParNew: 943738K->104832K(943744K), 0.5709270 secs] 2791493K->2238873K(4089472K), 0.5807990 secs] [Times: user=1.30 sys=0.02, real=0.59 secs] 
2013-09-30T06:20:30.651+0000: 608.699: [GC 608.702: [ParNew: 943736K->104832K(943744K), 0.4722080 secs] 3077777K->2439096K(4089472K), 0.4766550 secs] [Times: user=1.03 sys=0.01, real=0.48 secs] 
2013-09-30T06:20:31.139+0000: 609.187: [GC [1 CMS-initial-mark: 2334264K(3145728K)] 2439410K(4089472K), 0.0588180 secs] [Times: user=0.06 sys=0.00, real=0.06 secs] 
2013-09-30T06:20:31.209+0000: 609.254: [CMS-concurrent-mark-start]
2013-09-30T06:20:32.962+0000: 611.007: [CMS-concurrent-mark: 1.747/1.753 secs] [Times: user=2.46 sys=0.49, real=1.76 secs] 
2013-09-30T06:20:32.966+0000: 611.011: [CMS-concurrent-preclean-start]
2013-09-30T06:20:33.358+0000: 611.403: [CMS-concurrent-preclean: 0.286/0.392 secs] [Times: user=0.45 sys=0.22, real=0.39 secs] 
2013-09-30T06:20:33.362+0000: 611.407: [CMS-concurrent-abortable-preclean-start]
 CMS: abort preclean due to time 2013-09-30T06:20:38.609+0000: 616.654: [CMS-concurrent-abortable-preclean: 4.877/5.247 secs] [Times: user=6.38 sys=1.73, real=5.24 secs] 
2013-09-30T06:20:38.611+0000: 616.656: [GC[YG occupancy: 661553 K (943744 K)]616.656: [Rescan (parallel) , 0.2216300 secs]616.878: [weak refs processing, 0.0487180 secs]616.927: [scrub string table, 0.0003650 secs] [1 CMS-remark: 2334264K(3145728K)] 2995817K(4089472K), 0.2723850 secs] [Times: user=0.66 sys=0.00, real=0.28 secs] 
2013-09-30T06:20:38.886+0000: 616.931: [CMS-concurrent-sweep-start]
2013-09-30T06:20:40.274+0000: 618.319: [CMS-concurrent-sweep: 1.354/1.389 secs] [Times: user=1.57 sys=0.25, real=1.39 secs] 
2013-09-30T06:20:40.275+0000: 618.319: [CMS-concurrent-reset-start]
2013-09-30T06:20:40.283+0000: 618.327: [CMS-concurrent-reset: 0.008/0.008 secs] [Times: user=0.01 sys=0.00, real=0.01 secs] 
Heap
 par new generation   total 943744K, used 760989K [0x00000006f8000000, 0x0000000738000000, 0x0000000738000000)
  eden space 838912K,  78% used [0x00000006f8000000, 0x00000007200c74b8, 0x000000072b340000)
  from space 104832K, 100% used [0x00000007319a0000, 0x0000000738000000, 0x0000000738000000)
  to   space 104832K,   0% used [0x000000072b340000, 0x000000072b340000, 0x00000007319a0000)
 concurrent mark-sweep generation total 3145728K, used 724041K [0x0000000738000000, 0x00000007f8000000, 0x00000007f8000000)
 concurrent-mark-sweep perm gen total 65536K, used 13523K [0x00000007f8000000, 0x00000007fc000000, 0x0000000800000000)
