2013-09-30T05:59:43.445+0000: 1.175: [Full GC (System) 1.175: [CMS: 0K->5250K(3145728K), 0.1473140 secs] 83891K->5250K(4089472K), [CMS Perm : 8985K->8982K(65536K)], 0.1474630 secs] [Times: user=0.05 sys=0.10, real=0.15 secs] 
2013-09-30T05:59:43.856+0000: 1.586: [GC 1.586: [ParNew: 838912K->4066K(943744K), 0.0335160 secs] 844162K->9317K(4089472K), 0.0337290 secs] [Times: user=0.08 sys=0.02, real=0.04 secs] 
2013-09-30T05:59:44.992+0000: 2.723: [GC 2.723: [ParNew: 842978K->58327K(943744K), 0.1436290 secs] 848229K->63578K(4089472K), 0.1450110 secs] [Times: user=0.33 sys=0.10, real=0.14 secs] 
2013-09-30T05:59:52.394+0000: 10.128: [GC 10.133: [ParNew: 897239K->104832K(943744K), 4.1456630 secs] 902490K->365744K(4089472K), 4.1533390 secs] [Times: user=4.77 sys=0.54, real=4.16 secs] 
2013-09-30T06:00:11.997+0000: 29.732: [GC 29.737: [ParNew: 943744K->104832K(943744K), 0.7362700 secs] 1205456K->492213K(4089472K), 0.7446020 secs] [Times: user=1.74 sys=0.23, real=0.75 secs] 
2013-09-30T06:00:28.747+0000: 46.481: [GC 46.485: [ParNew: 943744K->99599K(943744K), 0.4740850 secs] 1331125K->582999K(4089472K), 0.4812260 secs] [Times: user=1.22 sys=0.13, real=0.49 secs] 
2013-09-30T06:00:48.692+0000: 66.427: [GC 66.431: [ParNew: 938511K->104832K(943744K), 0.2496930 secs] 1421911K->630099K(4089472K), 0.2570540 secs] [Times: user=0.67 sys=0.03, real=0.26 secs] 
2013-09-30T06:01:07.435+0000: 85.170: [GC 85.174: [ParNew: 943744K->104832K(943744K), 0.3063400 secs] 1469011K->689659K(4089472K), 0.3142590 secs] [Times: user=0.74 sys=0.06, real=0.32 secs] 
2013-09-30T06:01:25.226+0000: 102.960: [GC 102.965: [ParNew: 943727K->104832K(943744K), 0.3340180 secs] 1528554K->768278K(4089472K), 0.3419790 secs] [Times: user=0.78 sys=0.08, real=0.35 secs] 
2013-09-30T06:01:41.197+0000: 118.932: [GC 118.937: [ParNew: 943683K->104832K(943744K), 0.5113720 secs] 1607130K->876916K(4089472K), 0.5196000 secs] [Times: user=0.81 sys=0.15, real=0.52 secs] 
2013-09-30T06:01:56.757+0000: 134.492: [GC 134.497: [ParNew: 943744K->104832K(943744K), 0.5464060 secs] 1715828K->1004543K(4089472K), 0.5546110 secs] [Times: user=1.05 sys=0.22, real=0.56 secs] 
2013-09-30T06:02:10.733+0000: 148.468: [GC 148.473: [ParNew: 943737K->104832K(943744K), 0.5390840 secs] 1843449K->1148426K(4089472K), 0.5474170 secs] [Times: user=0.93 sys=0.18, real=0.56 secs] 
2013-09-30T06:02:24.257+0000: 161.992: [GC 161.997: [ParNew: 943730K->104832K(943744K), 0.5838720 secs] 1987324K->1302009K(4089472K), 0.5922080 secs] [Times: user=1.07 sys=0.28, real=0.59 secs] 
2013-09-30T06:02:37.112+0000: 174.847: [GC 174.852: [ParNew: 943744K->104832K(943744K), 0.6436860 secs] 2140921K->1467636K(4089472K), 0.6523330 secs] [Times: user=1.02 sys=0.28, real=0.65 secs] 
2013-09-30T06:02:49.484+0000: 187.219: [GC 187.224: [ParNew: 943743K->104832K(943744K), 0.6786250 secs] 2306548K->1643156K(4089472K), 0.6871890 secs] [Times: user=1.11 sys=0.27, real=0.69 secs] 
2013-09-30T06:03:01.261+0000: 198.996: [GC 199.003: [ParNew: 943743K->104832K(943744K), 0.7512300 secs] 2482068K->1829727K(4089472K), 0.7606770 secs] [Times: user=1.04 sys=0.35, real=0.77 secs] 
2013-09-30T06:03:02.041+0000: 199.776: [GC [1 CMS-initial-mark: 1724895K(3145728K)] 1830131K(4089472K), 0.0933020 secs] [Times: user=0.10 sys=0.00, real=0.10 secs] 
2013-09-30T06:03:02.153+0000: 199.883: [CMS-concurrent-mark-start]
2013-09-30T06:03:04.080+0000: 201.809: [CMS-concurrent-mark: 1.927/1.927 secs] [Times: user=2.69 sys=0.54, real=1.93 secs] 
2013-09-30T06:03:04.090+0000: 201.819: [CMS-concurrent-preclean-start]
2013-09-30T06:03:04.360+0000: 202.089: [CMS-concurrent-preclean: 0.200/0.270 secs] [Times: user=0.31 sys=0.13, real=0.27 secs] 
2013-09-30T06:03:04.371+0000: 202.101: [CMS-concurrent-abortable-preclean-start]
 CMS: abort preclean due to time 2013-09-30T06:03:09.834+0000: 207.564: [CMS-concurrent-abortable-preclean: 5.311/5.463 secs] [Times: user=6.92 sys=1.12, real=5.47 secs] 
2013-09-30T06:03:09.844+0000: 207.579: [GC[YG occupancy: 743232 K (943744 K)]207.581: [Rescan (parallel) , 0.2557970 secs]207.837: [weak refs processing, 0.0267120 secs]207.864: [scrub string table, 0.0003790 secs] [1 CMS-remark: 1724895K(3145728K)] 2468128K(4089472K), 0.2864770 secs] [Times: user=0.83 sys=0.00, real=0.29 secs] 
2013-09-30T06:03:10.149+0000: 207.879: [CMS-concurrent-sweep-start]
2013-09-30T06:03:11.076+0000: 208.806: [CMS-concurrent-sweep: 0.916/0.926 secs] [Times: user=1.23 sys=0.23, real=0.93 secs] 
2013-09-30T06:03:11.086+0000: 208.816: [CMS-concurrent-reset-start]
2013-09-30T06:03:11.094+0000: 208.824: [CMS-concurrent-reset: 0.008/0.008 secs] [Times: user=0.01 sys=0.01, real=0.01 secs] 
2013-09-30T06:03:12.584+0000: 210.319: [GC 210.324: [ParNew: 943744K->104832K(943744K), 0.3952520 secs] 1817875K->1162922K(4089472K), 0.4037520 secs] [Times: user=1.02 sys=0.00, real=0.41 secs] 
2013-09-30T06:03:23.242+0000: 220.977: [GC 220.982: [ParNew: 943739K->104832K(943744K), 0.4173100 secs] 2001830K->1360620K(4089472K), 0.4259820 secs] [Times: user=1.13 sys=0.00, real=0.43 secs] 
2013-09-30T06:03:33.854+0000: 231.589: [GC 231.595: [ParNew: 943737K->104832K(943744K), 0.3962320 secs] 2199525K->1565867K(4089472K), 0.4051260 secs] [Times: user=1.06 sys=0.00, real=0.41 secs] 
2013-09-30T06:03:43.996+0000: 241.731: [GC 241.736: [ParNew: 943730K->104832K(943744K), 0.4059040 secs] 2404765K->1774900K(4089472K), 0.4145820 secs] [Times: user=1.06 sys=0.00, real=0.42 secs] 
2013-09-30T06:03:53.789+0000: 251.524: [GC 251.530: [ParNew: 943744K->104832K(943744K), 0.7538810 secs] 2613812K->1989931K(4089472K), 0.7631490 secs] [Times: user=1.13 sys=0.29, real=0.76 secs] 
2013-09-30T06:04:03.528+0000: 261.263: [GC 261.268: [ParNew: 943744K->104832K(943744K), 0.7784300 secs] 2828843K->2214688K(4089472K), 0.7873780 secs] [Times: user=1.16 sys=0.36, real=0.80 secs] 
2013-09-30T06:04:13.823+0000: 271.558: [GC 271.564: [ParNew: 943737K->104832K(943744K), 0.8554670 secs] 3053593K->2452272K(4089472K), 0.8646340 secs] [Times: user=1.26 sys=0.38, real=0.87 secs] 
2013-09-30T06:04:22.947+0000: 280.682: [GC 280.687: [ParNew: 943744K->104832K(943744K), 0.8148870 secs] 3291184K->2681799K(4089472K), 0.8237280 secs] [Times: user=1.07 sys=0.46, real=0.83 secs] 
2013-09-30T06:04:23.800+0000: 281.535: [GC [1 CMS-initial-mark: 2576967K(3145728K)] 2684437K(4089472K), 0.1004800 secs] [Times: user=0.11 sys=0.01, real=0.10 secs] 
2013-09-30T06:04:23.920+0000: 281.650: [CMS-concurrent-mark-start]
2013-09-30T06:04:26.302+0000: 284.032: [CMS-concurrent-mark: 2.382/2.382 secs] [Times: user=3.13 sys=0.69, real=2.39 secs] 
2013-09-30T06:04:26.313+0000: 284.043: [CMS-concurrent-preclean-start]
2013-09-30T06:04:26.761+0000: 284.490: [CMS-concurrent-preclean: 0.333/0.447 secs] [Times: user=0.44 sys=0.28, real=0.46 secs] 
2013-09-30T06:04:26.772+0000: 284.501: [CMS-concurrent-abortable-preclean-start]
2013-09-30T06:04:31.961+0000: 289.696: [GC 289.702: [ParNew: 943744K->104832K(943744K), 0.8925450 secs] 3520711K->2922092K(4089472K), 0.9013350 secs] [Times: user=1.29 sys=0.37, real=0.91 secs] 
 CMS: abort preclean due to time 2013-09-30T06:04:32.903+0000: 290.633: [CMS-concurrent-abortable-preclean: 4.997/6.131 secs] [Times: user=8.08 sys=1.44, real=6.14 secs] 
2013-09-30T06:04:32.914+0000: 290.649: [GC[YG occupancy: 114955 K (943744 K)]290.650: [Rescan (parallel) , 0.2276680 secs]290.878: [weak refs processing, 0.0438640 secs]290.922: [scrub string table, 0.0003750 secs] [1 CMS-remark: 2817260K(3145728K)] 2932215K(4089472K), 0.2747430 secs] [Times: user=0.75 sys=0.00, real=0.28 secs] 
2013-09-30T06:04:33.208+0000: 290.938: [CMS-concurrent-sweep-start]
2013-09-30T06:04:34.711+0000: 292.440: [CMS-concurrent-sweep: 1.502/1.502 secs] [Times: user=1.90 sys=0.44, real=1.51 secs] 
2013-09-30T06:04:34.722+0000: 292.452: [CMS-concurrent-reset-start]
2013-09-30T06:04:34.739+0000: 292.468: [CMS-concurrent-reset: 0.016/0.016 secs] [Times: user=0.04 sys=0.01, real=0.02 secs] 
2013-09-30T06:04:40.747+0000: 298.482: [GC 298.488: [ParNew: 943744K->104832K(943744K), 0.5044610 secs] 2280052K->1683496K(4089472K), 0.5132720 secs] [Times: user=1.18 sys=0.00, real=0.53 secs] 
2013-09-30T06:04:49.784+0000: 307.519: [GC 307.524: [ParNew: 943744K->104832K(943744K), 0.4769920 secs] 2522408K->1932068K(4089472K), 0.4858650 secs] [Times: user=1.14 sys=0.02, real=0.49 secs] 
2013-09-30T06:04:57.932+0000: 315.667: [GC 315.672: [ParNew: 943729K->104832K(943744K), 0.4846970 secs] 2770965K->2187308K(4089472K), 0.4934890 secs] [Times: user=1.16 sys=0.00, real=0.50 secs] 
2013-09-30T06:05:06.304+0000: 324.039: [GC 324.044: [ParNew: 943739K->104832K(943744K), 0.4677020 secs] 3026215K->2443827K(4089472K), 0.4768880 secs] [Times: user=1.12 sys=0.00, real=0.49 secs] 
2013-09-30T06:05:06.802+0000: 324.537: [GC [1 CMS-initial-mark: 2338995K(3145728K)] 2445387K(4089472K), 0.0970780 secs] [Times: user=0.10 sys=0.00, real=0.11 secs] 
2013-09-30T06:05:06.919+0000: 324.649: [CMS-concurrent-mark-start]
2013-09-30T06:05:09.352+0000: 327.082: [CMS-concurrent-mark: 2.433/2.433 secs] [Times: user=3.41 sys=0.56, real=2.44 secs] 
2013-09-30T06:05:09.362+0000: 327.092: [CMS-concurrent-preclean-start]
2013-09-30T06:05:09.820+0000: 327.550: [CMS-concurrent-preclean: 0.339/0.458 secs] [Times: user=0.46 sys=0.25, real=0.46 secs] 
2013-09-30T06:05:09.830+0000: 327.560: [CMS-concurrent-abortable-preclean-start]
2013-09-30T06:05:14.402+0000: 332.137: [GC 332.143: [ParNew: 943715K->104832K(943744K), 0.4710840 secs] 3282711K->2699165K(4089472K), 0.4799500 secs] [Times: user=1.15 sys=0.00, real=0.49 secs] 
 CMS: abort preclean due to time 2013-09-30T06:05:14.899+0000: 332.628: [CMS-concurrent-abortable-preclean: 4.354/5.068 secs] [Times: user=7.10 sys=1.00, real=5.07 secs] 
2013-09-30T06:05:14.920+0000: 332.655: [GC[YG occupancy: 109273 K (943744 K)]332.657: [Rescan (parallel) , 0.2575610 secs]332.914: [weak refs processing, 0.0313400 secs]332.946: [scrub string table, 0.0003790 secs] [1 CMS-remark: 2594333K(3145728K)] 2703606K(4089472K), 0.2919510 secs] [Times: user=0.84 sys=0.00, real=0.30 secs] 
2013-09-30T06:05:15.237+0000: 332.966: [CMS-concurrent-sweep-start]
2013-09-30T06:05:16.666+0000: 334.396: [CMS-concurrent-sweep: 1.430/1.430 secs] [Times: user=2.00 sys=0.49, real=1.44 secs] 
2013-09-30T06:05:16.676+0000: 334.406: [CMS-concurrent-reset-start]
2013-09-30T06:05:16.684+0000: 334.414: [CMS-concurrent-reset: 0.008/0.008 secs] [Times: user=0.01 sys=0.00, real=0.02 secs] 
2013-09-30T06:05:23.677+0000: 341.412: [GC 341.418: [ParNew: 943744K->104832K(943744K), 0.5458260 secs] 2415879K->1858259K(4089472K), 0.5547460 secs] [Times: user=1.23 sys=0.01, real=0.56 secs] 
2013-09-30T06:05:33.575+0000: 351.310: [GC 351.316: [ParNew: 943738K->104832K(943744K), 0.5547780 secs] 2697166K->2141820K(4089472K), 0.5638510 secs] [Times: user=1.28 sys=0.00, real=0.57 secs] 
2013-09-30T06:05:43.510+0000: 361.245: [GC 361.251: [ParNew: 943743K->104832K(943744K), 0.5357590 secs] 2980732K->2422695K(4089472K), 0.5449700 secs] [Times: user=1.24 sys=0.01, real=0.55 secs] 
2013-09-30T06:05:44.073+0000: 361.808: [GC [1 CMS-initial-mark: 2317863K(3145728K)] 2423275K(4089472K), 0.0886100 secs] [Times: user=0.09 sys=0.00, real=0.09 secs] 
2013-09-30T06:05:44.180+0000: 361.910: [CMS-concurrent-mark-start]
2013-09-30T06:05:46.591+0000: 364.321: [CMS-concurrent-mark: 2.411/2.411 secs] [Times: user=3.34 sys=0.36, real=2.41 secs] 
2013-09-30T06:05:46.601+0000: 364.330: [CMS-concurrent-preclean-start]
2013-09-30T06:05:47.233+0000: 364.963: [CMS-concurrent-preclean: 0.454/0.632 secs] [Times: user=0.55 sys=0.35, real=0.64 secs] 
2013-09-30T06:05:47.244+0000: 364.973: [CMS-concurrent-abortable-preclean-start]
 CMS: abort preclean due to time 2013-09-30T06:05:53.132+0000: 370.861: [CMS-concurrent-abortable-preclean: 5.586/5.888 secs] [Times: user=7.26 sys=1.05, real=5.89 secs] 
2013-09-30T06:05:53.141+0000: 370.876: [GC[YG occupancy: 908930 K (943744 K)]370.879: [Rescan (parallel) , 0.3851500 secs]371.264: [weak refs processing, 0.0323490 secs]371.297: [scrub string table, 0.0003790 secs] [1 CMS-remark: 2317863K(3145728K)] 3226794K(4089472K), 0.4221030 secs] [Times: user=1.21 sys=0.00, real=0.42 secs] 
2013-09-30T06:05:53.583+0000: 371.313: [CMS-concurrent-sweep-start]
2013-09-30T06:05:53.671+0000: 371.406: [GC 371.413: [ParNew: 943744K->104832K(943744K), 0.5526140 secs] 3258464K->2701680K(4089472K), 0.5622770 secs] [Times: user=1.27 sys=0.00, real=0.57 secs] 
2013-09-30T06:05:55.449+0000: 373.178: [CMS-concurrent-sweep: 1.288/1.865 secs] [Times: user=3.08 sys=0.32, real=1.87 secs] 
2013-09-30T06:05:55.459+0000: 373.189: [CMS-concurrent-reset-start]
2013-09-30T06:05:55.467+0000: 373.197: [CMS-concurrent-reset: 0.008/0.008 secs] [Times: user=0.01 sys=0.01, real=0.01 secs] 
2013-09-30T06:06:03.501+0000: 381.236: [GC 381.242: [ParNew: 943743K->104832K(943744K), 0.5715910 secs] 2477071K->1919479K(4089472K), 0.5811950 secs] [Times: user=1.24 sys=0.02, real=0.58 secs] 
2013-09-30T06:06:13.398+0000: 391.133: [GC 391.139: [ParNew: 943718K->104832K(943744K), 0.5893230 secs] 2758365K->2199142K(4089472K), 0.5986660 secs] [Times: user=1.27 sys=0.01, real=0.61 secs] 
2013-09-30T06:06:23.659+0000: 401.394: [GC 401.400: [ParNew: 943744K->104832K(943744K), 0.5574310 secs] 3038054K->2478136K(4089472K), 0.5668860 secs] [Times: user=1.25 sys=0.01, real=0.58 secs] 
2013-09-30T06:06:24.244+0000: 401.978: [GC [1 CMS-initial-mark: 2373304K(3145728K)] 2478565K(4089472K), 0.0909020 secs] [Times: user=0.09 sys=0.00, real=0.09 secs] 
2013-09-30T06:06:24.364+0000: 402.094: [CMS-concurrent-mark-start]
2013-09-30T06:06:26.967+0000: 404.697: [CMS-concurrent-mark: 2.603/2.603 secs] [Times: user=3.51 sys=0.51, real=2.61 secs] 
2013-09-30T06:06:26.978+0000: 404.707: [CMS-concurrent-preclean-start]
2013-09-30T06:06:27.591+0000: 405.321: [CMS-concurrent-preclean: 0.455/0.614 secs] [Times: user=0.64 sys=0.30, real=0.62 secs] 
2013-09-30T06:06:27.601+0000: 405.331: [CMS-concurrent-abortable-preclean-start]
 CMS: abort preclean due to time 2013-09-30T06:06:32.804+0000: 410.534: [CMS-concurrent-abortable-preclean: 4.933/5.203 secs] [Times: user=6.46 sys=0.97, real=5.21 secs] 
2013-09-30T06:06:32.814+0000: 410.549: [GC[YG occupancy: 884275 K (943744 K)]410.552: [Rescan (parallel) , 0.3511680 secs]410.904: [weak refs processing, 0.0374100 secs]410.941: [scrub string table, 0.0003890 secs] [1 CMS-remark: 2373304K(3145728K)] 3257580K(4089472K), 0.3933030 secs] [Times: user=0.89 sys=0.00, real=0.40 secs] 
2013-09-30T06:06:33.232+0000: 410.962: [CMS-concurrent-sweep-start]
2013-09-30T06:06:33.503+0000: 411.237: [GC 411.244: [ParNew: 943744K->104832K(943744K), 0.5616770 secs] 3297567K->2738628K(4089472K), 0.5710980 secs] [Times: user=1.25 sys=0.00, real=0.57 secs] 
2013-09-30T06:06:34.940+0000: 412.670: [CMS-concurrent-sweep: 1.118/1.708 secs] [Times: user=3.00 sys=0.29, real=1.72 secs] 
2013-09-30T06:06:34.951+0000: 412.681: [CMS-concurrent-reset-start]
2013-09-30T06:06:34.960+0000: 412.689: [CMS-concurrent-reset: 0.009/0.009 secs] [Times: user=0.01 sys=0.01, real=0.01 secs] 
2013-09-30T06:06:43.353+0000: 421.088: [GC 421.094: [ParNew: 943736K->104832K(943744K), 0.5640630 secs] 2472172K->1915132K(4089472K), 0.5736230 secs] [Times: user=1.28 sys=0.00, real=0.58 secs] 
2013-09-30T06:06:53.656+0000: 431.391: [GC 431.397: [ParNew: 943744K->104832K(943744K), 0.5948210 secs] 2754044K->2195235K(4089472K), 0.6042150 secs] [Times: user=1.24 sys=0.03, real=0.60 secs] 
2013-09-30T06:07:03.581+0000: 441.316: [GC 441.322: [ParNew: 943744K->104832K(943744K), 0.5521860 secs] 3034147K->2476858K(4089472K), 0.5616320 secs] [Times: user=1.27 sys=0.00, real=0.56 secs] 
2013-09-30T06:07:04.161+0000: 441.895: [GC [1 CMS-initial-mark: 2372026K(3145728K)] 2477083K(4089472K), 0.0915410 secs] [Times: user=0.08 sys=0.01, real=0.10 secs] 
2013-09-30T06:07:04.270+0000: 442.000: [CMS-concurrent-mark-start]
2013-09-30T06:07:06.653+0000: 444.383: [CMS-concurrent-mark: 2.383/2.383 secs] [Times: user=3.33 sys=0.41, real=2.39 secs] 
2013-09-30T06:07:06.663+0000: 444.393: [CMS-concurrent-preclean-start]
2013-09-30T06:07:07.205+0000: 444.935: [CMS-concurrent-preclean: 0.407/0.542 secs] [Times: user=0.54 sys=0.31, real=0.54 secs] 
2013-09-30T06:07:07.215+0000: 444.945: [CMS-concurrent-abortable-preclean-start]
 CMS: abort preclean due to time 2013-09-30T06:07:12.518+0000: 450.248: [CMS-concurrent-abortable-preclean: 5.007/5.302 secs] [Times: user=6.88 sys=0.98, real=5.31 secs] 
2013-09-30T06:07:12.528+0000: 450.262: [GC[YG occupancy: 869611 K (943744 K)]450.266: [Rescan (parallel) , 0.4458710 secs]450.712: [weak refs processing, 0.0380130 secs]450.750: [scrub string table, 0.0003850 secs] [1 CMS-remark: 2372026K(3145728K)] 3241637K(4089472K), 0.4886490 secs] [Times: user=1.16 sys=0.00, real=0.50 secs] 
2013-09-30T06:07:13.035+0000: 450.765: [CMS-concurrent-sweep-start]
2013-09-30T06:07:13.490+0000: 451.225: [GC 451.231: [ParNew: 943744K->104832K(943744K), 0.5827700 secs] 3279951K->2720453K(4089472K), 0.5922850 secs] [Times: user=1.28 sys=0.00, real=0.59 secs] 
2013-09-30T06:07:14.817+0000: 452.547: [CMS-concurrent-sweep: 1.172/1.782 secs] [Times: user=2.99 sys=0.44, real=1.79 secs] 
2013-09-30T06:07:14.828+0000: 452.557: [CMS-concurrent-reset-start]
2013-09-30T06:07:14.836+0000: 452.566: [CMS-concurrent-reset: 0.008/0.008 secs] [Times: user=0.02 sys=0.01, real=0.02 secs] 
2013-09-30T06:07:23.672+0000: 461.406: [GC 461.413: [ParNew: 943721K->104832K(943744K), 0.6344160 secs] 2487828K->1928730K(4089472K), 0.6441260 secs] [Times: user=1.26 sys=0.00, real=0.65 secs] 
2013-09-30T06:07:33.641+0000: 471.376: [GC 471.383: [ParNew: 943741K->104832K(943744K), 0.9300640 secs] 2767640K->2210419K(4089472K), 0.9396410 secs] [Times: user=1.31 sys=0.00, real=0.95 secs] 
2013-09-30T06:07:43.679+0000: 481.414: [GC 481.420: [ParNew: 943701K->104832K(943744K), 0.5699060 secs] 3049289K->2490563K(4089472K), 0.5790060 secs] [Times: user=1.26 sys=0.02, real=0.58 secs] 
2013-09-30T06:07:44.278+0000: 482.013: [GC [1 CMS-initial-mark: 2385731K(3145728K)] 2491142K(4089472K), 0.0919210 secs] [Times: user=0.10 sys=0.00, real=0.09 secs] 
2013-09-30T06:07:44.389+0000: 482.119: [CMS-concurrent-mark-start]
2013-09-30T06:07:47.073+0000: 484.803: [CMS-concurrent-mark: 2.684/2.684 secs] [Times: user=3.47 sys=0.50, real=2.69 secs] 
2013-09-30T06:07:47.084+0000: 484.814: [CMS-concurrent-preclean-start]
2013-09-30T06:07:47.909+0000: 485.639: [CMS-concurrent-preclean: 0.638/0.825 secs] [Times: user=0.78 sys=0.37, real=0.83 secs] 
2013-09-30T06:07:47.922+0000: 485.651: [CMS-concurrent-abortable-preclean-start]
 CMS: abort preclean due to time 2013-09-30T06:07:53.118+0000: 490.848: [CMS-concurrent-abortable-preclean: 4.905/5.197 secs] [Times: user=6.03 sys=1.13, real=5.21 secs] 
2013-09-30T06:07:53.129+0000: 490.864: [GC[YG occupancy: 898628 K (943744 K)]490.867: [Rescan (parallel) , 0.4094150 secs]491.277: [weak refs processing, 0.0387380 secs]491.316: [scrub string table, 0.0003770 secs] [1 CMS-remark: 2385731K(3145728K)] 3284360K(4089472K), 0.4529600 secs] [Times: user=1.27 sys=0.00, real=0.46 secs] 
2013-09-30T06:07:53.605+0000: 491.335: [CMS-concurrent-sweep-start]
2013-09-30T06:07:53.773+0000: 491.508: [GC 491.515: [ParNew: 943744K->104832K(943744K), 0.5599440 secs] 3320762K->2762511K(4089472K), 0.5694460 secs] [Times: user=1.30 sys=0.00, real=0.57 secs] 
2013-09-30T06:07:55.381+0000: 493.110: [CMS-concurrent-sweep: 1.186/1.775 secs] [Times: user=3.04 sys=0.35, real=1.78 secs] 
2013-09-30T06:07:55.391+0000: 493.120: [CMS-concurrent-reset-start]
2013-09-30T06:07:55.399+0000: 493.128: [CMS-concurrent-reset: 0.008/0.008 secs] [Times: user=0.01 sys=0.01, real=0.01 secs] 
2013-09-30T06:08:03.703+0000: 501.438: [GC 501.444: [ParNew: 943744K->104832K(943744K), 0.5676470 secs] 2484199K->1925899K(4089472K), 0.8447490 secs] [Times: user=1.27 sys=0.02, real=0.86 secs] 
2013-09-30T06:08:13.844+0000: 511.579: [GC 511.585: [ParNew: 943744K->104832K(943744K), 0.5789720 secs] 2764811K->2209138K(4089472K), 0.5883600 secs] [Times: user=1.28 sys=0.02, real=0.59 secs] 
2013-09-30T06:08:23.833+0000: 521.568: [GC 521.574: [ParNew: 943743K->104832K(943744K), 0.5565260 secs] 3048049K->2488730K(4089472K), 0.5661100 secs] [Times: user=1.24 sys=0.01, real=0.57 secs] 
2013-09-30T06:08:24.430+0000: 522.165: [GC [1 CMS-initial-mark: 2383898K(3145728K)] 2492268K(4089472K), 0.0920440 secs] [Times: user=0.10 sys=0.00, real=0.10 secs] 
2013-09-30T06:08:24.556+0000: 522.286: [CMS-concurrent-mark-start]
2013-09-30T06:08:27.182+0000: 524.912: [CMS-concurrent-mark: 2.626/2.626 secs] [Times: user=3.40 sys=0.51, real=2.65 secs] 
2013-09-30T06:08:27.192+0000: 524.922: [CMS-concurrent-preclean-start]
2013-09-30T06:08:27.946+0000: 525.676: [CMS-concurrent-preclean: 0.540/0.754 secs] [Times: user=0.72 sys=0.41, real=0.76 secs] 
2013-09-30T06:08:27.956+0000: 525.686: [CMS-concurrent-abortable-preclean-start]
 CMS: abort preclean due to time 2013-09-30T06:08:33.207+0000: 530.937: [CMS-concurrent-abortable-preclean: 4.806/5.251 secs] [Times: user=5.98 sys=1.18, real=5.26 secs] 
2013-09-30T06:08:33.218+0000: 530.952: [GC[YG occupancy: 897331 K (943744 K)]530.956: [Rescan (parallel) , 0.4491800 secs]531.405: [weak refs processing, 0.0395400 secs]531.445: [scrub string table, 0.0003780 secs] [1 CMS-remark: 2383898K(3145728K)] 3281230K(4089472K), 0.4935690 secs] [Times: user=1.40 sys=0.00, real=0.50 secs] 
2013-09-30T06:08:33.738+0000: 531.468: [CMS-concurrent-sweep-start]
2013-09-30T06:08:33.842+0000: 531.577: [GC 531.583: [ParNew: 943744K->104832K(943744K), 0.5886330 secs] 3325478K->2766905K(4089472K), 0.5980010 secs] [Times: user=1.25 sys=0.04, real=0.60 secs] 
2013-09-30T06:08:35.514+0000: 533.244: [CMS-concurrent-sweep: 1.159/1.775 secs] [Times: user=2.98 sys=0.37, real=1.79 secs] 
2013-09-30T06:08:35.524+0000: 533.253: [CMS-concurrent-reset-start]
2013-09-30T06:08:35.532+0000: 533.261: [CMS-concurrent-reset: 0.008/0.008 secs] [Times: user=0.01 sys=0.00, real=0.01 secs] 
2013-09-30T06:08:43.916+0000: 541.651: [GC 541.657: [ParNew: 943719K->104832K(943744K), 0.5944580 secs] 2483959K->1927756K(4089472K), 0.6037940 secs] [Times: user=1.28 sys=0.01, real=0.61 secs] 
2013-09-30T06:08:53.922+0000: 551.657: [GC 551.663: [ParNew: 943735K->104832K(943744K), 0.5751880 secs] 2766659K->2208813K(4089472K), 0.5846880 secs] [Times: user=1.27 sys=0.02, real=0.59 secs] 
2013-09-30T06:09:03.913+0000: 561.648: [GC 561.654: [ParNew: 943742K->104832K(943744K), 0.5843870 secs] 3047724K->2488468K(4089472K), 0.5939360 secs] [Times: user=1.25 sys=0.01, real=0.60 secs] 
2013-09-30T06:09:04.535+0000: 562.270: [GC [1 CMS-initial-mark: 2383636K(3145728K)] 2492959K(4089472K), 0.0942020 secs] [Times: user=0.11 sys=0.00, real=0.10 secs] 
2013-09-30T06:09:04.664+0000: 562.394: [CMS-concurrent-mark-start]
2013-09-30T06:09:07.188+0000: 564.918: [CMS-concurrent-mark: 2.524/2.524 secs] [Times: user=3.41 sys=0.42, real=2.55 secs] 
2013-09-30T06:09:07.199+0000: 564.928: [CMS-concurrent-preclean-start]
2013-09-30T06:09:07.796+0000: 565.526: [CMS-concurrent-preclean: 0.443/0.598 secs] [Times: user=0.67 sys=0.32, real=0.60 secs] 
2013-09-30T06:09:07.807+0000: 565.536: [CMS-concurrent-abortable-preclean-start]
 CMS: abort preclean due to time 2013-09-30T06:09:13.165+0000: 570.895: [CMS-concurrent-abortable-preclean: 5.062/5.358 secs] [Times: user=6.47 sys=1.04, real=5.36 secs] 
2013-09-30T06:09:13.175+0000: 570.910: [GC[YG occupancy: 894878 K (943744 K)]570.913: [Rescan (parallel) , 0.3613250 secs]571.275: [weak refs processing, 0.0384970 secs]571.313: [scrub string table, 0.0003820 secs] [1 CMS-remark: 2383636K(3145728K)] 3278514K(4089472K), 0.4047180 secs] [Times: user=1.08 sys=0.00, real=0.41 secs] 
2013-09-30T06:09:13.626+0000: 571.355: [CMS-concurrent-sweep-start]
2013-09-30T06:09:14.008+0000: 571.743: [GC 571.749: [ParNew: 943732K->104832K(943744K), 0.8022380 secs] 3292045K->2733412K(4089472K), 0.8117860 secs] [Times: user=1.26 sys=0.05, real=0.82 secs] 
2013-09-30T06:09:15.762+0000: 573.491: [CMS-concurrent-sweep: 1.316/2.136 secs] [Times: user=3.00 sys=0.46, real=2.15 secs] 
2013-09-30T06:09:15.772+0000: 573.501: [CMS-concurrent-reset-start]
2013-09-30T06:09:15.781+0000: 573.511: [CMS-concurrent-reset: 0.009/0.009 secs] [Times: user=0.00 sys=0.01, real=0.02 secs] 
2013-09-30T06:09:24.102+0000: 581.836: [GC 581.843: [ParNew: 943742K->104832K(943744K), 0.5753140 secs] 2491854K->1934413K(4089472K), 0.5847300 secs] [Times: user=1.27 sys=0.02, real=0.59 secs] 
2013-09-30T06:09:34.000+0000: 591.735: [GC 591.742: [ParNew: 943690K->104832K(943744K), 0.8067940 secs] 2773272K->2216176K(4089472K), 0.8163950 secs] [Times: user=1.33 sys=0.00, real=0.82 secs] 
2013-09-30T06:09:44.114+0000: 601.849: [GC 601.857: [ParNew: 943739K->104832K(943744K), 0.5530970 secs] 3055084K->2489859K(4089472K), 0.5645840 secs] [Times: user=1.24 sys=0.03, real=0.57 secs] 
2013-09-30T06:09:44.702+0000: 602.437: [GC [1 CMS-initial-mark: 2385027K(3145728K)] 2491784K(4089472K), 0.0901990 secs] [Times: user=0.10 sys=0.00, real=0.10 secs] 
2013-09-30T06:09:44.811+0000: 602.540: [CMS-concurrent-mark-start]
2013-09-30T06:09:48.294+0000: 606.023: [CMS-concurrent-mark: 3.480/3.483 secs] [Times: user=4.82 sys=1.16, real=3.49 secs] 
2013-09-30T06:09:48.303+0000: 606.032: [CMS-concurrent-preclean-start]
2013-09-30T06:09:49.157+0000: 606.887: [CMS-concurrent-preclean: 0.588/0.855 secs] [Times: user=0.87 sys=0.38, real=0.85 secs] 
2013-09-30T06:09:49.164+0000: 606.893: [CMS-concurrent-abortable-preclean-start]
 CMS: abort preclean due to time 2013-09-30T06:09:54.479+0000: 612.208: [CMS-concurrent-abortable-preclean: 5.033/5.315 secs] [Times: user=6.59 sys=1.68, real=5.31 secs] 
2013-09-30T06:09:54.483+0000: 612.214: [GC[YG occupancy: 924491 K (943744 K)]612.214: [Rescan (parallel) , 0.4173480 secs]612.631: [weak refs processing, 0.0411330 secs]612.673: [scrub string table, 0.0003780 secs] [1 CMS-remark: 2385027K(3145728K)] 3309519K(4089472K), 0.4603560 secs] [Times: user=1.32 sys=0.00, real=0.46 secs] 
2013-09-30T06:09:54.951+0000: 612.681: [CMS-concurrent-sweep-start]
2013-09-30T06:09:55.126+0000: 612.858: [GC 612.859: [ParNew: 943744K->104832K(943744K), 0.3789780 secs] 3326038K->2630522K(4089472K), 0.3811770 secs] [Times: user=0.90 sys=0.00, real=0.38 secs] 
2013-09-30T06:09:56.890+0000: 614.620: [CMS-concurrent-sweep: 1.482/1.939 secs] [Times: user=3.22 sys=0.86, real=1.94 secs] 
2013-09-30T06:09:56.891+0000: 614.621: [CMS-concurrent-reset-start]
2013-09-30T06:09:56.899+0000: 614.629: [CMS-concurrent-reset: 0.008/0.008 secs] [Times: user=0.01 sys=0.00, real=0.01 secs] 
Heap
 par new generation   total 943744K, used 437004K [0x00000006f8000000, 0x0000000738000000, 0x0000000738000000)
  eden space 838912K,  39% used [0x00000006f8000000, 0x000000070c463308, 0x000000072b340000)
  from space 104832K, 100% used [0x00000007319a0000, 0x0000000738000000, 0x0000000738000000)
  to   space 104832K,   0% used [0x000000072b340000, 0x000000072b340000, 0x00000007319a0000)
 concurrent mark-sweep generation total 3145728K, used 1319418K [0x0000000738000000, 0x00000007f8000000, 0x00000007f8000000)
 concurrent-mark-sweep perm gen total 65536K, used 13521K [0x00000007f8000000, 0x00000007fc000000, 0x0000000800000000)
