2013-09-30T04:43:53.898+0000: 1.185: [Full GC (System) 1.185: [CMS: 0K->5303K(3145728K), 0.1460010 secs] 83891K->5303K(4089472K), [CMS Perm : 9043K->9039K(65536K)], 0.1461710 secs] [Times: user=0.05 sys=0.09, real=0.14 secs] 
2013-09-30T04:43:54.302+0000: 1.589: [GC 1.589: [ParNew: 838912K->4056K(943744K), 0.0331400 secs] 844215K->9359K(4089472K), 0.0333320 secs] [Times: user=0.08 sys=0.00, real=0.04 secs] 
2013-09-30T04:43:55.503+0000: 2.791: [GC 2.792: [ParNew: 842968K->62104K(943744K), 0.1555470 secs] 848271K->67407K(4089472K), 0.1570220 secs] [Times: user=0.37 sys=0.10, real=0.16 secs] 
2013-09-30T04:44:14.416+0000: 21.706: [GC 21.710: [ParNew: 901016K->104832K(943744K), 2.7713490 secs] 906319K->286110K(4089472K), 2.7767500 secs] [Times: user=3.36 sys=0.38, real=2.78 secs] 
2013-09-30T04:44:44.539+0000: 51.830: [GC 51.832: [ParNew: 943744K->90294K(943744K), 0.4783430 secs] 1125022K->377080K(4089472K), 0.4824890 secs] [Times: user=1.11 sys=0.10, real=0.48 secs] 
2013-09-30T04:45:10.980+0000: 78.270: [GC 78.272: [ParNew: 929206K->104832K(943744K), 0.1787100 secs] 1215992K->429960K(4089472K), 0.1829520 secs] [Times: user=0.49 sys=0.00, real=0.18 secs] 
2013-09-30T04:45:37.808+0000: 105.099: [GC 105.101: [ParNew: 943744K->104832K(943744K), 0.2108430 secs] 1268872K->469954K(4089472K), 0.2151600 secs] [Times: user=0.53 sys=0.08, real=0.22 secs] 
2013-09-30T04:46:04.151+0000: 131.441: [GC 131.444: [ParNew: 943744K->104832K(943744K), 0.2856090 secs] 1308866K->530410K(4089472K), 0.2906440 secs] [Times: user=0.58 sys=0.13, real=0.30 secs] 
2013-09-30T04:46:27.361+0000: 154.652: [GC 154.654: [ParNew: 943744K->104832K(943744K), 0.3447410 secs] 1369322K->606249K(4089472K), 0.3495450 secs] [Times: user=0.76 sys=0.10, real=0.36 secs] 
2013-09-30T04:46:47.858+0000: 175.149: [GC 175.152: [ParNew: 943744K->104832K(943744K), 0.5487620 secs] 1445161K->707628K(4089472K), 0.5543200 secs] [Times: user=0.79 sys=0.14, real=0.56 secs] 
2013-09-30T04:47:07.630+0000: 194.921: [GC 194.924: [ParNew: 943741K->104832K(943744K), 0.4800220 secs] 1546538K->823511K(4089472K), 0.4853090 secs] [Times: user=0.79 sys=0.15, real=0.49 secs] 
2013-09-30T04:47:26.312+0000: 213.602: [GC 213.605: [ParNew: 943739K->104832K(943744K), 0.4965140 secs] 1662418K->951033K(4089472K), 0.5015220 secs] [Times: user=0.81 sys=0.19, real=0.50 secs] 
2013-09-30T04:47:43.963+0000: 231.254: [GC 231.257: [ParNew: 943744K->104832K(943744K), 0.5389140 secs] 1789945K->1093359K(4089472K), 0.5441410 secs] [Times: user=0.84 sys=0.23, real=0.55 secs] 
2013-09-30T04:48:00.790+0000: 248.080: [GC 248.084: [ParNew: 943741K->104832K(943744K), 0.5993380 secs] 1932268K->1248297K(4089472K), 0.6046850 secs] [Times: user=0.86 sys=0.29, real=0.61 secs] 
2013-09-30T04:48:16.584+0000: 263.875: [GC 263.879: [ParNew: 943743K->104832K(943744K), 0.7365580 secs] 2087208K->1418461K(4089472K), 0.7421260 secs] [Times: user=0.88 sys=0.31, real=0.75 secs] 
2013-09-30T04:48:32.364+0000: 279.654: [GC 279.658: [ParNew: 943736K->104832K(943744K), 0.6583810 secs] 2257366K->1602785K(4089472K), 0.6641240 secs] [Times: user=0.99 sys=0.28, real=0.66 secs] 
2013-09-30T04:48:46.538+0000: 293.828: [GC 293.832: [ParNew: 943737K->104832K(943744K), 0.7435400 secs] 2441690K->1794310K(4089472K), 0.7492190 secs] [Times: user=0.98 sys=0.28, real=0.75 secs] 
2013-09-30T04:48:47.305+0000: 294.596: [GC [1 CMS-initial-mark: 1689478K(3145728K)] 1797238K(4089472K), 0.0840610 secs] [Times: user=0.09 sys=0.00, real=0.08 secs] 
2013-09-30T04:48:47.401+0000: 294.688: [CMS-concurrent-mark-start]
2013-09-30T04:48:48.694+0000: 295.982: [CMS-concurrent-mark: 1.294/1.294 secs] [Times: user=1.62 sys=0.20, real=1.30 secs] 
2013-09-30T04:48:48.701+0000: 295.988: [CMS-concurrent-preclean-start]
2013-09-30T04:48:48.854+0000: 296.141: [CMS-concurrent-preclean: 0.114/0.153 secs] [Times: user=0.13 sys=0.06, real=0.15 secs] 
2013-09-30T04:48:48.860+0000: 296.147: [CMS-concurrent-abortable-preclean-start]
 CMS: abort preclean due to time 2013-09-30T04:48:54.206+0000: 301.493: [CMS-concurrent-abortable-preclean: 5.215/5.346 secs] [Times: user=6.70 sys=0.52, real=5.35 secs] 
2013-09-30T04:48:54.212+0000: 301.503: [GC[YG occupancy: 555772 K (943744 K)]301.504: [Rescan (parallel) , 0.1891040 secs]301.693: [weak refs processing, 0.0331100 secs]301.727: [scrub string table, 0.0004160 secs] [1 CMS-remark: 1689478K(3145728K)] 2245250K(4089472K), 0.2253940 secs] [Times: user=0.59 sys=0.00, real=0.23 secs] 
2013-09-30T04:48:54.453+0000: 301.740: [CMS-concurrent-sweep-start]
2013-09-30T04:48:55.149+0000: 302.436: [CMS-concurrent-sweep: 0.696/0.696 secs] [Times: user=0.95 sys=0.05, real=0.70 secs] 
2013-09-30T04:48:55.156+0000: 302.443: [CMS-concurrent-reset-start]
2013-09-30T04:48:55.164+0000: 302.452: [CMS-concurrent-reset: 0.009/0.009 secs] [Times: user=0.01 sys=0.01, real=0.02 secs] 
2013-09-30T04:49:00.725+0000: 308.016: [GC 308.019: [ParNew: 943744K->104832K(943744K), 0.4090920 secs] 1625865K->980887K(4089472K), 0.4147590 secs] [Times: user=1.00 sys=0.00, real=0.42 secs] 
2013-09-30T04:49:14.427+0000: 321.718: [GC 321.722: [ParNew: 943744K->104832K(943744K), 0.4062380 secs] 1819799K->1183025K(4089472K), 0.4118860 secs] [Times: user=0.99 sys=0.00, real=0.42 secs] 
2013-09-30T04:49:31.419+0000: 338.710: [GC 338.714: [ParNew: 943742K->104832K(943744K), 0.4881650 secs] 2021935K->1398369K(4089472K), 0.4941630 secs] [Times: user=0.98 sys=0.00, real=0.49 secs] 
2013-09-30T04:49:48.903+0000: 356.194: [GC 356.198: [ParNew: 943735K->104832K(943744K), 0.4180670 secs] 2237273K->1607728K(4089472K), 0.4238990 secs] [Times: user=0.98 sys=0.00, real=0.43 secs] 
2013-09-30T04:50:06.075+0000: 373.366: [GC 373.370: [ParNew: 943739K->104832K(943744K), 0.4902340 secs] 2446635K->1818180K(4089472K), 0.4965450 secs] [Times: user=1.03 sys=0.08, real=0.50 secs] 
2013-09-30T04:50:23.158+0000: 390.448: [GC 390.452: [ParNew: 943740K->104832K(943744K), 0.7636760 secs] 2657089K->2027416K(4089472K), 0.7695550 secs] [Times: user=1.09 sys=0.32, real=0.78 secs] 
2013-09-30T04:50:40.502+0000: 407.793: [GC 407.796: [ParNew: 943740K->104832K(943744K), 0.7789420 secs] 2866324K->2235456K(4089472K), 0.7847840 secs] [Times: user=1.04 sys=0.35, real=0.79 secs] 
2013-09-30T04:50:57.854+0000: 425.145: [GC 425.149: [ParNew: 943736K->104832K(943744K), 0.7604480 secs] 3074361K->2444442K(4089472K), 0.7663980 secs] [Times: user=1.06 sys=0.34, real=0.76 secs] 
2013-09-30T04:51:15.182+0000: 442.473: [GC 442.477: [ParNew: 943738K->104832K(943744K), 0.8215860 secs] 3283348K->2652852K(4089472K), 0.8275390 secs] [Times: user=1.08 sys=0.30, real=0.82 secs] 
2013-09-30T04:51:32.596+0000: 459.886: [GC 459.890: [ParNew: 943744K->104832K(943744K), 0.7742070 secs] 3491780K->2861356K(4089472K), 0.7802360 secs] [Times: user=1.04 sys=0.32, real=0.78 secs] 
2013-09-30T04:51:33.387+0000: 460.678: [GC [1 CMS-initial-mark: 2756524K(3145728K)] 2862085K(4089472K), 0.0761470 secs] [Times: user=0.07 sys=0.00, real=0.08 secs] 
2013-09-30T04:51:33.475+0000: 460.762: [CMS-concurrent-mark-start]
2013-09-30T04:51:34.880+0000: 462.168: [CMS-concurrent-mark: 1.406/1.406 secs] [Times: user=1.84 sys=0.10, real=1.41 secs] 
2013-09-30T04:51:34.886+0000: 462.174: [CMS-concurrent-preclean-start]
2013-09-30T04:51:35.101+0000: 462.388: [CMS-concurrent-preclean: 0.157/0.215 secs] [Times: user=0.19 sys=0.12, real=0.21 secs] 
2013-09-30T04:51:35.107+0000: 462.395: [CMS-concurrent-abortable-preclean-start]
 CMS: abort preclean due to time 2013-09-30T04:51:40.407+0000: 467.695: [CMS-concurrent-abortable-preclean: 5.150/5.300 secs] [Times: user=6.29 sys=0.39, real=5.30 secs] 
2013-09-30T04:51:40.413+0000: 467.704: [GC[YG occupancy: 475999 K (943744 K)]467.705: [Rescan (parallel) , 0.1805200 secs]467.886: [weak refs processing, 0.0694560 secs]467.956: [scrub string table, 0.0003750 secs] [1 CMS-remark: 2756524K(3145728K)] 3232524K(4089472K), 0.2536150 secs] [Times: user=0.63 sys=0.00, real=0.25 secs] 
2013-09-30T04:51:40.689+0000: 467.976: [CMS-concurrent-sweep-start]
2013-09-30T04:51:41.622+0000: 468.909: [CMS-concurrent-sweep: 0.933/0.933 secs] [Times: user=1.27 sys=0.09, real=0.93 secs] 
2013-09-30T04:51:41.628+0000: 468.915: [CMS-concurrent-reset-start]
2013-09-30T04:51:41.636+0000: 468.924: [CMS-concurrent-reset: 0.008/0.008 secs] [Times: user=0.01 sys=0.00, real=0.01 secs] 
2013-09-30T04:51:50.036+0000: 477.327: [GC 477.330: [ParNew: 943739K->104832K(943744K), 0.4146850 secs] 1698000K->1063478K(4089472K), 0.4205800 secs] [Times: user=0.99 sys=0.00, real=0.42 secs] 
2013-09-30T04:52:07.395+0000: 494.685: [GC 494.691: [ParNew: 943744K->104832K(943744K), 0.4883950 secs] 1902390K->1271016K(4089472K), 0.4958400 secs] [Times: user=1.00 sys=0.00, real=0.50 secs] 
2013-09-30T04:52:24.634+0000: 511.925: [GC 511.929: [ParNew: 943744K->104832K(943744K), 0.4101270 secs] 2109928K->1478348K(4089472K), 0.4159480 secs] [Times: user=0.96 sys=0.01, real=0.42 secs] 
2013-09-30T04:52:42.014+0000: 529.304: [GC 529.308: [ParNew: 943731K->104832K(943744K), 0.4123080 secs] 2317247K->1685602K(4089472K), 0.4181670 secs] [Times: user=0.95 sys=0.00, real=0.42 secs] 
2013-09-30T04:52:59.326+0000: 546.616: [GC 546.621: [ParNew: 943744K->104832K(943744K), 0.4523060 secs] 2524514K->1893312K(4089472K), 0.4584590 secs] [Times: user=0.96 sys=0.01, real=0.47 secs] 
2013-09-30T04:53:16.669+0000: 563.960: [GC 563.964: [ParNew: 943740K->104832K(943744K), 0.3949920 secs] 2732221K->2102007K(4089472K), 0.4009970 secs] [Times: user=0.97 sys=0.00, real=0.40 secs] 
2013-09-30T04:53:34.076+0000: 581.366: [GC 581.370: [ParNew: 943744K->104832K(943744K), 0.3935220 secs] 2940919K->2309047K(4089472K), 0.3995070 secs] [Times: user=0.98 sys=0.00, real=0.40 secs] 
2013-09-30T04:53:51.522+0000: 598.812: [GC 598.816: [ParNew: 943735K->104832K(943744K), 0.3922490 secs] 3147951K->2516887K(4089472K), 0.3980990 secs] [Times: user=0.95 sys=0.00, real=0.41 secs] 
Heap
 par new generation   total 943744K, used 916095K [0x00000006f8000000, 0x0000000738000000, 0x0000000738000000)
  eden space 838912K,  96% used [0x00000006f8000000, 0x000000072983fed0, 0x000000072b340000)
  from space 104832K, 100% used [0x000000072b340000, 0x00000007319a0000, 0x00000007319a0000)
  to   space 104832K,   0% used [0x00000007319a0000, 0x00000007319a0000, 0x0000000738000000)
 concurrent mark-sweep generation total 3145728K, used 2412055K [0x0000000738000000, 0x00000007f8000000, 0x00000007f8000000)
 concurrent-mark-sweep perm gen total 65536K, used 13448K [0x00000007f8000000, 0x00000007fc000000, 0x0000000800000000)
