2013-10-02T01:21:59.348+0000: 2.384: [Full GC (System) 2.384: [CMS: 0K->5918K(4091904K), 0.1721980 secs] 36109K->5918K(4184064K), [CMS Perm : 9081K->9077K(65536K)], 0.1723450 secs] [Times: user=0.06 sys=0.11, real=0.17 secs] 
2013-10-02T01:21:59.759+0000: 2.794: [GC 2.794: [ParNew: 81920K->4336K(92160K), 0.0451430 secs] 87838K->10254K(4184064K), 0.0453080 secs] [Times: user=0.12 sys=0.02, real=0.05 secs] 
2013-10-02T01:22:00.335+0000: 3.370: [GC 3.371: [ParNew: 86256K->10240K(92160K), 0.4239090 secs] 92174K->43260K(4184064K), 0.4246320 secs] [Times: user=0.62 sys=0.11, real=0.42 secs] 
2013-10-02T01:22:01.222+0000: 4.258: [GC 4.259: [ParNew: 92160K->10240K(92160K), 0.1390550 secs] 125180K->79690K(4184064K), 0.1402200 secs] [Times: user=0.46 sys=0.05, real=0.14 secs] 
2013-10-02T01:22:02.013+0000: 5.050: [GC 5.051: [ParNew: 92160K->10240K(92160K), 0.1926490 secs] 161610K->125380K(4184064K), 0.1944190 secs] [Times: user=0.58 sys=0.08, real=0.20 secs] 
2013-10-02T01:22:02.918+0000: 5.955: [GC 5.956: [ParNew: 92160K->10240K(92160K), 0.1668840 secs] 207300K->169417K(4184064K), 0.1691800 secs] [Times: user=0.55 sys=0.06, real=0.18 secs] 
2013-10-02T01:22:03.910+0000: 6.947: [GC 6.949: [ParNew: 92160K->10240K(92160K), 0.1795680 secs] 251337K->213889K(4184064K), 0.1824710 secs] [Times: user=0.57 sys=0.04, real=0.18 secs] 
2013-10-02T01:22:05.022+0000: 8.060: [GC 8.062: [ParNew: 92160K->10240K(92160K), 0.1708090 secs] 295809K->258185K(4184064K), 0.1742390 secs] [Times: user=0.57 sys=0.06, real=0.18 secs] 
2013-10-02T01:22:06.248+0000: 9.286: [GC 9.288: [ParNew: 92160K->10238K(92160K), 0.1875750 secs] 340105K->302380K(4184064K), 0.1915550 secs] [Times: user=0.53 sys=0.12, real=0.19 secs] 
2013-10-02T01:22:07.615+0000: 10.654: [GC 10.656: [ParNew: 92158K->10238K(92160K), 0.2174490 secs] 384300K->346574K(4184064K), 0.2219720 secs] [Times: user=0.62 sys=0.06, real=0.23 secs] 
2013-10-02T01:22:09.146+0000: 12.185: [GC 12.188: [ParNew: 92158K->10238K(92160K), 0.2055450 secs] 428494K->390500K(4184064K), 0.2108230 secs] [Times: user=0.61 sys=0.06, real=0.21 secs] 
2013-10-02T01:22:10.778+0000: 13.818: [GC 13.822: [ParNew: 92158K->10240K(92160K), 0.2222660 secs] 472420K->434744K(4184064K), 0.2283430 secs] [Times: user=0.64 sys=0.05, real=0.23 secs] 
2013-10-02T01:22:12.666+0000: 15.707: [GC 15.711: [ParNew: 92160K->10239K(92160K), 0.2083740 secs] 516664K->479075K(4184064K), 0.2153950 secs] [Times: user=0.63 sys=0.02, real=0.22 secs] 
2013-10-02T01:22:14.569+0000: 17.610: [GC 17.614: [ParNew: 92159K->10239K(92160K), 0.2184180 secs] 560995K->523853K(4184064K), 0.2260420 secs] [Times: user=0.72 sys=0.01, real=0.23 secs] 
2013-10-02T01:22:16.510+0000: 19.551: [GC 19.556: [ParNew: 92159K->10239K(92160K), 0.1856790 secs] 605773K->568645K(4184064K), 0.1940730 secs] [Times: user=0.62 sys=0.06, real=0.20 secs] 
2013-10-02T01:22:18.555+0000: 21.597: [GC 21.602: [ParNew: 92159K->10239K(92160K), 0.1813630 secs] 650565K->613556K(4184064K), 0.1901240 secs] [Times: user=0.63 sys=0.06, real=0.19 secs] 
2013-10-02T01:22:20.718+0000: 23.760: [GC 23.765: [ParNew: 92158K->10238K(92160K), 0.2374420 secs] 695476K->658165K(4184064K), 0.2470480 secs] [Times: user=0.73 sys=0.03, real=0.25 secs] 
2013-10-02T01:22:23.218+0000: 26.261: [GC 26.267: [ParNew: 92158K->10238K(92160K), 0.2164460 secs] 740085K->702605K(4184064K), 0.2278420 secs] [Times: user=0.68 sys=0.07, real=0.24 secs] 
2013-10-02T01:22:25.758+0000: 28.801: [GC 28.807: [ParNew: 92158K->10238K(92160K), 0.1911490 secs] 784525K->747096K(4184064K), 0.2019350 secs] [Times: user=0.67 sys=0.04, real=0.21 secs] 
2013-10-02T01:22:28.336+0000: 31.379: [GC 31.386: [ParNew: 92158K->10238K(92160K), 0.2484110 secs] 829016K->791729K(4184064K), 0.2600280 secs] [Times: user=0.74 sys=0.09, real=0.27 secs] 
2013-10-02T01:22:32.185+0000: 35.229: [GC 35.235: [ParNew: 92158K->10238K(92160K), 0.1773700 secs] 873649K->819888K(4184064K), 0.1892570 secs] [Times: user=0.52 sys=0.03, real=0.20 secs] 
2013-10-02T01:22:34.504+0000: 37.550: [GC 37.558: [ParNew: 92158K->10240K(92160K), 0.1539240 secs] 901808K->830555K(4184064K), 0.1679390 secs] [Times: user=0.47 sys=0.04, real=0.18 secs] 
2013-10-02T01:22:35.761+0000: 38.807: [GC 38.814: [ParNew: 92160K->10240K(92160K), 0.1946540 secs] 912475K->839536K(4184064K), 0.2078370 secs] [Times: user=0.63 sys=0.04, real=0.21 secs] 
2013-10-02T01:22:37.573+0000: 40.617: [GC 40.624: [ParNew: 92160K->10240K(92160K), 0.1050510 secs] 921456K->859267K(4184064K), 0.1177760 secs] [Times: user=0.34 sys=0.04, real=0.12 secs] 
2013-10-02T01:22:38.616+0000: 41.661: [GC 41.667: [ParNew: 92160K->10240K(92160K), 0.0879760 secs] 941187K->870267K(4184064K), 0.1002290 secs] [Times: user=0.32 sys=0.00, real=0.11 secs] 
2013-10-02T01:22:39.826+0000: 42.870: [GC 42.876: [ParNew: 92160K->10240K(92160K), 0.0747990 secs] 952187K->881948K(4184064K), 0.0866990 secs] [Times: user=0.25 sys=0.04, real=0.10 secs] 
2013-10-02T01:22:41.075+0000: 44.119: [GC 44.126: [ParNew: 92160K->10240K(92160K), 0.1013940 secs] 963868K->900087K(4184064K), 0.1136430 secs] [Times: user=0.37 sys=0.02, real=0.12 secs] 
2013-10-02T01:22:41.767+0000: 44.811: [GC 44.818: [ParNew: 92160K->10240K(92160K), 0.0837190 secs] 982007K->916847K(4184064K), 0.0957670 secs] [Times: user=0.32 sys=0.00, real=0.11 secs] 
2013-10-02T01:22:42.344+0000: 45.401: [GC 45.408: [ParNew: 92160K->10240K(92160K), 0.1500190 secs] 998767K->931810K(4184064K), 0.1636430 secs] [Times: user=0.44 sys=0.06, real=0.18 secs] 
2013-10-02T01:22:43.722+0000: 46.766: [GC 46.773: [ParNew: 92160K->10240K(92160K), 0.1099630 secs] 1013730K->953811K(4184064K), 0.1224780 secs] [Times: user=0.35 sys=0.05, real=0.13 secs] 
2013-10-02T01:22:44.463+0000: 47.509: [GC 47.516: [ParNew: 92160K->10240K(92160K), 0.2125640 secs] 1035731K->972042K(4184064K), 0.2255940 secs] [Times: user=0.56 sys=0.11, real=0.24 secs] 
2013-10-02T01:22:45.946+0000: 48.991: [GC 48.998: [ParNew: 92160K->10240K(92160K), 0.1253860 secs] 1075131K->1014588K(4184064K), 0.1385070 secs] [Times: user=0.44 sys=0.04, real=0.15 secs] 
2013-10-02T01:22:46.204+0000: 49.249: [GC 49.256: [ParNew: 13530K->10229K(92160K), 0.0848260 secs] 1017879K->1024874K(4184064K), 0.0974240 secs] [Times: user=0.32 sys=0.01, real=0.11 secs] 
2013-10-02T01:22:47.178+0000: 50.223: [GC 50.230: [ParNew: 92149K->10240K(92160K), 0.0713080 secs] 1106794K->1033006K(4184064K), 0.0841140 secs] [Times: user=0.28 sys=0.00, real=0.10 secs] 
2013-10-02T01:22:48.277+0000: 51.322: [GC 51.329: [ParNew: 92160K->10240K(92160K), 0.1291530 secs] 1114926K->1055210K(4184064K), 0.1427810 secs] [Times: user=0.44 sys=0.04, real=0.16 secs] 
2013-10-02T01:22:49.498+0000: 52.543: [GC 52.550: [ParNew: 92160K->10240K(92160K), 0.1620550 secs] 1137130K->1077584K(4184064K), 0.1767960 secs] [Times: user=0.54 sys=0.05, real=0.19 secs] 
2013-10-02T01:22:50.624+0000: 53.669: [GC 53.676: [ParNew: 92152K->10240K(92160K), 0.1546200 secs] 1159497K->1099192K(4184064K), 0.1679860 secs] [Times: user=0.42 sys=0.08, real=0.18 secs] 
2013-10-02T01:22:51.756+0000: 54.802: [GC 54.814: [ParNew: 92160K->10240K(92160K), 0.2314200 secs] 1181112K->1116935K(4184064K), 0.2509630 secs] [Times: user=0.45 sys=0.11, real=0.26 secs] 
2013-10-02T01:22:53.575+0000: 56.620: [GC 56.628: [ParNew: 92160K->10240K(92160K), 0.0781280 secs] 1198855K->1128425K(4184064K), 0.0916810 secs] [Times: user=0.26 sys=0.03, real=0.10 secs] 
2013-10-02T01:22:55.131+0000: 58.182: [GC 58.192: [ParNew: 92154K->10240K(92160K), 0.0956900 secs] 1210339K->1139070K(4184064K), 0.1127550 secs] [Times: user=0.36 sys=0.05, real=0.13 secs] 
2013-10-02T01:22:56.781+0000: 59.827: [GC 59.835: [ParNew: 92158K->10240K(92160K), 0.0865920 secs] 1220988K->1149579K(4184064K), 0.1006140 secs] [Times: user=0.25 sys=0.02, real=0.11 secs] 
2013-10-02T01:22:58.635+0000: 61.681: [GC 61.688: [ParNew: 92160K->10240K(92160K), 0.0836690 secs] 1231499K->1160070K(4184064K), 0.0973760 secs] [Times: user=0.26 sys=0.01, real=0.11 secs] 
2013-10-02T01:23:00.041+0000: 63.092: [GC 63.100: [ParNew: 92159K->10240K(92160K), 0.1485400 secs] 1241990K->1170858K(4184064K), 0.1635110 secs] [Times: user=0.46 sys=0.04, real=0.18 secs] 
2013-10-02T01:23:02.542+0000: 65.589: [GC 65.596: [ParNew: 92160K->10240K(92160K), 0.0802300 secs] 1252778K->1180387K(4184064K), 0.0939990 secs] [Times: user=0.29 sys=0.02, real=0.11 secs] 
2013-10-02T01:23:03.749+0000: 66.795: [GC 66.802: [ParNew: 92159K->10240K(92160K), 0.0948540 secs] 1262307K->1191549K(4184064K), 0.1088500 secs] [Times: user=0.28 sys=0.00, real=0.12 secs] 
2013-10-02T01:23:05.082+0000: 68.127: [GC 68.134: [ParNew: 92160K->10240K(92160K), 0.0869010 secs] 1273469K->1201842K(4184064K), 0.1003070 secs] [Times: user=0.26 sys=0.01, real=0.11 secs] 
2013-10-02T01:23:07.020+0000: 70.066: [GC 70.073: [ParNew: 92137K->10240K(92160K), 0.0752140 secs] 1283739K->1212592K(4184064K), 0.0886910 secs] [Times: user=0.26 sys=0.01, real=0.10 secs] 
2013-10-02T01:23:08.587+0000: 71.633: [GC 71.641: [ParNew: 92159K->10240K(92160K), 0.0952170 secs] 1294512K->1222940K(4184064K), 0.1094590 secs] [Times: user=0.29 sys=0.00, real=0.12 secs] 
2013-10-02T01:23:10.186+0000: 73.232: [GC 73.240: [ParNew: 92159K->10240K(92160K), 0.1312940 secs] 1304860K->1235165K(4184064K), 0.1468050 secs] [Times: user=0.38 sys=0.03, real=0.16 secs] 
2013-10-02T01:23:11.566+0000: 74.613: [GC 74.621: [ParNew: 92160K->10240K(92160K), 0.1327300 secs] 1317085K->1247503K(4184064K), 0.1484440 secs] [Times: user=0.31 sys=0.01, real=0.16 secs] 
2013-10-02T01:23:12.728+0000: 75.774: [GC 75.782: [ParNew: 92159K->10240K(92160K), 0.0941060 secs] 1329423K->1260794K(4184064K), 0.1081700 secs] [Times: user=0.31 sys=0.04, real=0.11 secs] 
2013-10-02T01:23:13.892+0000: 76.941: [GC 76.949: [ParNew: 92160K->10240K(92160K), 0.1216560 secs] 1342714K->1276138K(4184064K), 0.1359460 secs] [Times: user=0.31 sys=0.06, real=0.15 secs] 
2013-10-02T01:23:14.444+0000: 77.493: [GC 77.501: [ParNew: 92160K->10240K(92160K), 0.1438190 secs] 1358058K->1288507K(4184064K), 0.1581840 secs] [Times: user=0.38 sys=0.11, real=0.18 secs] 
2013-10-02T01:23:15.772+0000: 78.817: [GC 78.825: [ParNew: 92160K->10240K(92160K), 0.1490960 secs] 1370427K->1304781K(4184064K), 0.1629200 secs] [Times: user=0.37 sys=0.06, real=0.17 secs] 
2013-10-02T01:23:16.790+0000: 79.836: [GC 79.843: [ParNew: 92135K->10240K(92160K), 0.0802310 secs] 1386676K->1317560K(4184064K), 0.0939630 secs] [Times: user=0.26 sys=0.02, real=0.10 secs] 
2013-10-02T01:23:18.060+0000: 81.107: [GC 81.115: [ParNew: 92159K->10240K(92160K), 0.1211340 secs] 1399479K->1331270K(4184064K), 0.1359280 secs] [Times: user=0.37 sys=0.05, real=0.15 secs] 
2013-10-02T01:23:19.318+0000: 82.364: [GC 82.372: [ParNew: 92160K->10240K(92160K), 0.1217900 secs] 1413190K->1344490K(4184064K), 0.1389180 secs] [Times: user=0.36 sys=0.08, real=0.15 secs] 
2013-10-02T01:23:20.877+0000: 83.922: [GC 83.929: [ParNew: 92160K->10240K(92160K), 0.0883650 secs] 1426410K->1358446K(4184064K), 0.1022010 secs] [Times: user=0.31 sys=0.03, real=0.11 secs] 
2013-10-02T01:23:21.935+0000: 84.980: [GC 84.987: [ParNew: 92160K->10240K(92160K), 0.0821980 secs] 1440366K->1370556K(4184064K), 0.0959200 secs] [Times: user=0.30 sys=0.02, real=0.11 secs] 
2013-10-02T01:23:23.134+0000: 86.180: [GC 86.187: [ParNew: 92158K->10240K(92160K), 0.1159090 secs] 1452475K->1383245K(4184064K), 0.1301330 secs] [Times: user=0.32 sys=0.05, real=0.15 secs] 
2013-10-02T01:23:24.544+0000: 87.591: [GC 87.599: [ParNew: 92144K->10240K(92160K), 0.1114640 secs] 1465150K->1396400K(4184064K), 0.1265070 secs] [Times: user=0.38 sys=0.04, real=0.14 secs] 
2013-10-02T01:23:25.857+0000: 88.903: [GC 88.911: [ParNew: 92130K->10240K(92160K), 0.0999160 secs] 1478291K->1409260K(4184064K), 0.1135550 secs] [Times: user=0.29 sys=0.05, real=0.12 secs] 
2013-10-02T01:23:27.178+0000: 90.223: [GC 90.230: [ParNew: 92158K->10240K(92160K), 0.0771170 secs] 1491179K->1421430K(4184064K), 0.0906760 secs] [Times: user=0.26 sys=0.01, real=0.10 secs] 
2013-10-02T01:23:28.451+0000: 91.498: [GC 91.506: [ParNew: 92156K->10240K(92160K), 0.1086810 secs] 1503347K->1434700K(4184064K), 0.1230950 secs] [Times: user=0.32 sys=0.03, real=0.13 secs] 
2013-10-02T01:23:29.740+0000: 92.785: [GC 92.793: [ParNew: 92159K->10240K(92160K), 0.1211680 secs] 1516620K->1447012K(4184064K), 0.1351770 secs] [Times: user=0.32 sys=0.05, real=0.14 secs] 
2013-10-02T01:23:31.052+0000: 94.100: [GC 94.109: [ParNew: 92159K->10240K(92160K), 0.1420940 secs] 1528931K->1460209K(4184064K), 0.1575520 secs] [Times: user=0.46 sys=0.04, real=0.17 secs] 
2013-10-02T01:23:32.388+0000: 95.436: [GC 95.443: [ParNew: 92160K->10240K(92160K), 0.0973080 secs] 1542129K->1472415K(4184064K), 0.1112550 secs] [Times: user=0.30 sys=0.04, real=0.12 secs] 
2013-10-02T01:23:33.836+0000: 96.890: [GC 96.897: [ParNew: 92160K->10240K(92160K), 0.0885440 secs] 1554335K->1485058K(4184064K), 0.1026650 secs] [Times: user=0.28 sys=0.05, real=0.12 secs] 
2013-10-02T01:23:35.061+0000: 98.106: [GC 98.113: [ParNew: 92159K->10240K(92160K), 0.0971340 secs] 1566978K->1497705K(4184064K), 0.1107830 secs] [Times: user=0.29 sys=0.02, real=0.12 secs] 
2013-10-02T01:23:36.362+0000: 99.410: [GC 99.418: [ParNew: 92159K->10240K(92160K), 0.0905640 secs] 1579625K->1510674K(4184064K), 0.1045210 secs] [Times: user=0.28 sys=0.02, real=0.12 secs] 
2013-10-02T01:23:37.672+0000: 100.721: [GC 100.728: [ParNew: 92156K->10240K(92160K), 0.0848360 secs] 1592590K->1523658K(4184064K), 0.0987800 secs] [Times: user=0.27 sys=0.06, real=0.12 secs] 
2013-10-02T01:23:39.187+0000: 102.233: [GC 102.240: [ParNew: 92160K->10240K(92160K), 0.1383970 secs] 1605578K->1537134K(4184064K), 0.1528400 secs] [Times: user=0.37 sys=0.06, real=0.16 secs] 
2013-10-02T01:23:40.564+0000: 103.610: [GC 103.620: [ParNew: 92160K->10240K(92160K), 0.1124310 secs] 1619054K->1552063K(4184064K), 0.1281440 secs] [Times: user=0.34 sys=0.05, real=0.14 secs] 
2013-10-02T01:23:41.783+0000: 104.831: [GC 104.839: [ParNew: 92160K->10240K(92160K), 0.1250980 secs] 1633983K->1568045K(4184064K), 0.1392890 secs] [Times: user=0.36 sys=0.06, real=0.14 secs] 
2013-10-02T01:23:42.902+0000: 105.947: [GC 105.955: [ParNew: 92159K->10240K(92160K), 0.1452450 secs] 1649965K->1585043K(4184064K), 0.1595850 secs] [Times: user=0.36 sys=0.08, real=0.17 secs] 
2013-10-02T01:23:43.761+0000: 106.808: [GC 106.816: [ParNew: 92158K->10240K(92160K), 0.0971780 secs] 1666962K->1601930K(4184064K), 0.1112920 secs] [Times: user=0.28 sys=0.02, real=0.13 secs] 
2013-10-02T01:23:44.860+0000: 107.906: [GC 107.913: [ParNew: 92160K->10240K(92160K), 0.1084330 secs] 1683850K->1620484K(4184064K), 0.1219550 secs] [Times: user=0.34 sys=0.01, real=0.13 secs] 
2013-10-02T01:23:45.706+0000: 108.752: [GC 108.759: [ParNew: 92106K->10240K(92160K), 0.1091060 secs] 1702351K->1637566K(4184064K), 0.1226070 secs] [Times: user=0.28 sys=0.03, real=0.13 secs] 
2013-10-02T01:23:46.740+0000: 109.785: [GC 109.793: [ParNew: 92159K->10240K(92160K), 0.1073690 secs] 1719485K->1654544K(4184064K), 0.1220540 secs] [Times: user=0.29 sys=0.05, real=0.13 secs] 
2013-10-02T01:23:47.636+0000: 110.682: [GC 110.689: [ParNew: 92154K->10240K(92160K), 0.1098390 secs] 1736458K->1671305K(4184064K), 0.1236810 secs] [Times: user=0.29 sys=0.02, real=0.13 secs] 
2013-10-02T01:23:48.560+0000: 111.605: [GC 111.612: [ParNew: 92160K->10240K(92160K), 0.1068920 secs] 1753225K->1688649K(4184064K), 0.1206070 secs] [Times: user=0.31 sys=0.02, real=0.13 secs] 
2013-10-02T01:23:49.654+0000: 112.700: [GC 112.707: [ParNew: 92157K->10240K(92160K), 0.0988900 secs] 1770566K->1705099K(4184064K), 0.1123100 secs] [Times: user=0.27 sys=0.05, real=0.13 secs] 
2013-10-02T01:23:50.706+0000: 113.751: [GC 113.759: [ParNew: 92158K->10240K(92160K), 0.1077420 secs] 1787017K->1721501K(4184064K), 0.1215700 secs] [Times: user=0.26 sys=0.03, real=0.13 secs] 
2013-10-02T01:23:51.812+0000: 114.857: [GC 114.864: [ParNew: 92150K->10240K(92160K), 0.1160270 secs] 1803411K->1738169K(4184064K), 0.1295050 secs] [Times: user=0.34 sys=0.03, real=0.14 secs] 
2013-10-02T01:23:52.848+0000: 115.893: [GC 115.900: [ParNew: 92159K->10240K(92160K), 0.0813170 secs] 1820089K->1754343K(4184064K), 0.0948300 secs] [Times: user=0.30 sys=0.01, real=0.10 secs] 
2013-10-02T01:23:53.875+0000: 116.921: [GC 116.928: [ParNew: 92152K->10240K(92160K), 0.0858840 secs] 1836255K->1770672K(4184064K), 0.1003930 secs] [Times: user=0.27 sys=0.04, real=0.11 secs] 
2013-10-02T01:23:55.066+0000: 118.111: [GC 118.119: [ParNew: 92160K->10240K(92160K), 0.1175250 secs] 1852592K->1787686K(4184064K), 0.1313610 secs] [Times: user=0.39 sys=0.02, real=0.14 secs] 
2013-10-02T01:23:56.198+0000: 119.243: [GC 119.250: [ParNew: 92160K->10240K(92160K), 0.1258590 secs] 1869606K->1803583K(4184064K), 0.1399480 secs] [Times: user=0.40 sys=0.05, real=0.15 secs] 
2013-10-02T01:23:57.344+0000: 120.390: [GC 120.397: [ParNew: 92137K->10240K(92160K), 0.1538270 secs] 1885481K->1819443K(4184064K), 0.1690510 secs] [Times: user=0.46 sys=0.09, real=0.18 secs] 
2013-10-02T01:23:58.430+0000: 121.476: [GC 121.483: [ParNew: 92137K->10240K(92160K), 0.1140010 secs] 1901340K->1835740K(4184064K), 0.1282930 secs] [Times: user=0.29 sys=0.04, real=0.14 secs] 
2013-10-02T01:23:59.565+0000: 122.611: [GC 122.618: [ParNew: 92158K->10240K(92160K), 0.1577030 secs] 1917659K->1851911K(4184064K), 0.1717550 secs] [Times: user=0.39 sys=0.10, real=0.18 secs] 
2013-10-02T01:24:00.632+0000: 123.677: [GC 123.684: [ParNew: 92160K->10240K(92160K), 0.0780820 secs] 1933831K->1868055K(4184064K), 0.0915370 secs] [Times: user=0.29 sys=0.02, real=0.10 secs] 
2013-10-02T01:24:01.733+0000: 124.779: [GC 124.786: [ParNew: 92159K->10240K(92160K), 0.1615550 secs] 1949975K->1884227K(4184064K), 0.1763370 secs] [Times: user=0.43 sys=0.05, real=0.19 secs] 
2013-10-02T01:24:02.805+0000: 125.851: [GC 125.858: [ParNew: 92153K->10240K(92160K), 0.0790010 secs] 1966140K->1900134K(4184064K), 0.0924290 secs] [Times: user=0.26 sys=0.03, real=0.10 secs] 
2013-10-02T01:24:04.094+0000: 127.144: [GC 127.154: [ParNew: 92160K->10240K(92160K), 0.1393700 secs] 1982054K->1915977K(4184064K), 0.1560590 secs] [Times: user=0.34 sys=0.09, real=0.18 secs] 
2013-10-02T01:24:05.013+0000: 128.061: [GC 128.069: [ParNew: 92159K->10240K(92160K), 0.1149910 secs] 1997897K->1932315K(4184064K), 0.1291590 secs] [Times: user=0.28 sys=0.04, real=0.15 secs] 
2013-10-02T01:24:06.218+0000: 129.265: [GC 129.272: [ParNew: 92158K->10240K(92160K), 0.1396300 secs] 2014233K->1948043K(4184064K), 0.1534830 secs] [Times: user=0.37 sys=0.06, real=0.17 secs] 
2013-10-02T01:24:07.257+0000: 130.302: [GC 130.310: [ParNew: 92148K->10240K(92160K), 0.1045410 secs] 2029951K->1964401K(4184064K), 0.1179880 secs] [Times: user=0.25 sys=0.03, real=0.13 secs] 
2013-10-02T01:24:08.447+0000: 131.494: [GC 131.501: [ParNew: 92137K->10240K(92160K), 0.1194200 secs] 2046298K->1980267K(4184064K), 0.1338510 secs] [Times: user=0.40 sys=0.05, real=0.14 secs] 
2013-10-02T01:24:09.549+0000: 132.595: [GC 132.603: [ParNew: 92159K->10240K(92160K), 0.0993690 secs] 2062186K->1996383K(4184064K), 0.1136390 secs] [Times: user=0.36 sys=0.02, real=0.13 secs] 
2013-10-02T01:24:10.819+0000: 133.868: [GC 133.876: [ParNew: 92158K->10240K(92160K), 0.1111420 secs] 2078302K->2013565K(4184064K), 0.1265470 secs] [Times: user=0.33 sys=0.06, real=0.14 secs] 
2013-10-02T01:24:11.878+0000: 134.924: [GC 134.931: [ParNew: 92153K->10240K(92160K), 0.1334640 secs] 2095478K->2030176K(4184064K), 0.1474830 secs] [Times: user=0.35 sys=0.02, real=0.16 secs] 
2013-10-02T01:24:13.021+0000: 136.066: [GC 136.074: [ParNew: 92135K->10240K(92160K), 0.1057960 secs] 2112071K->2047390K(4184064K), 0.1198490 secs] [Times: user=0.36 sys=0.05, real=0.14 secs] 
2013-10-02T01:24:13.919+0000: 136.964: [GC 136.972: [ParNew: 92160K->10240K(92160K), 0.1158500 secs] 2129310K->2065787K(4184064K), 0.1303850 secs] [Times: user=0.29 sys=0.02, real=0.14 secs] 
2013-10-02T01:24:14.765+0000: 137.813: [GC 137.821: [ParNew: 92159K->10240K(92160K), 0.1146690 secs] 2147707K->2084357K(4184064K), 0.1286910 secs] [Times: user=0.30 sys=0.05, real=0.14 secs] 
2013-10-02T01:24:15.605+0000: 138.651: [GC 138.658: [ParNew: 92159K->10240K(92160K), 0.0979420 secs] 2166276K->2102806K(4184064K), 0.1122990 secs] [Times: user=0.28 sys=0.06, real=0.12 secs] 
2013-10-02T01:24:16.528+0000: 139.573: [GC 139.580: [ParNew: 92159K->10240K(92160K), 0.1017830 secs] 2184726K->2121123K(4184064K), 0.1152850 secs] [Times: user=0.30 sys=0.02, real=0.13 secs] 
2013-10-02T01:24:17.325+0000: 140.371: [GC 140.378: [ParNew: 92147K->10240K(92160K), 0.1398420 secs] 2203030K->2139852K(4184064K), 0.1534380 secs] [Times: user=0.36 sys=0.06, real=0.16 secs] 
2013-10-02T01:24:18.227+0000: 141.273: [GC 141.281: [ParNew: 92158K->10240K(92160K), 0.1073810 secs] 2221770K->2157895K(4184064K), 0.1211490 secs] [Times: user=0.33 sys=0.04, real=0.13 secs] 
2013-10-02T01:24:19.067+0000: 142.112: [GC 142.119: [ParNew: 92159K->10240K(92160K), 0.1131180 secs] 2239815K->2177279K(4184064K), 0.1278070 secs] [Times: user=0.31 sys=0.07, real=0.14 secs] 
2013-10-02T01:24:19.951+0000: 142.999: [GC 143.008: [ParNew: 92159K->10240K(92160K), 0.1062430 secs] 2259199K->2195484K(4184064K), 0.1213140 secs] [Times: user=0.30 sys=0.03, real=0.14 secs] 
2013-10-02T01:24:20.885+0000: 143.930: [GC 143.937: [ParNew: 92159K->10240K(92160K), 0.1116280 secs] 2277403K->2212736K(4184064K), 0.1252530 secs] [Times: user=0.29 sys=0.02, real=0.13 secs] 
2013-10-02T01:24:21.807+0000: 144.854: [GC 144.862: [ParNew: 92160K->10240K(92160K), 0.0857160 secs] 2294656K->2231021K(4184064K), 0.0995100 secs] [Times: user=0.28 sys=0.04, real=0.11 secs] 
2013-10-02T01:24:22.613+0000: 145.659: [GC 145.667: [ParNew: 92160K->10240K(92160K), 0.1410890 secs] 2312941K->2249528K(4184064K), 0.1555850 secs] [Times: user=0.35 sys=0.07, real=0.16 secs] 
2013-10-02T01:24:23.549+0000: 146.594: [GC 146.601: [ParNew: 92158K->10240K(92160K), 0.1202100 secs] 2331446K->2267476K(4184064K), 0.1336450 secs] [Times: user=0.30 sys=0.02, real=0.15 secs] 
2013-10-02T01:24:24.533+0000: 147.589: [GC 147.598: [ParNew: 92130K->10240K(92160K), 0.1213960 secs] 2349367K->2284801K(4184064K), 0.1370410 secs] [Times: user=0.26 sys=0.02, real=0.15 secs] 
2013-10-02T01:24:25.598+0000: 148.643: [GC 148.650: [ParNew: 92159K->10240K(92160K), 0.1014850 secs] 2366721K->2303826K(4184064K), 0.1150640 secs] [Times: user=0.28 sys=0.03, real=0.13 secs] 
2013-10-02T01:24:26.634+0000: 149.680: [GC 149.687: [ParNew: 92159K->10240K(92160K), 0.1206040 secs] 2385745K->2322085K(4184064K), 0.1341010 secs] [Times: user=0.28 sys=0.04, real=0.14 secs] 
2013-10-02T01:24:27.679+0000: 150.724: [GC 150.731: [ParNew: 92160K->10240K(92160K), 0.1032600 secs] 2404005K->2339876K(4184064K), 0.1171540 secs] [Times: user=0.26 sys=0.03, real=0.13 secs] 
2013-10-02T01:24:28.553+0000: 151.598: [GC 151.606: [ParNew: 92153K->10240K(92160K), 0.0938520 secs] 2421789K->2357078K(4184064K), 0.1074580 secs] [Times: user=0.26 sys=0.03, real=0.11 secs] 
2013-10-02T01:24:29.503+0000: 152.548: [GC 152.556: [ParNew: 92159K->10240K(92160K), 0.1199520 secs] 2438997K->2374547K(4184064K), 0.1336330 secs] [Times: user=0.25 sys=0.05, real=0.15 secs] 
2013-10-02T01:24:30.403+0000: 153.448: [GC 153.455: [ParNew: 92136K->10240K(92160K), 0.0991120 secs] 2456443K->2392347K(4184064K), 0.1127260 secs] [Times: user=0.30 sys=0.03, real=0.13 secs] 
2013-10-02T01:24:31.398+0000: 154.443: [GC 154.450: [ParNew: 92154K->10240K(92160K), 0.0781790 secs] 2474261K->2409977K(4184064K), 0.0916220 secs] [Times: user=0.25 sys=0.05, real=0.10 secs] 
2013-10-02T01:24:32.340+0000: 155.387: [GC 155.394: [ParNew: 92160K->10240K(92160K), 0.1496510 secs] 2491897K->2427933K(4184064K), 0.1636480 secs] [Times: user=0.27 sys=0.03, real=0.18 secs] 
2013-10-02T01:24:33.335+0000: 156.379: [GC 156.387: [ParNew: 92155K->10240K(92160K), 0.1007510 secs] 2509849K->2445358K(4184064K), 0.1142680 secs] [Times: user=0.23 sys=0.08, real=0.12 secs] 
2013-10-02T01:24:34.388+0000: 157.434: [GC 157.442: [ParNew: 92160K->10240K(92160K), 0.1022750 secs] 2527278K->2463244K(4184064K), 0.1163100 secs] [Times: user=0.28 sys=0.00, real=0.13 secs] 
2013-10-02T01:24:35.231+0000: 158.277: [GC 158.285: [ParNew: 92159K->10240K(92160K), 0.1302020 secs] 2545164K->2481047K(4184064K), 0.1443440 secs] [Times: user=0.29 sys=0.04, real=0.16 secs] 
2013-10-02T01:24:36.345+0000: 159.391: [GC 159.398: [ParNew: 92160K->10240K(92160K), 0.1882420 secs] 2562967K->2498660K(4184064K), 0.2024320 secs] [Times: user=0.31 sys=0.06, real=0.21 secs] 
2013-10-02T01:24:37.175+0000: 160.221: [GC 160.228: [ParNew: 92158K->10240K(92160K), 0.0797170 secs] 2580578K->2516398K(4184064K), 0.0933860 secs] [Times: user=0.30 sys=0.01, real=0.10 secs] 
2013-10-02T01:24:38.130+0000: 161.175: [GC 161.183: [ParNew: 92159K->10240K(92160K), 0.0868630 secs] 2598318K->2533864K(4184064K), 0.1008140 secs] [Times: user=0.28 sys=0.03, real=0.11 secs] 
2013-10-02T01:24:39.076+0000: 162.121: [GC 162.129: [ParNew: 92159K->10240K(92160K), 0.1064640 secs] 2615784K->2551790K(4184064K), 0.1199880 secs] [Times: user=0.27 sys=0.04, real=0.13 secs] 
2013-10-02T01:24:40.091+0000: 163.137: [GC 163.145: [ParNew: 92148K->10240K(92160K), 0.1206180 secs] 2633699K->2569345K(4184064K), 0.1346970 secs] [Times: user=0.28 sys=0.02, real=0.14 secs] 
2013-10-02T01:24:41.192+0000: 164.238: [GC 164.245: [ParNew: 92160K->10240K(92160K), 0.0870670 secs] 2651265K->2588459K(4184064K), 0.1007850 secs] [Times: user=0.29 sys=0.05, real=0.11 secs] 
2013-10-02T01:24:42.230+0000: 165.276: [GC 165.283: [ParNew: 92128K->10240K(92160K), 0.0970170 secs] 2670348K->2606459K(4184064K), 0.1107310 secs] [Times: user=0.31 sys=0.05, real=0.13 secs] 
2013-10-02T01:24:43.205+0000: 166.250: [GC 166.257: [ParNew: 92156K->10240K(92160K), 0.0906470 secs] 2688376K->2623827K(4184064K), 0.1041520 secs] [Times: user=0.26 sys=0.04, real=0.11 secs] 
2013-10-02T01:24:44.098+0000: 167.143: [GC 167.150: [ParNew: 92160K->10240K(92160K), 0.0952940 secs] 2705747K->2643088K(4184064K), 0.1088030 secs] [Times: user=0.30 sys=0.04, real=0.12 secs] 
2013-10-02T01:24:44.949+0000: 167.997: [GC 168.005: [ParNew: 92160K->10240K(92160K), 0.1196220 secs] 2725008K->2662331K(4184064K), 0.1338350 secs] [Times: user=0.27 sys=0.07, real=0.15 secs] 
2013-10-02T01:24:45.801+0000: 168.846: [GC 168.853: [ParNew: 92160K->10240K(92160K), 0.1450120 secs] 2744251K->2681568K(4184064K), 0.1584830 secs] [Times: user=0.39 sys=0.05, real=0.16 secs] 
2013-10-02T01:24:46.658+0000: 169.704: [GC 169.712: [ParNew: 92159K->10240K(92160K), 0.1169480 secs] 2763488K->2700539K(4184064K), 0.1309510 secs] [Times: user=0.33 sys=0.03, real=0.15 secs] 
2013-10-02T01:24:47.442+0000: 170.487: [GC 170.494: [ParNew: 92160K->10240K(92160K), 0.1069750 secs] 2782459K->2720799K(4184064K), 0.1206070 secs] [Times: user=0.26 sys=0.07, real=0.13 secs] 
2013-10-02T01:24:48.198+0000: 171.245: [GC 171.253: [ParNew: 92160K->10240K(92160K), 0.1328070 secs] 2802719K->2740213K(4184064K), 0.1469400 secs] [Times: user=0.26 sys=0.06, real=0.16 secs] 
2013-10-02T01:24:48.960+0000: 172.006: [GC 172.013: [ParNew: 92159K->10240K(92160K), 0.1263750 secs] 2822132K->2759686K(4184064K), 0.1400530 secs] [Times: user=0.35 sys=0.04, real=0.14 secs] 
2013-10-02T01:24:49.756+0000: 172.801: [GC 172.809: [ParNew: 92160K->10240K(92160K), 0.1098600 secs] 2841606K->2778868K(4184064K), 0.1235050 secs] [Times: user=0.31 sys=0.03, real=0.13 secs] 
2013-10-02T01:24:50.487+0000: 173.532: [GC 173.540: [ParNew: 92156K->10240K(92160K), 0.1280260 secs] 2860785K->2798701K(4184064K), 0.1416840 secs] [Times: user=0.39 sys=0.05, real=0.15 secs] 
2013-10-02T01:24:51.321+0000: 174.366: [GC 174.373: [ParNew: 92160K->10240K(92160K), 0.1343730 secs] 2880621K->2817886K(4184064K), 0.1479270 secs] [Times: user=0.31 sys=0.06, real=0.15 secs] 
2013-10-02T01:24:52.107+0000: 175.152: [GC 175.160: [ParNew: 92160K->10240K(92160K), 0.1348770 secs] 2899806K->2837151K(4184064K), 0.1489240 secs] [Times: user=0.36 sys=0.09, real=0.16 secs] 
2013-10-02T01:24:52.972+0000: 176.017: [GC 176.024: [ParNew: 92160K->10240K(92160K), 0.0997410 secs] 2919071K->2856330K(4184064K), 0.1132650 secs] [Times: user=0.31 sys=0.01, real=0.12 secs] 
2013-10-02T01:24:53.752+0000: 176.797: [GC 176.804: [ParNew: 92158K->10240K(92160K), 0.1213900 secs] 2938248K->2875827K(4184064K), 0.1348560 secs] [Times: user=0.29 sys=0.03, real=0.14 secs] 
2013-10-02T01:24:54.535+0000: 177.580: [GC 177.588: [ParNew: 92154K->10240K(92160K), 0.1010190 secs] 2957742K->2894256K(4184064K), 0.1146610 secs] [Times: user=0.26 sys=0.08, real=0.13 secs] 
2013-10-02T01:24:55.354+0000: 178.400: [GC 178.407: [ParNew: 92159K->10240K(92160K), 0.1177790 secs] 2976175K->2913000K(4184064K), 0.1318380 secs] [Times: user=0.33 sys=0.05, real=0.14 secs] 
2013-10-02T01:24:56.159+0000: 179.204: [GC 179.211: [ParNew: 92160K->10240K(92160K), 0.1422170 secs] 2994920K->2932452K(4184064K), 0.1562740 secs] [Times: user=0.30 sys=0.03, real=0.17 secs] 
2013-10-02T01:24:57.150+0000: 180.195: [GC 180.202: [ParNew: 92159K->10240K(92160K), 0.0854760 secs] 3014371K->2952667K(4184064K), 0.0989900 secs] [Times: user=0.29 sys=0.02, real=0.11 secs] 
2013-10-02T01:24:58.024+0000: 181.070: [GC 181.077: [ParNew: 92160K->10240K(92160K), 0.0898960 secs] 3034587K->2971521K(4184064K), 0.1039160 secs] [Times: user=0.25 sys=0.07, real=0.11 secs] 
2013-10-02T01:24:58.915+0000: 181.961: [GC 181.969: [ParNew: 92160K->10240K(92160K), 0.1077450 secs] 3053441K->2990514K(4184064K), 0.1220100 secs] [Times: user=0.26 sys=0.05, real=0.13 secs] 
2013-10-02T01:24:59.850+0000: 182.895: [GC 182.902: [ParNew: 92149K->10240K(92160K), 0.0992700 secs] 3072424K->3008585K(4184064K), 0.1127260 secs] [Times: user=0.34 sys=0.02, real=0.13 secs] 
2013-10-02T01:25:00.635+0000: 183.681: [GC 183.690: [ParNew: 92158K->10240K(92160K), 0.1305890 secs] 3090503K->3028053K(4184064K), 0.1463180 secs] [Times: user=0.33 sys=0.08, real=0.16 secs] 
2013-10-02T01:25:01.533+0000: 184.579: [GC 184.586: [ParNew: 92160K->10240K(92160K), 0.1182210 secs] 3109973K->3046576K(4184064K), 0.1322190 secs] [Times: user=0.32 sys=0.04, real=0.14 secs] 
2013-10-02T01:25:02.311+0000: 185.357: [GC 185.364: [ParNew: 92160K->10240K(92160K), 0.1043390 secs] 3128496K->3065909K(4184064K), 0.1177820 secs] [Times: user=0.29 sys=0.05, real=0.13 secs] 
2013-10-02T01:25:03.196+0000: 186.241: [GC 186.248: [ParNew: 92160K->10240K(92160K), 0.1022210 secs] 3147879K->3084713K(4184064K), 0.1157260 secs] [Times: user=0.30 sys=0.02, real=0.13 secs] 
2013-10-02T01:25:03.344+0000: 186.389: [GC [1 CMS-initial-mark: 3074473K(4091904K)] 3084788K(4184064K), 0.0777590 secs] [Times: user=0.09 sys=0.00, real=0.09 secs] 
2013-10-02T01:25:03.458+0000: 186.493: [CMS-concurrent-mark-start]
2013-10-02T01:25:03.468+0000: 186.515: [GC 186.523: [ParNew: 11363K->10211K(92160K), 0.0839760 secs] 3085836K->3094943K(4184064K), 0.0982830 secs] [Times: user=0.23 sys=0.03, real=0.11 secs] 
2013-10-02T01:25:04.081+0000: 187.128: [GC 187.135: [ParNew: 92112K->10240K(92160K), 0.0807510 secs] 3176844K->3104015K(4184064K), 0.0946110 secs] [Times: user=0.26 sys=0.04, real=0.10 secs] 
2013-10-02T01:25:04.893+0000: 187.940: [GC 187.948: [ParNew: 92160K->10240K(92160K), 0.1428320 secs] 3185935K->3123041K(4184064K), 0.1568430 secs] [Times: user=0.41 sys=0.05, real=0.17 secs] 
2013-10-02T01:25:05.760+0000: 188.807: [GC 188.814: [ParNew: 92156K->10240K(92160K), 0.1469870 secs] 3204958K->3141751K(4184064K), 0.1701990 secs] [Times: user=0.30 sys=0.08, real=0.18 secs] 
2013-10-02T01:25:06.707+0000: 189.754: [GC 189.761: [ParNew: 92160K->10240K(92160K), 0.1277780 secs] 3223671K->3161074K(4184064K), 0.1418350 secs] [Times: user=0.29 sys=0.04, real=0.16 secs] 
2013-10-02T01:25:07.497+0000: 190.543: [GC 190.550: [ParNew: 92160K->10240K(92160K), 0.1246990 secs] 3242994K->3179685K(4184064K), 0.1386060 secs] [Times: user=0.27 sys=0.04, real=0.15 secs] 
2013-10-02T01:25:08.366+0000: 191.411: [GC 191.419: [ParNew: 92156K->10240K(92160K), 0.0936450 secs] 3261602K->3198442K(4184064K), 0.1072640 secs] [Times: user=0.27 sys=0.03, real=0.12 secs] 
2013-10-02T01:25:08.543+0000: 191.578: [CMS-concurrent-mark: 3.915/5.084 secs] [Times: user=8.25 sys=2.31, real=5.10 secs] 
2013-10-02T01:25:08.562+0000: 191.598: [CMS-concurrent-preclean-start]
2013-10-02T01:25:08.795+0000: 191.831: [CMS-concurrent-preclean: 0.177/0.233 secs] [Times: user=0.25 sys=0.17, real=0.24 secs] 
2013-10-02T01:25:08.815+0000: 191.851: [CMS-concurrent-abortable-preclean-start]
2013-10-02T01:25:09.264+0000: 192.309: [GC 192.316: [ParNew: 92160K->10240K(92160K), 0.1068560 secs] 3280362K->3217379K(4184064K), 0.1206600 secs] [Times: user=0.34 sys=0.01, real=0.13 secs] 
2013-10-02T01:25:09.709+0000: 192.744: [CMS-concurrent-abortable-preclean: 0.692/0.894 secs] [Times: user=1.35 sys=0.45, real=0.90 secs] 
2013-10-02T01:25:09.727+0000: 192.772: [GC[YG occupancy: 59997 K (92160 K)]192.775: [Rescan (parallel) , 0.0787720 secs]192.854: [weak refs processing, 0.0441050 secs]192.898: [class unloading, 0.0040030 secs]192.902: [scrub symbol table, 0.0017430 secs]192.904: [scrub string table, 0.0003980 secs] [1 CMS-remark: 3207139K(4091904K)] 3267136K(4184064K), 0.1348120 secs] [Times: user=0.21 sys=0.00, real=0.15 secs] 
2013-10-02T01:25:09.945+0000: 192.981: [CMS-concurrent-sweep-start]
2013-10-02T01:25:10.098+0000: 193.144: [GC 193.151: [ParNew: 92152K->10240K(92160K), 0.1344420 secs] 3290935K->3227568K(4184064K), 0.1486110 secs] [Times: user=0.39 sys=0.04, real=0.16 secs] 
2013-10-02T01:25:10.905+0000: 193.951: [GC 193.959: [ParNew: 92160K->10240K(92160K), 0.0994290 secs] 3275249K->3212265K(4184064K), 0.1135320 secs] [Times: user=0.31 sys=0.05, real=0.12 secs] 
2013-10-02T01:25:11.818+0000: 194.864: [GC 194.871: [ParNew: 92159K->10240K(92160K), 0.1082490 secs] 2290977K->2228014K(4184064K), 0.3553970 secs] [Times: user=0.31 sys=0.05, real=0.37 secs] 
2013-10-02T01:25:12.545+0000: 195.581: [CMS-concurrent-sweep: 1.874/2.600 secs] [Times: user=3.98 sys=1.35, real=2.64 secs] 
2013-10-02T01:25:12.565+0000: 195.600: [CMS-concurrent-reset-start]
2013-10-02T01:25:12.575+0000: 195.611: [CMS-concurrent-reset: 0.010/0.010 secs] [Times: user=0.02 sys=0.01, real=0.02 secs] 
2013-10-02T01:25:12.655+0000: 195.701: [GC 195.712: [ParNew: 92158K->10240K(92160K), 0.1053950 secs] 2072572K->2009624K(4184064K), 0.1227790 secs] [Times: user=0.29 sys=0.00, real=0.13 secs] 
2013-10-02T01:25:13.609+0000: 196.654: [GC 196.662: [ParNew: 92159K->10240K(92160K), 0.1164220 secs] 2091544K->2030817K(4184064K), 0.1300330 secs] [Times: user=0.29 sys=0.00, real=0.14 secs] 
2013-10-02T01:25:14.507+0000: 197.555: [GC 197.563: [ParNew: 92160K->10240K(92160K), 0.0932060 secs] 2112737K->2050113K(4184064K), 0.1071450 secs] [Times: user=0.28 sys=0.00, real=0.12 secs] 
2013-10-02T01:25:15.380+0000: 198.426: [GC 198.434: [ParNew: 92160K->10240K(92160K), 0.0938820 secs] 2132033K->2070039K(4184064K), 0.1086750 secs] [Times: user=0.33 sys=0.01, real=0.12 secs] 
2013-10-02T01:25:16.218+0000: 199.263: [GC 199.271: [ParNew: 92152K->10240K(92160K), 0.1363620 secs] 2151952K->2089697K(4184064K), 0.1501100 secs] [Times: user=0.47 sys=0.00, real=0.16 secs] 
2013-10-02T01:25:16.948+0000: 199.994: [GC 200.001: [ParNew: 92138K->10240K(92160K), 0.0870080 secs] 2171595K->2110135K(4184064K), 0.1005840 secs] [Times: user=0.29 sys=0.00, real=0.11 secs] 
2013-10-02T01:25:17.731+0000: 200.779: [GC 200.787: [ParNew: 92159K->10240K(92160K), 0.0964270 secs] 2192054K->2129192K(4184064K), 0.1108360 secs] [Times: user=0.28 sys=0.00, real=0.12 secs] 
2013-10-02T01:25:18.478+0000: 201.524: [GC 201.531: [ParNew: 92160K->10240K(92160K), 0.1256490 secs] 2211112K->2149923K(4184064K), 0.1395160 secs] [Times: user=0.39 sys=0.01, real=0.16 secs] 
2013-10-02T01:25:19.220+0000: 202.266: [GC 202.273: [ParNew: 92154K->10240K(92160K), 0.0858410 secs] 2231837K->2168991K(4184064K), 0.0998620 secs] [Times: user=0.26 sys=0.00, real=0.11 secs] 
2013-10-02T01:25:19.966+0000: 203.011: [GC 203.018: [ParNew: 92160K->10240K(92160K), 0.0801380 secs] 2250911K->2190101K(4184064K), 0.0937560 secs] [Times: user=0.27 sys=0.00, real=0.11 secs] 
2013-10-02T01:25:20.712+0000: 203.760: [GC 203.769: [ParNew: 92160K->10240K(92160K), 0.1645880 secs] 2272021K->2210492K(4184064K), 0.1803920 secs] [Times: user=0.33 sys=0.05, real=0.19 secs] 
2013-10-02T01:25:21.398+0000: 204.444: [GC 204.453: [ParNew: 92160K->10240K(92160K), 0.0929750 secs] 2292412K->2230488K(4184064K), 0.1074950 secs] [Times: user=0.30 sys=0.00, real=0.12 secs] 
2013-10-02T01:25:22.118+0000: 205.164: [GC 205.172: [ParNew: 92155K->10240K(92160K), 0.0856080 secs] 2312403K->2251073K(4184064K), 0.0993410 secs] [Times: user=0.30 sys=0.01, real=0.12 secs] 
2013-10-02T01:25:22.886+0000: 205.931: [GC 205.939: [ParNew: 92158K->10240K(92160K), 0.0908920 secs] 2332992K->2270922K(4184064K), 0.1049330 secs] [Times: user=0.33 sys=0.00, real=0.12 secs] 
2013-10-02T01:25:23.553+0000: 206.598: [GC 206.606: [ParNew: 92160K->10240K(92160K), 0.0854690 secs] 2352842K->2290937K(4184064K), 0.0993550 secs] [Times: user=0.31 sys=0.03, real=0.11 secs] 
2013-10-02T01:25:24.246+0000: 207.291: [GC 207.299: [ParNew: 92160K->10240K(92160K), 0.1101760 secs] 2372857K->2310813K(4184064K), 0.1237080 secs] [Times: user=0.28 sys=0.03, real=0.14 secs] 
2013-10-02T01:25:25.010+0000: 208.057: [GC 208.064: [ParNew: 92158K->10240K(92160K), 0.1216070 secs] 2392732K->2330831K(4184064K), 0.1356990 secs] [Times: user=0.36 sys=0.02, real=0.14 secs] 
2013-10-02T01:25:25.705+0000: 208.751: [GC 208.759: [ParNew: 92158K->10240K(92160K), 0.1162680 secs] 2412749K->2350632K(4184064K), 0.1308360 secs] [Times: user=0.33 sys=0.00, real=0.14 secs] 
2013-10-02T01:25:26.428+0000: 209.474: [GC 209.481: [ParNew: 92160K->10240K(92160K), 0.1242950 secs] 2432552K->2370606K(4184064K), 0.1380150 secs] [Times: user=0.41 sys=0.00, real=0.14 secs] 
2013-10-02T01:25:27.232+0000: 210.278: [GC 210.286: [ParNew: 92160K->10240K(92160K), 0.0894620 secs] 2452526K->2390465K(4184064K), 0.1033110 secs] [Times: user=0.34 sys=0.00, real=0.11 secs] 
2013-10-02T01:25:27.950+0000: 210.997: [GC 211.005: [ParNew: 92160K->10240K(92160K), 0.1187440 secs] 2472385K->2409999K(4184064K), 0.1332200 secs] [Times: user=0.32 sys=0.01, real=0.14 secs] 
2013-10-02T01:25:28.693+0000: 211.738: [GC 211.745: [ParNew: 92160K->10240K(92160K), 0.0702680 secs] 2491919K->2429448K(4184064K), 0.0837470 secs] [Times: user=0.28 sys=0.00, real=0.09 secs] 
2013-10-02T01:25:29.532+0000: 212.578: [GC 212.586: [ParNew: 92160K->10240K(92160K), 0.1084010 secs] 2511368K->2450758K(4184064K), 0.1225140 secs] [Times: user=0.32 sys=0.01, real=0.13 secs] 
2013-10-02T01:25:30.281+0000: 213.327: [GC 213.334: [ParNew: 92159K->10240K(92160K), 0.0709800 secs] 2532678K->2470526K(4184064K), 0.0847050 secs] [Times: user=0.26 sys=0.03, real=0.09 secs] 
2013-10-02T01:25:31.089+0000: 214.134: [GC 214.141: [ParNew: 92160K->10240K(92160K), 0.1238940 secs] 2552446K->2490656K(4184064K), 0.1379220 secs] [Times: user=0.38 sys=0.00, real=0.14 secs] 
2013-10-02T01:25:31.890+0000: 214.935: [GC 214.943: [ParNew: 92129K->10240K(92160K), 0.0954200 secs] 2572546K->2509895K(4184064K), 0.1095590 secs] [Times: user=0.28 sys=0.02, real=0.12 secs] 
2013-10-02T01:25:32.611+0000: 215.657: [GC 215.664: [ParNew: 92160K->10240K(92160K), 0.1084390 secs] 2591815K->2530099K(4184064K), 0.1226670 secs] [Times: user=0.32 sys=0.00, real=0.13 secs] 
2013-10-02T01:25:33.614+0000: 216.660: [GC 216.668: [ParNew: 92160K->10240K(92160K), 0.0966020 secs] 2612019K->2549296K(4184064K), 0.1105230 secs] [Times: user=0.30 sys=0.00, real=0.12 secs] 
2013-10-02T01:25:34.218+0000: 217.264: [GC 217.271: [ParNew: 92155K->10240K(92160K), 0.1188830 secs] 2631211K->2568862K(4184064K), 0.1325110 secs] [Times: user=0.35 sys=0.00, real=0.15 secs] 
2013-10-02T01:25:34.936+0000: 217.982: [GC 217.989: [ParNew: 92160K->10240K(92160K), 0.1007110 secs] 2650782K->2589165K(4184064K), 0.1147780 secs] [Times: user=0.26 sys=0.01, real=0.13 secs] 
2013-10-02T01:25:35.802+0000: 218.849: [GC 218.856: [ParNew: 92142K->10240K(92160K), 0.0767910 secs] 2671067K->2609281K(4184064K), 0.0906680 secs] [Times: user=0.29 sys=0.02, real=0.10 secs] 
2013-10-02T01:25:36.541+0000: 219.587: [GC 219.594: [ParNew: 92159K->10240K(92160K), 0.1064730 secs] 2691200K->2627843K(4184064K), 0.1203710 secs] [Times: user=0.26 sys=0.01, real=0.13 secs] 
2013-10-02T01:25:37.289+0000: 220.335: [GC 220.343: [ParNew: 92160K->10240K(92160K), 0.1016840 secs] 2709763K->2648081K(4184064K), 0.1165640 secs] [Times: user=0.31 sys=0.00, real=0.12 secs] 
2013-10-02T01:25:38.059+0000: 221.105: [GC 221.113: [ParNew: 92160K->10240K(92160K), 0.1126120 secs] 2730001K->2667748K(4184064K), 0.1266980 secs] [Times: user=0.38 sys=0.00, real=0.13 secs] 
2013-10-02T01:25:38.826+0000: 221.872: [GC 221.879: [ParNew: 92135K->10240K(92160K), 0.1427320 secs] 2749644K->2687828K(4184064K), 0.1566250 secs] [Times: user=0.29 sys=0.02, real=0.17 secs] 
2013-10-02T01:25:39.575+0000: 222.620: [GC 222.628: [ParNew: 92155K->10240K(92160K), 0.0906380 secs] 2769744K->2708047K(4184064K), 0.1042360 secs] [Times: user=0.30 sys=0.01, real=0.12 secs] 
2013-10-02T01:25:40.429+0000: 223.478: [GC 223.487: [ParNew: 92158K->10240K(92160K), 0.1275940 secs] 2789966K->2727739K(4184064K), 0.1431170 secs] [Times: user=0.38 sys=0.02, real=0.15 secs] 
2013-10-02T01:25:41.140+0000: 224.185: [GC 224.192: [ParNew: 92158K->10240K(92160K), 0.0870490 secs] 2809657K->2746678K(4184064K), 0.1006740 secs] [Times: user=0.28 sys=0.00, real=0.11 secs] 
2013-10-02T01:25:41.961+0000: 225.006: [GC 225.013: [ParNew: 92160K->10240K(92160K), 0.0752580 secs] 2828598K->2766452K(4184064K), 0.0888910 secs] [Times: user=0.31 sys=0.00, real=0.10 secs] 
2013-10-02T01:25:42.668+0000: 225.714: [GC 225.722: [ParNew: 92160K->10240K(92160K), 0.1162670 secs] 2848372K->2786664K(4184064K), 0.1305100 secs] [Times: user=0.35 sys=0.01, real=0.14 secs] 
2013-10-02T01:25:43.426+0000: 226.472: [GC 226.479: [ParNew: 92160K->10240K(92160K), 0.0916310 secs] 2868584K->2805788K(4184064K), 0.1056180 secs] [Times: user=0.28 sys=0.00, real=0.12 secs] 
2013-10-02T01:25:44.307+0000: 227.353: [GC 227.361: [ParNew: 92160K->10240K(92160K), 0.1095330 secs] 2887708K->2826204K(4184064K), 0.1236230 secs] [Times: user=0.28 sys=0.00, real=0.13 secs] 
2013-10-02T01:25:44.949+0000: 227.997: [GC 228.004: [ParNew: 92157K->10240K(92160K), 0.0893190 secs] 2908122K->2845879K(4184064K), 0.1035590 secs] [Times: user=0.30 sys=0.02, real=0.11 secs] 
2013-10-02T01:25:45.833+0000: 228.879: [GC 228.886: [ParNew: 92158K->10240K(92160K), 0.1306710 secs] 2927798K->2866748K(4184064K), 0.1444860 secs] [Times: user=0.29 sys=0.04, real=0.16 secs] 
2013-10-02T01:25:46.596+0000: 229.641: [GC 229.648: [ParNew: 92160K->10240K(92160K), 0.0834600 secs] 2948668K->2887914K(4184064K), 0.0969350 secs] [Times: user=0.30 sys=0.00, real=0.10 secs] 
2013-10-02T01:25:47.302+0000: 230.347: [GC 230.355: [ParNew: 92107K->10240K(92160K), 0.1129710 secs] 2969781K->2908321K(4184064K), 0.1264580 secs] [Times: user=0.39 sys=0.00, real=0.14 secs] 
2013-10-02T01:25:48.066+0000: 231.112: [GC 231.121: [ParNew: 92140K->10240K(92160K), 0.1089790 secs] 2990221K->2928131K(4184064K), 0.1235980 secs] [Times: user=0.39 sys=0.02, real=0.14 secs] 
2013-10-02T01:25:48.822+0000: 231.868: [GC 231.876: [ParNew: 92160K->10240K(92160K), 0.0941560 secs] 3010051K->2948727K(4184064K), 0.1082870 secs] [Times: user=0.29 sys=0.00, real=0.12 secs] 
2013-10-02T01:25:49.482+0000: 232.534: [GC 232.547: [ParNew: 92160K->10240K(92160K), 0.1111610 secs] 3030647K->2969574K(4184064K), 0.1305990 secs] [Times: user=0.27 sys=0.02, real=0.15 secs] 
2013-10-02T01:25:50.171+0000: 233.216: [GC 233.223: [ParNew: 92159K->10240K(92160K), 0.0845660 secs] 3051493K->2990878K(4184064K), 0.0986830 secs] [Times: user=0.33 sys=0.01, real=0.11 secs] 
2013-10-02T01:25:50.973+0000: 234.018: [GC 234.026: [ParNew: 92160K->10240K(92160K), 0.1192580 secs] 3072798K->3011304K(4184064K), 0.1327930 secs] [Times: user=0.33 sys=0.01, real=0.15 secs] 
2013-10-02T01:25:51.558+0000: 234.604: [GC 234.611: [ParNew: 92160K->10240K(92160K), 0.1038800 secs] 3093224K->3031981K(4184064K), 0.1176300 secs] [Times: user=0.29 sys=0.00, real=0.12 secs] 
2013-10-02T01:25:52.235+0000: 235.280: [GC 235.287: [ParNew: 92157K->10240K(92160K), 0.1629010 secs] 3113899K->3052665K(4184064K), 0.1766820 secs] [Times: user=0.58 sys=0.01, real=0.19 secs] 
2013-10-02T01:25:52.944+0000: 235.989: [GC 235.997: [ParNew: 92154K->10240K(92160K), 0.0892860 secs] 3134580K->3073576K(4184064K), 0.1028330 secs] [Times: user=0.31 sys=0.00, real=0.12 secs] 
2013-10-02T01:25:53.504+0000: 236.550: [GC 236.558: [ParNew: 92159K->10240K(92160K), 0.1023860 secs] 3155495K->3094611K(4184064K), 0.1165600 secs] [Times: user=0.36 sys=0.00, real=0.13 secs] 
2013-10-02T01:25:53.655+0000: 236.701: [GC [1 CMS-initial-mark: 3084371K(4091904K)] 3094798K(4184064K), 0.0840630 secs] [Times: user=0.11 sys=0.02, real=0.09 secs] 
2013-10-02T01:25:53.777+0000: 236.812: [CMS-concurrent-mark-start]
2013-10-02T01:25:54.094+0000: 237.140: [GC 237.147: [ParNew: 92160K->10240K(92160K), 0.1355050 secs] 3176531K->3115644K(4184064K), 0.1494200 secs] [Times: user=0.34 sys=0.00, real=0.16 secs] 
2013-10-02T01:25:54.784+0000: 237.830: [GC 237.837: [ParNew: 92159K->10240K(92160K), 0.1028610 secs] 3197564K->3136464K(4184064K), 0.1166720 secs] [Times: user=0.36 sys=0.00, real=0.13 secs] 
2013-10-02T01:25:55.436+0000: 238.483: [GC 238.492: [ParNew: 92127K->10240K(92160K), 0.0848160 secs] 3218352K->3156919K(4184064K), 0.0996750 secs] [Times: user=0.30 sys=0.02, real=0.11 secs] 
2013-10-02T01:25:56.119+0000: 239.165: [GC 239.173: [ParNew: 92160K->10240K(92160K), 0.1388770 secs] 3238839K->3178210K(4184064K), 0.1536580 secs] [Times: user=0.29 sys=0.01, real=0.16 secs] 
2013-10-02T01:25:56.756+0000: 239.802: [GC 239.810: [ParNew: 92160K->10240K(92160K), 0.0860390 secs] 3260130K->3198699K(4184064K), 0.0999770 secs] [Times: user=0.28 sys=0.01, real=0.10 secs] 
2013-10-02T01:25:57.492+0000: 240.538: [GC 240.545: [ParNew: 92158K->10240K(92160K), 0.1003410 secs] 3280617K->3219087K(4184064K), 0.1141380 secs] [Times: user=0.29 sys=0.06, real=0.13 secs] 
2013-10-02T01:25:58.150+0000: 241.196: [GC 241.203: [ParNew: 92160K->10240K(92160K), 0.1515840 secs] 3301007K->3238590K(4184064K), 0.1658190 secs] [Times: user=0.29 sys=0.04, real=0.17 secs] 
2013-10-02T01:25:58.829+0000: 241.874: [GC 241.882: [ParNew: 92160K->10240K(92160K), 0.1116470 secs] 3320510K->3260059K(4184064K), 0.1254250 secs] [Times: user=0.32 sys=0.06, real=0.13 secs] 
2013-10-02T01:25:59.452+0000: 242.487: [CMS-concurrent-mark: 4.361/5.675 secs] [Times: user=9.53 sys=2.29, real=5.69 secs] 
2013-10-02T01:25:59.473+0000: 242.508: [CMS-concurrent-preclean-start]
2013-10-02T01:25:59.483+0000: 242.529: [GC 242.536: [ParNew: 92160K->10240K(92160K), 0.1121360 secs] 3341979K->3280638K(4184064K), 0.1265360 secs] [Times: user=0.29 sys=0.03, real=0.14 secs] 
2013-10-02T01:26:00.139+0000: 243.174: [CMS-concurrent-preclean: 0.387/0.666 secs] [Times: user=0.88 sys=0.46, real=0.68 secs] 
2013-10-02T01:26:00.158+0000: 243.193: [CMS-concurrent-abortable-preclean-start]
2013-10-02T01:26:00.235+0000: 243.270: [CMS-concurrent-abortable-preclean: 0.073/0.077 secs] [Times: user=0.11 sys=0.03, real=0.09 secs] 
2013-10-02T01:26:00.253+0000: 243.298: [GC 243.305: [ParNew: 92160K->10240K(92160K), 0.0976090 secs] 3362558K->3301656K(4184064K), 0.1113030 secs] [Times: user=0.30 sys=0.05, real=0.12 secs] 
2013-10-02T01:26:00.458+0000: 243.503: [GC[YG occupancy: 39675 K (92160 K)]243.506: [Rescan (parallel) , 0.0853040 secs]243.592: [weak refs processing, 0.0346950 secs]243.627: [class unloading, 0.0024520 secs]243.629: [scrub symbol table, 0.0016970 secs]243.631: [scrub string table, 0.0003730 secs] [1 CMS-remark: 3291416K(4091904K)] 3331092K(4184064K), 0.1302940 secs] [Times: user=0.26 sys=0.00, real=0.14 secs] 
2013-10-02T01:26:00.710+0000: 243.746: [CMS-concurrent-sweep-start]
2013-10-02T01:26:00.933+0000: 243.978: [GC 243.986: [ParNew: 92160K->10240K(92160K), 0.1189410 secs] 3365288K->3303497K(4184064K), 0.1328440 secs] [Times: user=0.42 sys=0.04, real=0.15 secs] 
2013-10-02T01:26:01.666+0000: 244.712: [GC 244.719: [ParNew: 92160K->10240K(92160K), 0.1049790 secs] 3357374K->3294869K(4184064K), 0.1188240 secs] [Times: user=0.27 sys=0.05, real=0.14 secs] 
2013-10-02T01:26:02.410+0000: 245.455: [GC 245.463: [ParNew: 92132K->10240K(92160K), 0.0869440 secs] 2999970K->2940556K(4184064K), 0.1007100 secs] [Times: user=0.30 sys=0.00, real=0.11 secs] 
2013-10-02T01:26:02.987+0000: 246.022: [CMS-concurrent-sweep: 1.818/2.276 secs] [Times: user=3.90 sys=0.83, real=2.36 secs] 
2013-10-02T01:26:03.006+0000: 246.042: [CMS-concurrent-reset-start]
2013-10-02T01:26:03.017+0000: 246.052: [CMS-concurrent-reset: 0.010/0.010 secs] [Times: user=0.02 sys=0.00, real=0.02 secs] 
2013-10-02T01:26:03.125+0000: 246.171: [GC 246.178: [ParNew: 92160K->10240K(92160K), 0.1241010 secs] 2423311K->2362384K(4184064K), 0.1382750 secs] [Times: user=0.36 sys=0.02, real=0.15 secs] 
2013-10-02T01:26:03.834+0000: 246.879: [GC 246.887: [ParNew: 92155K->10240K(92160K), 0.1039920 secs] 2444299K->2382334K(4184064K), 0.1182330 secs] [Times: user=0.29 sys=0.01, real=0.13 secs] 
2013-10-02T01:26:04.554+0000: 247.599: [GC 247.607: [ParNew: 92160K->10240K(92160K), 0.1061190 secs] 2464254K->2402904K(4184064K), 0.1195810 secs] [Times: user=0.32 sys=0.00, real=0.13 secs] 
2013-10-02T01:26:05.213+0000: 248.259: [GC 248.266: [ParNew: 92160K->10240K(92160K), 0.1199700 secs] 2484824K->2422914K(4184064K), 0.1337660 secs] [Times: user=0.33 sys=0.01, real=0.15 secs] 
2013-10-02T01:26:05.973+0000: 249.018: [GC 249.026: [ParNew: 92160K->10240K(92160K), 0.0814800 secs] 2504834K->2443349K(4184064K), 0.0951630 secs] [Times: user=0.29 sys=0.00, real=0.11 secs] 
2013-10-02T01:26:06.711+0000: 249.758: [GC 249.769: [ParNew: 92160K->10240K(92160K), 0.1717350 secs] 2525269K->2464815K(4184064K), 0.1893140 secs] [Times: user=0.32 sys=0.01, real=0.20 secs] 
2013-10-02T01:26:07.445+0000: 250.492: [GC 250.500: [ParNew: 92160K->10240K(92160K), 0.0785550 secs] 2546735K->2484513K(4184064K), 0.0928000 secs] [Times: user=0.28 sys=0.01, real=0.11 secs] 
2013-10-02T01:26:08.106+0000: 251.151: [GC 251.159: [ParNew: 92152K->10240K(92160K), 0.1179990 secs] 2566426K->2505474K(4184064K), 0.1315890 secs] [Times: user=0.31 sys=0.01, real=0.15 secs] 
2013-10-02T01:26:08.756+0000: 251.802: [GC 251.809: [ParNew: 92160K->10240K(92160K), 0.0923550 secs] 2587394K->2526213K(4184064K), 0.1059170 secs] [Times: user=0.30 sys=0.00, real=0.11 secs] 
2013-10-02T01:26:09.465+0000: 252.510: [GC 252.517: [ParNew: 92158K->10240K(92160K), 0.0754720 secs] 2608131K->2545746K(4184064K), 0.0889660 secs] [Times: user=0.28 sys=0.01, real=0.10 secs] 
2013-10-02T01:26:10.133+0000: 253.178: [GC 253.186: [ParNew: 92160K->10240K(92160K), 0.0756490 secs] 2627666K->2566104K(4184064K), 0.0890940 secs] [Times: user=0.28 sys=0.00, real=0.10 secs] 
2013-10-02T01:26:10.856+0000: 253.901: [GC 253.909: [ParNew: 92160K->10240K(92160K), 0.1056900 secs] 2648024K->2587648K(4184064K), 0.1203500 secs] [Times: user=0.30 sys=0.00, real=0.12 secs] 
2013-10-02T01:26:11.527+0000: 254.573: [GC 254.581: [ParNew: 92160K->10240K(92160K), 0.0875850 secs] 2669568K->2608022K(4184064K), 0.1020650 secs] [Times: user=0.32 sys=0.02, real=0.11 secs] 
2013-10-02T01:26:12.260+0000: 255.306: [GC 255.313: [ParNew: 92158K->10240K(92160K), 0.1860030 secs] 2689941K->2626988K(4184064K), 0.1996990 secs] [Times: user=0.33 sys=0.03, real=0.21 secs] 
2013-10-02T01:26:12.981+0000: 256.027: [GC 256.034: [ParNew: 92160K->10240K(92160K), 0.1088620 secs] 2708908K->2648613K(4184064K), 0.1224450 secs] [Times: user=0.34 sys=0.00, real=0.13 secs] 
2013-10-02T01:26:13.598+0000: 256.643: [GC 256.651: [ParNew: 92160K->10240K(92160K), 0.1145770 secs] 2730533K->2669638K(4184064K), 0.1283070 secs] [Times: user=0.36 sys=0.00, real=0.14 secs] 
2013-10-02T01:26:14.510+0000: 257.556: [GC 257.564: [ParNew: 92158K->10240K(92160K), 0.1068140 secs] 2751556K->2689632K(4184064K), 0.1209080 secs] [Times: user=0.33 sys=0.01, real=0.13 secs] 
2013-10-02T01:26:15.092+0000: 258.137: [GC 258.144: [ParNew: 92160K->10240K(92160K), 0.0943020 secs] 2771552K->2710185K(4184064K), 0.1077990 secs] [Times: user=0.32 sys=0.01, real=0.12 secs] 
2013-10-02T01:26:15.767+0000: 258.814: [GC 258.821: [ParNew: 92159K->10240K(92160K), 0.1244040 secs] 2792104K->2730127K(4184064K), 0.1382230 secs] [Times: user=0.33 sys=0.03, real=0.15 secs] 
2013-10-02T01:26:16.477+0000: 259.522: [GC 259.530: [ParNew: 92148K->10240K(92160K), 0.0947690 secs] 2812035K->2750990K(4184064K), 0.1082690 secs] [Times: user=0.30 sys=0.00, real=0.12 secs] 
2013-10-02T01:26:17.135+0000: 260.180: [GC 260.188: [ParNew: 92160K->10240K(92160K), 0.1042250 secs] 2832910K->2771972K(4184064K), 0.1181020 secs] [Times: user=0.29 sys=0.01, real=0.14 secs] 
2013-10-02T01:26:17.829+0000: 260.875: [GC 260.882: [ParNew: 92159K->10240K(92160K), 0.1083230 secs] 2853891K->2792689K(4184064K), 0.1225620 secs] [Times: user=0.31 sys=0.00, real=0.13 secs] 
2013-10-02T01:26:18.635+0000: 261.680: [GC 261.687: [ParNew: 92159K->10240K(92160K), 0.0940700 secs] 2874609K->2815269K(4184064K), 0.1080170 secs] [Times: user=0.31 sys=0.01, real=0.12 secs] 
2013-10-02T01:26:19.312+0000: 262.358: [GC 262.365: [ParNew: 92152K->10240K(92160K), 0.0802520 secs] 2897181K->2836956K(4184064K), 0.0939270 secs] [Times: user=0.30 sys=0.00, real=0.11 secs] 
2013-10-02T01:26:20.006+0000: 263.052: [GC 263.060: [ParNew: 92152K->10240K(92160K), 0.1042800 secs] 2918869K->2858421K(4184064K), 0.1180960 secs] [Times: user=0.33 sys=0.02, real=0.13 secs] 
2013-10-02T01:26:20.604+0000: 263.649: [GC 263.657: [ParNew: 92152K->10240K(92160K), 0.1071430 secs] 2940333K->2879406K(4184064K), 0.1209520 secs] [Times: user=0.28 sys=0.00, real=0.13 secs] 
2013-10-02T01:26:21.248+0000: 264.294: [GC 264.302: [ParNew: 92158K->10240K(92160K), 0.0888920 secs] 2961325K->2899896K(4184064K), 0.1031700 secs] [Times: user=0.28 sys=0.02, real=0.11 secs] 
2013-10-02T01:26:21.895+0000: 264.941: [GC 264.948: [ParNew: 92160K->10240K(92160K), 0.1371800 secs] 2981816K->2921561K(4184064K), 0.1507650 secs] [Times: user=0.29 sys=0.01, real=0.16 secs] 
2013-10-02T01:26:22.604+0000: 265.649: [GC 265.657: [ParNew: 92160K->10240K(92160K), 0.0951610 secs] 3004182K->2944094K(4184064K), 0.1086590 secs] [Times: user=0.31 sys=0.00, real=0.11 secs] 
2013-10-02T01:26:22.748+0000: 265.793: [GC 265.800: [ParNew: 11492K->10183K(92160K), 0.0654960 secs] 2945347K->2954261K(4184064K), 0.0789600 secs] [Times: user=0.24 sys=0.02, real=0.09 secs] 
2013-10-02T01:26:23.192+0000: 266.238: [GC 266.245: [ParNew: 92103K->10240K(92160K), 0.1520650 secs] 3036181K->2966402K(4184064K), 0.1657140 secs] [Times: user=0.28 sys=0.00, real=0.18 secs] 
2013-10-02T01:26:23.862+0000: 266.907: [GC 266.914: [ParNew: 92160K->10240K(92160K), 0.1279030 secs] 3048322K->2986116K(4184064K), 0.1415170 secs] [Times: user=0.45 sys=0.01, real=0.15 secs] 
2013-10-02T01:26:24.510+0000: 267.555: [GC 267.562: [ParNew: 92160K->10240K(92160K), 0.0937300 secs] 3068036K->3008862K(4184064K), 0.1072610 secs] [Times: user=0.30 sys=0.01, real=0.12 secs] 
2013-10-02T01:26:25.092+0000: 268.139: [GC 268.147: [ParNew: 92160K->10240K(92160K), 0.1710760 secs] 3090782K->3029215K(4184064K), 0.1858780 secs] [Times: user=0.31 sys=0.02, real=0.20 secs] 
2013-10-02T01:26:25.658+0000: 268.703: [GC 268.710: [ParNew: 92143K->10240K(92160K), 0.0988860 secs] 3111119K->3051446K(4184064K), 0.1124810 secs] [Times: user=0.30 sys=0.00, real=0.12 secs] 
2013-10-02T01:26:26.349+0000: 269.395: [GC 269.403: [ParNew: 92159K->10240K(92160K), 0.1129610 secs] 3133365K->3072120K(4184064K), 0.1278760 secs] [Times: user=0.37 sys=0.02, real=0.14 secs] 
2013-10-02T01:26:26.902+0000: 269.947: [GC 269.954: [ParNew: 92159K->10240K(92160K), 0.0806000 secs] 3154040K->3093938K(4184064K), 0.0940990 secs] [Times: user=0.29 sys=0.00, real=0.11 secs] 
2013-10-02T01:26:27.029+0000: 270.073: [GC [1 CMS-initial-mark: 3083698K(4091904K)] 3094038K(4184064K), 0.0852620 secs] [Times: user=0.10 sys=0.00, real=0.10 secs] 
2013-10-02T01:26:27.153+0000: 270.188: [CMS-concurrent-mark-start]
2013-10-02T01:26:27.471+0000: 270.516: [GC 270.524: [ParNew: 92158K->10240K(92160K), 0.2129180 secs] 3175857K->3114646K(4184064K), 0.2269730 secs] [Times: user=0.42 sys=0.06, real=0.24 secs] 
2013-10-02T01:26:28.041+0000: 271.087: [GC 271.095: [ParNew: 92158K->10240K(92160K), 0.1069070 secs] 3196564K->3136261K(4184064K), 0.1208490 secs] [Times: user=0.29 sys=0.00, real=0.13 secs] 
2013-10-02T01:26:28.733+0000: 271.779: [GC 271.786: [ParNew: 92160K->10240K(92160K), 0.1188240 secs] 3218181K->3158651K(4184064K), 0.1330780 secs] [Times: user=0.36 sys=0.02, real=0.15 secs] 
2013-10-02T01:26:29.322+0000: 272.368: [GC 272.375: [ParNew: 92160K->10240K(92160K), 0.1318760 secs] 3240571K->3178707K(4184064K), 0.1455890 secs] [Times: user=0.30 sys=0.00, real=0.16 secs] 
2013-10-02T01:26:29.973+0000: 273.020: [GC 273.027: [ParNew: 92158K->10240K(92160K), 0.0873300 secs] 3260626K->3199924K(4184064K), 0.1015640 secs] [Times: user=0.31 sys=0.01, real=0.12 secs] 
2013-10-02T01:26:30.632+0000: 273.677: [GC 273.684: [ParNew: 92160K->10240K(92160K), 0.1396210 secs] 3281844K->3220451K(4184064K), 0.1530910 secs] [Times: user=0.47 sys=0.00, real=0.17 secs] 
2013-10-02T01:26:31.239+0000: 274.284: [GC 274.292: [ParNew: 92158K->10240K(92160K), 0.0977380 secs] 3302369K->3241594K(4184064K), 0.1114760 secs] [Times: user=0.32 sys=0.01, real=0.12 secs] 
2013-10-02T01:26:31.862+0000: 274.908: [GC 274.915: [ParNew: 92160K->10240K(92160K), 0.1220250 secs] 3323514K->3262260K(4184064K), 0.1356770 secs] [Times: user=0.33 sys=0.02, real=0.15 secs] 
2013-10-02T01:26:32.539+0000: 275.584: [GC 275.591: [ParNew: 92151K->10240K(92160K), 0.0861010 secs] 3344171K->3283400K(4184064K), 0.0996280 secs] [Times: user=0.29 sys=0.00, real=0.11 secs] 
2013-10-02T01:26:33.139+0000: 276.184: [GC 276.192: [ParNew: 92160K->10240K(92160K), 0.1081910 secs] 3365320K->3305094K(4184064K), 0.1218290 secs] [Times: user=0.32 sys=0.01, real=0.13 secs] 
2013-10-02T01:26:33.770+0000: 276.816: [GC 276.823: [ParNew: 92160K->10240K(92160K), 0.1080560 secs] 3387014K->3325568K(4184064K), 0.1221380 secs] [Times: user=0.31 sys=0.01, real=0.13 secs] 
2013-10-02T01:26:33.963+0000: 276.998: [CMS-concurrent-mark: 4.962/6.810 secs] [Times: user=11.33 sys=2.51, real=6.82 secs] 
2013-10-02T01:26:33.986+0000: 277.022: [CMS-concurrent-preclean-start]
2013-10-02T01:26:34.418+0000: 277.463: [GC 277.471: [ParNew: 92159K->10240K(92160K), 0.1505970 secs] 3407488K->3347339K(4184064K), 0.1642440 secs] [Times: user=0.31 sys=0.03, real=0.17 secs] 
2013-10-02T01:26:34.884+0000: 277.920: [CMS-concurrent-preclean: 0.533/0.898 secs] [Times: user=1.26 sys=0.56, real=0.92 secs] 
2013-10-02T01:26:34.905+0000: 277.940: [CMS-concurrent-abortable-preclean-start]
2013-10-02T01:26:35.017+0000: 278.062: [GC 278.070: [ParNew: 92160K->10240K(92160K), 0.1376790 secs] 3429259K->3368948K(4184064K), 0.1514910 secs] [Times: user=0.33 sys=0.04, real=0.16 secs] 
2013-10-02T01:26:35.200+0000: 278.235: [CMS-concurrent-abortable-preclean: 0.094/0.295 secs] [Times: user=0.49 sys=0.09, real=0.31 secs] 
2013-10-02T01:26:35.217+0000: 278.262: [GC[YG occupancy: 12574 K (92160 K)]278.265: [Rescan (parallel) , 0.0534390 secs]278.318: [weak refs processing, 0.0305250 secs]278.349: [class unloading, 0.0027450 secs]278.352: [scrub symbol table, 0.0017770 secs]278.353: [scrub string table, 0.0003800 secs] [1 CMS-remark: 3358708K(4091904K)] 3371282K(4184064K), 0.0947980 secs] [Times: user=0.24 sys=0.00, real=0.10 secs] 
2013-10-02T01:26:35.348+0000: 278.383: [CMS-concurrent-sweep-start]
2013-10-02T01:26:35.893+0000: 278.938: [GC 278.945: [ParNew: 92158K->10240K(92160K), 0.1170850 secs] 3426105K->3367441K(4184064K), 0.1306000 secs] [Times: user=0.33 sys=0.05, real=0.14 secs] 
2013-10-02T01:26:36.495+0000: 279.540: [GC 279.548: [ParNew: 92160K->10240K(92160K), 0.1209050 secs] 3395395K->3334605K(4184064K), 0.1345100 secs] [Times: user=0.31 sys=0.01, real=0.15 secs] 
2013-10-02T01:26:37.119+0000: 280.164: [GC 280.172: [ParNew: 92157K->10240K(92160K), 0.1500750 secs] 2963533K->2902234K(4184064K), 0.1855470 secs] [Times: user=0.31 sys=0.01, real=0.19 secs] 
2013-10-02T01:26:37.681+0000: 280.716: [CMS-concurrent-sweep: 1.777/2.332 secs] [Times: user=3.88 sys=0.77, real=2.34 secs] 
2013-10-02T01:26:37.702+0000: 280.737: [CMS-concurrent-reset-start]
2013-10-02T01:26:37.713+0000: 280.748: [CMS-concurrent-reset: 0.011/0.011 secs] [Times: user=0.03 sys=0.02, real=0.02 secs] 
2013-10-02T01:26:37.746+0000: 280.792: [GC 280.799: [ParNew: 92157K->10240K(92160K), 0.0968340 secs] 2668731K->2608087K(4184064K), 0.1105140 secs] [Times: user=0.34 sys=0.00, real=0.12 secs] 
2013-10-02T01:26:38.368+0000: 281.416: [GC 281.424: [ParNew: 92160K->10240K(92160K), 0.1071780 secs] 2690007K->2629304K(4184064K), 0.1215760 secs] [Times: user=0.34 sys=0.00, real=0.13 secs] 
2013-10-02T01:26:39.069+0000: 282.115: [GC 282.123: [ParNew: 92160K->10240K(92160K), 0.1317080 secs] 2711224K->2650173K(4184064K), 0.1457680 secs] [Times: user=0.28 sys=0.01, real=0.16 secs] 
2013-10-02T01:26:39.696+0000: 282.742: [GC 282.750: [ParNew: 92160K->10240K(92160K), 0.0979260 secs] 2732093K->2670779K(4184064K), 0.1121810 secs] [Times: user=0.29 sys=0.00, real=0.12 secs] 
2013-10-02T01:26:40.362+0000: 283.407: [GC 283.414: [ParNew: 92160K->10240K(92160K), 0.0965710 secs] 2752699K->2691974K(4184064K), 0.1102050 secs] [Times: user=0.30 sys=0.01, real=0.12 secs] 
2013-10-02T01:26:41.059+0000: 284.105: [GC 284.113: [ParNew: 92160K->10240K(92160K), 0.1056410 secs] 2773894K->2712916K(4184064K), 0.1195880 secs] [Times: user=0.28 sys=0.01, real=0.13 secs] 
2013-10-02T01:26:41.709+0000: 284.755: [GC 284.762: [ParNew: 92135K->10240K(92160K), 0.0987680 secs] 2794811K->2734235K(4184064K), 0.1123650 secs] [Times: user=0.28 sys=0.02, real=0.12 secs] 
2013-10-02T01:26:42.332+0000: 285.378: [GC 285.386: [ParNew: 92155K->10240K(92160K), 0.1048730 secs] 2816151K->2754899K(4184064K), 0.1191610 secs] [Times: user=0.29 sys=0.00, real=0.13 secs] 
2013-10-02T01:26:42.968+0000: 286.013: [GC 286.021: [ParNew: 92160K->10240K(92160K), 0.0973400 secs] 2836819K->2776400K(4184064K), 0.1109210 secs] [Times: user=0.30 sys=0.00, real=0.12 secs] 
2013-10-02T01:26:43.545+0000: 286.591: [GC 286.599: [ParNew: 92158K->10240K(92160K), 0.1158030 secs] 2858319K->2797387K(4184064K), 0.1299180 secs] [Times: user=0.37 sys=0.01, real=0.14 secs] 
2013-10-02T01:26:44.234+0000: 287.279: [GC 287.286: [ParNew: 92159K->10240K(92160K), 0.0811910 secs] 2879307K->2818008K(4184064K), 0.0946490 secs] [Times: user=0.31 sys=0.00, real=0.11 secs] 
2013-10-02T01:26:44.860+0000: 287.907: [GC 287.914: [ParNew: 92143K->10240K(92160K), 0.0838270 secs] 2899911K->2840225K(4184064K), 0.0977610 secs] [Times: user=0.31 sys=0.01, real=0.11 secs] 
2013-10-02T01:26:45.502+0000: 288.547: [GC 288.554: [ParNew: 92158K->10240K(92160K), 0.1125040 secs] 2922143K->2860847K(4184064K), 0.1260940 secs] [Times: user=0.29 sys=0.00, real=0.14 secs] 
2013-10-02T01:26:46.180+0000: 289.225: [GC 289.233: [ParNew: 92160K->10240K(92160K), 0.1003960 secs] 2942767K->2882007K(4184064K), 0.1139270 secs] [Times: user=0.28 sys=0.00, real=0.13 secs] 
2013-10-02T01:26:46.803+0000: 289.849: [GC 289.858: [ParNew: 92160K->10240K(92160K), 0.1177010 secs] 2963927K->2903465K(4184064K), 0.1326780 secs] [Times: user=0.32 sys=0.02, real=0.14 secs] 
2013-10-02T01:26:47.411+0000: 290.457: [GC 290.464: [ParNew: 92159K->10240K(92160K), 0.1587330 secs] 2985384K->2924401K(4184064K), 0.1724350 secs] [Times: user=0.32 sys=0.00, real=0.18 secs] 
2013-10-02T01:26:48.130+0000: 291.176: [GC 291.183: [ParNew: 92160K->10240K(92160K), 0.0869040 secs] 3006321K->2945006K(4184064K), 0.1006360 secs] [Times: user=0.29 sys=0.00, real=0.11 secs] 
2013-10-02T01:26:48.778+0000: 291.823: [GC 291.831: [ParNew: 92160K->10240K(92160K), 0.1053620 secs] 3026926K->2965695K(4184064K), 0.1191120 secs] [Times: user=0.31 sys=0.01, real=0.13 secs] 
2013-10-02T01:26:49.450+0000: 292.495: [GC 292.503: [ParNew: 92158K->10240K(92160K), 0.1112020 secs] 3047614K->2987387K(4184064K), 0.1250220 secs] [Times: user=0.28 sys=0.01, real=0.14 secs] 
2013-10-02T01:26:50.028+0000: 293.074: [GC 293.081: [ParNew: 92160K->10240K(92160K), 0.1011790 secs] 3069307K->3009029K(4184064K), 0.1148670 secs] [Times: user=0.29 sys=0.01, real=0.13 secs] 
2013-10-02T01:26:50.623+0000: 293.669: [GC 293.676: [ParNew: 92160K->10240K(92160K), 0.0988840 secs] 3090949K->3030841K(4184064K), 0.1124610 secs] [Times: user=0.33 sys=0.03, real=0.12 secs] 
2013-10-02T01:26:51.221+0000: 294.266: [GC 294.273: [ParNew: 92160K->10240K(92160K), 0.1240070 secs] 3112761K->3052053K(4184064K), 0.1378340 secs] [Times: user=0.28 sys=0.03, real=0.15 secs] 
2013-10-02T01:26:51.882+0000: 294.928: [GC 294.935: [ParNew: 92102K->10240K(92160K), 0.1100750 secs] 3133916K->3074517K(4184064K), 0.1244830 secs] [Times: user=0.33 sys=0.02, real=0.14 secs] 
2013-10-02T01:26:52.521+0000: 295.567: [GC 295.574: [ParNew: 92160K->10240K(92160K), 0.1115630 secs] 3156437K->3096232K(4184064K), 0.1255360 secs] [Times: user=0.31 sys=0.00, real=0.14 secs] 
2013-10-02T01:26:52.680+0000: 295.725: [GC [1 CMS-initial-mark: 3085992K(4091904K)] 3097214K(4184064K), 0.0865570 secs] [Times: user=0.10 sys=0.00, real=0.10 secs] 
2013-10-02T01:26:52.804+0000: 295.839: [CMS-concurrent-mark-start]
2013-10-02T01:26:53.169+0000: 296.215: [GC 296.223: [ParNew: 92156K->10240K(92160K), 0.1626640 secs] 3178148K->3119339K(4184064K), 0.1768230 secs] [Times: user=0.31 sys=0.00, real=0.19 secs] 
2013-10-02T01:26:53.742+0000: 296.788: [GC 296.796: [ParNew: 92160K->10240K(92160K), 0.1258250 secs] 3201259K->3139496K(4184064K), 0.1398620 secs] [Times: user=0.37 sys=0.01, real=0.16 secs] 
2013-10-02T01:26:54.347+0000: 297.392: [GC 297.400: [ParNew: 92158K->10240K(92160K), 0.0994530 secs] 3221414K->3161910K(4184064K), 0.1130360 secs] [Times: user=0.30 sys=0.00, real=0.12 secs] 
2013-10-02T01:26:54.957+0000: 298.003: [GC 298.011: [ParNew: 92160K->10240K(92160K), 0.1231710 secs] 3243830K->3183656K(4184064K), 0.1373140 secs] [Times: user=0.33 sys=0.01, real=0.15 secs] 
2013-10-02T01:26:55.500+0000: 298.545: [GC 298.553: [ParNew: 92160K->10240K(92160K), 0.1212230 secs] 3265576K->3205649K(4184064K), 0.1351600 secs] [Times: user=0.31 sys=0.00, real=0.15 secs] 
2013-10-02T01:26:56.098+0000: 299.143: [GC 299.151: [ParNew: 92149K->10240K(92160K), 0.1296640 secs] 3287558K->3227554K(4184064K), 0.1433730 secs] [Times: user=0.33 sys=0.03, real=0.16 secs] 
2013-10-02T01:26:56.692+0000: 299.738: [GC 299.746: [ParNew: 92160K->10240K(92160K), 0.1002060 secs] 3309474K->3248765K(4184064K), 0.1139180 secs] [Times: user=0.31 sys=0.00, real=0.12 secs] 
2013-10-02T01:26:57.330+0000: 300.376: [GC 300.383: [ParNew: 92160K->10240K(92160K), 0.1371230 secs] 3330685K->3270814K(4184064K), 0.1510090 secs] [Times: user=0.44 sys=0.02, real=0.17 secs] 
2013-10-02T01:26:57.895+0000: 300.940: [GC 300.947: [ParNew: 92160K->10240K(92160K), 0.1269310 secs] 3352734K->3292177K(4184064K), 0.1404920 secs] [Times: user=0.32 sys=0.01, real=0.15 secs] 
2013-10-02T01:26:58.438+0000: 301.483: [GC 301.491: [ParNew: 92154K->10240K(92160K), 0.1733020 secs] 3374092K->3313839K(4184064K), 0.1874050 secs] [Times: user=0.37 sys=0.01, real=0.20 secs] 
2013-10-02T01:26:58.992+0000: 302.038: [GC 302.045: [ParNew: 92137K->10240K(92160K), 0.1171680 secs] 3395737K->3335558K(4184064K), 0.1307880 secs] [Times: user=0.35 sys=0.01, real=0.14 secs] 
2013-10-02T01:26:59.558+0000: 302.604: [GC 302.611: [ParNew: 92160K->10240K(92160K), 0.0982530 secs] 3417478K->3358129K(4184064K), 0.1117090 secs] [Times: user=0.33 sys=0.01, real=0.12 secs] 
2013-10-02T01:26:59.719+0000: 302.754: [CMS-concurrent-mark: 4.813/6.915 secs] [Times: user=12.22 sys=2.21, real=6.92 secs] 
2013-10-02T01:26:59.746+0000: 302.782: [CMS-concurrent-preclean-start]
2013-10-02T01:27:00.180+0000: 303.226: [GC 303.233: [ParNew: 92147K->10240K(92160K), 0.1635560 secs] 3440037K->3379733K(4184064K), 0.1775880 secs] [Times: user=0.31 sys=0.04, real=0.19 secs] 
2013-10-02T01:27:00.794+0000: 303.839: [GC 303.847: [ParNew: 92155K->10240K(92160K), 0.0970970 secs] 3461648K->3400723K(4184064K), 0.1106340 secs] [Times: user=0.33 sys=0.01, real=0.12 secs] 
2013-10-02T01:27:01.257+0000: 304.302: [GC 304.310: [ParNew: 92158K->10240K(92160K), 0.1048140 secs] 3482641K->3422407K(4184064K), 0.1184180 secs] [Times: user=0.28 sys=0.07, real=0.13 secs] 
2013-10-02T01:27:01.446+0000: 304.481: [CMS-concurrent-preclean: 0.929/1.700 secs] [Times: user=2.47 sys=0.97, real=1.71 secs] 
2013-10-02T01:27:01.466+0000: 304.501: [CMS-concurrent-abortable-preclean-start]
2013-10-02T01:27:01.753+0000: 304.788: [CMS-concurrent-abortable-preclean: 0.233/0.287 secs] [Times: user=0.34 sys=0.23, real=0.30 secs] 
2013-10-02T01:27:01.772+0000: 304.817: [GC[YG occupancy: 89143 K (92160 K)]304.820: [Rescan (parallel) , 0.0702460 secs]304.891: [weak refs processing, 0.0268810 secs]304.918: [class unloading, 0.0024540 secs]304.920: [scrub symbol table, 0.0018030 secs]304.922: [scrub string table, 0.0003720 secs] [1 CMS-remark: 3412167K(4091904K)] 3501311K(4184064K), 0.1075430 secs] [Times: user=0.20 sys=0.00, real=0.11 secs] 
2013-10-02T01:27:01.917+0000: 304.953: [CMS-concurrent-sweep-start]
2013-10-02T01:27:01.919+0000: 304.964: [GC 304.972: [ParNew: 92160K->10240K(92160K), 0.1418100 secs] 3504327K->3443681K(4184064K), 0.1556530 secs] [Times: user=0.30 sys=0.05, real=0.17 secs] 
2013-10-02T01:27:02.458+0000: 305.504: [GC 305.511: [ParNew: 92160K->10240K(92160K), 0.1319710 secs] 3506904K->3447676K(4184064K), 0.1459140 secs] [Times: user=0.34 sys=0.03, real=0.16 secs] 
2013-10-02T01:27:03.002+0000: 306.048: [GC 306.055: [ParNew: 92159K->10240K(92160K), 0.1305200 secs] 3512989K->3452311K(4184064K), 0.1447410 secs] [Times: user=0.32 sys=0.05, real=0.16 secs] 
2013-10-02T01:27:03.533+0000: 306.578: [GC 306.585: [ParNew: 92157K->10240K(92160K), 0.1375720 secs] 3496485K->3436177K(4184064K), 0.1514500 secs] [Times: user=0.34 sys=0.02, real=0.16 secs] 
2013-10-02T01:27:04.210+0000: 307.256: [GC 307.263: [ParNew: 92160K->10240K(92160K), 0.0919430 secs] 3162580K->3102113K(4184064K), 0.1059110 secs] [Times: user=0.30 sys=0.00, real=0.12 secs] 
2013-10-02T01:27:04.569+0000: 307.604: [CMS-concurrent-sweep: 1.966/2.652 secs] [Times: user=4.61 sys=0.91, real=2.66 secs] 
2013-10-02T01:27:04.589+0000: 307.624: [CMS-concurrent-reset-start]
2013-10-02T01:27:04.599+0000: 307.634: [CMS-concurrent-reset: 0.010/0.010 secs] [Times: user=0.02 sys=0.01, real=0.02 secs] 
2013-10-02T01:27:04.733+0000: 307.779: [GC 307.787: [ParNew: 92160K->10240K(92160K), 0.1266860 secs] 2890250K->2829067K(4184064K), 0.1410080 secs] [Times: user=0.34 sys=0.01, real=0.15 secs] 
2013-10-02T01:27:05.436+0000: 308.481: [GC 308.488: [ParNew: 92160K->10240K(92160K), 0.1124140 secs] 2910987K->2850890K(4184064K), 0.1262530 secs] [Times: user=0.29 sys=0.02, real=0.14 secs] 
2013-10-02T01:27:06.003+0000: 309.048: [GC 309.056: [ParNew: 92160K->10240K(92160K), 0.0821480 secs] 2932810K->2871624K(4184064K), 0.0961130 secs] [Times: user=0.30 sys=0.00, real=0.11 secs] 
2013-10-02T01:27:06.659+0000: 309.705: [GC 309.712: [ParNew: 92159K->10240K(92160K), 0.1033930 secs] 2953543K->2893781K(4184064K), 0.1173430 secs] [Times: user=0.32 sys=0.00, real=0.13 secs] 
2013-10-02T01:27:07.223+0000: 310.271: [GC 310.279: [ParNew: 92160K->10240K(92160K), 0.1199190 secs] 2975701K->2915598K(4184064K), 0.1347740 secs] [Times: user=0.32 sys=0.01, real=0.17 secs] 
2013-10-02T01:27:07.762+0000: 310.807: [GC 310.815: [ParNew: 92129K->10240K(92160K), 0.1594820 secs] 2997487K->2937648K(4184064K), 0.1736250 secs] [Times: user=0.30 sys=0.02, real=0.19 secs] 
2013-10-02T01:27:08.346+0000: 311.392: [GC 311.399: [ParNew: 92160K->10240K(92160K), 0.0849510 secs] 3019568K->2959139K(4184064K), 0.0984630 secs] [Times: user=0.31 sys=0.00, real=0.11 secs] 
2013-10-02T01:27:09.126+0000: 312.172: [GC 312.180: [ParNew: 92160K->10240K(92160K), 0.2033070 secs] 3041059K->2982846K(4184064K), 0.2183620 secs] [Times: user=0.34 sys=0.00, real=0.23 secs] 
2013-10-02T01:27:09.691+0000: 312.737: [GC 312.744: [ParNew: 92160K->10240K(92160K), 0.1360270 secs] 3064766K->3004505K(4184064K), 0.1500680 secs] [Times: user=0.29 sys=0.01, real=0.16 secs] 
2013-10-02T01:27:10.324+0000: 313.369: [GC 313.377: [ParNew: 92159K->10240K(92160K), 0.1019150 secs] 3086425K->3026011K(4184064K), 0.1156170 secs] [Times: user=0.30 sys=0.00, real=0.12 secs] 
2013-10-02T01:27:10.948+0000: 313.994: [GC 314.002: [ParNew: 92157K->10240K(92160K), 0.1104640 secs] 3107928K->3047578K(4184064K), 0.1245990 secs] [Times: user=0.32 sys=0.01, real=0.14 secs] 
2013-10-02T01:27:11.542+0000: 314.587: [GC 314.595: [ParNew: 92160K->10240K(92160K), 0.1067120 secs] 3129600K->3069630K(4184064K), 0.1202980 secs] [Times: user=0.28 sys=0.01, real=0.14 secs] 
2013-10-02T01:27:11.696+0000: 314.741: [GC 314.748: [ParNew: 10765K->10212K(92160K), 0.0712690 secs] 3070155K->3079861K(4184064K), 0.0847120 secs] [Times: user=0.24 sys=0.00, real=0.09 secs] 
2013-10-02T01:27:11.813+0000: 314.858: [GC [1 CMS-initial-mark: 3069648K(4091904K)] 3080174K(4184064K), 0.0816380 secs] [Times: user=0.10 sys=0.01, real=0.10 secs] 
2013-10-02T01:27:11.941+0000: 314.976: [CMS-concurrent-mark-start]
2013-10-02T01:27:12.096+0000: 315.143: [GC 315.151: [ParNew: 92132K->10240K(92160K), 0.1070050 secs] 3161781K->3091339K(4184064K), 0.1213330 secs] [Times: user=0.31 sys=0.02, real=0.13 secs] 
2013-10-02T01:27:12.716+0000: 315.762: [GC 315.896: [ParNew: 92160K->10240K(92160K), 0.0850870 secs] 3173259K->3112697K(4184064K), 0.0990830 secs] [Times: user=0.31 sys=0.00, real=0.24 secs] 
2013-10-02T01:27:13.303+0000: 316.350: [GC 316.360: [ParNew: 92160K->10240K(92160K), 0.1837310 secs] 3194617K->3134238K(4184064K), 0.1999180 secs] [Times: user=0.38 sys=0.01, real=0.22 secs] 
2013-10-02T01:27:14.020+0000: 317.065: [GC 317.073: [ParNew: 92160K->10240K(92160K), 0.0962250 secs] 3216158K->3156908K(4184064K), 0.1099690 secs] [Times: user=0.33 sys=0.00, real=0.12 secs] 
2013-10-02T01:27:14.585+0000: 317.630: [GC 317.638: [ParNew: 92158K->10240K(92160K), 0.1393650 secs] 3238827K->3176707K(4184064K), 0.1529230 secs] [Times: user=0.32 sys=0.02, real=0.16 secs] 
2013-10-02T01:27:15.170+0000: 318.216: [GC 318.223: [ParNew: 92160K->10240K(92160K), 0.0969650 secs] 3258627K->3199608K(4184064K), 0.1109080 secs] [Times: user=0.31 sys=0.01, real=0.13 secs] 
2013-10-02T01:27:15.783+0000: 318.829: [GC 318.837: [ParNew: 92156K->10240K(92160K), 0.1291560 secs] 3281525K->3221135K(4184064K), 0.1428440 secs] [Times: user=0.36 sys=0.02, real=0.15 secs] 
2013-10-02T01:27:16.394+0000: 319.439: [GC 319.447: [ParNew: 92160K->10240K(92160K), 0.1224700 secs] 3303055K->3243445K(4184064K), 0.1360240 secs] [Times: user=0.31 sys=0.03, real=0.14 secs] 
2013-10-02T01:27:17.051+0000: 320.097: [GC 320.105: [ParNew: 92160K->10240K(92160K), 0.1109820 secs] 3325365K->3266780K(4184064K), 0.1254080 secs] [Times: user=0.30 sys=0.00, real=0.13 secs] 
2013-10-02T01:27:17.678+0000: 320.724: [GC 320.732: [ParNew: 92160K->10240K(92160K), 0.1085570 secs] 3348700K->3288436K(4184064K), 0.1221630 secs] [Times: user=0.30 sys=0.01, real=0.14 secs] 
2013-10-02T01:27:18.321+0000: 321.367: [GC 321.374: [ParNew: 92160K->10240K(92160K), 0.1215410 secs] 3370356K->3310952K(4184064K), 0.1351370 secs] [Times: user=0.33 sys=0.00, real=0.15 secs] 
2013-10-02T01:27:18.851+0000: 321.886: [CMS-concurrent-mark: 4.940/6.911 secs] [Times: user=11.72 sys=1.98, real=6.93 secs] 
2013-10-02T01:27:18.871+0000: 321.906: [CMS-concurrent-preclean-start]
2013-10-02T01:27:18.946+0000: 321.992: [GC 322.000: [ParNew: 92160K->10240K(92160K), 0.1044360 secs] 3392872K->3331917K(4184064K), 0.1183030 secs] [Times: user=0.30 sys=0.01, real=0.13 secs] 
2013-10-02T01:27:19.638+0000: 322.683: [GC 322.690: [ParNew: 92158K->10240K(92160K), 0.1059250 secs] 3413836K->3356837K(4184064K), 0.1195990 secs] [Times: user=0.33 sys=0.00, real=0.13 secs] 
2013-10-02T01:27:20.342+0000: 323.377: [CMS-concurrent-preclean: 0.894/1.471 secs] [Times: user=2.06 sys=0.66, real=1.48 secs] 
2013-10-02T01:27:20.362+0000: 323.397: [CMS-concurrent-abortable-preclean-start]
2013-10-02T01:27:20.448+0000: 323.483: [CMS-concurrent-abortable-preclean: 0.080/0.086 secs] [Times: user=0.10 sys=0.03, real=0.09 secs] 
2013-10-02T01:27:20.467+0000: 323.513: [GC[YG occupancy: 87315 K (92160 K)]323.517: [Rescan (parallel) , 0.1102720 secs]323.627: [weak refs processing, 0.0222920 secs]323.649: [class unloading, 0.0024460 secs]323.652: [scrub symbol table, 0.0016850 secs]323.654: [scrub string table, 0.0003660 secs] [1 CMS-remark: 3346597K(4091904K)] 3433913K(4184064K), 0.1430110 secs] [Times: user=0.22 sys=0.00, real=0.15 secs] 
2013-10-02T01:27:20.648+0000: 323.683: [CMS-concurrent-sweep-start]
2013-10-02T01:27:20.671+0000: 323.716: [GC 323.723: [ParNew: 92157K->10240K(92160K), 0.1351370 secs] 3436749K->3383088K(4184064K), 0.1487120 secs] [Times: user=0.45 sys=0.00, real=0.16 secs] 
2013-10-02T01:27:21.222+0000: 324.268: [GC 324.275: [ParNew: 92160K->10240K(92160K), 0.0937250 secs] 3452729K->3396035K(4184064K), 0.1075310 secs] [Times: user=0.32 sys=0.01, real=0.12 secs] 
2013-10-02T01:27:22.047+0000: 325.093: [GC 325.100: [ParNew: 92160K->10240K(92160K), 0.1588590 secs] 3316930K->3260094K(4184064K), 0.1724940 secs] [Times: user=0.42 sys=0.00, real=0.18 secs] 
2013-10-02T01:27:22.754+0000: 325.789: [CMS-concurrent-sweep: 1.575/2.106 secs] [Times: user=3.66 sys=0.39, real=2.12 secs] 
2013-10-02T01:27:22.773+0000: 325.808: [CMS-concurrent-reset-start]
2013-10-02T01:27:22.783+0000: 325.819: [CMS-concurrent-reset: 0.010/0.010 secs] [Times: user=0.01 sys=0.00, real=0.02 secs] 
2013-10-02T01:27:22.833+0000: 325.879: [GC 325.886: [ParNew: 92160K->10240K(92160K), 0.1093070 secs] 2922991K->2866069K(4184064K), 0.1232010 secs] [Times: user=0.34 sys=0.00, real=0.13 secs] 
2013-10-02T01:27:23.457+0000: 326.503: [GC 326.511: [ParNew: 92160K->10240K(92160K), 0.1149610 secs] 2947989K->2891046K(4184064K), 0.1287590 secs] [Times: user=0.32 sys=0.01, real=0.14 secs] 
2013-10-02T01:27:24.360+0000: 327.407: [GC 327.415: [ParNew: 92160K->10240K(92160K), 0.1136400 secs] 2972966K->2919530K(4184064K), 0.1282480 secs] [Times: user=0.32 sys=0.02, real=0.14 secs] 
2013-10-02T01:27:24.997+0000: 328.043: [GC 328.050: [ParNew: 92160K->10240K(92160K), 0.1112830 secs] 3001450K->2942567K(4184064K), 0.1248540 secs] [Times: user=0.33 sys=0.02, real=0.14 secs] 
2013-10-02T01:27:25.647+0000: 328.693: [GC 328.701: [ParNew: 92156K->10240K(92160K), 0.1134950 secs] 3024484K->2966011K(4184064K), 0.1278060 secs] [Times: user=0.30 sys=0.00, real=0.14 secs] 
2013-10-02T01:27:26.299+0000: 329.345: [GC 329.353: [ParNew: 92160K->10240K(92160K), 0.0883590 secs] 3047931K->2989588K(4184064K), 0.1027580 secs] [Times: user=0.32 sys=0.01, real=0.11 secs] 
2013-10-02T01:27:26.900+0000: 329.946: [GC 329.954: [ParNew: 92157K->10240K(92160K), 0.1089710 secs] 3071506K->3014461K(4184064K), 0.1230760 secs] [Times: user=0.30 sys=0.00, real=0.13 secs] 
2013-10-02T01:27:27.656+0000: 330.702: [GC 330.709: [ParNew: 92155K->10240K(92160K), 0.1775270 secs] 3096377K->3041212K(4184064K), 0.1913320 secs] [Times: user=0.35 sys=0.00, real=0.20 secs] 
2013-10-02T01:27:28.422+0000: 331.467: [GC 331.474: [ParNew: 92156K->10240K(92160K), 0.1136460 secs] 3123128K->3068406K(4184064K), 0.1272750 secs] [Times: user=0.38 sys=0.02, real=0.14 secs] 
2013-10-02T01:27:28.844+0000: 331.890: [GC 331.897: [ParNew: 92160K->10240K(92160K), 0.1196130 secs] 3150326K->3086386K(4184064K), 0.1334450 secs] [Times: user=0.30 sys=0.02, real=0.14 secs] 
2013-10-02T01:27:29.013+0000: 332.058: [GC [1 CMS-initial-mark: 3076146K(4091904K)] 3087068K(4184064K), 0.0878510 secs] [Times: user=0.09 sys=0.00, real=0.09 secs] 
2013-10-02T01:27:29.136+0000: 332.172: [CMS-concurrent-mark-start]
2013-10-02T01:27:29.296+0000: 332.341: [GC 332.349: [ParNew: 92160K->10240K(92160K), 0.1355700 secs] 3168306K->3107774K(4184064K), 0.1495890 secs] [Times: user=0.30 sys=0.01, real=0.16 secs] 
2013-10-02T01:27:29.899+0000: 332.944: [GC 332.951: [ParNew: 92156K->10240K(92160K), 0.1240540 secs] 3189691K->3130145K(4184064K), 0.1376140 secs] [Times: user=0.32 sys=0.00, real=0.15 secs] 
2013-10-02T01:27:30.449+0000: 333.495: [GC 333.503: [ParNew: 92160K->10240K(92160K), 0.0954930 secs] 3212065K->3151031K(4184064K), 0.1095170 secs] [Times: user=0.31 sys=0.00, real=0.12 secs] 
2013-10-02T01:27:30.798+0000: 333.844: [GC 333.851: [ParNew: 92160K->10240K(92160K), 0.1028450 secs] 3232951K->3170002K(4184064K), 0.1167830 secs] [Times: user=0.28 sys=0.00, real=0.13 secs] 
2013-10-02T01:27:31.275+0000: 334.321: [GC 334.328: [ParNew: 92160K->10240K(92160K), 0.1417240 secs] 3251922K->3191214K(4184064K), 0.1553600 secs] [Times: user=0.30 sys=0.00, real=0.17 secs] 
2013-10-02T01:27:31.789+0000: 334.835: [GC 334.842: [ParNew: 92160K->10240K(92160K), 0.1173400 secs] 3273168K->3214310K(4184064K), 0.1312950 secs] [Times: user=0.30 sys=0.01, real=0.14 secs] 
2013-10-02T01:27:31.954+0000: 334.999: [GC 335.006: [ParNew: 10321K->10185K(92160K), 0.0781790 secs] 3214391K->3224481K(4184064K), 0.0916140 secs] [Times: user=0.26 sys=0.01, real=0.10 secs] 
2013-10-02T01:27:32.683+0000: 335.729: [GC 335.736: [ParNew: 92104K->10240K(92160K), 0.1050290 secs] 3306399K->3240665K(4184064K), 0.1185820 secs] [Times: user=0.31 sys=0.01, real=0.13 secs] 
2013-10-02T01:27:33.211+0000: 336.257: [GC 336.264: [ParNew: 92155K->10240K(92160K), 0.1097960 secs] 3322580K->3263920K(4184064K), 0.1237240 secs] [Times: user=0.30 sys=0.01, real=0.14 secs] 
2013-10-02T01:27:33.967+0000: 337.012: [GC 337.020: [ParNew: 92152K->10240K(92160K), 0.1104100 secs] 3345832K->3291854K(4184064K), 0.1239890 secs] [Times: user=0.38 sys=0.01, real=0.14 secs] 
2013-10-02T01:27:34.652+0000: 337.697: [GC 337.705: [ParNew: 92160K->10240K(92160K), 0.1137540 secs] 3373774K->3317733K(4184064K), 0.1275820 secs] [Times: user=0.33 sys=0.01, real=0.13 secs] 
2013-10-02T01:27:35.146+0000: 338.191: [GC 338.198: [ParNew: 92126K->10240K(92160K), 0.0916310 secs] 3399620K->3340473K(4184064K), 0.1053640 secs] [Times: user=0.32 sys=0.01, real=0.12 secs] 
2013-10-02T01:27:35.713+0000: 338.759: [GC 338.767: [ParNew: 92159K->10240K(92160K), 0.1000200 secs] 3422392K->3362126K(4184064K), 0.1140690 secs] [Times: user=0.32 sys=0.01, real=0.12 secs] 
2013-10-02T01:27:36.387+0000: 339.432: [GC 339.440: [ParNew: 92160K->10240K(92160K), 0.1079290 secs] 3444046K->3386895K(4184064K), 0.1216770 secs] [Times: user=0.37 sys=0.00, real=0.13 secs] 
2013-10-02T01:27:36.769+0000: 339.804: [CMS-concurrent-mark: 5.420/7.632 secs] [Times: user=13.14 sys=1.79, real=7.64 secs] 
2013-10-02T01:27:36.788+0000: 339.823: [CMS-concurrent-preclean-start]
2013-10-02T01:27:36.939+0000: 339.985: [GC 339.992: [ParNew: 92160K->10240K(92160K), 0.0937870 secs] 3468815K->3408490K(4184064K), 0.1074310 secs] [Times: user=0.30 sys=0.00, real=0.11 secs] 
2013-10-02T01:27:37.564+0000: 340.610: [GC 340.617: [ParNew: 92160K->10240K(92160K), 0.1028470 secs] 3490410K->3430911K(4184064K), 0.1165980 secs] [Times: user=0.34 sys=0.01, real=0.13 secs] 
2013-10-02T01:27:38.197+0000: 341.243: [GC 341.257: [ParNew: 92160K->10240K(92160K), 0.1215830 secs] 3512831K->3455212K(4184064K), 0.1354450 secs] [Times: user=0.32 sys=0.00, real=0.15 secs] 
2013-10-02T01:27:38.702+0000: 341.738: [CMS-concurrent-preclean: 1.129/1.914 secs] [Times: user=2.78 sys=0.87, real=1.93 secs] 
2013-10-02T01:27:38.722+0000: 341.758: [CMS-concurrent-abortable-preclean-start]
2013-10-02T01:27:38.786+0000: 341.821: [CMS-concurrent-abortable-preclean: 0.062/0.064 secs] [Times: user=0.08 sys=0.02, real=0.07 secs] 
2013-10-02T01:27:38.804+0000: 341.849: [GC[YG occupancy: 67328 K (92160 K)]341.852: [Rescan (parallel) , 0.0571170 secs]341.909: [weak refs processing, 0.0211710 secs]341.930: [class unloading, 0.0024900 secs]341.933: [scrub symbol table, 0.0017460 secs]341.935: [scrub string table, 0.0003840 secs] [1 CMS-remark: 3444972K(4091904K)] 3512301K(4184064K), 0.0887960 secs] [Times: user=0.24 sys=0.00, real=0.10 secs] 
2013-10-02T01:27:38.934+0000: 341.969: [CMS-concurrent-sweep-start]
2013-10-02T01:27:38.992+0000: 342.037: [GC 342.044: [ParNew: 92160K->10240K(92160K), 0.1453110 secs] 3534663K->3478407K(4184064K), 0.1591100 secs] [Times: user=0.33 sys=0.05, real=0.17 secs] 
2013-10-02T01:27:39.481+0000: 342.526: [GC 342.534: [ParNew: 92160K->10240K(92160K), 0.1994550 secs] 3554561K->3493699K(4184064K), 0.2134260 secs] [Times: user=0.33 sys=0.03, real=0.22 secs] 
2013-10-02T01:27:40.054+0000: 343.100: [GC 343.107: [ParNew: 92160K->10240K(92160K), 0.1171260 secs] 3568406K->3509830K(4184064K), 0.1308140 secs] [Times: user=0.35 sys=0.02, real=0.14 secs] 
2013-10-02T01:27:40.632+0000: 343.677: [GC 343.684: [ParNew: 92160K->10240K(92160K), 0.0938570 secs] 3548105K->3488718K(4184064K), 0.1075450 secs] [Times: user=0.31 sys=0.02, real=0.11 secs] 
2013-10-02T01:27:41.351+0000: 344.396: [GC 344.403: [ParNew: 92159K->10240K(92160K), 0.1078590 secs] 3174388K->3115755K(4184064K), 0.1214190 secs] [Times: user=0.32 sys=0.00, real=0.14 secs] 
2013-10-02T01:27:41.614+0000: 344.650: [CMS-concurrent-sweep: 1.775/2.680 secs] [Times: user=4.63 sys=0.75, real=2.69 secs] 
2013-10-02T01:27:41.635+0000: 344.670: [CMS-concurrent-reset-start]
2013-10-02T01:27:41.645+0000: 344.681: [CMS-concurrent-reset: 0.011/0.011 secs] [Times: user=0.02 sys=0.00, real=0.02 secs] 
2013-10-02T01:27:41.959+0000: 345.005: [GC 345.012: [ParNew: 92152K->10240K(92160K), 0.1229990 secs] 3091577K->3029058K(4184064K), 0.1368080 secs] [Times: user=0.31 sys=0.00, real=0.14 secs] 
2013-10-02T01:27:42.471+0000: 345.516: [GC 345.524: [ParNew: 92155K->10240K(92160K), 0.0926200 secs] 3110974K->3052914K(4184064K), 0.1063080 secs] [Times: user=0.32 sys=0.02, real=0.12 secs] 
2013-10-02T01:27:43.039+0000: 346.085: [GC 346.092: [ParNew: 92160K->10240K(92160K), 0.1049910 secs] 3134834K->3074624K(4184064K), 0.1185810 secs] [Times: user=0.30 sys=0.00, real=0.12 secs] 
2013-10-02T01:27:43.637+0000: 346.682: [GC 346.690: [ParNew: 92160K->10240K(92160K), 0.1083610 secs] 3156544K->3097209K(4184064K), 0.1224020 secs] [Times: user=0.30 sys=0.00, real=0.13 secs] 
2013-10-02T01:27:43.793+0000: 346.838: [GC [1 CMS-initial-mark: 3086969K(4091904K)] 3098514K(4184064K), 0.0896090 secs] [Times: user=0.10 sys=0.00, real=0.10 secs] 
2013-10-02T01:27:43.919+0000: 346.955: [CMS-concurrent-mark-start]
2013-10-02T01:27:44.192+0000: 347.238: [GC 347.245: [ParNew: 92160K->10240K(92160K), 0.1081950 secs] 3179129K->3118919K(4184064K), 0.1220350 secs] [Times: user=0.33 sys=0.02, real=0.13 secs] 
2013-10-02T01:27:44.700+0000: 347.745: [GC 347.752: [ParNew: 92136K->10240K(92160K), 0.1130090 secs] 3200815K->3139981K(4184064K), 0.1267560 secs] [Times: user=0.29 sys=0.03, real=0.13 secs] 
2013-10-02T01:27:45.274+0000: 348.319: [GC 348.327: [ParNew: 92156K->10240K(92160K), 0.1199500 secs] 3221897K->3162243K(4184064K), 0.1337280 secs] [Times: user=0.32 sys=0.00, real=0.14 secs] 
2013-10-02T01:27:45.968+0000: 349.013: [GC 349.020: [ParNew: 92160K->10240K(92160K), 0.1104420 secs] 3244163K->3185190K(4184064K), 0.1240020 secs] [Times: user=0.34 sys=0.02, real=0.14 secs] 
2013-10-02T01:27:46.400+0000: 349.446: [GC 349.453: [ParNew: 92160K->10240K(92160K), 0.1782780 secs] 3267110K->3207560K(4184064K), 0.1919890 secs] [Times: user=0.30 sys=0.02, real=0.20 secs] 
2013-10-02T01:27:47.028+0000: 350.074: [GC 350.081: [ParNew: 92160K->10240K(92160K), 0.1209900 secs] 3289480K->3230997K(4184064K), 0.1350280 secs] [Times: user=0.31 sys=0.00, real=0.15 secs] 
2013-10-02T01:27:47.598+0000: 350.643: [GC 350.651: [ParNew: 92159K->10240K(92160K), 0.1307710 secs] 3312917K->3253324K(4184064K), 0.1445940 secs] [Times: user=0.41 sys=0.02, real=0.16 secs] 
2013-10-02T01:27:48.207+0000: 351.253: [GC 351.260: [ParNew: 92160K->10240K(92160K), 0.1017670 secs] 3335244K->3275651K(4184064K), 0.1156400 secs] [Times: user=0.34 sys=0.01, real=0.13 secs] 
2013-10-02T01:27:48.708+0000: 351.754: [GC 351.761: [ParNew: 92159K->10240K(92160K), 0.1139700 secs] 3357570K->3297498K(4184064K), 0.1276350 secs] [Times: user=0.32 sys=0.00, real=0.14 secs] 
2013-10-02T01:27:49.274+0000: 352.319: [GC 352.327: [ParNew: 92160K->10240K(92160K), 0.0975070 secs] 3379418K->3319900K(4184064K), 0.1115160 secs] [Times: user=0.31 sys=0.00, real=0.12 secs] 
2013-10-02T01:27:49.863+0000: 352.908: [GC 352.916: [ParNew: 92160K->10240K(92160K), 0.0937810 secs] 3401820K->3341952K(4184064K), 0.1074120 secs] [Times: user=0.33 sys=0.01, real=0.12 secs] 
2013-10-02T01:27:50.412+0000: 353.458: [GC 353.465: [ParNew: 92157K->10240K(92160K), 0.1091700 secs] 3423869K->3363495K(4184064K), 0.1227630 secs] [Times: user=0.30 sys=0.01, real=0.13 secs] 
2013-10-02T01:27:51.118+0000: 354.163: [GC 354.171: [ParNew: 92153K->10240K(92160K), 0.1245870 secs] 3445408K->3386705K(4184064K), 0.1385850 secs] [Times: user=0.33 sys=0.00, real=0.15 secs] 
2013-10-02T01:27:51.391+0000: 354.426: [CMS-concurrent-mark: 5.316/7.471 secs] [Times: user=12.98 sys=1.77, real=7.49 secs] 
2013-10-02T01:27:51.416+0000: 354.452: [CMS-concurrent-preclean-start]
2013-10-02T01:27:51.641+0000: 354.686: [GC 354.694: [ParNew: 92160K->10240K(92160K), 0.1045460 secs] 3468625K->3408737K(4184064K), 0.1181790 secs] [Times: user=0.30 sys=0.01, real=0.12 secs] 
2013-10-02T01:27:52.260+0000: 355.306: [GC 355.313: [ParNew: 92159K->10240K(92160K), 0.1076760 secs] 3490657K->3429369K(4184064K), 0.1215660 secs] [Times: user=0.30 sys=0.00, real=0.13 secs] 
2013-10-02T01:27:52.905+0000: 355.951: [GC 355.958: [ParNew: 92160K->10240K(92160K), 0.1130540 secs] 3511289K->3452478K(4184064K), 0.1267110 secs] [Times: user=0.31 sys=0.00, real=0.14 secs] 
2013-10-02T01:27:53.371+0000: 356.417: [GC 356.424: [ParNew: 92153K->10240K(92160K), 0.1442980 secs] 3534391K->3474458K(4184064K), 0.1580010 secs] [Times: user=0.30 sys=0.02, real=0.17 secs] 
2013-10-02T01:27:53.868+0000: 356.903: [CMS-concurrent-preclean: 1.371/2.452 secs] [Times: user=3.52 sys=1.10, real=2.47 secs] 
2013-10-02T01:27:53.891+0000: 356.926: [CMS-concurrent-abortable-preclean-start]
2013-10-02T01:27:53.897+0000: 356.943: [GC 356.950: [ParNew: 92159K->10240K(92160K), 0.1007140 secs] 3556377K->3496447K(4184064K), 0.1146000 secs] [Times: user=0.30 sys=0.01, real=0.13 secs] 
2013-10-02T01:27:54.486+0000: 357.521: [CMS-concurrent-abortable-preclean: 0.384/0.595 secs] [Times: user=0.87 sys=0.17, real=0.61 secs] 
2013-10-02T01:27:54.504+0000: 357.549: [GC[YG occupancy: 63815 K (92160 K)]357.553: [Rescan (parallel) , 0.0544480 secs]357.607: [weak refs processing, 0.0195510 secs]357.627: [class unloading, 0.0024900 secs]357.629: [scrub symbol table, 0.0016480 secs]357.631: [scrub string table, 0.0003680 secs] [1 CMS-remark: 3486207K(4091904K)] 3550022K(4184064K), 0.0839160 secs] [Times: user=0.18 sys=0.01, real=0.09 secs] 
2013-10-02T01:27:54.625+0000: 357.660: [CMS-concurrent-sweep-start]
2013-10-02T01:27:54.711+0000: 357.757: [GC 357.764: [ParNew: 92160K->10240K(92160K), 0.1057420 secs] 3574543K->3515072K(4184064K), 0.1193450 secs] [Times: user=0.29 sys=0.03, real=0.13 secs] 
2013-10-02T01:27:55.145+0000: 358.191: [GC 358.198: [ParNew: 92160K->10240K(92160K), 0.1644760 secs] 3584026K->3522564K(4184064K), 0.1781720 secs] [Times: user=0.30 sys=0.05, real=0.19 secs] 
2013-10-02T01:27:55.669+0000: 358.714: [GC 358.722: [ParNew: 92160K->10240K(92160K), 0.1249960 secs] 3596511K->3537483K(4184064K), 0.1385230 secs] [Times: user=0.29 sys=0.06, real=0.14 secs] 
2013-10-02T01:27:56.464+0000: 359.510: [GC 359.517: [ParNew: 92160K->10240K(92160K), 0.1059440 secs] 3446804K->3391148K(4184064K), 0.1198330 secs] [Times: user=0.34 sys=0.01, real=0.13 secs] 
2013-10-02T01:27:57.014+0000: 360.049: [CMS-concurrent-sweep: 1.692/2.389 secs] [Times: user=3.89 sys=0.70, real=2.40 secs] 
2013-10-02T01:27:57.034+0000: 360.069: [CMS-concurrent-reset-start]
2013-10-02T01:27:57.044+0000: 360.079: [CMS-concurrent-reset: 0.010/0.010 secs] [Times: user=0.02 sys=0.01, real=0.02 secs] 
2013-10-02T01:27:57.072+0000: 360.117: [GC 360.125: [ParNew: 92160K->10240K(92160K), 0.0936900 secs] 3170509K->3112036K(4184064K), 0.1075660 secs] [Times: user=0.32 sys=0.01, real=0.12 secs] 
2013-10-02T01:27:57.214+0000: 360.258: [GC [1 CMS-initial-mark: 3101796K(4091904K)] 3113014K(4184064K), 0.0930940 secs] [Times: user=0.10 sys=0.00, real=0.10 secs] 
2013-10-02T01:27:57.368+0000: 360.404: [CMS-concurrent-mark-start]
2013-10-02T01:27:57.556+0000: 360.601: [GC 360.609: [ParNew: 92156K->10240K(92160K), 0.1391810 secs] 3193953K->3135091K(4184064K), 0.1532390 secs] [Times: user=0.32 sys=0.00, real=0.17 secs] 
2013-10-02T01:27:58.156+0000: 361.201: [GC 361.209: [ParNew: 92141K->10240K(92160K), 0.1836660 secs] 3216992K->3158212K(4184064K), 0.1973680 secs] [Times: user=0.35 sys=0.02, real=0.21 secs] 
2013-10-02T01:27:58.720+0000: 361.765: [GC 361.773: [ParNew: 92160K->10240K(92160K), 0.1217790 secs] 3240132K->3180225K(4184064K), 0.1357220 secs] [Times: user=0.32 sys=0.00, real=0.14 secs] 
2013-10-02T01:27:59.378+0000: 362.424: [GC 362.431: [ParNew: 92156K->10240K(92160K), 0.1138570 secs] 3262142K->3204536K(4184064K), 0.1274320 secs] [Times: user=0.31 sys=0.00, real=0.14 secs] 
2013-10-02T01:27:59.879+0000: 362.924: [GC 362.932: [ParNew: 92160K->10240K(92160K), 0.1175310 secs] 3286456K->3226366K(4184064K), 0.1314300 secs] [Times: user=0.31 sys=0.01, real=0.15 secs] 
2013-10-02T01:28:00.425+0000: 363.471: [GC 363.478: [ParNew: 92160K->10240K(92160K), 0.1144800 secs] 3308286K->3250117K(4184064K), 0.1287280 secs] [Times: user=0.30 sys=0.00, real=0.14 secs] 
2013-10-02T01:28:00.965+0000: 364.011: [GC 364.018: [ParNew: 92160K->10240K(92160K), 0.1083700 secs] 3332037K->3271586K(4184064K), 0.1218950 secs] [Times: user=0.31 sys=0.01, real=0.13 secs] 
2013-10-02T01:28:01.495+0000: 364.541: [GC 364.549: [ParNew: 92160K->10240K(92160K), 0.1307330 secs] 3353506K->3294741K(4184064K), 0.1448960 secs] [Times: user=0.30 sys=0.01, real=0.16 secs] 
2013-10-02T01:28:02.081+0000: 365.127: [GC 365.135: [ParNew: 92160K->10240K(92160K), 0.0979880 secs] 3376661K->3316984K(4184064K), 0.1120480 secs] [Times: user=0.32 sys=0.00, real=0.12 secs] 
2013-10-02T01:28:02.567+0000: 365.612: [GC 365.620: [ParNew: 92159K->10240K(92160K), 0.0906200 secs] 3398904K->3338711K(4184064K), 0.1041880 secs] [Times: user=0.32 sys=0.02, real=0.11 secs] 
2013-10-02T01:28:03.011+0000: 366.056: [GC 366.064: [ParNew: 92160K->10240K(92160K), 0.1684940 secs] 3420631K->3362486K(4184064K), 0.1822390 secs] [Times: user=0.33 sys=0.01, real=0.19 secs] 
2013-10-02T01:28:03.487+0000: 366.532: [GC 366.539: [ParNew: 92160K->10240K(92160K), 0.1029570 secs] 3444406K->3384694K(4184064K), 0.1167180 secs] [Times: user=0.33 sys=0.00, real=0.13 secs] 
2013-10-02T01:28:04.103+0000: 367.149: [GC 367.156: [ParNew: 92102K->10240K(92160K), 0.1069320 secs] 3466556K->3405449K(4184064K), 0.1207510 secs] [Times: user=0.31 sys=0.01, real=0.13 secs] 
2013-10-02T01:28:04.479+0000: 367.525: [GC 367.533: [ParNew: 92155K->10240K(92160K), 0.1386650 secs] 3487364K->3427888K(4184064K), 0.1527230 secs] [Times: user=0.31 sys=0.00, real=0.16 secs] 
2013-10-02T01:28:04.992+0000: 368.038: [GC 368.046: [ParNew: 92160K->10240K(92160K), 0.1030810 secs] 3509808K->3451069K(4184064K), 0.1179100 secs] [Times: user=0.29 sys=0.01, real=0.13 secs] 
2013-10-02T01:28:05.428+0000: 368.464: [CMS-concurrent-mark: 5.489/8.060 secs] [Times: user=14.01 sys=2.13, real=8.10 secs] 
2013-10-02T01:28:05.450+0000: 368.485: [CMS-concurrent-preclean-start]
2013-10-02T01:28:05.500+0000: 368.545: [GC 368.553: [ParNew: 92159K->10240K(92160K), 0.1082440 secs] 3532989K->3472624K(4184064K), 0.1218960 secs] [Times: user=0.30 sys=0.00, real=0.13 secs] 
2013-10-02T01:28:06.252+0000: 369.298: [GC 369.306: [ParNew: 92160K->10240K(92160K), 0.0958840 secs] 3554544K->3498181K(4184064K), 0.1100170 secs] [Times: user=0.34 sys=0.01, real=0.12 secs] 
2013-10-02T01:28:06.713+0000: 369.758: [GC 369.765: [ParNew: 92160K->10240K(92160K), 0.0885660 secs] 3580101K->3518559K(4184064K), 0.1021710 secs] [Times: user=0.30 sys=0.02, real=0.11 secs] 
2013-10-02T01:28:07.177+0000: 370.223: [GC 370.230: [ParNew: 92160K->10240K(92160K), 0.1460470 secs] 3600479K->3540890K(4184064K), 0.1600420 secs] [Times: user=0.32 sys=0.00, real=0.18 secs] 
2013-10-02T01:28:07.741+0000: 370.786: [GC 370.794: [ParNew: 92160K->10240K(92160K), 0.1745930 secs] 3622810K->3562407K(4184064K), 0.1882410 secs] [Times: user=0.32 sys=0.02, real=0.20 secs] 
2013-10-02T01:28:08.237+0000: 371.283: [GC 371.291: [ParNew: 92160K->10240K(92160K), 0.1111080 secs] 3644327K->3585007K(4184064K), 0.1250070 secs] [Times: user=0.32 sys=0.04, real=0.14 secs] 
2013-10-02T01:28:08.825+0000: 371.860: [CMS-concurrent-preclean: 1.800/3.375 secs] [Times: user=5.00 sys=1.53, real=3.38 secs] 
2013-10-02T01:28:08.844+0000: 371.880: [CMS-concurrent-abortable-preclean-start]
2013-10-02T01:28:08.850+0000: 371.895: [GC 371.903: [ParNew: 92127K->10240K(92160K), 0.2085720 secs] 3666894K->3607040K(4184064K), 0.2223630 secs] [Times: user=0.30 sys=0.04, real=0.23 secs] 
2013-10-02T01:28:09.394+0000: 372.439: [GC 372.446: [ParNew: 92160K->10240K(92160K), 0.1393680 secs] 3688960K->3629382K(4184064K), 0.1529970 secs] [Times: user=0.39 sys=0.06, real=0.16 secs] 
2013-10-02T01:28:09.573+0000: 372.608: [CMS-concurrent-abortable-preclean: 0.235/0.729 secs] [Times: user=1.16 sys=0.35, real=0.74 secs] 
2013-10-02T01:28:09.594+0000: 372.639: [GC[YG occupancy: 18687 K (92160 K)]372.642: [Rescan (parallel) , 0.0723310 secs]372.715: [weak refs processing, 0.0181420 secs]372.733: [class unloading, 0.0024900 secs]372.736: [scrub symbol table, 0.0016950 secs]372.737: [scrub string table, 0.0003670 secs] [1 CMS-remark: 3619142K(4091904K)] 3637829K(4184064K), 0.1001910 secs] [Times: user=0.24 sys=0.00, real=0.11 secs] 
2013-10-02T01:28:09.774+0000: 372.809: [CMS-concurrent-sweep-start]
2013-10-02T01:28:09.930+0000: 372.976: [GC 372.983: [ParNew: 92160K->10240K(92160K), 0.1497230 secs] 3708882K->3650240K(4184064K), 0.1633360 secs] [Times: user=0.28 sys=0.09, real=0.17 secs] 
2013-10-02T01:28:10.414+0000: 373.460: [GC 373.467: [ParNew: 92160K->10240K(92160K), 0.1925880 secs] 3725797K->3665616K(4184064K), 0.2063230 secs] [Times: user=0.28 sys=0.08, real=0.22 secs] 
2013-10-02T01:28:10.978+0000: 374.023: [GC 374.030: [ParNew: 92160K->10240K(92160K), 0.1463850 secs] 3738047K->3678861K(4184064K), 0.1599290 secs] [Times: user=0.33 sys=0.03, real=0.18 secs] 
2013-10-02T01:28:11.588+0000: 374.634: [GC 374.641: [ParNew: 92160K->10240K(92160K), 0.1399660 secs] 3659261K->3599688K(4184064K), 0.1539340 secs] [Times: user=0.32 sys=0.00, real=0.16 secs] 
2013-10-02T01:28:12.138+0000: 375.183: [GC 375.191: [ParNew: 92151K->10240K(92160K), 0.0974160 secs] 3455028K->3393205K(4184064K), 0.1113890 secs] [Times: user=0.31 sys=0.02, real=0.13 secs] 
2013-10-02T01:28:12.440+0000: 375.475: [CMS-concurrent-sweep: 1.685/2.665 secs] [Times: user=4.57 sys=0.97, real=2.71 secs] 
2013-10-02T01:28:12.460+0000: 375.495: [CMS-concurrent-reset-start]
2013-10-02T01:28:12.470+0000: 375.506: [CMS-concurrent-reset: 0.011/0.011 secs] [Times: user=0.02 sys=0.00, real=0.02 secs] 
2013-10-02T01:28:12.703+0000: 375.748: [GC 375.756: [ParNew: 92160K->10240K(92160K), 0.1171410 secs] 3358378K->3302285K(4184064K), 0.1311060 secs] [Times: user=0.32 sys=0.00, real=0.14 secs] 
2013-10-02T01:28:12.867+0000: 375.912: [GC [1 CMS-initial-mark: 3292045K(4091904K)] 3302669K(4184064K), 0.0916030 secs] [Times: user=0.10 sys=0.00, real=0.11 secs] 
2013-10-02T01:28:12.998+0000: 376.035: [CMS-concurrent-mark-start]
2013-10-02T01:28:13.218+0000: 376.263: [GC 376.271: [ParNew: 92160K->10240K(92160K), 0.1373250 secs] 3384205K->3322411K(4184064K), 0.1509710 secs] [Times: user=0.30 sys=0.00, real=0.17 secs] 
2013-10-02T01:28:13.797+0000: 376.842: [GC 376.850: [ParNew: 92157K->10240K(92160K), 0.0906070 secs] 3404328K->3345326K(4184064K), 0.1042180 secs] [Times: user=0.33 sys=0.01, real=0.12 secs] 
2013-10-02T01:28:14.359+0000: 377.405: [GC 377.413: [ParNew: 92160K->10240K(92160K), 0.0980380 secs] 3427246K->3367886K(4184064K), 0.1123300 secs] [Times: user=0.32 sys=0.02, real=0.12 secs] 
2013-10-02T01:28:14.727+0000: 377.772: [GC 377.780: [ParNew: 92158K->10240K(92160K), 0.1186100 secs] 3449805K->3389760K(4184064K), 0.1326350 secs] [Times: user=0.31 sys=0.01, real=0.15 secs] 
2013-10-02T01:28:15.438+0000: 378.484: [GC 378.491: [ParNew: 92152K->10240K(92160K), 0.1100900 secs] 3471673K->3412522K(4184064K), 0.1236960 secs] [Times: user=0.33 sys=0.01, real=0.14 secs] 
2013-10-02T01:28:15.940+0000: 378.986: [GC 378.993: [ParNew: 92160K->10240K(92160K), 0.1217700 secs] 3494442K->3434254K(4184064K), 0.1353960 secs] [Times: user=0.33 sys=0.00, real=0.14 secs] 
2013-10-02T01:28:16.527+0000: 379.572: [GC 379.580: [ParNew: 92160K->10240K(92160K), 0.0991660 secs] 3516174K->3457648K(4184064K), 0.1129430 secs] [Times: user=0.30 sys=0.02, real=0.13 secs] 
2013-10-02T01:28:16.934+0000: 379.980: [GC 379.987: [ParNew: 92160K->10240K(92160K), 0.1642070 secs] 3539677K->3479923K(4184064K), 0.1781840 secs] [Times: user=0.31 sys=0.00, real=0.19 secs] 
2013-10-02T01:28:17.149+0000: 380.194: [GC 380.202: [ParNew: 10562K->10209K(92160K), 0.0889390 secs] 3480246K->3490137K(4184064K), 0.1028150 secs] [Times: user=0.22 sys=0.02, real=0.11 secs] 
2013-10-02T01:28:17.490+0000: 380.536: [GC 380.543: [ParNew: 92116K->10240K(92160K), 0.0797800 secs] 3572045K->3503506K(4184064K), 0.0933430 secs] [Times: user=0.27 sys=0.02, real=0.10 secs] 
2013-10-02T01:28:18.145+0000: 381.190: [GC 381.198: [ParNew: 92159K->10240K(92160K), 0.1151280 secs] 3585425K->3527490K(4184064K), 0.1288140 secs] [Times: user=0.32 sys=0.01, real=0.14 secs] 
2013-10-02T01:28:18.635+0000: 381.680: [GC 381.687: [ParNew: 92156K->10240K(92160K), 0.1406930 secs] 3609406K->3550536K(4184064K), 0.1543390 secs] [Times: user=0.31 sys=0.01, real=0.17 secs] 
2013-10-02T01:28:19.198+0000: 382.244: [GC 382.252: [ParNew: 92158K->10240K(92160K), 0.1081630 secs] 3632455K->3572827K(4184064K), 0.1224240 secs] [Times: user=0.31 sys=0.00, real=0.14 secs] 
2013-10-02T01:28:19.679+0000: 382.724: [GC 382.732: [ParNew: 92160K->10240K(92160K), 0.1195200 secs] 3654747K->3594164K(4184064K), 0.1332570 secs] [Times: user=0.32 sys=0.00, real=0.15 secs] 
2013-10-02T01:28:20.198+0000: 383.244: [GC 383.251: [ParNew: 92160K->10240K(92160K), 0.1194330 secs] 3676084K->3616801K(4184064K), 0.1332130 secs] [Times: user=0.30 sys=0.00, real=0.15 secs] 
2013-10-02T01:28:20.814+0000: 383.860: [GC 383.867: [ParNew: 92158K->10240K(92160K), 0.1130530 secs] 3698719K->3638179K(4184064K), 0.1266400 secs] [Times: user=0.31 sys=0.01, real=0.14 secs] 
2013-10-02T01:28:21.222+0000: 384.257: [CMS-concurrent-mark: 5.604/8.222 secs] [Times: user=14.40 sys=2.01, real=8.24 secs] 
2013-10-02T01:28:21.241+0000: 384.277: [CMS-concurrent-preclean-start]
2013-10-02T01:28:21.320+0000: 384.365: [GC 384.372: [ParNew: 92160K->10240K(92160K), 0.1219690 secs] 3720099K->3660373K(4184064K), 0.1356120 secs] [Times: user=0.30 sys=0.02, real=0.14 secs] 
2013-10-02T01:28:21.859+0000: 384.904: [GC 384.912: [ParNew: 92160K->10240K(92160K), 0.1198110 secs] 3742293K->3683990K(4184064K), 0.1334860 secs] [Times: user=0.33 sys=0.00, real=0.15 secs] 
2013-10-02T01:28:22.485+0000: 385.531: [GC 385.539: [ParNew: 92099K->10240K(92160K), 0.1226030 secs] 3765849K->3708330K(4184064K), 0.1369180 secs] [Times: user=0.30 sys=0.06, real=0.15 secs] 
2013-10-02T01:28:23.314+0000: 386.359: [GC 386.367: [ParNew: 92160K->10240K(92160K), 0.1568930 secs] 3790250K->3736992K(4184064K), 0.1708440 secs] [Times: user=0.36 sys=0.03, real=0.18 secs] 
2013-10-02T01:28:23.516+0000: 386.551: [CMS-concurrent-preclean: 1.201/2.274 secs] [Times: user=3.20 sys=0.91, real=2.28 secs] 
2013-10-02T01:28:23.536+0000: 386.572: [CMS-concurrent-abortable-preclean-start]
2013-10-02T01:28:23.892+0000: 386.938: [GC 386.945: [ParNew: 92112K->10240K(92160K), 0.1363150 secs] 3818865K->3763217K(4184064K), 0.1498890 secs] [Times: user=0.34 sys=0.04, real=0.16 secs] 
2013-10-02T01:28:24.069+0000: 387.104: [CMS-concurrent-abortable-preclean: 0.278/0.532 secs] [Times: user=0.88 sys=0.20, real=0.55 secs] 
2013-10-02T01:28:24.087+0000: 387.132: [GC[YG occupancy: 19564 K (92160 K)]387.135: [Rescan (parallel) , 0.0574550 secs]387.193: [weak refs processing, 0.0226030 secs]387.216: [class unloading, 0.0024900 secs]387.218: [scrub symbol table, 0.0016370 secs]387.220: [scrub string table, 0.0003740 secs] [1 CMS-remark: 3752977K(4091904K)] 3772541K(4184064K), 0.0903850 secs] [Times: user=0.27 sys=0.00, real=0.11 secs] 
2013-10-02T01:28:24.226+0000: 387.261: [CMS-concurrent-sweep-start]
2013-10-02T01:28:24.690+0000: 387.736: [GC 387.743: [ParNew: 92160K->10240K(92160K), 0.1428670 secs] 3829708K->3771899K(4184064K), 0.1565630 secs] [Times: user=0.34 sys=0.03, real=0.16 secs] 
2013-10-02T01:28:25.385+0000: 388.431: [GC 388.438: [ParNew: 92157K->10240K(92160K), 0.1005070 secs] 3821442K->3766283K(4184064K), 0.1141200 secs] [Times: user=0.33 sys=0.02, real=0.13 secs] 
2013-10-02T01:28:26.087+0000: 389.133: [GC 389.141: [ParNew: 92150K->10240K(92160K), 0.1018300 secs] 3535023K->3482067K(4184064K), 0.1158020 secs] [Times: user=0.32 sys=0.03, real=0.12 secs] 
2013-10-02T01:28:26.377+0000: 389.412: [CMS-concurrent-sweep: 1.657/2.150 secs] [Times: user=3.45 sys=0.42, real=2.17 secs] 
2013-10-02T01:28:26.396+0000: 389.432: [CMS-concurrent-reset-start]
2013-10-02T01:28:26.407+0000: 389.442: [CMS-concurrent-reset: 0.010/0.010 secs] [Times: user=0.02 sys=0.01, real=0.02 secs] 
2013-10-02T01:28:26.924+0000: 389.970: [GC 389.977: [ParNew: 92160K->10240K(92160K), 0.1313380 secs] 3349690K->3294966K(4184064K), 0.1561490 secs] [Times: user=0.35 sys=0.00, real=0.17 secs] 
2013-10-02T01:28:27.114+0000: 390.159: [GC [1 CMS-initial-mark: 3284726K(4091904K)] 3295621K(4184064K), 0.0892910 secs] [Times: user=0.10 sys=0.00, real=0.10 secs] 
2013-10-02T01:28:27.238+0000: 390.274: [CMS-concurrent-mark-start]
2013-10-02T01:28:27.589+0000: 390.635: [GC 390.642: [ParNew: 92160K->10240K(92160K), 0.1180120 secs] 3376886K->3321332K(4184064K), 0.1317250 secs] [Times: user=0.32 sys=0.00, real=0.14 secs] 
2013-10-02T01:28:28.404+0000: 391.450: [GC 391.457: [ParNew: 92160K->10240K(92160K), 0.1120840 secs] 3403252K->3346489K(4184064K), 0.1256320 secs] [Times: user=0.31 sys=0.01, real=0.14 secs] 
2013-10-02T01:28:29.122+0000: 392.167: [GC 392.175: [ParNew: 92160K->10240K(92160K), 0.0977890 secs] 3428409K->3374652K(4184064K), 0.1114200 secs] [Times: user=0.34 sys=0.00, real=0.12 secs] 
2013-10-02T01:28:29.781+0000: 392.827: [GC 392.834: [ParNew: 92159K->10240K(92160K), 0.1218730 secs] 3456572K->3401973K(4184064K), 0.1357910 secs] [Times: user=0.33 sys=0.00, real=0.15 secs] 
2013-10-02T01:28:30.592+0000: 393.638: [GC 393.645: [ParNew: 92160K->10240K(92160K), 0.1335210 secs] 3483893K->3429002K(4184064K), 0.1471000 secs] [Times: user=0.36 sys=0.00, real=0.16 secs] 
2013-10-02T01:28:31.272+0000: 394.318: [GC 394.326: [ParNew: 92160K->10240K(92160K), 0.2000090 secs] 3510922K->3458914K(4184064K), 0.2140080 secs] [Times: user=0.36 sys=0.01, real=0.23 secs] 
2013-10-02T01:28:31.861+0000: 394.907: [GC 394.914: [ParNew: 92155K->10240K(92160K), 0.1274670 secs] 3540829K->3484186K(4184064K), 0.1411780 secs] [Times: user=0.35 sys=0.01, real=0.15 secs] 
2013-10-02T01:28:32.456+0000: 395.501: [GC 395.508: [ParNew: 92160K->10240K(92160K), 0.1131610 secs] 3566106K->3509355K(4184064K), 0.1266730 secs] [Times: user=0.31 sys=0.02, real=0.13 secs] 
2013-10-02T01:28:33.174+0000: 396.220: [GC 396.227: [ParNew: 92160K->10240K(92160K), 0.1039680 secs] 3591275K->3534943K(4184064K), 0.1177160 secs] [Times: user=0.34 sys=0.01, real=0.13 secs] 
2013-10-02T01:28:33.770+0000: 396.815: [GC 396.823: [ParNew: 92159K->10240K(92160K), 0.1025270 secs] 3616862K->3564621K(4184064K), 0.1162030 secs] [Times: user=0.36 sys=0.01, real=0.13 secs] 
2013-10-02T01:28:34.038+0000: 397.073: [CMS-concurrent-mark: 5.068/6.799 secs] [Times: user=11.24 sys=0.97, real=6.81 secs] 
2013-10-02T01:28:34.058+0000: 397.093: [CMS-concurrent-preclean-start]
2013-10-02T01:28:34.424+0000: 397.469: [GC 397.477: [ParNew: 92146K->10240K(92160K), 0.1817880 secs] 3646527K->3590885K(4184064K), 0.1957410 secs] [Times: user=0.35 sys=0.00, real=0.21 secs] 
2013-10-02T01:28:35.197+0000: 398.243: [GC 398.250: [ParNew: 92156K->10240K(92160K), 0.1099910 secs] 3672802K->3618046K(4184064K), 0.1236620 secs] [Times: user=0.33 sys=0.02, real=0.13 secs] 
2013-10-02T01:28:35.748+0000: 398.793: [GC 398.801: [ParNew: 92155K->10240K(92160K), 0.1151520 secs] 3699961K->3643125K(4184064K), 0.1295470 secs] [Times: user=0.31 sys=0.02, real=0.14 secs] 
2013-10-02T01:28:36.405+0000: 399.451: [GC 399.459: [ParNew: 92160K->10240K(92160K), 0.1248320 secs] 3725045K->3667361K(4184064K), 0.1387900 secs] [Times: user=0.32 sys=0.01, real=0.15 secs] 
2013-10-02T01:28:36.981+0000: 400.027: [GC 400.034: [ParNew: 92160K->10240K(92160K), 0.1819310 secs] 3749281K->3696997K(4184064K), 0.1969210 secs] [Times: user=0.52 sys=0.00, real=0.21 secs] 
2013-10-02T01:28:37.221+0000: 400.256: [CMS-concurrent-preclean: 1.685/3.163 secs] [Times: user=4.69 sys=1.07, real=3.17 secs] 
2013-10-02T01:28:37.249+0000: 400.284: [CMS-concurrent-abortable-preclean-start]
2013-10-02T01:28:37.710+0000: 400.755: [GC 400.763: [ParNew: 92160K->10240K(92160K), 0.1141000 secs] 3778917K->3723248K(4184064K), 0.1278480 secs] [Times: user=0.33 sys=0.00, real=0.14 secs] 
2013-10-02T01:28:37.864+0000: 400.899: [CMS-concurrent-abortable-preclean: 0.358/0.615 secs] [Times: user=0.86 sys=0.27, real=0.63 secs] 
2013-10-02T01:28:37.882+0000: 400.927: [GC[YG occupancy: 18581 K (92160 K)]400.930: [Rescan (parallel) , 0.0745690 secs]401.005: [weak refs processing, 0.0199140 secs]401.025: [class unloading, 0.0024580 secs]401.027: [scrub symbol table, 0.0016330 secs]401.029: [scrub string table, 0.0003680 secs] [1 CMS-remark: 3713008K(4091904K)] 3731589K(4184064K), 0.1043770 secs] [Times: user=0.30 sys=0.01, real=0.12 secs] 
2013-10-02T01:28:38.025+0000: 401.060: [CMS-concurrent-sweep-start]
2013-10-02T01:28:38.442+0000: 401.488: [GC 401.495: [ParNew: 92160K->10240K(92160K), 0.1367290 secs] 3795657K->3742600K(4184064K), 0.1504740 secs] [Times: user=0.37 sys=0.00, real=0.16 secs] 
2013-10-02T01:28:39.153+0000: 402.199: [GC 402.207: [ParNew: 92160K->10240K(92160K), 0.1473660 secs] 3788236K->3731041K(4184064K), 0.1614410 secs] [Times: user=0.32 sys=0.00, real=0.17 secs] 
2013-10-02T01:28:39.898+0000: 402.944: [GC 402.951: [ParNew: 92160K->10240K(92160K), 0.1091740 secs] 3493914K->3441326K(4184064K), 0.1229970 secs] [Times: user=0.35 sys=0.01, real=0.13 secs] 
2013-10-02T01:28:40.192+0000: 403.228: [CMS-concurrent-sweep: 1.626/2.167 secs] [Times: user=3.67 sys=0.33, real=2.18 secs] 
2013-10-02T01:28:40.215+0000: 403.250: [CMS-concurrent-reset-start]
2013-10-02T01:28:40.225+0000: 403.260: [CMS-concurrent-reset: 0.010/0.010 secs] [Times: user=0.02 sys=0.02, real=0.02 secs] 
2013-10-02T01:28:40.426+0000: 403.472: [GC 403.479: [ParNew: 92160K->10240K(92160K), 0.1831350 secs] 3379565K->3322521K(4184064K), 0.1970720 secs] [Times: user=0.34 sys=0.00, real=0.21 secs] 
2013-10-02T01:28:40.657+0000: 403.702: [GC [1 CMS-initial-mark: 3312281K(4091904K)] 3323148K(4184064K), 0.0907070 secs] [Times: user=0.11 sys=0.00, real=0.10 secs] 
2013-10-02T01:28:40.784+0000: 403.819: [CMS-concurrent-mark-start]
2013-10-02T01:28:41.205+0000: 404.251: [GC 404.259: [ParNew: 92160K->10240K(92160K), 0.1300410 secs] 3404441K->3349442K(4184064K), 0.1440570 secs] [Times: user=0.33 sys=0.01, real=0.16 secs] 
2013-10-02T01:28:41.811+0000: 404.857: [GC 404.864: [ParNew: 92160K->10240K(92160K), 0.1258260 secs] 3431362K->3374532K(4184064K), 0.1395320 secs] [Times: user=0.32 sys=0.03, real=0.15 secs] 
2013-10-02T01:28:42.417+0000: 405.462: [GC 405.470: [ParNew: 92160K->10240K(92160K), 0.1326950 secs] 3456452K->3401374K(4184064K), 0.1470420 secs] [Times: user=0.34 sys=0.01, real=0.15 secs] 
2013-10-02T01:28:43.270+0000: 406.315: [GC 406.322: [ParNew: 92150K->10240K(92160K), 0.1310340 secs] 3483284K->3428761K(4184064K), 0.1446250 secs] [Times: user=0.36 sys=0.00, real=0.15 secs] 
2013-10-02T01:28:43.989+0000: 407.034: [GC 407.042: [ParNew: 92153K->10240K(92160K), 0.1081480 secs] 3510675K->3456960K(4184064K), 0.1219900 secs] [Times: user=0.34 sys=0.01, real=0.13 secs] 
2013-10-02T01:28:44.608+0000: 407.654: [GC 407.662: [ParNew: 92160K->10240K(92160K), 0.1527340 secs] 3538880K->3483417K(4184064K), 0.1670420 secs] [Times: user=0.37 sys=0.01, real=0.17 secs] 
2013-10-02T01:28:45.413+0000: 408.459: [GC 408.466: [ParNew: 92160K->10240K(92160K), 0.1091960 secs] 3565337K->3511044K(4184064K), 0.1229570 secs] [Times: user=0.33 sys=0.01, real=0.13 secs] 
2013-10-02T01:28:46.103+0000: 409.149: [GC 409.156: [ParNew: 92160K->10240K(92160K), 0.0983920 secs] 3592964K->3536283K(4184064K), 0.1120090 secs] [Times: user=0.34 sys=0.02, real=0.12 secs] 
2013-10-02T01:28:46.702+0000: 409.748: [GC 409.755: [ParNew: 92160K->10240K(92160K), 0.1321120 secs] 3618203K->3561864K(4184064K), 0.1458740 secs] [Times: user=0.34 sys=0.00, real=0.16 secs] 
2013-10-02T01:28:47.308+0000: 410.353: [GC 410.361: [ParNew: 92160K->10240K(92160K), 0.1324620 secs] 3643784K->3586946K(4184064K), 0.1463350 secs] [Times: user=0.34 sys=0.00, real=0.15 secs] 
2013-10-02T01:28:47.749+0000: 410.785: [CMS-concurrent-mark: 5.230/6.965 secs] [Times: user=11.49 sys=1.05, real=6.98 secs] 
2013-10-02T01:28:47.769+0000: 410.804: [CMS-concurrent-preclean-start]
2013-10-02T01:28:48.039+0000: 411.084: [GC 411.092: [ParNew: 92153K->10240K(92160K), 0.1309250 secs] 3668859K->3617297K(4184064K), 0.1447680 secs] [Times: user=0.41 sys=0.00, real=0.15 secs] 
2013-10-02T01:28:48.708+0000: 411.753: [GC 411.761: [ParNew: 92138K->10240K(92160K), 0.1282520 secs] 3699195K->3644271K(4184064K), 0.1419980 secs] [Times: user=0.36 sys=0.00, real=0.15 secs] 
2013-10-02T01:28:49.499+0000: 412.545: [GC 412.553: [ParNew: 92160K->10240K(92160K), 0.1328560 secs] 3726191K->3674632K(4184064K), 0.1468890 secs] [Times: user=0.37 sys=0.00, real=0.16 secs] 
2013-10-02T01:28:49.979+0000: 413.025: [GC 413.032: [ParNew: 92158K->10240K(92160K), 0.1782010 secs] 3756550K->3697429K(4184064K), 0.1919260 secs] [Times: user=0.33 sys=0.01, real=0.20 secs] 
2013-10-02T01:28:50.790+0000: 413.836: [GC 413.843: [ParNew: 92160K->10240K(92160K), 0.1308960 secs] 3779349K->3724818K(4184064K), 0.1447350 secs] [Times: user=0.36 sys=0.01, real=0.15 secs] 
2013-10-02T01:28:50.967+0000: 414.002: [CMS-concurrent-preclean: 1.723/3.198 secs] [Times: user=4.37 sys=1.26, real=3.21 secs] 
2013-10-02T01:28:50.988+0000: 414.024: [CMS-concurrent-abortable-preclean-start]
2013-10-02T01:28:51.398+0000: 414.444: [GC 414.451: [ParNew: 92154K->10240K(92160K), 0.1905770 secs] 3806733K->3750364K(4184064K), 0.2044820 secs] [Times: user=0.34 sys=0.01, real=0.21 secs] 
2013-10-02T01:28:51.630+0000: 414.665: [CMS-concurrent-abortable-preclean: 0.319/0.641 secs] [Times: user=0.86 sys=0.21, real=0.65 secs] 
2013-10-02T01:28:51.648+0000: 414.693: [GC[YG occupancy: 12752 K (92160 K)]414.696: [Rescan (parallel) , 0.0617230 secs]414.758: [weak refs processing, 0.0196890 secs]414.777: [class unloading, 0.0024750 secs]414.780: [scrub symbol table, 0.0016250 secs]414.782: [scrub string table, 0.0003710 secs] [1 CMS-remark: 3740124K(4091904K)] 3752876K(4184064K), 0.0913560 secs] [Times: user=0.28 sys=0.00, real=0.10 secs] 
2013-10-02T01:28:51.780+0000: 414.815: [CMS-concurrent-sweep-start]
2013-10-02T01:28:52.044+0000: 415.089: [GC 415.097: [ParNew: 92160K->10240K(92160K), 0.1210010 secs] 3825463K->3770141K(4184064K), 0.1347670 secs] [Times: user=0.35 sys=0.02, real=0.15 secs] 
2013-10-02T01:28:52.684+0000: 415.730: [GC 415.737: [ParNew: 92158K->10240K(92160K), 0.1310110 secs] 3837634K->3782329K(4184064K), 0.1446200 secs] [Times: user=0.33 sys=0.04, real=0.16 secs] 
2013-10-02T01:28:53.543+0000: 416.588: [GC 416.596: [ParNew: 92160K->10240K(92160K), 0.1357560 secs] 3677554K->3622476K(4184064K), 0.1496760 secs] [Times: user=0.35 sys=0.02, real=0.16 secs] 
2013-10-02T01:28:54.219+0000: 417.264: [GC 417.272: [ParNew: 92160K->10240K(92160K), 0.2286860 secs] 3395211K->3339430K(4184064K), 0.2505050 secs] [Times: user=0.34 sys=0.02, real=0.26 secs] 
2013-10-02T01:28:54.584+0000: 417.619: [CMS-concurrent-sweep: 1.988/2.804 secs] [Times: user=4.15 sys=0.50, real=2.81 secs] 
2013-10-02T01:28:54.717+0000: 417.753: [CMS-concurrent-reset-start]
2013-10-02T01:28:54.745+0000: 417.780: [CMS-concurrent-reset: 0.028/0.028 secs] [Times: user=0.05 sys=0.02, real=0.04 secs] 
2013-10-02T01:28:54.895+0000: 417.953: [GC 417.960: [ParNew: 92160K->10240K(92160K), 0.2470700 secs] 3416868K->3360263K(4184064K), 0.2611950 secs] [Times: user=0.32 sys=0.01, real=0.29 secs] 
2013-10-02T01:28:55.203+0000: 418.248: [GC [1 CMS-initial-mark: 3350023K(4091904K)] 3360848K(4184064K), 0.0900640 secs] [Times: user=0.10 sys=0.00, real=0.10 secs] 
2013-10-02T01:28:55.331+0000: 418.366: [CMS-concurrent-mark-start]
2013-10-02T01:28:55.726+0000: 418.772: [GC 418.779: [ParNew: 92160K->10240K(92160K), 0.1412340 secs] 3442183K->3392749K(4184064K), 0.1548280 secs] [Times: user=0.44 sys=0.03, real=0.17 secs] 
2013-10-02T01:28:56.471+0000: 419.516: [GC 419.524: [ParNew: 92158K->10240K(92160K), 0.1140920 secs] 3474668K->3418858K(4184064K), 0.1276640 secs] [Times: user=0.32 sys=0.03, real=0.14 secs] 
2013-10-02T01:28:57.361+0000: 420.407: [GC 420.415: [ParNew: 92160K->10240K(92160K), 0.1114600 secs] 3500778K->3446223K(4184064K), 0.1258050 secs] [Times: user=0.33 sys=0.02, real=0.14 secs] 
2013-10-02T01:28:57.777+0000: 420.823: [GC 420.830: [ParNew: 92160K->10240K(92160K), 0.1146990 secs] 3528143K->3469473K(4184064K), 0.1282010 secs] [Times: user=0.38 sys=0.01, real=0.14 secs] 
2013-10-02T01:28:58.639+0000: 421.684: [GC 421.778: [ParNew: 92160K->10240K(92160K), 0.1061010 secs] 3551393K->3497419K(4184064K), 0.1202930 secs] [Times: user=0.33 sys=0.02, real=0.22 secs] 
2013-10-02T01:28:59.359+0000: 422.405: [GC 422.412: [ParNew: 92160K->10240K(92160K), 0.1026970 secs] 3579339K->3523877K(4184064K), 0.1163900 secs] [Times: user=0.34 sys=0.01, real=0.13 secs] 
2013-10-02T01:28:59.977+0000: 423.023: [GC 423.030: [ParNew: 92160K->10240K(92160K), 0.1403500 secs] 3605797K->3548742K(4184064K), 0.1542940 secs] [Times: user=0.43 sys=0.02, real=0.16 secs] 
2013-10-02T01:29:00.828+0000: 423.874: [GC 423.881: [ParNew: 92160K->10240K(92160K), 0.1366950 secs] 3630662K->3578439K(4184064K), 0.1503930 secs] [Times: user=0.39 sys=0.00, real=0.16 secs] 
2013-10-02T01:29:01.540+0000: 424.585: [GC 424.593: [ParNew: 92160K->10240K(92160K), 0.1046190 secs] 3660359K->3603578K(4184064K), 0.1182770 secs] [Times: user=0.31 sys=0.03, real=0.13 secs] 
2013-10-02T01:29:02.200+0000: 425.246: [GC 425.253: [ParNew: 92160K->10240K(92160K), 0.1166340 secs] 3685498K->3633742K(4184064K), 0.1306510 secs] [Times: user=0.36 sys=0.02, real=0.14 secs] 
2013-10-02T01:29:02.384+0000: 425.420: [CMS-concurrent-mark: 5.287/7.053 secs] [Times: user=11.59 sys=1.21, real=7.07 secs] 
2013-10-02T01:29:02.406+0000: 425.441: [CMS-concurrent-preclean-start]
2013-10-02T01:29:02.891+0000: 425.937: [GC 425.944: [ParNew: 92160K->10240K(92160K), 0.1761530 secs] 3715662K->3660845K(4184064K), 0.1897430 secs] [Times: user=0.31 sys=0.02, real=0.20 secs] 
2013-10-02T01:29:03.681+0000: 426.727: [GC 426.734: [ParNew: 92160K->10240K(92160K), 0.1271640 secs] 3742765K->3689150K(4184064K), 0.1409360 secs] [Times: user=0.36 sys=0.01, real=0.15 secs] 
2013-10-02T01:29:04.298+0000: 427.344: [GC 427.351: [ParNew: 92155K->10240K(92160K), 0.1270690 secs] 3771066K->3714224K(4184064K), 0.1410500 secs] [Times: user=0.34 sys=0.02, real=0.15 secs] 
2013-10-02T01:29:04.822+0000: 427.867: [GC 427.874: [ParNew: 92149K->10240K(92160K), 0.1363530 secs] 3796133K->3739324K(4184064K), 0.1499780 secs] [Times: user=0.35 sys=0.01, real=0.16 secs] 
2013-10-02T01:29:05.544+0000: 428.590: [GC 428.597: [ParNew: 92103K->10240K(92160K), 0.0965850 secs] 3821187K->3767529K(4184064K), 0.1101870 secs] [Times: user=0.33 sys=0.03, real=0.12 secs] 
2013-10-02T01:29:05.697+0000: 428.732: [CMS-concurrent-preclean: 1.807/3.291 secs] [Times: user=4.54 sys=1.26, real=3.31 secs] 
2013-10-02T01:29:05.717+0000: 428.753: [CMS-concurrent-abortable-preclean-start]
2013-10-02T01:29:06.269+0000: 429.315: [GC 429.322: [ParNew: 92159K->10240K(92160K), 0.0994070 secs] 3849449K->3794348K(4184064K), 0.1134950 secs] [Times: user=0.33 sys=0.02, real=0.12 secs] 
2013-10-02T01:29:06.415+0000: 429.450: [CMS-concurrent-abortable-preclean: 0.430/0.698 secs] [Times: user=0.90 sys=0.26, real=0.70 secs] 
2013-10-02T01:29:06.433+0000: 429.478: [GC[YG occupancy: 13355 K (92160 K)]429.481: [Rescan (parallel) , 0.0716880 secs]429.553: [weak refs processing, 0.0212710 secs]429.575: [class unloading, 0.0025020 secs]429.577: [scrub symbol table, 0.0016550 secs]429.579: [scrub string table, 0.0003750 secs] [1 CMS-remark: 3784108K(4091904K)] 3797464K(4184064K), 0.1029620 secs] [Times: user=0.30 sys=0.00, real=0.12 secs] 
2013-10-02T01:29:06.574+0000: 429.609: [CMS-concurrent-sweep-start]
2013-10-02T01:29:06.874+0000: 429.919: [GC 429.927: [ParNew: 92152K->10240K(92160K), 0.1818710 secs] 3868283K->3812713K(4184064K), 0.1958600 secs] [Times: user=0.31 sys=0.07, real=0.21 secs] 
2013-10-02T01:29:07.476+0000: 430.522: [GC 430.530: [ParNew: 92160K->10240K(92160K), 0.2452330 secs] 3884426K->3828746K(4184064K), 0.2597060 secs] [Times: user=0.34 sys=0.04, real=0.27 secs] 
2013-10-02T01:29:08.228+0000: 431.274: [GC 431.281: [ParNew: 92159K->10240K(92160K), 0.1393550 secs] 3822500K->3769355K(4184064K), 0.1534620 secs] [Times: user=0.35 sys=0.00, real=0.16 secs] 
2013-10-02T01:29:08.902+0000: 431.948: [GC 431.955: [ParNew: 92160K->10240K(92160K), 0.1307540 secs] 3529760K->3474467K(4184064K), 0.1444580 secs] [Times: user=0.35 sys=0.02, real=0.16 secs] 
2013-10-02T01:29:09.157+0000: 432.192: [CMS-concurrent-sweep: 1.678/2.583 secs] [Times: user=4.12 sys=0.56, real=2.59 secs] 
2013-10-02T01:29:09.177+0000: 432.212: [CMS-concurrent-reset-start]
2013-10-02T01:29:09.188+0000: 432.223: [CMS-concurrent-reset: 0.011/0.011 secs] [Times: user=0.03 sys=0.01, real=0.02 secs] 
2013-10-02T01:29:09.712+0000: 432.757: [GC 432.765: [ParNew: 92154K->10240K(92160K), 0.0986410 secs] 3434899K->3380722K(4184064K), 0.1122630 secs] [Times: user=0.35 sys=0.01, real=0.12 secs] 
2013-10-02T01:29:09.858+0000: 432.903: [GC [1 CMS-initial-mark: 3370482K(4091904K)] 3381509K(4184064K), 0.0914520 secs] [Times: user=0.10 sys=0.01, real=0.10 secs] 
2013-10-02T01:29:09.987+0000: 433.022: [CMS-concurrent-mark-start]
2013-10-02T01:29:10.181+0000: 433.226: [GC 433.234: [ParNew: 92160K->10240K(92160K), 0.1231970 secs] 3462642K->3405841K(4184064K), 0.1370470 secs] [Times: user=0.33 sys=0.01, real=0.15 secs] 
2013-10-02T01:29:10.873+0000: 433.918: [GC 433.926: [ParNew: 92160K->10240K(92160K), 0.1657300 secs] 3487761K->3431524K(4184064K), 0.1798040 secs] [Times: user=0.33 sys=0.01, real=0.19 secs] 
2013-10-02T01:29:11.590+0000: 434.636: [GC 434.643: [ParNew: 92160K->10240K(92160K), 0.1044440 secs] 3513444K->3459897K(4184064K), 0.1182200 secs] [Times: user=0.33 sys=0.01, real=0.13 secs] 
2013-10-02T01:29:12.186+0000: 435.232: [GC 435.240: [ParNew: 92160K->10240K(92160K), 0.1803290 secs] 3541817K->3485519K(4184064K), 0.1943610 secs] [Times: user=0.40 sys=0.00, real=0.20 secs] 
2013-10-02T01:29:13.042+0000: 436.088: [GC 436.095: [ParNew: 92160K->10240K(92160K), 0.1194020 secs] 3567439K->3513579K(4184064K), 0.1334770 secs] [Times: user=0.34 sys=0.01, real=0.15 secs] 
2013-10-02T01:29:13.611+0000: 436.657: [GC 436.664: [ParNew: 92142K->10240K(92160K), 0.1678680 secs] 3595482K->3539692K(4184064K), 0.1816780 secs] [Times: user=0.34 sys=0.00, real=0.20 secs] 
2013-10-02T01:29:14.426+0000: 437.471: [GC 437.479: [ParNew: 92160K->10240K(92160K), 0.1096230 secs] 3621612K->3568590K(4184064K), 0.1233860 secs] [Times: user=0.35 sys=0.02, real=0.13 secs] 
2013-10-02T01:29:15.083+0000: 438.128: [GC 438.136: [ParNew: 92155K->10240K(92160K), 0.1073100 secs] 3650505K->3595131K(4184064K), 0.1211990 secs] [Times: user=0.34 sys=0.01, real=0.13 secs] 
2013-10-02T01:29:15.760+0000: 438.805: [GC 438.813: [ParNew: 92160K->10240K(92160K), 0.1059360 secs] 3677051K->3620584K(4184064K), 0.1196500 secs] [Times: user=0.31 sys=0.02, real=0.13 secs] 
2013-10-02T01:29:16.381+0000: 439.426: [GC 439.434: [ParNew: 92160K->10240K(92160K), 0.1312050 secs] 3702504K->3647086K(4184064K), 0.1454830 secs] [Times: user=0.34 sys=0.00, real=0.16 secs] 
2013-10-02T01:29:17.050+0000: 440.096: [GC 440.104: [ParNew: 92160K->10240K(92160K), 0.1266260 secs] 3729006K->3673783K(4184064K), 0.1405270 secs] [Times: user=0.36 sys=0.00, real=0.15 secs] 
2013-10-02T01:29:17.315+0000: 440.351: [CMS-concurrent-mark: 5.342/7.328 secs] [Times: user=12.10 sys=1.12, real=7.34 secs] 
2013-10-02T01:29:17.336+0000: 440.371: [CMS-concurrent-preclean-start]
2013-10-02T01:29:17.815+0000: 440.860: [GC 440.868: [ParNew: 92135K->10240K(92160K), 0.1002900 secs] 3755678K->3702381K(4184064K), 0.1138430 secs] [Times: user=0.35 sys=0.01, real=0.13 secs] 
2013-10-02T01:29:18.436+0000: 441.482: [GC 441.490: [ParNew: 92121K->10240K(92160K), 0.1647260 secs] 3784263K->3729106K(4184064K), 0.1788300 secs] [Times: user=0.36 sys=0.00, real=0.19 secs] 
2013-10-02T01:29:19.293+0000: 442.339: [GC 442.346: [ParNew: 92150K->10240K(92160K), 0.1246090 secs] 3811017K->3755900K(4184064K), 0.1387620 secs] [Times: user=0.33 sys=0.01, real=0.15 secs] 
2013-10-02T01:29:19.811+0000: 442.856: [GC 442.864: [ParNew: 92160K->10240K(92160K), 0.0941730 secs] 3837820K->3780924K(4184064K), 0.1082310 secs] [Times: user=0.33 sys=0.01, real=0.12 secs] 
2013-10-02T01:29:20.357+0000: 443.393: [CMS-concurrent-preclean: 1.763/3.022 secs] [Times: user=4.13 sys=1.14, real=3.03 secs] 
2013-10-02T01:29:20.377+0000: 443.413: [CMS-concurrent-abortable-preclean-start]
2013-10-02T01:29:20.452+0000: 443.498: [GC 443.506: [ParNew: 92160K->10240K(92160K), 0.1315700 secs] 3862844K->3808158K(4184064K), 0.1453640 secs] [Times: user=0.36 sys=0.01, real=0.16 secs] 
2013-10-02T01:29:20.624+0000: 443.659: [CMS-concurrent-abortable-preclean: 0.064/0.247 secs] [Times: user=0.49 sys=0.08, real=0.26 secs] 
2013-10-02T01:29:20.641+0000: 443.686: [GC[YG occupancy: 11185 K (92160 K)]443.689: [Rescan (parallel) , 0.0638410 secs]443.753: [weak refs processing, 0.0218260 secs]443.775: [class unloading, 0.0024820 secs]443.778: [scrub symbol table, 0.0016380 secs]443.779: [scrub string table, 0.0003650 secs] [1 CMS-remark: 3797918K(4091904K)] 3809103K(4184064K), 0.0958220 secs] [Times: user=0.28 sys=0.01, real=0.11 secs] 
2013-10-02T01:29:20.779+0000: 443.814: [CMS-concurrent-sweep-start]
2013-10-02T01:29:21.160+0000: 444.205: [GC 444.213: [ParNew: 92160K->10240K(92160K), 0.1698260 secs] 3876804K->3822597K(4184064K), 0.1838510 secs] [Times: user=0.40 sys=0.00, real=0.19 secs] 
2013-10-02T01:29:21.931+0000: 444.976: [GC 444.984: [ParNew: 92157K->10240K(92160K), 0.1045780 secs] 3868879K->3815191K(4184064K), 0.1182320 secs] [Times: user=0.35 sys=0.02, real=0.13 secs] 
2013-10-02T01:29:22.626+0000: 445.672: [GC 445.680: [ParNew: 92101K->10240K(92160K), 0.1114010 secs] 3591899K->3536563K(4184064K), 0.1253550 secs] [Times: user=0.33 sys=0.01, real=0.13 secs] 
2013-10-02T01:29:22.947+0000: 445.982: [CMS-concurrent-sweep: 1.635/2.168 secs] [Times: user=3.70 sys=0.33, real=2.18 secs] 
2013-10-02T01:29:22.966+0000: 446.002: [CMS-concurrent-reset-start]
2013-10-02T01:29:22.978+0000: 446.013: [CMS-concurrent-reset: 0.011/0.011 secs] [Times: user=0.05 sys=0.00, real=0.02 secs] 
2013-10-02T01:29:23.298+0000: 446.344: [GC 446.351: [ParNew: 92160K->10240K(92160K), 0.1117870 secs] 3407497K->3350977K(4184064K), 0.1256800 secs] [Times: user=0.35 sys=0.01, real=0.13 secs] 
2013-10-02T01:29:23.457+0000: 446.502: [GC [1 CMS-initial-mark: 3340737K(4091904K)] 3351002K(4184064K), 0.0905480 secs] [Times: user=0.10 sys=0.01, real=0.10 secs] 
2013-10-02T01:29:23.583+0000: 446.618: [CMS-concurrent-mark-start]
2013-10-02T01:29:23.908+0000: 446.953: [GC 446.961: [ParNew: 92125K->10240K(92160K), 0.1456350 secs] 3432863K->3378140K(4184064K), 0.1593380 secs] [Times: user=0.36 sys=0.01, real=0.17 secs] 
2013-10-02T01:29:24.682+0000: 447.728: [GC 447.735: [ParNew: 92159K->10240K(92160K), 0.1594750 secs] 3460059K->3402628K(4184064K), 0.1730890 secs] [Times: user=0.35 sys=0.00, real=0.19 secs] 
2013-10-02T01:29:25.421+0000: 448.467: [GC 448.475: [ParNew: 92160K->10240K(92160K), 0.1278560 secs] 3484548K->3430381K(4184064K), 0.1421040 secs] [Times: user=0.35 sys=0.00, real=0.15 secs] 
2013-10-02T01:29:25.994+0000: 449.040: [GC 449.048: [ParNew: 92160K->10240K(92160K), 0.1169680 secs] 3512301K->3457940K(4184064K), 0.1308590 secs] [Times: user=0.35 sys=0.00, real=0.15 secs] 
2013-10-02T01:29:26.942+0000: 449.988: [GC 449.995: [ParNew: 92160K->10240K(92160K), 0.1139240 secs] 3539860K->3485545K(4184064K), 0.1275520 secs] [Times: user=0.33 sys=0.01, real=0.14 secs] 
2013-10-02T01:29:27.615+0000: 450.661: [GC 450.668: [ParNew: 92160K->10240K(92160K), 0.1243150 secs] 3567465K->3512305K(4184064K), 0.1379540 secs] [Times: user=0.37 sys=0.01, real=0.15 secs] 
2013-10-02T01:29:28.256+0000: 451.302: [GC 451.309: [ParNew: 92160K->10240K(92160K), 0.1392680 secs] 3594225K->3537811K(4184064K), 0.1532140 secs] [Times: user=0.34 sys=0.01, real=0.16 secs] 
2013-10-02T01:29:29.107+0000: 452.152: [GC 452.160: [ParNew: 92159K->10240K(92160K), 0.1063510 secs] 3619731K->3566594K(4184064K), 0.1201200 secs] [Times: user=0.37 sys=0.01, real=0.13 secs] 
2013-10-02T01:29:29.791+0000: 452.837: [GC 452.845: [ParNew: 92160K->10240K(92160K), 0.1496020 secs] 3648514K->3594707K(4184064K), 0.1634330 secs] [Times: user=0.36 sys=0.01, real=0.17 secs] 
2013-10-02T01:29:30.381+0000: 453.416: [CMS-concurrent-mark: 5.174/6.798 secs] [Times: user=11.13 sys=0.89, real=6.81 secs] 
2013-10-02T01:29:30.401+0000: 453.437: [CMS-concurrent-preclean-start]
2013-10-02T01:29:30.582+0000: 453.627: [GC 453.635: [ParNew: 92160K->10240K(92160K), 0.1163880 secs] 3676627K->3619295K(4184064K), 0.1302940 secs] [Times: user=0.37 sys=0.00, real=0.14 secs] 
2013-10-02T01:29:31.273+0000: 454.319: [GC 454.326: [ParNew: 92160K->10240K(92160K), 0.1752280 secs] 3701215K->3646241K(4184064K), 0.1892600 secs] [Times: user=0.46 sys=0.02, real=0.20 secs] 
2013-10-02T01:29:31.953+0000: 454.999: [GC 455.006: [ParNew: 92153K->10240K(92160K), 0.1310040 secs] 3728155K->3672855K(4184064K), 0.1449630 secs] [Times: user=0.35 sys=0.00, real=0.15 secs] 
2013-10-02T01:29:32.744+0000: 455.790: [GC 455.798: [ParNew: 92157K->10240K(92160K), 0.1213890 secs] 3754772K->3700642K(4184064K), 0.1356560 secs] [Times: user=0.34 sys=0.01, real=0.14 secs] 
2013-10-02T01:29:33.292+0000: 456.338: [GC 456.346: [ParNew: 92160K->10240K(92160K), 0.1445290 secs] 3782562K->3726842K(4184064K), 0.1586340 secs] [Times: user=0.33 sys=0.00, real=0.16 secs] 
2013-10-02T01:29:33.509+0000: 456.544: [CMS-concurrent-preclean: 1.632/3.108 secs] [Times: user=4.42 sys=1.10, real=3.11 secs] 
2013-10-02T01:29:33.530+0000: 456.566: [CMS-concurrent-abortable-preclean-start]
2013-10-02T01:29:34.017+0000: 457.052: [CMS-concurrent-abortable-preclean: 0.380/0.486 secs] [Times: user=0.58 sys=0.20, real=0.50 secs] 
2013-10-02T01:29:34.036+0000: 457.081: [GC[YG occupancy: 88687 K (92160 K)]457.085: [Rescan (parallel) , 0.0538520 secs]457.139: [weak refs processing, 0.0205100 secs]457.159: [class unloading, 0.0025440 secs]457.162: [scrub symbol table, 0.0017690 secs]457.164: [scrub string table, 0.0003650 secs] [1 CMS-remark: 3716602K(4091904K)] 3805289K(4184064K), 0.0850730 secs] [Times: user=0.22 sys=0.00, real=0.10 secs] 
2013-10-02T01:29:34.157+0000: 457.202: [GC 457.209: [ParNew: 92160K->10240K(92160K), 0.1008780 secs] 3808762K->3753894K(4184064K), 0.1145340 secs] [Times: user=0.34 sys=0.03, real=0.12 secs] 
2013-10-02T01:29:34.308+0000: 457.343: [CMS-concurrent-sweep-start]
2013-10-02T01:29:34.748+0000: 457.794: [GC 457.802: [ParNew: 92159K->10240K(92160K), 0.1692610 secs] 3824522K->3769460K(4184064K), 0.1838110 secs] [Times: user=0.34 sys=0.02, real=0.19 secs] 
2013-10-02T01:29:35.490+0000: 458.535: [GC 458.543: [ParNew: 92160K->10240K(92160K), 0.1197320 secs] 3819234K->3766384K(4184064K), 0.1333930 secs] [Times: user=0.33 sys=0.01, real=0.15 secs] 
2013-10-02T01:29:36.053+0000: 459.098: [GC 459.106: [ParNew: 92160K->10240K(92160K), 0.1487400 secs] 3635689K->3578934K(4184064K), 0.1628390 secs] [Times: user=0.34 sys=0.00, real=0.17 secs] 
2013-10-02T01:29:36.543+0000: 459.579: [CMS-concurrent-sweep: 1.651/2.236 secs] [Times: user=3.60 sys=0.36, real=2.25 secs] 
2013-10-02T01:29:36.563+0000: 459.598: [CMS-concurrent-reset-start]
2013-10-02T01:29:36.573+0000: 459.608: [CMS-concurrent-reset: 0.010/0.010 secs] [Times: user=0.03 sys=0.00, real=0.02 secs] 
2013-10-02T01:29:36.739+0000: 459.784: [GC 459.792: [ParNew: 92160K->10240K(92160K), 0.1219050 secs] 3406756K->3351936K(4184064K), 0.1355750 secs] [Times: user=0.39 sys=0.00, real=0.15 secs] 
2013-10-02T01:29:36.909+0000: 459.954: [GC [1 CMS-initial-mark: 3341696K(4091904K)] 3352190K(4184064K), 0.0927750 secs] [Times: user=0.09 sys=0.01, real=0.11 secs] 
2013-10-02T01:29:37.042+0000: 460.077: [CMS-concurrent-mark-start]
2013-10-02T01:29:37.434+0000: 460.479: [GC 460.487: [ParNew: 92159K->10240K(92160K), 0.1415420 secs] 3433855K->3378410K(4184064K), 0.1556230 secs] [Times: user=0.34 sys=0.01, real=0.16 secs] 
2013-10-02T01:29:38.058+0000: 461.103: [GC 461.111: [ParNew: 92160K->10240K(92160K), 0.1243980 secs] 3460330K->3404772K(4184064K), 0.1385550 secs] [Times: user=0.32 sys=0.01, real=0.15 secs] 
2013-10-02T01:29:38.740+0000: 461.786: [GC 461.793: [ParNew: 92159K->10240K(92160K), 0.1327380 secs] 3486692K->3432177K(4184064K), 0.1467790 secs] [Times: user=0.36 sys=0.02, real=0.16 secs] 
2013-10-02T01:29:39.387+0000: 462.433: [GC 462.450: [ParNew: 92160K->10240K(92160K), 0.1586650 secs] 3514097K->3457918K(4184064K), 0.1726710 secs] [Times: user=0.33 sys=0.01, real=0.19 secs] 
2013-10-02T01:29:40.134+0000: 463.181: [GC 463.189: [ParNew: 92140K->10240K(92160K), 0.1276520 secs] 3539818K->3487029K(4184064K), 0.1420970 secs] [Times: user=0.36 sys=0.01, real=0.15 secs] 
2013-10-02T01:29:40.704+0000: 463.750: [GC 463.757: [ParNew: 92160K->10240K(92160K), 0.1593930 secs] 3568949K->3511280K(4184064K), 0.1731110 secs] [Times: user=0.32 sys=0.02, real=0.18 secs] 
2013-10-02T01:29:41.519+0000: 464.564: [GC 464.572: [ParNew: 92102K->10240K(92160K), 0.1393840 secs] 3593143K->3540691K(4184064K), 0.1535200 secs] [Times: user=0.34 sys=0.01, real=0.16 secs] 
2013-10-02T01:29:42.106+0000: 465.151: [GC 465.159: [ParNew: 92159K->10240K(92160K), 0.1808410 secs] 3622611K->3566177K(4184064K), 0.1947290 secs] [Times: user=0.35 sys=0.00, real=0.20 secs] 
2013-10-02T01:29:42.939+0000: 465.984: [GC 465.993: [ParNew: 92156K->10240K(92160K), 0.1333950 secs] 3648093K->3595181K(4184064K), 0.1485220 secs] [Times: user=0.36 sys=0.00, real=0.16 secs] 
2013-10-02T01:29:43.517+0000: 466.563: [GC 466.570: [ParNew: 92160K->10240K(92160K), 0.1348480 secs] 3677101K->3619781K(4184064K), 0.1484620 secs] [Times: user=0.36 sys=0.00, real=0.16 secs] 
2013-10-02T01:29:44.159+0000: 467.205: [GC 467.213: [ParNew: 92142K->10240K(92160K), 0.2200910 secs] 3701683K->3645731K(4184064K), 0.2341920 secs] [Times: user=0.38 sys=0.01, real=0.25 secs] 
2013-10-02T01:29:44.865+0000: 467.910: [GC 467.918: [ParNew: 92160K->10240K(92160K), 0.1378360 secs] 3727651K->3672975K(4184064K), 0.1518150 secs] [Times: user=0.38 sys=0.01, real=0.16 secs] 
2013-10-02T01:29:45.089+0000: 468.124: [CMS-concurrent-mark: 5.650/8.046 secs] [Times: user=12.94 sys=1.25, real=8.06 secs] 
2013-10-02T01:29:45.109+0000: 468.144: [CMS-concurrent-preclean-start]
2013-10-02T01:29:45.536+0000: 468.581: [GC 468.589: [ParNew: 92158K->10240K(92160K), 0.1432900 secs] 3754893K->3699538K(4184064K), 0.1569290 secs] [Times: user=0.36 sys=0.00, real=0.17 secs] 
2013-10-02T01:29:46.367+0000: 469.412: [GC 469.420: [ParNew: 92145K->10240K(92160K), 0.1182330 secs] 3781444K->3729715K(4184064K), 0.1324390 secs] [Times: user=0.37 sys=0.01, real=0.14 secs] 
2013-10-02T01:29:46.983+0000: 470.036: [GC 470.044: [ParNew: 92160K->10240K(92160K), 0.1489670 secs] 3811635K->3754786K(4184064K), 0.1629100 secs] [Times: user=0.33 sys=0.02, real=0.19 secs] 
2013-10-02T01:29:47.742+0000: 470.788: [GC 470.795: [ParNew: 92160K->10240K(92160K), 0.1238640 secs] 3836706K->3783540K(4184064K), 0.1375860 secs] [Times: user=0.34 sys=0.00, real=0.15 secs] 
2013-10-02T01:29:48.323+0000: 471.369: [GC 471.377: [ParNew: 92160K->10240K(92160K), 0.0943530 secs] 3865460K->3807199K(4184064K), 0.1084810 secs] [Times: user=0.32 sys=0.02, real=0.11 secs] 
2013-10-02T01:29:48.482+0000: 471.517: [CMS-concurrent-preclean: 1.897/3.373 secs] [Times: user=4.83 sys=1.17, real=3.38 secs] 
2013-10-02T01:29:48.503+0000: 471.538: [CMS-concurrent-abortable-preclean-start]
2013-10-02T01:29:48.932+0000: 471.967: [CMS-concurrent-abortable-preclean: 0.340/0.430 secs] [Times: user=0.47 sys=0.21, real=0.44 secs] 
2013-10-02T01:29:48.952+0000: 471.997: [GC[YG occupancy: 87181 K (92160 K)]472.001: [Rescan (parallel) , 0.0587110 secs]472.060: [weak refs processing, 0.0209990 secs]472.081: [class unloading, 0.0024580 secs]472.083: [scrub symbol table, 0.0017540 secs]472.085: [scrub string table, 0.0003720 secs] [1 CMS-remark: 3796959K(4091904K)] 3884141K(4184064K), 0.0902720 secs] [Times: user=0.22 sys=0.01, real=0.10 secs] 
2013-10-02T01:29:49.087+0000: 472.122: [CMS-concurrent-sweep-start]
2013-10-02T01:29:49.099+0000: 472.145: [GC 472.153: [ParNew: 92160K->10240K(92160K), 0.1241410 secs] 3889098K->3835027K(4184064K), 0.1383920 secs] [Times: user=0.33 sys=0.02, real=0.15 secs] 
2013-10-02T01:29:49.666+0000: 472.712: [GC 472.719: [ParNew: 92160K->10240K(92160K), 0.1647630 secs] 3902729K->3846223K(4184064K), 0.1786700 secs] [Times: user=0.35 sys=0.04, real=0.19 secs] 
2013-10-02T01:29:50.407+0000: 473.452: [GC 473.460: [ParNew: 92160K->10240K(92160K), 0.1139440 secs] 3905111K->3851541K(4184064K), 0.1276250 secs] [Times: user=0.34 sys=0.07, real=0.14 secs] 
2013-10-02T01:29:51.044+0000: 474.090: [GC 474.097: [ParNew: 92160K->10240K(92160K), 0.1432000 secs] 3724970K->3670071K(4184064K), 0.1569060 secs] [Times: user=0.36 sys=0.00, real=0.17 secs] 
2013-10-02T01:29:51.520+0000: 474.556: [CMS-concurrent-sweep: 1.689/2.434 secs] [Times: user=4.10 sys=0.48, real=2.45 secs] 
2013-10-02T01:29:51.540+0000: 474.576: [CMS-concurrent-reset-start]
2013-10-02T01:29:51.551+0000: 474.586: [CMS-concurrent-reset: 0.010/0.010 secs] [Times: user=0.02 sys=0.00, real=0.02 secs] 
2013-10-02T01:29:51.900+0000: 474.945: [GC 474.953: [ParNew: 92160K->10240K(92160K), 0.1280730 secs] 3474474K->3421791K(4184064K), 0.1420400 secs] [Times: user=0.38 sys=0.02, real=0.16 secs] 
2013-10-02T01:29:52.076+0000: 475.122: [GC [1 CMS-initial-mark: 3411551K(4091904K)] 3422514K(4184064K), 0.0939380 secs] [Times: user=0.10 sys=0.01, real=0.10 secs] 
2013-10-02T01:29:52.206+0000: 475.241: [CMS-concurrent-mark-start]
2013-10-02T01:29:52.434+0000: 475.480: [GC 475.488: [ParNew: 92160K->10240K(92160K), 0.1746670 secs] 3503711K->3446631K(4184064K), 0.1884480 secs] [Times: user=0.34 sys=0.01, real=0.20 secs] 
2013-10-02T01:29:53.063+0000: 476.109: [GC 476.116: [ParNew: 92157K->10240K(92160K), 0.1934160 secs] 3528549K->3472751K(4184064K), 0.2073230 secs] [Times: user=0.37 sys=0.00, real=0.21 secs] 
2013-10-02T01:29:53.859+0000: 476.905: [GC 476.913: [ParNew: 92160K->10240K(92160K), 0.1202860 secs] 3554671K->3499892K(4184064K), 0.1345850 secs] [Times: user=0.33 sys=0.01, real=0.15 secs] 
2013-10-02T01:29:54.447+0000: 477.492: [GC 477.500: [ParNew: 92109K->10240K(92160K), 0.1066420 secs] 3581761K->3524021K(4184064K), 0.1205120 secs] [Times: user=0.32 sys=0.02, real=0.13 secs] 
2013-10-02T01:29:55.239+0000: 478.285: [GC 478.293: [ParNew: 92133K->10240K(92160K), 0.1239930 secs] 3605915K->3551430K(4184064K), 0.1382440 secs] [Times: user=0.36 sys=0.00, real=0.15 secs] 
2013-10-02T01:29:55.860+0000: 478.905: [GC 478.913: [ParNew: 92154K->10240K(92160K), 0.1379570 secs] 3633345K->3578328K(4184064K), 0.1518910 secs] [Times: user=0.37 sys=0.00, real=0.16 secs] 
2013-10-02T01:29:56.633+0000: 479.679: [GC 479.686: [ParNew: 92160K->10240K(92160K), 0.1063200 secs] 3660248K->3605923K(4184064K), 0.1200650 secs] [Times: user=0.34 sys=0.01, real=0.13 secs] 
2013-10-02T01:29:57.433+0000: 480.478: [GC 480.486: [ParNew: 92160K->10240K(92160K), 0.1261810 secs] 3687843K->3634139K(4184064K), 0.1400910 secs] [Times: user=0.35 sys=0.01, real=0.14 secs] 
2013-10-02T01:29:58.074+0000: 481.120: [GC 481.127: [ParNew: 92160K->10240K(92160K), 0.1405330 secs] 3716059K->3660500K(4184064K), 0.1543000 secs] [Times: user=0.34 sys=0.01, real=0.16 secs] 
2013-10-02T01:29:58.809+0000: 481.854: [GC 481.861: [ParNew: 92160K->10240K(92160K), 0.1387160 secs] 3742420K->3685220K(4184064K), 0.1522880 secs] [Times: user=0.46 sys=0.02, real=0.17 secs] 
2013-10-02T01:29:59.520+0000: 482.556: [CMS-concurrent-mark: 5.454/7.314 secs] [Times: user=11.80 sys=1.13, real=7.32 secs] 
2013-10-02T01:29:59.542+0000: 482.577: [CMS-concurrent-preclean-start]
2013-10-02T01:29:59.583+0000: 482.629: [GC 482.636: [ParNew: 92160K->10240K(92160K), 0.1300600 secs] 3767140K->3715244K(4184064K), 0.1436710 secs] [Times: user=0.35 sys=0.04, real=0.15 secs] 
2013-10-02T01:30:00.266+0000: 483.312: [GC 483.319: [ParNew: 92157K->10240K(92160K), 0.1241890 secs] 3797161K->3742207K(4184064K), 0.1378250 secs] [Times: user=0.38 sys=0.00, real=0.15 secs] 
2013-10-02T01:30:01.023+0000: 484.068: [GC 484.076: [ParNew: 92160K->10240K(92160K), 0.1259840 secs] 3824127K->3766937K(4184064K), 0.1399970 secs] [Times: user=0.32 sys=0.02, real=0.16 secs] 
2013-10-02T01:30:01.601+0000: 484.647: [GC 484.654: [ParNew: 92160K->10240K(92160K), 0.1278400 secs] 3848857K->3793537K(4184064K), 0.1417630 secs] [Times: user=0.35 sys=0.01, real=0.15 secs] 
2013-10-02T01:30:02.435+0000: 485.481: [GC 485.488: [ParNew: 92158K->10240K(92160K), 0.0992950 secs] 3875456K->3821624K(4184064K), 0.1133170 secs] [Times: user=0.33 sys=0.04, real=0.12 secs] 
2013-10-02T01:30:02.583+0000: 485.618: [CMS-concurrent-preclean: 1.695/3.041 secs] [Times: user=4.23 sys=1.26, real=3.06 secs] 
2013-10-02T01:30:02.604+0000: 485.639: [CMS-concurrent-abortable-preclean-start]
2013-10-02T01:30:03.138+0000: 486.173: [CMS-concurrent-abortable-preclean: 0.411/0.534 secs] [Times: user=0.58 sys=0.24, real=0.54 secs] 
2013-10-02T01:30:03.157+0000: 486.203: [GC[YG occupancy: 81353 K (92160 K)]486.206: [Rescan (parallel) , 0.0655840 secs]486.272: [weak refs processing, 0.0240800 secs]486.296: [class unloading, 0.0028550 secs]486.299: [scrub symbol table, 0.0020220 secs]486.301: [scrub string table, 0.0004270 secs] [1 CMS-remark: 3811384K(4091904K)] 3892738K(4184064K), 0.1012980 secs] [Times: user=0.20 sys=0.01, real=0.11 secs] 
2013-10-02T01:30:03.299+0000: 486.334: [CMS-concurrent-sweep-start]
2013-10-02T01:30:03.329+0000: 486.375: [GC 486.382: [ParNew: 92160K->10240K(92160K), 0.1246640 secs] 3902159K->3848636K(4184064K), 0.1383660 secs] [Times: user=0.36 sys=0.02, real=0.15 secs] 
2013-10-02T01:30:03.798+0000: 486.843: [GC 486.851: [ParNew: 92160K->10240K(92160K), 0.1007800 secs] 3922558K->3865403K(4184064K), 0.1146160 secs] [Times: user=0.31 sys=0.02, real=0.13 secs] 
2013-10-02T01:30:04.585+0000: 487.631: [GC 487.638: [ParNew: 92136K->10240K(92160K), 0.1434260 secs] 3898167K->3844093K(4184064K), 0.1574770 secs] [Times: user=0.33 sys=0.01, real=0.17 secs] 
2013-10-02T01:30:05.305+0000: 488.351: [GC 488.358: [ParNew: 92159K->10240K(92160K), 0.1147690 secs] 3587673K->3533562K(4184064K), 0.1284800 secs] [Times: user=0.34 sys=0.01, real=0.14 secs] 
2013-10-02T01:30:05.617+0000: 488.652: [CMS-concurrent-sweep: 1.638/2.318 secs] [Times: user=3.95 sys=0.41, real=2.33 secs] 
2013-10-02T01:30:05.636+0000: 488.672: [CMS-concurrent-reset-start]
2013-10-02T01:30:05.647+0000: 488.682: [CMS-concurrent-reset: 0.010/0.010 secs] [Times: user=0.02 sys=0.00, real=0.02 secs] 
2013-10-02T01:30:05.959+0000: 489.005: [GC 489.012: [ParNew: 92154K->10240K(92160K), 0.1550280 secs] 3426548K->3371700K(4184064K), 0.1688050 secs] [Times: user=0.39 sys=0.02, real=0.17 secs] 
2013-10-02T01:30:06.179+0000: 489.224: [GC [1 CMS-initial-mark: 3361460K(4091904K)] 3372170K(4184064K), 0.0913180 secs] [Times: user=0.10 sys=0.00, real=0.11 secs] 
2013-10-02T01:30:06.307+0000: 489.342: [CMS-concurrent-mark-start]
2013-10-02T01:30:06.645+0000: 489.691: [GC 489.699: [ParNew: 92153K->10240K(92160K), 0.1219310 secs] 3453614K->3397128K(4184064K), 0.1359640 secs] [Times: user=0.34 sys=0.00, real=0.15 secs] 
2013-10-02T01:30:07.298+0000: 490.344: [GC 490.351: [ParNew: 92160K->10240K(92160K), 0.1215050 secs] 3479048K->3423964K(4184064K), 0.1350970 secs] [Times: user=0.35 sys=0.03, real=0.15 secs] 
2013-10-02T01:30:07.953+0000: 490.998: [GC 491.006: [ParNew: 92140K->10240K(92160K), 0.1396880 secs] 3505864K->3450089K(4184064K), 0.1537850 secs] [Times: user=0.35 sys=0.02, real=0.16 secs] 
2013-10-02T01:30:08.707+0000: 491.753: [GC 491.761: [ParNew: 92151K->10240K(92160K), 0.1198430 secs] 3532000K->3479026K(4184064K), 0.1338370 secs] [Times: user=0.34 sys=0.00, real=0.15 secs] 
2013-10-02T01:30:09.367+0000: 492.412: [GC 492.420: [ParNew: 92155K->10240K(92160K), 0.1213280 secs] 3560942K->3505437K(4184064K), 0.1351570 secs] [Times: user=0.33 sys=0.01, real=0.15 secs] 
2013-10-02T01:30:10.140+0000: 493.185: [GC 493.193: [ParNew: 92144K->10240K(92160K), 0.1465000 secs] 3587341K->3533835K(4184064K), 0.1608650 secs] [Times: user=0.36 sys=0.01, real=0.16 secs] 
2013-10-02T01:30:10.667+0000: 493.714: [GC 493.721: [ParNew: 92160K->10240K(92160K), 0.1807650 secs] 3615755K->3558210K(4184064K), 0.1944750 secs] [Times: user=0.35 sys=0.00, real=0.21 secs] 
2013-10-02T01:30:11.416+0000: 494.462: [GC 494.469: [ParNew: 92157K->10240K(92160K), 0.1173460 secs] 3640128K->3586410K(4184064K), 0.1310590 secs] [Times: user=0.34 sys=0.00, real=0.14 secs] 
2013-10-02T01:30:12.090+0000: 495.136: [GC 495.144: [ParNew: 92160K->10240K(92160K), 0.1942330 secs] 3668330K->3612622K(4184064K), 0.2081530 secs] [Times: user=0.36 sys=0.01, real=0.22 secs] 
2013-10-02T01:30:12.793+0000: 495.839: [GC 495.846: [ParNew: 92159K->10240K(92160K), 0.1144050 secs] 3694542K->3639727K(4184064K), 0.1283820 secs] [Times: user=0.32 sys=0.02, real=0.14 secs] 
2013-10-02T01:30:13.405+0000: 496.450: [GC 496.457: [ParNew: 92160K->10240K(92160K), 0.1133700 secs] 3721647K->3665126K(4184064K), 0.1269980 secs] [Times: user=0.36 sys=0.01, real=0.14 secs] 
2013-10-02T01:30:13.712+0000: 496.747: [CMS-concurrent-mark: 5.372/7.405 secs] [Times: user=12.21 sys=1.07, real=7.42 secs] 
2013-10-02T01:30:13.746+0000: 496.781: [CMS-concurrent-preclean-start]
2013-10-02T01:30:14.098+0000: 497.144: [GC 497.151: [ParNew: 92160K->10240K(92160K), 0.1048590 secs] 3747046K->3693694K(4184064K), 0.1187210 secs] [Times: user=0.34 sys=0.02, real=0.13 secs] 
2013-10-02T01:30:14.805+0000: 497.850: [GC 497.858: [ParNew: 92142K->10240K(92160K), 0.1206410 secs] 3775597K->3719984K(4184064K), 0.1346050 secs] [Times: user=0.33 sys=0.00, real=0.14 secs] 
2013-10-02T01:30:15.574+0000: 498.619: [GC 498.627: [ParNew: 92152K->10240K(92160K), 0.1214070 secs] 3801897K->3748625K(4184064K), 0.1359490 secs] [Times: user=0.37 sys=0.02, real=0.15 secs] 
2013-10-02T01:30:16.103+0000: 499.148: [GC 499.155: [ParNew: 92105K->10240K(92160K), 0.1153510 secs] 3830491K->3772720K(4184064K), 0.1290770 secs] [Times: user=0.31 sys=0.02, real=0.14 secs] 
2013-10-02T01:30:16.880+0000: 499.926: [GC 499.934: [ParNew: 92160K->10240K(92160K), 0.1197340 secs] 3854640K->3801052K(4184064K), 0.1338280 secs] [Times: user=0.33 sys=0.01, real=0.14 secs] 
2013-10-02T01:30:17.064+0000: 500.099: [CMS-concurrent-preclean: 1.926/3.317 secs] [Times: user=4.75 sys=1.17, real=3.33 secs] 
2013-10-02T01:30:17.083+0000: 500.119: [CMS-concurrent-abortable-preclean-start]
2013-10-02T01:30:17.500+0000: 500.546: [GC 500.553: [ParNew: 92128K->10240K(92160K), 0.1104980 secs] 3882941K->3826675K(4184064K), 0.1240460 secs] [Times: user=0.34 sys=0.01, real=0.13 secs] 
2013-10-02T01:30:17.676+0000: 500.711: [CMS-concurrent-abortable-preclean: 0.344/0.592 secs] [Times: user=0.91 sys=0.24, real=0.60 secs] 
2013-10-02T01:30:17.694+0000: 500.739: [GC[YG occupancy: 23338 K (92160 K)]500.742: [Rescan (parallel) , 0.0952240 secs]500.838: [weak refs processing, 0.0212080 secs]500.859: [class unloading, 0.0024730 secs]500.861: [scrub symbol table, 0.0016340 secs]500.863: [scrub string table, 0.0003660 secs] [1 CMS-remark: 3816435K(4091904K)] 3839773K(4184064K), 0.1265420 secs] [Times: user=0.31 sys=0.00, real=0.13 secs] 
2013-10-02T01:30:17.857+0000: 500.893: [CMS-concurrent-sweep-start]
2013-10-02T01:30:18.275+0000: 501.321: [GC 501.329: [ParNew: 92160K->10240K(92160K), 0.1871430 secs] 3894676K->3840682K(4184064K), 0.2015120 secs] [Times: user=0.36 sys=0.00, real=0.21 secs] 
2013-10-02T01:30:18.917+0000: 501.963: [GC 501.971: [ParNew: 92153K->10240K(92160K), 0.1184850 secs] 3907734K->3851900K(4184064K), 0.1325760 secs] [Times: user=0.33 sys=0.01, real=0.15 secs] 
2013-10-02T01:30:19.657+0000: 502.703: [GC 502.710: [ParNew: 92160K->10240K(92160K), 0.1511540 secs] 3664811K->3611513K(4184064K), 0.1648700 secs] [Times: user=0.49 sys=0.01, real=0.18 secs] 
2013-10-02T01:30:20.069+0000: 503.105: [CMS-concurrent-sweep: 1.608/2.212 secs] [Times: user=3.81 sys=0.32, real=2.22 secs] 
2013-10-02T01:30:20.090+0000: 503.125: [CMS-concurrent-reset-start]
2013-10-02T01:30:20.100+0000: 503.135: [CMS-concurrent-reset: 0.010/0.010 secs] [Times: user=0.03 sys=0.00, real=0.02 secs] 
2013-10-02T01:30:20.325+0000: 503.377: [GC 503.389: [ParNew: 92160K->10240K(92160K), 0.1715810 secs] 3460530K->3404478K(4184064K), 0.1901490 secs] [Times: user=0.35 sys=0.00, real=0.21 secs] 
2013-10-02T01:30:20.556+0000: 503.602: [GC [1 CMS-initial-mark: 3394238K(4091904K)] 3406030K(4184064K), 0.0938150 secs] [Times: user=0.11 sys=0.01, real=0.11 secs] 
2013-10-02T01:30:20.689+0000: 503.724: [CMS-concurrent-mark-start]
2013-10-02T01:30:21.084+0000: 504.129: [GC 504.137: [ParNew: 92160K->10240K(92160K), 0.1041840 secs] 3486398K->3432911K(4184064K), 0.1177360 secs] [Times: user=0.36 sys=0.02, real=0.13 secs] 
2013-10-02T01:30:21.666+0000: 504.712: [GC 504.719: [ParNew: 92160K->10240K(92160K), 0.1183000 secs] 3514831K->3457200K(4184064K), 0.1323490 secs] [Times: user=0.31 sys=0.01, real=0.14 secs] 
2013-10-02T01:30:22.406+0000: 505.451: [GC 505.459: [ParNew: 92160K->10240K(92160K), 0.1479120 secs] 3539120K->3485360K(4184064K), 0.1618180 secs] [Times: user=0.34 sys=0.01, real=0.17 secs] 
2013-10-02T01:30:23.010+0000: 506.056: [GC 506.063: [ParNew: 92159K->10240K(92160K), 0.1142470 secs] 3567280K->3510913K(4184064K), 0.1282530 secs] [Times: user=0.33 sys=0.00, real=0.14 secs] 
2013-10-02T01:30:23.833+0000: 506.879: [GC 506.887: [ParNew: 92160K->10240K(92160K), 0.1299270 secs] 3592833K->3539782K(4184064K), 0.1439460 secs] [Times: user=0.34 sys=0.01, real=0.15 secs] 
2013-10-02T01:30:24.382+0000: 507.428: [GC 507.435: [ParNew: 92160K->10240K(92160K), 0.1296760 secs] 3621702K->3565141K(4184064K), 0.1728370 secs] [Times: user=0.35 sys=0.00, real=0.18 secs] 
2013-10-02T01:30:25.180+0000: 508.225: [GC 508.232: [ParNew: 92160K->10240K(92160K), 0.1035880 secs] 3647061K->3593119K(4184064K), 0.1171720 secs] [Times: user=0.33 sys=0.02, real=0.12 secs] 
2013-10-02T01:30:25.809+0000: 508.855: [GC 508.862: [ParNew: 92160K->10240K(92160K), 0.1411400 secs] 3675039K->3618830K(4184064K), 0.1551600 secs] [Times: user=0.45 sys=0.02, real=0.18 secs] 
2013-10-02T01:30:26.607+0000: 509.653: [GC 509.660: [ParNew: 92160K->10240K(92160K), 0.1022310 secs] 3700750K->3646406K(4184064K), 0.1159590 secs] [Times: user=0.33 sys=0.03, real=0.13 secs] 
2013-10-02T01:30:27.289+0000: 510.334: [GC 510.342: [ParNew: 92159K->10240K(92160K), 0.1000710 secs] 3728326K->3672030K(4184064K), 0.1136790 secs] [Times: user=0.34 sys=0.02, real=0.13 secs] 
2013-10-02T01:30:27.881+0000: 510.917: [CMS-concurrent-mark: 5.472/7.192 secs] [Times: user=11.89 sys=1.03, real=7.21 secs] 
2013-10-02T01:30:27.901+0000: 510.936: [CMS-concurrent-preclean-start]
2013-10-02T01:30:28.027+0000: 511.072: [GC 511.080: [ParNew: 92160K->10240K(92160K), 0.1397060 secs] 3753950K->3699379K(4184064K), 0.1537980 secs] [Times: user=0.34 sys=0.01, real=0.16 secs] 
2013-10-02T01:30:28.588+0000: 511.634: [GC 511.642: [ParNew: 92157K->10240K(92160K), 0.1189980 secs] 3781296K->3725385K(4184064K), 0.1332610 secs] [Times: user=0.33 sys=0.01, real=0.15 secs] 
2013-10-02T01:30:29.458+0000: 512.504: [GC 512.511: [ParNew: 92160K->10240K(92160K), 0.1180780 secs] 3807305K->3753818K(4184064K), 0.1317160 secs] [Times: user=0.38 sys=0.02, real=0.15 secs] 
2013-10-02T01:30:30.050+0000: 513.095: [GC 513.103: [ParNew: 92138K->10240K(92160K), 0.1438880 secs] 3835717K->3780368K(4184064K), 0.1578670 secs] [Times: user=0.44 sys=0.03, real=0.17 secs] 
2013-10-02T01:30:30.947+0000: 513.992: [GC 514.000: [ParNew: 92160K->10240K(92160K), 0.1176020 secs] 3862288K->3807251K(4184064K), 0.1312410 secs] [Times: user=0.37 sys=0.01, real=0.14 secs] 
2013-10-02T01:30:31.115+0000: 514.151: [CMS-concurrent-preclean: 1.764/3.215 secs] [Times: user=4.36 sys=1.37, real=3.23 secs] 
2013-10-02T01:30:31.138+0000: 514.173: [CMS-concurrent-abortable-preclean-start]
2013-10-02T01:30:31.638+0000: 514.683: [GC 514.691: [ParNew: 92158K->10240K(92160K), 0.1248110 secs] 3889170K->3835026K(4184064K), 0.1384250 secs] [Times: user=0.36 sys=0.02, real=0.15 secs] 
2013-10-02T01:30:31.804+0000: 514.840: [CMS-concurrent-abortable-preclean: 0.384/0.667 secs] [Times: user=0.89 sys=0.31, real=0.68 secs] 
2013-10-02T01:30:31.823+0000: 514.869: [GC[YG occupancy: 17627 K (92160 K)]514.872: [Rescan (parallel) , 0.0895170 secs]514.961: [weak refs processing, 0.0227630 secs]514.984: [class unloading, 0.0026290 secs]514.987: [scrub symbol table, 0.0017380 secs]514.989: [scrub string table, 0.0004970 secs] [1 CMS-remark: 3824786K(4091904K)] 3842414K(4184064K), 0.1229970 secs] [Times: user=0.31 sys=0.00, real=0.13 secs] 
2013-10-02T01:30:31.984+0000: 515.019: [CMS-concurrent-sweep-start]
2013-10-02T01:30:32.248+0000: 515.294: [GC 515.301: [ParNew: 92160K->10240K(92160K), 0.1046480 secs] 3910364K->3854623K(4184064K), 0.1183080 secs] [Times: user=0.36 sys=0.00, real=0.13 secs] 
2013-10-02T01:30:33.121+0000: 516.166: [GC 516.174: [ParNew: 92160K->10240K(92160K), 0.1246610 secs] 3900512K->3846118K(4184064K), 0.1384590 secs] [Times: user=0.36 sys=0.03, real=0.15 secs] 
2013-10-02T01:30:33.703+0000: 516.749: [GC 516.756: [ParNew: 92159K->10240K(92160K), 0.1273630 secs] 3706680K->3649919K(4184064K), 0.1413000 secs] [Times: user=0.34 sys=0.02, real=0.15 secs] 
2013-10-02T01:30:34.231+0000: 517.266: [CMS-concurrent-sweep: 1.744/2.247 secs] [Times: user=3.70 sys=0.41, real=2.26 secs] 
2013-10-02T01:30:34.250+0000: 517.286: [CMS-concurrent-reset-start]
2013-10-02T01:30:34.261+0000: 517.296: [CMS-concurrent-reset: 0.010/0.010 secs] [Times: user=0.02 sys=0.00, real=0.02 secs] 
2013-10-02T01:30:34.409+0000: 517.455: [GC 517.462: [ParNew: 92160K->10240K(92160K), 0.1400730 secs] 3434392K->3379620K(4184064K), 0.1541730 secs] [Times: user=0.34 sys=0.01, real=0.16 secs] 
2013-10-02T01:30:34.598+0000: 517.643: [GC [1 CMS-initial-mark: 3369380K(4091904K)] 3381945K(4184064K), 0.0915370 secs] [Times: user=0.10 sys=0.01, real=0.11 secs] 
2013-10-02T01:30:34.726+0000: 517.761: [CMS-concurrent-mark-start]
2013-10-02T01:30:35.096+0000: 518.142: [GC 518.149: [ParNew: 92148K->10240K(92160K), 0.1198570 secs] 3461529K->3406118K(4184064K), 0.1338070 secs] [Times: user=0.35 sys=0.00, real=0.15 secs] 
2013-10-02T01:30:35.905+0000: 518.951: [GC 518.958: [ParNew: 92157K->10240K(92160K), 0.1213680 secs] 3488035K->3434519K(4184064K), 0.1352250 secs] [Times: user=0.37 sys=0.02, real=0.15 secs] 
2013-10-02T01:30:36.637+0000: 519.683: [GC 519.690: [ParNew: 92160K->10240K(92160K), 0.1339290 secs] 3516439K->3462116K(4184064K), 0.1477370 secs] [Times: user=0.34 sys=0.02, real=0.16 secs] 
2013-10-02T01:30:37.277+0000: 520.323: [GC 520.330: [ParNew: 92160K->10240K(92160K), 0.1289890 secs] 3544036K->3488586K(4184064K), 0.1429070 secs] [Times: user=0.33 sys=0.01, real=0.16 secs] 
2013-10-02T01:30:37.909+0000: 520.955: [GC 520.963: [ParNew: 92156K->10240K(92160K), 0.2397930 secs] 3570502K->3514082K(4184064K), 0.2542800 secs] [Times: user=0.36 sys=0.00, real=0.26 secs] 
2013-10-02T01:30:38.634+0000: 521.685: [GC 521.692: [ParNew: 92160K->10240K(92160K), 0.2696930 secs] 3596002K->3541259K(4184064K), 0.2917740 secs] [Times: user=0.37 sys=0.01, real=0.31 secs] 
2013-10-02T01:30:39.250+0000: 522.309: [GC 522.322: [ParNew: 92160K->10240K(92160K), 0.3169870 secs] 3623179K->3568512K(4184064K), 0.5190810 secs] [Times: user=0.36 sys=0.02, real=0.54 secs] 
2013-10-02T01:30:40.100+0000: 523.145: [GC 523.153: [ParNew: 92160K->10240K(92160K), 0.2052020 secs] 3650432K->3596356K(4184064K), 0.2199030 secs] [Times: user=0.37 sys=0.02, real=0.23 secs] 
2013-10-02T01:30:40.649+0000: 523.695: [GC 523.702: [ParNew: 92160K->10240K(92160K), 0.2438600 secs] 3678276K->3622142K(4184064K), 0.2578280 secs] [Times: user=0.35 sys=0.00, real=0.26 secs] 
2013-10-02T01:30:41.362+0000: 524.408: [GC 524.415: [ParNew: 92160K->10240K(92160K), 0.1307600 secs] 3704062K->3649111K(4184064K), 0.1448130 secs] [Times: user=0.34 sys=0.00, real=0.15 secs] 
2013-10-02T01:30:42.049+0000: 525.094: [GC 525.102: [ParNew: 92160K->10240K(92160K), 0.1349550 secs] 3731031K->3675934K(4184064K), 0.1489030 secs] [Times: user=0.37 sys=0.01, real=0.16 secs] 
2013-10-02T01:30:42.701+0000: 525.747: [GC 525.754: [ParNew: 92156K->10240K(92160K), 0.1445010 secs] 3757850K->3703252K(4184064K), 0.1584450 secs] [Times: user=0.34 sys=0.01, real=0.17 secs] 
2013-10-02T01:30:43.470+0000: 526.516: [GC 526.523: [ParNew: 92160K->10240K(92160K), 0.1211420 secs] 3785172K->3730084K(4184064K), 0.1349390 secs] [Times: user=0.34 sys=0.01, real=0.14 secs] 
2013-10-02T01:30:44.044+0000: 527.090: [GC 527.097: [ParNew: 92160K->10240K(92160K), 0.1396800 secs] 3812004K->3756655K(4184064K), 0.1534140 secs] [Times: user=0.37 sys=0.01, real=0.17 secs] 
2013-10-02T01:30:44.298+0000: 527.334: [CMS-concurrent-mark: 6.162/9.573 secs] [Times: user=14.18 sys=1.63, real=9.58 secs] 
2013-10-02T01:30:44.318+0000: 527.354: [CMS-concurrent-preclean-start]
2013-10-02T01:30:44.672+0000: 527.717: [GC 527.725: [ParNew: 92160K->10240K(92160K), 0.1030800 secs] 3838575K->3783324K(4184064K), 0.1167890 secs] [Times: user=0.32 sys=0.01, real=0.12 secs] 
2013-10-02T01:30:45.431+0000: 528.477: [GC 528.484: [ParNew: 92155K->10240K(92160K), 0.1344550 secs] 3865240K->3810092K(4184064K), 0.1480900 secs] [Times: user=0.35 sys=0.01, real=0.16 secs] 
2013-10-02T01:30:46.062+0000: 529.108: [GC 529.115: [ParNew: 92160K->10240K(92160K), 0.1136620 secs] 3892012K->3836758K(4184064K), 0.1273310 secs] [Times: user=0.37 sys=0.02, real=0.14 secs] 
2013-10-02T01:30:46.750+0000: 529.796: [GC 529.803: [ParNew: 92160K->10240K(92160K), 0.1867830 secs] 3918678K->3863927K(4184064K), 0.2005480 secs] [Times: user=0.35 sys=0.01, real=0.21 secs] 
2013-10-02T01:30:47.417+0000: 530.462: [GC 530.470: [ParNew: 92152K->10240K(92160K), 0.1482240 secs] 3945840K->3890855K(4184064K), 0.1619040 secs] [Times: user=0.33 sys=0.06, real=0.18 secs] 
2013-10-02T01:30:47.637+0000: 530.673: [CMS-concurrent-preclean: 1.849/3.319 secs] [Times: user=4.76 sys=1.30, real=3.32 secs] 
2013-10-02T01:30:47.657+0000: 530.692: [CMS-concurrent-abortable-preclean-start]
2013-10-02T01:30:48.121+0000: 531.156: [CMS-concurrent-abortable-preclean: 0.366/0.463 secs] [Times: user=0.55 sys=0.20, real=0.48 secs] 
2013-10-02T01:30:48.139+0000: 531.184: [GC 531.191: [ParNew: 92125K->10240K(92160K), 0.1391820 secs] 3972741K->3917758K(4184064K), 0.1527610 secs] [Times: user=0.35 sys=0.07, real=0.17 secs] 
2013-10-02T01:30:48.326+0000: 531.371: [GC[YG occupancy: 12556 K (92160 K)]531.374: [Rescan (parallel) , 0.0669820 secs]531.441: [weak refs processing, 0.0236950 secs]531.465: [class unloading, 0.0024970 secs]531.468: [scrub symbol table, 0.0016660 secs]531.469: [scrub string table, 0.0003730 secs] [1 CMS-remark: 3907518K(4091904K)] 3920074K(4184064K), 0.1012070 secs] [Times: user=0.28 sys=0.01, real=0.11 secs] 
2013-10-02T01:30:48.463+0000: 531.498: [CMS-concurrent-sweep-start]
2013-10-02T01:30:48.867+0000: 531.912: [GC 531.920: [ParNew: 92160K->10240K(92160K), 0.1883790 secs] 3982232K->3927715K(4184064K), 0.2022800 secs] [Times: user=0.37 sys=0.04, real=0.22 secs] 
2013-10-02T01:30:49.484+0000: 532.530: [GC 532.537: [ParNew: 92160K->10240K(92160K), 0.1575950 secs] 4000499K->3944440K(4184064K), 0.1716050 secs] [Times: user=0.36 sys=0.03, real=0.18 secs] 
2013-10-02T01:30:50.190+0000: 533.236: [GC 533.243: [ParNew: 92119K->10240K(92160K), 0.1354430 secs] 3867666K->3812893K(4184064K), 0.1492560 secs] [Times: user=0.36 sys=0.01, real=0.16 secs] 
2013-10-02T01:30:50.821+0000: 533.856: [CMS-concurrent-sweep: 1.728/2.358 secs] [Times: user=3.83 sys=0.43, real=2.37 secs] 
2013-10-02T01:30:50.841+0000: 533.876: [CMS-concurrent-reset-start]
2013-10-02T01:30:50.850+0000: 533.895: [GC 533.903: [ParNew: 92160K->10240K(92160K), 0.1237280 secs] 3515689K->3460389K(4184064K), 0.1376360 secs] [Times: user=0.39 sys=0.01, real=0.14 secs] 
2013-10-02T01:30:51.037+0000: 534.073: [CMS-concurrent-reset: 0.024/0.196 secs] [Times: user=0.47 sys=0.04, real=0.20 secs] 
2013-10-02T01:30:51.623+0000: 534.669: [GC 534.677: [ParNew: 92159K->10240K(92160K), 0.1520930 secs] 3542308K->3488376K(4184064K), 0.1664790 secs] [Times: user=0.34 sys=0.01, real=0.18 secs] 
2013-10-02T01:30:51.825+0000: 534.870: [GC [1 CMS-initial-mark: 3478136K(4091904K)] 3489686K(4184064K), 0.0911160 secs] [Times: user=0.10 sys=0.01, real=0.10 secs] 
2013-10-02T01:30:51.952+0000: 534.987: [CMS-concurrent-mark-start]
2013-10-02T01:30:52.290+0000: 535.336: [GC 535.343: [ParNew: 92160K->10240K(92160K), 0.1083370 secs] 3570296K->3514497K(4184064K), 0.1222570 secs] [Times: user=0.32 sys=0.00, real=0.13 secs] 
2013-10-02T01:30:52.983+0000: 536.028: [GC 536.036: [ParNew: 92142K->10240K(92160K), 0.1415130 secs] 3596400K->3541421K(4184064K), 0.1554160 secs] [Times: user=0.39 sys=0.00, real=0.17 secs] 
2013-10-02T01:30:53.617+0000: 536.662: [GC 536.670: [ParNew: 92155K->10240K(92160K), 0.1301140 secs] 3623337K->3567487K(4184064K), 0.1440790 secs] [Times: user=0.32 sys=0.01, real=0.16 secs] 
2013-10-02T01:30:54.355+0000: 537.401: [GC 537.409: [ParNew: 92160K->10240K(92160K), 0.1085430 secs] 3649407K->3595995K(4184064K), 0.1224280 secs] [Times: user=0.36 sys=0.03, real=0.14 secs] 
2013-10-02T01:30:55.048+0000: 538.094: [GC 538.101: [ParNew: 92160K->10240K(92160K), 0.1354110 secs] 3677915K->3623018K(4184064K), 0.1494190 secs] [Times: user=0.36 sys=0.01, real=0.16 secs] 
2013-10-02T01:30:55.802+0000: 538.848: [GC 538.855: [ParNew: 92160K->10240K(92160K), 0.1137790 secs] 3704938K->3649515K(4184064K), 0.1279200 secs] [Times: user=0.34 sys=0.00, real=0.14 secs] 
2013-10-02T01:30:56.364+0000: 539.409: [GC 539.417: [ParNew: 92160K->10240K(92160K), 0.1242470 secs] 3731435K->3674537K(4184064K), 0.1382340 secs] [Times: user=0.32 sys=0.01, real=0.15 secs] 
2013-10-02T01:30:57.015+0000: 540.061: [GC 540.068: [ParNew: 92160K->10240K(92160K), 0.1205240 secs] 3756457K->3700804K(4184064K), 0.1345950 secs] [Times: user=0.35 sys=0.01, real=0.15 secs] 
2013-10-02T01:30:57.814+0000: 540.859: [GC 540.867: [ParNew: 92160K->10240K(92160K), 0.1634900 secs] 3782724K->3728989K(4184064K), 0.1772490 secs] [Times: user=0.34 sys=0.02, real=0.19 secs] 
2013-10-02T01:30:58.542+0000: 541.588: [GC 541.595: [ParNew: 92160K->10240K(92160K), 0.1373650 secs] 3810909K->3757305K(4184064K), 0.1513400 secs] [Times: user=0.35 sys=0.01, real=0.16 secs] 
2013-10-02T01:30:59.226+0000: 542.261: [CMS-concurrent-mark: 5.473/7.274 secs] [Times: user=11.93 sys=0.94, real=7.28 secs] 
2013-10-02T01:30:59.246+0000: 542.281: [CMS-concurrent-preclean-start]
2013-10-02T01:30:59.266+0000: 542.311: [GC 542.319: [ParNew: 92160K->10240K(92160K), 0.1254900 secs] 3839225K->3782291K(4184064K), 0.1394290 secs] [Times: user=0.33 sys=0.00, real=0.15 secs] 
2013-10-02T01:31:00.051+0000: 543.096: [GC 543.104: [ParNew: 92160K->10240K(92160K), 0.1029350 secs] 3864211K->3811589K(4184064K), 0.1168790 secs] [Times: user=0.37 sys=0.00, real=0.12 secs] 
2013-10-02T01:31:00.695+0000: 543.741: [GC 543.748: [ParNew: 92160K->10240K(92160K), 0.1157890 secs] 3893509K->3835554K(4184064K), 0.1293870 secs] [Times: user=0.35 sys=0.01, real=0.14 secs] 
2013-10-02T01:31:01.457+0000: 544.503: [GC 544.510: [ParNew: 92160K->10240K(92160K), 0.1237000 secs] 3917474K->3863955K(4184064K), 0.1377970 secs] [Times: user=0.34 sys=0.00, real=0.15 secs] 
2013-10-02T01:31:02.040+0000: 545.086: [GC 545.094: [ParNew: 92160K->10240K(92160K), 0.1101930 secs] 3945875K->3886481K(4184064K), 0.1244250 secs] [Times: user=0.31 sys=0.01, real=0.13 secs] 
2013-10-02T01:31:02.665+0000: 545.701: [CMS-concurrent-preclean: 1.989/3.419 secs] [Times: user=4.69 sys=1.34, real=3.43 secs] 
2013-10-02T01:31:02.685+0000: 545.721: [CMS-concurrent-abortable-preclean-start]
2013-10-02T01:31:02.795+0000: 545.830: [CMS-concurrent-abortable-preclean: 0.097/0.109 secs] [Times: user=0.13 sys=0.03, real=0.12 secs] 
2013-10-02T01:31:02.814+0000: 545.859: [GC[YG occupancy: 84259 K (92160 K)]545.863: [Rescan (parallel) , 0.0636800 secs]545.927: [weak refs processing, 0.0252870 secs]545.952: [class unloading, 0.0024990 secs]545.954: [scrub symbol table, 0.0016380 secs]545.956: [scrub string table, 0.0003680 secs] [1 CMS-remark: 3876241K(4091904K)] 3960501K(4184064K), 0.0995970 secs] [Times: user=0.22 sys=0.00, real=0.11 secs] 
2013-10-02T01:31:02.956+0000: 545.991: [CMS-concurrent-sweep-start]
2013-10-02T01:31:02.968+0000: 546.014: [GC 546.021: [ParNew: 92160K->10240K(92160K), 0.1051570 secs] 3968078K->3917504K(4184064K), 0.1188820 secs] [Times: user=0.35 sys=0.02, real=0.12 secs] 
2013-10-02T01:31:03.549+0000: 546.595: [GC 546.602: [ParNew: 92160K->10240K(92160K), 0.1247930 secs] 3985585K->3929631K(4184064K), 0.1384970 secs] [Times: user=0.35 sys=0.00, real=0.14 secs] 
2013-10-02T01:31:04.240+0000: 547.285: [GC 547.293: [ParNew: 92153K->10240K(92160K), 0.1894280 secs] 3970738K->3915017K(4184064K), 0.2036250 secs] [Times: user=0.35 sys=0.01, real=0.21 secs] 
2013-10-02T01:31:05.041+0000: 548.086: [GC 548.094: [ParNew: 92155K->10240K(92160K), 0.1007660 secs] 3625897K->3571818K(4184064K), 0.1144330 secs] [Times: user=0.35 sys=0.01, real=0.12 secs] 
2013-10-02T01:31:05.320+0000: 548.355: [CMS-concurrent-sweep: 1.648/2.363 secs] [Times: user=4.01 sys=0.43, real=2.38 secs] 
2013-10-02T01:31:05.344+0000: 548.380: [CMS-concurrent-reset-start]
2013-10-02T01:31:05.355+0000: 548.391: [CMS-concurrent-reset: 0.011/0.011 secs] [Times: user=0.03 sys=0.00, real=0.03 secs] 
2013-10-02T01:31:05.748+0000: 548.793: [GC 548.801: [ParNew: 92103K->10240K(92160K), 0.1426870 secs] 3437960K->3384059K(4184064K), 0.1566060 secs] [Times: user=0.42 sys=0.01, real=0.16 secs] 
2013-10-02T01:31:05.939+0000: 548.984: [GC [1 CMS-initial-mark: 3373819K(4091904K)] 3384570K(4184064K), 0.0903110 secs] [Times: user=0.10 sys=0.01, real=0.10 secs] 
2013-10-02T01:31:06.065+0000: 549.101: [CMS-concurrent-mark-start]
2013-10-02T01:31:06.506+0000: 549.552: [GC 549.559: [ParNew: 92160K->10240K(92160K), 0.1369260 secs] 3465979K->3410855K(4184064K), 0.1508760 secs] [Times: user=0.36 sys=0.00, real=0.17 secs] 
2013-10-02T01:31:07.211+0000: 550.256: [GC 550.264: [ParNew: 92160K->10240K(92160K), 0.1336110 secs] 3492775K->3437579K(4184064K), 0.1473370 secs] [Times: user=0.44 sys=0.01, real=0.16 secs] 
2013-10-02T01:31:07.755+0000: 550.801: [GC 550.808: [ParNew: 92160K->10240K(92160K), 0.1948450 secs] 3519499K->3462809K(4184064K), 0.2088820 secs] [Times: user=0.35 sys=0.01, real=0.21 secs] 
2013-10-02T01:31:08.542+0000: 551.588: [GC 551.595: [ParNew: 92129K->10240K(92160K), 0.1393650 secs] 3544698K->3490271K(4184064K), 0.1531780 secs] [Times: user=0.41 sys=0.01, real=0.16 secs] 
2013-10-02T01:31:09.175+0000: 552.221: [GC 552.229: [ParNew: 92159K->10240K(92160K), 0.1619130 secs] 3572191K->3516683K(4184064K), 0.1762870 secs] [Times: user=0.35 sys=0.01, real=0.19 secs] 
2013-10-02T01:31:10.025+0000: 553.071: [GC 553.079: [ParNew: 92160K->10240K(92160K), 0.1210580 secs] 3598603K->3545320K(4184064K), 0.1352870 secs] [Times: user=0.35 sys=0.00, real=0.15 secs] 
2013-10-02T01:31:10.702+0000: 553.748: [GC 553.756: [ParNew: 92120K->10240K(92160K), 0.1637750 secs] 3627201K->3572698K(4184064K), 0.1776910 secs] [Times: user=0.36 sys=0.00, real=0.19 secs] 
2013-10-02T01:31:11.406+0000: 554.452: [GC 554.460: [ParNew: 92160K->10240K(92160K), 0.1322120 secs] 3654618K->3599435K(4184064K), 0.1462880 secs] [Times: user=0.33 sys=0.02, real=0.16 secs] 
2013-10-02T01:31:11.995+0000: 555.041: [GC 555.049: [ParNew: 92160K->10240K(92160K), 0.1425710 secs] 3681355K->3624345K(4184064K), 0.1564040 secs] [Times: user=0.37 sys=0.01, real=0.16 secs] 
2013-10-02T01:31:12.629+0000: 555.674: [GC 555.682: [ParNew: 92152K->10240K(92160K), 0.1401100 secs] 3706258K->3651106K(4184064K), 0.1541360 secs] [Times: user=0.34 sys=0.00, real=0.16 secs] 
2013-10-02T01:31:13.378+0000: 556.413: [CMS-concurrent-mark: 5.348/7.312 secs] [Times: user=11.90 sys=1.17, real=7.33 secs] 
2013-10-02T01:31:13.398+0000: 556.433: [CMS-concurrent-preclean-start]
2013-10-02T01:31:13.422+0000: 556.468: [GC 556.475: [ParNew: 92115K->10240K(92160K), 0.1335870 secs] 3732982K->3679004K(4184064K), 0.1473190 secs] [Times: user=0.34 sys=0.00, real=0.16 secs] 
2013-10-02T01:31:14.064+0000: 557.110: [GC 557.117: [ParNew: 92152K->10240K(92160K), 0.1390670 secs] 3760916K->3706633K(4184064K), 0.1531720 secs] [Times: user=0.35 sys=0.01, real=0.17 secs] 
2013-10-02T01:31:14.689+0000: 557.734: [GC 557.742: [ParNew: 92160K->10240K(92160K), 0.1252760 secs] 3788553K->3733479K(4184064K), 0.1390470 secs] [Times: user=0.34 sys=0.02, real=0.15 secs] 
2013-10-02T01:31:15.370+0000: 558.416: [GC 558.423: [ParNew: 92159K->10240K(92160K), 0.1659150 secs] 3815398K->3759783K(4184064K), 0.1798120 secs] [Times: user=0.46 sys=0.01, real=0.19 secs] 
2013-10-02T01:31:16.042+0000: 559.088: [GC 559.096: [ParNew: 92160K->10240K(92160K), 0.1356380 secs] 3841703K->3786368K(4184064K), 0.1496020 secs] [Times: user=0.34 sys=0.00, real=0.16 secs] 
2013-10-02T01:31:16.662+0000: 559.707: [GC 559.715: [ParNew: 92160K->10240K(92160K), 0.1831860 secs] 3868288K->3812561K(4184064K), 0.1972560 secs] [Times: user=0.33 sys=0.00, real=0.21 secs] 
2013-10-02T01:31:17.378+0000: 560.424: [GC 560.431: [ParNew: 92151K->10240K(92160K), 0.0997620 secs] 3894472K->3840139K(4184064K), 0.1134540 secs] [Times: user=0.34 sys=0.03, real=0.13 secs] 
2013-10-02T01:31:17.556+0000: 560.591: [CMS-concurrent-preclean: 2.185/4.158 secs] [Times: user=6.29 sys=1.36, real=4.17 secs] 
2013-10-02T01:31:17.576+0000: 560.611: [CMS-concurrent-abortable-preclean-start]
2013-10-02T01:31:18.028+0000: 561.074: [GC 561.081: [ParNew: 92160K->10240K(92160K), 0.1251600 secs] 3922059K->3866692K(4184064K), 0.1391500 secs] [Times: user=0.35 sys=0.02, real=0.15 secs] 
2013-10-02T01:31:18.210+0000: 561.245: [CMS-concurrent-abortable-preclean: 0.364/0.634 secs] [Times: user=0.95 sys=0.25, real=0.65 secs] 
2013-10-02T01:31:18.230+0000: 561.275: [GC[YG occupancy: 18761 K (92160 K)]561.278: [Rescan (parallel) , 0.0750120 secs]561.353: [weak refs processing, 0.0217640 secs]561.375: [class unloading, 0.0024980 secs]561.378: [scrub symbol table, 0.0016830 secs]561.380: [scrub string table, 0.0003690 secs] [1 CMS-remark: 3856452K(4091904K)] 3875214K(4184064K), 0.1071860 secs] [Times: user=0.30 sys=0.00, real=0.12 secs] 
2013-10-02T01:31:18.374+0000: 561.410: [CMS-concurrent-sweep-start]
2013-10-02T01:31:18.789+0000: 561.839: [GC 561.853: [ParNew: 92160K->10240K(92160K), 0.1459400 secs] 3934854K->3880637K(4184064K), 0.1668760 secs] [Times: user=0.34 sys=0.02, real=0.18 secs] 
2013-10-02T01:31:19.396+0000: 562.441: [GC 562.449: [ParNew: 92155K->10240K(92160K), 0.0934930 secs] 3949321K->3893321K(4184064K), 0.1071200 secs] [Times: user=0.33 sys=0.02, real=0.11 secs] 
2013-10-02T01:31:20.144+0000: 563.190: [GC 563.197: [ParNew: 92160K->10240K(92160K), 0.1351030 secs] 3727162K->3672756K(4184064K), 0.1489810 secs] [Times: user=0.35 sys=0.01, real=0.16 secs] 
2013-10-02T01:31:20.647+0000: 563.683: [CMS-concurrent-sweep: 1.749/2.273 secs] [Times: user=3.62 sys=0.44, real=2.29 secs] 
2013-10-02T01:31:20.667+0000: 563.703: [CMS-concurrent-reset-start]
2013-10-02T01:31:20.678+0000: 563.713: [CMS-concurrent-reset: 0.010/0.010 secs] [Times: user=0.02 sys=0.01, real=0.02 secs] 
2013-10-02T01:31:20.780+0000: 563.826: [GC 563.834: [ParNew: 92147K->10240K(92160K), 0.1420330 secs] 3495914K->3440008K(4184064K), 0.1563160 secs] [Times: user=0.36 sys=0.00, real=0.16 secs] 
2013-10-02T01:31:20.970+0000: 564.015: [GC [1 CMS-initial-mark: 3429768K(4091904K)] 3440228K(4184064K), 0.0903380 secs] [Times: user=0.10 sys=0.00, real=0.10 secs] 
2013-10-02T01:31:21.096+0000: 564.132: [CMS-concurrent-mark-start]
2013-10-02T01:31:21.522+0000: 564.569: [GC 564.576: [ParNew: 92160K->10240K(92160K), 0.1678880 secs] 3521928K->3467766K(4184064K), 0.1821270 secs] [Times: user=0.34 sys=0.01, real=0.20 secs] 
2013-10-02T01:31:22.163+0000: 565.209: [GC 565.216: [ParNew: 92141K->10240K(92160K), 0.1341570 secs] 3549668K->3493601K(4184064K), 0.1478540 secs] [Times: user=0.35 sys=0.01, real=0.16 secs] 
2013-10-02T01:31:23.052+0000: 566.098: [GC 566.105: [ParNew: 92152K->10240K(92160K), 0.1057130 secs] 3575514K->3522458K(4184064K), 0.1196410 secs] [Times: user=0.36 sys=0.02, real=0.13 secs] 
2013-10-02T01:31:23.545+0000: 566.590: [GC 566.598: [ParNew: 92136K->10240K(92160K), 0.1024240 secs] 3604354K->3548022K(4184064K), 0.1164100 secs] [Times: user=0.34 sys=0.01, real=0.13 secs] 
2013-10-02T01:31:24.356+0000: 567.401: [GC 567.409: [ParNew: 92160K->10240K(92160K), 0.1162140 secs] 3629942K->3576422K(4184064K), 0.1299210 secs] [Times: user=0.35 sys=0.01, real=0.14 secs] 
2013-10-02T01:31:24.942+0000: 567.988: [GC 567.995: [ParNew: 92159K->10240K(92160K), 0.1102330 secs] 3658341K->3601216K(4184064K), 0.1239760 secs] [Times: user=0.32 sys=0.03, real=0.14 secs] 
2013-10-02T01:31:25.704+0000: 568.749: [GC 568.757: [ParNew: 92147K->10240K(92160K), 0.1329130 secs] 3683124K->3627980K(4184064K), 0.1469380 secs] [Times: user=0.35 sys=0.02, real=0.16 secs] 
2013-10-02T01:31:26.316+0000: 569.363: [GC 569.370: [ParNew: 92160K->10240K(92160K), 0.1728650 secs] 3709900K->3654271K(4184064K), 0.1868440 secs] [Times: user=0.35 sys=0.01, real=0.19 secs] 
2013-10-02T01:31:27.004+0000: 570.050: [GC 570.057: [ParNew: 92152K->10240K(92160K), 0.1184410 secs] 3736183K->3682674K(4184064K), 0.1323040 secs] [Times: user=0.35 sys=0.01, real=0.15 secs] 
2013-10-02T01:31:27.901+0000: 570.947: [GC 570.954: [ParNew: 92149K->10240K(92160K), 0.1481760 secs] 3764583K->3710273K(4184064K), 0.1618540 secs] [Times: user=0.36 sys=0.00, real=0.17 secs] 
2013-10-02T01:31:28.284+0000: 571.319: [CMS-concurrent-mark: 5.385/7.187 secs] [Times: user=11.74 sys=1.11, real=7.20 secs] 
2013-10-02T01:31:28.304+0000: 571.339: [CMS-concurrent-preclean-start]
2013-10-02T01:31:28.548+0000: 571.594: [GC 571.602: [ParNew: 92160K->10240K(92160K), 0.0995540 secs] 3792193K->3737603K(4184064K), 0.1133050 secs] [Times: user=0.35 sys=0.01, real=0.12 secs] 
2013-10-02T01:31:29.195+0000: 572.241: [GC 572.248: [ParNew: 92160K->10240K(92160K), 0.1039580 secs] 3819523K->3762220K(4184064K), 0.1177290 secs] [Times: user=0.34 sys=0.02, real=0.12 secs] 
2013-10-02T01:31:29.817+0000: 572.862: [GC 572.870: [ParNew: 92160K->10240K(92160K), 0.1444110 secs] 3844140K->3788988K(4184064K), 0.1583540 secs] [Times: user=0.35 sys=0.00, real=0.16 secs] 
2013-10-02T01:31:30.447+0000: 573.493: [GC 573.501: [ParNew: 92147K->10240K(92160K), 0.1244650 secs] 3870895K->3815125K(4184064K), 0.1389180 secs] [Times: user=0.34 sys=0.01, real=0.15 secs] 
2013-10-02T01:31:31.307+0000: 574.352: [GC 574.360: [ParNew: 92160K->10240K(92160K), 0.1409150 secs] 3897045K->3843620K(4184064K), 0.1546680 secs] [Times: user=0.37 sys=0.01, real=0.17 secs] 
2013-10-02T01:31:32.018+0000: 575.064: [GC 575.072: [ParNew: 92160K->10240K(92160K), 0.1579210 secs] 3925540K->3869564K(4184064K), 0.1721320 secs] [Times: user=0.36 sys=0.01, real=0.18 secs] 
2013-10-02T01:31:32.233+0000: 575.268: [CMS-concurrent-preclean: 2.203/3.929 secs] [Times: user=5.62 sys=1.31, real=3.94 secs] 
2013-10-02T01:31:32.255+0000: 575.290: [CMS-concurrent-abortable-preclean-start]
2013-10-02T01:31:32.768+0000: 575.814: [GC 575.821: [ParNew: 92160K->10240K(92160K), 0.1012910 secs] 3951484K->3896827K(4184064K), 0.1150600 secs] [Times: user=0.33 sys=0.03, real=0.12 secs] 
2013-10-02T01:31:32.924+0000: 575.959: [CMS-concurrent-abortable-preclean: 0.403/0.669 secs] [Times: user=0.95 sys=0.24, real=0.68 secs] 
2013-10-02T01:31:32.944+0000: 575.989: [GC[YG occupancy: 27216 K (92160 K)]575.993: [Rescan (parallel) , 0.0746530 secs]576.067: [weak refs processing, 0.0236710 secs]576.091: [class unloading, 0.0025530 secs]576.094: [scrub symbol table, 0.0016510 secs]576.095: [scrub string table, 0.0003730 secs] [1 CMS-remark: 3886587K(4091904K)] 3913804K(4184064K), 0.1090060 secs] [Times: user=0.32 sys=0.01, real=0.12 secs] 
2013-10-02T01:31:33.094+0000: 576.129: [CMS-concurrent-sweep-start]
2013-10-02T01:31:33.516+0000: 576.563: [GC 576.570: [ParNew: 92160K->10240K(92160K), 0.1209370 secs] 3966601K->3912509K(4184064K), 0.1350580 secs] [Times: user=0.34 sys=0.02, real=0.14 secs] 
2013-10-02T01:31:34.250+0000: 577.296: [GC 577.303: [ParNew: 92160K->10240K(92160K), 0.1907710 secs] 3947663K->3892534K(4184064K), 0.2047090 secs] [Times: user=0.36 sys=0.00, real=0.21 secs] 
2013-10-02T01:31:34.970+0000: 578.015: [GC 578.023: [ParNew: 92155K->10240K(92160K), 0.1588380 secs] 3718686K->3663824K(4184064K), 0.1725170 secs] [Times: user=0.49 sys=0.02, real=0.18 secs] 
2013-10-02T01:31:35.418+0000: 578.453: [CMS-concurrent-sweep: 1.703/2.324 secs] [Times: user=3.80 sys=0.44, real=2.34 secs] 
2013-10-02T01:31:35.438+0000: 578.473: [CMS-concurrent-reset-start]
2013-10-02T01:31:35.448+0000: 578.484: [CMS-concurrent-reset: 0.011/0.011 secs] [Times: user=0.01 sys=0.01, real=0.02 secs] 
2013-10-02T01:31:35.702+0000: 578.747: [GC 578.754: [ParNew: 92159K->10240K(92160K), 0.1024480 secs] 3477492K->3421930K(4184064K), 0.1160800 secs] [Times: user=0.33 sys=0.02, real=0.13 secs] 
2013-10-02T01:31:35.852+0000: 578.897: [GC [1 CMS-initial-mark: 3411690K(4091904K)] 3422940K(4184064K), 0.0909770 secs] [Times: user=0.09 sys=0.00, real=0.10 secs] 
2013-10-02T01:31:35.980+0000: 579.015: [CMS-concurrent-mark-start]
2013-10-02T01:31:36.341+0000: 579.386: [GC 579.394: [ParNew: 92154K->10240K(92160K), 0.1599120 secs] 3503845K->3448351K(4184064K), 0.1741150 secs] [Times: user=0.36 sys=0.01, real=0.18 secs] 
2013-10-02T01:31:37.081+0000: 580.126: [GC 580.133: [ParNew: 92160K->10240K(92160K), 0.1387710 secs] 3530271K->3475882K(4184064K), 0.1526790 secs] [Times: user=0.36 sys=0.00, real=0.17 secs] 
2013-10-02T01:31:37.707+0000: 580.752: [GC 580.760: [ParNew: 92160K->10240K(92160K), 0.1215480 secs] 3557802K->3502051K(4184064K), 0.1352150 secs] [Times: user=0.34 sys=0.03, real=0.14 secs] 
2013-10-02T01:31:38.534+0000: 581.580: [GC 581.587: [ParNew: 92160K->10240K(92160K), 0.1687760 secs] 3583971K->3530392K(4184064K), 0.1825990 secs] [Times: user=0.37 sys=0.02, real=0.20 secs] 
2013-10-02T01:31:39.152+0000: 582.205: [GC 582.213: [ParNew: 92135K->10240K(92160K), 0.1574460 secs] 3612287K->3556255K(4184064K), 0.1726160 secs] [Times: user=0.34 sys=0.01, real=0.19 secs] 
2013-10-02T01:31:39.935+0000: 582.981: [GC 582.988: [ParNew: 92160K->10240K(92160K), 0.1423690 secs] 3638175K->3581917K(4184064K), 0.1562310 secs] [Times: user=0.34 sys=0.02, real=0.16 secs] 
2013-10-02T01:31:40.531+0000: 583.576: [GC 583.584: [ParNew: 92153K->10240K(92160K), 0.1972340 secs] 3663830K->3609095K(4184064K), 0.2486340 secs] [Times: user=0.34 sys=0.01, real=0.26 secs] 
2013-10-02T01:31:41.273+0000: 584.319: [GC 584.326: [ParNew: 92159K->10240K(92160K), 0.1267950 secs] 3691015K->3637289K(4184064K), 0.1405940 secs] [Times: user=0.36 sys=0.02, real=0.16 secs] 
2013-10-02T01:31:42.151+0000: 585.197: [GC 585.204: [ParNew: 92160K->10240K(92160K), 0.1223030 secs] 3719209K->3664431K(4184064K), 0.1360030 secs] [Times: user=0.36 sys=0.04, real=0.15 secs] 
2013-10-02T01:31:42.826+0000: 585.872: [GC 585.880: [ParNew: 92160K->10240K(92160K), 0.1113210 secs] 3746351K->3691325K(4184064K), 0.1253080 secs] [Times: user=0.34 sys=0.00, real=0.13 secs] 
2013-10-02T01:31:43.351+0000: 586.396: [GC 586.404: [ParNew: 92160K->10240K(92160K), 0.1123530 secs] 3773245K->3716422K(4184064K), 0.1260480 secs] [Times: user=0.31 sys=0.02, real=0.14 secs] 
2013-10-02T01:31:43.560+0000: 586.595: [CMS-concurrent-mark: 5.436/7.580 secs] [Times: user=12.30 sys=1.18, real=7.59 secs] 
2013-10-02T01:31:43.579+0000: 586.615: [CMS-concurrent-preclean-start]
2013-10-02T01:31:44.008+0000: 587.054: [GC 587.061: [ParNew: 92156K->10240K(92160K), 0.1356470 secs] 3798339K->3744477K(4184064K), 0.1493990 secs] [Times: user=0.37 sys=0.00, real=0.16 secs] 
2013-10-02T01:31:44.654+0000: 587.699: [GC 587.707: [ParNew: 92160K->10240K(92160K), 0.1457880 secs] 3826397K->3771669K(4184064K), 0.1597160 secs] [Times: user=0.43 sys=0.01, real=0.18 secs] 
2013-10-02T01:31:45.462+0000: 588.508: [GC 588.516: [ParNew: 92160K->10240K(92160K), 0.1057360 secs] 3853589K->3798761K(4184064K), 0.1196730 secs] [Times: user=0.33 sys=0.02, real=0.13 secs] 
2013-10-02T01:31:46.084+0000: 589.129: [GC 589.137: [ParNew: 92160K->10240K(92160K), 0.1340920 secs] 3880748K->3825069K(4184064K), 0.1481570 secs] [Times: user=0.34 sys=0.02, real=0.15 secs] 
2013-10-02T01:31:46.648+0000: 589.693: [GC 589.701: [ParNew: 92160K->10240K(92160K), 0.1722370 secs] 3906989K->3851551K(4184064K), 0.1863540 secs] [Times: user=0.37 sys=0.01, real=0.20 secs] 
2013-10-02T01:31:47.346+0000: 590.391: [GC 590.399: [ParNew: 92142K->10240K(92160K), 0.1366390 secs] 3933453K->3878579K(4184064K), 0.1507530 secs] [Times: user=0.34 sys=0.00, real=0.16 secs] 
2013-10-02T01:31:47.728+0000: 590.763: [CMS-concurrent-preclean: 2.312/4.149 secs] [Times: user=5.87 sys=1.66, real=4.16 secs] 
2013-10-02T01:31:47.748+0000: 590.784: [CMS-concurrent-abortable-preclean-start]
2013-10-02T01:31:48.009+0000: 591.054: [GC 591.062: [ParNew: 92158K->10240K(92160K), 0.0951530 secs] 3960497K->3905681K(4184064K), 0.1087730 secs] [Times: user=0.34 sys=0.00, real=0.12 secs] 
2013-10-02T01:31:48.144+0000: 591.179: [CMS-concurrent-abortable-preclean: 0.206/0.396 secs] [Times: user=0.75 sys=0.09, real=0.41 secs] 
2013-10-02T01:31:48.162+0000: 591.207: [GC[YG occupancy: 15779 K (92160 K)]591.211: [Rescan (parallel) , 0.1021290 secs]591.313: [weak refs processing, 0.0231800 secs]591.336: [class unloading, 0.0024940 secs]591.339: [scrub symbol table, 0.0016410 secs]591.341: [scrub string table, 0.0003680 secs] [1 CMS-remark: 3895441K(4091904K)] 3911220K(4184064K), 0.1357580 secs] [Times: user=0.30 sys=0.00, real=0.15 secs] 
2013-10-02T01:31:48.335+0000: 591.370: [CMS-concurrent-sweep-start]
2013-10-02T01:31:48.740+0000: 591.786: [GC 591.794: [ParNew: 92159K->10240K(92160K), 0.1351830 secs] 3973298K->3918459K(4184064K), 0.1492570 secs] [Times: user=0.35 sys=0.02, real=0.16 secs] 
2013-10-02T01:31:49.388+0000: 592.434: [GC 592.441: [ParNew: 92155K->10240K(92160K), 0.1506610 secs] 3978184K->3923124K(4184064K), 0.1647070 secs] [Times: user=0.36 sys=0.00, real=0.17 secs] 
2013-10-02T01:31:50.072+0000: 593.127: [GC 593.135: [ParNew: 92160K->10240K(92160K), 0.1229890 secs] 3787514K->3731881K(4184064K), 0.1371670 secs] [Times: user=0.32 sys=0.01, real=0.15 secs] 
2013-10-02T01:31:50.612+0000: 593.647: [CMS-concurrent-sweep: 1.700/2.277 secs] [Times: user=3.70 sys=0.44, real=2.28 secs] 
2013-10-02T01:31:50.633+0000: 593.668: [CMS-concurrent-reset-start]
2013-10-02T01:31:50.643+0000: 593.678: [CMS-concurrent-reset: 0.010/0.010 secs] [Times: user=0.03 sys=0.00, real=0.03 secs] 
2013-10-02T01:31:50.744+0000: 593.789: [GC 593.797: [ParNew: 92132K->10240K(92160K), 0.1427060 secs] 3501352K->3446282K(4184064K), 0.1565020 secs] [Times: user=0.36 sys=0.02, real=0.16 secs] 
2013-10-02T01:31:50.935+0000: 593.981: [GC [1 CMS-initial-mark: 3436042K(4091904K)] 3446684K(4184064K), 0.0906290 secs] [Times: user=0.10 sys=0.00, real=0.10 secs] 
2013-10-02T01:31:51.062+0000: 594.098: [CMS-concurrent-mark-start]
2013-10-02T01:31:51.417+0000: 594.462: [GC 594.470: [ParNew: 92158K->10240K(92160K), 0.1693010 secs] 3528201K->3472619K(4184064K), 0.1833840 secs] [Times: user=0.34 sys=0.01, real=0.19 secs] 
2013-10-02T01:31:52.126+0000: 595.172: [GC 595.179: [ParNew: 92160K->10240K(92160K), 0.1012430 secs] 3554539K->3500562K(4184064K), 0.1150530 secs] [Times: user=0.34 sys=0.01, real=0.12 secs] 
2013-10-02T01:31:52.819+0000: 595.864: [GC 595.872: [ParNew: 92157K->10240K(92160K), 0.1613860 secs] 3582479K->3527116K(4184064K), 0.1751240 secs] [Times: user=0.44 sys=0.01, real=0.19 secs] 
2013-10-02T01:31:53.648+0000: 596.694: [GC 596.701: [ParNew: 92160K->10240K(92160K), 0.1255170 secs] 3609036K->3554913K(4184064K), 0.1393090 secs] [Times: user=0.36 sys=0.00, real=0.15 secs] 
2013-10-02T01:31:54.220+0000: 597.266: [GC 597.273: [ParNew: 92160K->10240K(92160K), 0.1166390 secs] 3636833K->3579505K(4184064K), 0.1305990 secs] [Times: user=0.35 sys=0.02, real=0.14 secs] 
2013-10-02T01:31:54.890+0000: 597.936: [GC 597.944: [ParNew: 92144K->10240K(92160K), 0.1514820 secs] 3661409K->3607554K(4184064K), 0.1654140 secs] [Times: user=0.44 sys=0.01, real=0.18 secs] 
2013-10-02T01:31:55.525+0000: 598.571: [GC 598.578: [ParNew: 92160K->10240K(92160K), 0.1401260 secs] 3689474K->3633426K(4184064K), 0.1542220 secs] [Times: user=0.35 sys=0.01, real=0.16 secs] 
2013-10-02T01:31:56.407+0000: 599.452: [GC 599.460: [ParNew: 92160K->10240K(92160K), 0.1145340 secs] 3715346K->3662178K(4184064K), 0.1285340 secs] [Times: user=0.37 sys=0.00, real=0.14 secs] 
2013-10-02T01:31:56.952+0000: 599.997: [GC 600.004: [ParNew: 92155K->10240K(92160K), 0.1338100 secs] 3744093K->3688714K(4184064K), 0.1478400 secs] [Times: user=0.42 sys=0.00, real=0.16 secs] 
2013-10-02T01:31:57.730+0000: 600.776: [GC 600.783: [ParNew: 92160K->10240K(92160K), 0.1247260 secs] 3770634K->3714513K(4184064K), 0.1387730 secs] [Times: user=0.32 sys=0.01, real=0.15 secs] 
2013-10-02T01:31:58.343+0000: 601.389: [GC 601.397: [ParNew: 92150K->10240K(92160K), 0.1335750 secs] 3796424K->3741748K(4184064K), 0.1475670 secs] [Times: user=0.36 sys=0.01, real=0.15 secs] 
2013-10-02T01:31:58.577+0000: 601.612: [CMS-concurrent-mark: 5.501/7.515 secs] [Times: user=12.47 sys=1.14, real=7.53 secs] 
2013-10-02T01:31:58.598+0000: 601.633: [CMS-concurrent-preclean-start]
2013-10-02T01:31:58.998+0000: 602.043: [GC 602.051: [ParNew: 92160K->10240K(92160K), 0.1336140 secs] 3823668K->3767791K(4184064K), 0.1473890 secs] [Times: user=0.36 sys=0.02, real=0.16 secs] 
2013-10-02T01:31:59.794+0000: 602.839: [GC 602.847: [ParNew: 92160K->10240K(92160K), 0.1113060 secs] 3849711K->3795907K(4184064K), 0.1252590 secs] [Times: user=0.34 sys=0.02, real=0.14 secs] 
2013-10-02T01:32:00.401+0000: 603.447: [GC 603.454: [ParNew: 92158K->10240K(92160K), 0.1289240 secs] 3877825K->3822063K(4184064K), 0.1427560 secs] [Times: user=0.33 sys=0.01, real=0.15 secs] 
2013-10-02T01:32:01.196+0000: 604.242: [GC 604.249: [ParNew: 92160K->10240K(92160K), 0.0971920 secs] 3903983K->3849656K(4184064K), 0.1110620 secs] [Times: user=0.33 sys=0.03, real=0.12 secs] 
2013-10-02T01:32:01.822+0000: 604.867: [GC 604.875: [ParNew: 92160K->10240K(92160K), 0.1145090 secs] 3931576K->3875553K(4184064K), 0.1283320 secs] [Times: user=0.32 sys=0.02, real=0.14 secs] 
2013-10-02T01:32:02.477+0000: 605.512: [CMS-concurrent-preclean: 2.354/3.880 secs] [Times: user=5.38 sys=1.42, real=3.89 secs] 
2013-10-02T01:32:02.505+0000: 605.540: [CMS-concurrent-abortable-preclean-start]
2013-10-02T01:32:02.599+0000: 605.635: [CMS-concurrent-abortable-preclean: 0.087/0.094 secs] [Times: user=0.10 sys=0.03, real=0.11 secs] 
2013-10-02T01:32:02.619+0000: 605.664: [GC[YG occupancy: 90785 K (92160 K)]605.667: [Rescan (parallel) , 0.0458230 secs]605.713: [weak refs processing, 0.0237630 secs]605.737: [class unloading, 0.0024910 secs]605.740: [scrub symbol table, 0.0016630 secs]605.741: [scrub string table, 0.0003700 secs] [1 CMS-remark: 3865313K(4091904K)] 3956099K(4184064K), 0.0801150 secs] [Times: user=0.21 sys=0.01, real=0.09 secs] 
2013-10-02T01:32:02.735+0000: 605.771: [CMS-concurrent-sweep-start]
2013-10-02T01:32:02.745+0000: 605.790: [GC 605.798: [ParNew: 92160K->10240K(92160K), 0.1382420 secs] 3957271K->3902254K(4184064K), 0.1522850 secs] [Times: user=0.35 sys=0.01, real=0.16 secs] 
2013-10-02T01:32:03.273+0000: 606.318: [GC 606.326: [ParNew: 92160K->10240K(92160K), 0.1490800 secs] 3975597K->3920081K(4184064K), 0.1628210 secs] [Times: user=0.35 sys=0.01, real=0.18 secs] 
2013-10-02T01:32:04.008+0000: 607.053: [GC 607.060: [ParNew: 92160K->10240K(92160K), 0.1620840 secs] 3972530K->3916958K(4184064K), 0.1757820 secs] [Times: user=0.35 sys=0.02, real=0.18 secs] 
2013-10-02T01:32:04.766+0000: 607.811: [GC 607.819: [ParNew: 92152K->10240K(92160K), 0.1476030 secs] 3725406K->3671970K(4184064K), 0.1613820 secs] [Times: user=0.38 sys=0.02, real=0.17 secs] 
2013-10-02T01:32:05.243+0000: 608.278: [CMS-concurrent-sweep: 1.713/2.507 secs] [Times: user=4.11 sys=0.42, real=2.52 secs] 
2013-10-02T01:32:05.264+0000: 608.300: [CMS-concurrent-reset-start]
2013-10-02T01:32:05.275+0000: 608.310: [CMS-concurrent-reset: 0.010/0.010 secs] [Times: user=0.03 sys=0.00, real=0.03 secs] 
2013-10-02T01:32:05.495+0000: 608.541: [GC 608.548: [ParNew: 92160K->10240K(92160K), 0.1093650 secs] 3475855K->3419838K(4184064K), 0.1232830 secs] [Times: user=0.36 sys=0.02, real=0.13 secs] 
2013-10-02T01:32:05.654+0000: 608.699: [GC [1 CMS-initial-mark: 3409598K(4091904K)] 3420453K(4184064K), 0.0949700 secs] [Times: user=0.09 sys=0.01, real=0.11 secs] 
2013-10-02T01:32:05.787+0000: 608.822: [CMS-concurrent-mark-start]
2013-10-02T01:32:06.259+0000: 609.305: [GC 609.312: [ParNew: 92160K->10240K(92160K), 0.1126690 secs] 3501758K->3448271K(4184064K), 0.1264160 secs] [Times: user=0.35 sys=0.01, real=0.14 secs] 
2013-10-02T01:32:06.975+0000: 610.021: [GC 610.028: [ParNew: 92160K->10240K(92160K), 0.0985660 secs] 3530191K->3474791K(4184064K), 0.1123040 secs] [Times: user=0.34 sys=0.01, real=0.12 secs] 
2013-10-02T01:32:07.795+0000: 610.840: [GC 610.848: [ParNew: 92160K->10240K(92160K), 0.1446180 secs] 3556711K->3502707K(4184064K), 0.1586090 secs] [Times: user=0.37 sys=0.00, real=0.18 secs] 
2013-10-02T01:32:08.316+0000: 611.362: [GC 611.369: [ParNew: 92160K->10240K(92160K), 0.1039670 secs] 3584627K->3527087K(4184064K), 0.1177160 secs] [Times: user=0.30 sys=0.04, real=0.13 secs] 
2013-10-02T01:32:09.129+0000: 612.175: [GC 612.182: [ParNew: 92144K->10240K(92160K), 0.1246790 secs] 3608992K->3555946K(4184064K), 0.1385580 secs] [Times: user=0.37 sys=0.02, real=0.15 secs] 
2013-10-02T01:32:09.678+0000: 612.724: [GC 612.731: [ParNew: 92158K->10240K(92160K), 0.1127060 secs] 3637865K->3580676K(4184064K), 0.1266110 secs] [Times: user=0.35 sys=0.00, real=0.14 secs] 
2013-10-02T01:32:10.484+0000: 613.530: [GC 613.537: [ParNew: 92160K->10240K(92160K), 0.1596940 secs] 3662596K->3608536K(4184064K), 0.1736670 secs] [Times: user=0.35 sys=0.02, real=0.18 secs] 
2013-10-02T01:32:11.112+0000: 614.158: [GC 614.165: [ParNew: 92160K->10240K(92160K), 0.1319160 secs] 3690456K->3633999K(4184064K), 0.1456460 secs] [Times: user=0.34 sys=0.02, real=0.15 secs] 
2013-10-02T01:32:11.929+0000: 614.975: [GC 614.982: [ParNew: 92160K->10240K(92160K), 0.1241490 secs] 3715919K->3661975K(4184064K), 0.1382370 secs] [Times: user=0.36 sys=0.01, real=0.15 secs] 
2013-10-02T01:32:12.613+0000: 615.659: [GC 615.667: [ParNew: 92160K->10240K(92160K), 0.1145530 secs] 3743895K->3690324K(4184064K), 0.1286080 secs] [Times: user=0.34 sys=0.03, real=0.14 secs] 
2013-10-02T01:32:12.952+0000: 615.987: [CMS-concurrent-mark: 5.444/7.165 secs] [Times: user=11.63 sys=1.16, real=7.18 secs] 
2013-10-02T01:32:12.973+0000: 616.008: [CMS-concurrent-preclean-start]
2013-10-02T01:32:13.330+0000: 616.375: [GC 616.383: [ParNew: 92160K->10240K(92160K), 0.1798100 secs] 3772288K->3716619K(4184064K), 0.1937580 secs] [Times: user=0.36 sys=0.00, real=0.21 secs] 
2013-10-02T01:32:13.558+0000: 616.604: [GC 616.611: [ParNew: 10332K->10180K(92160K), 0.1056860 secs] 3716711K->3726787K(4184064K), 0.1193720 secs] [Times: user=0.24 sys=0.01, real=0.13 secs] 
2013-10-02T01:32:14.002+0000: 617.048: [GC 617.056: [ParNew: 92100K->10240K(92160K), 0.1307190 secs] 3808707K->3744649K(4184064K), 0.1450450 secs] [Times: user=0.32 sys=0.00, real=0.16 secs] 
2013-10-02T01:32:14.609+0000: 617.655: [GC 617.662: [ParNew: 92144K->10240K(92160K), 0.1196190 secs] 3826553K->3770439K(4184064K), 0.1336700 secs] [Times: user=0.33 sys=0.01, real=0.15 secs] 
2013-10-02T01:32:15.455+0000: 618.501: [GC 618.509: [ParNew: 92159K->10240K(92160K), 0.1164150 secs] 3852358K->3798615K(4184064K), 0.1305540 secs] [Times: user=0.35 sys=0.00, real=0.14 secs] 
2013-10-02T01:32:15.993+0000: 619.039: [GC 619.221: [ParNew: 92160K->10240K(92160K), 0.1048580 secs] 3880535K->3824346K(4184064K), 0.1197240 secs] [Times: user=0.36 sys=0.02, real=0.30 secs] 
2013-10-02T01:32:16.638+0000: 619.684: [GC 619.692: [ParNew: 92160K->10240K(92160K), 0.1124820 secs] 3906266K->3851566K(4184064K), 0.1265010 secs] [Times: user=0.33 sys=0.01, real=0.14 secs] 
2013-10-02T01:32:17.338+0000: 620.384: [GC 620.391: [ParNew: 92157K->10240K(92160K), 0.1296540 secs] 3933484K->3878443K(4184064K), 0.1436090 secs] [Times: user=0.31 sys=0.02, real=0.16 secs] 
2013-10-02T01:32:17.995+0000: 621.041: [GC 621.048: [ParNew: 92160K->10240K(92160K), 0.1335900 secs] 3960363K->3905358K(4184064K), 0.1476830 secs] [Times: user=0.34 sys=0.01, real=0.16 secs] 
2013-10-02T01:32:18.181+0000: 621.217: [CMS-concurrent-preclean: 2.667/5.209 secs] [Times: user=7.38 sys=1.91, real=5.22 secs] 
2013-10-02T01:32:18.200+0000: 621.235: [CMS-concurrent-abortable-preclean-start]
2013-10-02T01:32:18.688+0000: 621.733: [GC 621.741: [ParNew: 92157K->10240K(92160K), 0.1771700 secs] 3987275K->3932059K(4184064K), 0.1910010 secs] [Times: user=0.36 sys=0.02, real=0.20 secs] 
2013-10-02T01:32:18.913+0000: 621.948: [CMS-concurrent-abortable-preclean: 0.380/0.713 secs] [Times: user=0.96 sys=0.31, real=0.73 secs] 
2013-10-02T01:32:18.946+0000: 621.991: [GC[YG occupancy: 26964 K (92160 K)]621.995: [Rescan (parallel) , 0.0824010 secs]622.077: [weak refs processing, 0.0225610 secs]622.100: [class unloading, 0.0025240 secs]622.102: [scrub symbol table, 0.0016700 secs]622.104: [scrub string table, 0.0003680 secs] [1 CMS-remark: 3921819K(4091904K)] 3948783K(4184064K), 0.1155570 secs] [Times: user=0.33 sys=0.00, real=0.13 secs] 
2013-10-02T01:32:19.099+0000: 622.135: [CMS-concurrent-sweep-start]
2013-10-02T01:32:19.379+0000: 622.425: [GC 622.433: [ParNew: 92146K->10240K(92160K), 0.1439460 secs] 4004590K->3949725K(4184064K), 0.1579150 secs] [Times: user=0.41 sys=0.01, real=0.17 secs] 
2013-10-02T01:32:20.013+0000: 623.059: [GC 623.067: [ParNew: 92160K->10240K(92160K), 0.2186870 secs] 4018021K->3962643K(4184064K), 0.2328790 secs] [Times: user=0.32 sys=0.06, real=0.24 secs] 
2013-10-02T01:32:20.693+0000: 623.739: [GC 623.746: [ParNew: 92160K->10240K(92160K), 0.0992350 secs] 3939940K->3884713K(4184064K), 0.1129930 secs] [Times: user=0.35 sys=0.01, real=0.12 secs] 
2013-10-02T01:32:21.369+0000: 624.414: [GC 624.422: [ParNew: 92149K->10240K(92160K), 0.1732300 secs] 3579190K->3524040K(4184064K), 0.1870870 secs] [Times: user=0.35 sys=0.01, real=0.20 secs] 
2013-10-02T01:32:21.622+0000: 624.657: [CMS-concurrent-sweep: 1.690/2.522 secs] [Times: user=4.17 sys=0.50, real=2.53 secs] 
2013-10-02T01:32:21.645+0000: 624.680: [CMS-concurrent-reset-start]
2013-10-02T01:32:21.656+0000: 624.691: [CMS-concurrent-reset: 0.011/0.011 secs] [Times: user=0.03 sys=0.02, real=0.02 secs] 
2013-10-02T01:32:22.086+0000: 625.132: [GC 625.140: [ParNew: 92135K->10240K(92160K), 0.1597550 secs] 3568858K->3514293K(4184064K), 0.1736970 secs] [Times: user=0.46 sys=0.00, real=0.18 secs] 
2013-10-02T01:32:22.294+0000: 625.339: [GC [1 CMS-initial-mark: 3504053K(4091904K)] 3514789K(4184064K), 0.0912980 secs] [Times: user=0.10 sys=0.00, real=0.10 secs] 
2013-10-02T01:32:22.422+0000: 625.457: [CMS-concurrent-mark-start]
2013-10-02T01:32:22.791+0000: 625.836: [GC 625.844: [ParNew: 92160K->10240K(92160K), 0.1767230 secs] 3596213K->3541355K(4184064K), 0.1904740 secs] [Times: user=0.38 sys=0.01, real=0.21 secs] 
2013-10-02T01:32:23.495+0000: 626.540: [GC 626.548: [ParNew: 92160K->10240K(92160K), 0.1316820 secs] 3623275K->3568165K(4184064K), 0.1455070 secs] [Times: user=0.38 sys=0.02, real=0.15 secs] 
2013-10-02T01:32:24.140+0000: 627.186: [GC 627.194: [ParNew: 92160K->10240K(92160K), 0.2334030 secs] 3650085K->3594419K(4184064K), 0.2476710 secs] [Times: user=0.35 sys=0.00, real=0.26 secs] 
2013-10-02T01:32:24.803+0000: 627.849: [GC 627.857: [ParNew: 92144K->10240K(92160K), 0.2439240 secs] 3676324K->3621102K(4184064K), 0.2580640 secs] [Times: user=0.35 sys=0.01, real=0.27 secs] 
2013-10-02T01:32:25.515+0000: 628.561: [GC 628.568: [ParNew: 92160K->10240K(92160K), 0.2501330 secs] 3703022K->3648313K(4184064K), 0.2640030 secs] [Times: user=0.35 sys=0.00, real=0.27 secs] 
2013-10-02T01:32:26.405+0000: 629.450: [GC 629.979: [ParNew: 92160K->10240K(92160K), 0.1913290 secs] 3730233K->3676460K(4184064K), 0.2059090 secs] [Times: user=0.60 sys=0.01, real=0.73 secs] 
2013-10-02T01:32:27.310+0000: 630.356: [GC 630.364: [ParNew: 92160K->10240K(92160K), 0.1661140 secs] 3758380K->3703122K(4184064K), 0.1825220 secs] [Times: user=0.38 sys=0.02, real=0.20 secs] 
2013-10-02T01:32:27.819+0000: 630.864: [GC 630.872: [ParNew: 92160K->10240K(92160K), 0.1640150 secs] 3785042K->3729708K(4184064K), 0.1780720 secs] [Times: user=0.35 sys=0.01, real=0.19 secs] 
2013-10-02T01:32:28.293+0000: 631.338: [GC 631.346: [ParNew: 92159K->10240K(92160K), 0.1245280 secs] 3811628K->3755751K(4184064K), 0.1384400 secs] [Times: user=0.36 sys=0.03, real=0.14 secs] 
2013-10-02T01:32:29.284+0000: 632.329: [GC 632.337: [ParNew: 92160K->10240K(92160K), 0.1260700 secs] 3837671K->3786013K(4184064K), 0.1399890 secs] [Times: user=0.38 sys=0.02, real=0.15 secs] 
2013-10-02T01:32:29.743+0000: 632.789: [GC 632.797: [ParNew: 92159K->10240K(92160K), 0.1510420 secs] 3867933K->3809894K(4184064K), 0.1652020 secs] [Times: user=0.32 sys=0.01, real=0.17 secs] 
2013-10-02T01:32:30.618+0000: 633.664: [GC 633.672: [ParNew: 92146K->10240K(92160K), 0.1256420 secs] 3891800K->3837764K(4184064K), 0.1397510 secs] [Times: user=0.36 sys=0.00, real=0.15 secs] 
2013-10-02T01:32:31.197+0000: 634.243: [GC 634.251: [ParNew: 92160K->10240K(92160K), 0.1769580 secs] 3919684K->3864003K(4184064K), 0.1914350 secs] [Times: user=0.36 sys=0.01, real=0.20 secs] 
2013-10-02T01:32:31.777+0000: 634.823: [GC 634.831: [ParNew: 92160K->10240K(92160K), 0.1175280 secs] 3945923K->3890036K(4184064K), 0.1316550 secs] [Times: user=0.33 sys=0.01, real=0.14 secs] 
2013-10-02T01:32:32.450+0000: 635.497: [GC 635.505: [ParNew: 92133K->10240K(92160K), 0.1370150 secs] 3971929K->3916513K(4184064K), 0.1510510 secs] [Times: user=0.33 sys=0.02, real=0.17 secs] 
2013-10-02T01:32:32.757+0000: 635.793: [CMS-concurrent-mark: 6.559/10.336 secs] [Times: user=15.15 sys=1.78, real=10.35 secs] 
2013-10-02T01:32:32.777+0000: 635.812: [CMS-concurrent-preclean-start]
2013-10-02T01:32:33.177+0000: 636.223: [GC 636.231: [ParNew: 92160K->10240K(92160K), 0.1184800 secs] 3998433K->3942677K(4184064K), 0.1326240 secs] [Times: user=0.33 sys=0.00, real=0.14 secs] 
2013-10-02T01:32:33.952+0000: 636.998: [GC 637.005: [ParNew: 92160K->10240K(92160K), 0.1296410 secs] 4024597K->3970403K(4184064K), 0.1434420 secs] [Times: user=0.33 sys=0.01, real=0.15 secs] 
2013-10-02T01:32:34.657+0000: 637.702: [GC 637.709: [ParNew: 92152K->10240K(92160K), 0.1483570 secs] 4052315K->3998157K(4184064K), 0.1620320 secs] [Times: user=0.37 sys=0.04, real=0.17 secs] 
2013-10-02T01:32:35.426+0000: 638.471: [GC 638.478: [ParNew (promotion failed): 92160K->92160K(92160K), 0.1669270 secs]638.645: [CMS2013-10-02T01:32:35.763+0000: 638.799: [CMS-concurrent-preclean: 1.632/2.987 secs] [Times: user=4.06 sys=1.09, real=3.00 secs] 
 (concurrent mode failure): 4011815K->2973169K(4091904K), 10.5611690 secs] 4080077K->2973169K(4184064K), [CMS Perm : 13452K->13452K(65536K)], 10.7414450 secs] [Times: user=11.28 sys=0.08, real=10.75 secs] 
2013-10-02T01:32:46.506+0000: 649.551: [GC 649.559: [ParNew: 81920K->10240K(92160K), 0.1687470 secs] 3055089K->3032468K(4184064K), 0.1827590 secs] [Times: user=0.45 sys=0.03, real=0.19 secs] 
2013-10-02T01:32:47.039+0000: 650.084: [GC 650.092: [ParNew: 92160K->10240K(92160K), 0.1444960 secs] 3114388K->3090229K(4184064K), 0.1588980 secs] [Times: user=0.46 sys=0.01, real=0.17 secs] 
2013-10-02T01:32:47.232+0000: 650.277: [GC [1 CMS-initial-mark: 3079989K(4091904K)] 3090647K(4184064K), 0.1183460 secs] [Times: user=0.13 sys=0.00, real=0.13 secs] 
2013-10-02T01:32:47.386+0000: 650.422: [CMS-concurrent-mark-start]
2013-10-02T01:32:47.922+0000: 650.968: [GC 650.975: [ParNew: 92160K->10240K(92160K), 0.1983330 secs] 3174398K->3144045K(4184064K), 0.2125950 secs] [Times: user=0.40 sys=0.00, real=0.22 secs] 
2013-10-02T01:32:48.336+0000: 651.382: [GC 651.390: [ParNew: 92160K->10240K(92160K), 0.0996730 secs] 3225965K->3190253K(4184064K), 0.1137130 secs] [Times: user=0.32 sys=0.03, real=0.13 secs] 
2013-10-02T01:32:48.613+0000: 651.659: [GC 651.667: [ParNew: 92160K->10240K(92160K), 0.1578130 secs] 3272173K->3215208K(4184064K), 0.1719200 secs] [Times: user=0.34 sys=0.01, real=0.18 secs] 
2013-10-02T01:32:48.915+0000: 651.960: [GC 651.968: [ParNew: 92160K->10240K(92160K), 0.1040510 secs] 3297128K->3244174K(4184064K), 0.1184780 secs] [Times: user=0.32 sys=0.02, real=0.13 secs] 
2013-10-02T01:32:49.222+0000: 652.267: [GC 652.275: [ParNew: 92160K->10240K(92160K), 0.1730280 secs] 3326094K->3273768K(4184064K), 0.1868820 secs] [Times: user=0.44 sys=0.00, real=0.19 secs] 
2013-10-02T01:32:49.646+0000: 652.692: [GC 652.700: [ParNew: 92160K->10240K(92160K), 0.2062630 secs] 3355688K->3319768K(4184064K), 0.2203500 secs] [Times: user=0.38 sys=0.02, real=0.23 secs] 
2013-10-02T01:32:50.807+0000: 653.852: [GC 653.860: [ParNew: 92160K->10240K(92160K), 0.1240970 secs] 3401688K->3346405K(4184064K), 0.1380160 secs] [Times: user=0.34 sys=0.02, real=0.15 secs] 
2013-10-02T01:32:51.130+0000: 654.175: [GC 654.183: [ParNew: 92160K->10240K(92160K), 0.1272160 secs] 3428325K->3382314K(4184064K), 0.1412350 secs] [Times: user=0.33 sys=0.01, real=0.16 secs] 
2013-10-02T01:32:51.562+0000: 654.608: [GC 654.616: [ParNew: 92160K->10240K(92160K), 0.2452320 secs] 3464234K->3430840K(4184064K), 0.2599980 secs] [Times: user=0.52 sys=0.01, real=0.27 secs] 
2013-10-02T01:32:51.993+0000: 655.039: [GC 655.046: [ParNew: 92160K->10240K(92160K), 0.1409190 secs] 3512760K->3459662K(4184064K), 0.1550800 secs] [Times: user=0.29 sys=0.00, real=0.16 secs] 
2013-10-02T01:32:52.352+0000: 655.398: [GC 655.406: [ParNew: 92160K->10240K(92160K), 0.1814130 secs] 3541582K->3479441K(4184064K), 0.1986070 secs] [Times: user=0.39 sys=0.01, real=0.21 secs] 
2013-10-02T01:32:52.798+0000: 655.844: [GC 655.852: [ParNew: 92160K->10240K(92160K), 0.2013840 secs] 3561361K->3509648K(4184064K), 0.2156460 secs] [Times: user=0.42 sys=0.01, real=0.23 secs] 
2013-10-02T01:32:53.280+0000: 656.326: [GC 656.333: [ParNew: 92160K->10240K(92160K), 0.1431900 secs] 3591568K->3542129K(4184064K), 0.1577850 secs] [Times: user=0.33 sys=0.01, real=0.16 secs] 
2013-10-02T01:32:53.622+0000: 656.668: [GC 656.676: [ParNew: 92160K->10240K(92160K), 0.1172820 secs] 3624049K->3568231K(4184064K), 0.1314150 secs] [Times: user=0.29 sys=0.02, real=0.14 secs] 
2013-10-02T01:32:53.975+0000: 657.020: [GC 657.028: [ParNew: 92160K->10240K(92160K), 0.0857020 secs] 3650151K->3596100K(4184064K), 0.0997150 secs] [Times: user=0.30 sys=0.02, real=0.11 secs] 
2013-10-02T01:32:54.305+0000: 657.351: [GC 657.359: [ParNew: 92160K->10240K(92160K), 0.1176570 secs] 3678020K->3616088K(4184064K), 0.1318640 secs] [Times: user=0.34 sys=0.01, real=0.14 secs] 
2013-10-02T01:32:54.713+0000: 657.759: [GC 657.766: [ParNew: 92160K->10240K(92160K), 0.2024160 secs] 3698008K->3648091K(4184064K), 0.2165860 secs] [Times: user=0.43 sys=0.00, real=0.23 secs] 
2013-10-02T01:32:55.137+0000: 658.183: [GC 658.190: [ParNew: 92160K->10240K(92160K), 0.1639000 secs] 3730011K->3674505K(4184064K), 0.1779420 secs] [Times: user=0.31 sys=0.01, real=0.19 secs] 
2013-10-02T01:32:55.500+0000: 658.546: [GC 658.553: [ParNew: 92160K->10240K(92160K), 0.1646570 secs] 3756425K->3698959K(4184064K), 0.1785400 secs] [Times: user=0.35 sys=0.03, real=0.18 secs] 
2013-10-02T01:32:55.888+0000: 658.934: [GC 658.942: [ParNew: 92160K->10240K(92160K), 0.1790620 secs] 3780879K->3718241K(4184064K), 0.1930840 secs] [Times: user=0.38 sys=0.01, real=0.21 secs] 
2013-10-02T01:32:56.246+0000: 659.292: [GC 659.300: [ParNew: 92160K->10240K(92160K), 0.1583140 secs] 3800161K->3744679K(4184064K), 0.1723500 secs] [Times: user=0.32 sys=0.00, real=0.18 secs] 
2013-10-02T01:32:56.599+0000: 659.645: [GC 659.653: [ParNew: 92160K->10240K(92160K), 0.1643560 secs] 3826599K->3767268K(4184064K), 0.1791410 secs] [Times: user=0.34 sys=0.01, real=0.18 secs] 
2013-10-02T01:32:56.978+0000: 660.023: [GC 660.031: [ParNew: 92160K->10240K(92160K), 0.1518780 secs] 3849188K->3787282K(4184064K), 0.1659920 secs] [Times: user=0.37 sys=0.02, real=0.18 secs] 
2013-10-02T01:32:57.404+0000: 660.450: [GC 660.462: [ParNew: 92160K->10240K(92160K), 0.1618710 secs] 3869202K->3819131K(4184064K), 0.1800360 secs] [Times: user=0.35 sys=0.01, real=0.19 secs] 
2013-10-02T01:32:57.830+0000: 660.875: [GC 660.883: [ParNew: 92160K->10240K(92160K), 0.1588470 secs] 3901051K->3848268K(4184064K), 0.1729790 secs] [Times: user=0.35 sys=0.01, real=0.19 secs] 
2013-10-02T01:32:58.204+0000: 661.249: [GC 661.257: [ParNew: 92160K->10240K(92160K), 0.1006130 secs] 3930188K->3883086K(4184064K), 0.1147840 secs] [Times: user=0.32 sys=0.02, real=0.12 secs] 
2013-10-02T01:32:58.540+0000: 661.585: [GC 661.594: [ParNew: 92160K->10240K(92160K), 0.1956380 secs] 3965006K->3910103K(4184064K), 0.2105730 secs] [Times: user=0.45 sys=0.01, real=0.22 secs] 
2013-10-02T01:32:59.219+0000: 662.265: [GC 662.274: [ParNew: 92160K->10240K(92160K), 0.3214510 secs] 3992023K->3943206K(4184064K), 0.3376370 secs] [Times: user=0.73 sys=0.01, real=0.35 secs] 
2013-10-02T01:32:59.771+0000: 662.817: [GC 662.824: [ParNew: 92160K->10240K(92160K), 0.1886430 secs] 4025126K->3969192K(4184064K), 0.2024600 secs] [Times: user=0.43 sys=0.00, real=0.21 secs] 
2013-10-02T01:33:00.136+0000: 663.182: [GC 663.190: [ParNew: 92160K->10240K(92160K), 0.1195390 secs] 4051112K->3987986K(4184064K), 0.1336200 secs] [Times: user=0.31 sys=0.00, real=0.15 secs] 
2013-10-02T01:33:00.472+0000: 663.517: [GC 663.525: [ParNew: 92160K->10240K(92160K), 0.1292580 secs] 4069906K->4007119K(4184064K), 0.1434270 secs] [Times: user=0.30 sys=0.01, real=0.15 secs] 
2013-10-02T01:33:00.856+0000: 663.902: [GC 663.910: [ParNew: 92160K->10240K(92160K), 0.1431780 secs] 4089039K->4032718K(4184064K), 0.1573300 secs] [Times: user=0.31 sys=0.01, real=0.17 secs] 
2013-10-02T01:33:01.593+0000: 664.640: [GC 664.648: [ParNew: 92160K->10240K(92160K), 0.1394280 secs] 4114638K->4062436K(4184064K), 0.1545680 secs] [Times: user=0.34 sys=0.01, real=0.17 secs] 
2013-10-02T01:33:02.120+0000: 665.166: [GC 665.174: [ParNew: 92160K->10240K(92160K), 0.1439980 secs] 4144356K->4087540K(4184064K), 0.1581830 secs] [Times: user=0.34 sys=0.02, real=0.16 secs] 
2013-10-02T01:33:02.802+0000: 665.848: [GC 665.855: [ParNew: 92160K->92160K(92160K), 0.0000400 secs]665.855: [CMS2013-10-02T01:33:05.336+0000: 668.372: [CMS-concurrent-mark: 9.729/17.949 secs] [Times: user=30.50 sys=5.01, real=17.96 secs] 
 (concurrent mode failure): 4077300K->2874292K(4091904K), 12.3890790 secs] 4169460K->2874292K(4184064K), [CMS Perm : 13496K->13470K(65536K)], 12.4029830 secs] [Times: user=12.69 sys=0.01, real=12.41 secs] 
2013-10-02T01:33:15.378+0000: 678.423: [GC 678.431: [ParNew: 81920K->10240K(92160K), 0.0996990 secs] 2956212K->2904575K(4184064K), 0.1135830 secs] [Times: user=0.30 sys=0.00, real=0.13 secs] 
2013-10-02T01:33:15.643+0000: 678.689: [GC 678.697: [ParNew: 92160K->10240K(92160K), 0.1277720 secs] 2986495K->2932168K(4184064K), 0.1420050 secs] [Times: user=0.33 sys=0.00, real=0.15 secs] 
2013-10-02T01:33:15.945+0000: 678.990: [GC 678.998: [ParNew: 92160K->10240K(92160K), 0.1030450 secs] 3014088K->2958957K(4184064K), 0.1168820 secs] [Times: user=0.36 sys=0.01, real=0.13 secs] 
2013-10-02T01:33:16.366+0000: 679.411: [GC 679.419: [ParNew: 92160K->10240K(92160K), 0.1283540 secs] 3040877K->2992752K(4184064K), 0.1424990 secs] [Times: user=0.33 sys=0.01, real=0.15 secs] 
2013-10-02T01:33:17.340+0000: 680.385: [GC 680.393: [ParNew: 92160K->10240K(92160K), 0.0983630 secs] 3074672K->3016683K(4184064K), 0.1121420 secs] [Times: user=0.31 sys=0.03, real=0.12 secs] 
2013-10-02T01:33:17.874+0000: 680.919: [GC 680.927: [ParNew: 92160K->10240K(92160K), 0.0787020 secs] 3098603K->3035991K(4184064K), 0.0924830 secs] [Times: user=0.27 sys=0.02, real=0.10 secs] 
2013-10-02T01:33:18.259+0000: 681.305: [GC 681.312: [ParNew: 92160K->10240K(92160K), 0.0733630 secs] 3117911K->3051360K(4184064K), 0.0869750 secs] [Times: user=0.27 sys=0.01, real=0.09 secs] 
2013-10-02T01:33:18.607+0000: 681.653: [GC 681.660: [ParNew: 92160K->10240K(92160K), 0.0778080 secs] 3133280K->3075554K(4184064K), 0.0914290 secs] [Times: user=0.27 sys=0.02, real=0.10 secs] 
2013-10-02T01:33:19.170+0000: 682.215: [GC 682.223: [ParNew: 92160K->10240K(92160K), 0.1150850 secs] 3157474K->3107407K(4184064K), 0.1290980 secs] [Times: user=0.35 sys=0.02, real=0.14 secs] 
2013-10-02T01:33:19.335+0000: 682.380: [GC [1 CMS-initial-mark: 3097167K(4091904K)] 3108608K(4184064K), 0.0935340 secs] [Times: user=0.10 sys=0.01, real=0.10 secs] 
2013-10-02T01:33:19.464+0000: 682.500: [CMS-concurrent-mark-start]
2013-10-02T01:33:19.737+0000: 682.783: [GC 682.790: [ParNew: 92133K->10240K(92160K), 0.1244760 secs] 3189301K->3132975K(4184064K), 0.1383720 secs] [Times: user=0.31 sys=0.01, real=0.15 secs] 
2013-10-02T01:33:20.606+0000: 683.652: [GC 683.659: [ParNew: 92160K->10240K(92160K), 0.0880070 secs] 3214895K->3159693K(4184064K), 0.1016500 secs] [Times: user=0.33 sys=0.00, real=0.11 secs] 
2013-10-02T01:33:21.346+0000: 684.392: [GC 684.400: [ParNew: 92160K->10240K(92160K), 0.0819650 secs] 3241613K->3175398K(4184064K), 0.0965220 secs] [Times: user=0.30 sys=0.01, real=0.11 secs] 
2013-10-02T01:33:21.648+0000: 684.694: [GC 684.701: [ParNew: 92160K->10240K(92160K), 0.1659130 secs] 3257318K->3216526K(4184064K), 0.1799610 secs] [Times: user=0.48 sys=0.03, real=0.18 secs] 
2013-10-02T01:33:22.370+0000: 685.415: [GC 685.423: [ParNew: 92160K->10240K(92160K), 0.1818820 secs] 3298446K->3252530K(4184064K), 0.1957860 secs] [Times: user=0.35 sys=0.00, real=0.20 secs] 
2013-10-02T01:33:23.484+0000: 686.530: [GC 686.538: [ParNew: 92158K->10240K(92160K), 0.1651020 secs] 3334449K->3283513K(4184064K), 0.1789720 secs] [Times: user=0.38 sys=0.01, real=0.19 secs] 
2013-10-02T01:33:23.818+0000: 686.864: [GC 686.873: [ParNew: 92160K->10240K(92160K), 0.1498050 secs] 3365433K->3299823K(4184064K), 0.1646020 secs] [Times: user=0.26 sys=0.01, real=0.18 secs] 
2013-10-02T01:33:24.314+0000: 687.360: [GC 687.367: [ParNew: 92152K->10240K(92160K), 0.1271590 secs] 3381736K->3320122K(4184064K), 0.1409100 secs] [Times: user=0.28 sys=0.00, real=0.15 secs] 
2013-10-02T01:33:24.707+0000: 687.752: [GC 687.760: [ParNew: 92160K->10240K(92160K), 0.1853830 secs] 3402042K->3354865K(4184064K), 0.1992940 secs] [Times: user=0.37 sys=0.02, real=0.20 secs] 
2013-10-02T01:33:25.399+0000: 688.444: [GC 688.456: [ParNew: 92160K->10240K(92160K), 0.1381120 secs] 3436785K->3379642K(4184064K), 0.1556530 secs] [Times: user=0.33 sys=0.02, real=0.17 secs] 
2013-10-02T01:33:25.866+0000: 688.912: [GC 688.920: [ParNew: 92160K->10240K(92160K), 0.1976110 secs] 3461562K->3422117K(4184064K), 0.2118880 secs] [Times: user=0.39 sys=0.01, real=0.23 secs] 
2013-10-02T01:33:26.535+0000: 689.581: [GC 689.588: [ParNew: 92160K->10240K(92160K), 0.1750990 secs] 3504037K->3452731K(4184064K), 0.1891730 secs] [Times: user=0.32 sys=0.02, real=0.20 secs] 
2013-10-02T01:33:26.945+0000: 689.991: [GC 689.998: [ParNew: 92160K->10240K(92160K), 0.1531470 secs] 3534651K->3478875K(4184064K), 0.1672910 secs] [Times: user=0.32 sys=0.01, real=0.18 secs] 
2013-10-02T01:33:27.679+0000: 690.725: [GC 690.733: [ParNew: 92160K->10240K(92160K), 0.1377040 secs] 3560795K->3502576K(4184064K), 0.1520110 secs] [Times: user=0.32 sys=0.02, real=0.16 secs] 
2013-10-02T01:33:28.088+0000: 691.133: [GC 691.141: [ParNew: 92160K->10240K(92160K), 0.1480410 secs] 3584496K->3528442K(4184064K), 0.1619540 secs] [Times: user=0.32 sys=0.01, real=0.17 secs] 
2013-10-02T01:33:28.529+0000: 691.575: [GC 691.583: [ParNew: 92160K->10240K(92160K), 0.1625850 secs] 3610583K->3554516K(4184064K), 0.1765670 secs] [Times: user=0.32 sys=0.01, real=0.18 secs] 
2013-10-02T01:33:28.787+0000: 691.833: [GC 691.841: [ParNew: 26027K->10240K(92160K), 0.1464320 secs] 3570303K->3564517K(4184064K), 0.1607500 secs] [Times: user=0.30 sys=0.02, real=0.16 secs] 
2013-10-02T01:33:29.341+0000: 692.386: [GC 692.395: [ParNew: 92160K->10240K(92160K), 0.2005930 secs] 3646437K->3582607K(4184064K), 0.2153570 secs] [Times: user=0.39 sys=0.01, real=0.22 secs] 
2013-10-02T01:33:29.813+0000: 692.859: [GC 692.867: [ParNew: 92160K->10240K(92160K), 0.2032540 secs] 3664527K->3620745K(4184064K), 0.2178820 secs] [Times: user=0.39 sys=0.01, real=0.23 secs] 
2013-10-02T01:33:30.202+0000: 693.248: [GC 693.256: [ParNew: 92160K->10240K(92160K), 0.1118230 secs] 3702665K->3659867K(4184064K), 0.1262610 secs] [Times: user=0.29 sys=0.02, real=0.14 secs] 
2013-10-02T01:33:30.488+0000: 693.533: [GC 693.541: [ParNew: 92160K->10240K(92160K), 0.1548440 secs] 3741787K->3687230K(4184064K), 0.1687960 secs] [Times: user=0.35 sys=0.00, real=0.18 secs] 
2013-10-02T01:33:30.859+0000: 693.905: [GC 693.912: [ParNew: 92160K->10240K(92160K), 0.1411310 secs] 3769150K->3717091K(4184064K), 0.1551150 secs] [Times: user=0.29 sys=0.00, real=0.16 secs] 
2013-10-02T01:33:31.158+0000: 694.203: [GC 694.211: [ParNew: 92160K->10240K(92160K), 0.0898900 secs] 3799011K->3738453K(4184064K), 0.1037550 secs] [Times: user=0.26 sys=0.00, real=0.12 secs] 
2013-10-02T01:33:31.433+0000: 694.478: [GC 694.486: [ParNew: 92159K->10240K(92160K), 0.1572640 secs] 3820373K->3763260K(4184064K), 0.1710870 secs] [Times: user=0.38 sys=0.02, real=0.18 secs] 
2013-10-02T01:33:31.805+0000: 694.850: [GC 694.858: [ParNew: 92160K->10240K(92160K), 0.1617090 secs] 3845180K->3791118K(4184064K), 0.1806320 secs] [Times: user=0.36 sys=0.01, real=0.19 secs] 
2013-10-02T01:33:32.261+0000: 695.306: [GC 695.314: [ParNew: 92160K->10240K(92160K), 0.2106850 secs] 3873038K->3828120K(4184064K), 0.2247600 secs] [Times: user=0.45 sys=0.01, real=0.23 secs] 
2013-10-02T01:33:32.767+0000: 695.812: [GC 695.820: [ParNew: 92160K->10240K(92160K), 0.1818460 secs] 3910040K->3848927K(4184064K), 0.1961480 secs] [Times: user=0.46 sys=0.02, real=0.21 secs] 
2013-10-02T01:33:33.205+0000: 696.251: [GC 696.259: [ParNew: 92160K->10240K(92160K), 0.1526710 secs] 3930847K->3869762K(4184064K), 0.1667130 secs] [Times: user=0.36 sys=0.00, real=0.18 secs] 
2013-10-02T01:33:33.495+0000: 696.530: [CMS-concurrent-mark: 8.137/14.031 secs] [Times: user=23.55 sys=4.05, real=14.04 secs] 
2013-10-02T01:33:33.518+0000: 696.553: [CMS-concurrent-preclean-start]
2013-10-02T01:33:33.629+0000: 696.675: [GC 696.682: [ParNew: 92159K->10240K(92160K), 0.1906150 secs] 3951682K->3898733K(4184064K), 0.2048650 secs] [Times: user=0.40 sys=0.03, real=0.21 secs] 
2013-10-02T01:33:34.006+0000: 697.051: [GC 697.059: [ParNew: 92160K->10240K(92160K), 0.1541850 secs] 3980653K->3916573K(4184064K), 0.1681880 secs] [Times: user=0.35 sys=0.02, real=0.18 secs] 
2013-10-02T01:33:34.305+0000: 697.351: [GC 697.358: [ParNew: 92159K->10240K(92160K), 0.1118730 secs] 3998493K->3932988K(4184064K), 0.1258210 secs] [Times: user=0.27 sys=0.01, real=0.14 secs] 
2013-10-02T01:33:34.602+0000: 697.648: [GC 697.655: [ParNew: 92160K->10240K(92160K), 0.1157580 secs] 4014908K->3949624K(4184064K), 0.1296840 secs] [Times: user=0.29 sys=0.01, real=0.14 secs] 
2013-10-02T01:33:34.919+0000: 697.965: [GC 697.972: [ParNew: 92160K->10240K(92160K), 0.1143270 secs] 4031544K->3966147K(4184064K), 0.1281330 secs] [Times: user=0.28 sys=0.01, real=0.13 secs] 
2013-10-02T01:33:35.174+0000: 698.220: [GC 698.227: [ParNew: 92160K->10240K(92160K), 0.1304640 secs] 4048067K->3982556K(4184064K), 0.1441420 secs] [Times: user=0.26 sys=0.01, real=0.16 secs] 
2013-10-02T01:33:36.126+0000: 699.172: [GC 699.180: [ParNew: 92160K->10240K(92160K), 0.1074400 secs] 4064476K->3999430K(4184064K), 0.1213360 secs] [Times: user=0.27 sys=0.00, real=0.13 secs] 
2013-10-02T01:33:37.501+0000: 700.537: [CMS-concurrent-preclean: 2.126/3.984 secs] [Times: user=5.33 sys=1.02, real=3.99 secs] 
2013-10-02T01:33:37.521+0000: 700.556: [CMS-concurrent-abortable-preclean-start]
 CMS: abort preclean due to time 2013-10-02T01:33:42.604+0000: 705.639: [CMS-concurrent-abortable-preclean: 1.779/5.083 secs] [Times: user=1.82 sys=0.00, real=5.09 secs] 
2013-10-02T01:33:42.623+0000: 705.669: [GC[YG occupancy: 18292 K (92160 K)]705.673: [Rescan (parallel) , 0.0406410 secs]705.713: [weak refs processing, 0.0085250 secs]705.722: [class unloading, 0.0025320 secs]705.724: [scrub symbol table, 0.0016350 secs]705.726: [scrub string table, 0.0003650 secs] [1 CMS-remark: 3989190K(4091904K)] 4007482K(4184064K), 0.0587630 secs] [Times: user=0.13 sys=0.00, real=0.07 secs] 
2013-10-02T01:33:42.718+0000: 705.753: [CMS-concurrent-sweep-start]
2013-10-02T01:33:44.088+0000: 707.123: [CMS-concurrent-sweep: 1.369/1.369 secs] [Times: user=1.41 sys=0.00, real=1.38 secs] 
2013-10-02T01:33:44.107+0000: 707.142: [CMS-concurrent-reset-start]
2013-10-02T01:33:44.117+0000: 707.152: [CMS-concurrent-reset: 0.010/0.010 secs] [Times: user=0.02 sys=0.00, real=0.02 secs] 
2013-10-02T01:33:46.137+0000: 709.182: [GC [1 CMS-initial-mark: 3619167K(4091904K)] 3710370K(4184064K), 0.1501160 secs] [Times: user=0.16 sys=0.01, real=0.16 secs] 
2013-10-02T01:33:46.323+0000: 709.358: [CMS-concurrent-mark-start]
2013-10-02T01:33:46.333+0000: 709.378: [GC 709.386: [ParNew: 92156K->10240K(92160K), 0.1594100 secs] 3711324K->3682943K(4184064K), 0.1734790 secs] [Times: user=0.46 sys=0.02, real=0.19 secs] 
2013-10-02T01:33:47.337+0000: 710.383: [GC 710.391: [ParNew: 92160K->10240K(92160K), 0.1350770 secs] 3764863K->3708366K(4184064K), 0.1494480 secs] [Times: user=0.46 sys=0.01, real=0.16 secs] 
2013-10-02T01:33:47.859+0000: 710.905: [GC 710.912: [ParNew: 92160K->10240K(92160K), 0.0932930 secs] 3790286K->3729598K(4184064K), 0.1070230 secs] [Times: user=0.28 sys=0.01, real=0.12 secs] 
2013-10-02T01:33:48.555+0000: 711.601: [GC 711.609: [ParNew: 92160K->10240K(92160K), 0.0915030 secs] 3811518K->3756514K(4184064K), 0.1052820 secs] [Times: user=0.31 sys=0.02, real=0.11 secs] 
2013-10-02T01:33:48.877+0000: 711.923: [GC 711.930: [ParNew: 92159K->10240K(92160K), 0.0859220 secs] 3838433K->3779307K(4184064K), 0.0999870 secs] [Times: user=0.29 sys=0.03, real=0.11 secs] 
2013-10-02T01:33:49.603+0000: 712.649: [GC 712.656: [ParNew: 92130K->10240K(92160K), 0.0989960 secs] 3861198K->3812079K(4184064K), 0.1128080 secs] [Times: user=0.35 sys=0.02, real=0.12 secs] 
2013-10-02T01:33:50.554+0000: 713.600: [GC 713.607: [ParNew: 92160K->10240K(92160K), 0.0982550 secs] 3893999K->3841526K(4184064K), 0.1120820 secs] [Times: user=0.32 sys=0.03, real=0.13 secs] 
2013-10-02T01:33:51.173+0000: 714.218: [GC 714.226: [ParNew: 92160K->10240K(92160K), 0.0884310 secs] 3923672K->3864245K(4184064K), 0.1021780 secs] [Times: user=0.31 sys=0.02, real=0.11 secs] 
2013-10-02T01:33:51.312+0000: 714.357: [GC 714.364: [ParNew: 11035K->10208K(92160K), 0.0896840 secs] 3865041K->3874345K(4184064K), 0.1031500 secs] [Times: user=0.29 sys=0.02, real=0.11 secs] 
2013-10-02T01:33:51.674+0000: 714.719: [GC 714.727: [ParNew: 92123K->10240K(92160K), 0.1448430 secs] 3956261K->3895876K(4184064K), 0.1588240 secs] [Times: user=0.31 sys=0.00, real=0.17 secs] 
2013-10-02T01:33:52.252+0000: 715.298: [GC 715.306: [ParNew: 92160K->10240K(92160K), 0.1812030 secs] 3977796K->3919160K(4184064K), 0.1952390 secs] [Times: user=0.32 sys=0.01, real=0.21 secs] 
2013-10-02T01:33:53.148+0000: 716.193: [GC 716.201: [ParNew: 92160K->10240K(92160K), 0.1659790 secs] 4001080K->3955256K(4184064K), 0.1803100 secs] [Times: user=0.37 sys=0.00, real=0.19 secs] 
2013-10-02T01:33:53.644+0000: 716.690: [GC 716.700: [ParNew: 92160K->10240K(92160K), 0.1380010 secs] 4037176K->3974765K(4184064K), 0.1542170 secs] [Times: user=0.30 sys=0.01, real=0.17 secs] 
2013-10-02T01:33:54.080+0000: 717.126: [GC 717.133: [ParNew: 92160K->10240K(92160K), 0.1459080 secs] 4056685K->4000514K(4184064K), 0.1596950 secs] [Times: user=0.31 sys=0.00, real=0.17 secs] 
2013-10-02T01:33:54.317+0000: 717.352: [CMS-concurrent-mark: 5.569/7.994 secs] [Times: user=13.18 sys=1.52, real=8.01 secs] 
2013-10-02T01:33:54.336+0000: 717.372: [CMS-concurrent-preclean-start]
2013-10-02T01:33:54.627+0000: 717.673: [GC 717.681: [ParNew: 92160K->10240K(92160K), 0.1387280 secs] 4082434K->4027624K(4184064K), 0.1526370 secs] [Times: user=0.31 sys=0.02, real=0.16 secs] 
2013-10-02T01:33:55.008+0000: 718.053: [GC 718.061: [ParNew: 92160K->10240K(92160K), 0.1547900 secs] 4109544K->4049537K(4184064K), 0.1689230 secs] [Times: user=0.31 sys=0.02, real=0.18 secs] 
2013-10-02T01:33:55.832+0000: 718.877: [GC 718.885: [ParNew: 92160K->10240K(92160K), 0.2076240 secs] 4131457K->4090573K(4184064K), 0.2219770 secs] [Times: user=0.38 sys=0.02, real=0.23 secs] 
2013-10-02T01:33:56.483+0000: 719.530: [GC 719.538: [ParNew: 92118K->92118K(92160K), 0.0000450 secs]719.538: [CMS2013-10-02T01:33:57.016+0000: 720.051: [CMS-concurrent-preclean: 1.442/2.680 secs] [Times: user=3.30 sys=1.11, real=2.70 secs] 
 (concurrent mode failure): 4080333K->2850794K(4091904K), 10.3804320 secs] 4172451K->2850794K(4184064K), [CMS Perm : 13482K->13469K(65536K)], 10.3951230 secs] [Times: user=10.72 sys=0.13, real=10.41 secs] 
2013-10-02T01:34:07.169+0000: 730.214: [GC 730.222: [ParNew: 81920K->10240K(92160K), 0.1429000 secs] 2932714K->2908960K(4184064K), 0.1571310 secs] [Times: user=0.39 sys=0.05, real=0.17 secs] 
2013-10-02T01:34:07.887+0000: 730.932: [GC 730.943: [ParNew: 92160K->10240K(92160K), 0.2171380 secs] 2990880K->2948502K(4184064K), 0.2345230 secs] [Times: user=0.69 sys=0.02, real=0.25 secs] 
2013-10-02T01:34:08.315+0000: 731.360: [GC 731.368: [ParNew: 92160K->10240K(92160K), 0.1038720 secs] 3030422K->2968858K(4184064K), 0.1176500 secs] [Times: user=0.40 sys=0.00, real=0.13 secs] 
2013-10-02T01:34:08.572+0000: 731.618: [GC 731.625: [ParNew: 92160K->10240K(92160K), 0.0889280 secs] 3050778K->2989530K(4184064K), 0.1026710 secs] [Times: user=0.33 sys=0.02, real=0.11 secs] 
2013-10-02T01:34:08.811+0000: 731.857: [GC 731.864: [ParNew: 92152K->10240K(92160K), 0.1017370 secs] 3071443K->3007386K(4184064K), 0.1155540 secs] [Times: user=0.34 sys=0.02, real=0.13 secs] 
2013-10-02T01:34:09.029+0000: 732.074: [GC 732.082: [ParNew: 92154K->10240K(92160K), 0.1331310 secs] 3089300K->3024032K(4184064K), 0.1469540 secs] [Times: user=0.43 sys=0.01, real=0.15 secs] 
2013-10-02T01:34:09.327+0000: 732.373: [GC 732.380: [ParNew: 92160K->10240K(92160K), 0.0891670 secs] 3105952K->3048512K(4184064K), 0.1029700 secs] [Times: user=0.32 sys=0.02, real=0.11 secs] 
2013-10-02T01:34:09.612+0000: 732.657: [GC 732.665: [ParNew: 92114K->10240K(92160K), 0.1172360 secs] 3130386K->3085229K(4184064K), 0.1312630 secs] [Times: user=0.36 sys=0.03, real=0.14 secs] 
2013-10-02T01:34:09.777+0000: 732.822: [GC [1 CMS-initial-mark: 3074989K(4091904K)] 3085297K(4184064K), 0.1274420 secs] [Times: user=0.14 sys=0.01, real=0.13 secs] 
2013-10-02T01:34:09.942+0000: 732.977: [CMS-concurrent-mark-start]
2013-10-02T01:34:10.079+0000: 733.125: [GC 733.132: [ParNew: 92160K->10240K(92160K), 0.1153180 secs] 3167149K->3111562K(4184064K), 0.1291320 secs] [Times: user=0.38 sys=0.01, real=0.14 secs] 
2013-10-02T01:34:10.415+0000: 733.460: [GC 733.468: [ParNew: 92160K->10240K(92160K), 0.1102780 secs] 3193482K->3140820K(4184064K), 0.1247780 secs] [Times: user=0.38 sys=0.02, real=0.14 secs] 
2013-10-02T01:34:10.707+0000: 733.752: [GC 733.760: [ParNew: 92160K->10240K(92160K), 0.1276340 secs] 3222740K->3164613K(4184064K), 0.1417260 secs] [Times: user=0.37 sys=0.01, real=0.16 secs] 
2013-10-02T01:34:11.010+0000: 734.055: [GC 734.063: [ParNew: 92160K->10240K(92160K), 0.0920570 secs] 3246533K->3192608K(4184064K), 0.1060450 secs] [Times: user=0.31 sys=0.02, real=0.11 secs] 
2013-10-02T01:34:11.285+0000: 734.330: [GC 734.338: [ParNew: 92160K->10240K(92160K), 0.1478520 secs] 3274528K->3218052K(4184064K), 0.1619910 secs] [Times: user=0.29 sys=0.02, real=0.18 secs] 
2013-10-02T01:34:11.625+0000: 734.671: [GC 734.678: [ParNew: 92160K->10240K(92160K), 0.1201480 secs] 3299972K->3246277K(4184064K), 0.1341840 secs] [Times: user=0.26 sys=0.02, real=0.15 secs] 
2013-10-02T01:34:12.119+0000: 735.177: [GC 735.184: [ParNew: 92160K->10240K(92160K), 0.2300590 secs] 3328197K->3272521K(4184064K), 0.2445590 secs] [Times: user=0.30 sys=0.01, real=0.26 secs] 
2013-10-02T01:34:12.720+0000: 735.765: [GC 736.032: [ParNew: 92160K->10240K(92160K), 0.2791830 secs] 3354441K->3297593K(4184064K), 0.2940490 secs] [Times: user=0.41 sys=0.03, real=0.56 secs] 
2013-10-02T01:34:13.610+0000: 736.680: [GC 736.688: [ParNew: 92160K->10240K(92160K), 0.2670180 secs] 3379513K->3322936K(4184064K), 0.2852930 secs] [Times: user=0.36 sys=0.01, real=0.32 secs] 
2013-10-02T01:34:14.389+0000: 737.448: [GC 737.456: [ParNew: 92160K->10240K(92160K), 0.2079450 secs] 3404856K->3352703K(4184064K), 0.2220580 secs] [Times: user=0.32 sys=0.01, real=0.25 secs] 
2013-10-02T01:34:14.889+0000: 737.934: [GC 737.942: [ParNew: 92160K->10240K(92160K), 0.1638730 secs] 3434631K->3378431K(4184064K), 0.1806190 secs] [Times: user=0.22 sys=0.02, real=0.19 secs] 
2013-10-02T01:34:15.224+0000: 738.270: [GC 738.278: [ParNew: 31869K->10240K(92160K), 0.1274400 secs] 3400061K->3390825K(4184064K), 0.1414750 secs] [Times: user=0.23 sys=0.02, real=0.16 secs] 
2013-10-02T01:34:15.500+0000: 738.545: [GC 738.553: [ParNew: 92160K->10240K(92160K), 0.1022020 secs] 3472745K->3412117K(4184064K), 0.1160720 secs] [Times: user=0.22 sys=0.02, real=0.12 secs] 
2013-10-02T01:34:15.851+0000: 738.896: [GC 738.904: [ParNew: 92160K->10240K(92160K), 0.1203150 secs] 3494037K->3445355K(4184064K), 0.1342960 secs] [Times: user=0.25 sys=0.02, real=0.15 secs] 
2013-10-02T01:34:16.160+0000: 739.206: [GC 739.213: [ParNew: 92160K->10240K(92160K), 0.1265520 secs] 3527275K->3469742K(4184064K), 0.1403670 secs] [Times: user=0.29 sys=0.00, real=0.15 secs] 
2013-10-02T01:34:16.810+0000: 739.855: [GC 739.863: [ParNew: 92160K->10240K(92160K), 0.2760980 secs] 3551662K->3499957K(4184064K), 0.2905910 secs] [Times: user=0.62 sys=0.01, real=0.30 secs] 
2013-10-02T01:34:17.657+0000: 740.703: [GC 740.711: [ParNew: 92160K->10240K(92160K), 0.2308260 secs] 3581877K->3531144K(4184064K), 1.1543490 secs] [Times: user=0.63 sys=0.03, real=1.16 secs] 
2013-10-02T01:34:19.052+0000: 742.097: [GC 742.105: [ParNew: 92160K->10240K(92160K), 0.1485410 secs] 3613064K->3560347K(4184064K), 0.1625950 secs] [Times: user=0.32 sys=0.03, real=0.18 secs] 
2013-10-02T01:34:19.391+0000: 742.436: [GC 742.445: [ParNew: 92160K->10240K(92160K), 0.2006860 secs] 3642267K->3583812K(4184064K), 0.2152290 secs] [Times: user=0.43 sys=0.02, real=0.23 secs] 
2013-10-02T01:34:19.759+0000: 742.804: [GC 742.812: [ParNew: 92160K->10240K(92160K), 0.1196590 secs] 3665732K->3600431K(4184064K), 0.1336840 secs] [Times: user=0.26 sys=0.02, real=0.14 secs] 
2013-10-02T01:34:20.104+0000: 743.149: [GC 743.157: [ParNew: 92160K->10240K(92160K), 0.1440440 secs] 3682351K->3626809K(4184064K), 0.1582540 secs] [Times: user=0.32 sys=0.00, real=0.16 secs] 
2013-10-02T01:34:20.864+0000: 743.910: [GC 743.918: [ParNew: 92160K->10240K(92160K), 0.1693090 secs] 3708729K->3660379K(4184064K), 0.1833140 secs] [Times: user=0.35 sys=0.01, real=0.19 secs] 
2013-10-02T01:34:21.339+0000: 744.385: [GC 744.392: [ParNew: 92160K->10240K(92160K), 0.1580570 secs] 3742299K->3681602K(4184064K), 0.1720010 secs] [Times: user=0.32 sys=0.01, real=0.18 secs] 
2013-10-02T01:34:22.008+0000: 745.054: [GC 745.062: [ParNew: 92160K->10240K(92160K), 0.1571560 secs] 3763522K->3713102K(4184064K), 0.1720190 secs] [Times: user=0.36 sys=0.00, real=0.18 secs] 
2013-10-02T01:34:22.475+0000: 745.520: [GC 745.528: [ParNew: 92147K->10240K(92160K), 0.1380550 secs] 3795009K->3734084K(4184064K), 0.1519290 secs] [Times: user=0.27 sys=0.02, real=0.17 secs] 
2013-10-02T01:34:23.118+0000: 746.164: [GC 746.172: [ParNew: 92160K->10240K(92160K), 0.2356550 secs] 3816004K->3762435K(4184064K), 0.2541020 secs] [Times: user=0.33 sys=0.02, real=0.26 secs] 
2013-10-02T01:34:23.688+0000: 746.734: [GC 746.915: [ParNew: 92160K->10240K(92160K), 0.1645280 secs] 3844355K->3785756K(4184064K), 0.1789540 secs] [Times: user=0.31 sys=0.00, real=0.36 secs] 
2013-10-02T01:34:24.357+0000: 747.402: [GC 747.410: [ParNew: 92160K->10240K(92160K), 0.1975510 secs] 3867676K->3813829K(4184064K), 0.2118920 secs] [Times: user=0.32 sys=0.02, real=0.22 secs] 
2013-10-02T01:34:24.758+0000: 747.803: [GC 747.811: [ParNew: 92160K->10240K(92160K), 0.1517140 secs] 3895749K->3836861K(4184064K), 0.1656190 secs] [Times: user=0.30 sys=0.02, real=0.17 secs] 
2013-10-02T01:34:25.433+0000: 748.478: [GC 748.486: [ParNew: 92157K->10240K(92160K), 0.2009850 secs] 3918778K->3871654K(4184064K), 0.2154080 secs] [Times: user=0.38 sys=0.01, real=0.23 secs] 
2013-10-02T01:34:26.187+0000: 749.233: [GC 749.241: [ParNew: 92160K->10240K(92160K), 0.1904290 secs] 3953574K->3900050K(4184064K), 0.2043910 secs] [Times: user=0.34 sys=0.02, real=0.21 secs] 
2013-10-02T01:34:26.735+0000: 749.780: [GC 749.788: [ParNew: 92160K->10240K(92160K), 0.1198510 secs] 3981970K->3924488K(4184064K), 0.1336770 secs] [Times: user=0.31 sys=0.02, real=0.15 secs] 
2013-10-02T01:34:27.347+0000: 750.393: [GC 750.400: [ParNew: 92160K->10240K(92160K), 0.0977910 secs] 4006408K->3940542K(4184064K), 0.1114340 secs] [Times: user=0.28 sys=0.01, real=0.12 secs] 
2013-10-02T01:34:27.718+0000: 750.753: [CMS-concurrent-mark: 9.134/17.776 secs] [Times: user=25.76 sys=4.44, real=17.79 secs] 
2013-10-02T01:34:27.739+0000: 750.775: [CMS-concurrent-preclean-start]
2013-10-02T01:34:28.149+0000: 751.195: [GC 751.202: [ParNew: 92139K->10240K(92160K), 0.0873880 secs] 4022441K->3957560K(4184064K), 0.1010570 secs] [Times: user=0.25 sys=0.01, real=0.11 secs] 
2013-10-02T01:34:28.724+0000: 751.769: [GC 751.777: [ParNew: 92158K->10240K(92160K), 0.0952610 secs] 4039479K->3975145K(4184064K), 0.1092100 secs] [Times: user=0.25 sys=0.01, real=0.12 secs] 
2013-10-02T01:34:29.321+0000: 752.356: [CMS-concurrent-preclean: 0.992/1.581 secs] [Times: user=1.75 sys=0.51, real=1.59 secs] 
2013-10-02T01:34:29.340+0000: 752.376: [CMS-concurrent-abortable-preclean-start]
2013-10-02T01:34:30.043+0000: 753.078: [CMS-concurrent-abortable-preclean: 0.494/0.703 secs] [Times: user=0.55 sys=0.02, real=0.72 secs] 
2013-10-02T01:34:30.062+0000: 753.108: [GC[YG occupancy: 55058 K (92160 K)]753.111: [Rescan (parallel) , 0.0394090 secs]753.151: [weak refs processing, 0.0110480 secs]753.162: [class unloading, 0.0025600 secs]753.164: [scrub symbol table, 0.0016480 secs]753.166: [scrub string table, 0.0003610 secs] [1 CMS-remark: 3964905K(4091904K)] 4019963K(4184064K), 0.0602000 secs] [Times: user=0.15 sys=0.00, real=0.07 secs] 
2013-10-02T01:34:30.159+0000: 753.194: [CMS-concurrent-sweep-start]
2013-10-02T01:34:31.584+0000: 754.619: [CMS-concurrent-sweep: 1.425/1.425 secs] [Times: user=1.49 sys=0.00, real=1.44 secs] 
2013-10-02T01:34:31.603+0000: 754.639: [CMS-concurrent-reset-start]
2013-10-02T01:34:31.614+0000: 754.649: [CMS-concurrent-reset: 0.010/0.010 secs] [Times: user=0.02 sys=0.00, real=0.02 secs] 
2013-10-02T01:34:33.633+0000: 756.679: [GC [1 CMS-initial-mark: 3347537K(4091904K)] 3405676K(4184064K), 0.0970580 secs] [Times: user=0.11 sys=0.00, real=0.11 secs] 
2013-10-02T01:34:33.766+0000: 756.801: [CMS-concurrent-mark-start]
2013-10-02T01:34:38.203+0000: 761.248: [GC 761.256: [ParNew: 92157K->10240K(92160K), 0.1371370 secs] 3439694K->3395182K(4184064K), 0.1510570 secs] [Times: user=0.44 sys=0.00, real=0.17 secs] 
2013-10-02T01:34:38.665+0000: 761.700: [CMS-concurrent-mark: 4.712/4.899 secs] [Times: user=5.55 sys=0.25, real=4.91 secs] 
2013-10-02T01:34:38.684+0000: 761.720: [CMS-concurrent-preclean-start]
2013-10-02T01:34:38.963+0000: 762.009: [GC 762.017: [ParNew: 92160K->10240K(92160K), 0.1346110 secs] 3477102K->3438787K(4184064K), 0.1488170 secs] [Times: user=0.42 sys=0.01, real=0.15 secs] 
2013-10-02T01:34:39.239+0000: 762.284: [GC 762.292: [ParNew: 92160K->10240K(92160K), 0.0826420 secs] 3520707K->3456433K(4184064K), 0.0965010 secs] [Times: user=0.28 sys=0.02, real=0.11 secs] 
2013-10-02T01:34:39.558+0000: 762.604: [GC 762.612: [ParNew: 92160K->10240K(92160K), 0.1301060 secs] 3538353K->3491006K(4184064K), 0.1441680 secs] [Times: user=0.39 sys=0.02, real=0.15 secs] 
2013-10-02T01:34:40.033+0000: 763.079: [GC 763.087: [ParNew: 92160K->10240K(92160K), 0.1127210 secs] 3572926K->3509424K(4184064K), 0.1268800 secs] [Times: user=0.37 sys=0.01, real=0.14 secs] 
2013-10-02T01:34:40.375+0000: 763.421: [GC 763.428: [ParNew: 92160K->10240K(92160K), 0.1438820 secs] 3591344K->3522194K(4184064K), 0.1580280 secs] [Times: user=0.40 sys=0.03, real=0.17 secs] 
2013-10-02T01:34:40.721+0000: 763.767: [GC 763.775: [ParNew: 92160K->10240K(92160K), 0.1012170 secs] 3604114K->3547335K(4184064K), 0.1158410 secs] [Times: user=0.36 sys=0.00, real=0.13 secs] 
2013-10-02T01:34:40.996+0000: 764.042: [GC 764.049: [ParNew: 92157K->10240K(92160K), 0.1301650 secs] 3629253K->3566868K(4184064K), 0.1439700 secs] [Times: user=0.31 sys=0.01, real=0.15 secs] 
2013-10-02T01:34:41.747+0000: 764.792: [GC 764.800: [ParNew: 92160K->10240K(92160K), 0.1495620 secs] 3648788K->3589787K(4184064K), 0.1641690 secs] [Times: user=0.32 sys=0.02, real=0.17 secs] 
2013-10-02T01:34:42.206+0000: 765.251: [GC 765.259: [ParNew: 92160K->10240K(92160K), 0.1366410 secs] 3671707K->3618622K(4184064K), 0.1506620 secs] [Times: user=0.31 sys=0.01, real=0.16 secs] 
2013-10-02T01:34:42.647+0000: 765.693: [GC 765.735: [ParNew: 92160K->10240K(92160K), 0.1586040 secs] 3700542K->3649843K(4184064K), 0.1732260 secs] [Times: user=0.33 sys=0.03, real=0.22 secs] 
2013-10-02T01:34:43.086+0000: 766.131: [GC 766.139: [ParNew: 92160K->10240K(92160K), 0.1305010 secs] 3731763K->3675980K(4184064K), 0.1443720 secs] [Times: user=0.29 sys=0.01, real=0.15 secs] 
2013-10-02T01:34:43.523+0000: 766.569: [GC 766.576: [ParNew: 92160K->10240K(92160K), 0.1835650 secs] 3757900K->3704105K(4184064K), 0.1976390 secs] [Times: user=0.38 sys=0.02, real=0.21 secs] 
2013-10-02T01:34:44.446+0000: 767.492: [GC 767.499: [ParNew: 92160K->10240K(92160K), 0.1329160 secs] 3786025K->3722394K(4184064K), 0.1466630 secs] [Times: user=0.30 sys=0.02, real=0.16 secs] 
2013-10-02T01:34:44.869+0000: 767.904: [CMS-concurrent-preclean: 2.885/6.184 secs] [Times: user=10.36 sys=2.40, real=6.20 secs] 
2013-10-02T01:34:44.889+0000: 767.924: [CMS-concurrent-abortable-preclean-start]
2013-10-02T01:34:45.020+0000: 768.069: [GC 768.076: [ParNew: 92126K->10240K(92160K), 0.1271380 secs] 3804281K->3738585K(4184064K), 0.1412650 secs] [Times: user=0.27 sys=0.00, real=0.15 secs] 
2013-10-02T01:34:45.541+0000: 768.576: [CMS-concurrent-abortable-preclean: 0.361/0.653 secs] [Times: user=0.77 sys=0.19, real=0.66 secs] 
2013-10-02T01:34:45.561+0000: 768.607: [GC[YG occupancy: 67113 K (92160 K)]768.610: [Rescan (parallel) , 0.0516250 secs]768.662: [weak refs processing, 0.0243140 secs]768.686: [class unloading, 0.0027920 secs]768.689: [scrub symbol table, 0.0016380 secs]768.691: [scrub string table, 0.0003630 secs] [1 CMS-remark: 3728345K(4091904K)] 3795459K(4184064K), 0.0872850 secs] [Times: user=0.19 sys=0.00, real=0.10 secs] 
2013-10-02T01:34:45.693+0000: 768.729: [CMS-concurrent-sweep-start]
2013-10-02T01:34:46.034+0000: 769.080: [GC 769.088: [ParNew: 92160K->10240K(92160K), 0.1435160 secs] 3819922K->3756195K(4184064K), 0.1578510 secs] [Times: user=0.32 sys=0.01, real=0.17 secs] 
2013-10-02T01:34:46.591+0000: 769.637: [GC 769.645: [ParNew: 92160K->10240K(92160K), 0.2197530 secs] 3837946K->3805085K(4184064K), 0.2338610 secs] [Times: user=0.46 sys=0.03, real=0.25 secs] 
2013-10-02T01:34:47.120+0000: 770.165: [GC 770.174: [ParNew: 92160K->10240K(92160K), 0.2420690 secs] 3886874K->3853367K(4184064K), 0.2564620 secs] [Times: user=0.46 sys=0.02, real=0.27 secs] 
2013-10-02T01:34:47.691+0000: 770.737: [GC 770.745: [ParNew: 92160K->10240K(92160K), 0.1579340 secs] 3935202K->3879701K(4184064K), 0.1719570 secs] [Times: user=0.36 sys=0.00, real=0.18 secs] 
2013-10-02T01:34:48.139+0000: 771.184: [GC 771.192: [ParNew: 92160K->10240K(92160K), 0.1448140 secs] 3961599K->3893419K(4184064K), 0.1590100 secs] [Times: user=0.34 sys=0.02, real=0.17 secs] 
2013-10-02T01:34:48.463+0000: 771.509: [GC 771.516: [ParNew: 92160K->10240K(92160K), 0.1544750 secs] 3975263K->3908775K(4184064K), 0.1683170 secs] [Times: user=0.34 sys=0.02, real=0.17 secs] 
2013-10-02T01:34:48.810+0000: 771.862: [GC 771.869: [ParNew: 92160K->10240K(92160K), 0.1337380 secs] 3990517K->3924559K(4184064K), 0.1478590 secs] [Times: user=0.31 sys=0.00, real=0.16 secs] 
2013-10-02T01:34:49.131+0000: 772.177: [GC 772.184: [ParNew: 92160K->10240K(92160K), 0.1328900 secs] 4005430K->3941436K(4184064K), 0.1467170 secs] [Times: user=0.28 sys=0.01, real=0.16 secs] 
2013-10-02T01:34:49.458+0000: 772.503: [GC 772.511: [ParNew: 92160K->10240K(92160K), 0.1609020 secs] 4023258K->3964859K(4184064K), 0.1760570 secs] [Times: user=0.34 sys=0.01, real=0.19 secs] 
2013-10-02T01:34:49.880+0000: 772.926: [GC 772.933: [ParNew: 92160K->10240K(92160K), 0.1470880 secs] 4045106K->3992780K(4184064K), 0.1612810 secs] [Times: user=0.34 sys=0.03, real=0.18 secs] 
2013-10-02T01:34:50.378+0000: 773.424: [GC 773.441: [ParNew: 92160K->10240K(92160K), 0.1680860 secs] 4042168K->3990827K(4184064K), 0.1917680 secs] [Times: user=0.37 sys=0.02, real=0.20 secs] 
2013-10-02T01:34:50.918+0000: 773.964: [GC 773.971: [ParNew: 92149K->10240K(92160K), 0.0973760 secs] 3866303K->3813123K(4184064K), 0.1111330 secs] [Times: user=0.33 sys=0.02, real=0.12 secs] 
2013-10-02T01:34:51.372+0000: 774.407: [CMS-concurrent-sweep: 3.156/5.679 secs] [Times: user=9.61 sys=1.88, real=5.71 secs] 
2013-10-02T01:34:51.421+0000: 774.457: [CMS-concurrent-reset-start]
2013-10-02T01:34:51.435+0000: 774.481: [GC 774.489: [ParNew: 92160K->10240K(92160K), 0.1167130 secs] 3531016K->3475537K(4184064K), 0.1308130 secs] [Times: user=0.32 sys=0.02, real=0.14 secs] 
2013-10-02T01:34:51.603+0000: 774.638: [CMS-concurrent-reset: 0.014/0.181 secs] [Times: user=0.38 sys=0.06, real=0.20 secs] 
2013-10-02T01:34:51.993+0000: 775.038: [GC 775.046: [ParNew: 92160K->10240K(92160K), 0.0959110 secs] 3557457K->3501935K(4184064K), 0.1096960 secs] [Times: user=0.32 sys=0.03, real=0.12 secs] 
2013-10-02T01:34:52.138+0000: 775.184: [GC [1 CMS-initial-mark: 3491695K(4091904K)] 3503904K(4184064K), 0.0943480 secs] [Times: user=0.09 sys=0.01, real=0.10 secs] 
2013-10-02T01:34:52.271+0000: 775.306: [CMS-concurrent-mark-start]
2013-10-02T01:34:52.643+0000: 775.688: [GC 775.696: [ParNew: 92160K->10240K(92160K), 0.1234640 secs] 3583855K->3526672K(4184064K), 0.1372290 secs] [Times: user=0.32 sys=0.02, real=0.14 secs] 
2013-10-02T01:34:52.979+0000: 776.030: [GC 776.037: [ParNew: 92160K->10240K(92160K), 0.1372650 secs] 3608592K->3551753K(4184064K), 0.1514350 secs] [Times: user=0.31 sys=0.00, real=0.17 secs] 
2013-10-02T01:34:53.612+0000: 776.658: [GC 776.666: [ParNew: 92160K->10240K(92160K), 0.1167620 secs] 3633673K->3578130K(4184064K), 0.1307120 secs] [Times: user=0.33 sys=0.03, real=0.14 secs] 
2013-10-02T01:34:54.171+0000: 777.216: [GC 777.225: [ParNew: 92099K->10240K(92160K), 0.1330410 secs] 3659990K->3600554K(4184064K), 0.1477600 secs] [Times: user=0.33 sys=0.01, real=0.16 secs] 
2013-10-02T01:34:54.762+0000: 777.808: [GC 777.816: [ParNew: 92160K->10240K(92160K), 0.1339630 secs] 3682474K->3632080K(4184064K), 0.1478740 secs] [Times: user=0.45 sys=0.03, real=0.16 secs] 
2013-10-02T01:34:55.240+0000: 778.286: [GC 778.293: [ParNew: 92160K->10240K(92160K), 0.1767130 secs] 3714000K->3659721K(4184064K), 0.1906090 secs] [Times: user=0.33 sys=0.01, real=0.20 secs] 
2013-10-02T01:34:56.104+0000: 779.150: [GC 779.157: [ParNew: 92160K->10240K(92160K), 0.1254070 secs] 3741641K->3688188K(4184064K), 0.1393690 secs] [Times: user=0.40 sys=0.03, real=0.15 secs] 
2013-10-02T01:34:56.618+0000: 779.664: [GC 779.672: [ParNew: 92160K->10240K(92160K), 0.1703470 secs] 3770108K->3715015K(4184064K), 0.1844880 secs] [Times: user=0.33 sys=0.03, real=0.20 secs] 
2013-10-02T01:34:57.054+0000: 780.099: [GC 780.107: [ParNew: 92160K->10240K(92160K), 0.0857290 secs] 3796935K->3736911K(4184064K), 0.0994620 secs] [Times: user=0.30 sys=0.01, real=0.11 secs] 
2013-10-02T01:34:57.739+0000: 780.785: [GC 780.792: [ParNew: 92160K->10240K(92160K), 0.1253540 secs] 3818831K->3760157K(4184064K), 0.1390870 secs] [Times: user=0.32 sys=0.01, real=0.15 secs] 
2013-10-02T01:34:58.486+0000: 781.531: [GC 781.539: [ParNew: 92160K->10240K(92160K), 0.1230870 secs] 3842077K->3784993K(4184064K), 0.1370690 secs] [Times: user=0.31 sys=0.01, real=0.15 secs] 
2013-10-02T01:34:59.244+0000: 782.290: [GC 782.297: [ParNew: 92159K->10240K(92160K), 0.1394750 secs] 3866913K->3810430K(4184064K), 0.1533390 secs] [Times: user=0.39 sys=0.02, real=0.16 secs] 
2013-10-02T01:34:59.796+0000: 782.831: [CMS-concurrent-mark: 5.314/7.525 secs] [Times: user=12.51 sys=1.25, real=7.54 secs] 
2013-10-02T01:34:59.816+0000: 782.851: [CMS-concurrent-preclean-start]
2013-10-02T01:35:00.572+0000: 783.607: [CMS-concurrent-preclean: 0.574/0.756 secs] [Times: user=0.64 sys=0.28, real=0.77 secs] 
2013-10-02T01:35:00.591+0000: 783.627: [CMS-concurrent-abortable-preclean-start]
2013-10-02T01:35:00.768+0000: 783.814: [GC 783.821: [ParNew: 92146K->10240K(92160K), 0.1023170 secs] 3892336K->3832799K(4184064K), 0.1160360 secs] [Times: user=0.33 sys=0.02, real=0.13 secs] 
2013-10-02T01:35:01.939+0000: 784.974: [CMS-concurrent-abortable-preclean: 1.008/1.348 secs] [Times: user=1.45 sys=0.18, real=1.36 secs] 
2013-10-02T01:35:01.959+0000: 785.004: [GC[YG occupancy: 52571 K (92160 K)]785.007: [Rescan (parallel) , 0.0393030 secs]785.047: [weak refs processing, 0.0233410 secs]785.070: [class unloading, 0.0026850 secs]785.073: [scrub symbol table, 0.0016670 secs]785.075: [scrub string table, 0.0003600 secs] [1 CMS-remark: 3822559K(4091904K)] 3875131K(4184064K), 0.0731540 secs] [Times: user=0.17 sys=0.00, real=0.08 secs] 
2013-10-02T01:35:02.076+0000: 785.112: [CMS-concurrent-sweep-start]
2013-10-02T01:35:03.687+0000: 786.722: [CMS-concurrent-sweep: 1.610/1.610 secs] [Times: user=1.75 sys=0.00, real=1.63 secs] 
2013-10-02T01:35:03.707+0000: 786.742: [CMS-concurrent-reset-start]
2013-10-02T01:35:03.717+0000: 786.752: [CMS-concurrent-reset: 0.010/0.010 secs] [Times: user=0.00 sys=0.01, real=0.02 secs] 
2013-10-02T01:35:04.061+0000: 787.107: [GC 787.114: [ParNew: 92142K->10240K(92160K), 0.1103000 secs] 3149944K->3086046K(4184064K), 0.1239690 secs] [Times: user=0.32 sys=0.01, real=0.14 secs] 
2013-10-02T01:35:04.219+0000: 787.264: [GC [1 CMS-initial-mark: 3075806K(4091904K)] 3086078K(4184064K), 0.0836440 secs] [Times: user=0.09 sys=0.00, real=0.10 secs] 
2013-10-02T01:35:04.338+0000: 787.373: [CMS-concurrent-mark-start]
2013-10-02T01:35:09.054+0000: 792.089: [CMS-concurrent-mark: 4.716/4.716 secs] [Times: user=5.08 sys=0.07, real=4.73 secs] 
2013-10-02T01:35:09.074+0000: 792.109: [CMS-concurrent-preclean-start]
2013-10-02T01:35:09.179+0000: 792.224: [GC 792.232: [ParNew: 92160K->10240K(92160K), 0.1294680 secs] 3167966K->3121789K(4184064K), 0.1510500 secs] [Times: user=0.35 sys=0.01, real=0.16 secs] 
2013-10-02T01:35:09.391+0000: 792.427: [CMS-concurrent-preclean: 0.112/0.318 secs] [Times: user=0.60 sys=0.10, real=0.33 secs] 
2013-10-02T01:35:09.412+0000: 792.447: [CMS-concurrent-abortable-preclean-start]
2013-10-02T01:35:09.953+0000: 792.989: [CMS-concurrent-abortable-preclean: 0.418/0.541 secs] [Times: user=0.58 sys=0.28, real=0.56 secs] 
2013-10-02T01:35:09.975+0000: 793.020: [GC[YG occupancy: 60681 K (92160 K)]793.024: [Rescan (parallel) , 0.0787370 secs]793.103: [weak refs processing, 0.0099930 secs]793.113: [class unloading, 0.0025700 secs]793.115: [scrub symbol table, 0.0016460 secs]793.117: [scrub string table, 0.0003590 secs] [1 CMS-remark: 3111549K(4091904K)] 3172230K(4184064K), 0.0986490 secs] [Times: user=0.20 sys=0.01, real=0.11 secs] 
2013-10-02T01:35:10.112+0000: 793.147: [CMS-concurrent-sweep-start]
2013-10-02T01:35:10.257+0000: 793.302: [GC 793.311: [ParNew: 92160K->10240K(92160K), 0.1811880 secs] 3203648K->3168360K(4184064K), 0.1958620 secs] [Times: user=0.43 sys=0.01, real=0.21 secs] 
2013-10-02T01:35:10.680+0000: 793.726: [GC 793.733: [ParNew: 92160K->10240K(92160K), 0.1641750 secs] 3249994K->3187910K(4184064K), 0.1780690 secs] [Times: user=0.31 sys=0.02, real=0.19 secs] 
2013-10-02T01:35:11.120+0000: 794.166: [GC 794.173: [ParNew: 92160K->10240K(92160K), 0.1784320 secs] 3269802K->3214360K(4184064K), 0.1924450 secs] [Times: user=0.39 sys=0.00, real=0.20 secs] 
2013-10-02T01:35:11.480+0000: 794.525: [GC 794.533: [ParNew: 92160K->10240K(92160K), 0.1561570 secs] 3296168K->3237369K(4184064K), 0.1793630 secs] [Times: user=0.30 sys=0.01, real=0.19 secs] 
2013-10-02T01:35:11.816+0000: 794.861: [GC 794.868: [ParNew: 92160K->10240K(92160K), 0.1158570 secs] 3319192K->3254824K(4184064K), 0.1296920 secs] [Times: user=0.28 sys=0.00, real=0.14 secs] 
2013-10-02T01:35:12.216+0000: 795.261: [GC 795.269: [ParNew: 92160K->10240K(92160K), 0.1439590 secs] 3336333K->3282217K(4184064K), 0.1577850 secs] [Times: user=0.31 sys=0.01, real=0.17 secs] 
2013-10-02T01:35:12.917+0000: 795.963: [GC 795.971: [ParNew: 92128K->10240K(92160K), 0.1018210 secs] 3353431K->3297585K(4184064K), 0.1160370 secs] [Times: user=0.33 sys=0.01, real=0.13 secs] 
2013-10-02T01:35:13.388+0000: 796.433: [GC 796.441: [ParNew: 92160K->10240K(92160K), 0.1043570 secs] 3341835K->3280026K(4184064K), 0.1181610 secs] [Times: user=0.36 sys=0.01, real=0.13 secs] 
2013-10-02T01:35:13.792+0000: 796.837: [GC 796.845: [ParNew: 92160K->10240K(92160K), 0.1827190 secs] 3321086K->3273844K(4184064K), 0.1967980 secs] [Times: user=0.35 sys=0.02, real=0.20 secs] 
2013-10-02T01:35:14.201+0000: 797.246: [GC 797.254: [ParNew: 92160K->10240K(92160K), 0.1138140 secs] 3340367K->3283436K(4184064K), 0.1276570 secs] [Times: user=0.30 sys=0.02, real=0.14 secs] 
2013-10-02T01:35:14.584+0000: 797.620: [CMS-concurrent-sweep: 2.516/4.473 secs] [Times: user=7.87 sys=1.24, real=4.49 secs] 
2013-10-02T01:35:14.605+0000: 797.640: [CMS-concurrent-reset-start]
2013-10-02T01:35:14.615+0000: 797.650: [CMS-concurrent-reset: 0.011/0.011 secs] [Times: user=0.02 sys=0.01, real=0.02 secs] 
2013-10-02T01:35:14.768+0000: 797.814: [GC 797.822: [ParNew: 92160K->10240K(92160K), 0.1471570 secs] 3211311K->3154841K(4184064K), 0.1614980 secs] [Times: user=0.33 sys=0.00, real=0.17 secs] 
2013-10-02T01:35:14.968+0000: 798.013: [GC [1 CMS-initial-mark: 3144601K(4091904K)] 3157439K(4184064K), 0.0958950 secs] [Times: user=0.10 sys=0.01, real=0.11 secs] 
2013-10-02T01:35:15.101+0000: 798.136: [CMS-concurrent-mark-start]
2013-10-02T01:35:15.598+0000: 798.643: [GC 798.651: [ParNew: 92160K->10240K(92160K), 0.1269280 secs] 3236761K->3180830K(4184064K), 0.1412040 secs] [Times: user=0.37 sys=0.03, real=0.15 secs] 
2013-10-02T01:35:16.057+0000: 799.103: [GC 799.111: [ParNew: 92160K->10240K(92160K), 0.1777320 secs] 3262750K->3201461K(4184064K), 0.1917530 secs] [Times: user=0.32 sys=0.01, real=0.20 secs] 
2013-10-02T01:35:16.951+0000: 799.997: [GC 800.005: [ParNew: 92160K->10240K(92160K), 0.1237120 secs] 3283381K->3238424K(4184064K), 0.1380520 secs] [Times: user=0.39 sys=0.02, real=0.14 secs] 
2013-10-02T01:35:17.529+0000: 800.574: [GC 800.582: [ParNew: 92160K->10240K(92160K), 0.1808430 secs] 3320344K->3273985K(4184064K), 0.2021930 secs] [Times: user=0.40 sys=0.01, real=0.21 secs] 
2013-10-02T01:35:18.033+0000: 801.079: [GC 801.087: [ParNew: 92160K->10240K(92160K), 0.1440210 secs] 3355905K->3301170K(4184064K), 0.1583040 secs] [Times: user=0.38 sys=0.00, real=0.16 secs] 
2013-10-02T01:35:18.428+0000: 801.474: [GC 801.482: [ParNew: 92160K->10240K(92160K), 0.1678620 secs] 3383090K->3331435K(4184064K), 0.1821570 secs] [Times: user=0.35 sys=0.02, real=0.19 secs] 
2013-10-02T01:35:18.868+0000: 801.913: [GC 801.921: [ParNew: 92160K->10240K(92160K), 0.1453390 secs] 3413355K->3358594K(4184064K), 0.1592170 secs] [Times: user=0.33 sys=0.03, real=0.17 secs] 
2013-10-02T01:35:19.178+0000: 802.225: [GC 802.232: [ParNew: 92160K->10240K(92160K), 0.1235850 secs] 3440514K->3381204K(4184064K), 0.1374500 secs] [Times: user=0.29 sys=0.02, real=0.15 secs] 
2013-10-02T01:35:19.458+0000: 802.503: [GC 802.511: [ParNew: 92160K->10240K(92160K), 0.0877460 secs] 3463124K->3409651K(4184064K), 0.1016070 secs] [Times: user=0.26 sys=0.02, real=0.11 secs] 
2013-10-02T01:35:19.813+0000: 802.858: [GC 802.866: [ParNew: 92156K->10240K(92160K), 0.1373810 secs] 3491567K->3434530K(4184064K), 0.1515720 secs] [Times: user=0.37 sys=0.01, real=0.16 secs] 
2013-10-02T01:35:20.209+0000: 803.255: [GC 803.263: [ParNew: 92160K->10240K(92160K), 0.1689580 secs] 3516450K->3460192K(4184064K), 0.1830080 secs] [Times: user=0.36 sys=0.02, real=0.20 secs] 
2013-10-02T01:35:20.600+0000: 803.646: [GC 803.653: [ParNew: 92160K->10240K(92160K), 0.1383830 secs] 3542112K->3480615K(4184064K), 0.1527160 secs] [Times: user=0.32 sys=0.01, real=0.17 secs] 
2013-10-02T01:35:21.044+0000: 804.089: [GC 804.097: [ParNew: 92160K->10240K(92160K), 0.1382850 secs] 3562535K->3508143K(4184064K), 0.1523700 secs] [Times: user=0.34 sys=0.01, real=0.16 secs] 
2013-10-02T01:35:21.425+0000: 804.470: [GC 804.478: [ParNew: 92160K->10240K(92160K), 0.2096930 secs] 3590063K->3536786K(4184064K), 0.2237720 secs] [Times: user=0.39 sys=0.01, real=0.23 secs] 
2013-10-02T01:35:21.869+0000: 804.915: [GC 804.922: [ParNew: 92160K->10240K(92160K), 0.1628430 secs] 3618706K->3561217K(4184064K), 0.1769110 secs] [Times: user=0.34 sys=0.01, real=0.19 secs] 
2013-10-02T01:35:22.374+0000: 805.420: [GC 805.428: [ParNew: 92160K->10240K(92160K), 0.1493070 secs] 3643137K->3585942K(4184064K), 0.1633040 secs] [Times: user=0.34 sys=0.00, real=0.17 secs] 
2013-10-02T01:35:22.917+0000: 805.963: [GC 805.970: [ParNew: 92160K->10240K(92160K), 0.1483320 secs] 3667862K->3612420K(4184064K), 0.1624880 secs] [Times: user=0.37 sys=0.02, real=0.17 secs] 
2013-10-02T01:35:23.307+0000: 806.353: [GC 806.361: [ParNew: 92160K->10240K(92160K), 0.1560520 secs] 3694340K->3637009K(4184064K), 0.1700460 secs] [Times: user=0.35 sys=0.01, real=0.18 secs] 
2013-10-02T01:35:23.797+0000: 806.842: [GC 806.850: [ParNew: 92160K->10240K(92160K), 0.1839720 secs] 3718929K->3661980K(4184064K), 0.1978900 secs] [Times: user=0.34 sys=0.01, real=0.21 secs] 
2013-10-02T01:35:24.456+0000: 807.502: [GC 807.510: [ParNew: 92160K->10240K(92160K), 0.1922180 secs] 3743900K->3693134K(4184064K), 0.2064690 secs] [Times: user=0.37 sys=0.01, real=0.22 secs] 
2013-10-02T01:35:24.967+0000: 808.013: [GC 808.020: [ParNew: 92160K->10240K(92160K), 0.1577150 secs] 3775054K->3716589K(4184064K), 0.1719870 secs] [Times: user=0.48 sys=0.03, real=0.18 secs] 
2013-10-02T01:35:25.548+0000: 808.594: [GC 808.601: [ParNew: 92160K->10240K(92160K), 0.1191500 secs] 3798509K->3745604K(4184064K), 0.1332000 secs] [Times: user=0.33 sys=0.02, real=0.15 secs] 
2013-10-02T01:35:26.265+0000: 809.301: [CMS-concurrent-mark: 6.684/11.164 secs] [Times: user=19.66 sys=2.77, real=11.18 secs] 
2013-10-02T01:35:26.286+0000: 809.321: [CMS-concurrent-preclean-start]
2013-10-02T01:35:26.289+0000: 809.335: [GC 809.342: [ParNew: 92160K->10240K(92160K), 0.1539230 secs] 3827524K->3770545K(4184064K), 0.1677790 secs] [Times: user=0.48 sys=0.02, real=0.18 secs] 
2013-10-02T01:35:26.719+0000: 809.765: [GC 809.772: [ParNew: 92160K->10240K(92160K), 0.1209430 secs] 3852465K->3797217K(4184064K), 0.1350060 secs] [Times: user=0.32 sys=0.01, real=0.14 secs] 
2013-10-02T01:35:27.240+0000: 810.286: [GC 810.293: [ParNew: 92160K->10240K(92160K), 0.1462660 secs] 3879137K->3824180K(4184064K), 0.1601740 secs] [Times: user=0.35 sys=0.01, real=0.16 secs] 
2013-10-02T01:35:27.763+0000: 810.808: [GC 810.821: [ParNew: 92130K->10240K(92160K), 0.0953550 secs] 3906070K->3848360K(4184064K), 0.1140000 secs] [Times: user=0.30 sys=0.03, real=0.12 secs] 
2013-10-02T01:35:28.529+0000: 811.575: [GC 811.583: [ParNew: 92160K->10240K(92160K), 0.1109920 secs] 3930280K->3876655K(4184064K), 0.1248360 secs] [Times: user=0.34 sys=0.03, real=0.14 secs] 
2013-10-02T01:35:29.011+0000: 812.057: [GC 812.064: [ParNew: 92160K->10240K(92160K), 0.1181180 secs] 3958575K->3902048K(4184064K), 0.1321250 secs] [Times: user=0.31 sys=0.01, real=0.14 secs] 
2013-10-02T01:35:29.945+0000: 812.991: [GC 812.998: [ParNew: 92160K->10240K(92160K), 0.1771040 secs] 3983968K->3926155K(4184064K), 0.1909630 secs] [Times: user=0.33 sys=0.00, real=0.20 secs] 
2013-10-02T01:35:30.640+0000: 813.676: [CMS-concurrent-preclean: 2.378/4.354 secs] [Times: user=6.14 sys=1.64, real=4.37 secs] 
2013-10-02T01:35:30.660+0000: 813.695: [CMS-concurrent-abortable-preclean-start]
2013-10-02T01:35:30.692+0000: 813.737: [GC 813.745: [ParNew: 92154K->10240K(92160K), 0.0865890 secs] 4008069K->3949755K(4184064K), 0.1006200 secs] [Times: user=0.31 sys=0.01, real=0.11 secs] 
2013-10-02T01:35:31.123+0000: 814.159: [CMS-concurrent-abortable-preclean: 0.253/0.464 secs] [Times: user=0.71 sys=0.18, real=0.48 secs] 
2013-10-02T01:35:31.143+0000: 814.189: [GC[YG occupancy: 69448 K (92160 K)]814.192: [Rescan (parallel) , 0.0721000 secs]814.265: [weak refs processing, 0.0155580 secs]814.280: [class unloading, 0.0026640 secs]814.283: [scrub symbol table, 0.0016840 secs]814.285: [scrub string table, 0.0003660 secs] [1 CMS-remark: 3939515K(4091904K)] 4008964K(4184064K), 0.0983380 secs] [Times: user=0.19 sys=0.01, real=0.11 secs] 
2013-10-02T01:35:31.283+0000: 814.319: [CMS-concurrent-sweep-start]
2013-10-02T01:35:31.445+0000: 814.490: [GC 814.498: [ParNew: 92153K->10240K(92160K), 0.1213440 secs] 4031348K->3972115K(4184064K), 0.1350410 secs] [Times: user=0.34 sys=0.02, real=0.14 secs] 
2013-10-02T01:35:32.715+0000: 815.760: [GC 815.768: [ParNew: 92159K->10240K(92160K), 0.1062060 secs] 3714982K->3656809K(4184064K), 0.1200630 secs] [Times: user=0.32 sys=0.02, real=0.13 secs] 
2013-10-02T01:35:33.102+0000: 816.138: [CMS-concurrent-sweep: 1.493/1.819 secs] [Times: user=2.58 sys=0.12, real=1.83 secs] 
2013-10-02T01:35:33.122+0000: 816.157: [CMS-concurrent-reset-start]
2013-10-02T01:35:33.132+0000: 816.167: [CMS-concurrent-reset: 0.010/0.010 secs] [Times: user=0.01 sys=0.01, real=0.02 secs] 
2013-10-02T01:35:35.152+0000: 818.197: [GC [1 CMS-initial-mark: 3517972K(4091904K)] 3590519K(4184064K), 0.1130100 secs] [Times: user=0.12 sys=0.01, real=0.12 secs] 
2013-10-02T01:35:35.302+0000: 818.338: [CMS-concurrent-mark-start]
2013-10-02T01:35:37.120+0000: 820.166: [GC 820.173: [ParNew: 92160K->10240K(92160K), 0.1239990 secs] 3610132K->3546404K(4184064K), 0.1378090 secs] [Times: user=0.34 sys=0.00, real=0.14 secs] 
2013-10-02T01:35:40.395+0000: 823.431: [CMS-concurrent-mark: 4.920/5.093 secs] [Times: user=5.75 sys=0.12, real=5.10 secs] 
2013-10-02T01:35:40.416+0000: 823.451: [CMS-concurrent-preclean-start]
2013-10-02T01:35:40.553+0000: 823.599: [GC 823.606: [ParNew: 92160K->10240K(92160K), 0.2213300 secs] 3628324K->3588421K(4184064K), 0.2356970 secs] [Times: user=0.39 sys=0.01, real=0.25 secs] 
2013-10-02T01:35:40.834+0000: 823.869: [CMS-concurrent-preclean: 0.117/0.418 secs] [Times: user=0.64 sys=0.10, real=0.43 secs] 
2013-10-02T01:35:40.855+0000: 823.890: [CMS-concurrent-abortable-preclean-start]
2013-10-02T01:35:41.388+0000: 824.434: [GC 824.442: [ParNew: 92160K->10240K(92160K), 0.1411420 secs] 3670341K->3622563K(4184064K), 0.1553410 secs] [Times: user=0.34 sys=0.02, real=0.17 secs] 
2013-10-02T01:35:41.600+0000: 824.636: [CMS-concurrent-abortable-preclean: 0.433/0.746 secs] [Times: user=1.03 sys=0.37, real=0.76 secs] 
2013-10-02T01:35:41.620+0000: 824.665: [GC[YG occupancy: 33761 K (92160 K)]824.669: [Rescan (parallel) , 0.1081590 secs]824.777: [weak refs processing, 0.0259950 secs]824.803: [class unloading, 0.0026520 secs]824.806: [scrub symbol table, 0.0016680 secs]824.807: [scrub string table, 0.0003540 secs] [1 CMS-remark: 3612323K(4091904K)] 3646085K(4184064K), 0.1447810 secs] [Times: user=0.36 sys=0.00, real=0.15 secs] 
2013-10-02T01:35:41.814+0000: 824.849: [CMS-concurrent-sweep-start]
2013-10-02T01:35:41.991+0000: 825.036: [GC 825.044: [ParNew: 92160K->10240K(92160K), 0.0977440 secs] 3704765K->3646737K(4184064K), 0.1118040 secs] [Times: user=0.29 sys=0.03, real=0.13 secs] 
2013-10-02T01:35:42.147+0000: 825.193: [GC 825.200: [ParNew: 13128K->10196K(92160K), 0.1149020 secs] 3649606K->3656808K(4184064K), 0.1287800 secs] [Times: user=0.30 sys=0.03, real=0.14 secs] 
2013-10-02T01:35:42.592+0000: 825.638: [GC 825.646: [ParNew: 92116K->10240K(92160K), 0.1058710 secs] 3737969K->3680717K(4184064K), 0.1201900 secs] [Times: user=0.33 sys=0.02, real=0.13 secs] 
2013-10-02T01:35:43.049+0000: 826.095: [GC 826.102: [ParNew: 92160K->10240K(92160K), 0.1715340 secs] 3761081K->3699602K(4184064K), 0.1914520 secs] [Times: user=0.32 sys=0.01, real=0.21 secs] 
2013-10-02T01:35:43.663+0000: 826.709: [GC 826.717: [ParNew: 92160K->10240K(92160K), 0.1276300 secs] 3775285K->3723891K(4184064K), 0.1414830 secs] [Times: user=0.41 sys=0.01, real=0.15 secs] 
2013-10-02T01:35:44.376+0000: 827.422: [GC 827.430: [ParNew: 92160K->10240K(92160K), 0.1545680 secs] 3578298K->3528137K(4184064K), 0.1691020 secs] [Times: user=0.33 sys=0.02, real=0.18 secs] 
2013-10-02T01:35:44.738+0000: 827.783: [GC 827.791: [ParNew: 92158K->10240K(92160K), 0.1288310 secs] 3577175K->3520114K(4184064K), 0.1428720 secs] [Times: user=0.33 sys=0.01, real=0.16 secs] 
2013-10-02T01:35:45.307+0000: 828.343: [CMS-concurrent-sweep: 2.143/3.493 secs] [Times: user=5.83 sys=1.02, real=3.51 secs] 
2013-10-02T01:35:45.328+0000: 828.363: [CMS-concurrent-reset-start]
2013-10-02T01:35:45.337+0000: 828.383: [GC 828.390: [ParNew: 92160K->10240K(92160K), 0.1329070 secs] 3203002K->3146250K(4184064K), 0.1467120 secs] [Times: user=0.35 sys=0.03, real=0.16 secs] 
2013-10-02T01:35:45.524+0000: 828.559: [CMS-concurrent-reset: 0.014/0.196 secs] [Times: user=0.41 sys=0.06, real=0.21 secs] 
2013-10-02T01:35:45.854+0000: 828.900: [GC 828.908: [ParNew: 92160K->10240K(92160K), 0.1525270 secs] 3228170K->3171133K(4184064K), 0.1671890 secs] [Times: user=0.33 sys=0.03, real=0.18 secs] 
2013-10-02T01:35:46.061+0000: 829.106: [GC [1 CMS-initial-mark: 3160893K(4091904K)] 3176226K(4184064K), 0.0970250 secs] [Times: user=0.10 sys=0.01, real=0.10 secs] 
2013-10-02T01:35:46.199+0000: 829.235: [CMS-concurrent-mark-start]
2013-10-02T01:35:46.343+0000: 829.388: [GC 829.396: [ParNew: 92160K->10240K(92160K), 0.1538070 secs] 3253053K->3196699K(4184064K), 0.1676540 secs] [Times: user=0.35 sys=0.02, real=0.18 secs] 
2013-10-02T01:35:46.698+0000: 829.744: [GC 829.752: [ParNew: 92160K->10240K(92160K), 0.2003490 secs] 3278619K->3220964K(4184064K), 0.2144310 secs] [Times: user=0.34 sys=0.02, real=0.23 secs] 
2013-10-02T01:35:47.207+0000: 830.252: [GC 830.260: [ParNew: 92160K->10240K(92160K), 0.1470120 secs] 3302884K->3246172K(4184064K), 0.1608290 secs] [Times: user=0.40 sys=0.01, real=0.17 secs] 
2013-10-02T01:35:47.893+0000: 830.939: [GC 830.947: [ParNew: 92160K->10240K(92160K), 0.1827230 secs] 3328092K->3275842K(4184064K), 0.1967350 secs] [Times: user=0.37 sys=0.00, real=0.21 secs] 
2013-10-02T01:35:48.348+0000: 831.394: [GC 831.401: [ParNew: 92160K->10240K(92160K), 0.1806330 secs] 3357762K->3308419K(4184064K), 0.1946490 secs] [Times: user=0.37 sys=0.01, real=0.21 secs] 
2013-10-02T01:35:48.967+0000: 832.013: [GC 832.021: [ParNew: 92159K->10240K(92160K), 0.1885820 secs] 3390339K->3337822K(4184064K), 0.2031170 secs] [Times: user=0.35 sys=0.02, real=0.22 secs] 
2013-10-02T01:35:49.448+0000: 832.493: [GC 832.501: [ParNew: 92132K->10240K(92160K), 0.1132130 secs] 3419714K->3360185K(4184064K), 0.1269760 secs] [Times: user=0.29 sys=0.02, real=0.14 secs] 
2013-10-02T01:35:49.827+0000: 832.873: [GC 832.880: [ParNew: 92160K->10240K(92160K), 0.1629830 secs] 3442105K->3393852K(4184064K), 0.1768550 secs] [Times: user=0.38 sys=0.02, real=0.19 secs] 
2013-10-02T01:35:50.193+0000: 833.239: [GC 833.247: [ParNew: 92160K->10240K(92160K), 0.1671550 secs] 3475772K->3417687K(4184064K), 0.1810200 secs] [Times: user=0.31 sys=0.03, real=0.19 secs] 
2013-10-02T01:35:50.640+0000: 833.685: [GC 833.693: [ParNew: 92153K->10240K(92160K), 0.1476170 secs] 3499600K->3444224K(4184064K), 0.1617320 secs] [Times: user=0.34 sys=0.02, real=0.17 secs] 
2013-10-02T01:35:51.139+0000: 834.184: [GC 834.192: [ParNew: 92156K->10240K(92160K), 0.1481740 secs] 3526140K->3470721K(4184064K), 0.1623390 secs] [Times: user=0.35 sys=0.01, real=0.18 secs] 
2013-10-02T01:35:51.677+0000: 834.722: [GC 834.730: [ParNew: 92160K->10240K(92160K), 0.1519720 secs] 3552641K->3499389K(4184064K), 0.1661020 secs] [Times: user=0.37 sys=0.02, real=0.18 secs] 
2013-10-02T01:35:52.045+0000: 835.091: [GC 835.098: [ParNew: 92160K->10240K(92160K), 0.1752580 secs] 3581309K->3526299K(4184064K), 0.1951020 secs] [Times: user=0.34 sys=0.02, real=0.20 secs] 
2013-10-02T01:35:52.465+0000: 835.510: [GC 835.518: [ParNew: 92160K->10240K(92160K), 0.1583980 secs] 3608219K->3553229K(4184064K), 0.1723660 secs] [Times: user=0.36 sys=0.00, real=0.18 secs] 
2013-10-02T01:35:52.912+0000: 835.958: [GC 835.965: [ParNew: 92152K->10240K(92160K), 0.1521660 secs] 3635142K->3579901K(4184064K), 0.1661940 secs] [Times: user=0.35 sys=0.01, real=0.17 secs] 
2013-10-02T01:35:53.326+0000: 836.372: [GC 836.379: [ParNew: 92159K->10240K(92160K), 0.2136030 secs] 3661820K->3608780K(4184064K), 0.2274970 secs] [Times: user=0.38 sys=0.02, real=0.24 secs] 
2013-10-02T01:35:53.741+0000: 836.787: [GC 836.794: [ParNew: 92160K->10240K(92160K), 0.1594210 secs] 3690700K->3634394K(4184064K), 0.1735770 secs] [Times: user=0.35 sys=0.01, real=0.18 secs] 
2013-10-02T01:35:54.085+0000: 837.131: [GC 837.138: [ParNew: 92160K->10240K(92160K), 0.1876850 secs] 3716314K->3655335K(4184064K), 0.2309170 secs] [Times: user=0.34 sys=0.01, real=0.24 secs] 
2013-10-02T01:35:54.691+0000: 837.737: [GC 837.745: [ParNew: 92159K->10240K(92160K), 0.1141950 secs] 3737255K->3681147K(4184064K), 0.1280870 secs] [Times: user=0.35 sys=0.02, real=0.14 secs] 
2013-10-02T01:35:55.222+0000: 838.269: [GC 838.276: [ParNew: 92160K->10240K(92160K), 0.1687050 secs] 3763067K->3710273K(4184064K), 0.1829950 secs] [Times: user=0.38 sys=0.02, real=0.19 secs] 
2013-10-02T01:35:55.651+0000: 838.696: [GC 838.704: [ParNew: 92160K->10240K(92160K), 0.1051010 secs] 3792193K->3734106K(4184064K), 0.1190400 secs] [Times: user=0.32 sys=0.03, real=0.13 secs] 
2013-10-02T01:35:56.190+0000: 839.235: [GC 839.243: [ParNew: 92124K->10240K(92160K), 0.1678070 secs] 3815990K->3761036K(4184064K), 0.1828650 secs] [Times: user=0.38 sys=0.01, real=0.19 secs] 
2013-10-02T01:35:56.696+0000: 839.742: [GC 839.750: [ParNew: 92160K->10240K(92160K), 0.0992210 secs] 3842956K->3787342K(4184064K), 0.1130880 secs] [Times: user=0.35 sys=0.02, real=0.13 secs] 
2013-10-02T01:35:57.193+0000: 840.238: [GC 840.246: [ParNew: 92160K->10240K(92160K), 0.1190880 secs] 3869262K->3813980K(4184064K), 0.1329110 secs] [Times: user=0.36 sys=0.01, real=0.14 secs] 
2013-10-02T01:35:57.736+0000: 840.781: [GC 840.789: [ParNew: 92160K->10240K(92160K), 0.1700270 secs] 3895900K->3841521K(4184064K), 0.1840950 secs] [Times: user=0.36 sys=0.02, real=0.20 secs] 
2013-10-02T01:35:58.298+0000: 841.333: [CMS-concurrent-mark: 6.770/12.098 secs] [Times: user=21.25 sys=3.21, real=12.11 secs] 
2013-10-02T01:35:58.318+0000: 841.353: [CMS-concurrent-preclean-start]
2013-10-02T01:35:58.428+0000: 841.473: [GC 841.481: [ParNew: 92159K->10240K(92160K), 0.1083950 secs] 3923440K->3868625K(4184064K), 0.1221790 secs] [Times: user=0.37 sys=0.01, real=0.13 secs] 
2013-10-02T01:35:58.924+0000: 841.970: [GC 841.978: [ParNew: 92160K->10240K(92160K), 0.1471300 secs] 3950545K->3894811K(4184064K), 0.1612840 secs] [Times: user=0.35 sys=0.01, real=0.17 secs] 
2013-10-02T01:35:59.456+0000: 842.506: [GC 842.513: [ParNew: 92159K->10240K(92160K), 0.1253700 secs] 3976730K->3918403K(4184064K), 0.1392540 secs] [Times: user=0.31 sys=0.01, real=0.15 secs] 
2013-10-02T01:36:00.100+0000: 843.146: [GC 843.154: [ParNew: 92125K->10240K(92160K), 0.1560030 secs] 4000288K->3940397K(4184064K), 0.1701990 secs] [Times: user=0.31 sys=0.02, real=0.18 secs] 
2013-10-02T01:36:00.725+0000: 843.770: [GC 843.778: [ParNew: 92160K->10240K(92160K), 0.1088270 secs] 4022317K->3967228K(4184064K), 0.1230010 secs] [Times: user=0.30 sys=0.00, real=0.13 secs] 
2013-10-02T01:36:01.456+0000: 844.502: [GC 844.509: [ParNew: 92145K->10240K(92160K), 0.1662560 secs] 4049134K->3994181K(4184064K), 0.1836500 secs] [Times: user=0.37 sys=0.01, real=0.20 secs] 
2013-10-02T01:36:02.016+0000: 845.051: [CMS-concurrent-preclean: 1.931/3.698 secs] [Times: user=5.21 sys=1.33, real=3.70 secs] 
2013-10-02T01:36:02.035+0000: 845.071: [CMS-concurrent-abortable-preclean-start]
2013-10-02T01:36:02.109+0000: 845.144: [CMS-concurrent-abortable-preclean: 0.070/0.074 secs] [Times: user=0.08 sys=0.01, real=0.09 secs] 
2013-10-02T01:36:02.129+0000: 845.174: [GC[YG occupancy: 58294 K (92160 K)]845.177: [Rescan (parallel) , 0.0511520 secs]845.229: [weak refs processing, 0.0164140 secs]845.245: [class unloading, 0.0026060 secs]845.248: [scrub symbol table, 0.0016290 secs]845.249: [scrub string table, 0.0003790 secs] [1 CMS-remark: 3983941K(4091904K)] 4042236K(4184064K), 0.0777630 secs] [Times: user=0.18 sys=0.00, real=0.08 secs] 
2013-10-02T01:36:02.244+0000: 845.279: [CMS-concurrent-sweep-start]
2013-10-02T01:36:02.356+0000: 845.402: [GC 845.409: [ParNew: 92160K->10240K(92160K), 0.1308650 secs] 4075777K->4020477K(4184064K), 0.1450040 secs] [Times: user=0.38 sys=0.01, real=0.16 secs] 
2013-10-02T01:36:03.308+0000: 846.354: [GC 846.361: [ParNew: 92160K->10240K(92160K), 0.1357730 secs] 4080494K->4021109K(4184064K), 0.1495870 secs] [Times: user=0.32 sys=0.02, real=0.16 secs] 
2013-10-02T01:36:04.131+0000: 847.166: [CMS-concurrent-sweep: 1.519/1.887 secs] [Times: user=2.79 sys=0.13, real=1.90 secs] 
2013-10-02T01:36:04.151+0000: 847.186: [CMS-concurrent-reset-start]
2013-10-02T01:36:04.161+0000: 847.196: [CMS-concurrent-reset: 0.010/0.010 secs] [Times: user=0.02 sys=0.00, real=0.02 secs] 
2013-10-02T01:36:04.553+0000: 847.599: [GC 847.606: [ParNew: 92132K->10240K(92160K), 0.0971850 secs] 3646142K->3587032K(4184064K), 0.1110360 secs] [Times: user=0.32 sys=0.00, real=0.12 secs] 
2013-10-02T01:36:04.700+0000: 847.746: [GC [1 CMS-initial-mark: 3576792K(4091904K)] 3588706K(4184064K), 0.0892550 secs] [Times: user=0.10 sys=0.01, real=0.10 secs] 
2013-10-02T01:36:04.827+0000: 847.862: [CMS-concurrent-mark-start]
2013-10-02T01:36:07.308+0000: 850.354: [GC 850.361: [ParNew: 92160K->10240K(92160K), 0.0966370 secs] 3668952K->3609050K(4184064K), 0.1105380 secs] [Times: user=0.33 sys=0.00, real=0.12 secs] 
2013-10-02T01:36:09.899+0000: 852.934: [CMS-concurrent-mark: 4.925/5.072 secs] [Times: user=5.74 sys=0.06, real=5.08 secs] 
2013-10-02T01:36:09.918+0000: 852.953: [CMS-concurrent-preclean-start]
2013-10-02T01:36:10.144+0000: 853.179: [CMS-concurrent-preclean: 0.176/0.226 secs] [Times: user=0.17 sys=0.08, real=0.23 secs] 
2013-10-02T01:36:10.164+0000: 853.199: [CMS-concurrent-abortable-preclean-start]
2013-10-02T01:36:11.094+0000: 854.140: [GC 854.148: [ParNew: 92159K->10240K(92160K), 0.1327470 secs] 3690970K->3641763K(4184064K), 0.1467670 secs] [Times: user=0.36 sys=0.02, real=0.16 secs] 
2013-10-02T01:36:11.884+0000: 854.920: [CMS-concurrent-abortable-preclean: 1.184/1.721 secs] [Times: user=1.92 sys=0.30, real=1.73 secs] 
2013-10-02T01:36:11.904+0000: 854.950: [GC[YG occupancy: 55784 K (92160 K)]854.953: [Rescan (parallel) , 0.0597230 secs]855.013: [weak refs processing, 0.0266530 secs]855.040: [class unloading, 0.0026100 secs]855.042: [scrub symbol table, 0.0016550 secs]855.044: [scrub string table, 0.0003610 secs] [1 CMS-remark: 3631523K(4091904K)] 3687308K(4184064K), 0.0973200 secs] [Times: user=0.18 sys=0.01, real=0.11 secs] 
2013-10-02T01:36:12.038+0000: 855.073: [CMS-concurrent-sweep-start]
2013-10-02T01:36:12.440+0000: 855.485: [GC 855.493: [ParNew: 92158K->10240K(92160K), 0.1326450 secs] 3721657K->3671648K(4184064K), 0.1465880 secs] [Times: user=0.38 sys=0.02, real=0.15 secs] 
2013-10-02T01:36:13.062+0000: 856.108: [GC 856.115: [ParNew: 92160K->10240K(92160K), 0.1457390 secs] 3746506K->3692376K(4184064K), 0.1596060 secs] [Times: user=0.32 sys=0.02, real=0.17 secs] 
2013-10-02T01:36:13.932+0000: 856.978: [GC 856.985: [ParNew: 92157K->10240K(92160K), 0.1305580 secs] 3391823K->3339627K(4184064K), 0.1445170 secs] [Times: user=0.34 sys=0.00, real=0.15 secs] 
2013-10-02T01:36:14.341+0000: 857.376: [CMS-concurrent-sweep: 1.742/2.303 secs] [Times: user=3.73 sys=0.33, real=2.31 secs] 
2013-10-02T01:36:14.361+0000: 857.397: [CMS-concurrent-reset-start]
2013-10-02T01:36:14.372+0000: 857.407: [CMS-concurrent-reset: 0.010/0.010 secs] [Times: user=0.04 sys=0.02, real=0.02 secs] 
2013-10-02T01:36:14.602+0000: 857.647: [GC 857.655: [ParNew: 92153K->10240K(92160K), 0.0980050 secs] 3157256K->3098801K(4184064K), 0.1416000 secs] [Times: user=0.32 sys=0.01, real=0.15 secs] 
2013-10-02T01:36:14.778+0000: 857.824: [GC [1 CMS-initial-mark: 3088561K(4091904K)] 3103292K(4184064K), 0.0934700 secs] [Times: user=0.10 sys=0.01, real=0.11 secs] 
2013-10-02T01:36:14.909+0000: 857.945: [CMS-concurrent-mark-start]
2013-10-02T01:36:15.088+0000: 858.134: [GC 858.141: [ParNew: 92159K->10240K(92160K), 0.2113860 secs] 3180721K->3129551K(4184064K), 0.2253770 secs] [Times: user=0.36 sys=0.01, real=0.23 secs] 
2013-10-02T01:36:15.607+0000: 858.652: [GC 858.660: [ParNew: 92160K->10240K(92160K), 0.1466810 secs] 3211471K->3156602K(4184064K), 0.1609310 secs] [Times: user=0.36 sys=0.00, real=0.17 secs] 
2013-10-02T01:36:16.202+0000: 859.248: [GC 859.256: [ParNew: 92160K->10240K(92160K), 0.1186890 secs] 3238522K->3176666K(4184064K), 0.1326400 secs] [Times: user=0.32 sys=0.00, real=0.14 secs] 
2013-10-02T01:36:16.953+0000: 859.999: [GC 860.007: [ParNew: 92160K->10240K(92160K), 0.1654280 secs] 3258586K->3212546K(4184064K), 0.1795830 secs] [Times: user=0.47 sys=0.01, real=0.19 secs] 
2013-10-02T01:36:17.420+0000: 860.466: [GC 860.474: [ParNew: 92160K->10240K(92160K), 0.1963700 secs] 3294466K->3240522K(4184064K), 0.2102740 secs] [Times: user=0.35 sys=0.03, real=0.22 secs] 
2013-10-02T01:36:17.867+0000: 860.913: [GC 860.921: [ParNew: 92160K->10240K(92160K), 0.1510300 secs] 3322442K->3264521K(4184064K), 0.1649300 secs] [Times: user=0.33 sys=0.01, real=0.17 secs] 
2013-10-02T01:36:18.478+0000: 861.523: [GC 861.531: [ParNew: 92131K->10240K(92160K), 0.1923530 secs] 3346413K->3294095K(4184064K), 0.2064200 secs] [Times: user=0.37 sys=0.01, real=0.22 secs] 
2013-10-02T01:36:19.071+0000: 862.117: [GC 862.125: [ParNew: 92119K->10240K(92160K), 0.1313060 secs] 3375975K->3322422K(4184064K), 0.1457060 secs] [Times: user=0.34 sys=0.02, real=0.16 secs] 
2013-10-02T01:36:19.700+0000: 862.746: [GC 862.753: [ParNew: 92160K->10240K(92160K), 0.1803630 secs] 3404342K->3352829K(4184064K), 0.1943270 secs] [Times: user=0.39 sys=0.00, real=0.20 secs] 
2013-10-02T01:36:20.105+0000: 863.151: [GC 863.159: [ParNew: 92160K->10240K(92160K), 0.1353430 secs] 3434749K->3380537K(4184064K), 0.1497730 secs] [Times: user=0.35 sys=0.01, real=0.16 secs] 
2013-10-02T01:36:20.430+0000: 863.476: [GC 863.483: [ParNew: 92160K->10240K(92160K), 0.1175910 secs] 3462457K->3401484K(4184064K), 0.1313750 secs] [Times: user=0.32 sys=0.01, real=0.14 secs] 
2013-10-02T01:36:20.806+0000: 863.851: [GC 863.859: [ParNew: 92160K->10240K(92160K), 0.1769090 secs] 3483404K->3429713K(4184064K), 0.1913590 secs] [Times: user=0.39 sys=0.01, real=0.21 secs] 
2013-10-02T01:36:21.327+0000: 864.372: [GC 864.380: [ParNew: 92157K->10240K(92160K), 0.1191200 secs] 3511631K->3455890K(4184064K), 0.1332190 secs] [Times: user=0.35 sys=0.01, real=0.15 secs] 
2013-10-02T01:36:21.923+0000: 864.968: [GC 864.976: [ParNew: 92160K->10240K(92160K), 0.1636560 secs] 3537810K->3485973K(4184064K), 0.1776800 secs] [Times: user=0.37 sys=0.02, real=0.19 secs] 
2013-10-02T01:36:22.299+0000: 865.344: [GC 865.352: [ParNew: 92160K->10240K(92160K), 0.1510500 secs] 3567893K->3509531K(4184064K), 0.1649480 secs] [Times: user=0.33 sys=0.02, real=0.18 secs] 
2013-10-02T01:36:22.692+0000: 865.737: [GC 865.745: [ParNew: 92160K->10240K(92160K), 0.1444230 secs] 3591451K->3531124K(4184064K), 0.1584780 secs] [Times: user=0.35 sys=0.02, real=0.17 secs] 
2013-10-02T01:36:23.099+0000: 866.145: [GC 866.153: [ParNew: 92160K->10240K(92160K), 0.1986710 secs] 3613044K->3559575K(4184064K), 0.2129610 secs] [Times: user=0.36 sys=0.01, real=0.22 secs] 
2013-10-02T01:36:23.526+0000: 866.572: [GC 866.580: [ParNew: 92160K->10240K(92160K), 0.1979240 secs] 3641495K->3584141K(4184064K), 0.2124670 secs] [Times: user=0.38 sys=0.01, real=0.23 secs] 
2013-10-02T01:36:23.974+0000: 867.025: [GC 867.033: [ParNew: 92160K->10240K(92160K), 0.1850740 secs] 3666061K->3612399K(4184064K), 0.1992440 secs] [Times: user=0.35 sys=0.01, real=0.22 secs] 
2013-10-02T01:36:24.460+0000: 867.505: [GC 867.513: [ParNew: 92160K->10240K(92160K), 0.1280910 secs] 3694319K->3642901K(4184064K), 0.1420730 secs] [Times: user=0.37 sys=0.02, real=0.15 secs] 
2013-10-02T01:36:24.946+0000: 867.992: [GC 868.000: [ParNew: 92160K->10240K(92160K), 0.1766520 secs] 3724821K->3667628K(4184064K), 0.1907710 secs] [Times: user=0.36 sys=0.02, real=0.21 secs] 
2013-10-02T01:36:25.405+0000: 868.451: [GC 868.458: [ParNew: 92153K->10240K(92160K), 0.1121190 secs] 3749541K->3690407K(4184064K), 0.1264970 secs] [Times: user=0.34 sys=0.00, real=0.14 secs] 
2013-10-02T01:36:25.856+0000: 868.901: [GC 868.909: [ParNew: 92147K->10240K(92160K), 0.1797460 secs] 3772315K->3719053K(4184064K), 0.1939000 secs] [Times: user=0.36 sys=0.01, real=0.20 secs] 
2013-10-02T01:36:26.453+0000: 869.499: [GC 869.507: [ParNew: 92160K->10240K(92160K), 0.1166220 secs] 3801389K->3744446K(4184064K), 0.1310520 secs] [Times: user=0.33 sys=0.02, real=0.14 secs] 
2013-10-02T01:36:26.801+0000: 869.836: [CMS-concurrent-mark: 6.858/11.892 secs] [Times: user=21.09 sys=2.99, real=11.91 secs] 
2013-10-02T01:36:26.821+0000: 869.856: [CMS-concurrent-preclean-start]
2013-10-02T01:36:26.914+0000: 869.960: [GC 869.967: [ParNew: 92160K->10240K(92160K), 0.1547520 secs] 3826366K->3774408K(4184064K), 0.1687370 secs] [Times: user=0.37 sys=0.02, real=0.18 secs] 
2013-10-02T01:36:27.383+0000: 870.429: [GC 870.436: [ParNew: 92159K->10240K(92160K), 0.1358230 secs] 3856328K->3800277K(4184064K), 0.1496880 secs] [Times: user=0.38 sys=0.01, real=0.16 secs] 
2013-10-02T01:36:27.855+0000: 870.901: [GC 870.908: [ParNew: 92160K->10240K(92160K), 0.1261790 secs] 3882197K->3826399K(4184064K), 0.1400210 secs] [Times: user=0.40 sys=0.03, real=0.14 secs] 
2013-10-02T01:36:28.433+0000: 871.479: [GC 871.486: [ParNew: 92156K->10240K(92160K), 0.1542270 secs] 3908315K->3854511K(4184064K), 0.1680940 secs] [Times: user=0.37 sys=0.01, real=0.18 secs] 
2013-10-02T01:36:28.911+0000: 871.956: [GC 871.964: [ParNew: 92157K->10240K(92160K), 0.1265110 secs] 3936429K->3879629K(4184064K), 0.1405480 secs] [Times: user=0.34 sys=0.01, real=0.15 secs] 
2013-10-02T01:36:29.588+0000: 872.634: [GC 872.641: [ParNew: 92160K->10240K(92160K), 0.0968530 secs] 3961549K->3906450K(4184064K), 0.1108020 secs] [Times: user=0.35 sys=0.01, real=0.12 secs] 
2013-10-02T01:36:30.076+0000: 873.121: [GC 873.128: [ParNew: 92160K->10240K(92160K), 0.0956620 secs] 3988373K->3931232K(4184064K), 0.1094020 secs] [Times: user=0.33 sys=0.02, real=0.12 secs] 
2013-10-02T01:36:30.227+0000: 873.272: [GC 873.280: [ParNew: 11303K->10172K(92160K), 0.0949920 secs] 3932295K->3941293K(4184064K), 0.1088720 secs] [Times: user=0.23 sys=0.02, real=0.11 secs] 
2013-10-02T01:36:30.645+0000: 873.691: [GC 873.699: [ParNew: 92092K->10240K(92160K), 0.1449870 secs] 4023213K->3958813K(4184064K), 0.1592860 secs] [Times: user=0.32 sys=0.01, real=0.17 secs] 
2013-10-02T01:36:31.148+0000: 874.194: [GC 874.202: [ParNew: 92159K->10240K(92160K), 0.1217860 secs] 4040733K->3984724K(4184064K), 0.1357860 secs] [Times: user=0.33 sys=0.01, real=0.14 secs] 
2013-10-02T01:36:31.801+0000: 874.847: [GC 874.855: [ParNew: 92160K->10240K(92160K), 0.1473280 secs] 4066644K->4010195K(4184064K), 0.1616460 secs] [Times: user=0.32 sys=0.01, real=0.17 secs] 
2013-10-02T01:36:32.503+0000: 875.549: [GC 875.557: [ParNew (promotion failed): 92160K->92160K(92160K), 0.1448880 secs]875.702: [CMS2013-10-02T01:36:33.105+0000: 876.141: [CMS-concurrent-preclean: 3.123/6.285 secs] [Times: user=9.38 sys=2.38, real=6.29 secs] 
 (concurrent mode failure): 4008026K->2961112K(4091904K), 10.7248930 secs] 4092115K->2961112K(4184064K), [CMS Perm : 13474K->13474K(65536K)], 10.8835980 secs] [Times: user=11.16 sys=0.15, real=10.90 secs] 
2013-10-02T01:36:43.690+0000: 886.735: [GC 886.743: [ParNew: 81920K->10240K(92160K), 0.1350770 secs] 3043032K->3014421K(4184064K), 0.1492840 secs] [Times: user=0.44 sys=0.01, real=0.16 secs] 
2013-10-02T01:36:43.995+0000: 887.041: [GC 887.048: [ParNew: 92160K->10240K(92160K), 0.1235000 secs] 3096341K->3034689K(4184064K), 0.1375260 secs] [Times: user=0.32 sys=0.00, real=0.14 secs] 
2013-10-02T01:36:44.265+0000: 887.311: [GC 887.318: [ParNew: 92160K->10240K(92160K), 0.0976970 secs] 3116609K->3053483K(4184064K), 0.1115010 secs] [Times: user=0.31 sys=0.01, real=0.12 secs] 
2013-10-02T01:36:44.515+0000: 887.560: [GC 887.568: [ParNew: 92160K->10240K(92160K), 0.1296840 secs] 3135403K->3070426K(4184064K), 0.1442660 secs] [Times: user=0.34 sys=0.00, real=0.16 secs] 
2013-10-02T01:36:44.800+0000: 887.845: [GC 887.853: [ParNew: 92160K->10240K(92160K), 0.1243720 secs] 3152346K->3088291K(4184064K), 0.1384600 secs] [Times: user=0.34 sys=0.01, real=0.15 secs] 
2013-10-02T01:36:44.975+0000: 888.020: [GC [1 CMS-initial-mark: 3078051K(4091904K)] 3089960K(4184064K), 0.0933870 secs] [Times: user=0.11 sys=0.01, real=0.11 secs] 
2013-10-02T01:36:45.104+0000: 888.140: [CMS-concurrent-mark-start]
2013-10-02T01:36:45.261+0000: 888.306: [GC 888.314: [ParNew: 92160K->10240K(92160K), 0.1257420 secs] 3170211K->3107102K(4184064K), 0.1397440 secs] [Times: user=0.37 sys=0.00, real=0.15 secs] 
2013-10-02T01:36:45.519+0000: 888.564: [GC 888.572: [ParNew: 92160K->10240K(92160K), 0.1228280 secs] 3189022K->3128641K(4184064K), 0.1367680 secs] [Times: user=0.29 sys=0.05, real=0.14 secs] 
2013-10-02T01:36:45.798+0000: 888.843: [GC 888.851: [ParNew: 92160K->10240K(92160K), 0.0937550 secs] 3210561K->3147668K(4184064K), 0.1076800 secs] [Times: user=0.28 sys=0.01, real=0.12 secs] 
2013-10-02T01:36:46.056+0000: 889.102: [GC 889.110: [ParNew: 92160K->10240K(92160K), 0.1033690 secs] 3229588K->3170026K(4184064K), 0.1174930 secs] [Times: user=0.28 sys=0.00, real=0.12 secs] 
2013-10-02T01:36:47.059+0000: 890.105: [GC 890.113: [ParNew: 92152K->10240K(92160K), 0.1501390 secs] 3251938K->3204257K(4184064K), 0.1646970 secs] [Times: user=0.35 sys=0.04, real=0.17 secs] 
2013-10-02T01:36:47.591+0000: 890.636: [GC 890.644: [ParNew: 92160K->10240K(92160K), 0.1798920 secs] 3286177K->3232334K(4184064K), 0.1939030 secs] [Times: user=0.33 sys=0.02, real=0.21 secs] 
2013-10-02T01:36:48.045+0000: 891.090: [GC 891.098: [ParNew: 92160K->10240K(92160K), 0.1640980 secs] 3314254K->3257943K(4184064K), 0.1780720 secs] [Times: user=0.35 sys=0.00, real=0.19 secs] 
2013-10-02T01:36:48.571+0000: 891.617: [GC 891.628: [ParNew: 92160K->10240K(92160K), 0.1599050 secs] 3339863K->3284085K(4184064K), 0.1766950 secs] [Times: user=0.32 sys=0.01, real=0.19 secs] 
2013-10-02T01:36:49.270+0000: 892.316: [GC 892.324: [ParNew: 92160K->10240K(92160K), 0.1715780 secs] 3366005K->3313271K(4184064K), 0.1862870 secs] [Times: user=0.33 sys=0.03, real=0.20 secs] 
2013-10-02T01:36:49.730+0000: 892.775: [GC 892.783: [ParNew: 92160K->10240K(92160K), 0.1345800 secs] 3395191K->3340345K(4184064K), 0.1487060 secs] [Times: user=0.31 sys=0.01, real=0.16 secs] 
2013-10-02T01:36:50.278+0000: 893.324: [GC 893.332: [ParNew: 92137K->10240K(92160K), 0.1384040 secs] 3422242K->3365980K(4184064K), 0.1524620 secs] [Times: user=0.32 sys=0.01, real=0.16 secs] 
2013-10-02T01:36:50.758+0000: 893.803: [GC 893.811: [ParNew: 92158K->10240K(92160K), 0.1751390 secs] 3447898K->3399174K(4184064K), 0.2003880 secs] [Times: user=0.37 sys=0.02, real=0.22 secs] 
2013-10-02T01:36:51.245+0000: 894.291: [GC 894.299: [ParNew: 92160K->10240K(92160K), 0.1294590 secs] 3481094K->3424738K(4184064K), 0.1435610 secs] [Times: user=0.32 sys=0.01, real=0.16 secs] 
2013-10-02T01:36:51.685+0000: 894.731: [GC 894.738: [ParNew: 92160K->10240K(92160K), 0.1602410 secs] 3506658K->3449451K(4184064K), 0.1741200 secs] [Times: user=0.32 sys=0.01, real=0.19 secs] 
2013-10-02T01:36:52.228+0000: 895.274: [GC 895.281: [ParNew: 92160K->10240K(92160K), 0.1641530 secs] 3531371K->3477175K(4184064K), 0.1785130 secs] [Times: user=0.34 sys=0.01, real=0.19 secs] 
2013-10-02T01:36:52.629+0000: 895.675: [GC 895.682: [ParNew: 92160K->10240K(92160K), 0.1646590 secs] 3559095K->3503946K(4184064K), 0.1786750 secs] [Times: user=0.33 sys=0.01, real=0.19 secs] 
2013-10-02T01:36:53.102+0000: 896.148: [GC 896.156: [ParNew: 92160K->10240K(92160K), 0.1904730 secs] 3585866K->3533413K(4184064K), 0.2044180 secs] [Times: user=0.33 sys=0.02, real=0.22 secs] 
2013-10-02T01:36:53.553+0000: 896.599: [GC 896.607: [ParNew: 92160K->10240K(92160K), 0.1410240 secs] 3615333K->3561093K(4184064K), 0.1554130 secs] [Times: user=0.32 sys=0.00, real=0.17 secs] 
2013-10-02T01:36:54.043+0000: 897.089: [GC 897.097: [ParNew: 92160K->10240K(92160K), 0.2553880 secs] 3643013K->3588387K(4184064K), 0.2696000 secs] [Times: user=0.38 sys=0.02, real=0.28 secs] 
2013-10-02T01:36:54.510+0000: 897.556: [GC 897.564: [ParNew: 92160K->10240K(92160K), 0.1697460 secs] 3670307K->3609381K(4184064K), 0.1839360 secs] [Times: user=0.35 sys=0.02, real=0.19 secs] 
2013-10-02T01:36:54.923+0000: 897.969: [GC 898.057: [ParNew: 92160K->10240K(92160K), 0.1446230 secs] 3691301K->3634175K(4184064K), 0.1592840 secs] [Times: user=0.32 sys=0.02, real=0.25 secs] 
2013-10-02T01:36:55.368+0000: 898.414: [GC 898.422: [ParNew: 92160K->10240K(92160K), 0.1411240 secs] 3716095K->3660629K(4184064K), 0.1552220 secs] [Times: user=0.31 sys=0.02, real=0.16 secs] 
2013-10-02T01:36:55.726+0000: 898.771: [GC 898.779: [ParNew: 92157K->10240K(92160K), 0.1635830 secs] 3742546K->3686010K(4184064K), 0.1775000 secs] [Times: user=0.33 sys=0.00, real=0.19 secs] 
2013-10-02T01:36:56.155+0000: 899.201: [GC 899.209: [ParNew: 92157K->10240K(92160K), 0.1584040 secs] 3767927K->3710386K(4184064K), 0.1722480 secs] [Times: user=0.31 sys=0.01, real=0.18 secs] 
2013-10-02T01:36:56.666+0000: 899.712: [GC 899.720: [ParNew: 92160K->10240K(92160K), 0.2017920 secs] 3792306K->3737621K(4184064K), 0.2162110 secs] [Times: user=0.38 sys=0.01, real=0.23 secs] 
2013-10-02T01:36:57.219+0000: 900.265: [GC 900.273: [ParNew: 92160K->10240K(92160K), 0.1229470 secs] 3819541K->3766257K(4184064K), 0.1372350 secs] [Times: user=0.35 sys=0.02, real=0.15 secs] 
2013-10-02T01:36:57.614+0000: 900.649: [CMS-concurrent-mark: 7.047/12.510 secs] [Times: user=21.52 sys=3.17, real=12.52 secs] 
2013-10-02T01:36:57.638+0000: 900.674: [CMS-concurrent-preclean-start]
2013-10-02T01:36:57.647+0000: 900.693: [GC 900.701: [ParNew: 92160K->10240K(92160K), 0.2026210 secs] 3848177K->3792924K(4184064K), 0.2166810 secs] [Times: user=0.38 sys=0.02, real=0.22 secs] 
2013-10-02T01:36:58.130+0000: 901.175: [GC 901.183: [ParNew: 92160K->10240K(92160K), 0.0988060 secs] 3874844K->3820080K(4184064K), 0.1131130 secs] [Times: user=0.32 sys=0.02, real=0.12 secs] 
2013-10-02T01:36:58.685+0000: 901.730: [GC 901.738: [ParNew: 92160K->10240K(92160K), 0.0932650 secs] 3902000K->3846571K(4184064K), 0.1071740 secs] [Times: user=0.32 sys=0.01, real=0.11 secs] 
2013-10-02T01:36:59.162+0000: 902.208: [GC 902.215: [ParNew: 92160K->10240K(92160K), 0.1328450 secs] 3928491K->3872221K(4184064K), 0.1466880 secs] [Times: user=0.34 sys=0.00, real=0.16 secs] 
2013-10-02T01:36:59.618+0000: 902.664: [GC 902.673: [ParNew: 92160K->10240K(92160K), 0.1157080 secs] 3954141K->3896621K(4184064K), 0.1301160 secs] [Times: user=0.32 sys=0.01, real=0.14 secs] 
2013-10-02T01:37:00.123+0000: 903.168: [GC 903.176: [ParNew: 92160K->10240K(92160K), 0.1318420 secs] 3978542K->3922268K(4184064K), 0.1463110 secs] [Times: user=0.31 sys=0.01, real=0.16 secs] 
2013-10-02T01:37:00.660+0000: 903.706: [GC 903.714: [ParNew: 92160K->10240K(92160K), 0.1119430 secs] 4004188K->3950764K(4184064K), 0.1258250 secs] [Times: user=0.31 sys=0.01, real=0.14 secs] 
2013-10-02T01:37:01.146+0000: 904.192: [GC 904.200: [ParNew: 92160K->10240K(92160K), 0.1388590 secs] 4032684K->3977679K(4184064K), 0.1529640 secs] [Times: user=0.32 sys=0.00, real=0.16 secs] 
2013-10-02T01:37:01.794+0000: 904.840: [GC 904.848: [ParNew: 92160K->10240K(92160K), 0.0943760 secs] 4059599K->4005205K(4184064K), 0.1085910 secs] [Times: user=0.32 sys=0.03, real=0.12 secs] 
2013-10-02T01:37:02.404+0000: 905.450: [GC 905.457: [ParNew: 92160K->10240K(92160K), 0.1136370 secs] 4087125K->4030086K(4184064K), 0.1278000 secs] [Times: user=0.30 sys=0.00, real=0.13 secs] 
2013-10-02T01:37:02.939+0000: 905.985: [GC 905.994: [ParNew: 92160K->10240K(92160K), 0.1377540 secs] 4112006K->4048935K(4184064K), 0.1525160 secs] [Times: user=0.38 sys=0.01, real=0.16 secs] 
2013-10-02T01:37:03.143+0000: 906.178: [CMS-concurrent-preclean: 2.664/5.505 secs] [Times: user=8.47 sys=2.01, real=5.51 secs] 
2013-10-02T01:37:03.162+0000: 906.197: [CMS-concurrent-abortable-preclean-start]
2013-10-02T01:37:03.428+0000: 906.463: [CMS-concurrent-abortable-preclean: 0.213/0.266 secs] [Times: user=0.29 sys=0.07, real=0.28 secs] 
2013-10-02T01:37:03.449+0000: 906.495: [GC[YG occupancy: 65201 K (92160 K)]906.498: [Rescan (parallel) , 0.0476820 secs]906.546: [weak refs processing, 0.0115860 secs]906.558: [class unloading, 0.0025720 secs]906.560: [scrub symbol table, 0.0016790 secs]906.562: [scrub string table, 0.0003600 secs] [1 CMS-remark: 4038695K(4091904K)] 4103896K(4184064K), 0.0691930 secs] [Times: user=0.17 sys=0.01, real=0.08 secs] 
2013-10-02T01:37:03.555+0000: 906.591: [CMS-concurrent-sweep-start]
2013-10-02T01:37:03.802+0000: 906.847: [GC 906.855: [ParNew: 92160K->10240K(92160K), 0.0966270 secs] 4130322K->4065370K(4184064K), 0.1102770 secs] [Times: user=0.29 sys=0.01, real=0.12 secs] 
2013-10-02T01:37:04.883+0000: 907.928: [GC 907.936: [ParNew: 92158K->10240K(92160K), 0.1313350 secs] 3839244K->3776816K(4184064K), 0.1451180 secs] [Times: user=0.36 sys=0.00, real=0.16 secs] 
2013-10-02T01:37:05.292+0000: 908.328: [CMS-concurrent-sweep: 1.406/1.737 secs] [Times: user=2.42 sys=0.05, real=1.74 secs] 
2013-10-02T01:37:05.312+0000: 908.347: [CMS-concurrent-reset-start]
2013-10-02T01:37:05.322+0000: 908.358: [CMS-concurrent-reset: 0.010/0.010 secs] [Times: user=0.02 sys=0.00, real=0.02 secs] 
2013-10-02T01:37:07.342+0000: 910.388: [GC [1 CMS-initial-mark: 3685898K(4091904K)] 3731654K(4184064K), 0.0945510 secs] [Times: user=0.10 sys=0.00, real=0.11 secs] 
2013-10-02T01:37:07.473+0000: 910.508: [CMS-concurrent-mark-start]
2013-10-02T01:37:12.197+0000: 915.233: [CMS-concurrent-mark: 4.725/4.725 secs] [Times: user=4.80 sys=0.00, real=4.74 secs] 
2013-10-02T01:37:12.217+0000: 915.252: [CMS-concurrent-preclean-start]
2013-10-02T01:37:12.326+0000: 915.361: [CMS-concurrent-preclean: 0.087/0.109 secs] [Times: user=0.09 sys=0.00, real=0.12 secs] 
2013-10-02T01:37:12.345+0000: 915.381: [CMS-concurrent-abortable-preclean-start]
2013-10-02T01:37:13.944+0000: 916.989: [GC 916.997: [ParNew: 92160K->10240K(92160K), 0.1398220 secs] 3778058K->3738267K(4184064K), 0.1539150 secs] [Times: user=0.41 sys=0.00, real=0.16 secs] 
2013-10-02T01:37:14.736+0000: 917.781: [GC 917.789: [ParNew: 92159K->10240K(92160K), 0.1228100 secs] 3820187K->3778647K(4184064K), 0.1368980 secs] [Times: user=0.42 sys=0.02, real=0.14 secs] 
2013-10-02T01:37:15.248+0000: 918.294: [GC 918.301: [ParNew: 92160K->10240K(92160K), 0.1265910 secs] 3860567K->3793276K(4184064K), 0.1405070 secs] [Times: user=0.33 sys=0.00, real=0.15 secs] 
2013-10-02T01:37:15.549+0000: 918.595: [GC 918.603: [ParNew: 92160K->10240K(92160K), 0.1004920 secs] 3875196K->3816130K(4184064K), 0.1144090 secs] [Times: user=0.34 sys=0.03, real=0.12 secs] 
2013-10-02T01:37:15.882+0000: 918.928: [GC 918.935: [ParNew: 92160K->10240K(92160K), 0.1111930 secs] 3898050K->3838559K(4184064K), 0.1250240 secs] [Times: user=0.30 sys=0.04, real=0.14 secs] 
2013-10-02T01:37:16.203+0000: 919.248: [GC 919.256: [ParNew: 92160K->10240K(92160K), 0.1185990 secs] 3920479K->3861417K(4184064K), 0.1324240 secs] [Times: user=0.33 sys=0.00, real=0.15 secs] 
2013-10-02T01:37:16.968+0000: 920.014: [GC 920.022: [ParNew: 92158K->10240K(92160K), 0.1074760 secs] 3943335K->3886086K(4184064K), 0.1213010 secs] [Times: user=0.31 sys=0.02, real=0.13 secs] 
2013-10-02T01:37:17.160+0000: 920.195: [CMS-concurrent-abortable-preclean: 2.217/4.814 secs] [Times: user=6.57 sys=1.62, real=4.82 secs] 
2013-10-02T01:37:17.179+0000: 920.225: [GC[YG occupancy: 35420 K (92160 K)]920.228: [Rescan (parallel) , 0.1044080 secs]920.333: [weak refs processing, 0.0244100 secs]920.357: [class unloading, 0.0025820 secs]920.360: [scrub symbol table, 0.0016350 secs]920.361: [scrub string table, 0.0003580 secs] [1 CMS-remark: 3875846K(4091904K)] 3911267K(4184064K), 0.1389900 secs] [Times: user=0.38 sys=0.02, real=0.15 secs] 
2013-10-02T01:37:17.387+0000: 920.423: [CMS-concurrent-sweep-start]
2013-10-02T01:37:17.475+0000: 920.521: [GC 920.529: [ParNew: 92160K->10240K(92160K), 0.1234460 secs] 3967888K->3916268K(4184064K), 0.1375350 secs] [Times: user=0.34 sys=0.01, real=0.15 secs] 
2013-10-02T01:37:17.849+0000: 920.895: [GC 920.902: [ParNew: 92158K->10240K(92160K), 0.0884040 secs] 3997545K->3933830K(4184064K), 0.1021850 secs] [Times: user=0.30 sys=0.03, real=0.11 secs] 
2013-10-02T01:37:18.389+0000: 921.435: [GC 921.442: [ParNew: 92160K->10240K(92160K), 0.1545000 secs] 4014624K->3963690K(4184064K), 0.1684130 secs] [Times: user=0.47 sys=0.02, real=0.18 secs] 
2013-10-02T01:37:18.905+0000: 921.950: [GC 921.958: [ParNew: 92160K->10240K(92160K), 0.1029710 secs] 4039776K->3984199K(4184064K), 0.1168340 secs] [Times: user=0.35 sys=0.02, real=0.12 secs] 
2013-10-02T01:37:19.420+0000: 922.466: [GC 922.473: [ParNew: 92160K->10240K(92160K), 0.1592630 secs] 3846913K->3787550K(4184064K), 0.1731290 secs] [Times: user=0.48 sys=0.01, real=0.19 secs] 
2013-10-02T01:37:20.036+0000: 923.082: [GC 923.090: [ParNew: 92160K->10240K(92160K), 0.1385990 secs] 3330910K->3283377K(4184064K), 0.1526560 secs] [Times: user=0.37 sys=0.02, real=0.16 secs] 
2013-10-02T01:37:20.268+0000: 923.303: [CMS-concurrent-sweep: 1.816/2.880 secs] [Times: user=5.74 sys=0.69, real=2.92 secs] 
2013-10-02T01:37:20.288+0000: 923.323: [CMS-concurrent-reset-start]
2013-10-02T01:37:20.299+0000: 923.334: [CMS-concurrent-reset: 0.011/0.011 secs] [Times: user=0.02 sys=0.01, real=0.02 secs] 
2013-10-02T01:37:20.617+0000: 923.662: [GC 923.670: [ParNew: 92160K->10240K(92160K), 0.1684640 secs] 3332891K->3277867K(4184064K), 0.1825440 secs] [Times: user=0.33 sys=0.01, real=0.19 secs] 
2013-10-02T01:37:20.835+0000: 923.880: [GC [1 CMS-initial-mark: 3267627K(4091904K)] 3279148K(4184064K), 0.0944410 secs] [Times: user=0.11 sys=0.00, real=0.11 secs] 
2013-10-02T01:37:20.965+0000: 924.001: [CMS-concurrent-mark-start]
2013-10-02T01:37:21.122+0000: 924.168: [GC 924.175: [ParNew: 92160K->10240K(92160K), 0.1404740 secs] 3359787K->3303271K(4184064K), 0.1544870 secs] [Times: user=0.32 sys=0.01, real=0.17 secs] 
2013-10-02T01:37:21.669+0000: 924.715: [GC 924.723: [ParNew: 92160K->10240K(92160K), 0.1730410 secs] 3385191K->3332399K(4184064K), 0.1874240 secs] [Times: user=0.37 sys=0.02, real=0.20 secs] 
2013-10-02T01:37:22.102+0000: 925.148: [GC 925.156: [ParNew: 92160K->10240K(92160K), 0.1514910 secs] 3414319K->3357952K(4184064K), 0.1657240 secs] [Times: user=0.34 sys=0.00, real=0.18 secs] 
2013-10-02T01:37:22.638+0000: 925.684: [GC 925.691: [ParNew: 92160K->10240K(92160K), 0.1408060 secs] 3439872K->3386411K(4184064K), 0.1548890 secs] [Times: user=0.34 sys=0.01, real=0.17 secs] 
2013-10-02T01:37:23.161+0000: 926.207: [GC 926.216: [ParNew: 92160K->10240K(92160K), 0.1737790 secs] 3468395K->3414067K(4184064K), 0.1890780 secs] [Times: user=0.39 sys=0.01, real=0.20 secs] 
2013-10-02T01:37:23.403+0000: 926.449: [GC 926.457: [ParNew: 12779K->10211K(92160K), 0.1263540 secs] 3416606K->3424298K(4184064K), 0.1402700 secs] [Times: user=0.23 sys=0.02, real=0.14 secs] 
2013-10-02T01:37:23.746+0000: 926.792: [GC 926.799: [ParNew: 92131K->10240K(92160K), 0.1485120 secs] 3506218K->3437953K(4184064K), 0.1628500 secs] [Times: user=0.28 sys=0.01, real=0.17 secs] 
2013-10-02T01:37:24.096+0000: 927.142: [GC 927.150: [ParNew: 92160K->10240K(92160K), 0.1578520 secs] 3519873K->3464469K(4184064K), 0.1720130 secs] [Times: user=0.33 sys=0.01, real=0.18 secs] 
2013-10-02T01:37:24.598+0000: 927.644: [GC 927.652: [ParNew: 92160K->10240K(92160K), 0.1748670 secs] 3546389K->3496924K(4184064K), 0.1890030 secs] [Times: user=0.38 sys=0.01, real=0.20 secs] 
2013-10-02T01:37:25.003+0000: 928.049: [GC 928.056: [ParNew: 92160K->10240K(92160K), 0.1315380 secs] 3578844K->3523298K(4184064K), 0.1455990 secs] [Times: user=0.30 sys=0.02, real=0.15 secs] 
2013-10-02T01:37:25.591+0000: 928.636: [GC 928.644: [ParNew: 92160K->10240K(92160K), 0.1775260 secs] 3605218K->3551622K(4184064K), 0.1916280 secs] [Times: user=0.35 sys=0.01, real=0.20 secs] 
2013-10-02T01:37:26.044+0000: 929.090: [GC 929.097: [ParNew: 92160K->10240K(92160K), 0.1647440 secs] 3633542K->3581678K(4184064K), 0.1786670 secs] [Times: user=0.35 sys=0.02, real=0.18 secs] 
2013-10-02T01:37:26.413+0000: 929.459: [GC 929.466: [ParNew: 92160K->10240K(92160K), 0.1403120 secs] 3663648K->3603076K(4184064K), 0.1543170 secs] [Times: user=0.30 sys=0.02, real=0.17 secs] 
2013-10-02T01:37:26.854+0000: 929.900: [GC 929.907: [ParNew: 92160K->10240K(92160K), 0.1639580 secs] 3684996K->3627146K(4184064K), 0.1778850 secs] [Times: user=0.33 sys=0.02, real=0.19 secs] 
2013-10-02T01:37:27.302+0000: 930.348: [GC 930.356: [ParNew: 92160K->10240K(92160K), 0.1566560 secs] 3709066K->3654125K(4184064K), 0.1709100 secs] [Times: user=0.33 sys=0.01, real=0.19 secs] 
2013-10-02T01:37:27.856+0000: 930.902: [GC 930.910: [ParNew: 92160K->10240K(92160K), 0.1567890 secs] 3736045K->3681149K(4184064K), 0.1714540 secs] [Times: user=0.34 sys=0.01, real=0.18 secs] 
2013-10-02T01:37:28.256+0000: 931.301: [GC 931.309: [ParNew: 92160K->10240K(92160K), 0.1316290 secs] 3763069K->3708214K(4184064K), 0.1457460 secs] [Times: user=0.31 sys=0.03, real=0.15 secs] 
2013-10-02T01:37:28.685+0000: 931.731: [GC 931.738: [ParNew: 92160K->10240K(92160K), 0.1566070 secs] 3790134K->3734638K(4184064K), 0.1706130 secs] [Times: user=0.34 sys=0.02, real=0.18 secs] 
2013-10-02T01:37:29.171+0000: 932.216: [GC 932.225: [ParNew: 92160K->10240K(92160K), 0.1510980 secs] 3816558K->3761330K(4184064K), 0.1661700 secs] [Times: user=0.31 sys=0.02, real=0.18 secs] 
2013-10-02T01:37:29.601+0000: 932.646: [GC 932.654: [ParNew: 92160K->10240K(92160K), 0.1586170 secs] 3843250K->3787236K(4184064K), 0.1730050 secs] [Times: user=0.31 sys=0.01, real=0.19 secs] 
2013-10-02T01:37:30.128+0000: 933.173: [GC 933.181: [ParNew: 92160K->10240K(92160K), 0.1626030 secs] 3869156K->3814742K(4184064K), 0.1767950 secs] [Times: user=0.34 sys=0.02, real=0.19 secs] 
2013-10-02T01:37:30.555+0000: 933.600: [GC 933.609: [ParNew: 92160K->10240K(92160K), 0.1513760 secs] 3896662K->3840845K(4184064K), 0.1661200 secs] [Times: user=0.32 sys=0.02, real=0.18 secs] 
2013-10-02T01:37:31.067+0000: 934.112: [GC 934.121: [ParNew: 92160K->10240K(92160K), 0.1406520 secs] 3922765K->3867284K(4184064K), 0.1551700 secs] [Times: user=0.32 sys=0.02, real=0.17 secs] 
2013-10-02T01:37:31.585+0000: 934.631: [GC 934.639: [ParNew: 92160K->10240K(92160K), 0.1561890 secs] 3949204K->3894354K(4184064K), 0.1702140 secs] [Times: user=0.36 sys=0.01, real=0.18 secs] 
2013-10-02T01:37:32.057+0000: 935.102: [GC 935.110: [ParNew: 92129K->10240K(92160K), 0.1386590 secs] 3976244K->3919642K(4184064K), 0.1525470 secs] [Times: user=0.33 sys=0.01, real=0.16 secs] 
2013-10-02T01:37:32.593+0000: 935.639: [GC 935.646: [ParNew: 92160K->10240K(92160K), 0.1528720 secs] 4001562K->3943284K(4184064K), 0.1668760 secs] [Times: user=0.31 sys=0.00, real=0.17 secs] 
2013-10-02T01:37:33.282+0000: 936.328: [GC 936.335: [ParNew: 92149K->10240K(92160K), 0.1662480 secs] 4025194K->3968737K(4184064K), 0.1801950 secs] [Times: user=0.32 sys=0.02, real=0.20 secs] 
2013-10-02T01:37:33.856+0000: 936.902: [GC 936.910: [ParNew: 92155K->10240K(92160K), 0.1295520 secs] 4050652K->3991380K(4184064K), 0.1435010 secs] [Times: user=0.30 sys=0.02, real=0.15 secs] 
2013-10-02T01:37:34.184+0000: 937.220: [CMS-concurrent-mark: 7.476/13.219 secs] [Times: user=22.13 sys=3.19, real=13.23 secs] 
2013-10-02T01:37:34.204+0000: 937.239: [CMS-concurrent-preclean-start]
2013-10-02T01:37:34.400+0000: 937.446: [GC 937.454: [ParNew: 92157K->10240K(92160K), 0.1310970 secs] 4073297K->4015656K(4184064K), 0.1451090 secs] [Times: user=0.31 sys=0.02, real=0.16 secs] 
2013-10-02T01:37:35.561+0000: 938.607: [GC 938.614: [ParNew: 92160K->10240K(92160K), 0.1083820 secs] 4097576K->4040944K(4184064K), 0.1221950 secs] [Times: user=0.32 sys=0.02, real=0.14 secs] 
2013-10-02T01:37:36.194+0000: 939.229: [CMS-concurrent-preclean: 1.257/1.990 secs] [Times: user=2.29 sys=0.68, real=2.00 secs] 
2013-10-02T01:37:36.213+0000: 939.248: [CMS-concurrent-abortable-preclean-start]
2013-10-02T01:37:36.364+0000: 939.399: [CMS-concurrent-abortable-preclean: 0.147/0.151 secs] [Times: user=0.16 sys=0.03, real=0.17 secs] 
2013-10-02T01:37:36.384+0000: 939.429: [GC[YG occupancy: 55709 K (92160 K)]939.433: [Rescan (parallel) , 0.0553200 secs]939.488: [weak refs processing, 0.0174350 secs]939.506: [class unloading, 0.0025600 secs]939.508: [scrub symbol table, 0.0016330 secs]939.510: [scrub string table, 0.0003600 secs] [1 CMS-remark: 4030704K(4091904K)] 4086413K(4184064K), 0.0830530 secs] [Times: user=0.16 sys=0.01, real=0.09 secs] 
2013-10-02T01:37:36.504+0000: 939.539: [CMS-concurrent-sweep-start]
2013-10-02T01:37:37.427+0000: 940.473: [GC 940.480: [ParNew: 92159K->10240K(92160K), 0.1149380 secs] 4102296K->4041274K(4184064K), 0.1286880 secs] [Times: user=0.33 sys=0.01, real=0.14 secs] 
2013-10-02T01:37:38.166+0000: 941.202: [CMS-concurrent-sweep: 1.499/1.663 secs] [Times: user=2.10 sys=0.02, real=1.67 secs] 
2013-10-02T01:37:38.186+0000: 941.221: [CMS-concurrent-reset-start]
2013-10-02T01:37:38.196+0000: 941.231: [CMS-concurrent-reset: 0.010/0.010 secs] [Times: user=0.02 sys=0.01, real=0.02 secs] 
2013-10-02T01:37:40.216+0000: 943.262: [GC [1 CMS-initial-mark: 3436210K(4091904K)] 3495413K(4184064K), 0.1042380 secs] [Times: user=0.11 sys=0.00, real=0.11 secs] 
2013-10-02T01:37:40.356+0000: 943.391: [CMS-concurrent-mark-start]
2013-10-02T01:37:44.450+0000: 947.495: [GC 947.503: [ParNew: 92159K->10240K(92160K), 0.1361010 secs] 3528370K->3480844K(4184064K), 0.1502660 secs] [Times: user=0.42 sys=0.02, real=0.16 secs] 
2013-10-02T01:37:45.412+0000: 948.447: [CMS-concurrent-mark: 4.870/5.056 secs] [Times: user=5.82 sys=0.25, real=5.07 secs] 
2013-10-02T01:37:45.433+0000: 948.469: [CMS-concurrent-preclean-start]
2013-10-02T01:37:45.575+0000: 948.621: [GC 948.629: [ParNew: 92157K->10240K(92160K), 0.1548150 secs] 3562762K->3528840K(4184064K), 0.1690180 secs] [Times: user=0.43 sys=0.01, real=0.18 secs] 
2013-10-02T01:37:46.149+0000: 949.195: [GC 949.202: [ParNew: 92160K->10240K(92160K), 0.1427850 secs] 3610760K->3557198K(4184064K), 0.1566930 secs] [Times: user=0.32 sys=0.00, real=0.17 secs] 
2013-10-02T01:37:46.499+0000: 949.547: [GC 949.562: [ParNew: 92160K->10240K(92160K), 0.1630660 secs] 3639118K->3579271K(4184064K), 0.1852530 secs] [Times: user=0.31 sys=0.01, real=0.20 secs] 
2013-10-02T01:37:46.974+0000: 950.019: [GC 950.027: [ParNew: 92160K->10240K(92160K), 0.1213310 secs] 3661191K->3597639K(4184064K), 0.1351350 secs] [Times: user=0.29 sys=0.01, real=0.14 secs] 
2013-10-02T01:37:47.477+0000: 950.522: [GC 950.530: [ParNew: 92160K->10240K(92160K), 0.1239120 secs] 3679559K->3623722K(4184064K), 0.1378420 secs] [Times: user=0.30 sys=0.01, real=0.15 secs] 
2013-10-02T01:37:47.806+0000: 950.852: [GC 950.859: [ParNew: 92160K->10240K(92160K), 0.1586000 secs] 3705642K->3648372K(4184064K), 0.1726320 secs] [Times: user=0.34 sys=0.01, real=0.18 secs] 
2013-10-02T01:37:48.429+0000: 951.485: [GC 951.492: [ParNew: 92160K->10240K(92160K), 0.2942420 secs] 3730292K->3676629K(4184064K), 0.3082150 secs] [Times: user=0.36 sys=0.03, real=0.33 secs] 
2013-10-02T01:37:49.022+0000: 952.068: [GC 952.076: [ParNew: 92160K->10240K(92160K), 0.1317680 secs] 3758549K->3704508K(4184064K), 0.1460980 secs] [Times: user=0.34 sys=0.02, real=0.16 secs] 
2013-10-02T01:37:49.436+0000: 952.481: [GC 952.489: [ParNew: 92160K->10240K(92160K), 0.1184940 secs] 3786428K->3730490K(4184064K), 0.1324910 secs] [Times: user=0.32 sys=0.01, real=0.14 secs] 
2013-10-02T01:37:50.033+0000: 953.079: [GC 953.086: [ParNew: 92160K->10240K(92160K), 0.1297850 secs] 3812410K->3760176K(4184064K), 0.1438170 secs] [Times: user=0.35 sys=0.01, real=0.15 secs] 
2013-10-02T01:37:50.643+0000: 953.689: [GC 953.715: [ParNew: 92154K->10240K(92160K), 0.1439910 secs] 3842090K->3787647K(4184064K), 0.1580230 secs] [Times: user=0.36 sys=0.00, real=0.18 secs] 
2013-10-02T01:37:50.879+0000: 953.915: [CMS-concurrent-preclean: 2.381/5.446 secs] [Times: user=8.35 sys=1.94, real=5.46 secs] 
2013-10-02T01:37:50.899+0000: 953.934: [CMS-concurrent-abortable-preclean-start]
2013-10-02T01:37:51.182+0000: 954.236: [GC 954.245: [ParNew: 92154K->10240K(92160K), 0.1545350 secs] 3869562K->3813208K(4184064K), 0.1694840 secs] [Times: user=0.36 sys=0.01, real=0.19 secs] 
2013-10-02T01:37:51.654+0000: 954.699: [GC 954.707: [ParNew: 92160K->10240K(92160K), 0.1323700 secs] 3895128K->3840508K(4184064K), 0.1462500 secs] [Times: user=0.39 sys=0.04, real=0.15 secs] 
2013-10-02T01:37:52.022+0000: 955.067: [GC 955.075: [ParNew: 92160K->10240K(92160K), 0.1662050 secs] 3922428K->3863991K(4184064K), 0.1802560 secs] [Times: user=0.32 sys=0.01, real=0.20 secs] 
2013-10-02T01:37:52.313+0000: 955.348: [CMS-concurrent-abortable-preclean: 0.610/1.414 secs] [Times: user=2.36 sys=0.54, real=1.43 secs] 
2013-10-02T01:37:52.338+0000: 955.384: [GC[YG occupancy: 48995 K (92160 K)]955.387: [Rescan (parallel) , 0.1416050 secs]955.529: [weak refs processing, 0.0219890 secs]955.551: [class unloading, 0.0027400 secs]955.554: [scrub symbol table, 0.0016390 secs]955.556: [scrub string table, 0.0004000 secs] [1 CMS-remark: 3853751K(4091904K)] 3902746K(4184064K), 0.1745190 secs] [Times: user=0.58 sys=0.00, real=0.19 secs] 
2013-10-02T01:37:52.551+0000: 955.586: [CMS-concurrent-sweep-start]
2013-10-02T01:37:52.620+0000: 955.665: [GC 955.673: [ParNew: 92160K->10240K(92160K), 0.1534380 secs] 3945850K->3890542K(4184064K), 0.1674910 secs] [Times: user=0.35 sys=0.01, real=0.19 secs] 
2013-10-02T01:37:53.149+0000: 956.195: [GC 956.203: [ParNew: 92141K->10240K(92160K), 0.1914360 secs] 3971868K->3920071K(4184064K), 0.2060100 secs] [Times: user=0.37 sys=0.01, real=0.22 secs] 
2013-10-02T01:37:53.651+0000: 956.696: [GC 956.704: [ParNew: 92160K->10240K(92160K), 0.1057200 secs] 4001141K->3941194K(4184064K), 0.1194850 secs] [Times: user=0.33 sys=0.03, real=0.13 secs] 
2013-10-02T01:37:54.277+0000: 957.322: [GC 957.330: [ParNew: 92157K->10240K(92160K), 0.1391140 secs] 4006064K->3955026K(4184064K), 0.1531350 secs] [Times: user=0.35 sys=0.01, real=0.16 secs] 
2013-10-02T01:37:54.867+0000: 957.913: [GC 957.921: [ParNew: 92160K->10240K(92160K), 0.1840150 secs] 3847398K->3794169K(4184064K), 0.1986720 secs] [Times: user=0.37 sys=0.02, real=0.21 secs] 
2013-10-02T01:37:55.316+0000: 958.362: [GC 958.369: [ParNew: 92160K->10240K(92160K), 0.1388440 secs] 3803984K->3750728K(4184064K), 0.1527510 secs] [Times: user=0.35 sys=0.01, real=0.16 secs] 
2013-10-02T01:37:55.770+0000: 958.805: [CMS-concurrent-sweep: 1.981/3.219 secs] [Times: user=5.52 sys=0.86, real=3.23 secs] 
2013-10-02T01:37:55.790+0000: 958.826: [CMS-concurrent-reset-start]
2013-10-02T01:37:55.802+0000: 958.837: [CMS-concurrent-reset: 0.011/0.011 secs] [Times: user=0.02 sys=0.01, real=0.02 secs] 
2013-10-02T01:37:55.841+0000: 958.887: [GC 958.895: [ParNew: 92160K->10240K(92160K), 0.1424140 secs] 3555094K->3499151K(4184064K), 0.1564660 secs] [Times: user=0.35 sys=0.02, real=0.17 secs] 
2013-10-02T01:37:56.035+0000: 959.081: [GC [1 CMS-initial-mark: 3488911K(4091904K)] 3500889K(4184064K), 0.1014030 secs] [Times: user=0.11 sys=0.01, real=0.11 secs] 
2013-10-02T01:37:56.173+0000: 959.208: [CMS-concurrent-mark-start]
2013-10-02T01:37:56.351+0000: 959.397: [GC 959.405: [ParNew: 92160K->10240K(92160K), 0.1688810 secs] 3581071K->3530583K(4184064K), 0.1834280 secs] [Times: user=0.41 sys=0.01, real=0.19 secs] 
2013-10-02T01:37:56.715+0000: 959.760: [GC 959.768: [ParNew: 92160K->10240K(92160K), 0.1786700 secs] 3612503K->3552958K(4184064K), 0.1926640 secs] [Times: user=0.32 sys=0.02, real=0.20 secs] 
2013-10-02T01:37:57.247+0000: 960.293: [GC 960.300: [ParNew: 92160K->10240K(92160K), 0.1794890 secs] 3634878K->3587073K(4184064K), 0.1934600 secs] [Times: user=0.48 sys=0.04, real=0.20 secs] 
2013-10-02T01:37:57.605+0000: 960.650: [GC 960.658: [ParNew: 92160K->10240K(92160K), 0.1395610 secs] 3668993K->3607662K(4184064K), 0.1535670 secs] [Times: user=0.31 sys=0.01, real=0.16 secs] 
2013-10-02T01:37:58.208+0000: 961.254: [GC 961.262: [ParNew: 92160K->10240K(92160K), 0.1370660 secs] 3689582K->3638740K(4184064K), 0.1512790 secs] [Times: user=0.36 sys=0.01, real=0.16 secs] 
2013-10-02T01:37:58.565+0000: 961.611: [GC 961.619: [ParNew: 92157K->10240K(92160K), 0.1469980 secs] 3720657K->3665363K(4184064K), 0.1613010 secs] [Times: user=0.36 sys=0.01, real=0.17 secs] 
2013-10-02T01:37:58.973+0000: 962.019: [GC 962.026: [ParNew: 92128K->10240K(92160K), 0.1573650 secs] 3747251K->3690204K(4184064K), 0.1712190 secs] [Times: user=0.35 sys=0.02, real=0.18 secs] 
2013-10-02T01:37:59.347+0000: 962.393: [GC 962.400: [ParNew: 92160K->10240K(92160K), 0.1326250 secs] 3772124K->3711636K(4184064K), 0.1466180 secs] [Times: user=0.30 sys=0.02, real=0.16 secs] 
2013-10-02T01:37:59.861+0000: 962.914: [GC 962.927: [ParNew: 92160K->10240K(92160K), 0.1574620 secs] 3793556K->3741088K(4184064K), 0.1775350 secs] [Times: user=0.34 sys=0.01, real=0.20 secs] 
2013-10-02T01:38:00.417+0000: 963.463: [GC 963.470: [ParNew: 92160K->10240K(92160K), 0.1319530 secs] 3823008K->3770013K(4184064K), 0.1460970 secs] [Times: user=0.36 sys=0.01, real=0.16 secs] 
2013-10-02T01:38:00.769+0000: 963.814: [GC 963.822: [ParNew: 92159K->10240K(92160K), 0.1353380 secs] 3851933K->3792968K(4184064K), 0.1495300 secs] [Times: user=0.32 sys=0.02, real=0.16 secs] 
2013-10-02T01:38:01.302+0000: 964.347: [GC 964.355: [ParNew: 92152K->10240K(92160K), 0.1595700 secs] 3874880K->3821142K(4184064K), 0.1736530 secs] [Times: user=0.35 sys=0.02, real=0.18 secs] 
2013-10-02T01:38:01.646+0000: 964.691: [GC 964.699: [ParNew: 92152K->10240K(92160K), 0.1439540 secs] 3903054K->3846390K(4184064K), 0.1579350 secs] [Times: user=0.31 sys=0.00, real=0.17 secs] 
2013-10-02T01:38:02.137+0000: 965.182: [GC 965.190: [ParNew: 92160K->10240K(92160K), 0.1619880 secs] 3928310K->3873250K(4184064K), 0.1759990 secs] [Times: user=0.33 sys=0.02, real=0.19 secs] 
2013-10-02T01:38:02.705+0000: 965.751: [GC 965.758: [ParNew: 92147K->10240K(92160K), 0.1064250 secs] 3955158K->3899876K(4184064K), 0.1203330 secs] [Times: user=0.32 sys=0.02, real=0.13 secs] 
2013-10-02T01:38:03.099+0000: 966.144: [GC 966.152: [ParNew: 92160K->10240K(92160K), 0.1700350 secs] 3981796K->3925560K(4184064K), 0.1841080 secs] [Times: user=0.33 sys=0.02, real=0.20 secs] 
2013-10-02T01:38:03.612+0000: 966.657: [GC 966.665: [ParNew: 92160K->10240K(92160K), 0.1539860 secs] 4007480K->3950991K(4184064K), 0.1679440 secs] [Times: user=0.31 sys=0.01, real=0.17 secs] 
2013-10-02T01:38:04.225+0000: 967.271: [GC 967.279: [ParNew: 92159K->10240K(92160K), 0.1352160 secs] 4032910K->3976701K(4184064K), 0.1495290 secs] [Times: user=0.33 sys=0.02, real=0.16 secs] 
2013-10-02T01:38:04.868+0000: 967.914: [GC 967.921: [ParNew: 92160K->10240K(92160K), 0.1391730 secs] 4058621K->4003236K(4184064K), 0.1530780 secs] [Times: user=0.43 sys=0.03, real=0.17 secs] 
2013-10-02T01:38:05.504+0000: 968.550: [GC 968.558: [ParNew: 92130K->10240K(92160K), 0.1583400 secs] 4085126K->4027476K(4184064K), 0.1723790 secs] [Times: user=0.31 sys=0.00, real=0.18 secs] 
2013-10-02T01:38:06.093+0000: 969.138: [GC 969.146: [ParNew: 92160K->10240K(92160K), 0.1020240 secs] 4109396K->4049872K(4184064K), 0.1160160 secs] [Times: user=0.29 sys=0.01, real=0.13 secs] 
2013-10-02T01:38:06.789+0000: 969.824: [CMS-concurrent-mark: 6.437/10.617 secs] [Times: user=18.43 sys=2.58, real=10.63 secs] 
2013-10-02T01:38:06.809+0000: 969.844: [CMS-concurrent-preclean-start]
2013-10-02T01:38:07.060+0000: 970.106: [GC 970.114: [ParNew (promotion failed): 92146K->92146K(92160K), 0.1299630 secs]970.244: [CMS2013-10-02T01:38:08.091+0000: 971.126: [CMS-concurrent-preclean: 0.780/1.282 secs] [Times: user=1.14 sys=0.43, real=1.29 secs] 
 (concurrent mode failure): 4050234K->2973399K(4091904K), 10.9983310 secs] 4131778K->2973399K(4184064K), [CMS Perm : 13474K->13474K(65536K)], 11.1423630 secs] [Times: user=11.28 sys=0.29, real=11.15 secs] 
2013-10-02T01:38:18.495+0000: 981.541: [GC 981.548: [ParNew: 81920K->10240K(92160K), 0.1598160 secs] 3055319K->3032381K(4184064K), 0.1739890 secs] [Times: user=0.39 sys=0.01, real=0.19 secs] 
2013-10-02T01:38:18.928+0000: 981.973: [GC 981.981: [ParNew: 92160K->10240K(92160K), 0.0999370 secs] 3114301K->3066924K(4184064K), 0.1141590 secs] [Times: user=0.36 sys=0.02, real=0.13 secs] 
2013-10-02T01:38:19.188+0000: 982.234: [GC 982.241: [ParNew: 92132K->10240K(92160K), 0.1138010 secs] 3148816K->3088194K(4184064K), 0.1277130 secs] [Times: user=0.37 sys=0.02, real=0.14 secs] 
2013-10-02T01:38:19.351+0000: 982.397: [GC [1 CMS-initial-mark: 3077954K(4091904K)] 3088608K(4184064K), 0.0981290 secs] [Times: user=0.11 sys=0.01, real=0.11 secs] 
2013-10-02T01:38:19.486+0000: 982.522: [CMS-concurrent-mark-start]
2013-10-02T01:38:19.636+0000: 982.681: [GC 982.689: [ParNew: 92160K->10240K(92160K), 0.1196480 secs] 3170427K->3106999K(4184064K), 0.1333840 secs] [Times: user=0.36 sys=0.03, real=0.15 secs] 
2013-10-02T01:38:19.966+0000: 983.012: [GC 983.020: [ParNew: 92160K->10240K(92160K), 0.1866570 secs] 3188919K->3127451K(4184064K), 0.2008320 secs] [Times: user=0.35 sys=0.00, real=0.21 secs] 
2013-10-02T01:38:20.339+0000: 983.385: [GC 983.392: [ParNew: 92160K->10240K(92160K), 0.1466640 secs] 3209371K->3147046K(4184064K), 0.1606720 secs] [Times: user=0.36 sys=0.02, real=0.16 secs] 
2013-10-02T01:38:20.709+0000: 983.754: [GC 983.762: [ParNew: 92160K->10240K(92160K), 0.2250750 secs] 3228966K->3171006K(4184064K), 0.2392720 secs] [Times: user=0.38 sys=0.02, real=0.25 secs] 
2013-10-02T01:38:21.136+0000: 984.181: [GC 984.189: [ParNew: 92159K->10240K(92160K), 0.1287880 secs] 3252926K->3193419K(4184064K), 0.1428600 secs] [Times: user=0.31 sys=0.01, real=0.15 secs] 
2013-10-02T01:38:21.522+0000: 984.568: [GC 984.575: [ParNew: 92160K->10240K(92160K), 0.1563780 secs] 3275339K->3221366K(4184064K), 0.1706350 secs] [Times: user=0.34 sys=0.01, real=0.18 secs] 
2013-10-02T01:38:21.859+0000: 984.904: [GC 984.913: [ParNew: 92160K->10240K(92160K), 0.1414260 secs] 3303286K->3241151K(4184064K), 0.1561760 secs] [Times: user=0.28 sys=0.03, real=0.17 secs] 
2013-10-02T01:38:22.226+0000: 985.272: [GC 985.280: [ParNew: 92160K->10240K(92160K), 0.1397300 secs] 3323071K->3267999K(4184064K), 0.1537700 secs] [Times: user=0.33 sys=0.02, real=0.17 secs] 
2013-10-02T01:38:22.668+0000: 985.714: [GC 985.721: [ParNew: 92160K->10240K(92160K), 0.1746180 secs] 3349919K->3298855K(4184064K), 0.1887110 secs] [Times: user=0.37 sys=0.01, real=0.20 secs] 
2013-10-02T01:38:23.074+0000: 986.120: [GC 986.128: [ParNew: 92160K->10240K(92160K), 0.1525880 secs] 3380775K->3322970K(4184064K), 0.1665980 secs] [Times: user=0.30 sys=0.00, real=0.18 secs] 
2013-10-02T01:38:23.537+0000: 986.582: [GC 986.590: [ParNew: 92160K->10240K(92160K), 0.1451000 secs] 3404890K->3347781K(4184064K), 0.1589520 secs] [Times: user=0.33 sys=0.01, real=0.17 secs] 
2013-10-02T01:38:24.161+0000: 987.206: [GC 987.214: [ParNew: 92160K->10240K(92160K), 0.1489140 secs] 3429701K->3377896K(4184064K), 0.1629500 secs] [Times: user=0.32 sys=0.01, real=0.17 secs] 
2013-10-02T01:38:24.615+0000: 987.661: [GC 987.669: [ParNew: 92160K->10240K(92160K), 0.1777740 secs] 3459816K->3403923K(4184064K), 0.1917600 secs] [Times: user=0.31 sys=0.00, real=0.20 secs] 
2013-10-02T01:38:25.143+0000: 988.189: [GC 988.197: [ParNew: 92159K->10240K(92160K), 0.1350170 secs] 3485842K->3424852K(4184064K), 0.1493780 secs] [Times: user=0.30 sys=0.00, real=0.16 secs] 
2013-10-02T01:38:25.750+0000: 988.796: [GC 988.804: [ParNew: 92160K->10240K(92160K), 0.1737120 secs] 3506772K->3457503K(4184064K), 0.1878030 secs] [Times: user=0.34 sys=0.03, real=0.20 secs] 
2013-10-02T01:38:26.103+0000: 989.148: [GC 989.156: [ParNew: 92160K->10240K(92160K), 0.1632140 secs] 3539423K->3476368K(4184064K), 0.1773800 secs] [Times: user=0.29 sys=0.00, real=0.18 secs] 
2013-10-02T01:38:26.587+0000: 989.633: [GC 989.641: [ParNew: 92160K->10240K(92160K), 0.1519970 secs] 3558288K->3505447K(4184064K), 0.1660330 secs] [Times: user=0.33 sys=0.01, real=0.18 secs] 
2013-10-02T01:38:27.260+0000: 990.305: [GC 990.313: [ParNew: 92120K->10240K(92160K), 0.1574420 secs] 3587328K->3541785K(4184064K), 0.1715410 secs] [Times: user=0.36 sys=0.02, real=0.18 secs] 
2013-10-02T01:38:27.600+0000: 990.646: [GC 990.654: [ParNew: 92160K->10240K(92160K), 0.1289900 secs] 3623705K->3562565K(4184064K), 0.1429080 secs] [Times: user=0.28 sys=0.00, real=0.15 secs] 
2013-10-02T01:38:28.315+0000: 991.360: [GC 991.368: [ParNew: 92153K->10240K(92160K), 0.1105200 secs] 3644478K->3595211K(4184064K), 0.1245440 secs] [Times: user=0.35 sys=0.02, real=0.13 secs] 
2013-10-02T01:38:28.631+0000: 991.676: [GC 991.684: [ParNew: 92112K->10240K(92160K), 0.1192890 secs] 3677084K->3620880K(4184064K), 0.1336190 secs] [Times: user=0.34 sys=0.02, real=0.15 secs] 
2013-10-02T01:38:29.025+0000: 992.071: [GC 992.079: [ParNew: 92160K->10240K(92160K), 0.1573330 secs] 3702800K->3646315K(4184064K), 0.1717150 secs] [Times: user=0.33 sys=0.00, real=0.18 secs] 
2013-10-02T01:38:29.544+0000: 992.590: [GC 992.598: [ParNew: 92160K->10240K(92160K), 0.1695410 secs] 3728235K->3672156K(4184064K), 0.1838550 secs] [Times: user=0.31 sys=0.01, real=0.19 secs] 
2013-10-02T01:38:29.920+0000: 992.965: [GC 992.973: [ParNew: 92160K->10240K(92160K), 0.1180220 secs] 3754076K->3699167K(4184064K), 0.1322240 secs] [Times: user=0.32 sys=0.00, real=0.14 secs] 
2013-10-02T01:38:30.485+0000: 993.531: [GC 993.538: [ParNew: 92156K->10240K(92160K), 0.0932240 secs] 3781083K->3726885K(4184064K), 0.1070230 secs] [Times: user=0.33 sys=0.02, real=0.12 secs] 
2013-10-02T01:38:30.861+0000: 993.907: [GC 993.914: [ParNew: 92160K->10240K(92160K), 0.1693090 secs] 3808805K->3752442K(4184064K), 0.1832270 secs] [Times: user=0.35 sys=0.01, real=0.19 secs] 
2013-10-02T01:38:31.323+0000: 994.369: [GC 994.377: [ParNew: 92160K->10240K(92160K), 0.1078710 secs] 3834362K->3779884K(4184064K), 0.1221470 secs] [Times: user=0.31 sys=0.01, real=0.13 secs] 
2013-10-02T01:38:31.835+0000: 994.881: [GC 994.889: [ParNew: 92160K->10240K(92160K), 0.1210870 secs] 3861804K->3806425K(4184064K), 0.1352530 secs] [Times: user=0.31 sys=0.01, real=0.15 secs] 
2013-10-02T01:38:32.183+0000: 995.229: [GC 995.237: [ParNew: 92160K->10240K(92160K), 0.1060800 secs] 3888345K->3833297K(4184064K), 0.1205190 secs] [Times: user=0.32 sys=0.00, real=0.13 secs] 
2013-10-02T01:38:32.688+0000: 995.733: [GC 995.741: [ParNew: 92155K->10240K(92160K), 0.1282260 secs] 3915212K->3860345K(4184064K), 0.1422610 secs] [Times: user=0.32 sys=0.01, real=0.16 secs] 
2013-10-02T01:38:33.172+0000: 996.217: [GC 996.226: [ParNew: 92128K->10240K(92160K), 0.1334120 secs] 3942233K->3887008K(4184064K), 0.1479360 secs] [Times: user=0.31 sys=0.02, real=0.16 secs] 
2013-10-02T01:38:33.363+0000: 996.399: [CMS-concurrent-mark: 7.711/13.877 secs] [Times: user=24.21 sys=3.65, real=13.89 secs] 
2013-10-02T01:38:33.385+0000: 996.420: [CMS-concurrent-preclean-start]
2013-10-02T01:38:33.608+0000: 996.654: [GC 996.661: [ParNew: 92160K->10240K(92160K), 0.1627710 secs] 3968928K->3913881K(4184064K), 0.1767690 secs] [Times: user=0.34 sys=0.01, real=0.18 secs] 
2013-10-02T01:38:34.102+0000: 997.148: [GC 997.156: [ParNew: 92160K->10240K(92160K), 0.1278330 secs] 3995801K->3938619K(4184064K), 0.1417960 secs] [Times: user=0.30 sys=0.03, real=0.15 secs] 
2013-10-02T01:38:34.622+0000: 997.668: [GC 997.675: [ParNew: 92160K->10240K(92160K), 0.0910690 secs] 4020539K->3965842K(4184064K), 0.1048920 secs] [Times: user=0.30 sys=0.04, real=0.11 secs] 
2013-10-02T01:38:35.080+0000: 998.126: [GC 998.134: [ParNew: 92160K->10240K(92160K), 0.1331010 secs] 4047762K->3987319K(4184064K), 0.1471720 secs] [Times: user=0.31 sys=0.01, real=0.15 secs] 
2013-10-02T01:38:35.600+0000: 998.645: [GC 998.653: [ParNew: 92160K->10240K(92160K), 0.0922990 secs] 4069239K->4013206K(4184064K), 0.1061660 secs] [Times: user=0.32 sys=0.01, real=0.11 secs] 
2013-10-02T01:38:36.313+0000: 999.359: [GC 999.366: [ParNew: 92148K->10240K(92160K), 0.0932990 secs] 4095115K->4040620K(4184064K), 0.1071200 secs] [Times: user=0.32 sys=0.02, real=0.12 secs] 
2013-10-02T01:38:36.849+0000: 999.895: [GC 999.902: [ParNew: 92160K->10240K(92160K), 0.1185410 secs] 4122540K->4064417K(4184064K), 0.1323900 secs] [Times: user=0.34 sys=0.02, real=0.14 secs] 
2013-10-02T01:38:37.337+0000: 1000.372: [CMS-concurrent-preclean: 2.135/3.952 secs] [Times: user=5.86 sys=1.52, real=3.96 secs] 
2013-10-02T01:38:37.356+0000: 1000.392: [CMS-concurrent-abortable-preclean-start]
2013-10-02T01:38:37.455+0000: 1000.491: [CMS-concurrent-abortable-preclean: 0.089/0.099 secs] [Times: user=0.12 sys=0.03, real=0.11 secs] 
2013-10-02T01:38:37.476+0000: 1000.521: [GC[YG occupancy: 82696 K (92160 K)]1000.525: [Rescan (parallel) , 0.0845900 secs]1000.609: [weak refs processing, 0.0107970 secs]1000.620: [class unloading, 0.0025960 secs]1000.623: [scrub symbol table, 0.0016280 secs]1000.624: [scrub string table, 0.0003620 secs] [1 CMS-remark: 4054177K(4091904K)] 4136873K(4184064K), 0.1054530 secs] [Times: user=0.16 sys=0.02, real=0.12 secs] 
2013-10-02T01:38:37.620+0000: 1000.655: [CMS-concurrent-sweep-start]
2013-10-02T01:38:37.751+0000: 1000.797: [GC 1000.805: [ParNew: 92160K->10240K(92160K), 0.1230120 secs] 4146152K->4085127K(4184064K), 0.1370770 secs] [Times: user=0.32 sys=0.02, real=0.14 secs] 
2013-10-02T01:38:38.797+0000: 1001.842: [GC 1001.850: [ParNew: 92151K->10240K(92160K), 0.1104490 secs] 4046783K->3982832K(4184064K), 0.1242360 secs] [Times: user=0.32 sys=0.01, real=0.14 secs] 
2013-10-02T01:38:39.364+0000: 1002.399: [CMS-concurrent-sweep: 1.410/1.744 secs] [Times: user=2.42 sys=0.07, real=1.75 secs] 
2013-10-02T01:38:39.383+0000: 1002.418: [CMS-concurrent-reset-start]
2013-10-02T01:38:39.393+0000: 1002.429: [CMS-concurrent-reset: 0.010/0.010 secs] [Times: user=0.02 sys=0.01, real=0.02 secs] 
2013-10-02T01:38:41.414+0000: 1004.459: [GC [1 CMS-initial-mark: 3629100K(4091904K)] 3707097K(4184064K), 0.1064360 secs] [Times: user=0.11 sys=0.01, real=0.12 secs] 
2013-10-02T01:38:41.556+0000: 1004.591: [CMS-concurrent-mark-start]
2013-10-02T01:38:46.258+0000: 1009.293: [CMS-concurrent-mark: 4.702/4.702 secs] [Times: user=4.78 sys=0.00, real=4.71 secs] 
2013-10-02T01:38:46.277+0000: 1009.312: [CMS-concurrent-preclean-start]
2013-10-02T01:38:46.431+0000: 1009.466: [CMS-concurrent-preclean: 0.120/0.154 secs] [Times: user=0.09 sys=0.03, real=0.17 secs] 
2013-10-02T01:38:46.450+0000: 1009.485: [CMS-concurrent-abortable-preclean-start]
2013-10-02T01:38:48.387+0000: 1011.433: [GC 1011.440: [ParNew: 92160K->10240K(92160K), 0.1412230 secs] 3721260K->3666794K(4184064K), 0.1554680 secs] [Times: user=0.38 sys=0.02, real=0.16 secs] 
2013-10-02T01:38:49.109+0000: 1012.145: [CMS-concurrent-abortable-preclean: 1.220/2.659 secs] [Times: user=1.94 sys=0.48, real=2.67 secs] 
2013-10-02T01:38:49.137+0000: 1012.183: [GC[YG occupancy: 68929 K (92160 K)]1012.187: [Rescan (parallel) , 0.0757380 secs]1012.262: [weak refs processing, 0.0236440 secs]1012.286: [class unloading, 0.0025910 secs]1012.289: [scrub symbol table, 0.0016260 secs]1012.290: [scrub string table, 0.0003630 secs] [1 CMS-remark: 3656554K(4091904K)] 3725483K(4184064K), 0.1098430 secs] [Times: user=0.23 sys=0.01, real=0.12 secs] 
2013-10-02T01:38:49.284+0000: 1012.319: [CMS-concurrent-sweep-start]
2013-10-02T01:38:49.492+0000: 1012.538: [GC 1012.546: [ParNew: 92160K->10240K(92160K), 0.1637740 secs] 3748400K->3715430K(4184064K), 0.1782180 secs] [Times: user=0.46 sys=0.01, real=0.19 secs] 
2013-10-02T01:38:49.940+0000: 1012.986: [GC 1012.993: [ParNew: 92160K->10240K(92160K), 0.1118780 secs] 3797111K->3733565K(4184064K), 0.1258160 secs] [Times: user=0.36 sys=0.02, real=0.13 secs] 
2013-10-02T01:38:50.336+0000: 1013.381: [GC 1013.389: [ParNew: 92160K->10240K(92160K), 0.1251050 secs] 3815155K->3756678K(4184064K), 0.1389440 secs] [Times: user=0.34 sys=0.02, real=0.15 secs] 
2013-10-02T01:38:50.641+0000: 1013.687: [GC 1013.695: [ParNew: 92160K->10240K(92160K), 0.1382120 secs] 3838242K->3777890K(4184064K), 0.1520580 secs] [Times: user=0.46 sys=0.02, real=0.16 secs] 
2013-10-02T01:38:50.905+0000: 1013.950: [GC 1013.958: [ParNew: 92160K->10240K(92160K), 0.0764520 secs] 3859683K->3793712K(4184064K), 0.0901560 secs] [Times: user=0.27 sys=0.01, real=0.10 secs] 
2013-10-02T01:38:51.368+0000: 1014.414: [GC 1014.421: [ParNew: 92152K->10240K(92160K), 0.1167530 secs] 3869380K->3818418K(4184064K), 0.1307100 secs] [Times: user=0.36 sys=0.02, real=0.14 secs] 
2013-10-02T01:38:52.107+0000: 1015.154: [GC 1015.162: [ParNew: 92160K->10240K(92160K), 0.1464320 secs] 3324398K->3276130K(4184064K), 0.1608180 secs] [Times: user=0.38 sys=0.01, real=0.17 secs] 
2013-10-02T01:38:52.416+0000: 1015.461: [GC 1015.469: [ParNew: 92160K->10240K(92160K), 0.1507310 secs] 3298548K->3241470K(4184064K), 0.1650470 secs] [Times: user=0.39 sys=0.01, real=0.18 secs] 
2013-10-02T01:38:52.764+0000: 1015.799: [CMS-concurrent-sweep: 2.037/3.480 secs] [Times: user=7.19 sys=1.05, real=3.49 secs] 
2013-10-02T01:38:52.784+0000: 1015.819: [CMS-concurrent-reset-start]
2013-10-02T01:38:52.794+0000: 1015.829: [CMS-concurrent-reset: 0.010/0.010 secs] [Times: user=0.02 sys=0.00, real=0.02 secs] 
2013-10-02T01:38:52.855+0000: 1015.901: [GC 1015.909: [ParNew: 92160K->10240K(92160K), 0.1011750 secs] 3226795K->3176460K(4184064K), 0.1151610 secs] [Times: user=0.35 sys=0.02, real=0.13 secs] 
2013-10-02T01:38:53.006+0000: 1016.051: [GC [1 CMS-initial-mark: 3166220K(4091904K)] 3177077K(4184064K), 0.0966930 secs] [Times: user=0.11 sys=0.00, real=0.11 secs] 
2013-10-02T01:38:53.141+0000: 1016.177: [CMS-concurrent-mark-start]
2013-10-02T01:38:53.317+0000: 1016.362: [GC 1016.370: [ParNew: 92134K->10240K(92160K), 0.0968760 secs] 3258354K->3202604K(4184064K), 0.1110170 secs] [Times: user=0.34 sys=0.02, real=0.12 secs] 
2013-10-02T01:38:53.780+0000: 1016.825: [GC 1016.833: [ParNew: 92147K->10240K(92160K), 0.1140420 secs] 3284511K->3225128K(4184064K), 0.1278630 secs] [Times: user=0.36 sys=0.01, real=0.13 secs] 
2013-10-02T01:38:54.362+0000: 1017.407: [GC 1017.416: [ParNew: 92160K->10240K(92160K), 0.0937990 secs] 3307048K->3250714K(4184064K), 0.1085080 secs] [Times: user=0.32 sys=0.03, real=0.12 secs] 
2013-10-02T01:38:54.650+0000: 1017.696: [GC 1017.703: [ParNew: 92160K->10240K(92160K), 0.0949670 secs] 3332634K->3276617K(4184064K), 0.1087690 secs] [Times: user=0.31 sys=0.04, real=0.12 secs] 
2013-10-02T01:38:55.155+0000: 1018.201: [GC 1018.209: [ParNew: 92160K->10240K(92160K), 0.1746220 secs] 3358537K->3302649K(4184064K), 0.1888190 secs] [Times: user=0.32 sys=0.02, real=0.20 secs] 
2013-10-02T01:38:55.510+0000: 1018.556: [GC 1018.563: [ParNew: 92160K->10240K(92160K), 0.1642090 secs] 3384569K->3325883K(4184064K), 0.1781690 secs] [Times: user=0.31 sys=0.00, real=0.18 secs] 
2013-10-02T01:38:55.996+0000: 1019.042: [GC 1019.049: [ParNew: 92160K->10240K(92160K), 0.1551400 secs] 3407803K->3350084K(4184064K), 0.1689830 secs] [Times: user=0.33 sys=0.02, real=0.18 secs] 
2013-10-02T01:38:56.529+0000: 1019.575: [GC 1019.583: [ParNew: 92160K->10240K(92160K), 0.1723940 secs] 3432004K->3382607K(4184064K), 0.1865910 secs] [Times: user=0.35 sys=0.03, real=0.19 secs] 
2013-10-02T01:38:56.977+0000: 1020.024: [GC 1020.031: [ParNew: 92160K->10240K(92160K), 0.1443560 secs] 3464527K->3408443K(4184064K), 0.1583970 secs] [Times: user=0.32 sys=0.03, real=0.17 secs] 
2013-10-02T01:38:57.536+0000: 1020.582: [GC 1020.589: [ParNew: 92160K->10240K(92160K), 0.2051260 secs] 3490363K->3435602K(4184064K), 0.2191340 secs] [Times: user=0.34 sys=0.02, real=0.23 secs] 
2013-10-02T01:38:58.120+0000: 1021.165: [GC 1021.173: [ParNew: 92160K->10240K(92160K), 0.1740400 secs] 3517522K->3467186K(4184064K), 0.1883180 secs] [Times: user=0.35 sys=0.00, real=0.19 secs] 
2013-10-02T01:38:58.517+0000: 1021.563: [GC 1021.571: [ParNew: 92160K->10240K(92160K), 0.1527780 secs] 3549106K->3487160K(4184064K), 0.1666690 secs] [Times: user=0.31 sys=0.00, real=0.18 secs] 
2013-10-02T01:38:58.976+0000: 1022.022: [GC 1022.030: [ParNew: 92160K->10240K(92160K), 0.1699910 secs] 3569080K->3517794K(4184064K), 0.1841010 secs] [Times: user=0.34 sys=0.02, real=0.20 secs] 
2013-10-02T01:38:59.498+0000: 1022.544: [GC 1022.551: [ParNew: 92160K->10240K(92160K), 0.1584530 secs] 3599714K->3544687K(4184064K), 0.1723960 secs] [Times: user=0.33 sys=0.01, real=0.19 secs] 
2013-10-02T01:38:59.931+0000: 1022.977: [GC 1022.985: [ParNew: 92160K->10240K(92160K), 0.1414650 secs] 3627031K->3570780K(4184064K), 0.1558350 secs] [Times: user=0.32 sys=0.02, real=0.16 secs] 
2013-10-02T01:39:00.158+0000: 1023.203: [GC 1023.211: [ParNew: 19635K->10194K(92160K), 0.1167770 secs] 3580176K->3580958K(4184064K), 0.1315480 secs] [Times: user=0.25 sys=0.01, real=0.15 secs] 
2013-10-02T01:39:00.493+0000: 1023.539: [GC 1023.546: [ParNew: 92114K->10240K(92160K), 0.1786060 secs] 3662878K->3602435K(4184064K), 0.1925310 secs] [Times: user=0.31 sys=0.00, real=0.20 secs] 
2013-10-02T01:39:00.897+0000: 1023.942: [GC 1023.950: [ParNew: 92126K->10240K(92160K), 0.1596330 secs] 3684322K->3628098K(4184064K), 0.1736150 secs] [Times: user=0.31 sys=0.01, real=0.19 secs] 
2013-10-02T01:39:01.355+0000: 1024.401: [GC 1024.409: [ParNew: 92160K->10240K(92160K), 0.1664110 secs] 3710018K->3654095K(4184064K), 0.1808910 secs] [Times: user=0.36 sys=0.01, real=0.19 secs] 
2013-10-02T01:39:01.882+0000: 1024.927: [GC 1024.935: [ParNew: 92160K->10240K(92160K), 0.1788740 secs] 3736015K->3681628K(4184064K), 0.1929250 secs] [Times: user=0.35 sys=0.01, real=0.20 secs] 
2013-10-02T01:39:02.389+0000: 1025.435: [GC 1025.443: [ParNew: 92160K->10240K(92160K), 0.1647090 secs] 3763548K->3709399K(4184064K), 0.1786630 secs] [Times: user=0.35 sys=0.01, real=0.18 secs] 
2013-10-02T01:39:02.811+0000: 1025.857: [GC 1025.864: [ParNew: 92160K->10240K(92160K), 0.1425800 secs] 3791319K->3735605K(4184064K), 0.1565020 secs] [Times: user=0.32 sys=0.02, real=0.16 secs] 
2013-10-02T01:39:03.237+0000: 1026.283: [GC 1026.290: [ParNew: 92160K->10240K(92160K), 0.1661210 secs] 3817525K->3761736K(4184064K), 0.1800940 secs] [Times: user=0.33 sys=0.01, real=0.20 secs] 
2013-10-02T01:39:03.652+0000: 1026.697: [GC 1026.705: [ParNew: 92160K->10240K(92160K), 0.1781290 secs] 3843656K->3788938K(4184064K), 0.1920370 secs] [Times: user=0.35 sys=0.00, real=0.20 secs] 
2013-10-02T01:39:04.198+0000: 1027.244: [GC 1027.252: [ParNew: 92160K->10240K(92160K), 0.1903630 secs] 3870858K->3815616K(4184064K), 0.2045250 secs] [Times: user=0.37 sys=0.01, real=0.22 secs] 
2013-10-02T01:39:04.676+0000: 1027.722: [GC 1027.730: [ParNew: 92151K->10240K(92160K), 0.1866620 secs] 3897527K->3842316K(4184064K), 0.2007280 secs] [Times: user=0.36 sys=0.01, real=0.22 secs] 
2013-10-02T01:39:05.108+0000: 1028.153: [GC 1028.161: [ParNew: 92160K->10240K(92160K), 0.1385730 secs] 3924236K->3867360K(4184064K), 0.1527960 secs] [Times: user=0.32 sys=0.01, real=0.16 secs] 
2013-10-02T01:39:05.601+0000: 1028.646: [GC 1028.654: [ParNew: 92160K->10240K(92160K), 0.1822420 secs] 3949280K->3893642K(4184064K), 0.1962090 secs] [Times: user=0.33 sys=0.02, real=0.21 secs] 
2013-10-02T01:39:06.098+0000: 1029.144: [GC 1029.151: [ParNew: 92160K->10240K(92160K), 0.1433590 secs] 3975562K->3920983K(4184064K), 0.1573100 secs] [Times: user=0.33 sys=0.02, real=0.16 secs] 
2013-10-02T01:39:06.450+0000: 1029.485: [CMS-concurrent-mark: 7.248/13.308 secs] [Times: user=22.68 sys=3.60, real=13.32 secs] 
2013-10-02T01:39:06.474+0000: 1029.509: [CMS-concurrent-preclean-start]
2013-10-02T01:39:06.594+0000: 1029.639: [GC 1029.647: [ParNew: 92160K->10240K(92160K), 0.1945240 secs] 4002903K->3945841K(4184064K), 0.2085860 secs] [Times: user=0.42 sys=0.01, real=0.22 secs] 
2013-10-02T01:39:07.302+0000: 1030.347: [GC 1030.355: [ParNew: 92160K->10240K(92160K), 0.1536150 secs] 4027761K->3973290K(4184064K), 0.1675710 secs] [Times: user=0.34 sys=0.02, real=0.18 secs] 
2013-10-02T01:39:07.946+0000: 1030.992: [GC 1031.000: [ParNew: 92160K->10240K(92160K), 0.1380030 secs] 4055210K->3994897K(4184064K), 0.1519500 secs] [Times: user=0.31 sys=0.02, real=0.17 secs] 
2013-10-02T01:39:08.479+0000: 1031.525: [GC 1031.533: [ParNew: 92160K->10240K(92160K), 0.1777240 secs] 4076817K->4018807K(4184064K), 0.2015240 secs] [Times: user=0.32 sys=0.00, real=0.21 secs] 
2013-10-02T01:39:09.100+0000: 1032.145: [GC 1032.153: [ParNew: 92146K->10240K(92160K), 0.1171490 secs] 4100713K->4040807K(4184064K), 0.1311140 secs] [Times: user=0.30 sys=0.02, real=0.14 secs] 
2013-10-02T01:39:10.034+0000: 1033.069: [CMS-concurrent-preclean: 1.924/3.560 secs] [Times: user=4.55 sys=1.20, real=3.57 secs] 
2013-10-02T01:39:10.054+0000: 1033.089: [CMS-concurrent-abortable-preclean-start]
2013-10-02T01:39:10.144+0000: 1033.179: [CMS-concurrent-abortable-preclean: 0.083/0.090 secs] [Times: user=0.09 sys=0.03, real=0.10 secs] 
2013-10-02T01:39:10.164+0000: 1033.209: [GC[YG occupancy: 69815 K (92160 K)]1033.213: [Rescan (parallel) , 0.0492520 secs]1033.262: [weak refs processing, 0.0139290 secs]1033.276: [class unloading, 0.0025530 secs]1033.279: [scrub symbol table, 0.0016620 secs]1033.281: [scrub string table, 0.0003730 secs] [1 CMS-remark: 4030567K(4091904K)] 4100382K(4184064K), 0.0731380 secs] [Times: user=0.17 sys=0.00, real=0.09 secs] 
2013-10-02T01:39:10.274+0000: 1033.310: [CMS-concurrent-sweep-start]
2013-10-02T01:39:10.537+0000: 1033.582: [GC 1033.590: [ParNew: 92160K->10240K(92160K), 0.1291340 secs] 4122466K->4066635K(4184064K), 0.1432980 secs] [Times: user=0.32 sys=0.02, real=0.15 secs] 
2013-10-02T01:39:11.939+0000: 1034.974: [CMS-concurrent-sweep: 1.485/1.664 secs] [Times: user=2.05 sys=0.10, real=1.68 secs] 
2013-10-02T01:39:11.958+0000: 1034.994: [CMS-concurrent-reset-start]
2013-10-02T01:39:11.968+0000: 1035.004: [CMS-concurrent-reset: 0.010/0.010 secs] [Times: user=0.02 sys=0.00, real=0.02 secs] 
2013-10-02T01:39:13.086+0000: 1036.131: [GC 1036.139: [ParNew: 92131K->10240K(92160K), 0.1381030 secs] 3669710K->3606032K(4184064K), 0.1523310 secs] [Times: user=0.34 sys=0.02, real=0.17 secs] 
2013-10-02T01:39:13.274+0000: 1036.319: [GC [1 CMS-initial-mark: 3595792K(4091904K)] 3606354K(4184064K), 0.0888210 secs] [Times: user=0.09 sys=0.00, real=0.10 secs] 
2013-10-02T01:39:13.399+0000: 1036.435: [CMS-concurrent-mark-start]
2013-10-02T01:39:18.202+0000: 1041.237: [CMS-concurrent-mark: 4.802/4.802 secs] [Times: user=4.90 sys=0.00, real=4.81 secs] 
2013-10-02T01:39:18.221+0000: 1041.256: [CMS-concurrent-preclean-start]
2013-10-02T01:39:18.279+0000: 1041.314: [CMS-concurrent-preclean: 0.050/0.058 secs] [Times: user=0.07 sys=0.00, real=0.07 secs] 
2013-10-02T01:39:18.298+0000: 1041.334: [CMS-concurrent-abortable-preclean-start]
2013-10-02T01:39:20.216+0000: 1043.262: [GC 1043.270: [ParNew: 92154K->10240K(92160K), 0.1486250 secs] 3687946K->3658492K(4184064K), 0.1628900 secs] [Times: user=0.48 sys=0.01, real=0.17 secs] 
2013-10-02T01:39:20.801+0000: 1043.847: [GC 1043.854: [ParNew: 92129K->10240K(92160K), 0.1605870 secs] 3740381K->3688850K(4184064K), 0.1746760 secs] [Times: user=0.35 sys=0.01, real=0.18 secs] 
2013-10-02T01:39:21.220+0000: 1044.266: [GC 1044.273: [ParNew: 92160K->10240K(92160K), 0.1309570 secs] 3770861K->3717843K(4184064K), 0.1450140 secs] [Times: user=0.35 sys=0.00, real=0.16 secs] 
2013-10-02T01:39:21.787+0000: 1044.833: [GC 1044.840: [ParNew: 92160K->10240K(92160K), 0.1407740 secs] 3799763K->3739047K(4184064K), 0.1546230 secs] [Times: user=0.30 sys=0.02, real=0.16 secs] 
2013-10-02T01:39:21.991+0000: 1045.027: [CMS-concurrent-abortable-preclean: 2.085/3.693 secs] [Times: user=4.58 sys=1.00, real=3.70 secs] 
2013-10-02T01:39:22.012+0000: 1045.057: [GC[YG occupancy: 28867 K (92160 K)]1045.060: [Rescan (parallel) , 0.1022000 secs]1045.163: [weak refs processing, 0.0249850 secs]1045.188: [class unloading, 0.0026680 secs]1045.191: [scrub symbol table, 0.0016320 secs]1045.192: [scrub string table, 0.0004010 secs] [1 CMS-remark: 3728807K(4091904K)] 3757675K(4184064K), 0.1381640 secs] [Times: user=0.38 sys=0.01, real=0.15 secs] 
2013-10-02T01:39:22.188+0000: 1045.223: [CMS-concurrent-sweep-start]
2013-10-02T01:39:22.329+0000: 1045.375: [GC 1045.383: [ParNew: 92160K->10240K(92160K), 0.1843640 secs] 3820849K->3763682K(4184064K), 0.2006090 secs] [Times: user=0.34 sys=0.02, real=0.21 secs] 
2013-10-02T01:39:22.689+0000: 1045.735: [GC 1045.742: [ParNew: 92160K->10240K(92160K), 0.1434060 secs] 3845475K->3784521K(4184064K), 0.1572610 secs] [Times: user=0.30 sys=0.02, real=0.17 secs] 
2013-10-02T01:39:23.193+0000: 1046.239: [GC 1046.247: [ParNew: 92160K->10240K(92160K), 0.1214090 secs] 3866679K->3815296K(4184064K), 0.1355290 secs] [Times: user=0.35 sys=0.02, real=0.15 secs] 
2013-10-02T01:39:23.557+0000: 1046.603: [GC 1046.610: [ParNew: 92160K->10240K(92160K), 0.1017340 secs] 3896935K->3847985K(4184064K), 0.1158540 secs] [Times: user=0.34 sys=0.04, real=0.12 secs] 
2013-10-02T01:39:24.204+0000: 1047.250: [GC 1047.257: [ParNew: 92160K->10240K(92160K), 0.1675270 secs] 3920179K->3867898K(4184064K), 0.1814870 secs] [Times: user=0.35 sys=0.01, real=0.20 secs] 
2013-10-02T01:39:24.653+0000: 1047.699: [GC 1047.707: [ParNew: 92160K->10240K(92160K), 0.1853120 secs] 3886535K->3832449K(4184064K), 0.1992470 secs] [Times: user=0.34 sys=0.00, real=0.21 secs] 
2013-10-02T01:39:25.026+0000: 1048.071: [GC 1048.079: [ParNew: 92160K->10240K(92160K), 0.1159620 secs] 3830646K->3766723K(4184064K), 0.1300640 secs] [Times: user=0.36 sys=0.01, real=0.14 secs] 
2013-10-02T01:39:25.421+0000: 1048.466: [GC 1048.474: [ParNew: 92154K->10240K(92160K), 0.1730000 secs] 3700872K->3646897K(4184064K), 0.1869370 secs] [Times: user=0.35 sys=0.02, real=0.20 secs] 
2013-10-02T01:39:25.797+0000: 1048.843: [GC 1048.851: [ParNew: 92160K->10240K(92160K), 0.1598020 secs] 3674688K->3619341K(4184064K), 0.1738680 secs] [Times: user=0.36 sys=0.02, real=0.18 secs] 
2013-10-02T01:39:26.257+0000: 1049.293: [CMS-concurrent-sweep: 2.227/4.070 secs] [Times: user=7.59 sys=1.18, real=4.08 secs] 
2013-10-02T01:39:26.277+0000: 1049.313: [CMS-concurrent-reset-start]
2013-10-02T01:39:26.302+0000: 1049.338: [CMS-concurrent-reset: 0.025/0.025 secs] [Times: user=0.05 sys=0.02, real=0.03 secs] 
2013-10-02T01:39:26.394+0000: 1049.440: [GC 1049.448: [ParNew: 92160K->10240K(92160K), 0.1321630 secs] 3378859K->3328576K(4184064K), 0.1461670 secs] [Times: user=0.38 sys=0.04, real=0.16 secs] 
2013-10-02T01:39:26.576+0000: 1049.622: [GC [1 CMS-initial-mark: 3318336K(4091904K)] 3330411K(4184064K), 0.0955060 secs] [Times: user=0.10 sys=0.00, real=0.10 secs] 
2013-10-02T01:39:26.708+0000: 1049.743: [CMS-concurrent-mark-start]
2013-10-02T01:39:26.840+0000: 1049.886: [GC 1049.894: [ParNew: 92160K->10240K(92160K), 0.1867930 secs] 3410496K->3354020K(4184064K), 0.2009440 secs] [Times: user=0.32 sys=0.02, real=0.21 secs] 
2013-10-02T01:39:27.273+0000: 1050.318: [GC 1050.326: [ParNew: 92160K->10240K(92160K), 0.1550810 secs] 3435940K->3379946K(4184064K), 0.1689410 secs] [Times: user=0.34 sys=0.01, real=0.18 secs] 
2013-10-02T01:39:27.786+0000: 1050.837: [GC 1050.848: [ParNew: 92160K->10240K(92160K), 0.1691200 secs] 3461866K->3403370K(4184064K), 0.1862770 secs] [Times: user=0.34 sys=0.01, real=0.21 secs] 
2013-10-02T01:39:28.254+0000: 1051.299: [GC 1051.307: [ParNew: 92156K->10240K(92160K), 0.1242000 secs] 3485286K->3431713K(4184064K), 0.1384990 secs] [Times: user=0.35 sys=0.02, real=0.15 secs] 
2013-10-02T01:39:28.765+0000: 1051.811: [GC 1051.819: [ParNew: 92160K->10240K(92160K), 0.1886150 secs] 3513633K->3457331K(4184064K), 0.2027210 secs] [Times: user=0.35 sys=0.01, real=0.22 secs] 
2013-10-02T01:39:29.204+0000: 1052.249: [GC 1052.257: [ParNew: 92160K->10240K(92160K), 0.1401730 secs] 3539251K->3483690K(4184064K), 0.1543220 secs] [Times: user=0.36 sys=0.01, real=0.17 secs] 
2013-10-02T01:39:29.561+0000: 1052.607: [GC 1052.615: [ParNew: 92160K->10240K(92160K), 0.1457610 secs] 3565610K->3511090K(4184064K), 0.1599340 secs] [Times: user=0.33 sys=0.02, real=0.17 secs] 
2013-10-02T01:39:30.132+0000: 1053.178: [GC 1053.186: [ParNew: 92160K->10240K(92160K), 0.1003280 secs] 3593010K->3537104K(4184064K), 0.1143480 secs] [Times: user=0.35 sys=0.01, real=0.13 secs] 
2013-10-02T01:39:30.685+0000: 1053.731: [GC 1053.738: [ParNew: 92160K->10240K(92160K), 0.1203530 secs] 3619024K->3565857K(4184064K), 0.1341910 secs] [Times: user=0.34 sys=0.03, real=0.15 secs] 
2013-10-02T01:39:31.111+0000: 1054.162: [GC 1054.171: [ParNew: 92160K->10240K(92160K), 0.1533980 secs] 3647777K->3592368K(4184064K), 0.1686040 secs] [Times: user=0.38 sys=0.01, real=0.19 secs] 
2013-10-02T01:39:31.589+0000: 1054.634: [GC 1054.642: [ParNew: 92160K->10240K(92160K), 0.1263830 secs] 3674288K->3617384K(4184064K), 0.1403940 secs] [Times: user=0.34 sys=0.01, real=0.15 secs] 
2013-10-02T01:39:32.002+0000: 1055.047: [GC 1055.055: [ParNew: 92117K->10240K(92160K), 0.2037390 secs] 3699261K->3645216K(4184064K), 0.2176470 secs] [Times: user=0.37 sys=0.01, real=0.23 secs] 
2013-10-02T01:39:32.510+0000: 1055.555: [GC 1055.563: [ParNew: 92154K->10240K(92160K), 0.0983540 secs] 3727130K->3671124K(4184064K), 0.1123460 secs] [Times: user=0.34 sys=0.02, real=0.12 secs] 
2013-10-02T01:39:32.932+0000: 1055.977: [GC 1055.985: [ParNew: 92160K->10240K(92160K), 0.2123310 secs] 3753044K->3697990K(4184064K), 0.2262290 secs] [Times: user=0.37 sys=0.00, real=0.24 secs] 
2013-10-02T01:39:33.433+0000: 1056.479: [GC 1056.486: [ParNew: 92160K->10240K(92160K), 0.1297850 secs] 3779910K->3725006K(4184064K), 0.1438030 secs] [Times: user=0.34 sys=0.01, real=0.16 secs] 
2013-10-02T01:39:33.897+0000: 1056.943: [GC 1056.950: [ParNew: 92160K->10240K(92160K), 0.1431970 secs] 3806926K->3752299K(4184064K), 0.1571210 secs] [Times: user=0.34 sys=0.01, real=0.16 secs] 
2013-10-02T01:39:34.390+0000: 1057.435: [GC 1057.443: [ParNew: 92160K->10240K(92160K), 0.1662610 secs] 3834219K->3779181K(4184064K), 0.1802650 secs] [Times: user=0.34 sys=0.01, real=0.19 secs] 
2013-10-02T01:39:34.868+0000: 1057.914: [GC 1057.922: [ParNew: 92160K->10240K(92160K), 0.1191530 secs] 3861101K->3805442K(4184064K), 0.1333310 secs] [Times: user=0.35 sys=0.02, real=0.14 secs] 
2013-10-02T01:39:35.313+0000: 1058.359: [GC 1058.367: [ParNew: 92160K->10240K(92160K), 0.1791800 secs] 3887362K->3832984K(4184064K), 0.1932100 secs] [Times: user=0.35 sys=0.01, real=0.21 secs] 
2013-10-02T01:39:35.798+0000: 1058.844: [GC 1058.852: [ParNew: 92155K->10240K(92160K), 0.0972270 secs] 3914900K->3858384K(4184064K), 0.1110680 secs] [Times: user=0.34 sys=0.02, real=0.12 secs] 
2013-10-02T01:39:36.226+0000: 1059.272: [GC 1059.280: [ParNew: 92160K->10240K(92160K), 0.1396890 secs] 3940304K->3885842K(4184064K), 0.1543220 secs] [Times: user=0.34 sys=0.00, real=0.18 secs] 
2013-10-02T01:39:36.741+0000: 1059.786: [GC 1059.794: [ParNew: 92155K->10240K(92160K), 0.1308200 secs] 3967757K->3912015K(4184064K), 0.1450790 secs] [Times: user=0.34 sys=0.03, real=0.16 secs] 
2013-10-02T01:39:37.184+0000: 1060.230: [GC 1060.238: [ParNew: 92160K->10240K(92160K), 0.1727190 secs] 3993935K->3940274K(4184064K), 0.1869450 secs] [Times: user=0.34 sys=0.01, real=0.19 secs] 
2013-10-02T01:39:37.930+0000: 1060.975: [GC 1060.983: [ParNew: 92160K->10240K(92160K), 0.0953790 secs] 4022194K->3967650K(4184064K), 0.1096580 secs] [Times: user=0.33 sys=0.03, real=0.12 secs] 
2013-10-02T01:39:38.259+0000: 1061.305: [GC 1061.312: [ParNew: 92160K->10240K(92160K), 0.1267670 secs] 4049570K->3990952K(4184064K), 0.1406000 secs] [Times: user=0.31 sys=0.01, real=0.15 secs] 
2013-10-02T01:39:38.514+0000: 1061.550: [CMS-concurrent-mark: 6.859/11.807 secs] [Times: user=20.86 sys=3.12, real=11.81 secs] 
2013-10-02T01:39:38.537+0000: 1061.573: [CMS-concurrent-preclean-start]
2013-10-02T01:39:38.943+0000: 1061.989: [GC 1061.996: [ParNew: 92160K->10240K(92160K), 0.1182530 secs] 4072872K->4018573K(4184064K), 0.1323000 secs] [Times: user=0.35 sys=0.02, real=0.14 secs] 
2013-10-02T01:39:39.504+0000: 1062.550: [GC 1062.558: [ParNew (promotion failed): 92160K->92160K(92160K), 0.2329440 secs]1062.791: [CMS2013-10-02T01:39:40.745+0000: 1063.780: [CMS-concurrent-preclean: 1.252/2.208 secs] [Times: user=2.31 sys=0.70, real=2.22 secs] 
 (concurrent mode failure): 4017998K->2988052K(4091904K), 11.2056500 secs] 4100493K->2988052K(4184064K), [CMS Perm : 13474K->13474K(65536K)], 11.4528660 secs] [Times: user=11.45 sys=0.32, real=11.46 secs] 
2013-10-02T01:39:51.241+0000: 1074.287: [GC 1074.295: [ParNew: 81915K->10240K(92160K), 0.1688060 secs] 3069967K->3040418K(4184064K), 0.1831200 secs] [Times: user=0.43 sys=0.02, real=0.19 secs] 
2013-10-02T01:39:51.595+0000: 1074.640: [GC 1074.648: [ParNew: 92160K->10240K(92160K), 0.0880340 secs] 3122338K->3063168K(4184064K), 0.1020560 secs] [Times: user=0.33 sys=0.00, real=0.12 secs] 
2013-10-02T01:39:51.864+0000: 1074.910: [GC 1074.917: [ParNew: 92160K->10240K(92160K), 0.0966210 secs] 3145088K->3081612K(4184064K), 0.1108230 secs] [Times: user=0.31 sys=0.00, real=0.12 secs] 
2013-10-02T01:39:52.011+0000: 1075.056: [GC [1 CMS-initial-mark: 3071372K(4091904K)] 3082019K(4184064K), 0.0954930 secs] [Times: user=0.10 sys=0.00, real=0.11 secs] 
2013-10-02T01:39:52.142+0000: 1075.177: [CMS-concurrent-mark-start]
2013-10-02T01:39:52.303+0000: 1075.349: [GC 1075.356: [ParNew: 92160K->10240K(92160K), 0.1315080 secs] 3163845K->3099099K(4184064K), 0.1452980 secs] [Times: user=0.41 sys=0.02, real=0.15 secs] 
2013-10-02T01:39:52.490+0000: 1075.536: [GC 1075.544: [ParNew: 10434K->10219K(92160K), 0.0806480 secs] 3099294K->3109322K(4184064K), 0.0946720 secs] [Times: user=0.22 sys=0.00, real=0.11 secs] 
2013-10-02T01:39:52.733+0000: 1075.778: [GC 1075.786: [ParNew: 92139K->10240K(92160K), 0.1148040 secs] 3191242K->3115940K(4184064K), 0.1286920 secs] [Times: user=0.30 sys=0.01, real=0.14 secs] 
2013-10-02T01:39:53.036+0000: 1076.082: [GC 1076.089: [ParNew: 92160K->10240K(92160K), 0.1373100 secs] 3197860K->3139700K(4184064K), 0.1521660 secs] [Times: user=0.36 sys=0.03, real=0.16 secs] 
2013-10-02T01:39:53.300+0000: 1076.346: [GC 1076.353: [ParNew: 92160K->10240K(92160K), 0.1411750 secs] 3221620K->3157812K(4184064K), 0.1549250 secs] [Times: user=0.43 sys=0.02, real=0.17 secs] 
2013-10-02T01:39:53.610+0000: 1076.656: [GC 1076.663: [ParNew: 92160K->10240K(92160K), 0.0861560 secs] 3239732K->3183434K(4184064K), 0.1000420 secs] [Times: user=0.30 sys=0.02, real=0.11 secs] 
2013-10-02T01:39:53.862+0000: 1076.908: [GC 1076.915: [ParNew: 92160K->10240K(92160K), 0.1068930 secs] 3265354K->3202975K(4184064K), 0.1207070 secs] [Times: user=0.32 sys=0.01, real=0.13 secs] 
2013-10-02T01:39:54.647+0000: 1077.693: [GC 1077.700: [ParNew: 92160K->10240K(92160K), 0.1042580 secs] 3284895K->3241557K(4184064K), 0.1182350 secs] [Times: user=0.35 sys=0.03, real=0.13 secs] 
2013-10-02T01:39:55.040+0000: 1078.086: [GC 1078.094: [ParNew: 92160K->10240K(92160K), 0.1054130 secs] 3323477K->3265953K(4184064K), 0.1193530 secs] [Times: user=0.34 sys=0.01, real=0.13 secs] 
2013-10-02T01:39:55.503+0000: 1078.549: [GC 1078.557: [ParNew: 92160K->10240K(92160K), 0.1198460 secs] 3347873K->3293886K(4184064K), 0.1337600 secs] [Times: user=0.34 sys=0.02, real=0.14 secs] 
2013-10-02T01:39:55.853+0000: 1078.898: [GC 1078.906: [ParNew: 92160K->10240K(92160K), 0.1167640 secs] 3375806K->3319005K(4184064K), 0.1309310 secs] [Times: user=0.34 sys=0.00, real=0.14 secs] 
2013-10-02T01:39:56.236+0000: 1079.282: [GC 1079.290: [ParNew: 92157K->10240K(92160K), 0.0850750 secs] 3400923K->3343860K(4184064K), 0.0989450 secs] [Times: user=0.30 sys=0.03, real=0.11 secs] 
2013-10-02T01:39:56.811+0000: 1079.856: [GC 1079.864: [ParNew: 92156K->10240K(92160K), 0.1502940 secs] 3425776K->3371954K(4184064K), 0.1643530 secs] [Times: user=0.41 sys=0.02, real=0.18 secs] 
2013-10-02T01:39:57.288+0000: 1080.334: [GC 1080.341: [ParNew: 92160K->10240K(92160K), 0.0888140 secs] 3453874K->3399168K(4184064K), 0.1026290 secs] [Times: user=0.31 sys=0.03, real=0.11 secs] 
2013-10-02T01:39:57.728+0000: 1080.773: [GC 1080.781: [ParNew: 92160K->10240K(92160K), 0.1569150 secs] 3481088K->3424708K(4184064K), 0.1710660 secs] [Times: user=0.31 sys=0.02, real=0.18 secs] 
2013-10-02T01:39:58.106+0000: 1081.151: [GC 1081.159: [ParNew: 92159K->10240K(92160K), 0.1959750 secs] 3506627K->3447231K(4184064K), 0.2100800 secs] [Times: user=0.35 sys=0.00, real=0.22 secs] 
2013-10-02T01:39:58.702+0000: 1081.748: [GC 1081.757: [ParNew: 92156K->10240K(92160K), 0.1879440 secs] 3529147K->3476907K(4184064K), 0.2035950 secs] [Times: user=0.34 sys=0.01, real=0.22 secs] 
2013-10-02T01:39:59.146+0000: 1082.192: [GC 1082.200: [ParNew: 92160K->10240K(92160K), 0.1453420 secs] 3558827K->3500504K(4184064K), 0.1601740 secs] [Times: user=0.31 sys=0.02, real=0.17 secs] 
2013-10-02T01:39:59.522+0000: 1082.567: [GC 1082.575: [ParNew: 92160K->10240K(92160K), 0.1752330 secs] 3582424K->3529634K(4184064K), 0.1893120 secs] [Times: user=0.33 sys=0.01, real=0.20 secs] 
2013-10-02T01:40:00.109+0000: 1083.155: [GC 1083.162: [ParNew: 92155K->10240K(92160K), 0.1710990 secs] 3611549K->3559499K(4184064K), 0.1850700 secs] [Times: user=0.34 sys=0.00, real=0.20 secs] 
2013-10-02T01:40:00.526+0000: 1083.571: [GC 1083.579: [ParNew: 92160K->10240K(92160K), 0.1779160 secs] 3641419K->3587389K(4184064K), 0.1918870 secs] [Times: user=0.35 sys=0.00, real=0.20 secs] 
2013-10-02T01:40:01.114+0000: 1084.161: [GC 1084.253: [ParNew: 92160K->10240K(92160K), 0.1532710 secs] 3669309K->3615518K(4184064K), 0.1673930 secs] [Times: user=0.37 sys=0.02, real=0.26 secs] 
2013-10-02T01:40:01.582+0000: 1084.627: [GC 1084.635: [ParNew: 92160K->10240K(92160K), 0.1721910 secs] 3697438K->3641418K(4184064K), 0.1866330 secs] [Times: user=0.31 sys=0.01, real=0.20 secs] 
2013-10-02T01:40:01.955+0000: 1085.001: [GC 1085.009: [ParNew: 92160K->10240K(92160K), 0.1468610 secs] 3723338K->3665150K(4184064K), 0.1610090 secs] [Times: user=0.31 sys=0.02, real=0.17 secs] 
2013-10-02T01:40:02.444+0000: 1085.489: [GC 1085.497: [ParNew: 92155K->10240K(92160K), 0.1424890 secs] 3747065K->3692544K(4184064K), 0.1570230 secs] [Times: user=0.36 sys=0.01, real=0.16 secs] 
2013-10-02T01:40:02.922+0000: 1085.969: [GC 1085.977: [ParNew: 92160K->10240K(92160K), 0.1692850 secs] 3774464K->3719113K(4184064K), 0.1834070 secs] [Times: user=0.35 sys=0.01, real=0.20 secs] 
2013-10-02T01:40:03.408+0000: 1086.454: [GC 1086.461: [ParNew: 92159K->10240K(92160K), 0.1506720 secs] 3801033K->3748902K(4184064K), 0.1646360 secs] [Times: user=0.35 sys=0.02, real=0.18 secs] 
2013-10-02T01:40:03.887+0000: 1086.933: [GC 1086.941: [ParNew: 92160K->10240K(92160K), 0.1680260 secs] 3831158K->3774550K(4184064K), 0.1823290 secs] [Times: user=0.33 sys=0.03, real=0.19 secs] 
2013-10-02T01:40:04.142+0000: 1087.188: [GC 1087.195: [ParNew: 16934K->10208K(92160K), 0.1071930 secs] 3781244K->3784725K(4184064K), 0.1218020 secs] [Times: user=0.24 sys=0.01, real=0.13 secs] 
2013-10-02T01:40:04.409+0000: 1087.455: [GC 1087.462: [ParNew: 92128K->10240K(92160K), 0.1208720 secs] 3866645K->3802112K(4184064K), 0.1350100 secs] [Times: user=0.23 sys=0.02, real=0.14 secs] 
2013-10-02T01:40:04.790+0000: 1087.836: [GC 1087.844: [ParNew: 92160K->10240K(92160K), 0.1499760 secs] 3884032K->3830757K(4184064K), 0.1642990 secs] [Times: user=0.34 sys=0.02, real=0.18 secs] 
2013-10-02T01:40:05.269+0000: 1088.315: [GC 1088.323: [ParNew: 92160K->10240K(92160K), 0.1499550 secs] 3912677K->3858704K(4184064K), 0.1643280 secs] [Times: user=0.34 sys=0.01, real=0.18 secs] 
2013-10-02T01:40:05.739+0000: 1088.785: [GC 1088.793: [ParNew: 92160K->10240K(92160K), 0.1737130 secs] 3940624K->3885056K(4184064K), 0.1878920 secs] [Times: user=0.34 sys=0.02, real=0.20 secs] 
2013-10-02T01:40:05.982+0000: 1089.017: [CMS-concurrent-mark: 7.264/13.840 secs] [Times: user=25.26 sys=3.86, real=13.85 secs] 
2013-10-02T01:40:06.017+0000: 1089.052: [CMS-concurrent-preclean-start]
2013-10-02T01:40:06.344+0000: 1089.389: [GC 1089.397: [ParNew: 92130K->10240K(92160K), 0.1381850 secs] 3966946K->3914766K(4184064K), 0.1524410 secs] [Times: user=0.32 sys=0.02, real=0.16 secs] 
2013-10-02T01:40:06.699+0000: 1089.745: [GC 1089.752: [ParNew: 92152K->10240K(92160K), 0.1631180 secs] 3996679K->3939647K(4184064K), 0.1776850 secs] [Times: user=0.28 sys=0.04, real=0.19 secs] 
2013-10-02T01:40:07.122+0000: 1090.168: [GC 1090.176: [ParNew: 92160K->10240K(92160K), 0.1537120 secs] 4021567K->3964958K(4184064K), 0.1680720 secs] [Times: user=0.31 sys=0.00, real=0.18 secs] 
2013-10-02T01:40:07.633+0000: 1090.678: [GC 1090.686: [ParNew: 92160K->10240K(92160K), 0.1669870 secs] 4046878K->3992438K(4184064K), 0.1811180 secs] [Times: user=0.34 sys=0.01, real=0.20 secs] 
2013-10-02T01:40:08.152+0000: 1091.198: [GC 1091.206: [ParNew: 92160K->10240K(92160K), 0.1847330 secs] 4074358K->4015994K(4184064K), 0.1992600 secs] [Times: user=0.34 sys=0.01, real=0.21 secs] 
2013-10-02T01:40:08.588+0000: 1091.634: [GC 1091.641: [ParNew: 92160K->10240K(92160K), 0.1376620 secs] 4097914K->4044063K(4184064K), 0.1517210 secs] [Times: user=0.32 sys=0.02, real=0.16 secs] 
2013-10-02T01:40:09.116+0000: 1092.162: [GC 1092.170: [ParNew: 92145K->10240K(92160K), 0.2113030 secs] 4125969K->4067688K(4184064K), 0.2252740 secs] [Times: user=0.32 sys=0.02, real=0.24 secs] 
2013-10-02T01:40:09.627+0000: 1092.673: [GC 1092.681: [ParNew: 92160K->10240K(92160K), 0.1354400 secs] 4149608K->4094180K(4184064K), 0.1497790 secs] [Times: user=0.31 sys=0.01, real=0.16 secs] 
2013-10-02T01:40:10.491+0000: 1093.537: [GC 1093.544: [ParNew: 92160K->92160K(92160K), 0.0000420 secs]1093.544: [CMS2013-10-02T01:40:11.174+0000: 1094.210: [CMS-concurrent-preclean: 2.450/5.157 secs] [Times: user=6.52 sys=1.95, real=5.18 secs] 
 (concurrent mode failure): 4083940K->2955558K(4091904K), 10.4935930 secs] 4176100K->2955558K(4184064K), [CMS Perm : 13474K->13474K(65536K)], 10.5072900 secs] [Times: user=10.48 sys=0.20, real=10.51 secs] 
2013-10-02T01:40:21.193+0000: 1104.238: [GC 1104.246: [ParNew: 81920K->10240K(92160K), 0.0861520 secs] 3037478K->2985513K(4184064K), 0.1002090 secs] [Times: user=0.32 sys=0.01, real=0.11 secs] 
2013-10-02T01:40:21.400+0000: 1104.446: [GC 1104.453: [ParNew: 92160K->10240K(92160K), 0.1060310 secs] 3067433K->3003935K(4184064K), 0.1198670 secs] [Times: user=0.31 sys=0.01, real=0.13 secs] 
2013-10-02T01:40:21.788+0000: 1104.834: [GC 1104.842: [ParNew: 92160K->10240K(92160K), 0.1039140 secs] 3085855K->3043362K(4184064K), 0.1180830 secs] [Times: user=0.36 sys=0.02, real=0.13 secs] 
2013-10-02T01:40:22.728+0000: 1105.773: [GC 1105.781: [ParNew: 92160K->10240K(92160K), 0.1407220 secs] 3125282K->3073931K(4184064K), 0.1549610 secs] [Times: user=0.36 sys=0.00, real=0.17 secs] 
2013-10-02T01:40:23.078+0000: 1106.123: [GC 1106.131: [ParNew: 92160K->10240K(92160K), 0.1324510 secs] 3155851K->3090837K(4184064K), 0.1466570 secs] [Times: user=0.32 sys=0.02, real=0.16 secs] 
2013-10-02T01:40:23.260+0000: 1106.306: [GC [1 CMS-initial-mark: 3080597K(4091904K)] 3091218K(4184064K), 0.0983960 secs] [Times: user=0.10 sys=0.01, real=0.11 secs] 
2013-10-02T01:40:23.395+0000: 1106.431: [CMS-concurrent-mark-start]
2013-10-02T01:40:23.560+0000: 1106.606: [GC 1106.614: [ParNew: 92160K->10240K(92160K), 0.1793690 secs] 3172757K->3112797K(4184064K), 0.1936220 secs] [Times: user=0.38 sys=0.02, real=0.21 secs] 
2013-10-02T01:40:23.929+0000: 1106.975: [GC 1106.983: [ParNew: 92160K->10240K(92160K), 0.1260930 secs] 3194717K->3142395K(4184064K), 0.1404450 secs] [Times: user=0.26 sys=0.02, real=0.15 secs] 
2013-10-02T01:40:24.282+0000: 1107.327: [GC 1107.335: [ParNew: 92160K->10240K(92160K), 0.1681610 secs] 3224315K->3168245K(4184064K), 0.1821290 secs] [Times: user=0.39 sys=0.01, real=0.20 secs] 
2013-10-02T01:40:25.039+0000: 1108.085: [GC 1108.093: [ParNew: 92160K->10240K(92160K), 0.1912710 secs] 3250165K->3201335K(4184064K), 0.2055350 secs] [Times: user=0.39 sys=0.02, real=0.22 secs] 
2013-10-02T01:40:25.501+0000: 1108.547: [GC 1108.555: [ParNew: 92156K->10240K(92160K), 0.1549190 secs] 3283251K->3230751K(4184064K), 0.1692680 secs] [Times: user=0.32 sys=0.01, real=0.18 secs] 
2013-10-02T01:40:25.841+0000: 1108.887: [GC 1108.894: [ParNew: 92160K->10240K(92160K), 0.1247960 secs] 3312671K->3251897K(4184064K), 0.1386520 secs] [Times: user=0.32 sys=0.01, real=0.15 secs] 
2013-10-02T01:40:26.251+0000: 1109.296: [GC 1109.304: [ParNew: 92160K->10240K(92160K), 0.1417540 secs] 3333817K->3276231K(4184064K), 0.1555850 secs] [Times: user=0.34 sys=0.02, real=0.17 secs] 
2013-10-02T01:40:26.812+0000: 1109.858: [GC 1109.865: [ParNew: 92160K->10240K(92160K), 0.1324160 secs] 3358151K->3302131K(4184064K), 0.1463930 secs] [Times: user=0.31 sys=0.01, real=0.15 secs] 
2013-10-02T01:40:27.331+0000: 1110.377: [GC 1110.385: [ParNew: 92160K->10240K(92160K), 0.2135650 secs] 3384051K->3328590K(4184064K), 0.2279780 secs] [Times: user=0.35 sys=0.00, real=0.23 secs] 
2013-10-02T01:40:27.861+0000: 1110.907: [GC 1110.914: [ParNew: 92160K->10240K(92160K), 0.1431690 secs] 3410517K->3356084K(4184064K), 0.1577120 secs] [Times: user=0.35 sys=0.01, real=0.17 secs] 
2013-10-02T01:40:28.079+0000: 1111.124: [GC 1111.133: [ParNew: 11700K->10217K(92160K), 0.1194330 secs] 3357544K->3366317K(4184064K), 0.1341790 secs] [Times: user=0.22 sys=0.02, real=0.15 secs] 
2013-10-02T01:40:28.423+0000: 1111.468: [GC 1111.476: [ParNew: 92137K->10240K(92160K), 0.1504690 secs] 3448237K->3382480K(4184064K), 0.1644130 secs] [Times: user=0.32 sys=0.02, real=0.18 secs] 
2013-10-02T01:40:28.838+0000: 1111.884: [GC 1111.891: [ParNew: 92154K->10240K(92160K), 0.1305750 secs] 3464394K->3405267K(4184064K), 0.1445190 secs] [Times: user=0.32 sys=0.01, real=0.16 secs] 
2013-10-02T01:40:29.264+0000: 1112.310: [GC 1112.317: [ParNew: 92160K->10240K(92160K), 0.1908900 secs] 3487187K->3432960K(4184064K), 0.2049960 secs] [Times: user=0.32 sys=0.01, real=0.21 secs] 
2013-10-02T01:40:29.873+0000: 1112.919: [GC 1112.927: [ParNew: 92160K->10240K(92160K), 0.1857390 secs] 3514880K->3464249K(4184064K), 0.2005050 secs] [Times: user=0.34 sys=0.01, real=0.21 secs] 
2013-10-02T01:40:30.446+0000: 1113.492: [GC 1113.500: [ParNew: 92160K->10240K(92160K), 0.2445140 secs] 3546169K->3493711K(4184064K), 0.2587710 secs] [Times: user=0.36 sys=0.01, real=0.27 secs] 
2013-10-02T01:40:31.044+0000: 1114.090: [GC 1114.110: [ParNew: 92160K->10240K(92160K), 0.2479580 secs] 3575631K->3527277K(4184064K), 0.2624120 secs] [Times: user=0.44 sys=0.01, real=0.28 secs] 
2013-10-02T01:40:31.552+0000: 1114.598: [GC 1114.605: [ParNew: 92160K->10240K(92160K), 0.2323800 secs] 3609197K->3550776K(4184064K), 0.2465120 secs] [Times: user=0.34 sys=0.03, real=0.25 secs] 
2013-10-02T01:40:32.083+0000: 1115.129: [GC 1115.154: [ParNew: 92160K->10240K(92160K), 0.2431490 secs] 3632696K->3576095K(4184064K), 0.2739930 secs] [Times: user=0.34 sys=0.01, real=0.28 secs] 
2013-10-02T01:40:32.667+0000: 1115.713: [GC 1115.721: [ParNew: 92159K->10240K(92160K), 0.2513430 secs] 3658014K->3602363K(4184064K), 0.2658120 secs] [Times: user=0.36 sys=0.01, real=0.28 secs] 
2013-10-02T01:40:33.191+0000: 1116.238: [GC 1116.246: [ParNew: 92160K->10240K(92160K), 0.2421370 secs] 3684283K->3626764K(4184064K), 0.2561950 secs] [Times: user=0.30 sys=0.02, real=0.26 secs] 
2013-10-02T01:40:33.665+0000: 1116.711: [GC 1116.719: [ParNew: 92160K->10240K(92160K), 0.2458210 secs] 3708684K->3646694K(4184064K), 0.2600650 secs] [Times: user=0.34 sys=0.01, real=0.27 secs] 
2013-10-02T01:40:34.196+0000: 1117.242: [GC 1117.250: [ParNew: 92160K->10240K(92160K), 0.2489390 secs] 3728614K->3672990K(4184064K), 0.2636120 secs] [Times: user=0.33 sys=0.02, real=0.27 secs] 
2013-10-02T01:40:34.748+0000: 1117.794: [GC 1117.802: [ParNew: 92160K->10240K(92160K), 0.2826720 secs] 3754910K->3701738K(4184064K), 0.2974840 secs] [Times: user=0.38 sys=0.01, real=0.31 secs] 
2013-10-02T01:40:35.409+0000: 1118.455: [GC 1118.463: [ParNew: 92160K->10240K(92160K), 0.2161170 secs] 3783658K->3739198K(4184064K), 0.2308310 secs] [Times: user=0.37 sys=0.01, real=0.24 secs] 
2013-10-02T01:40:35.947+0000: 1118.992: [GC 1119.000: [ParNew: 92160K->10240K(92160K), 0.2279130 secs] 3821118K->3763957K(4184064K), 0.2422650 secs] [Times: user=0.35 sys=0.02, real=0.25 secs] 
2013-10-02T01:40:36.532+0000: 1119.579: [GC 1119.587: [ParNew: 92160K->10240K(92160K), 0.2249920 secs] 3845877K->3790795K(4184064K), 0.2397720 secs] [Times: user=0.36 sys=0.03, real=0.25 secs] 
2013-10-02T01:40:37.161+0000: 1120.207: [GC 1120.215: [ParNew: 92160K->10240K(92160K), 0.1704220 secs] 3872715K->3812250K(4184064K), 0.1848360 secs] [Times: user=0.31 sys=0.01, real=0.20 secs] 
2013-10-02T01:40:37.569+0000: 1120.615: [GC 1120.623: [ParNew: 92160K->10240K(92160K), 0.1504820 secs] 3894170K->3836504K(4184064K), 0.1643510 secs] [Times: user=0.27 sys=0.01, real=0.18 secs] 
2013-10-02T01:40:37.991+0000: 1121.037: [GC 1121.064: [ParNew: 92160K->10240K(92160K), 0.1531200 secs] 3918424K->3863751K(4184064K), 0.1860900 secs] [Times: user=0.24 sys=0.02, real=0.19 secs] 
2013-10-02T01:40:38.420+0000: 1121.466: [GC 1121.474: [ParNew: 92160K->10240K(92160K), 0.2009390 secs] 3945671K->3887474K(4184064K), 0.2152210 secs] [Times: user=0.30 sys=0.02, real=0.23 secs] 
2013-10-02T01:40:38.979+0000: 1122.028: [GC 1122.036: [ParNew: 92160K->10240K(92160K), 0.2260820 secs] 3969394K->3919673K(4184064K), 0.2405720 secs] [Times: user=0.28 sys=0.02, real=0.26 secs] 
2013-10-02T01:40:39.479+0000: 1122.527: [GC 1122.536: [ParNew: 92160K->10240K(92160K), 0.1934590 secs] 4001593K->3950948K(4184064K), 0.2089010 secs] [Times: user=0.32 sys=0.00, real=0.22 secs] 
2013-10-02T01:40:39.951+0000: 1122.997: [GC 1123.005: [ParNew: 92160K->10240K(92160K), 0.2321610 secs] 4032868K->3984725K(4184064K), 0.2467250 secs] [Times: user=0.32 sys=0.01, real=0.26 secs] 
2013-10-02T01:40:40.409+0000: 1123.457: [GC 1123.465: [ParNew: 92160K->10240K(92160K), 0.2488890 secs] 4066645K->4015307K(4184064K), 0.2631900 secs] [Times: user=0.40 sys=0.00, real=0.28 secs] 
2013-10-02T01:40:40.931+0000: 1123.977: [GC 1123.985: [ParNew: 92160K->10240K(92160K), 0.2432440 secs] 4097227K->4040676K(4184064K), 0.2576170 secs] [Times: user=0.50 sys=0.00, real=0.27 secs] 
2013-10-02T01:40:41.737+0000: 1124.782: [GC 1124.790: [ParNew: 92160K->10240K(92160K), 0.2560180 secs] 4122596K->4059036K(4184064K), 0.2702200 secs] [Times: user=0.42 sys=0.00, real=0.28 secs] 
2013-10-02T01:40:42.324+0000: 1125.370: [GC 1125.377: [ParNew: 92158K->10240K(92160K), 0.2011210 secs] 4140955K->4076429K(4184064K), 0.2150560 secs] [Times: user=0.32 sys=0.01, real=0.22 secs] 
2013-10-02T01:40:43.297+0000: 1126.342: [GC 1126.350: [ParNew: 92160K->92160K(92160K), 0.0000420 secs]1126.350: [CMS2013-10-02T01:40:44.122+0000: 1127.157: [CMS-concurrent-mark: 10.405/20.726 secs] [Times: user=28.70 sys=4.85, real=20.74 secs] 
 (concurrent mode failure): 4066189K->2913157K(4091904K), 10.5652030 secs] 4158349K->2913157K(4184064K), [CMS Perm : 13474K->13474K(65536K)], 10.5790710 secs] [Times: user=10.80 sys=0.01, real=10.59 secs] 
2013-10-02T01:40:54.239+0000: 1137.285: [GC 1137.294: [ParNew: 81920K->10240K(92160K), 0.1921560 secs] 2995077K->2968171K(4184064K), 0.2066700 secs] [Times: user=0.36 sys=0.01, real=0.21 secs] 
2013-10-02T01:40:54.711+0000: 1137.756: [GC 1137.764: [ParNew: 92160K->10240K(92160K), 0.1730630 secs] 3050091K->2993392K(4184064K), 0.1872760 secs] [Times: user=0.33 sys=0.02, real=0.20 secs] 
2013-10-02T01:40:55.108+0000: 1138.153: [GC 1138.161: [ParNew: 92160K->10240K(92160K), 0.1504670 secs] 3075312K->3014156K(4184064K), 0.1645280 secs] [Times: user=0.29 sys=0.01, real=0.18 secs] 
2013-10-02T01:40:55.483+0000: 1138.529: [GC 1138.536: [ParNew: 92160K->10240K(92160K), 0.1351550 secs] 3096076K->3039759K(4184064K), 0.1491880 secs] [Times: user=0.34 sys=0.01, real=0.16 secs] 
2013-10-02T01:40:55.886+0000: 1138.932: [GC 1138.940: [ParNew: 92160K->10240K(92160K), 0.1375410 secs] 3121679K->3057890K(4184064K), 0.1518240 secs] [Times: user=0.28 sys=0.03, real=0.16 secs] 
2013-10-02T01:40:56.156+0000: 1139.202: [GC 1139.211: [ParNew: 92160K->10240K(92160K), 0.1456610 secs] 3139810K->3082212K(4184064K), 0.1604760 secs] [Times: user=0.27 sys=0.01, real=0.17 secs] 
2013-10-02T01:40:56.499+0000: 1139.545: [GC 1139.554: [ParNew: 92160K->10240K(92160K), 0.1315130 secs] 3164132K->3107048K(4184064K), 0.1459240 secs] [Times: user=0.30 sys=0.03, real=0.15 secs] 
2013-10-02T01:40:56.821+0000: 1139.866: [GC 1139.874: [ParNew: 92160K->10240K(92160K), 0.1289460 secs] 3188968K->3138651K(4184064K), 0.1430690 secs] [Times: user=0.26 sys=0.01, real=0.15 secs] 
2013-10-02T01:40:57.104+0000: 1140.150: [GC [1 CMS-initial-mark: 3128411K(4091904K)] 3209650K(4184064K), 0.1367510 secs] [Times: user=0.14 sys=0.00, real=0.15 secs] 
2013-10-02T01:40:57.279+0000: 1140.314: [CMS-concurrent-mark-start]
2013-10-02T01:40:57.304+0000: 1140.349: [GC 1140.357: [ParNew: 92160K->10240K(92160K), 0.1468080 secs] 3220571K->3170115K(4184064K), 0.1608630 secs] [Times: user=0.30 sys=0.00, real=0.17 secs] 
2013-10-02T01:40:57.668+0000: 1140.714: [GC 1140.723: [ParNew: 92160K->10240K(92160K), 0.1112950 secs] 3252035K->3195329K(4184064K), 0.1267830 secs] [Times: user=0.34 sys=0.02, real=0.14 secs] 
2013-10-02T01:40:58.062+0000: 1141.108: [GC 1141.116: [ParNew: 92160K->10240K(92160K), 0.2127270 secs] 3277249K->3225024K(4184064K), 0.2270110 secs] [Times: user=0.53 sys=0.01, real=0.24 secs] 
2013-10-02T01:40:58.547+0000: 1141.593: [GC 1141.601: [ParNew: 92160K->10240K(92160K), 0.1755270 secs] 3306944K->3253027K(4184064K), 0.1897480 secs] [Times: user=0.44 sys=0.02, real=0.20 secs] 
2013-10-02T01:40:58.952+0000: 1141.997: [GC 1142.005: [ParNew: 92160K->10240K(92160K), 0.1668540 secs] 3334947K->3279379K(4184064K), 0.1808570 secs] [Times: user=0.38 sys=0.00, real=0.19 secs] 
2013-10-02T01:40:59.559+0000: 1142.605: [GC 1142.612: [ParNew: 92160K->10240K(92160K), 0.1341580 secs] 3361299K->3307160K(4184064K), 0.1483910 secs] [Times: user=0.32 sys=0.02, real=0.15 secs] 
2013-10-02T01:41:00.018+0000: 1143.063: [GC 1143.071: [ParNew: 92160K->10240K(92160K), 0.1262860 secs] 3389080K->3330662K(4184064K), 0.1402100 secs] [Times: user=0.29 sys=0.01, real=0.15 secs] 
2013-10-02T01:41:00.486+0000: 1143.532: [GC 1143.540: [ParNew: 92160K->10240K(92160K), 0.1916900 secs] 3412582K->3361565K(4184064K), 0.2059750 secs] [Times: user=0.33 sys=0.01, real=0.22 secs] 
2013-10-02T01:41:01.023+0000: 1144.068: [GC 1144.076: [ParNew: 92160K->10240K(92160K), 0.1879740 secs] 3443485K->3387964K(4184064K), 0.2019470 secs] [Times: user=0.30 sys=0.02, real=0.21 secs] 
2013-10-02T01:41:01.560+0000: 1144.606: [GC 1144.614: [ParNew: 92160K->10240K(92160K), 0.3473730 secs] 3469884K->3412350K(4184064K), 0.3729750 secs] [Times: user=0.32 sys=0.01, real=0.38 secs] 
2013-10-02T01:41:02.284+0000: 1145.329: [GC 1145.429: [ParNew: 92160K->10240K(92160K), 0.3005330 secs] 3494270K->3440976K(4184064K), 0.3158350 secs] [Times: user=0.33 sys=0.01, real=0.42 secs] 
2013-10-02T01:41:02.927+0000: 1145.973: [GC 1145.981: [ParNew: 92160K->10240K(92160K), 0.2047800 secs] 3522896K->3460431K(4184064K), 0.2189520 secs] [Times: user=0.31 sys=0.02, real=0.23 secs] 
2013-10-02T01:41:03.482+0000: 1146.528: [GC 1146.536: [ParNew: 92160K->10240K(92160K), 0.1717990 secs] 3542351K->3486082K(4184064K), 0.1857980 secs] [Times: user=0.31 sys=0.01, real=0.19 secs] 
2013-10-02T01:41:03.832+0000: 1146.877: [GC 1146.885: [ParNew: 92160K->10240K(92160K), 0.1746190 secs] 3568002K->3516467K(4184064K), 0.1886860 secs] [Times: user=0.37 sys=0.01, real=0.20 secs] 
2013-10-02T01:41:04.260+0000: 1147.305: [GC 1147.313: [ParNew: 92160K->10240K(92160K), 0.1924670 secs] 3598387K->3545658K(4184064K), 0.2064340 secs] [Times: user=0.28 sys=0.02, real=0.21 secs] 
2013-10-02T01:41:05.007+0000: 1148.054: [GC 1148.062: [ParNew: 92156K->10240K(92160K), 0.2472720 secs] 3627574K->3581690K(4184064K), 0.2617500 secs] [Times: user=0.39 sys=0.01, real=0.28 secs] 
2013-10-02T01:41:05.734+0000: 1148.780: [GC 1148.789: [ParNew: 92160K->10240K(92160K), 0.1769750 secs] 3663610K->3613774K(4184064K), 0.1924410 secs] [Times: user=0.32 sys=0.01, real=0.20 secs] 
2013-10-02T01:41:06.191+0000: 1149.237: [GC 1149.245: [ParNew: 92159K->10240K(92160K), 0.1758900 secs] 3695694K->3640504K(4184064K), 0.1904360 secs] [Times: user=0.29 sys=0.01, real=0.21 secs] 
2013-10-02T01:41:06.667+0000: 1149.713: [GC 1149.721: [ParNew: 92160K->10240K(92160K), 0.1917750 secs] 3722424K->3663917K(4184064K), 0.2061230 secs] [Times: user=0.33 sys=0.00, real=0.22 secs] 
2013-10-02T01:41:07.106+0000: 1150.151: [GC 1150.159: [ParNew: 92160K->10240K(92160K), 0.1979010 secs] 3745837K->3686662K(4184064K), 0.2118610 secs] [Times: user=0.33 sys=0.01, real=0.22 secs] 
2013-10-02T01:41:07.580+0000: 1150.625: [GC 1150.661: [ParNew: 92160K->10240K(92160K), 0.1795720 secs] 3768582K->3702128K(4184064K), 0.1935160 secs] [Times: user=0.25 sys=0.01, real=0.23 secs] 
2013-10-02T01:41:08.026+0000: 1151.071: [GC 1151.079: [ParNew: 92160K->10240K(92160K), 0.2357310 secs] 3784048K->3723634K(4184064K), 0.2553680 secs] [Times: user=0.36 sys=0.01, real=0.27 secs] 
2013-10-02T01:41:08.551+0000: 1151.597: [GC 1151.605: [ParNew: 92160K->10240K(92160K), 0.2525910 secs] 3805554K->3748340K(4184064K), 0.2665890 secs] [Times: user=0.33 sys=0.00, real=0.27 secs] 
2013-10-02T01:41:09.401+0000: 1152.448: [GC 1152.456: [ParNew: 92160K->10240K(92160K), 0.2177070 secs] 3830260K->3770905K(4184064K), 0.2322740 secs] [Times: user=0.30 sys=0.02, real=0.24 secs] 
2013-10-02T01:41:10.404+0000: 1153.451: [GC 1153.459: [ParNew: 92159K->10240K(92160K), 0.2481920 secs] 3852825K->3800769K(4184064K), 0.2723160 secs] [Times: user=0.36 sys=0.01, real=0.28 secs] 
2013-10-02T01:41:11.099+0000: 1154.145: [GC 1154.153: [ParNew: 92160K->10240K(92160K), 0.2516170 secs] 3882689K->3833399K(4184064K), 0.2715170 secs] [Times: user=0.42 sys=0.01, real=0.28 secs] 
2013-10-02T01:41:11.765+0000: 1154.811: [GC 1154.819: [ParNew: 92160K->10240K(92160K), 0.2219140 secs] 3915319K->3856324K(4184064K), 0.2360400 secs] [Times: user=0.33 sys=0.01, real=0.25 secs] 
2013-10-02T01:41:12.230+0000: 1155.276: [GC 1155.283: [ParNew: 92160K->10240K(92160K), 0.2454580 secs] 3938244K->3880807K(4184064K), 0.2596400 secs] [Times: user=0.34 sys=0.01, real=0.28 secs] 
2013-10-02T01:41:12.812+0000: 1155.858: [GC 1155.866: [ParNew: 92160K->10240K(92160K), 0.2218920 secs] 3962727K->3917102K(4184064K), 0.2363480 secs] [Times: user=0.35 sys=0.01, real=0.25 secs] 
2013-10-02T01:41:13.335+0000: 1156.381: [GC 1156.389: [ParNew: 92160K->10240K(92160K), 0.1996260 secs] 3999022K->3944458K(4184064K), 0.2138640 secs] [Times: user=0.34 sys=0.00, real=0.23 secs] 
2013-10-02T01:41:14.253+0000: 1157.299: [GC 1157.307: [ParNew: 92147K->10240K(92160K), 0.1899670 secs] 4026366K->3965698K(4184064K), 0.2042530 secs] [Times: user=0.32 sys=0.01, real=0.22 secs] 
2013-10-02T01:41:15.024+0000: 1158.070: [GC 1158.077: [ParNew: 92160K->10240K(92160K), 0.1450150 secs] 4047618K->3983585K(4184064K), 0.1589650 secs] [Times: user=0.27 sys=0.00, real=0.17 secs] 
2013-10-02T01:41:15.818+0000: 1158.864: [GC 1158.871: [ParNew: 92126K->10240K(92160K), 0.1833830 secs] 4065472K->4000711K(4184064K), 0.1971970 secs] [Times: user=0.26 sys=0.00, real=0.21 secs] 
2013-10-02T01:41:16.223+0000: 1159.259: [CMS-concurrent-mark: 9.965/18.945 secs] [Times: user=25.09 sys=4.26, real=18.96 secs] 
2013-10-02T01:41:16.243+0000: 1159.278: [CMS-concurrent-preclean-start]
2013-10-02T01:41:17.646+0000: 1160.681: [CMS-concurrent-preclean: 1.068/1.403 secs] [Times: user=1.08 sys=0.49, real=1.41 secs] 
2013-10-02T01:41:17.665+0000: 1160.701: [CMS-concurrent-abortable-preclean-start]
 CMS: abort preclean due to time 2013-10-02T01:41:22.771+0000: 1165.807: [CMS-concurrent-abortable-preclean: 1.899/5.106 secs] [Times: user=1.94 sys=0.00, real=5.12 secs] 
2013-10-02T01:41:22.792+0000: 1165.837: [GC[YG occupancy: 87126 K (92160 K)]1165.841: [Rescan (parallel) , 0.0654880 secs]1165.906: [weak refs processing, 0.0114740 secs]1165.918: [class unloading, 0.0025500 secs]1165.920: [scrub symbol table, 0.0016540 secs]1165.922: [scrub string table, 0.0003620 secs] [1 CMS-remark: 3990471K(4091904K)] 4077598K(4184064K), 0.0868420 secs] [Times: user=0.17 sys=0.00, real=0.10 secs] 
2013-10-02T01:41:22.914+0000: 1165.950: [CMS-concurrent-sweep-start]
2013-10-02T01:41:23.973+0000: 1167.018: [GC 1167.026: [ParNew: 92160K->10240K(92160K), 0.2011600 secs] 3845854K->3787940K(4184064K), 0.2151530 secs] [Times: user=0.36 sys=0.00, real=0.22 secs] 
2013-10-02T01:41:24.730+0000: 1167.765: [CMS-concurrent-sweep: 1.564/1.816 secs] [Times: user=2.18 sys=0.19, real=1.83 secs] 
2013-10-02T01:41:24.750+0000: 1167.785: [CMS-concurrent-reset-start]
2013-10-02T01:41:24.760+0000: 1167.795: [CMS-concurrent-reset: 0.010/0.010 secs] [Times: user=0.02 sys=0.00, real=0.02 secs] 
2013-10-02T01:41:25.459+0000: 1168.505: [GC 1168.514: [ParNew: 92160K->10240K(92160K), 0.2270240 secs] 3493535K->3469396K(4184064K), 0.2415890 secs] [Times: user=0.48 sys=0.03, real=0.25 secs] 
2013-10-02T01:41:25.740+0000: 1168.785: [GC [1 CMS-initial-mark: 3459156K(4091904K)] 3469899K(4184064K), 0.0913070 secs] [Times: user=0.09 sys=0.00, real=0.10 secs] 
2013-10-02T01:41:25.924+0000: 1168.959: [CMS-concurrent-mark-start]
2013-10-02T01:41:26.301+0000: 1169.347: [GC 1169.354: [ParNew: 92160K->10240K(92160K), 0.2234690 secs] 3551316K->3488663K(4184064K), 0.2428160 secs] [Times: user=0.34 sys=0.00, real=0.25 secs] 
2013-10-02T01:41:26.770+0000: 1169.816: [GC 1169.823: [ParNew: 92160K->10240K(92160K), 0.1383340 secs] 3570583K->3507952K(4184064K), 0.1525130 secs] [Times: user=0.31 sys=0.00, real=0.16 secs] 
2013-10-02T01:41:27.398+0000: 1170.443: [GC 1170.451: [ParNew: 92160K->10240K(92160K), 0.1851750 secs] 3589872K->3533375K(4184064K), 0.1991860 secs] [Times: user=0.35 sys=0.01, real=0.22 secs] 
2013-10-02T01:41:29.370+0000: 1172.415: [GC 1172.423: [ParNew: 92160K->10240K(92160K), 0.1459840 secs] 3615295K->3568471K(4184064K), 0.1601730 secs] [Times: user=0.35 sys=0.00, real=0.17 secs] 
2013-10-02T01:41:29.714+0000: 1172.759: [GC 1172.767: [ParNew: 92160K->10240K(92160K), 0.1334450 secs] 3650391K->3592844K(4184064K), 0.1473650 secs] [Times: user=0.32 sys=0.00, real=0.16 secs] 
2013-10-02T01:41:30.110+0000: 1173.156: [GC 1173.163: [ParNew: 92160K->10240K(92160K), 0.1827070 secs] 3674764K->3615236K(4184064K), 0.1968330 secs] [Times: user=0.32 sys=0.00, real=0.20 secs] 
2013-10-02T01:41:30.578+0000: 1173.623: [GC 1173.631: [ParNew: 92160K->10240K(92160K), 0.2379750 secs] 3697156K->3651784K(4184064K), 0.2522580 secs] [Times: user=0.35 sys=0.02, real=0.27 secs] 
2013-10-02T01:41:31.150+0000: 1174.195: [GC 1174.203: [ParNew: 92160K->10240K(92160K), 0.2193280 secs] 3733704K->3671094K(4184064K), 0.2335810 secs] [Times: user=0.34 sys=0.01, real=0.24 secs] 
2013-10-02T01:41:31.681+0000: 1174.727: [GC 1174.734: [ParNew: 92160K->10240K(92160K), 0.1325540 secs] 3753014K->3693866K(4184064K), 0.1465880 secs] [Times: user=0.36 sys=0.02, real=0.15 secs] 
2013-10-02T01:41:32.061+0000: 1175.107: [GC 1175.115: [ParNew: 92160K->10240K(92160K), 0.1862310 secs] 3775786K->3721155K(4184064K), 0.2005790 secs] [Times: user=0.41 sys=0.01, real=0.21 secs] 
2013-10-02T01:41:32.480+0000: 1175.526: [GC 1175.533: [ParNew: 92160K->10240K(92160K), 0.2255640 secs] 3803075K->3737684K(4184064K), 0.2396480 secs] [Times: user=0.35 sys=0.00, real=0.25 secs] 
2013-10-02T01:41:32.976+0000: 1176.021: [GC 1176.029: [ParNew: 92160K->10240K(92160K), 0.1993380 secs] 3819604K->3758226K(4184064K), 0.2134380 secs] [Times: user=0.34 sys=0.03, real=0.23 secs] 
2013-10-02T01:41:33.407+0000: 1176.453: [GC 1176.461: [ParNew: 92160K->10240K(92160K), 0.1980750 secs] 3840146K->3785984K(4184064K), 0.2124350 secs] [Times: user=0.35 sys=0.00, real=0.22 secs] 
2013-10-02T01:41:33.916+0000: 1176.961: [GC 1176.969: [ParNew: 92160K->10240K(92160K), 0.1782780 secs] 3867904K->3809201K(4184064K), 0.1923700 secs] [Times: user=0.34 sys=0.01, real=0.20 secs] 
2013-10-02T01:41:34.272+0000: 1177.317: [GC 1177.325: [ParNew: 92160K->10240K(92160K), 0.1386300 secs] 3891121K->3842577K(4184064K), 0.1530150 secs] [Times: user=0.30 sys=0.02, real=0.16 secs] 
2013-10-02T01:41:34.617+0000: 1177.663: [GC 1177.671: [ParNew: 92160K->10240K(92160K), 0.1666110 secs] 3924497K->3875825K(4184064K), 0.1805860 secs] [Times: user=0.32 sys=0.00, real=0.20 secs] 
2013-10-02T01:41:35.021+0000: 1178.067: [GC 1178.075: [ParNew: 92160K->10240K(92160K), 0.1995340 secs] 3957745K->3913860K(4184064K), 0.2137320 secs] [Times: user=0.31 sys=0.02, real=0.22 secs] 
2013-10-02T01:41:35.661+0000: 1178.706: [GC 1178.715: [ParNew: 92160K->10240K(92160K), 0.3388630 secs] 3995780K->3945118K(4184064K), 0.3535380 secs] [Times: user=0.51 sys=0.02, real=0.36 secs] 
2013-10-02T01:41:36.523+0000: 1179.569: [GC 1179.577: [ParNew: 92160K->10240K(92160K), 0.2576810 secs] 4027038K->3972364K(4184064K), 0.2726140 secs] [Times: user=0.43 sys=0.00, real=0.28 secs] 
2013-10-02T01:41:37.082+0000: 1180.128: [GC 1180.136: [ParNew: 92160K->10240K(92160K), 0.2386400 secs] 4054284K->3993424K(4184064K), 0.2537990 secs] [Times: user=0.33 sys=0.00, real=0.26 secs] 
2013-10-02T01:41:37.575+0000: 1180.621: [GC 1180.628: [ParNew: 92160K->10240K(92160K), 0.2059110 secs] 4075344K->4013702K(4184064K), 0.2242950 secs] [Times: user=0.34 sys=0.01, real=0.24 secs] 
2013-10-02T01:41:38.141+0000: 1181.190: [GC 1181.199: [ParNew: 92159K->10240K(92160K), 0.2329350 secs] 4095622K->4035209K(4184064K), 0.2479450 secs] [Times: user=0.36 sys=0.01, real=0.26 secs] 
2013-10-02T01:41:38.686+0000: 1181.732: [GC 1181.740: [ParNew: 92160K->10240K(92160K), 0.2415480 secs] 4117129K->4059674K(4184064K), 0.2560290 secs] [Times: user=0.39 sys=0.00, real=0.27 secs] 
2013-10-02T01:41:39.336+0000: 1182.382: [GC 1182.392: [ParNew: 92160K->10240K(92160K), 0.2703950 secs] 4141594K->4084417K(4184064K), 0.2866690 secs] [Times: user=0.37 sys=0.00, real=0.30 secs] 
2013-10-02T01:41:39.959+0000: 1183.005: [GC 1183.012: [ParNew: 92160K->92160K(92160K), 0.0000430 secs]1183.012: [CMS2013-10-02T01:41:43.298+0000: 1186.333: [CMS-concurrent-mark: 9.624/17.374 secs] [Times: user=21.10 sys=3.49, real=17.39 secs] 
 (concurrent mode failure): 4074177K->2863462K(4091904K), 13.2178820 secs] 4166337K->2863462K(4184064K), [CMS Perm : 13474K->13474K(65536K)], 13.2322650 secs] [Times: user=13.45 sys=0.04, real=13.25 secs] 
2013-10-02T01:41:53.577+0000: 1196.623: [GC 1196.631: [ParNew: 81920K->10240K(92160K), 0.2073140 secs] 2945382K->2906891K(4184064K), 0.2221990 secs] [Times: user=0.41 sys=0.00, real=0.23 secs] 
2013-10-02T01:41:53.980+0000: 1197.025: [GC 1197.033: [ParNew: 92160K->10240K(92160K), 0.1933030 secs] 2988811K->2929846K(4184064K), 0.2072720 secs] [Times: user=0.36 sys=0.01, real=0.22 secs] 
2013-10-02T01:41:54.357+0000: 1197.402: [GC 1197.410: [ParNew: 92160K->10240K(92160K), 0.1665650 secs] 3011766K->2953618K(4184064K), 0.1805960 secs] [Times: user=0.34 sys=0.01, real=0.19 secs] 
2013-10-02T01:41:54.756+0000: 1197.802: [GC 1197.809: [ParNew: 92160K->10240K(92160K), 0.1578380 secs] 3035538K->2979441K(4184064K), 0.1718810 secs] [Times: user=0.38 sys=0.01, real=0.18 secs] 
2013-10-02T01:41:55.137+0000: 1198.182: [GC 1198.190: [ParNew: 92160K->10240K(92160K), 0.1780850 secs] 3061361K->3009540K(4184064K), 0.1923200 secs] [Times: user=0.39 sys=0.02, real=0.20 secs] 
2013-10-02T01:41:55.518+0000: 1198.564: [GC 1198.571: [ParNew: 92160K->10240K(92160K), 0.1653350 secs] 3091460K->3030958K(4184064K), 0.1792990 secs] [Times: user=0.34 sys=0.01, real=0.19 secs] 
2013-10-02T01:41:55.915+0000: 1198.961: [GC 1198.968: [ParNew: 92160K->10240K(92160K), 0.1555430 secs] 3112878K->3057004K(4184064K), 0.1695230 secs] [Times: user=0.36 sys=0.01, real=0.17 secs] 
2013-10-02T01:41:56.307+0000: 1199.353: [GC 1199.361: [ParNew: 92160K->10240K(92160K), 0.1597790 secs] 3138924K->3082547K(4184064K), 0.1738560 secs] [Times: user=0.38 sys=0.00, real=0.18 secs] 
2013-10-02T01:41:56.517+0000: 1199.563: [GC [1 CMS-initial-mark: 3072307K(4091904K)] 3082569K(4184064K), 0.1105470 secs] [Times: user=0.12 sys=0.01, real=0.12 secs] 
2013-10-02T01:41:56.664+0000: 1199.699: [CMS-concurrent-mark-start]
2013-10-02T01:41:56.880+0000: 1199.925: [GC 1199.933: [ParNew: 92160K->10240K(92160K), 0.1552530 secs] 3164467K->3110244K(4184064K), 0.1693170 secs] [Times: user=0.37 sys=0.02, real=0.18 secs] 
2013-10-02T01:41:57.273+0000: 1200.318: [GC 1200.326: [ParNew: 92160K->10240K(92160K), 0.1656420 secs] 3192164K->3137274K(4184064K), 0.1798070 secs] [Times: user=0.34 sys=0.01, real=0.19 secs] 
2013-10-02T01:41:57.751+0000: 1200.797: [GC 1200.805: [ParNew: 92160K->10240K(92160K), 0.1499680 secs] 3219194K->3163345K(4184064K), 0.1644110 secs] [Times: user=0.33 sys=0.01, real=0.17 secs] 
2013-10-02T01:41:58.093+0000: 1201.138: [GC 1201.146: [ParNew: 92160K->10240K(92160K), 0.1821660 secs] 3245265K->3191110K(4184064K), 0.1964940 secs] [Times: user=0.33 sys=0.04, real=0.21 secs] 
2013-10-02T01:41:58.488+0000: 1201.534: [GC 1201.542: [ParNew: 92160K->10240K(92160K), 0.1588990 secs] 3273030K->3219849K(4184064K), 0.1732120 secs] [Times: user=0.31 sys=0.00, real=0.18 secs] 
2013-10-02T01:41:58.842+0000: 1201.888: [GC 1201.896: [ParNew: 92160K->10240K(92160K), 0.1439000 secs] 3301769K->3238081K(4184064K), 0.1578070 secs] [Times: user=0.29 sys=0.02, real=0.17 secs] 
2013-10-02T01:41:59.211+0000: 1202.257: [GC 1202.264: [ParNew: 92160K->10240K(92160K), 0.2464130 secs] 3320001K->3255371K(4184064K), 0.2604610 secs] [Times: user=0.30 sys=0.01, real=0.27 secs] 
2013-10-02T01:42:00.098+0000: 1203.143: [GC 1203.151: [ParNew: 92160K->10240K(92160K), 0.4554860 secs] 3337291K->3276477K(4184064K), 0.4856030 secs] [Times: user=0.28 sys=0.03, real=0.49 secs] 
2013-10-02T01:42:01.312+0000: 1204.361: [GC 1204.372: [ParNew: 92160K->10240K(92160K), 0.3299970 secs] 3358397K->3292807K(4184064K), 0.3573680 secs] [Times: user=0.30 sys=0.01, real=0.37 secs] 
2013-10-02T01:42:03.593+0000: 1206.638: [GC 1206.969: [ParNew: 92160K->10240K(92160K), 0.1982180 secs] 3374727K->3310385K(4184064K), 0.2112860 secs] [Times: user=0.35 sys=0.01, real=0.55 secs] 
2013-10-02T01:42:04.990+0000: 1208.036: [GC 1208.043: [ParNew: 92160K->10240K(92160K), 0.1906010 secs] 3392305K->3354547K(4184064K), 0.2041020 secs] [Times: user=0.38 sys=0.01, real=0.21 secs] 
2013-10-02T01:42:05.483+0000: 1208.530: [GC 1208.537: [ParNew: 92160K->10240K(92160K), 0.1927130 secs] 3436467K->3379452K(4184064K), 0.2058710 secs] [Times: user=0.30 sys=0.01, real=0.22 secs] 
2013-10-02T01:42:06.065+0000: 1209.110: [GC 1209.118: [ParNew: 92160K->10240K(92160K), 0.1989870 secs] 3461372K->3400980K(4184064K), 0.2129110 secs] [Times: user=0.31 sys=0.01, real=0.23 secs] 
2013-10-02T01:42:07.128+0000: 1210.172: [GC 1210.179: [ParNew: 92160K->10240K(92160K), 0.1512940 secs] 3482900K->3421125K(4184064K), 0.1638290 secs] [Times: user=0.27 sys=0.01, real=0.18 secs] 
2013-10-02T01:42:07.524+0000: 1210.568: [GC 1210.575: [ParNew: 92160K->10240K(92160K), 0.2207960 secs] 3503045K->3449107K(4184064K), 0.2334320 secs] [Times: user=0.29 sys=0.00, real=0.24 secs] 
2013-10-02T01:42:08.008+0000: 1211.053: [GC 1211.060: [ParNew: 92160K->10240K(92160K), 0.1343730 secs] 3531027K->3471400K(4184064K), 0.1467990 secs] [Times: user=0.28 sys=0.01, real=0.15 secs] 
2013-10-02T01:42:08.315+0000: 1211.360: [GC 1211.367: [ParNew: 92160K->10240K(92160K), 0.1402990 secs] 3553320K->3492719K(4184064K), 0.1620240 secs] [Times: user=0.28 sys=0.01, real=0.17 secs] 
2013-10-02T01:42:08.748+0000: 1211.792: [GC 1211.799: [ParNew: 92159K->10240K(92160K), 0.1551530 secs] 3574639K->3531289K(4184064K), 0.1676780 secs] [Times: user=0.30 sys=0.00, real=0.18 secs] 
2013-10-02T01:42:09.131+0000: 1212.176: [GC 1212.183: [ParNew: 92160K->10240K(92160K), 0.1254780 secs] 3613209K->3559407K(4184064K), 0.1380940 secs] [Times: user=0.27 sys=0.01, real=0.15 secs] 
2013-10-02T01:42:09.470+0000: 1212.514: [GC 1212.521: [ParNew: 92159K->10240K(92160K), 0.1165250 secs] 3641327K->3585823K(4184064K), 0.1290060 secs] [Times: user=0.26 sys=0.02, real=0.13 secs] 
2013-10-02T01:42:09.796+0000: 1212.840: [GC 1212.847: [ParNew: 92160K->10240K(92160K), 0.1219090 secs] 3667743K->3611364K(4184064K), 0.1343230 secs] [Times: user=0.25 sys=0.01, real=0.15 secs] 
2013-10-02T01:42:10.183+0000: 1213.228: [GC 1213.234: [ParNew: 92158K->10240K(92160K), 0.1118350 secs] 3693283K->3636181K(4184064K), 0.1242250 secs] [Times: user=0.24 sys=0.02, real=0.14 secs] 
2013-10-02T01:42:10.467+0000: 1213.512: [GC 1213.519: [ParNew: 92160K->10240K(92160K), 0.1260860 secs] 3718101K->3663321K(4184064K), 0.1384920 secs] [Times: user=0.24 sys=0.01, real=0.15 secs] 
2013-10-02T01:42:10.724+0000: 1213.768: [GC 1213.775: [ParNew: 92160K->10240K(92160K), 0.1098250 secs] 3745241K->3689712K(4184064K), 0.1223260 secs] [Times: user=0.22 sys=0.01, real=0.13 secs] 
2013-10-02T01:42:11.272+0000: 1214.317: [GC 1214.323: [ParNew: 92160K->10240K(92160K), 0.1081840 secs] 3771632K->3716482K(4184064K), 0.1207620 secs] [Times: user=0.26 sys=0.02, real=0.13 secs] 
2013-10-02T01:42:12.641+0000: 1215.685: [GC 1215.692: [ParNew: 92160K->10240K(92160K), 0.2469140 secs] 3798402K->3738225K(4184064K), 0.2589950 secs] [Times: user=0.36 sys=0.01, real=0.27 secs] 
2013-10-02T01:42:13.595+0000: 1216.639: [GC 1216.645: [ParNew: 92160K->10240K(92160K), 0.0914730 secs] 3820145K->3761336K(4184064K), 0.1024920 secs] [Times: user=0.20 sys=0.01, real=0.11 secs] 
2013-10-02T01:42:13.861+0000: 1216.905: [GC 1216.911: [ParNew: 92150K->10240K(92160K), 0.1006020 secs] 3843246K->3783558K(4184064K), 0.1116130 secs] [Times: user=0.19 sys=0.01, real=0.12 secs] 
2013-10-02T01:42:14.503+0000: 1217.547: [GC 1217.553: [ParNew: 92160K->10240K(92160K), 0.1830610 secs] 3865478K->3802671K(4184064K), 0.1938160 secs] [Times: user=0.30 sys=0.00, real=0.20 secs] 
2013-10-02T01:42:20.636+0000: 1223.671: [CMS-concurrent-mark: 12.995/23.972 secs] [Times: user=30.61 sys=6.59, real=23.98 secs] 
2013-10-02T01:42:20.644+0000: 1223.680: [CMS-concurrent-preclean-start]
2013-10-02T01:42:22.068+0000: 1225.103: [CMS-concurrent-preclean: 1.079/1.423 secs] [Times: user=0.96 sys=0.47, real=1.43 secs] 
2013-10-02T01:42:22.076+0000: 1225.111: [CMS-concurrent-abortable-preclean-start]
2013-10-02T01:42:23.936+0000: 1226.976: [GC 1226.978: [ParNew: 92160K->10240K(92160K), 0.2357660 secs] 3884591K->3818989K(4184064K), 0.2406560 secs] [Times: user=0.72 sys=0.00, real=0.25 secs] 
2013-10-02T01:42:25.105+0000: 1228.145: [GC 1228.148: [ParNew: 92160K->10240K(92160K), 0.1331660 secs] 3900909K->3847355K(4184064K), 0.1380510 secs] [Times: user=0.31 sys=0.00, real=0.14 secs] 
2013-10-02T01:42:25.673+0000: 1228.713: [GC 1228.716: [ParNew: 92160K->10240K(92160K), 0.1147000 secs] 3929275K->3864156K(4184064K), 0.1202340 secs] [Times: user=0.21 sys=0.02, real=0.12 secs] 
2013-10-02T01:42:26.274+0000: 1229.313: [GC 1229.315: [ParNew: 92160K->10240K(92160K), 0.1782230 secs] 3946076K->3877598K(4184064K), 0.1821310 secs] [Times: user=0.22 sys=0.03, real=0.18 secs] 
2013-10-02T01:42:26.924+0000: 1229.963: [GC 1229.964: [ParNew: 92160K->10240K(92160K), 0.0959230 secs] 3959518K->3897160K(4184064K), 0.0995660 secs] [Times: user=0.20 sys=0.01, real=0.10 secs] 
2013-10-02T01:42:27.310+0000: 1230.348: [GC 1230.350: [ParNew: 92160K->10240K(92160K), 0.2426740 secs] 3979080K->3919410K(4184064K), 0.2460330 secs] [Times: user=0.23 sys=0.00, real=0.25 secs] 
2013-10-02T01:42:27.887+0000: 1230.925: [GC 1230.927: [ParNew: 92160K->10240K(92160K), 0.1149320 secs] 4001330K->3934236K(4184064K), 0.1179160 secs] [Times: user=0.20 sys=0.00, real=0.12 secs] 
2013-10-02T01:42:28.318+0000: 1231.357: [GC 1231.358: [ParNew: 92160K->10240K(92160K), 0.1432970 secs] 4016156K->3956370K(4184064K), 0.1463000 secs] [Times: user=0.21 sys=0.01, real=0.15 secs] 
2013-10-02T01:42:28.704+0000: 1231.742: [GC 1231.743: [ParNew: 92160K->10240K(92160K), 0.1489780 secs] 4038290K->3981419K(4184064K), 0.1519890 secs] [Times: user=0.24 sys=0.00, real=0.15 secs] 
2013-10-02T01:42:29.309+0000: 1232.347: [GC 1232.349: [ParNew: 92160K->10240K(92160K), 0.1346100 secs] 4063339K->4004019K(4184064K), 0.1368910 secs] [Times: user=0.23 sys=0.07, real=0.14 secs] 
 CMS: abort preclean due to time 2013-10-02T01:42:29.453+0000: 1232.488: [CMS-concurrent-abortable-preclean: 2.334/7.376 secs] [Times: user=7.61 sys=2.64, real=7.38 secs] 
2013-10-02T01:42:29.502+0000: 1232.539: [GC[YG occupancy: 29610 K (92160 K)]1232.539: [Rescan (parallel) , 0.3067570 secs]1232.846: [weak refs processing, 0.0200670 secs]1232.866: [class unloading, 0.0027970 secs]1232.869: [scrub symbol table, 0.0016120 secs]1232.871: [scrub string table, 0.0003560 secs] [1 CMS-remark: 3993779K(4091904K)] 4023389K(4184064K), 0.3345830 secs] [Times: user=0.78 sys=0.00, real=0.34 secs] 
2013-10-02T01:42:29.843+0000: 1232.878: [CMS-concurrent-sweep-start]
2013-10-02T01:42:30.047+0000: 1233.084: [GC 1233.085: [ParNew: 92160K->10240K(92160K), 0.1726710 secs] 4085601K->4036113K(4184064K), 0.1751290 secs] [Times: user=0.25 sys=0.02, real=0.18 secs] 
2013-10-02T01:42:30.531+0000: 1233.568: [GC 1233.568: [ParNew: 92159K->10240K(92160K), 0.1059500 secs] 4117826K->4053248K(4184064K), 0.1073460 secs] [Times: user=0.18 sys=0.01, real=0.11 secs] 
2013-10-02T01:42:31.046+0000: 1234.082: [GC 1234.083: [ParNew: 92160K->10240K(92160K), 0.1103520 secs] 4134217K->4068173K(4184064K), 0.1116060 secs] [Times: user=0.22 sys=0.00, real=0.11 secs] 
2013-10-02T01:42:31.597+0000: 1234.633: [GC 1234.634: [ParNew: 92108K->10240K(92160K), 0.0737610 secs] 4148288K->4086832K(4184064K), 0.0747200 secs] [Times: user=0.18 sys=0.01, real=0.08 secs] 
2013-10-02T01:42:32.012+0000: 1235.048: [GC 1235.049: [ParNew: 92160K->10240K(92160K), 0.0631620 secs] 4035561K->3968941K(4184064K), 0.0638950 secs] [Times: user=0.16 sys=0.00, real=0.07 secs] 
2013-10-02T01:42:32.720+0000: 1235.755: [CMS-concurrent-sweep: 1.896/2.877 secs] [Times: user=3.93 sys=0.73, real=2.88 secs] 
2013-10-02T01:42:32.721+0000: 1235.756: [CMS-concurrent-reset-start]
2013-10-02T01:42:32.731+0000: 1235.766: [CMS-concurrent-reset: 0.010/0.010 secs] [Times: user=0.01 sys=0.00, real=0.01 secs] 
2013-10-02T01:42:33.242+0000: 1236.277: [GC 1236.277: [ParNew: 92160K->10240K(92160K), 0.0905350 secs] 3249932K->3185478K(4184064K), 0.0908940 secs] [Times: user=0.18 sys=0.00, real=0.09 secs] 
2013-10-02T01:42:33.338+0000: 1236.373: [GC [1 CMS-initial-mark: 3175238K(4091904K)] 3186112K(4184064K), 0.0083320 secs] [Times: user=0.01 sys=0.00, real=0.01 secs] 
2013-10-02T01:42:33.347+0000: 1236.382: [CMS-concurrent-mark-start]
2013-10-02T01:42:33.558+0000: 1236.593: [CMS-concurrent-mark: 0.211/0.211 secs] [Times: user=0.25 sys=0.06, real=0.21 secs] 
2013-10-02T01:42:33.558+0000: 1236.594: [CMS-concurrent-preclean-start]
2013-10-02T01:42:33.613+0000: 1236.649: [CMS-concurrent-preclean: 0.043/0.055 secs] [Times: user=0.04 sys=0.01, real=0.06 secs] 
2013-10-02T01:42:33.614+0000: 1236.649: [CMS-concurrent-abortable-preclean-start]
Heap
 par new generation   total 92160K, used 59047K [0x00000006f8000000, 0x00000006fe400000, 0x00000006fe400000)
  eden space 81920K,  59% used [0x00000006f8000000, 0x00000006fafa9c38, 0x00000006fd000000)
  from space 10240K, 100% used [0x00000006fd000000, 0x00000006fda00000, 0x00000006fda00000)
  to   space 10240K,   0% used [0x00000006fda00000, 0x00000006fda00000, 0x00000006fe400000)
 concurrent mark-sweep generation total 4091904K, used 3175238K [0x00000006fe400000, 0x00000007f8000000, 0x00000007f8000000)
 concurrent-mark-sweep perm gen total 65536K, used 13492K [0x00000007f8000000, 0x00000007fc000000, 0x0000000800000000)
