2013-09-30T10:13:27.314+0000: 2.596: [Full GC (System) 2.596: [CMS: 0K->5303K(4718592K), 0.1835190 secs] 100669K->5303K(6134208K), [CMS Perm : 9043K->9039K(65536K)], 0.1836470 secs] [Times: user=0.10 sys=0.09, real=0.19 secs] 
2013-09-30T10:13:27.722+0000: 3.005: [GC 3.005: [ParNew: 1258368K->4032K(1415616K), 0.0322340 secs] 1263671K->9335K(6134208K), 0.0324220 secs] [Times: user=0.12 sys=0.01, real=0.03 secs] 
2013-09-30T10:13:28.753+0000: 4.036: [GC 4.037: [ParNew: 1262400K->58804K(1415616K), 0.1164110 secs] 1267703K->64107K(6134208K), 0.1177930 secs] [Times: user=0.38 sys=0.08, real=0.12 secs] 
2013-09-30T10:13:38.267+0000: 13.554: [GC 13.560: [ParNew: 1317172K->157248K(1415616K), 3.6325740 secs] 1322475K->427637K(6134208K), 3.6415550 secs] [Times: user=6.24 sys=2.03, real=3.65 secs] 
2013-09-30T10:14:07.548+0000: 42.835: [GC 42.839: [ParNew: 1415616K->157248K(1415616K), 0.7607090 secs] 1686005K->587696K(6134208K), 0.7683680 secs] [Times: user=1.79 sys=0.27, real=0.78 secs] 
2013-09-30T10:14:32.722+0000: 68.009: [GC 68.014: [ParNew: 1415616K->157248K(1415616K), 0.3948090 secs] 1846064K->654821K(6134208K), 0.4024390 secs] [Times: user=1.02 sys=0.07, real=0.41 secs] 
2013-09-30T10:14:54.702+0000: 89.990: [GC 90.014: [ParNew: 1415616K->157248K(1415616K), 0.3490420 secs] 1913189K->711173K(6134208K), 0.3766120 secs] [Times: user=0.82 sys=0.12, real=0.38 secs] 
2013-09-30T10:15:15.999+0000: 111.286: [GC 111.290: [ParNew: 1415616K->157248K(1415616K), 0.2521590 secs] 1969541K->781693K(6134208K), 0.2598010 secs] [Times: user=0.90 sys=0.07, real=0.26 secs] 
2013-09-30T10:15:35.422+0000: 130.709: [GC 130.714: [ParNew: 1415616K->157248K(1415616K), 0.3232860 secs] 2040061K->873852K(6134208K), 0.3311190 secs] [Times: user=1.01 sys=0.14, real=0.34 secs] 
2013-09-30T10:15:53.431+0000: 148.718: [GC 148.722: [ParNew: 1415616K->157248K(1415616K), 0.3158600 secs] 2132220K->983336K(6134208K), 0.3237530 secs] [Times: user=0.98 sys=0.14, real=0.33 secs] 
2013-09-30T10:16:10.008+0000: 165.295: [GC 165.300: [ParNew: 1415616K->157248K(1415616K), 0.3769280 secs] 2241704K->1127532K(6134208K), 0.3850620 secs] [Times: user=1.14 sys=0.16, real=0.39 secs] 
2013-09-30T10:16:25.599+0000: 180.886: [GC 180.891: [ParNew: 1415616K->157248K(1415616K), 0.4063270 secs] 2385900K->1290812K(6134208K), 0.4146590 secs] [Times: user=1.15 sys=0.26, real=0.42 secs] 
2013-09-30T10:16:40.243+0000: 195.530: [GC 195.535: [ParNew: 1415616K->157248K(1415616K), 0.4171770 secs] 2549180K->1467834K(6134208K), 0.4255570 secs] [Times: user=1.17 sys=0.26, real=0.43 secs] 
2013-09-30T10:16:54.137+0000: 209.425: [GC 209.430: [ParNew: 1415616K->157248K(1415616K), 0.4363250 secs] 2726202K->1653259K(6134208K), 0.4451080 secs] [Times: user=1.10 sys=0.32, real=0.45 secs] 
2013-09-30T10:17:07.388+0000: 222.675: [GC 222.680: [ParNew: 1415614K->157248K(1415616K), 0.4386900 secs] 2911625K->1849678K(6134208K), 0.4472870 secs] [Times: user=1.23 sys=0.27, real=0.45 secs] 
2013-09-30T10:17:20.095+0000: 235.383: [GC 235.389: [ParNew: 1415616K->157248K(1415616K), 0.5088550 secs] 3108046K->2061197K(6134208K), 0.5180010 secs] [Times: user=1.21 sys=0.33, real=0.52 secs] 
2013-09-30T10:17:32.185+0000: 247.472: [GC 247.478: [ParNew: 1415616K->157248K(1415616K), 0.4851830 secs] 3319565K->2282888K(6134208K), 0.4939150 secs] [Times: user=1.26 sys=0.35, real=0.50 secs] 
2013-09-30T10:17:43.901+0000: 259.191: [GC 259.197: [ParNew: 1415616K->157248K(1415616K), 0.5041380 secs] 3541256K->2512974K(6134208K), 0.5133150 secs] [Times: user=1.22 sys=0.43, real=0.52 secs] 
2013-09-30T10:17:55.137+0000: 270.424: [GC 270.430: [ParNew: 1415598K->157248K(1415616K), 0.5253450 secs] 3771325K->2751589K(6134208K), 0.5342700 secs] [Times: user=1.37 sys=0.38, real=0.53 secs] 
2013-09-30T10:17:55.687+0000: 270.974: [GC [1 CMS-initial-mark: 2594341K(4718592K)] 2751784K(6134208K), 0.1238680 secs] [Times: user=0.15 sys=0.00, real=0.13 secs] 
2013-09-30T10:17:55.830+0000: 271.112: [CMS-concurrent-mark-start]
2013-09-30T10:17:57.731+0000: 273.013: [CMS-concurrent-mark: 1.901/1.901 secs] [Times: user=3.10 sys=0.38, real=1.91 secs] 
2013-09-30T10:17:57.741+0000: 273.023: [CMS-concurrent-preclean-start]
2013-09-30T10:17:58.061+0000: 273.343: [CMS-concurrent-preclean: 0.233/0.320 secs] [Times: user=0.40 sys=0.17, real=0.33 secs] 
2013-09-30T10:17:58.071+0000: 273.353: [CMS-concurrent-abortable-preclean-start]
 CMS: abort preclean due to time 2013-09-30T10:18:03.698+0000: 278.980: [CMS-concurrent-abortable-preclean: 5.406/5.627 secs] [Times: user=7.59 sys=0.89, real=5.64 secs] 
2013-09-30T10:18:03.709+0000: 278.997: [GC[YG occupancy: 1141900 K (1415616 K)]279.000: [Rescan (parallel) , 0.5234430 secs]279.523: [weak refs processing, 0.0314770 secs]279.555: [scrub string table, 0.0003690 secs] [1 CMS-remark: 2594341K(4718592K)] 3736242K(6134208K), 0.5594390 secs] [Times: user=1.96 sys=0.00, real=0.56 secs] 
2013-09-30T10:18:04.288+0000: 279.571: [CMS-concurrent-sweep-start]
2013-09-30T10:18:05.232+0000: 280.514: [CMS-concurrent-sweep: 0.944/0.944 secs] [Times: user=1.62 sys=0.11, real=0.95 secs] 
2013-09-30T10:18:05.242+0000: 280.524: [CMS-concurrent-reset-start]
2013-09-30T10:18:05.254+0000: 280.536: [CMS-concurrent-reset: 0.012/0.012 secs] [Times: user=0.02 sys=0.00, real=0.01 secs] 
2013-09-30T10:18:06.304+0000: 281.591: [GC 281.597: [ParNew: 1415609K->157248K(1415616K), 0.4039620 secs] 2484101K->1468170K(6134208K), 0.4128370 secs] [Times: user=1.35 sys=0.00, real=0.42 secs] 
2013-09-30T10:18:16.616+0000: 291.904: [GC 291.910: [ParNew: 1415608K->157248K(1415616K), 0.3651880 secs] 2726530K->1722055K(6134208K), 0.3745240 secs] [Times: user=1.30 sys=0.00, real=0.37 secs] 
2013-09-30T10:18:26.895+0000: 302.182: [GC 302.188: [ParNew: 1415614K->157248K(1415616K), 0.3462180 secs] 2980421K->1986012K(6134208K), 0.3553230 secs] [Times: user=1.28 sys=0.00, real=0.36 secs] 
2013-09-30T10:18:37.257+0000: 312.544: [GC 312.552: [ParNew: 1415608K->157248K(1415616K), 0.7243820 secs] 3244373K->2258541K(6134208K), 0.7350160 secs] [Times: user=1.33 sys=0.00, real=0.74 secs] 
2013-09-30T10:18:47.350+0000: 322.637: [GC 322.643: [ParNew: 1415568K->157248K(1415616K), 0.3382790 secs] 3516862K->2532384K(6134208K), 0.3473160 secs] [Times: user=1.27 sys=0.00, real=0.35 secs] 
2013-09-30T10:18:57.225+0000: 332.512: [GC 332.518: [ParNew: 1415591K->157248K(1415616K), 0.4318730 secs] 3790727K->2804043K(6134208K), 0.4408070 secs] [Times: user=1.33 sys=0.11, real=0.44 secs] 
2013-09-30T10:19:08.158+0000: 343.445: [GC 343.451: [ParNew: 1415616K->157248K(1415616K), 0.6135480 secs] 4062411K->3095220K(6134208K), 0.6228080 secs] [Times: user=1.41 sys=0.52, real=0.63 secs] 
2013-09-30T10:19:19.289+0000: 354.576: [GC 354.583: [ParNew: 1415616K->157248K(1415616K), 0.6055060 secs] 4353588K->3382050K(6134208K), 0.6153650 secs] [Times: user=1.51 sys=0.42, real=0.62 secs] 
2013-09-30T10:19:30.787+0000: 366.074: [GC 366.080: [ParNew: 1415614K->157248K(1415616K), 0.6311700 secs] 4640416K->3668561K(6134208K), 0.6405060 secs] [Times: user=1.51 sys=0.42, real=0.65 secs] 
2013-09-30T10:19:42.111+0000: 377.399: [GC 377.405: [ParNew: 1415610K->157248K(1415616K), 0.6165230 secs] 4926924K->3950815K(6134208K), 0.6259220 secs] [Times: user=1.38 sys=0.52, real=0.63 secs] 
2013-09-30T10:19:53.399+0000: 388.686: [GC 388.692: [ParNew: 1415616K->157248K(1415616K), 0.6031600 secs] 5209183K->4235528K(6134208K), 0.6129920 secs] [Times: user=1.39 sys=0.52, real=0.62 secs] 
2013-09-30T10:19:54.035+0000: 389.322: [GC [1 CMS-initial-mark: 4078280K(4718592K)] 4241730K(6134208K), 0.1137310 secs] [Times: user=0.13 sys=0.00, real=0.12 secs] 
2013-09-30T10:19:54.169+0000: 389.452: [CMS-concurrent-mark-start]
2013-09-30T10:19:56.230+0000: 391.512: [CMS-concurrent-mark: 2.058/2.058 secs] [Times: user=3.02 sys=0.32, real=2.07 secs] 
2013-09-30T10:19:56.240+0000: 391.522: [CMS-concurrent-preclean-start]
2013-09-30T10:19:56.701+0000: 391.984: [CMS-concurrent-preclean: 0.336/0.461 secs] [Times: user=0.47 sys=0.23, real=0.47 secs] 
2013-09-30T10:19:56.711+0000: 391.993: [CMS-concurrent-abortable-preclean-start]
 CMS: abort preclean due to time 2013-09-30T10:20:01.714+0000: 396.996: [CMS-concurrent-abortable-preclean: 4.777/5.003 secs] [Times: user=6.46 sys=0.71, real=5.01 secs] 
2013-09-30T10:20:01.724+0000: 397.011: [GC[YG occupancy: 1065131 K (1415616 K)]397.015: [Rescan (parallel) , 0.5785440 secs]397.593: [weak refs processing, 0.0574180 secs]397.651: [scrub string table, 0.0003670 secs] [1 CMS-remark: 4078280K(4718592K)] 5143411K(6134208K), 0.6411080 secs] [Times: user=2.04 sys=0.00, real=0.65 secs] 
2013-09-30T10:20:02.385+0000: 397.667: [CMS-concurrent-sweep-start]
2013-09-30T10:20:03.760+0000: 399.042: [CMS-concurrent-sweep: 1.375/1.375 secs] [Times: user=2.20 sys=0.17, real=1.38 secs] 
2013-09-30T10:20:03.770+0000: 399.052: [CMS-concurrent-reset-start]
2013-09-30T10:20:03.782+0000: 399.064: [CMS-concurrent-reset: 0.012/0.012 secs] [Times: user=0.02 sys=0.01, real=0.02 secs] 
2013-09-30T10:20:04.826+0000: 400.113: [GC 400.119: [ParNew: 1415609K->157248K(1415616K), 0.3968300 secs] 2677223K->1698183K(6134208K), 0.4060780 secs] [Times: user=1.39 sys=0.00, real=0.41 secs] 
2013-09-30T10:20:16.289+0000: 411.576: [GC 411.583: [ParNew: 1415596K->157248K(1415616K), 0.4029130 secs] 2956532K->1979299K(6134208K), 0.4130340 secs] [Times: user=1.34 sys=0.01, real=0.41 secs] 
2013-09-30T10:20:27.574+0000: 422.862: [GC 422.869: [ParNew: 1415616K->157248K(1415616K), 0.3647630 secs] 3237667K->2261402K(6134208K), 0.3744360 secs] [Times: user=1.36 sys=0.00, real=0.38 secs] 
2013-09-30T10:20:38.986+0000: 434.274: [GC 434.280: [ParNew: 1415616K->157248K(1415616K), 0.3536000 secs] 3519770K->2548848K(6134208K), 0.3630000 secs] [Times: user=1.28 sys=0.01, real=0.37 secs] 
2013-09-30T10:20:50.331+0000: 445.618: [GC 445.624: [ParNew: 1415613K->157248K(1415616K), 0.4073170 secs] 3807213K->2831295K(6134208K), 0.4170240 secs] [Times: user=1.30 sys=0.00, real=0.42 secs] 
2013-09-30T10:21:01.699+0000: 456.987: [GC 456.993: [ParNew: 1415615K->157248K(1415616K), 0.4156550 secs] 4089663K->3115035K(6134208K), 0.4252890 secs] [Times: user=1.34 sys=0.00, real=0.43 secs] 
2013-09-30T10:21:12.988+0000: 468.275: [GC 468.282: [ParNew: 1415616K->157248K(1415616K), 0.3612620 secs] 4373403K->3397874K(6134208K), 0.3705780 secs] [Times: user=1.31 sys=0.00, real=0.37 secs] 
2013-09-30T10:21:24.367+0000: 479.654: [GC 479.661: [ParNew: 1415615K->157248K(1415616K), 0.3573370 secs] 4656242K->3678811K(6134208K), 0.3667830 secs] [Times: user=1.32 sys=0.00, real=0.37 secs] 
2013-09-30T10:21:35.713+0000: 491.000: [GC 491.006: [ParNew: 1415595K->157248K(1415616K), 0.4291110 secs] 4937159K->3958604K(6134208K), 0.4387320 secs] [Times: user=1.32 sys=0.00, real=0.44 secs] 
2013-09-30T10:21:47.009+0000: 502.297: [GC 502.303: [ParNew: 1415616K->157248K(1415616K), 0.4433170 secs] 5216972K->4241721K(6134208K), 0.4529830 secs] [Times: user=1.44 sys=0.05, real=0.46 secs] 
2013-09-30T10:21:47.485+0000: 502.772: [GC [1 CMS-initial-mark: 4084473K(4718592K)] 4245901K(6134208K), 0.1120580 secs] [Times: user=0.12 sys=0.00, real=0.12 secs] 
2013-09-30T10:21:47.618+0000: 502.900: [CMS-concurrent-mark-start]
2013-09-30T10:21:49.731+0000: 505.013: [CMS-concurrent-mark: 2.113/2.113 secs] [Times: user=3.18 sys=0.23, real=2.12 secs] 
2013-09-30T10:21:49.742+0000: 505.024: [CMS-concurrent-preclean-start]
2013-09-30T10:21:50.217+0000: 505.499: [CMS-concurrent-preclean: 0.341/0.475 secs] [Times: user=0.40 sys=0.25, real=0.48 secs] 
2013-09-30T10:21:50.226+0000: 505.508: [CMS-concurrent-abortable-preclean-start]
 CMS: abort preclean due to time 2013-09-30T10:21:55.664+0000: 510.946: [CMS-concurrent-abortable-preclean: 5.162/5.438 secs] [Times: user=6.84 sys=0.88, real=5.44 secs] 
2013-09-30T10:21:55.674+0000: 510.961: [GC[YG occupancy: 1121232 K (1415616 K)]510.964: [Rescan (parallel) , 0.5082310 secs]511.473: [weak refs processing, 0.0601400 secs]511.533: [scrub string table, 0.0003620 secs] [1 CMS-remark: 4084473K(4718592K)] 5205706K(6134208K), 0.5734830 secs] [Times: user=2.13 sys=0.00, real=0.58 secs] 
2013-09-30T10:21:56.268+0000: 511.550: [CMS-concurrent-sweep-start]
2013-09-30T10:21:57.677+0000: 512.959: [CMS-concurrent-sweep: 1.409/1.409 secs] [Times: user=2.12 sys=0.20, real=1.41 secs] 
2013-09-30T10:21:57.687+0000: 512.969: [CMS-concurrent-reset-start]
2013-09-30T10:21:57.699+0000: 512.981: [CMS-concurrent-reset: 0.012/0.012 secs] [Times: user=0.02 sys=0.01, real=0.01 secs] 
2013-09-30T10:21:58.421+0000: 513.709: [GC 513.715: [ParNew: 1415615K->157248K(1415616K), 0.4025860 secs] 2692950K->1712507K(6134208K), 0.4120140 secs] [Times: user=1.37 sys=0.00, real=0.41 secs] 
2013-09-30T10:22:09.789+0000: 525.077: [GC 525.084: [ParNew: 1415616K->157248K(1415616K), 0.4449580 secs] 2970875K->1994166K(6134208K), 0.4549430 secs] [Times: user=1.39 sys=0.00, real=0.46 secs] 
2013-09-30T10:22:21.162+0000: 536.449: [GC 536.455: [ParNew: 1415616K->157248K(1415616K), 0.3583580 secs] 3252534K->2275145K(6134208K), 0.3677180 secs] [Times: user=1.32 sys=0.00, real=0.37 secs] 
2013-09-30T10:22:32.436+0000: 547.723: [GC 547.730: [ParNew: 1415616K->157248K(1415616K), 0.3947380 secs] 3533513K->2560436K(6134208K), 0.4041780 secs] [Times: user=1.28 sys=0.04, real=0.41 secs] 
2013-09-30T10:22:43.842+0000: 559.130: [GC 559.136: [ParNew: 1415613K->157248K(1415616K), 0.3682100 secs] 3818802K->2845221K(6134208K), 0.3776440 secs] [Times: user=1.30 sys=0.00, real=0.38 secs] 
2013-09-30T10:22:55.234+0000: 570.524: [GC 570.530: [ParNew: 1415616K->157248K(1415616K), 0.4825930 secs] 4103589K->3128717K(6134208K), 0.4921460 secs] [Times: user=1.36 sys=0.00, real=0.49 secs] 
2013-09-30T10:23:06.563+0000: 581.850: [GC 581.856: [ParNew: 1415615K->157248K(1415616K), 0.5410640 secs] 4387085K->3411485K(6134208K), 0.5510950 secs] [Times: user=1.29 sys=0.02, real=0.56 secs] 
2013-09-30T10:23:17.890+0000: 593.177: [GC 593.184: [ParNew: 1415613K->157248K(1415616K), 0.4216680 secs] 4669851K->3694185K(6134208K), 0.4317350 secs] [Times: user=1.29 sys=0.01, real=0.43 secs] 
2013-09-30T10:23:29.316+0000: 604.603: [GC 604.610: [ParNew: 1415616K->157248K(1415616K), 0.4266440 secs] 4952553K->3974495K(6134208K), 0.4361420 secs] [Times: user=1.33 sys=0.00, real=0.45 secs] 
2013-09-30T10:23:40.680+0000: 615.967: [GC 615.973: [ParNew: 1415613K->157248K(1415616K), 0.4903890 secs] 5232860K->4256565K(6134208K), 0.4997690 secs] [Times: user=1.33 sys=0.09, real=0.51 secs] 
2013-09-30T10:23:41.198+0000: 616.485: [GC [1 CMS-initial-mark: 4099317K(4718592K)] 4257054K(6134208K), 0.1168370 secs] [Times: user=0.11 sys=0.01, real=0.12 secs] 
2013-09-30T10:23:41.334+0000: 616.616: [CMS-concurrent-mark-start]
2013-09-30T10:23:44.006+0000: 619.288: [CMS-concurrent-mark: 2.672/2.672 secs] [Times: user=3.38 sys=0.41, real=2.68 secs] 
2013-09-30T10:23:44.017+0000: 619.299: [CMS-concurrent-preclean-start]
2013-09-30T10:23:44.615+0000: 619.898: [CMS-concurrent-preclean: 0.430/0.599 secs] [Times: user=0.56 sys=0.22, real=0.60 secs] 
2013-09-30T10:23:44.626+0000: 619.908: [CMS-concurrent-abortable-preclean-start]
 CMS: abort preclean due to time 2013-09-30T10:23:49.779+0000: 625.061: [CMS-concurrent-abortable-preclean: 4.896/5.153 secs] [Times: user=6.76 sys=0.82, real=5.16 secs] 
2013-09-30T10:23:49.789+0000: 625.076: [GC[YG occupancy: 1165116 K (1415616 K)]625.080: [Rescan (parallel) , 0.5313070 secs]625.611: [weak refs processing, 0.0606410 secs]625.672: [scrub string table, 0.0003640 secs] [1 CMS-remark: 4099317K(4718592K)] 5264433K(6134208K), 0.5973120 secs] [Times: user=2.19 sys=0.00, real=0.60 secs] 
2013-09-30T10:23:50.429+0000: 625.711: [CMS-concurrent-sweep-start]
2013-09-30T10:23:51.927+0000: 627.209: [CMS-concurrent-sweep: 1.498/1.498 secs] [Times: user=2.22 sys=0.22, real=1.53 secs] 
2013-09-30T10:23:51.938+0000: 627.220: [CMS-concurrent-reset-start]
2013-09-30T10:23:51.954+0000: 627.236: [CMS-concurrent-reset: 0.015/0.015 secs] [Times: user=0.02 sys=0.02, real=0.02 secs] 
2013-09-30T10:23:52.302+0000: 627.589: [GC 627.595: [ParNew: 1415615K->157248K(1415616K), 0.4298820 secs] 2689956K->1710926K(6134208K), 0.4392480 secs] [Times: user=1.39 sys=0.02, real=0.45 secs] 
2013-09-30T10:24:03.362+0000: 638.649: [GC 638.655: [ParNew: 1415616K->157248K(1415616K), 0.4111200 secs] 2969294K->1987986K(6134208K), 0.4206770 secs] [Times: user=1.35 sys=0.01, real=0.43 secs] 
2013-09-30T10:24:14.861+0000: 650.148: [GC 650.155: [ParNew: 1415616K->157248K(1415616K), 0.3701690 secs] 3246354K->2272440K(6134208K), 0.3798800 secs] [Times: user=1.30 sys=0.02, real=0.39 secs] 
2013-09-30T10:24:26.208+0000: 661.495: [GC 661.501: [ParNew: 1415616K->157248K(1415616K), 0.5286320 secs] 3530808K->2556554K(6134208K), 0.5383560 secs] [Times: user=1.29 sys=0.05, real=0.54 secs] 
2013-09-30T10:24:37.474+0000: 672.761: [GC 672.768: [ParNew: 1415616K->157248K(1415616K), 0.4947710 secs] 3814922K->2841622K(6134208K), 0.5050500 secs] [Times: user=1.33 sys=0.04, real=0.51 secs] 
2013-09-30T10:24:48.885+0000: 684.172: [GC 684.179: [ParNew: 1415616K->157248K(1415616K), 0.3829050 secs] 4099990K->3126092K(6134208K), 0.3924020 secs] [Times: user=1.28 sys=0.02, real=0.40 secs] 
2013-09-30T10:25:00.344+0000: 695.631: [GC 695.638: [ParNew: 1415616K->157248K(1415616K), 0.4074270 secs] 4384460K->3404715K(6134208K), 0.4172140 secs] [Times: user=1.30 sys=0.02, real=0.42 secs] 
2013-09-30T10:25:11.567+0000: 706.854: [GC 706.861: [ParNew: 1415616K->157248K(1415616K), 0.5522900 secs] 4663083K->3688053K(6134208K), 0.5618990 secs] [Times: user=1.34 sys=0.01, real=0.57 secs] 
2013-09-30T10:25:22.881+0000: 718.168: [GC 718.175: [ParNew: 1415616K->157248K(1415616K), 0.3797900 secs] 4946421K->3969868K(6134208K), 0.3898140 secs] [Times: user=1.30 sys=0.03, real=0.39 secs] 
2013-09-30T10:25:34.361+0000: 729.649: [GC 729.655: [ParNew: 1415615K->157248K(1415616K), 0.4790840 secs] 5228236K->4251302K(6134208K), 0.4885170 secs] [Times: user=1.30 sys=0.01, real=0.49 secs] 
2013-09-30T10:25:34.867+0000: 730.154: [GC [1 CMS-initial-mark: 4094054K(4718592K)] 4251997K(6134208K), 0.1150180 secs] [Times: user=0.12 sys=0.00, real=0.12 secs] 
2013-09-30T10:25:35.001+0000: 730.283: [CMS-concurrent-mark-start]
2013-09-30T10:25:37.190+0000: 732.472: [CMS-concurrent-mark: 2.189/2.189 secs] [Times: user=3.22 sys=0.29, real=2.20 secs] 
2013-09-30T10:25:37.200+0000: 732.482: [CMS-concurrent-preclean-start]
2013-09-30T10:25:37.724+0000: 733.006: [CMS-concurrent-preclean: 0.384/0.524 secs] [Times: user=0.43 sys=0.26, real=0.53 secs] 
2013-09-30T10:25:37.734+0000: 733.016: [CMS-concurrent-abortable-preclean-start]
 CMS: abort preclean due to time 2013-09-30T10:25:43.039+0000: 738.321: [CMS-concurrent-abortable-preclean: 5.019/5.305 secs] [Times: user=6.82 sys=0.97, real=5.31 secs] 
2013-09-30T10:25:43.049+0000: 738.336: [GC[YG occupancy: 1137617 K (1415616 K)]738.339: [Rescan (parallel) , 0.5690870 secs]738.909: [weak refs processing, 0.0617090 secs]738.970: [scrub string table, 0.0003670 secs] [1 CMS-remark: 4094054K(4718592K)] 5231672K(6134208K), 0.6359560 secs] [Times: user=1.96 sys=0.00, real=0.63 secs] 
2013-09-30T10:25:43.712+0000: 738.994: [CMS-concurrent-sweep-start]
2013-09-30T10:25:45.190+0000: 740.472: [CMS-concurrent-sweep: 1.478/1.478 secs] [Times: user=2.14 sys=0.26, real=1.49 secs] 
2013-09-30T10:25:45.200+0000: 740.482: [CMS-concurrent-reset-start]
2013-09-30T10:25:45.212+0000: 740.494: [CMS-concurrent-reset: 0.012/0.012 secs] [Times: user=0.02 sys=0.00, real=0.02 secs] 
2013-09-30T10:25:45.799+0000: 741.086: [GC 741.092: [ParNew: 1415616K->157248K(1415616K), 0.6334810 secs] 2697649K->1719625K(6134208K), 0.6429870 secs] [Times: user=1.34 sys=0.03, real=0.64 secs] 
2013-09-30T10:25:56.990+0000: 752.278: [GC 752.284: [ParNew: 1415614K->157248K(1415616K), 0.3824360 secs] 2977991K->2000368K(6134208K), 0.3923370 secs] [Times: user=1.32 sys=0.02, real=0.39 secs] 
2013-09-30T10:26:08.455+0000: 763.742: [GC 763.748: [ParNew: 1415616K->157248K(1415616K), 0.3607880 secs] 3258736K->2284483K(6134208K), 0.3701250 secs] [Times: user=1.27 sys=0.05, real=0.38 secs] 
2013-09-30T10:26:19.837+0000: 775.124: [GC 775.130: [ParNew: 1415616K->157248K(1415616K), 0.3785590 secs] 3542851K->2570140K(6134208K), 0.3879260 secs] [Times: user=1.32 sys=0.00, real=0.39 secs] 
2013-09-30T10:26:31.004+0000: 786.292: [GC 786.299: [ParNew: 1415616K->157248K(1415616K), 0.3878330 secs] 3828508K->2855543K(6134208K), 0.3976980 secs] [Times: user=1.25 sys=0.05, real=0.40 secs] 
2013-09-30T10:26:42.483+0000: 797.771: [GC 797.777: [ParNew: 1415616K->157248K(1415616K), 0.4680940 secs] 4113911K->3139827K(6134208K), 0.4775440 secs] [Times: user=1.26 sys=0.05, real=0.49 secs] 
2013-09-30T10:26:53.913+0000: 809.200: [GC 809.207: [ParNew: 1415583K->157248K(1415616K), 0.4489510 secs] 4398162K->3423106K(6134208K), 0.4590450 secs] [Times: user=1.34 sys=0.00, real=0.46 secs] 
2013-09-30T10:27:05.110+0000: 820.397: [GC 820.403: [ParNew: 1415616K->157248K(1415616K), 0.3572810 secs] 4681545K->3703657K(6134208K), 0.3666220 secs] [Times: user=1.29 sys=0.01, real=0.38 secs] 
2013-09-30T10:27:16.524+0000: 831.811: [GC 831.818: [ParNew: 1415615K->157248K(1415616K), 0.5471180 secs] 4962025K->3986526K(6134208K), 0.5569200 secs] [Times: user=1.33 sys=0.04, real=0.56 secs] 
2013-09-30T10:27:27.938+0000: 843.225: [GC 843.232: [ParNew: 1415607K->157248K(1415616K), 0.4048280 secs] 5244885K->4266523K(6134208K), 0.4146810 secs] [Times: user=1.32 sys=0.07, real=0.42 secs] 
2013-09-30T10:27:28.373+0000: 843.660: [GC [1 CMS-initial-mark: 4109275K(4718592K)] 4267885K(6134208K), 0.1104160 secs] [Times: user=0.12 sys=0.00, real=0.11 secs] 
2013-09-30T10:27:28.502+0000: 843.784: [CMS-concurrent-mark-start]
2013-09-30T10:27:30.781+0000: 846.063: [CMS-concurrent-mark: 2.279/2.279 secs] [Times: user=3.27 sys=0.30, real=2.29 secs] 
2013-09-30T10:27:30.790+0000: 846.073: [CMS-concurrent-preclean-start]
2013-09-30T10:27:31.342+0000: 846.624: [CMS-concurrent-preclean: 0.395/0.552 secs] [Times: user=0.48 sys=0.25, real=0.56 secs] 
2013-09-30T10:27:31.352+0000: 846.634: [CMS-concurrent-abortable-preclean-start]
 CMS: abort preclean due to time 2013-09-30T10:27:36.739+0000: 852.021: [CMS-concurrent-abortable-preclean: 5.108/5.387 secs] [Times: user=6.59 sys=1.07, real=5.39 secs] 
2013-09-30T10:27:36.749+0000: 852.036: [GC[YG occupancy: 1136965 K (1415616 K)]852.039: [Rescan (parallel) , 0.5557940 secs]852.595: [weak refs processing, 0.0614750 secs]852.656: [scrub string table, 0.0003640 secs] [1 CMS-remark: 4109275K(4718592K)] 5246241K(6134208K), 0.6224120 secs] [Times: user=2.22 sys=0.00, real=0.63 secs] 
2013-09-30T10:27:37.390+0000: 852.672: [CMS-concurrent-sweep-start]
2013-09-30T10:27:38.804+0000: 854.086: [CMS-concurrent-sweep: 1.414/1.414 secs] [Times: user=2.20 sys=0.23, real=1.42 secs] 
2013-09-30T10:27:38.814+0000: 854.096: [CMS-concurrent-reset-start]
2013-09-30T10:27:38.826+0000: 854.108: [CMS-concurrent-reset: 0.012/0.012 secs] [Times: user=0.01 sys=0.01, real=0.01 secs] 
2013-09-30T10:27:39.445+0000: 854.732: [GC 854.738: [ParNew: 1415616K->157248K(1415616K), 0.4127940 secs] 2701885K->1724823K(6134208K), 0.4221760 secs] [Times: user=1.34 sys=0.05, real=0.43 secs] 
2013-09-30T10:27:50.613+0000: 865.900: [GC 865.906: [ParNew: 1415616K->157248K(1415616K), 0.3847250 secs] 2983191K->2002881K(6134208K), 0.3943290 secs] [Times: user=1.31 sys=0.01, real=0.40 secs] 
2013-09-30T10:28:02.066+0000: 877.353: [GC 877.360: [ParNew: 1415561K->157248K(1415616K), 0.3595150 secs] 3261194K->2287217K(6134208K), 0.3689150 secs] [Times: user=1.29 sys=0.02, real=0.38 secs] 
2013-09-30T10:28:13.414+0000: 888.701: [GC 888.708: [ParNew: 1415616K->157248K(1415616K), 0.3648670 secs] 3545585K->2572468K(6134208K), 0.3742120 secs] [Times: user=1.26 sys=0.03, real=0.38 secs] 
2013-09-30T10:28:24.684+0000: 899.971: [GC 899.978: [ParNew: 1415616K->157248K(1415616K), 0.3779220 secs] 3830836K->2858626K(6134208K), 0.3874860 secs] [Times: user=1.26 sys=0.03, real=0.40 secs] 
2013-09-30T10:28:36.090+0000: 911.378: [GC 911.384: [ParNew: 1415615K->157248K(1415616K), 0.3653500 secs] 4116994K->3140274K(6134208K), 0.3752150 secs] [Times: user=1.27 sys=0.02, real=0.38 secs] 
2013-09-30T10:28:47.438+0000: 922.726: [GC 922.732: [ParNew: 1415614K->157248K(1415616K), 0.5270430 secs] 4398641K->3422190K(6134208K), 0.5368180 secs] [Times: user=1.32 sys=0.00, real=0.54 secs] 
2013-09-30T10:28:58.725+0000: 934.012: [GC 934.018: [ParNew: 1415613K->157248K(1415616K), 0.3815750 secs] 4680555K->3703958K(6134208K), 0.3911320 secs] [Times: user=1.30 sys=0.00, real=0.39 secs] 
2013-09-30T10:29:10.096+0000: 945.383: [GC 945.390: [ParNew: 1415614K->157248K(1415616K), 0.4315750 secs] 4962324K->3985855K(6134208K), 0.4413600 secs] [Times: user=1.31 sys=0.00, real=0.45 secs] 
2013-09-30T10:29:21.525+0000: 956.812: [GC 956.819: [ParNew: 1415616K->157248K(1415616K), 0.5834870 secs] 5244223K->4264857K(6134208K), 0.5931370 secs] [Times: user=1.33 sys=0.01, real=0.59 secs] 
2013-09-30T10:29:22.137+0000: 957.424: [GC [1 CMS-initial-mark: 4107609K(4718592K)] 4266339K(6134208K), 0.1117350 secs] [Times: user=0.12 sys=0.01, real=0.15 secs] 
2013-09-30T10:29:22.302+0000: 957.584: [CMS-concurrent-mark-start]
2013-09-30T10:29:24.568+0000: 959.850: [CMS-concurrent-mark: 2.265/2.265 secs] [Times: user=3.35 sys=0.36, real=2.27 secs] 
2013-09-30T10:29:24.578+0000: 959.860: [CMS-concurrent-preclean-start]
2013-09-30T10:29:25.096+0000: 960.378: [CMS-concurrent-preclean: 0.379/0.518 secs] [Times: user=0.57 sys=0.18, real=0.52 secs] 
2013-09-30T10:29:25.106+0000: 960.388: [CMS-concurrent-abortable-preclean-start]
 CMS: abort preclean due to time 2013-09-30T10:29:30.200+0000: 965.482: [CMS-concurrent-abortable-preclean: 4.832/5.094 secs] [Times: user=6.49 sys=0.95, real=5.10 secs] 
2013-09-30T10:29:30.210+0000: 965.497: [GC[YG occupancy: 1131208 K (1415616 K)]965.500: [Rescan (parallel) , 0.5379120 secs]966.038: [weak refs processing, 0.0607690 secs]966.099: [scrub string table, 0.0003780 secs] [1 CMS-remark: 4107609K(4718592K)] 5238817K(6134208K), 0.6039090 secs] [Times: user=2.04 sys=0.00, real=0.61 secs] 
2013-09-30T10:29:30.835+0000: 966.117: [CMS-concurrent-sweep-start]
2013-09-30T10:29:32.203+0000: 967.486: [CMS-concurrent-sweep: 1.368/1.368 secs] [Times: user=2.07 sys=0.26, real=1.37 secs] 
2013-09-30T10:29:32.213+0000: 967.495: [CMS-concurrent-reset-start]
2013-09-30T10:29:32.225+0000: 967.507: [CMS-concurrent-reset: 0.012/0.012 secs] [Times: user=0.02 sys=0.00, real=0.02 secs] 
2013-09-30T10:29:32.920+0000: 968.207: [GC 968.213: [ParNew: 1415616K->157248K(1415616K), 0.4806370 secs] 2703957K->1728005K(6134208K), 0.4902450 secs] [Times: user=1.37 sys=0.01, real=0.50 secs] 
2013-09-30T10:29:44.179+0000: 979.466: [GC 979.473: [ParNew: 1415616K->157248K(1415616K), 0.6577780 secs] 2986373K->2007816K(6134208K), 0.6674640 secs] [Times: user=1.33 sys=0.04, real=0.67 secs] 
2013-09-30T10:29:55.630+0000: 990.917: [GC 990.923: [ParNew: 1415616K->157248K(1415616K), 0.3605990 secs] 3266184K->2290833K(6134208K), 0.3701360 secs] [Times: user=1.29 sys=0.02, real=0.38 secs] 
2013-09-30T10:30:06.991+0000: 1002.278: [GC 1002.296: [ParNew: 1415615K->157248K(1415616K), 0.4298530 secs] 3549200K->2576998K(6134208K), 0.4684830 secs] [Times: user=1.29 sys=0.02, real=0.48 secs] 
2013-09-30T10:30:18.346+0000: 1013.634: [GC 1013.640: [ParNew: 1415559K->157248K(1415616K), 0.4162230 secs] 3835309K->2861587K(6134208K), 0.4256790 secs] [Times: user=1.30 sys=0.02, real=0.43 secs] 
2013-09-30T10:30:29.666+0000: 1024.953: [GC 1024.960: [ParNew: 1415612K->157248K(1415616K), 0.3663090 secs] 4119951K->3146599K(6134208K), 0.3759140 secs] [Times: user=1.29 sys=0.03, real=0.38 secs] 
2013-09-30T10:30:41.076+0000: 1036.363: [GC 1036.370: [ParNew: 1415616K->157248K(1415616K), 0.3810030 secs] 4404967K->3427983K(6134208K), 0.3905070 secs] [Times: user=1.27 sys=0.02, real=0.40 secs] 
2013-09-30T10:30:52.448+0000: 1047.735: [GC 1047.742: [ParNew: 1415608K->157248K(1415616K), 0.3726220 secs] 4686343K->3711143K(6134208K), 0.3820010 secs] [Times: user=1.30 sys=0.02, real=0.38 secs] 
2013-09-30T10:31:03.793+0000: 1059.080: [GC 1059.086: [ParNew: 1415615K->157248K(1415616K), 0.3714370 secs] 4969511K->3990935K(6134208K), 0.3808580 secs] [Times: user=1.33 sys=0.02, real=0.39 secs] 
2013-09-30T10:31:15.084+0000: 1070.371: [GC 1070.378: [ParNew: 1415616K->157248K(1415616K), 0.5018250 secs] 5249303K->4271851K(6134208K), 0.5116780 secs] [Times: user=1.35 sys=0.03, real=0.52 secs] 
2013-09-30T10:31:15.614+0000: 1070.900: [GC [1 CMS-initial-mark: 4114603K(4718592K)] 4272723K(6134208K), 0.1116270 secs] [Times: user=0.11 sys=0.01, real=0.12 secs] 
2013-09-30T10:31:15.744+0000: 1071.026: [CMS-concurrent-mark-start]
2013-09-30T10:31:18.013+0000: 1073.295: [CMS-concurrent-mark: 2.269/2.269 secs] [Times: user=3.29 sys=0.33, real=2.27 secs] 
2013-09-30T10:31:18.023+0000: 1073.305: [CMS-concurrent-preclean-start]
2013-09-30T10:31:18.531+0000: 1073.813: [CMS-concurrent-preclean: 0.371/0.508 secs] [Times: user=0.47 sys=0.22, real=0.51 secs] 
2013-09-30T10:31:18.541+0000: 1073.824: [CMS-concurrent-abortable-preclean-start]
 CMS: abort preclean due to time 2013-09-30T10:31:23.694+0000: 1078.976: [CMS-concurrent-abortable-preclean: 4.883/5.152 secs] [Times: user=6.63 sys=0.99, real=5.15 secs] 
2013-09-30T10:31:23.704+0000: 1078.991: [GC[YG occupancy: 1125046 K (1415616 K)]1078.995: [Rescan (parallel) , 0.5272000 secs]1079.522: [weak refs processing, 0.0625670 secs]1079.584: [scrub string table, 0.0003650 secs] [1 CMS-remark: 4114603K(4718592K)] 5239650K(6134208K), 0.5949870 secs] [Times: user=1.76 sys=0.00, real=0.60 secs] 
2013-09-30T10:31:24.320+0000: 1079.602: [CMS-concurrent-sweep-start]
2013-09-30T10:31:25.763+0000: 1081.045: [CMS-concurrent-sweep: 1.443/1.443 secs] [Times: user=2.15 sys=0.22, real=1.45 secs] 
2013-09-30T10:31:25.772+0000: 1081.054: [CMS-concurrent-reset-start]
2013-09-30T10:31:25.785+0000: 1081.067: [CMS-concurrent-reset: 0.013/0.013 secs] [Times: user=0.02 sys=0.01, real=0.02 secs] 
2013-09-30T10:31:26.465+0000: 1081.752: [GC 1081.759: [ParNew: 1415616K->157248K(1415616K), 0.4912500 secs] 2711585K->1731637K(6134208K), 0.5009840 secs] [Times: user=1.38 sys=0.02, real=0.50 secs] 
2013-09-30T10:31:37.833+0000: 1093.120: [GC 1093.126: [ParNew: 1415613K->157248K(1415616K), 0.3914210 secs] 2990002K->2013644K(6134208K), 0.4009160 secs] [Times: user=1.32 sys=0.04, real=0.41 secs] 
2013-09-30T10:31:49.167+0000: 1104.454: [GC 1104.460: [ParNew: 1415598K->157248K(1415616K), 0.3626260 secs] 3271994K->2295889K(6134208K), 0.3720500 secs] [Times: user=1.26 sys=0.04, real=0.37 secs] 
2013-09-30T10:32:00.554+0000: 1115.842: [GC 1115.848: [ParNew: 1415616K->157248K(1415616K), 0.3730180 secs] 3554257K->2583198K(6134208K), 0.3825460 secs] [Times: user=1.33 sys=0.00, real=0.38 secs] 
2013-09-30T10:32:11.866+0000: 1127.153: [GC 1127.159: [ParNew: 1415609K->157248K(1415616K), 0.3615010 secs] 3841559K->2867009K(6134208K), 0.3710870 secs] [Times: user=1.29 sys=0.02, real=0.37 secs] 
2013-09-30T10:32:23.280+0000: 1138.567: [GC 1138.573: [ParNew: 1415616K->157248K(1415616K), 0.3827200 secs] 4125377K->3151938K(6134208K), 0.3922870 secs] [Times: user=1.33 sys=0.00, real=0.40 secs] 
2013-09-30T10:32:34.601+0000: 1149.889: [GC 1149.896: [ParNew: 1415615K->157248K(1415616K), 0.4216200 secs] 4410306K->3433513K(6134208K), 0.4317220 secs] [Times: user=1.30 sys=0.02, real=0.43 secs] 
2013-09-30T10:32:45.934+0000: 1161.222: [GC 1161.228: [ParNew: 1415616K->157248K(1415616K), 0.3552790 secs] 4691881K->3715627K(6134208K), 0.3646530 secs] [Times: user=1.25 sys=0.04, real=0.37 secs] 
2013-09-30T10:32:57.299+0000: 1172.586: [GC 1172.592: [ParNew: 1415610K->157248K(1415616K), 0.3891230 secs] 4973990K->3996969K(6134208K), 0.3985460 secs] [Times: user=1.32 sys=0.01, real=0.41 secs] 
2013-09-30T10:32:57.718+0000: 1173.005: [GC [1 CMS-initial-mark: 3839721K(4718592K)] 3998370K(6134208K), 0.1171490 secs] [Times: user=0.12 sys=0.01, real=0.13 secs] 
2013-09-30T10:32:57.854+0000: 1173.136: [CMS-concurrent-mark-start]
2013-09-30T10:33:00.294+0000: 1175.576: [CMS-concurrent-mark: 2.440/2.440 secs] [Times: user=3.41 sys=0.31, real=2.44 secs] 
2013-09-30T10:33:00.304+0000: 1175.586: [CMS-concurrent-preclean-start]
2013-09-30T10:33:00.841+0000: 1176.124: [CMS-concurrent-preclean: 0.388/0.537 secs] [Times: user=0.51 sys=0.26, real=0.55 secs] 
2013-09-30T10:33:00.852+0000: 1176.134: [CMS-concurrent-abortable-preclean-start]
 CMS: abort preclean due to time 2013-09-30T10:33:05.993+0000: 1181.275: [CMS-concurrent-abortable-preclean: 4.879/5.141 secs] [Times: user=6.68 sys=0.79, real=5.15 secs] 
2013-09-30T10:33:06.003+0000: 1181.290: [GC[YG occupancy: 1125258 K (1415616 K)]1181.294: [Rescan (parallel) , 0.5137730 secs]1181.808: [weak refs processing, 0.0571710 secs]1181.865: [scrub string table, 0.0003620 secs] [1 CMS-remark: 3839721K(4718592K)] 4964980K(6134208K), 0.5761330 secs] [Times: user=1.86 sys=0.00, real=0.58 secs] 
2013-09-30T10:33:06.604+0000: 1181.886: [CMS-concurrent-sweep-start]
2013-09-30T10:33:07.977+0000: 1183.260: [CMS-concurrent-sweep: 1.374/1.374 secs] [Times: user=2.12 sys=0.22, real=1.38 secs] 
2013-09-30T10:33:07.987+0000: 1183.270: [CMS-concurrent-reset-start]
2013-09-30T10:33:07.999+0000: 1183.281: [CMS-concurrent-reset: 0.012/0.012 secs] [Times: user=0.02 sys=0.01, real=0.01 secs] 
2013-09-30T10:33:08.705+0000: 1183.992: [GC 1183.998: [ParNew: 1415611K->157248K(1415616K), 0.4316360 secs] 2711022K->1732208K(6134208K), 0.4411780 secs] [Times: user=1.33 sys=0.02, real=0.45 secs] 
2013-09-30T10:33:20.003+0000: 1195.291: [GC 1195.297: [ParNew: 1415616K->157248K(1415616K), 0.4091810 secs] 2990576K->2013185K(6134208K), 0.4186930 secs] [Times: user=1.37 sys=0.01, real=0.42 secs] 
2013-09-30T10:33:31.501+0000: 1206.788: [GC 1206.792: [ParNew: 1415616K->157248K(1415616K), 0.3250020 secs] 3271553K->2227648K(6134208K), 0.3315010 secs] [Times: user=1.15 sys=0.02, real=0.33 secs] 
2013-09-30T10:33:43.714+0000: 1218.997: [GC 1218.997: [ParNew: 1415571K->157248K(1415616K), 0.2094760 secs] 3485971K->2317981K(6134208K), 0.2101010 secs] [Times: user=0.75 sys=0.00, real=0.21 secs] 
Heap
 par new generation   total 1415616K, used 278278K [0x0000000678000000, 0x00000006d8000000, 0x00000006d8000000)
  eden space 1258368K,   9% used [0x0000000678000000, 0x000000067f631b78, 0x00000006c4ce0000)
  from space 157248K, 100% used [0x00000006c4ce0000, 0x00000006ce670000, 0x00000006ce670000)
  to   space 157248K,   0% used [0x00000006ce670000, 0x00000006ce670000, 0x00000006d8000000)
 concurrent mark-sweep generation total 4718592K, used 2160733K [0x00000006d8000000, 0x00000007f8000000, 0x00000007f8000000)
 concurrent-mark-sweep perm gen total 65536K, used 13523K [0x00000007f8000000, 0x00000007fc000000, 0x0000000800000000)
