2013-10-02T10:32:47.692+0000: 1.172: [Full GC (System) 1.172: [CMS: 0K->5747K(4091904K), 0.1797810 secs] 32877K->5747K(4184064K), [CMS Perm : 9096K->9092K(65536K)], 0.1799200 secs] [Times: user=0.07 sys=0.11, real=0.18 secs] 
2013-10-02T10:32:48.098+0000: 1.578: [GC 1.578: [ParNew: 81920K->4288K(92160K), 0.0274160 secs] 87667K->10035K(4184064K), 0.0275910 secs] [Times: user=0.10 sys=0.01, real=0.03 secs] 
2013-10-02T10:33:09.366+0000: 22.846: [GC 22.846: [ParNew: 86208K->10240K(92160K), 0.0449180 secs] 91955K->18643K(4184064K), 0.0451010 secs] [Times: user=0.16 sys=0.02, real=0.04 secs] 
2013-10-02T10:33:54.102+0000: 67.582: [GC 67.582: [ParNew: 92160K->8820K(92160K), 0.0459620 secs] 100563K->25391K(4184064K), 0.0461410 secs] [Times: user=0.15 sys=0.02, real=0.04 secs] 
2013-10-02T10:35:03.947+0000: 137.427: [GC 137.427: [ParNew: 90740K->7718K(92160K), 0.0256660 secs] 107311K->26284K(4184064K), 0.0257620 secs] [Times: user=0.10 sys=0.00, real=0.03 secs] 
Heap
 par new generation   total 92160K, used 11530K [0x00000006f8000000, 0x00000006fe400000, 0x00000006fe400000)
  eden space 81920K,   4% used [0x00000006f8000000, 0x00000006f83b8e78, 0x00000006fd000000)
  from space 10240K,  75% used [0x00000006fd000000, 0x00000006fd789b18, 0x00000006fda00000)
  to   space 10240K,   0% used [0x00000006fda00000, 0x00000006fda00000, 0x00000006fe400000)
 concurrent mark-sweep generation total 4091904K, used 18565K [0x00000006fe400000, 0x00000007f8000000, 0x00000007f8000000)
 concurrent-mark-sweep perm gen total 65536K, used 12798K [0x00000007f8000000, 0x00000007fc000000, 0x0000000800000000)
