2013-09-30T05:30:17.312+0000: 1.185: [Full GC (System) 1.185: [CMS: 0K->5303K(3145728K), 0.1488030 secs] 83891K->5303K(4089472K), [CMS Perm : 9043K->9039K(65536K)], 0.1489380 secs] [Times: user=0.06 sys=0.08, real=0.14 secs] 
2013-09-30T05:30:17.711+0000: 1.584: [GC 1.584: [ParNew: 830538K->4016K(943744K), 0.0316450 secs] 835841K->9319K(4089472K), 0.0318540 secs] [Times: user=0.09 sys=0.01, real=0.03 secs] 
2013-09-30T05:30:18.914+0000: 2.789: [GC 2.790: [ParNew: 842928K->60499K(943744K), 0.1563090 secs] 848231K->65803K(4089472K), 0.1578030 secs] [Times: user=0.37 sys=0.09, real=0.16 secs] 
2013-09-30T05:30:38.083+0000: 21.960: [GC 21.963: [ParNew: 899411K->104832K(943744K), 2.8020710 secs] 904715K->286502K(4089472K), 2.8078790 secs] [Times: user=3.38 sys=0.44, real=2.82 secs] 
2013-09-30T05:31:08.256+0000: 52.132: [GC 52.134: [ParNew: 943744K->90285K(943744K), 0.4660940 secs] 1125414K->377462K(4089472K), 0.4700330 secs] [Times: user=1.16 sys=0.06, real=0.47 secs] 
2013-09-30T05:31:34.837+0000: 78.713: [GC 78.715: [ParNew: 929197K->104832K(943744K), 0.1955260 secs] 1216374K->430211K(4089472K), 0.1996190 secs] [Times: user=0.49 sys=0.02, real=0.20 secs] 
2013-09-30T05:32:00.819+0000: 104.695: [GC 104.698: [ParNew: 943744K->104832K(943744K), 0.2443290 secs] 1269123K->478295K(4089472K), 0.2489350 secs] [Times: user=0.61 sys=0.06, real=0.26 secs] 
2013-09-30T05:32:27.321+0000: 131.198: [GC 131.201: [ParNew: 943724K->104832K(943744K), 0.2929980 secs] 1317188K->536416K(4089472K), 0.2976250 secs] [Times: user=0.64 sys=0.10, real=0.30 secs] 
2013-09-30T05:32:50.041+0000: 153.917: [GC 153.920: [ParNew: 943743K->104832K(943744K), 0.3248500 secs] 1375327K->607055K(4089472K), 0.3295310 secs] [Times: user=0.68 sys=0.19, real=0.33 secs] 
2013-09-30T05:33:11.320+0000: 175.197: [GC 175.200: [ParNew: 943744K->104832K(943744K), 0.3904420 secs] 1445967K->704638K(4089472K), 0.3953470 secs] [Times: user=0.76 sys=0.13, real=0.40 secs] 
2013-09-30T05:33:31.143+0000: 195.020: [GC 195.023: [ParNew: 943693K->104832K(943744K), 0.4625320 secs] 1543499K->822987K(4089472K), 0.4675440 secs] [Times: user=0.82 sys=0.13, real=0.48 secs] 
2013-09-30T05:33:49.835+0000: 213.711: [GC 213.715: [ParNew: 943744K->104832K(943744K), 0.4974480 secs] 1661899K->954699K(4089472K), 0.5025740 secs] [Times: user=0.85 sys=0.20, real=0.50 secs] 
2013-09-30T05:34:07.470+0000: 231.346: [GC 231.350: [ParNew: 943744K->104832K(943744K), 0.5353400 secs] 1793611K->1097883K(4089472K), 0.5407800 secs] [Times: user=0.91 sys=0.18, real=0.54 secs] 
2013-09-30T05:34:24.265+0000: 248.141: [GC 248.145: [ParNew: 943744K->104832K(943744K), 0.5652990 secs] 1936795K->1254937K(4089472K), 0.5709420 secs] [Times: user=0.90 sys=0.24, real=0.57 secs] 
2013-09-30T05:34:40.147+0000: 264.024: [GC 264.027: [ParNew: 943744K->104832K(943744K), 0.6319310 secs] 2093849K->1427023K(4089472K), 0.6373090 secs] [Times: user=0.94 sys=0.29, real=0.64 secs] 
2013-09-30T05:34:55.822+0000: 279.699: [GC 279.702: [ParNew: 943743K->104832K(943744K), 0.6571830 secs] 2265934K->1611215K(4089472K), 0.6627790 secs] [Times: user=0.99 sys=0.31, real=0.66 secs] 
2013-09-30T05:35:10.123+0000: 294.000: [GC 294.003: [ParNew: 943744K->104832K(943744K), 0.6847750 secs] 2450127K->1803866K(4089472K), 0.6905030 secs] [Times: user=0.96 sys=0.32, real=0.69 secs] 
2013-09-30T05:35:10.826+0000: 294.702: [GC [1 CMS-initial-mark: 1699034K(3145728K)] 1803959K(4089472K), 0.0817750 secs] [Times: user=0.09 sys=0.00, real=0.09 secs] 
2013-09-30T05:35:10.919+0000: 294.792: [CMS-concurrent-mark-start]
2013-09-30T05:35:12.237+0000: 296.111: [CMS-concurrent-mark: 1.319/1.319 secs] [Times: user=1.61 sys=0.22, real=1.32 secs] 
2013-09-30T05:35:12.244+0000: 296.117: [CMS-concurrent-preclean-start]
2013-09-30T05:35:12.431+0000: 296.305: [CMS-concurrent-preclean: 0.128/0.188 secs] [Times: user=0.17 sys=0.08, real=0.19 secs] 
2013-09-30T05:35:12.437+0000: 296.311: [CMS-concurrent-abortable-preclean-start]
 CMS: abort preclean due to time 2013-09-30T05:35:17.592+0000: 301.465: [CMS-concurrent-abortable-preclean: 5.028/5.155 secs] [Times: user=6.42 sys=0.48, real=5.16 secs] 
2013-09-30T05:35:17.598+0000: 301.474: [GC[YG occupancy: 546826 K (943744 K)]301.476: [Rescan (parallel) , 0.1894410 secs]301.666: [weak refs processing, 0.0352180 secs]301.701: [scrub string table, 0.0003800 secs] [1 CMS-remark: 1699034K(3145728K)] 2245861K(4089472K), 0.2276290 secs] [Times: user=0.62 sys=0.00, real=0.23 secs] 
2013-09-30T05:35:17.839+0000: 301.712: [CMS-concurrent-sweep-start]
2013-09-30T05:35:18.507+0000: 302.380: [CMS-concurrent-sweep: 0.668/0.668 secs] [Times: user=1.10 sys=0.05, real=0.67 secs] 
2013-09-30T05:35:18.517+0000: 302.390: [CMS-concurrent-reset-start]
2013-09-30T05:35:18.525+0000: 302.399: [CMS-concurrent-reset: 0.008/0.008 secs] [Times: user=0.02 sys=0.01, real=0.01 secs] 
2013-09-30T05:35:24.268+0000: 308.145: [GC 308.148: [ParNew: 943744K->104832K(943744K), 0.4284260 secs] 1625940K->977888K(4089472K), 0.4342640 secs] [Times: user=0.98 sys=0.00, real=0.43 secs] 
2013-09-30T05:35:38.015+0000: 321.892: [GC 321.895: [ParNew: 943736K->104832K(943744K), 0.4215380 secs] 1816792K->1177862K(4089472K), 0.4274050 secs] [Times: user=1.01 sys=0.00, real=0.43 secs] 
2013-09-30T05:35:54.990+0000: 338.867: [GC 338.871: [ParNew: 943705K->104832K(943744K), 0.4109050 secs] 2016736K->1394086K(4089472K), 0.4168770 secs] [Times: user=1.00 sys=0.00, real=0.42 secs] 
2013-09-30T05:36:12.447+0000: 356.324: [GC 356.328: [ParNew: 943729K->104832K(943744K), 0.4138070 secs] 2232983K->1603180K(4089472K), 0.4197010 secs] [Times: user=0.95 sys=0.00, real=0.42 secs] 
2013-09-30T05:36:29.560+0000: 373.436: [GC 373.440: [ParNew: 943727K->104832K(943744K), 0.4747320 secs] 2442076K->1813538K(4089472K), 0.4804230 secs] [Times: user=1.04 sys=0.05, real=0.49 secs] 
2013-09-30T05:36:46.657+0000: 390.534: [GC 390.538: [ParNew: 943725K->104832K(943744K), 0.7659780 secs] 2652431K->2022608K(4089472K), 0.7719370 secs] [Times: user=1.01 sys=0.36, real=0.77 secs] 
2013-09-30T05:37:04.028+0000: 407.904: [GC 407.908: [ParNew: 943744K->104832K(943744K), 0.8473810 secs] 2861658K->2230738K(4089472K), 0.8533050 secs] [Times: user=1.03 sys=0.35, real=0.86 secs] 
2013-09-30T05:37:21.448+0000: 425.324: [GC 425.329: [ParNew: 943740K->104832K(943744K), 0.7655500 secs] 3069647K->2438006K(4089472K), 0.7717480 secs] [Times: user=1.05 sys=0.36, real=0.78 secs] 
2013-09-30T05:37:38.782+0000: 442.659: [GC 442.663: [ParNew: 943715K->104832K(943744K), 0.7528570 secs] 3276889K->2647194K(4089472K), 0.7587860 secs] [Times: user=1.07 sys=0.32, real=0.76 secs] 
2013-09-30T05:37:56.146+0000: 460.022: [GC 460.026: [ParNew: 943707K->104832K(943744K), 0.7679370 secs] 3486069K->2855949K(4089472K), 0.7739230 secs] [Times: user=1.07 sys=0.32, real=0.78 secs] 
2013-09-30T05:37:56.930+0000: 460.806: [GC [1 CMS-initial-mark: 2751117K(3145728K)] 2856023K(4089472K), 0.0787670 secs] [Times: user=0.09 sys=0.00, real=0.09 secs] 
2013-09-30T05:37:57.020+0000: 460.894: [CMS-concurrent-mark-start]
2013-09-30T05:37:58.442+0000: 462.315: [CMS-concurrent-mark: 1.422/1.422 secs] [Times: user=1.70 sys=0.22, real=1.43 secs] 
2013-09-30T05:37:58.448+0000: 462.321: [CMS-concurrent-preclean-start]
2013-09-30T05:37:58.668+0000: 462.541: [CMS-concurrent-preclean: 0.162/0.220 secs] [Times: user=0.27 sys=0.06, real=0.22 secs] 
2013-09-30T05:37:58.674+0000: 462.547: [CMS-concurrent-abortable-preclean-start]
 CMS: abort preclean due to time 2013-09-30T05:38:04.055+0000: 467.928: [CMS-concurrent-abortable-preclean: 5.234/5.381 secs] [Times: user=6.39 sys=0.45, real=5.38 secs] 
2013-09-30T05:38:04.061+0000: 467.937: [GC[YG occupancy: 490440 K (943744 K)]467.939: [Rescan (parallel) , 0.2618620 secs]468.201: [weak refs processing, 0.0768290 secs]468.278: [scrub string table, 0.0003710 secs] [1 CMS-remark: 2751117K(3145728K)] 3241557K(4089472K), 0.3424260 secs] [Times: user=0.74 sys=0.00, real=0.35 secs] 
2013-09-30T05:38:04.415+0000: 468.288: [CMS-concurrent-sweep-start]
2013-09-30T05:38:05.358+0000: 469.232: [CMS-concurrent-sweep: 0.943/0.943 secs] [Times: user=1.27 sys=0.09, real=0.95 secs] 
2013-09-30T05:38:05.364+0000: 469.238: [CMS-concurrent-reset-start]
2013-09-30T05:38:05.372+0000: 469.246: [CMS-concurrent-reset: 0.008/0.008 secs] [Times: user=0.01 sys=0.00, real=0.01 secs] 
2013-09-30T05:38:13.584+0000: 477.460: [GC 477.464: [ParNew: 943740K->104832K(943744K), 0.4210140 secs] 1699325K->1065408K(4089472K), 0.4269920 secs] [Times: user=0.99 sys=0.01, real=0.43 secs] 
2013-09-30T05:38:30.948+0000: 494.824: [GC 494.828: [ParNew: 943744K->104832K(943744K), 0.4409840 secs] 1904320K->1272896K(4089472K), 0.4468490 secs] [Times: user=0.99 sys=0.01, real=0.44 secs] 
2013-09-30T05:38:48.133+0000: 512.009: [GC 512.013: [ParNew: 943744K->104832K(943744K), 0.4293980 secs] 2111808K->1480370K(4089472K), 0.4353510 secs] [Times: user=0.95 sys=0.00, real=0.44 secs] 
2013-09-30T05:39:05.543+0000: 529.420: [GC 529.424: [ParNew: 943740K->104832K(943744K), 0.4860250 secs] 2319278K->1687949K(4089472K), 0.4919750 secs] [Times: user=0.97 sys=0.00, real=0.49 secs] 
2013-09-30T05:39:22.938+0000: 546.814: [GC 546.819: [ParNew: 943744K->104832K(943744K), 0.4021310 secs] 2526861K->1894722K(4089472K), 0.4082110 secs] [Times: user=0.98 sys=0.00, real=0.41 secs] 
2013-09-30T05:39:40.285+0000: 564.161: [GC 564.165: [ParNew: 943744K->104832K(943744K), 0.4358490 secs] 2733634K->2102601K(4089472K), 0.4417460 secs] [Times: user=0.98 sys=0.01, real=0.44 secs] 
2013-09-30T05:39:57.647+0000: 581.523: [GC 581.527: [ParNew: 943717K->104832K(943744K), 0.3979670 secs] 2941486K->2309914K(4089472K), 0.4040680 secs] [Times: user=0.97 sys=0.00, real=0.41 secs] 
2013-09-30T05:40:15.091+0000: 598.967: [GC 598.971: [ParNew: 943725K->104832K(943744K), 0.4027800 secs] 3148808K->2517411K(4089472K), 0.4085090 secs] [Times: user=0.96 sys=0.00, real=0.41 secs] 
Heap
 par new generation   total 943744K, used 905501K [0x00000006f8000000, 0x0000000738000000, 0x0000000738000000)
  eden space 838912K,  95% used [0x00000006f8000000, 0x0000000728de75f8, 0x000000072b340000)
  from space 104832K, 100% used [0x000000072b340000, 0x00000007319a0000, 0x00000007319a0000)
  to   space 104832K,   0% used [0x00000007319a0000, 0x00000007319a0000, 0x0000000738000000)
 concurrent mark-sweep generation total 3145728K, used 2412579K [0x0000000738000000, 0x00000007f8000000, 0x00000007f8000000)
 concurrent-mark-sweep perm gen total 65536K, used 13445K [0x00000007f8000000, 0x00000007fc000000, 0x0000000800000000)
