2013-09-30T07:04:48.111+0000: 63.060: [GC 63.060: [ParNew: 1258368K->26642K(1415616K), 0.0979050 secs] 1258368K->26642K(6134208K), 0.0980920 secs] [Times: user=0.19 sys=0.04, real=0.10 secs] 
2013-09-30T07:05:28.057+0000: 103.005: [GC 103.005: [ParNew: 1285010K->20366K(1415616K), 0.0612410 secs] 1285010K->20366K(6134208K), 0.0613500 secs] [Times: user=0.19 sys=0.03, real=0.06 secs] 
2013-09-30T07:05:59.811+0000: 134.760: [GC 134.760: [ParNew: 1278734K->24811K(1415616K), 0.1755330 secs] 1278734K->32351K(6134208K), 0.1756370 secs] [Times: user=0.33 sys=0.01, real=0.18 secs] 
2013-09-30T07:06:27.265+0000: 162.214: [GC 162.214: [ParNew: 1283179K->27630K(1415616K), 0.0842940 secs] 1290719K->36100K(6134208K), 0.0844080 secs] [Times: user=0.24 sys=0.01, real=0.09 secs] 
2013-09-30T07:06:50.710+0000: 185.659: [GC 185.659: [ParNew: 1285998K->38290K(1415616K), 0.0739280 secs] 1294468K->48670K(6134208K), 0.0740360 secs] [Times: user=0.29 sys=0.00, real=0.07 secs] 
2013-09-30T07:07:12.463+0000: 207.412: [GC 207.412: [ParNew: 1296658K->47992K(1415616K), 0.0885730 secs] 1307038K->64253K(6134208K), 0.0886900 secs] [Times: user=0.32 sys=0.02, real=0.09 secs] 
2013-09-30T07:07:32.566+0000: 227.514: [GC 227.514: [ParNew: 1306360K->48540K(1415616K), 0.0999010 secs] 1322621K->72801K(6134208K), 0.1000120 secs] [Times: user=0.36 sys=0.01, real=0.10 secs] 
2013-09-30T07:07:51.013+0000: 245.961: [GC 245.961: [ParNew: 1306908K->54465K(1415616K), 0.1083380 secs] 1331169K->88476K(6134208K), 0.1084500 secs] [Times: user=0.36 sys=0.03, real=0.11 secs] 
2013-09-30T07:08:08.561+0000: 263.509: [GC 263.509: [ParNew: 1312833K->41615K(1415616K), 0.1017930 secs] 1346844K->86625K(6134208K), 0.1019050 secs] [Times: user=0.37 sys=0.01, real=0.10 secs] 
2013-09-30T07:08:24.963+0000: 279.912: [GC 279.912: [ParNew: 1299983K->50279K(1415616K), 0.1246850 secs] 1344993K->106019K(6134208K), 0.1247990 secs] [Times: user=0.41 sys=0.02, real=0.12 secs] 
2013-09-30T07:08:40.556+0000: 295.504: [GC 295.505: [ParNew: 1308647K->40845K(1415616K), 0.1036570 secs] 1364387K->106340K(6134208K), 0.1037740 secs] [Times: user=0.38 sys=0.01, real=0.10 secs] 
2013-09-30T07:08:55.662+0000: 310.611: [GC 310.611: [ParNew: 1299213K->38974K(1415616K), 0.1070540 secs] 1364708K->112960K(6134208K), 0.1071670 secs] [Times: user=0.35 sys=0.01, real=0.11 secs] 
2013-09-30T07:09:11.635+0000: 326.584: [GC 326.584: [ParNew: 1297342K->43809K(1415616K), 0.1842180 secs] 1371328K->125047K(6134208K), 0.1843200 secs] [Times: user=0.36 sys=0.01, real=0.18 secs] 
2013-09-30T07:09:28.868+0000: 343.816: [GC 343.816: [ParNew: 1302168K->33801K(1415616K), 0.0901690 secs] 1383406K->120968K(6134208K), 0.0902850 secs] [Times: user=0.32 sys=0.00, real=0.10 secs] 
2013-09-30T07:09:47.312+0000: 362.261: [GC 362.261: [ParNew: 1292169K->35954K(1415616K), 0.0871010 secs] 1379336K->127268K(6134208K), 0.0872160 secs] [Times: user=0.31 sys=0.00, real=0.09 secs] 
2013-09-30T07:10:07.256+0000: 382.204: [GC 382.204: [ParNew: 1294322K->24358K(1415616K), 0.0742010 secs] 1385636K->118843K(6134208K), 0.0743150 secs] [Times: user=0.29 sys=0.00, real=0.08 secs] 
2013-09-30T07:10:29.256+0000: 404.205: [GC 404.205: [ParNew: 1282726K->26960K(1415616K), 0.0702930 secs] 1377211K->123734K(6134208K), 0.0704170 secs] [Times: user=0.28 sys=0.00, real=0.07 secs] 
2013-09-30T07:10:53.907+0000: 428.855: [GC 428.855: [ParNew: 1285328K->31740K(1415616K), 0.0737230 secs] 1382102K->130000K(6134208K), 0.0738460 secs] [Times: user=0.27 sys=0.00, real=0.07 secs] 
2013-09-30T07:11:22.860+0000: 457.808: [GC 457.808: [ParNew: 1290108K->21883K(1415616K), 0.0629400 secs] 1388368K->120869K(6134208K), 0.0630500 secs] [Times: user=0.25 sys=0.00, real=0.07 secs] 
2013-09-30T07:11:59.107+0000: 494.055: [GC 494.055: [ParNew: 1280251K->19106K(1415616K), 0.0570780 secs] 1379237K->118523K(6134208K), 0.0572060 secs] [Times: user=0.23 sys=0.00, real=0.06 secs] 
2013-09-30T07:12:56.362+0000: 551.310: [GC 551.310: [ParNew: 1277474K->14491K(1415616K), 0.0518780 secs] 1376891K->113989K(6134208K), 0.0519830 secs] [Times: user=0.20 sys=0.00, real=0.05 secs] 
2013-09-30T07:14:08.754+0000: 623.703: [GC 623.703: [ParNew: 1272859K->11732K(1415616K), 0.0312540 secs] 1372357K->111283K(6134208K), 0.0313500 secs] [Times: user=0.12 sys=0.00, real=0.03 secs] 
Heap
 par new generation   total 1415616K, used 425626K [0x0000000678000000, 0x00000006d8000000, 0x00000006d8000000)
  eden space 1258368K,  32% used [0x0000000678000000, 0x00000006914319c0, 0x00000006c4ce0000)
  from space 157248K,   7% used [0x00000006c4ce0000, 0x00000006c58550e8, 0x00000006ce670000)
  to   space 157248K,   0% used [0x00000006ce670000, 0x00000006ce670000, 0x00000006d8000000)
 concurrent mark-sweep generation total 4718592K, used 99551K [0x00000006d8000000, 0x00000007f8000000, 0x00000007f8000000)
 concurrent-mark-sweep perm gen total 65536K, used 30268K [0x00000007f8000000, 0x00000007fc000000, 0x0000000800000000)
