2013-09-30T05:19:40.951+0000: 1.190: [Full GC (System) 1.190: [CMS: 0K->5250K(3145728K), 0.1479990 secs] 83891K->5250K(4089472K), [CMS Perm : 8985K->8982K(65536K)], 0.1481250 secs] [Times: user=0.05 sys=0.10, real=0.14 secs] 
2013-09-30T05:19:41.368+0000: 1.607: [GC 1.607: [ParNew: 838912K->4050K(943744K), 0.0338170 secs] 844162K->9301K(4089472K), 0.0340130 secs] [Times: user=0.10 sys=0.00, real=0.04 secs] 
2013-09-30T05:19:42.588+0000: 2.827: [GC 2.829: [ParNew: 842962K->60088K(943744K), 0.1596570 secs] 848213K->65339K(4089472K), 0.1612260 secs] [Times: user=0.37 sys=0.09, real=0.17 secs] 
2013-09-30T05:20:01.506+0000: 21.748: [GC 21.752: [ParNew: 899000K->104832K(943744K), 3.0210360 secs] 904251K->286145K(4089472K), 3.0265540 secs] [Times: user=3.47 sys=0.29, real=3.03 secs] 
2013-09-30T05:20:31.208+0000: 51.449: [GC 51.452: [ParNew: 943744K->90220K(943744K), 0.4748880 secs] 1125057K->377039K(4089472K), 0.4793810 secs] [Times: user=1.10 sys=0.13, real=0.48 secs] 
2013-09-30T05:20:58.258+0000: 78.500: [GC 78.502: [ParNew: 929132K->104832K(943744K), 0.1975760 secs] 1215951K->428870K(4089472K), 0.2017630 secs] [Times: user=0.47 sys=0.02, real=0.21 secs] 
2013-09-30T05:21:24.807+0000: 105.049: [GC 105.051: [ParNew: 943742K->104832K(943744K), 0.2587510 secs] 1267781K->471682K(4089472K), 0.2630220 secs] [Times: user=0.60 sys=0.11, real=0.27 secs] 
2013-09-30T05:21:50.907+0000: 131.149: [GC 131.152: [ParNew: 943738K->104832K(943744K), 0.2665570 secs] 1310589K->525715K(4089472K), 0.2710910 secs] [Times: user=0.62 sys=0.06, real=0.28 secs] 
2013-09-30T05:22:13.434+0000: 153.676: [GC 153.680: [ParNew: 943744K->104832K(943744K), 0.3528040 secs] 1364627K->600783K(4089472K), 0.3585420 secs] [Times: user=0.77 sys=0.13, real=0.36 secs] 
2013-09-30T05:22:34.152+0000: 174.394: [GC 174.397: [ParNew: 943719K->104832K(943744K), 0.4069310 secs] 1439671K->697906K(4089472K), 0.4118090 secs] [Times: user=0.79 sys=0.14, real=0.42 secs] 
2013-09-30T05:22:53.314+0000: 193.556: [GC 193.559: [ParNew: 943733K->104832K(943744K), 0.4707070 secs] 1536808K->812491K(4089472K), 0.4757030 secs] [Times: user=0.85 sys=0.15, real=0.47 secs] 
2013-09-30T05:23:11.658+0000: 211.900: [GC 211.903: [ParNew: 943744K->104832K(943744K), 0.5102910 secs] 1651403K->942627K(4089472K), 0.5153120 secs] [Times: user=0.90 sys=0.18, real=0.52 secs] 
2013-09-30T05:23:28.963+0000: 229.205: [GC 229.208: [ParNew: 943744K->104832K(943744K), 0.5245190 secs] 1781539K->1086282K(4089472K), 0.5296960 secs] [Times: user=0.85 sys=0.26, real=0.53 secs] 
2013-09-30T05:23:45.374+0000: 245.616: [GC 245.619: [ParNew: 943744K->104832K(943744K), 0.5839100 secs] 1925194K->1241349K(4089472K), 0.5891980 secs] [Times: user=0.90 sys=0.24, real=0.59 secs] 
2013-09-30T05:24:01.108+0000: 261.350: [GC 261.353: [ParNew: 943744K->104832K(943744K), 0.6615320 secs] 2080261K->1405706K(4089472K), 0.6670520 secs] [Times: user=0.91 sys=0.25, real=0.67 secs] 
2013-09-30T05:24:16.086+0000: 276.328: [GC 276.331: [ParNew: 943739K->104832K(943744K), 0.6518150 secs] 2244613K->1582587K(4089472K), 0.6573790 secs] [Times: user=0.94 sys=0.27, real=0.66 secs] 
2013-09-30T05:24:30.320+0000: 290.562: [GC 290.566: [ParNew: 943744K->104832K(943744K), 0.6853840 secs] 2421499K->1767375K(4089472K), 0.6910690 secs] [Times: user=0.97 sys=0.28, real=0.69 secs] 
2013-09-30T05:24:31.022+0000: 291.263: [GC [1 CMS-initial-mark: 1662543K(3145728K)] 1767466K(4089472K), 0.0816950 secs] [Times: user=0.10 sys=0.00, real=0.08 secs] 
2013-09-30T05:24:31.114+0000: 291.353: [CMS-concurrent-mark-start]
2013-09-30T05:24:32.511+0000: 292.750: [CMS-concurrent-mark: 1.396/1.396 secs] [Times: user=1.64 sys=0.30, real=1.40 secs] 
2013-09-30T05:24:32.517+0000: 292.756: [CMS-concurrent-preclean-start]
2013-09-30T05:24:32.682+0000: 292.921: [CMS-concurrent-preclean: 0.123/0.165 secs] [Times: user=0.18 sys=0.09, real=0.17 secs] 
2013-09-30T05:24:32.688+0000: 292.927: [CMS-concurrent-abortable-preclean-start]
 CMS: abort preclean due to time 2013-09-30T05:24:37.935+0000: 298.173: [CMS-concurrent-abortable-preclean: 5.121/5.246 secs] [Times: user=6.44 sys=0.60, real=5.25 secs] 
2013-09-30T05:24:37.941+0000: 298.182: [GC[YG occupancy: 565209 K (943744 K)]298.184: [Rescan (parallel) , 0.1886960 secs]298.373: [weak refs processing, 0.0331130 secs]298.406: [scrub string table, 0.0003810 secs] [1 CMS-remark: 1662543K(3145728K)] 2227752K(4089472K), 0.2247850 secs] [Times: user=0.62 sys=0.00, real=0.22 secs] 
2013-09-30T05:24:38.177+0000: 298.416: [CMS-concurrent-sweep-start]
2013-09-30T05:24:38.821+0000: 299.060: [CMS-concurrent-sweep: 0.640/0.645 secs] [Times: user=0.88 sys=0.10, real=0.65 secs] 
2013-09-30T05:24:38.828+0000: 299.067: [CMS-concurrent-reset-start]
2013-09-30T05:24:38.838+0000: 299.077: [CMS-concurrent-reset: 0.010/0.010 secs] [Times: user=0.01 sys=0.01, real=0.02 secs] 
2013-09-30T05:24:44.094+0000: 304.336: [GC 304.340: [ParNew: 943742K->104832K(943744K), 0.4232430 secs] 1617775K->966543K(4089472K), 0.4293740 secs] [Times: user=0.98 sys=0.00, real=0.44 secs] 
2013-09-30T05:24:57.469+0000: 317.711: [GC 317.715: [ParNew: 943743K->104832K(943744K), 0.3742250 secs] 1805455K->1162997K(4089472K), 0.3797030 secs] [Times: user=0.94 sys=0.00, real=0.38 secs] 
2013-09-30T05:25:12.904+0000: 333.146: [GC 333.150: [ParNew: 943744K->104832K(943744K), 0.4053210 secs] 2001909K->1375789K(4089472K), 0.4110920 secs] [Times: user=0.96 sys=0.01, real=0.42 secs] 
2013-09-30T05:25:29.565+0000: 349.807: [GC 349.811: [ParNew: 943742K->104832K(943744K), 0.3956210 secs] 2214700K->1586107K(4089472K), 0.4014610 secs] [Times: user=0.96 sys=0.00, real=0.41 secs] 
2013-09-30T05:25:46.197+0000: 366.439: [GC 366.443: [ParNew: 943744K->104832K(943744K), 0.5019440 secs] 2425019K->1794085K(4089472K), 0.5077820 secs] [Times: user=1.01 sys=0.08, real=0.51 secs] 
2013-09-30T05:26:02.744+0000: 382.985: [GC 382.989: [ParNew: 943724K->104832K(943744K), 0.7321400 secs] 2632978K->2001010K(4089472K), 0.7380380 secs] [Times: user=1.03 sys=0.34, real=0.74 secs] 
2013-09-30T05:26:19.399+0000: 399.640: [GC 399.644: [ParNew: 943743K->104832K(943744K), 0.7479460 secs] 2839922K->2208812K(4089472K), 0.7537850 secs] [Times: user=1.05 sys=0.32, real=0.76 secs] 
2013-09-30T05:26:36.104+0000: 416.346: [GC 416.350: [ParNew: 943737K->104832K(943744K), 0.7415760 secs] 3047717K->2416044K(4089472K), 0.7480110 secs] [Times: user=1.06 sys=0.32, real=0.75 secs] 
2013-09-30T05:26:52.900+0000: 433.142: [GC 433.146: [ParNew: 943744K->104832K(943744K), 0.7419430 secs] 3254956K->2621196K(4089472K), 0.7478300 secs] [Times: user=1.03 sys=0.36, real=0.75 secs] 
2013-09-30T05:27:09.411+0000: 449.653: [GC 449.657: [ParNew: 943744K->104832K(943744K), 0.7485240 secs] 3460108K->2828591K(4089472K), 0.7543380 secs] [Times: user=0.99 sys=0.38, real=0.75 secs] 
2013-09-30T05:27:10.176+0000: 450.418: [GC [1 CMS-initial-mark: 2723759K(3145728K)] 2829223K(4089472K), 0.0767640 secs] [Times: user=0.08 sys=0.01, real=0.08 secs] 
2013-09-30T05:27:10.324+0000: 450.563: [CMS-concurrent-mark-start]
2013-09-30T05:27:11.639+0000: 451.877: [CMS-concurrent-mark: 1.314/1.314 secs] [Times: user=1.76 sys=0.16, real=1.38 secs] 
2013-09-30T05:27:11.644+0000: 451.883: [CMS-concurrent-preclean-start]
2013-09-30T05:27:11.844+0000: 452.083: [CMS-concurrent-preclean: 0.147/0.200 secs] [Times: user=0.21 sys=0.08, real=0.20 secs] 
2013-09-30T05:27:11.850+0000: 452.089: [CMS-concurrent-abortable-preclean-start]
 CMS: abort preclean due to time 2013-09-30T05:27:17.029+0000: 457.268: [CMS-concurrent-abortable-preclean: 5.036/5.179 secs] [Times: user=6.32 sys=0.35, real=5.18 secs] 
2013-09-30T05:27:17.035+0000: 457.277: [GC[YG occupancy: 494548 K (943744 K)]457.279: [Rescan (parallel) , 0.1935450 secs]457.472: [weak refs processing, 0.0689070 secs]457.541: [scrub string table, 0.0003730 secs] [1 CMS-remark: 2723759K(3145728K)] 3218307K(4089472K), 0.2660570 secs] [Times: user=0.64 sys=0.00, real=0.27 secs] 
2013-09-30T05:27:17.319+0000: 457.558: [CMS-concurrent-sweep-start]
2013-09-30T05:27:18.243+0000: 458.482: [CMS-concurrent-sweep: 0.924/0.924 secs] [Times: user=1.14 sys=0.05, real=0.93 secs] 
2013-09-30T05:27:18.250+0000: 458.489: [CMS-concurrent-reset-start]
2013-09-30T05:27:18.262+0000: 458.501: [CMS-concurrent-reset: 0.011/0.011 secs] [Times: user=0.02 sys=0.01, real=0.02 secs] 
2013-09-30T05:27:26.089+0000: 466.331: [GC 466.335: [ParNew: 943734K->104832K(943744K), 0.4175570 secs] 1696105K->1061041K(4089472K), 0.4234580 secs] [Times: user=0.99 sys=0.00, real=0.42 secs] 
2013-09-30T05:27:42.778+0000: 483.020: [GC 483.024: [ParNew: 943744K->104832K(943744K), 0.4059610 secs] 1899953K->1268807K(4089472K), 0.4118110 secs] [Times: user=0.98 sys=0.00, real=0.42 secs] 
2013-09-30T05:27:59.602+0000: 499.844: [GC 499.848: [ParNew: 943744K->104832K(943744K), 0.3952270 secs] 2107719K->1474813K(4089472K), 0.4011060 secs] [Times: user=0.93 sys=0.00, real=0.41 secs] 
2013-09-30T05:28:16.462+0000: 516.704: [GC 516.708: [ParNew: 943741K->104832K(943744K), 0.3995660 secs] 2313723K->1681347K(4089472K), 0.4054210 secs] [Times: user=0.95 sys=0.01, real=0.41 secs] 
2013-09-30T05:28:33.256+0000: 533.498: [GC 533.502: [ParNew: 943736K->104832K(943744K), 0.5134990 secs] 2520251K->1888307K(4089472K), 0.5194000 secs] [Times: user=1.00 sys=0.01, real=0.52 secs] 
2013-09-30T05:28:49.936+0000: 550.178: [GC 550.182: [ParNew: 943734K->104832K(943744K), 0.3986900 secs] 2727210K->2095519K(4089472K), 0.4044330 secs] [Times: user=0.96 sys=0.00, real=0.41 secs] 
2013-09-30T05:29:06.710+0000: 566.953: [GC 566.958: [ParNew: 943744K->104832K(943744K), 0.3757490 secs] 2934431K->2302795K(4089472K), 0.3818730 secs] [Times: user=0.97 sys=0.01, real=0.38 secs] 
2013-09-30T05:29:23.433+0000: 583.675: [GC 583.679: [ParNew: 943743K->104832K(943744K), 0.4013590 secs] 3141707K->2510260K(4089472K), 0.4073660 secs] [Times: user=1.02 sys=0.00, real=0.41 secs] 
2013-09-30T05:29:40.214+0000: 600.457: [GC 600.461: [ParNew: 943744K->104832K(943744K), 0.4145680 secs] 3349172K->2717650K(4089472K), 0.4206120 secs] [Times: user=0.97 sys=0.00, real=0.43 secs] 
2013-09-30T05:29:40.646+0000: 600.887: [GC [1 CMS-initial-mark: 2612818K(3145728K)] 2717748K(4089472K), 0.0763700 secs] [Times: user=0.08 sys=0.00, real=0.08 secs] 
2013-09-30T05:29:40.734+0000: 600.972: [CMS-concurrent-mark-start]
2013-09-30T05:29:42.303+0000: 602.542: [CMS-concurrent-mark: 1.464/1.569 secs] [Times: user=2.15 sys=0.31, real=1.57 secs] 
2013-09-30T05:29:42.309+0000: 602.547: [CMS-concurrent-preclean-start]
2013-09-30T05:29:42.562+0000: 602.801: [CMS-concurrent-preclean: 0.190/0.254 secs] [Times: user=0.22 sys=0.13, real=0.26 secs] 
2013-09-30T05:29:42.568+0000: 602.806: [CMS-concurrent-abortable-preclean-start]
 CMS: abort preclean due to time 2013-09-30T05:29:48.035+0000: 608.274: [CMS-concurrent-abortable-preclean: 5.310/5.467 secs] [Times: user=6.60 sys=0.99, real=5.47 secs] 
2013-09-30T05:29:48.039+0000: 608.279: [GC[YG occupancy: 496811 K (943744 K)]608.280: [Rescan (parallel) , 0.1490100 secs]608.429: [weak refs processing, 0.0669160 secs]608.496: [scrub string table, 0.0003720 secs] [1 CMS-remark: 2612818K(3145728K)] 3109629K(4089472K), 0.2182390 secs] [Times: user=0.52 sys=0.00, real=0.22 secs] 
2013-09-30T05:29:48.264+0000: 608.503: [CMS-concurrent-sweep-start]
2013-09-30T05:29:49.266+0000: 609.505: [CMS-concurrent-sweep: 1.001/1.001 secs] [Times: user=1.35 sys=0.22, real=1.00 secs] 
2013-09-30T05:29:49.269+0000: 609.507: [CMS-concurrent-reset-start]
2013-09-30T05:29:49.277+0000: 609.516: [CMS-concurrent-reset: 0.008/0.009 secs] [Times: user=0.02 sys=0.00, real=0.01 secs] 
Heap
 par new generation   total 943744K, used 876807K [0x00000006f8000000, 0x0000000738000000, 0x0000000738000000)
  eden space 838912K,  92% used [0x00000006f8000000, 0x00000007271e1c90, 0x000000072b340000)
  from space 104832K, 100% used [0x00000007319a0000, 0x0000000738000000, 0x0000000738000000)
  to   space 104832K,   0% used [0x000000072b340000, 0x000000072b340000, 0x00000007319a0000)
 concurrent mark-sweep generation total 3145728K, used 756059K [0x0000000738000000, 0x00000007f8000000, 0x00000007f8000000)
 concurrent-mark-sweep perm gen total 65536K, used 13411K [0x00000007f8000000, 0x00000007fc000000, 0x0000000800000000)
