2013-09-30T09:52:41.683+0000: 1.511: [Full GC (System) 1.511: [CMS: 0K->5250K(4718592K), 0.1813530 secs] 100669K->5250K(6134208K), [CMS Perm : 8985K->8982K(65536K)], 0.1814890 secs] [Times: user=0.06 sys=0.12, real=0.18 secs] 
2013-09-30T09:52:42.079+0000: 1.907: [GC 1.907: [ParNew: 1258368K->4026K(1415616K), 0.0333670 secs] 1263618K->9277K(6134208K), 0.0335590 secs] [Times: user=0.12 sys=0.01, real=0.03 secs] 
2013-09-30T09:52:43.135+0000: 2.964: [GC 2.965: [ParNew: 1262394K->58727K(1415616K), 0.1180860 secs] 1267645K->63978K(6134208K), 0.1194610 secs] [Times: user=0.38 sys=0.10, real=0.12 secs] 
2013-09-30T09:52:52.795+0000: 12.628: [GC 12.634: [ParNew: 1317095K->157248K(1415616K), 3.4327810 secs] 1322346K->427588K(6134208K), 3.4417670 secs] [Times: user=6.64 sys=2.23, real=3.45 secs] 
2013-09-30T09:53:21.927+0000: 41.760: [GC 41.764: [ParNew: 1415616K->130781K(1415616K), 0.5766250 secs] 1685956K->559381K(6134208K), 0.5839050 secs] [Times: user=1.90 sys=0.19, real=0.59 secs] 
2013-09-30T09:53:47.098+0000: 66.932: [GC 66.936: [ParNew: 1389149K->157248K(1415616K), 0.2785940 secs] 1817749K->652451K(6134208K), 0.2859960 secs] [Times: user=1.01 sys=0.02, real=0.29 secs] 
2013-09-30T09:54:08.562+0000: 88.395: [GC 88.399: [ParNew: 1415616K->157248K(1415616K), 0.2328670 secs] 1910819K->713406K(6134208K), 0.2402740 secs] [Times: user=0.80 sys=0.07, real=0.25 secs] 
2013-09-30T09:54:29.930+0000: 109.764: [GC 109.768: [ParNew: 1415608K->157248K(1415616K), 0.2607480 secs] 1971766K->779292K(6134208K), 0.2683270 secs] [Times: user=0.88 sys=0.08, real=0.27 secs] 
2013-09-30T09:54:49.427+0000: 129.260: [GC 129.265: [ParNew: 1415602K->157248K(1415616K), 0.3161620 secs] 2037647K->870224K(6134208K), 0.3243850 secs] [Times: user=1.05 sys=0.10, real=0.33 secs] 
2013-09-30T09:55:07.579+0000: 147.413: [GC 147.418: [ParNew: 1415616K->157248K(1415616K), 0.3213270 secs] 2128592K->979357K(6134208K), 0.3293910 secs] [Times: user=1.00 sys=0.19, real=0.34 secs] 
2013-09-30T09:55:24.174+0000: 164.007: [GC 164.012: [ParNew: 1415616K->157248K(1415616K), 0.3594120 secs] 2237725K->1117478K(6134208K), 0.3675690 secs] [Times: user=1.10 sys=0.18, real=0.37 secs] 
2013-09-30T09:55:39.776+0000: 179.609: [GC 179.614: [ParNew: 1415615K->157248K(1415616K), 0.3912240 secs] 2375846K->1277804K(6134208K), 0.3995670 secs] [Times: user=1.12 sys=0.26, real=0.41 secs] 
2013-09-30T09:55:54.420+0000: 194.253: [GC 194.259: [ParNew: 1415616K->157248K(1415616K), 0.4129160 secs] 2536172K->1456339K(6134208K), 0.4213390 secs] [Times: user=1.17 sys=0.27, real=0.43 secs] 
2013-09-30T09:56:08.339+0000: 208.173: [GC 208.178: [ParNew: 1415616K->157248K(1415616K), 0.4083490 secs] 2714707K->1643858K(6134208K), 0.4170880 secs] [Times: user=1.21 sys=0.21, real=0.43 secs] 
2013-09-30T09:56:21.592+0000: 221.426: [GC 221.431: [ParNew: 1415616K->157248K(1415616K), 0.4411330 secs] 2902226K->1841284K(6134208K), 0.4497630 secs] [Times: user=1.14 sys=0.37, real=0.45 secs] 
2013-09-30T09:56:34.315+0000: 234.148: [GC 234.154: [ParNew: 1415616K->157248K(1415616K), 0.4567200 secs] 3099652K->2048773K(6134208K), 0.4654310 secs] [Times: user=1.14 sys=0.40, real=0.47 secs] 
2013-09-30T09:56:46.412+0000: 246.246: [GC 246.251: [ParNew: 1415616K->157248K(1415616K), 0.4705960 secs] 3307141K->2269384K(6134208K), 0.4794390 secs] [Times: user=1.29 sys=0.31, real=0.49 secs] 
2013-09-30T09:56:58.126+0000: 257.960: [GC 257.965: [ParNew: 1415596K->157248K(1415616K), 0.4886280 secs] 3527732K->2497420K(6134208K), 0.4974490 secs] [Times: user=1.34 sys=0.32, real=0.50 secs] 
2013-09-30T09:57:09.382+0000: 269.215: [GC 269.221: [ParNew: 1415616K->157248K(1415616K), 0.5082240 secs] 3755788K->2733022K(6134208K), 0.5172470 secs] [Times: user=1.32 sys=0.37, real=0.52 secs] 
2013-09-30T09:57:09.916+0000: 269.749: [GC [1 CMS-initial-mark: 2575774K(4718592K)] 2733197K(6134208K), 0.1185230 secs] [Times: user=0.13 sys=0.00, real=0.13 secs] 
2013-09-30T09:57:10.052+0000: 269.881: [CMS-concurrent-mark-start]
2013-09-30T09:57:11.992+0000: 271.821: [CMS-concurrent-mark: 1.940/1.940 secs] [Times: user=2.82 sys=0.41, real=1.94 secs] 
2013-09-30T09:57:12.002+0000: 271.830: [CMS-concurrent-preclean-start]
2013-09-30T09:57:12.334+0000: 272.162: [CMS-concurrent-preclean: 0.243/0.332 secs] [Times: user=0.38 sys=0.21, real=0.33 secs] 
2013-09-30T09:57:12.344+0000: 272.172: [CMS-concurrent-abortable-preclean-start]
 CMS: abort preclean due to time 2013-09-30T09:57:17.825+0000: 277.653: [CMS-concurrent-abortable-preclean: 5.258/5.481 secs] [Times: user=8.00 sys=0.76, real=5.49 secs] 
2013-09-30T09:57:17.835+0000: 277.668: [GC[YG occupancy: 1125410 K (1415616 K)]277.671: [Rescan (parallel) , 0.4657540 secs]278.137: [weak refs processing, 0.0312480 secs]278.168: [scrub string table, 0.0004650 secs] [1 CMS-remark: 2575774K(4718592K)] 3701185K(6134208K), 0.5018790 secs] [Times: user=1.98 sys=0.00, real=0.50 secs] 
2013-09-30T09:57:18.355+0000: 278.184: [CMS-concurrent-sweep-start]
2013-09-30T09:57:19.323+0000: 279.152: [CMS-concurrent-sweep: 0.968/0.968 secs] [Times: user=1.58 sys=0.15, real=0.97 secs] 
2013-09-30T09:57:19.333+0000: 279.161: [CMS-concurrent-reset-start]
2013-09-30T09:57:19.345+0000: 279.173: [CMS-concurrent-reset: 0.012/0.012 secs] [Times: user=0.02 sys=0.01, real=0.02 secs] 
2013-09-30T09:57:20.446+0000: 280.280: [GC 280.286: [ParNew: 1415616K->157248K(1415616K), 0.4092520 secs] 2480917K->1464045K(6134208K), 0.4182730 secs] [Times: user=1.31 sys=0.00, real=0.42 secs] 
2013-09-30T09:57:30.885+0000: 290.719: [GC 290.725: [ParNew: 1415601K->157248K(1415616K), 0.3819970 secs] 2722399K->1719536K(6134208K), 0.3913770 secs] [Times: user=1.32 sys=0.00, real=0.39 secs] 
2013-09-30T09:57:41.162+0000: 300.996: [GC 301.001: [ParNew: 1415616K->157248K(1415616K), 0.3357950 secs] 2977904K->1984083K(6134208K), 0.3448060 secs] [Times: user=1.27 sys=0.00, real=0.36 secs] 
2013-09-30T09:57:51.501+0000: 311.334: [GC 311.340: [ParNew: 1415616K->157248K(1415616K), 0.5854370 secs] 3242451K->2253297K(6134208K), 0.5947710 secs] [Times: user=1.34 sys=0.00, real=0.60 secs] 
2013-09-30T09:58:01.597+0000: 321.430: [GC 321.437: [ParNew: 1415616K->157248K(1415616K), 0.3518500 secs] 3511665K->2527007K(6134208K), 0.3611140 secs] [Times: user=1.31 sys=0.00, real=0.37 secs] 
2013-09-30T09:58:11.447+0000: 331.280: [GC 331.286: [ParNew: 1415604K->157248K(1415616K), 0.4372580 secs] 3785364K->2797103K(6134208K), 0.4462770 secs] [Times: user=1.32 sys=0.14, real=0.45 secs] 
2013-09-30T09:58:22.388+0000: 342.221: [GC 342.227: [ParNew: 1415595K->157248K(1415616K), 0.6174710 secs] 4055450K->3090200K(6134208K), 0.6269140 secs] [Times: user=1.50 sys=0.49, real=0.64 secs] 
2013-09-30T09:58:33.533+0000: 353.366: [GC 353.372: [ParNew: 1415614K->157248K(1415616K), 0.6054860 secs] 4348567K->3375778K(6134208K), 0.6148470 secs] [Times: user=1.38 sys=0.54, real=0.62 secs] 
2013-09-30T09:58:44.976+0000: 364.809: [GC 364.816: [ParNew: 1415616K->157248K(1415616K), 0.5993880 secs] 4634146K->3662297K(6134208K), 0.6087450 secs] [Times: user=1.46 sys=0.45, real=0.62 secs] 
2013-09-30T09:58:56.278+0000: 376.111: [GC 376.117: [ParNew: 1415590K->157248K(1415616K), 0.5976550 secs] 4920640K->3940444K(6134208K), 0.6069910 secs] [Times: user=1.43 sys=0.45, real=0.61 secs] 
2013-09-30T09:59:07.620+0000: 387.454: [GC 387.460: [ParNew: 1415615K->157248K(1415616K), 0.6036030 secs] 5198812K->4225662K(6134208K), 0.6131480 secs] [Times: user=1.36 sys=0.56, real=0.62 secs] 
2013-09-30T09:59:08.251+0000: 388.084: [GC [1 CMS-initial-mark: 4068414K(4718592K)] 4226373K(6134208K), 0.1112040 secs] [Times: user=0.12 sys=0.01, real=0.11 secs] 
2013-09-30T09:59:08.380+0000: 388.209: [CMS-concurrent-mark-start]
2013-09-30T09:59:10.589+0000: 390.418: [CMS-concurrent-mark: 2.209/2.209 secs] [Times: user=3.34 sys=0.31, real=2.22 secs] 
2013-09-30T09:59:10.600+0000: 390.428: [CMS-concurrent-preclean-start]
2013-09-30T09:59:11.085+0000: 390.913: [CMS-concurrent-preclean: 0.357/0.485 secs] [Times: user=0.46 sys=0.22, real=0.49 secs] 
2013-09-30T09:59:11.095+0000: 390.923: [CMS-concurrent-abortable-preclean-start]
 CMS: abort preclean due to time 2013-09-30T09:59:16.428+0000: 396.257: [CMS-concurrent-abortable-preclean: 5.059/5.334 secs] [Times: user=6.86 sys=0.80, real=5.34 secs] 
2013-09-30T09:59:16.438+0000: 396.271: [GC[YG occupancy: 1146045 K (1415616 K)]396.274: [Rescan (parallel) , 0.5271840 secs]396.802: [weak refs processing, 0.0587550 secs]396.861: [scrub string table, 0.0003760 secs] [1 CMS-remark: 4068414K(4718592K)] 5214460K(6134208K), 0.5911980 secs] [Times: user=2.20 sys=0.00, real=0.59 secs] 
2013-09-30T09:59:17.048+0000: 396.877: [CMS-concurrent-sweep-start]
2013-09-30T09:59:18.517+0000: 398.345: [CMS-concurrent-sweep: 1.469/1.469 secs] [Times: user=2.18 sys=0.19, real=1.48 secs] 
2013-09-30T09:59:18.527+0000: 398.355: [CMS-concurrent-reset-start]
2013-09-30T09:59:18.538+0000: 398.367: [CMS-concurrent-reset: 0.012/0.012 secs] [Times: user=0.01 sys=0.00, real=0.02 secs] 
2013-09-30T09:59:19.127+0000: 398.960: [GC 398.967: [ParNew: 1415611K->157248K(1415616K), 0.3972820 secs] 2675392K->1696905K(6134208K), 0.4066810 secs] [Times: user=1.37 sys=0.00, real=0.42 secs] 
2013-09-30T09:59:30.464+0000: 410.297: [GC 410.303: [ParNew: 1415579K->157248K(1415616K), 0.3967120 secs] 2955237K->1976736K(6134208K), 0.4064800 secs] [Times: user=1.32 sys=0.00, real=0.41 secs] 
2013-09-30T09:59:41.803+0000: 421.636: [GC 421.642: [ParNew: 1415613K->157248K(1415616K), 0.3828260 secs] 3235102K->2259821K(6134208K), 0.3922680 secs] [Times: user=1.28 sys=0.00, real=0.40 secs] 
2013-09-30T09:59:53.162+0000: 432.995: [GC 433.002: [ParNew: 1415616K->157248K(1415616K), 0.4476550 secs] 3518189K->2546536K(6134208K), 0.4576650 secs] [Times: user=1.31 sys=0.00, real=0.47 secs] 
2013-09-30T10:00:04.511+0000: 444.344: [GC 444.351: [ParNew: 1415616K->157248K(1415616K), 0.5091510 secs] 3804904K->2828715K(6134208K), 0.5189190 secs] [Times: user=1.27 sys=0.00, real=0.53 secs] 
2013-09-30T10:00:15.927+0000: 455.766: [GC 455.780: [ParNew: 1415615K->157248K(1415616K), 0.6130060 secs] 4087082K->3113807K(6134208K), 0.6306980 secs] [Times: user=1.31 sys=0.00, real=0.64 secs] 
2013-09-30T10:00:27.207+0000: 467.041: [GC 467.047: [ParNew: 1415564K->157248K(1415616K), 0.3652200 secs] 4372124K->3395861K(6134208K), 0.3745890 secs] [Times: user=1.36 sys=0.00, real=0.38 secs] 
2013-09-30T10:00:38.625+0000: 478.458: [GC 478.465: [ParNew: 1415616K->157248K(1415616K), 0.3474510 secs] 4654229K->3679997K(6134208K), 0.3568650 secs] [Times: user=1.28 sys=0.01, real=0.36 secs] 
2013-09-30T10:00:49.978+0000: 489.811: [GC 489.818: [ParNew: 1415616K->157248K(1415616K), 0.3567680 secs] 4938365K->3958780K(6134208K), 0.3664540 secs] [Times: user=1.30 sys=0.00, real=0.37 secs] 
2013-09-30T10:01:01.261+0000: 501.094: [GC 501.100: [ParNew: 1415611K->157248K(1415616K), 0.4546470 secs] 5217144K->4240741K(6134208K), 0.4642270 secs] [Times: user=1.40 sys=0.02, real=0.47 secs] 
2013-09-30T10:01:01.744+0000: 501.577: [GC [1 CMS-initial-mark: 4083493K(4718592K)] 4241249K(6134208K), 0.1136650 secs] [Times: user=0.12 sys=0.00, real=0.12 secs] 
2013-09-30T10:01:01.881+0000: 501.710: [CMS-concurrent-mark-start]
2013-09-30T10:01:04.244+0000: 504.072: [CMS-concurrent-mark: 2.363/2.363 secs] [Times: user=3.25 sys=0.41, real=2.37 secs] 
2013-09-30T10:01:04.254+0000: 504.082: [CMS-concurrent-preclean-start]
2013-09-30T10:01:04.742+0000: 504.571: [CMS-concurrent-preclean: 0.357/0.488 secs] [Times: user=0.41 sys=0.25, real=0.49 secs] 
2013-09-30T10:01:04.752+0000: 504.580: [CMS-concurrent-abortable-preclean-start]
 CMS: abort preclean due to time 2013-09-30T10:01:09.764+0000: 509.593: [CMS-concurrent-abortable-preclean: 4.756/5.012 secs] [Times: user=6.50 sys=0.91, real=5.02 secs] 
2013-09-30T10:01:09.774+0000: 509.607: [GC[YG occupancy: 1108079 K (1415616 K)]509.611: [Rescan (parallel) , 0.5919770 secs]510.203: [weak refs processing, 0.0596170 secs]510.262: [scrub string table, 0.0003750 secs] [1 CMS-remark: 4083493K(4718592K)] 5191572K(6134208K), 0.6566500 secs] [Times: user=2.20 sys=0.00, real=0.66 secs] 
2013-09-30T10:01:10.450+0000: 510.278: [CMS-concurrent-sweep-start]
2013-09-30T10:01:11.902+0000: 511.730: [CMS-concurrent-sweep: 1.452/1.452 secs] [Times: user=2.16 sys=0.18, real=1.46 secs] 
2013-09-30T10:01:11.911+0000: 511.740: [CMS-concurrent-reset-start]
2013-09-30T10:01:11.923+0000: 511.752: [CMS-concurrent-reset: 0.012/0.012 secs] [Times: user=0.02 sys=0.00, real=0.02 secs] 
2013-09-30T10:01:12.654+0000: 512.487: [GC 512.493: [ParNew: 1415594K->157248K(1415616K), 0.3954210 secs] 2685675K->1706675K(6134208K), 0.4048850 secs] [Times: user=1.33 sys=0.01, real=0.41 secs] 
2013-09-30T10:01:24.081+0000: 523.914: [GC 523.920: [ParNew: 1415616K->157248K(1415616K), 0.3713140 secs] 2965043K->1989889K(6134208K), 0.3807860 secs] [Times: user=1.31 sys=0.00, real=0.38 secs] 
2013-09-30T10:01:35.425+0000: 535.259: [GC 535.266: [ParNew: 1415586K->157248K(1415616K), 0.3886030 secs] 3248228K->2271957K(6134208K), 0.3986560 secs] [Times: user=1.30 sys=0.01, real=0.41 secs] 
2013-09-30T10:01:46.688+0000: 546.522: [GC 546.528: [ParNew: 1415608K->157248K(1415616K), 0.4168670 secs] 3530317K->2556603K(6134208K), 0.4263790 secs] [Times: user=1.29 sys=0.01, real=0.44 secs] 
2013-09-30T10:01:58.068+0000: 557.901: [GC 557.908: [ParNew: 1415611K->157248K(1415616K), 0.3485910 secs] 3814967K->2840311K(6134208K), 0.3580560 secs] [Times: user=1.29 sys=0.00, real=0.37 secs] 
2013-09-30T10:02:09.476+0000: 569.316: [GC 569.322: [ParNew: 1415616K->157248K(1415616K), 0.6345940 secs] 4098679K->3124015K(6134208K), 0.6446060 secs] [Times: user=1.38 sys=0.00, real=0.65 secs] 
2013-09-30T10:02:20.735+0000: 580.568: [GC 580.574: [ParNew: 1415616K->157248K(1415616K), 0.5929390 secs] 4382383K->3406838K(6134208K), 0.6024200 secs] [Times: user=1.33 sys=0.00, real=0.61 secs] 
2013-09-30T10:02:32.158+0000: 591.992: [GC 591.998: [ParNew: 1415616K->157248K(1415616K), 0.3628600 secs] 4665206K->3690077K(6134208K), 0.3723340 secs] [Times: user=1.30 sys=0.01, real=0.37 secs] 
2013-09-30T10:02:43.585+0000: 603.418: [GC 603.424: [ParNew: 1415616K->157248K(1415616K), 0.3518990 secs] 4948445K->3967661K(6134208K), 0.3612830 secs] [Times: user=1.27 sys=0.02, real=0.36 secs] 
2013-09-30T10:02:54.970+0000: 614.804: [GC 614.810: [ParNew: 1415616K->157248K(1415616K), 0.5249010 secs] 5226029K->4247776K(6134208K), 0.5344250 secs] [Times: user=1.32 sys=0.00, real=0.54 secs] 
2013-09-30T10:02:55.524+0000: 615.357: [GC [1 CMS-initial-mark: 4090528K(4718592K)] 4248804K(6134208K), 0.1090980 secs] [Times: user=0.11 sys=0.01, real=0.12 secs] 
2013-09-30T10:02:55.652+0000: 615.480: [CMS-concurrent-mark-start]
2013-09-30T10:02:57.822+0000: 617.650: [CMS-concurrent-mark: 2.170/2.170 secs] [Times: user=3.25 sys=0.32, real=2.17 secs] 
2013-09-30T10:02:57.832+0000: 617.660: [CMS-concurrent-preclean-start]
2013-09-30T10:02:58.327+0000: 618.155: [CMS-concurrent-preclean: 0.362/0.495 secs] [Times: user=0.49 sys=0.21, real=0.50 secs] 
2013-09-30T10:02:58.337+0000: 618.165: [CMS-concurrent-abortable-preclean-start]
 CMS: abort preclean due to time 2013-09-30T10:03:03.999+0000: 623.828: [CMS-concurrent-abortable-preclean: 5.373/5.663 secs] [Times: user=7.42 sys=0.93, real=5.67 secs] 
2013-09-30T10:03:04.010+0000: 623.843: [GC[YG occupancy: 1166662 K (1415616 K)]623.846: [Rescan (parallel) , 0.5650780 secs]624.412: [weak refs processing, 0.0614950 secs]624.473: [scrub string table, 0.0003910 secs] [1 CMS-remark: 4090528K(4718592K)] 5257191K(6134208K), 0.6318450 secs] [Times: user=1.75 sys=0.00, real=0.64 secs] 
2013-09-30T10:03:04.666+0000: 624.494: [CMS-concurrent-sweep-start]
2013-09-30T10:03:06.105+0000: 625.933: [CMS-concurrent-sweep: 1.439/1.439 secs] [Times: user=2.19 sys=0.24, real=1.45 secs] 
2013-09-30T10:03:06.115+0000: 625.943: [CMS-concurrent-reset-start]
2013-09-30T10:03:06.126+0000: 625.955: [CMS-concurrent-reset: 0.012/0.012 secs] [Times: user=0.02 sys=0.01, real=0.02 secs] 
2013-09-30T10:03:06.509+0000: 626.343: [GC 626.350: [ParNew: 1415616K->157248K(1415616K), 0.7278590 secs] 2691390K->1716535K(6134208K), 0.7383980 secs] [Times: user=1.35 sys=0.02, real=0.75 secs] 
2013-09-30T10:03:17.684+0000: 637.517: [GC 637.523: [ParNew: 1415610K->157248K(1415616K), 0.5352100 secs] 2974897K->1996518K(6134208K), 0.5446820 secs] [Times: user=1.29 sys=0.01, real=0.55 secs] 
2013-09-30T10:03:29.177+0000: 649.011: [GC 649.017: [ParNew: 1415596K->157248K(1415616K), 0.3550150 secs] 3254867K->2280328K(6134208K), 0.3644670 secs] [Times: user=1.27 sys=0.02, real=0.37 secs] 
2013-09-30T10:03:40.469+0000: 660.302: [GC 660.309: [ParNew: 1415610K->157248K(1415616K), 0.5083980 secs] 3538691K->2566372K(6134208K), 0.5180370 secs] [Times: user=1.25 sys=0.03, real=0.52 secs] 
2013-09-30T10:03:51.799+0000: 671.633: [GC 671.639: [ParNew: 1415615K->157248K(1415616K), 0.3446910 secs] 3824740K->2849225K(6134208K), 0.3541300 secs] [Times: user=1.29 sys=0.00, real=0.36 secs] 
2013-09-30T10:04:03.167+0000: 683.000: [GC 683.007: [ParNew: 1415594K->157248K(1415616K), 0.5171940 secs] 4107571K->3134896K(6134208K), 0.5271050 secs] [Times: user=1.33 sys=0.00, real=0.53 secs] 
2013-09-30T10:04:14.597+0000: 694.430: [GC 694.436: [ParNew: 1415616K->157248K(1415616K), 0.3527890 secs] 4393264K->3414273K(6134208K), 0.3622140 secs] [Times: user=1.28 sys=0.00, real=0.36 secs] 
2013-09-30T10:04:25.850+0000: 705.684: [GC 705.691: [ParNew: 1415607K->157248K(1415616K), 0.6063430 secs] 4672632K->3697954K(6134208K), 0.6167150 secs] [Times: user=1.33 sys=0.01, real=0.62 secs] 
2013-09-30T10:04:37.259+0000: 717.092: [GC 717.099: [ParNew: 1415582K->157248K(1415616K), 0.3655650 secs] 4956288K->3978989K(6134208K), 0.3752970 secs] [Times: user=1.34 sys=0.00, real=0.38 secs] 
2013-09-30T10:04:48.630+0000: 728.463: [GC 728.470: [ParNew: 1415608K->157248K(1415616K), 0.4159290 secs] 5237349K->4261831K(6134208K), 0.4253500 secs] [Times: user=1.36 sys=0.03, real=0.43 secs] 
2013-09-30T10:04:49.074+0000: 728.907: [GC [1 CMS-initial-mark: 4104583K(4718592K)] 4263860K(6134208K), 0.1101630 secs] [Times: user=0.11 sys=0.00, real=0.12 secs] 
2013-09-30T10:04:49.202+0000: 729.031: [CMS-concurrent-mark-start]
2013-09-30T10:04:51.443+0000: 731.271: [CMS-concurrent-mark: 2.241/2.241 secs] [Times: user=3.26 sys=0.34, real=2.24 secs] 
2013-09-30T10:04:51.453+0000: 731.281: [CMS-concurrent-preclean-start]
2013-09-30T10:04:51.952+0000: 731.780: [CMS-concurrent-preclean: 0.365/0.499 secs] [Times: user=0.44 sys=0.23, real=0.50 secs] 
2013-09-30T10:04:51.962+0000: 731.790: [CMS-concurrent-abortable-preclean-start]
 CMS: abort preclean due to time 2013-09-30T10:04:57.502+0000: 737.330: [CMS-concurrent-abortable-preclean: 5.260/5.540 secs] [Times: user=6.80 sys=0.98, real=5.54 secs] 
2013-09-30T10:04:57.512+0000: 737.345: [GC[YG occupancy: 1143098 K (1415616 K)]737.349: [Rescan (parallel) , 0.5849340 secs]737.934: [weak refs processing, 0.0608690 secs]737.995: [scrub string table, 0.0003800 secs] [1 CMS-remark: 4104583K(4718592K)] 5247681K(6134208K), 0.6511310 secs] [Times: user=1.90 sys=0.00, real=0.66 secs] 
2013-09-30T10:04:58.182+0000: 738.010: [CMS-concurrent-sweep-start]
2013-09-30T10:04:59.787+0000: 739.615: [CMS-concurrent-sweep: 1.605/1.605 secs] [Times: user=2.28 sys=0.22, real=1.61 secs] 
2013-09-30T10:04:59.797+0000: 739.625: [CMS-concurrent-reset-start]
2013-09-30T10:04:59.809+0000: 739.637: [CMS-concurrent-reset: 0.012/0.012 secs] [Times: user=0.02 sys=0.00, real=0.02 secs] 
2013-09-30T10:05:00.202+0000: 740.036: [GC 740.043: [ParNew: 1415616K->157248K(1415616K), 0.4802940 secs] 2698118K->1720378K(6134208K), 0.4904500 secs] [Times: user=1.38 sys=0.01, real=0.50 secs] 
2013-09-30T10:05:11.309+0000: 751.142: [GC 751.149: [ParNew: 1415616K->157248K(1415616K), 0.5283750 secs] 2978746K->1997745K(6134208K), 0.5382080 secs] [Times: user=1.31 sys=0.02, real=0.54 secs] 
2013-09-30T10:05:22.747+0000: 762.580: [GC 762.587: [ParNew: 1415616K->157248K(1415616K), 0.4011150 secs] 3256113K->2281754K(6134208K), 0.4108590 secs] [Times: user=1.29 sys=0.01, real=0.41 secs] 
2013-09-30T10:05:34.126+0000: 773.959: [GC 773.966: [ParNew: 1415616K->157248K(1415616K), 0.4666270 secs] 3540122K->2568414K(6134208K), 0.4761010 secs] [Times: user=1.27 sys=0.04, real=0.48 secs] 
2013-09-30T10:05:45.426+0000: 785.259: [GC 785.266: [ParNew: 1415616K->157248K(1415616K), 0.5408890 secs] 3826782K->2851911K(6134208K), 0.5506520 secs] [Times: user=1.27 sys=0.01, real=0.56 secs] 
2013-09-30T10:05:56.787+0000: 796.620: [GC 796.626: [ParNew: 1415616K->157248K(1415616K), 0.5630390 secs] 4110279K->3135180K(6134208K), 0.5726000 secs] [Times: user=1.29 sys=0.00, real=0.58 secs] 
2013-09-30T10:06:08.202+0000: 808.035: [GC 808.042: [ParNew: 1415616K->157248K(1415616K), 0.3561240 secs] 4393548K->3415942K(6134208K), 0.3655880 secs] [Times: user=1.30 sys=0.02, real=0.37 secs] 
2013-09-30T10:06:19.563+0000: 819.396: [GC 819.403: [ParNew: 1415616K->157248K(1415616K), 0.4120050 secs] 4674310K->3696047K(6134208K), 0.4215280 secs] [Times: user=1.30 sys=0.00, real=0.43 secs] 
2013-09-30T10:06:30.939+0000: 830.773: [GC 830.780: [ParNew: 1415605K->157248K(1415616K), 0.3564060 secs] 4954404K->3977430K(6134208K), 0.3666550 secs] [Times: user=1.30 sys=0.00, real=0.38 secs] 
2013-09-30T10:06:42.262+0000: 842.095: [GC 842.101: [ParNew: 1415602K->157248K(1415616K), 0.3587290 secs] 5235785K->4258609K(6134208K), 0.3683460 secs] [Times: user=1.32 sys=0.00, real=0.37 secs] 
2013-09-30T10:06:42.649+0000: 842.482: [GC [1 CMS-initial-mark: 4101361K(4718592K)] 4260711K(6134208K), 0.1093540 secs] [Times: user=0.11 sys=0.00, real=0.11 secs] 
2013-09-30T10:06:42.777+0000: 842.605: [CMS-concurrent-mark-start]
2013-09-30T10:06:45.132+0000: 844.961: [CMS-concurrent-mark: 2.356/2.356 secs] [Times: user=3.34 sys=0.31, real=2.36 secs] 
2013-09-30T10:06:45.142+0000: 844.971: [CMS-concurrent-preclean-start]
2013-09-30T10:06:45.658+0000: 845.487: [CMS-concurrent-preclean: 0.377/0.516 secs] [Times: user=0.43 sys=0.27, real=0.52 secs] 
2013-09-30T10:06:45.668+0000: 845.497: [CMS-concurrent-abortable-preclean-start]
 CMS: abort preclean due to time 2013-09-30T10:06:50.927+0000: 850.755: [CMS-concurrent-abortable-preclean: 4.972/5.258 secs] [Times: user=6.76 sys=0.83, real=5.26 secs] 
2013-09-30T10:06:50.937+0000: 850.770: [GC[YG occupancy: 1130172 K (1415616 K)]850.773: [Rescan (parallel) , 0.5125570 secs]851.286: [weak refs processing, 0.0618430 secs]851.348: [scrub string table, 0.0003730 secs] [1 CMS-remark: 4101361K(4718592K)] 5231533K(6134208K), 0.5795420 secs] [Times: user=2.11 sys=0.00, real=0.58 secs] 
2013-09-30T10:06:51.535+0000: 851.364: [CMS-concurrent-sweep-start]
2013-09-30T10:06:52.992+0000: 852.821: [CMS-concurrent-sweep: 1.457/1.457 secs] [Times: user=2.18 sys=0.21, real=1.46 secs] 
2013-09-30T10:06:53.003+0000: 852.831: [CMS-concurrent-reset-start]
2013-09-30T10:06:53.015+0000: 852.844: [CMS-concurrent-reset: 0.013/0.013 secs] [Times: user=0.01 sys=0.02, real=0.01 secs] 
2013-09-30T10:06:53.642+0000: 853.476: [GC 853.482: [ParNew: 1415616K->157248K(1415616K), 0.3979290 secs] 2703159K->1723539K(6134208K), 0.4074010 secs] [Times: user=1.35 sys=0.00, real=0.41 secs] 
2013-09-30T10:07:05.021+0000: 864.855: [GC 864.861: [ParNew: 1415614K->157248K(1415616K), 0.3795420 secs] 2981906K->2002888K(6134208K), 0.3890350 secs] [Times: user=1.28 sys=0.05, real=0.39 secs] 
2013-09-30T10:07:16.333+0000: 876.166: [GC 876.172: [ParNew: 1415616K->157248K(1415616K), 0.3537800 secs] 3261256K->2285866K(6134208K), 0.3632650 secs] [Times: user=1.27 sys=0.02, real=0.37 secs] 
2013-09-30T10:07:27.648+0000: 887.481: [GC 887.487: [ParNew: 1415616K->157248K(1415616K), 0.3614450 secs] 3544234K->2573351K(6134208K), 0.3709840 secs] [Times: user=1.29 sys=0.00, real=0.37 secs] 
2013-09-30T10:07:39.046+0000: 898.880: [GC 898.886: [ParNew: 1415616K->157248K(1415616K), 0.3535800 secs] 3831719K->2859394K(6134208K), 0.3630590 secs] [Times: user=1.28 sys=0.02, real=0.36 secs] 
2013-09-30T10:07:50.399+0000: 910.232: [GC 910.238: [ParNew: 1415616K->157248K(1415616K), 0.3501890 secs] 4117762K->3142483K(6134208K), 0.3595950 secs] [Times: user=1.26 sys=0.02, real=0.36 secs] 
2013-09-30T10:08:01.709+0000: 921.542: [GC 921.549: [ParNew: 1415614K->157248K(1415616K), 0.4159570 secs] 4400850K->3423205K(6134208K), 0.4256500 secs] [Times: user=1.29 sys=0.00, real=0.43 secs] 
2013-09-30T10:08:13.074+0000: 932.907: [GC 932.914: [ParNew: 1415616K->157248K(1415616K), 0.3558940 secs] 4681573K->3705234K(6134208K), 0.3656300 secs] [Times: user=1.29 sys=0.03, real=0.37 secs] 
2013-09-30T10:08:24.440+0000: 944.273: [GC 944.280: [ParNew: 1415613K->157248K(1415616K), 0.3583820 secs] 4963599K->3983377K(6134208K), 0.3678490 secs] [Times: user=1.26 sys=0.03, real=0.38 secs] 
2013-09-30T10:08:35.797+0000: 955.630: [GC 955.643: [ParNew: 1415616K->157248K(1415616K), 0.5866310 secs] 5241745K->4264815K(6134208K), 0.6020420 secs] [Times: user=1.30 sys=0.03, real=0.61 secs] 
2013-09-30T10:08:36.416+0000: 956.249: [GC [1 CMS-initial-mark: 4107567K(4718592K)] 4264905K(6134208K), 0.1089190 secs] [Times: user=0.11 sys=0.01, real=0.11 secs] 
2013-09-30T10:08:36.543+0000: 956.371: [CMS-concurrent-mark-start]
2013-09-30T10:08:38.857+0000: 958.685: [CMS-concurrent-mark: 2.314/2.314 secs] [Times: user=3.35 sys=0.42, real=2.32 secs] 
2013-09-30T10:08:38.867+0000: 958.695: [CMS-concurrent-preclean-start]
2013-09-30T10:08:39.382+0000: 959.210: [CMS-concurrent-preclean: 0.377/0.515 secs] [Times: user=0.47 sys=0.29, real=0.52 secs] 
2013-09-30T10:08:39.392+0000: 959.220: [CMS-concurrent-abortable-preclean-start]
 CMS: abort preclean due to time 2013-09-30T10:08:44.496+0000: 964.324: [CMS-concurrent-abortable-preclean: 4.847/5.104 secs] [Times: user=6.60 sys=0.84, real=5.11 secs] 
2013-09-30T10:08:44.506+0000: 964.339: [GC[YG occupancy: 1122038 K (1415616 K)]964.342: [Rescan (parallel) , 0.5165770 secs]964.859: [weak refs processing, 0.0625080 secs]964.921: [scrub string table, 0.0003860 secs] [1 CMS-remark: 4107567K(4718592K)] 5229606K(6134208K), 0.5843220 secs] [Times: user=2.14 sys=0.00, real=0.59 secs] 
2013-09-30T10:08:45.109+0000: 964.938: [CMS-concurrent-sweep-start]
2013-09-30T10:08:46.512+0000: 966.341: [CMS-concurrent-sweep: 1.403/1.403 secs] [Times: user=2.12 sys=0.25, real=1.41 secs] 
2013-09-30T10:08:46.522+0000: 966.351: [CMS-concurrent-reset-start]
2013-09-30T10:08:46.534+0000: 966.363: [CMS-concurrent-reset: 0.012/0.012 secs] [Times: user=0.02 sys=0.01, real=0.02 secs] 
2013-09-30T10:08:47.230+0000: 967.063: [GC 967.070: [ParNew: 1415614K->157248K(1415616K), 0.4140930 secs] 2703633K->1727933K(6134208K), 0.4236210 secs] [Times: user=1.35 sys=0.01, real=0.43 secs] 
2013-09-30T10:08:58.510+0000: 978.344: [GC 978.350: [ParNew: 1415599K->157248K(1415616K), 0.4135800 secs] 2986284K->2008048K(6134208K), 0.4233100 secs] [Times: user=1.31 sys=0.04, real=0.42 secs] 
2013-09-30T10:09:09.959+0000: 989.793: [GC 989.799: [ParNew: 1415616K->157248K(1415616K), 0.3531240 secs] 3266416K->2292843K(6134208K), 0.3625330 secs] [Times: user=1.27 sys=0.02, real=0.37 secs] 
2013-09-30T10:09:21.241+0000: 1001.075: [GC 1001.082: [ParNew: 1415609K->157248K(1415616K), 0.3801620 secs] 3551205K->2578911K(6134208K), 0.3901510 secs] [Times: user=1.28 sys=0.02, real=0.39 secs] 
2013-09-30T10:09:32.540+0000: 1012.373: [GC 1012.380: [ParNew: 1415609K->157248K(1415616K), 0.3546860 secs] 3837272K->2863470K(6134208K), 0.3642370 secs] [Times: user=1.28 sys=0.02, real=0.37 secs] 
2013-09-30T10:09:44.020+0000: 1023.853: [GC 1023.859: [ParNew: 1415611K->157248K(1415616K), 0.3555220 secs] 4121833K->3145463K(6134208K), 0.3649880 secs] [Times: user=1.27 sys=0.04, real=0.37 secs] 
2013-09-30T10:09:55.301+0000: 1035.134: [GC 1035.141: [ParNew: 1415602K->157248K(1415616K), 0.4219970 secs] 4403817K->3427296K(6134208K), 0.4319070 secs] [Times: user=1.32 sys=0.01, real=0.44 secs] 
2013-09-30T10:10:06.681+0000: 1046.514: [GC 1046.521: [ParNew: 1415616K->157248K(1415616K), 0.3550410 secs] 4685664K->3709599K(6134208K), 0.3646560 secs] [Times: user=1.30 sys=0.00, real=0.37 secs] 
2013-09-30T10:10:18.030+0000: 1057.863: [GC 1057.869: [ParNew: 1415609K->157248K(1415616K), 0.3559240 secs] 4967960K->3990137K(6134208K), 0.3654120 secs] [Times: user=1.29 sys=0.01, real=0.37 secs] 
2013-09-30T10:10:29.370+0000: 1069.204: [GC 1069.210: [ParNew: 1415616K->157248K(1415616K), 0.3729280 secs] 5248505K->4271471K(6134208K), 0.3825430 secs] [Times: user=1.33 sys=0.03, real=0.39 secs] 
2013-09-30T10:10:29.774+0000: 1069.607: [GC [1 CMS-initial-mark: 4114223K(4718592K)] 4274144K(6134208K), 0.1107380 secs] [Times: user=0.11 sys=0.00, real=0.12 secs] 
2013-09-30T10:10:29.903+0000: 1069.732: [CMS-concurrent-mark-start]
2013-09-30T10:10:32.248+0000: 1072.076: [CMS-concurrent-mark: 2.345/2.345 secs] [Times: user=3.31 sys=0.33, real=2.35 secs] 
2013-09-30T10:10:32.258+0000: 1072.086: [CMS-concurrent-preclean-start]
2013-09-30T10:10:32.758+0000: 1072.587: [CMS-concurrent-preclean: 0.365/0.501 secs] [Times: user=0.45 sys=0.23, real=0.51 secs] 
2013-09-30T10:10:32.768+0000: 1072.597: [CMS-concurrent-abortable-preclean-start]
 CMS: abort preclean due to time 2013-09-30T10:10:37.982+0000: 1077.811: [CMS-concurrent-abortable-preclean: 4.943/5.214 secs] [Times: user=6.64 sys=1.01, real=5.22 secs] 
2013-09-30T10:10:37.993+0000: 1077.826: [GC[YG occupancy: 1118619 K (1415616 K)]1077.829: [Rescan (parallel) , 0.5088340 secs]1078.338: [weak refs processing, 0.0639080 secs]1078.402: [scrub string table, 0.0003770 secs] [1 CMS-remark: 4114223K(4718592K)] 5232842K(6134208K), 0.5779070 secs] [Times: user=2.10 sys=0.00, real=0.58 secs] 
2013-09-30T10:10:38.590+0000: 1078.418: [CMS-concurrent-sweep-start]
2013-09-30T10:10:40.069+0000: 1079.897: [CMS-concurrent-sweep: 1.479/1.479 secs] [Times: user=2.17 sys=0.28, real=1.48 secs] 
2013-09-30T10:10:40.078+0000: 1079.907: [CMS-concurrent-reset-start]
2013-09-30T10:10:40.090+0000: 1079.918: [CMS-concurrent-reset: 0.012/0.012 secs] [Times: user=0.02 sys=0.00, real=0.01 secs] 
2013-09-30T10:10:40.732+0000: 1080.566: [GC 1080.583: [ParNew: 1415616K->157248K(1415616K), 0.4710740 secs] 2711132K->1733107K(6134208K), 0.4912720 secs] [Times: user=1.36 sys=0.02, real=0.49 secs] 
2013-09-30T10:10:52.042+0000: 1091.876: [GC 1091.882: [ParNew: 1415567K->157248K(1415616K), 0.3845060 secs] 2991427K->2012638K(6134208K), 0.3939290 secs] [Times: user=1.32 sys=0.01, real=0.40 secs] 
2013-09-30T10:11:03.507+0000: 1103.341: [GC 1103.347: [ParNew: 1415616K->157248K(1415616K), 0.3516970 secs] 3271006K->2296276K(6134208K), 0.3611680 secs] [Times: user=1.27 sys=0.01, real=0.37 secs] 
2013-09-30T10:11:14.828+0000: 1114.662: [GC 1114.668: [ParNew: 1415616K->157248K(1415616K), 0.3525080 secs] 3554644K->2582745K(6134208K), 0.3622280 secs] [Times: user=1.25 sys=0.04, real=0.37 secs] 
2013-09-30T10:11:26.127+0000: 1125.960: [GC 1125.967: [ParNew: 1415616K->157248K(1415616K), 0.5018610 secs] 3841113K->2868194K(6134208K), 0.5114890 secs] [Times: user=1.27 sys=0.01, real=0.52 secs] 
2013-09-30T10:11:37.545+0000: 1137.382: [GC 1137.389: [ParNew: 1415616K->157248K(1415616K), 0.4421360 secs] 4126562K->3151332K(6134208K), 0.4527370 secs] [Times: user=1.32 sys=0.03, real=0.46 secs] 
2013-09-30T10:11:48.915+0000: 1148.748: [GC 1148.754: [ParNew: 1415616K->157248K(1415616K), 0.3485560 secs] 4409700K->3433932K(6134208K), 0.3580670 secs] [Times: user=1.26 sys=0.01, real=0.36 secs] 
2013-09-30T10:12:00.254+0000: 1160.087: [GC 1160.094: [ParNew: 1415615K->157248K(1415616K), 0.3584150 secs] 4692300K->3714803K(6134208K), 0.3680360 secs] [Times: user=1.28 sys=0.02, real=0.37 secs] 
2013-09-30T10:12:11.582+0000: 1171.416: [GC 1171.422: [ParNew: 1415615K->157248K(1415616K), 0.3562290 secs] 4973171K->3995659K(6134208K), 0.3656580 secs] [Times: user=1.25 sys=0.04, real=0.37 secs] 
2013-09-30T10:12:11.965+0000: 1171.798: [GC [1 CMS-initial-mark: 3838411K(4718592K)] 3996450K(6134208K), 0.1084600 secs] [Times: user=0.12 sys=0.00, real=0.12 secs] 
2013-09-30T10:12:12.092+0000: 1171.920: [CMS-concurrent-mark-start]
2013-09-30T10:12:14.546+0000: 1174.374: [CMS-concurrent-mark: 2.454/2.454 secs] [Times: user=3.35 sys=0.40, real=2.46 secs] 
2013-09-30T10:12:14.556+0000: 1174.384: [CMS-concurrent-preclean-start]
2013-09-30T10:12:15.088+0000: 1174.917: [CMS-concurrent-preclean: 0.394/0.533 secs] [Times: user=0.53 sys=0.22, real=0.54 secs] 
2013-09-30T10:12:15.098+0000: 1174.927: [CMS-concurrent-abortable-preclean-start]
 CMS: abort preclean due to time 2013-09-30T10:12:20.249+0000: 1180.078: [CMS-concurrent-abortable-preclean: 4.863/5.151 secs] [Times: user=6.55 sys=0.92, real=5.16 secs] 
2013-09-30T10:12:20.259+0000: 1180.093: [GC[YG occupancy: 1123079 K (1415616 K)]1180.096: [Rescan (parallel) , 0.5098270 secs]1180.606: [weak refs processing, 0.0572800 secs]1180.663: [scrub string table, 0.0003750 secs] [1 CMS-remark: 3838411K(4718592K)] 4961491K(6134208K), 0.5723290 secs] [Times: user=2.08 sys=0.00, real=0.58 secs] 
2013-09-30T10:12:20.856+0000: 1180.685: [CMS-concurrent-sweep-start]
2013-09-30T10:12:22.271+0000: 1182.100: [CMS-concurrent-sweep: 1.414/1.414 secs] [Times: user=2.18 sys=0.20, real=1.43 secs] 
2013-09-30T10:12:22.281+0000: 1182.110: [CMS-concurrent-reset-start]
2013-09-30T10:12:22.293+0000: 1182.121: [CMS-concurrent-reset: 0.012/0.012 secs] [Times: user=0.01 sys=0.01, real=0.01 secs] 
2013-09-30T10:12:22.968+0000: 1182.802: [GC 1182.808: [ParNew: 1415608K->157248K(1415616K), 0.3824800 secs] 2712412K->1734394K(6134208K), 0.3920610 secs] [Times: user=1.30 sys=0.03, real=0.40 secs] 
2013-09-30T10:12:34.294+0000: 1194.128: [GC 1194.134: [ParNew: 1415594K->157248K(1415616K), 0.4627040 secs] 2992741K->2015459K(6134208K), 0.4723760 secs] [Times: user=1.36 sys=0.01, real=0.48 secs] 
2013-09-30T10:12:45.835+0000: 1205.668: [GC 1205.672: [ParNew: 1415591K->157248K(1415616K), 0.4485150 secs] 3273802K->2230467K(6134208K), 0.4551550 secs] [Times: user=1.21 sys=0.03, real=0.46 secs] 
2013-09-30T10:12:57.962+0000: 1217.791: [GC 1217.791: [ParNew: 1415580K->157248K(1415616K), 0.2088160 secs] 3488799K->2318762K(6134208K), 0.2094600 secs] [Times: user=0.76 sys=0.00, real=0.21 secs] 
Heap
 par new generation   total 1415616K, used 284600K [0x0000000678000000, 0x00000006d8000000, 0x00000006d8000000)
  eden space 1258368K,  10% used [0x0000000678000000, 0x000000067fc5e260, 0x00000006c4ce0000)
  from space 157248K, 100% used [0x00000006c4ce0000, 0x00000006ce670000, 0x00000006ce670000)
  to   space 157248K,   0% used [0x00000006ce670000, 0x00000006ce670000, 0x00000006d8000000)
 concurrent mark-sweep generation total 4718592K, used 2161514K [0x00000006d8000000, 0x00000007f8000000, 0x00000007f8000000)
 concurrent-mark-sweep perm gen total 65536K, used 13431K [0x00000007f8000000, 0x00000007fc000000, 0x0000000800000000)
