2013-09-30T07:14:29.827+0000: 1.246: [Full GC (System) 1.246: [CMS: 0K->5250K(4718592K), 0.1864080 secs] 100669K->5250K(6134208K), [CMS Perm : 8985K->8982K(65536K)], 0.1865570 secs] [Times: user=0.07 sys=0.12, real=0.19 secs] 
2013-09-30T07:14:30.229+0000: 1.648: [GC 1.648: [ParNew: 1258368K->4018K(1415616K), 0.0341040 secs] 1263618K->9269K(6134208K), 0.0342770 secs] [Times: user=0.12 sys=0.00, real=0.03 secs] 
2013-09-30T07:14:31.273+0000: 2.693: [GC 2.694: [ParNew: 1262386K->58741K(1415616K), 0.1196750 secs] 1267637K->63992K(6134208K), 0.1210730 secs] [Times: user=0.40 sys=0.08, real=0.12 secs] 
2013-09-30T07:14:41.053+0000: 12.476: [GC 12.482: [ParNew: 1317109K->157248K(1415616K), 3.3941890 secs] 1322360K->427628K(6134208K), 3.4031570 secs] [Times: user=6.71 sys=2.38, real=3.40 secs] 
2013-09-30T07:15:09.372+0000: 40.796: [GC 40.799: [ParNew: 1415616K->130757K(1415616K), 0.5935020 secs] 1685996K->559397K(6134208K), 0.6006440 secs] [Times: user=1.99 sys=0.15, real=0.61 secs] 
2013-09-30T07:15:34.847+0000: 66.271: [GC 66.274: [ParNew: 1389125K->156867K(1415616K), 0.2605840 secs] 1817765K->649927K(6134208K), 0.2678500 secs] [Times: user=0.97 sys=0.02, real=0.27 secs] 
2013-09-30T07:15:56.462+0000: 87.886: [GC 87.890: [ParNew: 1415235K->157248K(1415616K), 0.2537390 secs] 1908295K->712581K(6134208K), 0.2613140 secs] [Times: user=0.91 sys=0.04, real=0.27 secs] 
2013-09-30T07:16:17.923+0000: 109.347: [GC 109.352: [ParNew: 1415616K->157248K(1415616K), 0.2797790 secs] 1970949K->785752K(6134208K), 0.2882000 secs] [Times: user=0.99 sys=0.08, real=0.30 secs] 
2013-09-30T07:16:37.541+0000: 128.964: [GC 128.969: [ParNew: 1415616K->157248K(1415616K), 0.2829220 secs] 2044120K->874504K(6134208K), 0.2907570 secs] [Times: user=0.96 sys=0.11, real=0.30 secs] 
2013-09-30T07:16:55.690+0000: 147.113: [GC 147.118: [ParNew: 1415616K->157248K(1415616K), 0.3089710 secs] 2132872K->983393K(6134208K), 0.3170220 secs] [Times: user=0.98 sys=0.15, real=0.32 secs] 
2013-09-30T07:17:12.329+0000: 163.753: [GC 163.759: [ParNew: 1415616K->157248K(1415616K), 0.4304950 secs] 2241761K->1120515K(6134208K), 0.4395580 secs] [Times: user=1.17 sys=0.15, real=0.44 secs] 
2013-09-30T07:17:27.990+0000: 179.414: [GC 179.419: [ParNew: 1415612K->157248K(1415616K), 0.3898680 secs] 2378879K->1280218K(6134208K), 0.3983980 secs] [Times: user=1.23 sys=0.14, real=0.41 secs] 
2013-09-30T07:17:42.613+0000: 194.037: [GC 194.042: [ParNew: 1415616K->157248K(1415616K), 0.4258630 secs] 2538586K->1456271K(6134208K), 0.4343760 secs] [Times: user=1.25 sys=0.23, real=0.44 secs] 
2013-09-30T07:17:56.522+0000: 207.946: [GC 207.951: [ParNew: 1415614K->157248K(1415616K), 0.4249870 secs] 2714638K->1645925K(6134208K), 0.4336000 secs] [Times: user=1.20 sys=0.26, real=0.44 secs] 
2013-09-30T07:18:09.803+0000: 221.227: [GC 221.232: [ParNew: 1415616K->157248K(1415616K), 0.4604380 secs] 2904293K->1847425K(6134208K), 0.4691520 secs] [Times: user=1.25 sys=0.31, real=0.47 secs] 
2013-09-30T07:18:22.509+0000: 233.933: [GC 233.938: [ParNew: 1415616K->157248K(1415616K), 0.4573160 secs] 3105793K->2057099K(6134208K), 0.4660390 secs] [Times: user=1.21 sys=0.33, real=0.47 secs] 
2013-09-30T07:18:34.614+0000: 246.038: [GC 246.044: [ParNew: 1415608K->157248K(1415616K), 0.4881420 secs] 3315460K->2275871K(6134208K), 0.4972450 secs] [Times: user=1.22 sys=0.33, real=0.50 secs] 
2013-09-30T07:18:46.349+0000: 257.773: [GC 257.779: [ParNew: 1415616K->157248K(1415616K), 0.5033510 secs] 3534239K->2505043K(6134208K), 0.5128400 secs] [Times: user=1.28 sys=0.37, real=0.51 secs] 
2013-09-30T07:18:57.614+0000: 269.038: [GC 269.044: [ParNew: 1415616K->157248K(1415616K), 0.5571400 secs] 3763411K->2742910K(6134208K), 0.5663340 secs] [Times: user=1.41 sys=0.30, real=0.57 secs] 
2013-09-30T07:18:58.198+0000: 269.621: [GC [1 CMS-initial-mark: 2585662K(4718592K)] 2743392K(6134208K), 0.1172770 secs] [Times: user=0.13 sys=0.00, real=0.12 secs] 
2013-09-30T07:18:58.334+0000: 269.752: [CMS-concurrent-mark-start]
2013-09-30T07:19:00.265+0000: 271.683: [CMS-concurrent-mark: 1.931/1.931 secs] [Times: user=3.30 sys=0.36, real=1.94 secs] 
2013-09-30T07:19:00.275+0000: 271.693: [CMS-concurrent-preclean-start]
2013-09-30T07:19:00.620+0000: 272.039: [CMS-concurrent-preclean: 0.254/0.345 secs] [Times: user=0.42 sys=0.20, real=0.35 secs] 
2013-09-30T07:19:00.631+0000: 272.049: [CMS-concurrent-abortable-preclean-start]
 CMS: abort preclean due to time 2013-09-30T07:19:06.114+0000: 277.532: [CMS-concurrent-abortable-preclean: 5.202/5.483 secs] [Times: user=7.47 sys=0.93, real=5.49 secs] 
2013-09-30T07:19:06.123+0000: 277.547: [GC[YG occupancy: 1137108 K (1415616 K)]277.550: [Rescan (parallel) , 0.4860360 secs]278.036: [weak refs processing, 0.0317050 secs]278.068: [scrub string table, 0.0003850 secs] [1 CMS-remark: 2585662K(4718592K)] 3722770K(6134208K), 0.5222030 secs] [Times: user=2.02 sys=0.00, real=0.53 secs] 
2013-09-30T07:19:06.664+0000: 278.083: [CMS-concurrent-sweep-start]
2013-09-30T07:19:07.695+0000: 279.114: [CMS-concurrent-sweep: 1.031/1.031 secs] [Times: user=1.56 sys=0.23, real=1.03 secs] 
2013-09-30T07:19:07.705+0000: 279.124: [CMS-concurrent-reset-start]
2013-09-30T07:19:07.717+0000: 279.136: [CMS-concurrent-reset: 0.012/0.012 secs] [Times: user=0.01 sys=0.01, real=0.02 secs] 
2013-09-30T07:19:08.709+0000: 280.132: [GC 280.138: [ParNew: 1415616K->157248K(1415616K), 0.3861720 secs] 2478767K->1461960K(6134208K), 0.3951560 secs] [Times: user=1.34 sys=0.00, real=0.40 secs] 
2013-09-30T07:19:19.127+0000: 290.551: [GC 290.557: [ParNew: 1415606K->157248K(1415616K), 0.3748130 secs] 2720318K->1719363K(6134208K), 0.3840970 secs] [Times: user=1.37 sys=0.00, real=0.40 secs] 
2013-09-30T07:19:29.410+0000: 300.834: [GC 300.841: [ParNew: 1415616K->157248K(1415616K), 0.3540210 secs] 2977731K->1980459K(6134208K), 0.3635600 secs] [Times: user=1.33 sys=0.00, real=0.37 secs] 
2013-09-30T07:19:39.714+0000: 311.138: [GC 311.144: [ParNew: 1415616K->157248K(1415616K), 0.3473320 secs] 3238827K->2251518K(6134208K), 0.3565060 secs] [Times: user=1.33 sys=0.00, real=0.36 secs] 
2013-09-30T07:19:49.834+0000: 321.258: [GC 321.264: [ParNew: 1415616K->157248K(1415616K), 0.3417240 secs] 3509886K->2525492K(6134208K), 0.3510380 secs] [Times: user=1.25 sys=0.00, real=0.36 secs] 
2013-09-30T07:19:59.729+0000: 331.153: [GC 331.158: [ParNew: 1415583K->157248K(1415616K), 0.4459780 secs] 3783828K->2796841K(6134208K), 0.4550810 secs] [Times: user=1.35 sys=0.12, real=0.46 secs] 
2013-09-30T07:20:10.646+0000: 342.069: [GC 342.075: [ParNew: 1415616K->157248K(1415616K), 0.6066320 secs] 4055350K->3086939K(6134208K), 0.6158600 secs] [Times: user=1.42 sys=0.52, real=0.62 secs] 
2013-09-30T07:20:11.279+0000: 342.702: [GC 342.705: [ParNew: 157387K->157206K(1415616K), 0.2890340 secs] 3087078K->3244500K(6134208K), 0.2952780 secs] [Times: user=0.68 sys=0.24, real=0.30 secs] 
2013-09-30T07:20:21.752+0000: 353.175: [GC 353.181: [ParNew: 1415574K->157248K(1415616K), 0.4863200 secs] 4502868K->3440288K(6134208K), 0.4957230 secs] [Times: user=1.19 sys=0.36, real=0.51 secs] 
2013-09-30T07:20:33.178+0000: 364.602: [GC 364.608: [ParNew: 1415606K->157248K(1415616K), 0.5797550 secs] 4698646K->3719695K(6134208K), 0.5891410 secs] [Times: user=1.40 sys=0.52, real=0.60 secs] 
2013-09-30T07:20:44.477+0000: 375.901: [GC 375.907: [ParNew: 1415600K->157248K(1415616K), 0.6738930 secs] 4978047K->4004353K(6134208K), 0.6834380 secs] [Times: user=1.39 sys=0.60, real=0.69 secs] 
2013-09-30T07:20:45.179+0000: 376.603: [GC [1 CMS-initial-mark: 3847105K(4718592K)] 4005174K(6134208K), 0.1117300 secs] [Times: user=0.12 sys=0.01, real=0.12 secs] 
2013-09-30T07:20:45.309+0000: 376.728: [CMS-concurrent-mark-start]
2013-09-30T07:20:47.372+0000: 378.791: [CMS-concurrent-mark: 2.063/2.063 secs] [Times: user=3.12 sys=0.23, real=2.07 secs] 
2013-09-30T07:20:47.382+0000: 378.801: [CMS-concurrent-preclean-start]
2013-09-30T07:20:47.838+0000: 379.256: [CMS-concurrent-preclean: 0.332/0.455 secs] [Times: user=0.58 sys=0.24, real=0.46 secs] 
2013-09-30T07:20:47.848+0000: 379.266: [CMS-concurrent-abortable-preclean-start]
 CMS: abort preclean due to time 2013-09-30T07:20:53.005+0000: 384.423: [CMS-concurrent-abortable-preclean: 4.908/5.157 secs] [Times: user=6.85 sys=0.69, real=5.16 secs] 
2013-09-30T07:20:53.014+0000: 384.438: [GC[YG occupancy: 1108304 K (1415616 K)]384.441: [Rescan (parallel) , 0.5229310 secs]384.964: [weak refs processing, 0.0546680 secs]385.019: [scrub string table, 0.0003710 secs] [1 CMS-remark: 3847105K(4718592K)] 4955410K(6134208K), 0.5827900 secs] [Times: user=2.20 sys=0.00, real=0.59 secs] 
2013-09-30T07:20:53.616+0000: 385.035: [CMS-concurrent-sweep-start]
2013-09-30T07:20:54.924+0000: 386.343: [CMS-concurrent-sweep: 1.308/1.308 secs] [Times: user=2.07 sys=0.12, real=1.32 secs] 
2013-09-30T07:20:54.934+0000: 386.353: [CMS-concurrent-reset-start]
2013-09-30T07:20:54.946+0000: 386.365: [CMS-concurrent-reset: 0.012/0.012 secs] [Times: user=0.02 sys=0.01, real=0.02 secs] 
2013-09-30T07:20:55.831+0000: 387.255: [GC 387.261: [ParNew: 1415616K->157248K(1415616K), 0.4014590 secs] 2673770K->1696438K(6134208K), 0.4108610 secs] [Times: user=1.40 sys=0.00, real=0.42 secs] 
2013-09-30T07:21:07.263+0000: 398.686: [GC 398.693: [ParNew: 1415604K->157248K(1415616K), 0.3720960 secs] 2954794K->1976416K(6134208K), 0.3961270 secs] [Times: user=1.32 sys=0.00, real=0.40 secs] 
2013-09-30T07:21:18.639+0000: 410.062: [GC 410.068: [ParNew: 1415616K->157248K(1415616K), 0.3523120 secs] 3234784K->2259945K(6134208K), 0.3618160 secs] [Times: user=1.28 sys=0.00, real=0.37 secs] 
2013-09-30T07:21:29.867+0000: 421.291: [GC 421.297: [ParNew: 1415613K->157248K(1415616K), 0.3591710 secs] 3518310K->2546340K(6134208K), 0.3685380 secs] [Times: user=1.31 sys=0.02, real=0.38 secs] 
2013-09-30T07:21:41.321+0000: 432.745: [GC 432.752: [ParNew: 1415603K->157248K(1415616K), 0.3962680 secs] 3804696K->2829454K(6134208K), 0.4066080 secs] [Times: user=1.32 sys=0.00, real=0.41 secs] 
2013-09-30T07:21:52.781+0000: 444.205: [GC 444.211: [ParNew: 1415578K->157248K(1415616K), 0.3555580 secs] 4087784K->3112478K(6134208K), 0.3649920 secs] [Times: user=1.29 sys=0.00, real=0.37 secs] 
2013-09-30T07:22:03.960+0000: 455.384: [GC 455.390: [ParNew: 1415589K->157248K(1415616K), 0.3545880 secs] 4370819K->3393545K(6134208K), 0.3640440 secs] [Times: user=1.28 sys=0.03, real=0.37 secs] 
2013-09-30T07:22:15.323+0000: 466.747: [GC 466.753: [ParNew: 1415600K->157248K(1415616K), 0.3499180 secs] 4651898K->3676105K(6134208K), 0.3593650 secs] [Times: user=1.29 sys=0.00, real=0.37 secs] 
2013-09-30T07:22:26.734+0000: 478.157: [GC 478.163: [ParNew: 1415616K->157248K(1415616K), 0.3939620 secs] 4934473K->3954446K(6134208K), 0.4033590 secs] [Times: user=1.32 sys=0.00, real=0.41 secs] 
2013-09-30T07:22:37.995+0000: 489.419: [GC 489.425: [ParNew: 1415606K->157248K(1415616K), 0.7077290 secs] 5212804K->4233936K(6134208K), 0.7174830 secs] [Times: user=1.40 sys=0.53, real=0.72 secs] 
2013-09-30T07:22:38.730+0000: 490.153: [GC [1 CMS-initial-mark: 4076688K(4718592K)] 4234646K(6134208K), 0.1109580 secs] [Times: user=0.12 sys=0.00, real=0.12 secs] 
2013-09-30T07:22:38.859+0000: 490.277: [CMS-concurrent-mark-start]
2013-09-30T07:22:40.983+0000: 492.401: [CMS-concurrent-mark: 2.124/2.124 secs] [Times: user=3.32 sys=0.28, real=2.12 secs] 
2013-09-30T07:22:40.993+0000: 492.411: [CMS-concurrent-preclean-start]
2013-09-30T07:22:41.479+0000: 492.898: [CMS-concurrent-preclean: 0.354/0.486 secs] [Times: user=0.49 sys=0.22, real=0.49 secs] 
2013-09-30T07:22:41.489+0000: 492.908: [CMS-concurrent-abortable-preclean-start]
 CMS: abort preclean due to time 2013-09-30T07:22:47.085+0000: 498.503: [CMS-concurrent-abortable-preclean: 5.320/5.596 secs] [Times: user=6.99 sys=0.92, real=5.61 secs] 
2013-09-30T07:22:47.094+0000: 498.517: [GC[YG occupancy: 1154409 K (1415616 K)]498.521: [Rescan (parallel) , 0.5228720 secs]499.044: [weak refs processing, 0.0618250 secs]499.106: [scrub string table, 0.0003660 secs] [1 CMS-remark: 4076688K(4718592K)] 5231097K(6134208K), 0.5898120 secs] [Times: user=2.18 sys=0.00, real=0.59 secs] 
2013-09-30T07:22:47.704+0000: 499.122: [CMS-concurrent-sweep-start]
2013-09-30T07:22:49.192+0000: 500.610: [CMS-concurrent-sweep: 1.488/1.488 secs] [Times: user=2.18 sys=0.21, real=1.49 secs] 
2013-09-30T07:22:49.202+0000: 500.621: [CMS-concurrent-reset-start]
2013-09-30T07:22:49.219+0000: 500.637: [CMS-concurrent-reset: 0.017/0.017 secs] [Times: user=0.03 sys=0.01, real=0.02 secs] 
2013-09-30T07:22:49.681+0000: 501.104: [GC 501.110: [ParNew: 1415612K->157248K(1415616K), 0.4208380 secs] 2687814K->1709894K(6134208K), 0.4302320 secs] [Times: user=1.34 sys=0.04, real=0.44 secs] 
2013-09-30T07:23:00.799+0000: 512.222: [GC 512.229: [ParNew: 1415616K->157248K(1415616K), 0.3685210 secs] 2968262K->1987612K(6134208K), 0.3779680 secs] [Times: user=1.32 sys=0.00, real=0.38 secs] 
2013-09-30T07:23:12.198+0000: 523.621: [GC 523.628: [ParNew: 1415616K->157248K(1415616K), 0.3605780 secs] 3245980K->2270540K(6134208K), 0.3701370 secs] [Times: user=1.33 sys=0.00, real=0.38 secs] 
2013-09-30T07:23:23.423+0000: 534.846: [GC 534.853: [ParNew: 1415599K->157248K(1415616K), 0.3799560 secs] 3528892K->2559817K(6134208K), 0.3895780 secs] [Times: user=1.37 sys=0.00, real=0.39 secs] 
2013-09-30T07:23:34.791+0000: 546.215: [GC 546.221: [ParNew: 1415599K->157248K(1415616K), 0.3624480 secs] 3818169K->2843294K(6134208K), 0.3720280 secs] [Times: user=1.27 sys=0.02, real=0.38 secs] 
2013-09-30T07:23:46.227+0000: 557.651: [GC 557.657: [ParNew: 1415616K->157248K(1415616K), 0.3528080 secs] 4101662K->3126282K(6134208K), 0.3623130 secs] [Times: user=1.29 sys=0.01, real=0.37 secs] 
2013-09-30T07:23:57.479+0000: 568.903: [GC 568.909: [ParNew: 1415608K->157248K(1415616K), 0.3550790 secs] 4384643K->3408628K(6134208K), 0.3644800 secs] [Times: user=1.28 sys=0.01, real=0.38 secs] 
2013-09-30T07:24:08.810+0000: 580.234: [GC 580.240: [ParNew: 1415616K->157248K(1415616K), 0.3510630 secs] 4666996K->3689559K(6134208K), 0.3605270 secs] [Times: user=1.28 sys=0.00, real=0.37 secs] 
2013-09-30T07:24:20.220+0000: 591.644: [GC 591.651: [ParNew: 1415601K->157248K(1415616K), 0.4110820 secs] 4947912K->3968072K(6134208K), 0.4210830 secs] [Times: user=1.33 sys=0.00, real=0.42 secs] 
2013-09-30T07:24:31.660+0000: 603.084: [GC 603.089: [ParNew: 1415616K->157248K(1415616K), 0.3515350 secs] 5226440K->4225279K(6134208K), 0.3598090 secs] [Times: user=1.28 sys=0.00, real=0.36 secs] 
2013-09-30T07:24:32.035+0000: 603.458: [GC [1 CMS-initial-mark: 4068031K(4718592K)] 4225329K(6134208K), 0.1040980 secs] [Times: user=0.11 sys=0.00, real=0.11 secs] 
2013-09-30T07:24:32.157+0000: 603.575: [CMS-concurrent-mark-start]
2013-09-30T07:24:34.323+0000: 605.741: [CMS-concurrent-mark: 2.166/2.166 secs] [Times: user=3.61 sys=0.63, real=2.17 secs] 
2013-09-30T07:24:34.330+0000: 605.749: [CMS-concurrent-preclean-start]
2013-09-30T07:24:34.792+0000: 606.210: [CMS-concurrent-preclean: 0.337/0.461 secs] [Times: user=0.45 sys=0.30, real=0.47 secs] 
2013-09-30T07:24:34.799+0000: 606.217: [CMS-concurrent-abortable-preclean-start]
 CMS: abort preclean due to time 2013-09-30T07:24:40.175+0000: 611.594: [CMS-concurrent-abortable-preclean: 5.104/5.377 secs] [Times: user=7.38 sys=1.40, real=5.38 secs] 
2013-09-30T07:24:40.180+0000: 611.601: [GC[YG occupancy: 1073699 K (1415616 K)]611.602: [Rescan (parallel) , 0.4899670 secs]612.092: [weak refs processing, 0.0631600 secs]612.155: [scrub string table, 0.0003900 secs] [1 CMS-remark: 4068031K(4718592K)] 5141730K(6134208K), 0.5560170 secs] [Times: user=1.78 sys=0.00, real=0.55 secs] 
2013-09-30T07:24:40.745+0000: 612.163: [CMS-concurrent-sweep-start]
2013-09-30T07:24:42.317+0000: 613.736: [CMS-concurrent-sweep: 1.502/1.572 secs] [Times: user=2.47 sys=0.52, real=1.57 secs] 
2013-09-30T07:24:42.320+0000: 613.739: [CMS-concurrent-reset-start]
2013-09-30T07:24:42.332+0000: 613.751: [CMS-concurrent-reset: 0.012/0.012 secs] [Times: user=0.02 sys=0.00, real=0.02 secs] 
2013-09-30T07:24:43.293+0000: 614.713: [GC 614.714: [ParNew: 1415615K->157248K(1415616K), 0.2421140 secs] 2551690K->1379938K(6134208K), 0.2437660 secs] [Times: user=0.85 sys=0.00, real=0.24 secs] 
Heap
 par new generation   total 1415616K, used 562515K [0x0000000678000000, 0x00000006d8000000, 0x00000006d8000000)
  eden space 1258368K,  32% used [0x0000000678000000, 0x0000000690bc4d50, 0x00000006c4ce0000)
  from space 157248K, 100% used [0x00000006c4ce0000, 0x00000006ce670000, 0x00000006ce670000)
  to   space 157248K,   0% used [0x00000006ce670000, 0x00000006ce670000, 0x00000006d8000000)
 concurrent mark-sweep generation total 4718592K, used 1222690K [0x00000006d8000000, 0x00000007f8000000, 0x00000007f8000000)
 concurrent-mark-sweep perm gen total 65536K, used 13530K [0x00000007f8000000, 0x00000007fc000000, 0x0000000800000000)
