1.885: [GC 94372K->5180K(6094848K), 0.0107210 secs]
1.896: [Full GC 5180K->4894K(6094848K), 0.0289970 secs]
38.020: [GC 1184542K->16435K(6094848K), 0.0166960 secs]
99.167: [GC 1196083K->33525K(6094848K), 0.0406240 secs]
140.991: [GC 1213173K->42007K(6094848K), 0.0485200 secs]
172.257: [GC 1221655K->48054K(6094848K), 0.0497180 secs]
199.809: [GC 1227702K->52825K(6227648K), 0.0507330 secs]
226.338: [GC 1365273K->57332K(6094848K), 0.0702890 secs]
251.301: [GC 1369780K->62408K(6217088K), 0.0769320 secs]
275.971: [GC 1490120K->67582K(6218880K), 0.0712750 secs]
298.501: [GC 1495294K->71742K(6219648K), 0.0561050 secs]
318.059: [GC 1500222K->73526K(6218880K), 0.0393290 secs]
338.128: [GC 1502006K->76723K(6224576K), 0.0369210 secs]
357.374: [GC 1513075K->81186K(6221824K), 0.0411440 secs]
375.780: [GC 1517538K->83493K(6228288K), 0.0366400 secs]
392.879: [GC 1528101K->88348K(6226368K), 0.0491000 secs]
409.707: [GC 1532956K->92751K(6230272K), 0.0446350 secs]
426.267: [GC 1542479K->96678K(6229504K), 0.0577080 secs]
442.047: [GC 1546406K->100389K(6231040K), 0.0435570 secs]
457.624: [GC 1552037K->104821K(6230656K), 0.0457810 secs]
472.627: [GC 1556469K->107653K(6231552K), 0.0428190 secs]
487.093: [GC 1560192K->112290K(6231040K), 0.0439270 secs]
500.764: [GC 1564834K->116631K(6232000K), 0.0451980 secs]
514.737: [GC 1570391K->120363K(6231808K), 0.0445050 secs]
528.031: [GC 1574123K->126163K(6232768K), 0.0457300 secs]
540.552: [GC 1581523K->130904K(6232640K), 0.0475320 secs]
553.281: [GC 1586264K->135695K(6233152K), 0.0475760 secs]
565.095: [GC 1591631K->141471K(6232832K), 0.0453740 secs]
577.031: [GC 1597407K->146954K(6233472K), 0.0475430 secs]
589.356: [GC 1603658K->153676K(6233280K), 0.0456010 secs]
600.283: [GC 1610380K->159330K(6233536K), 0.0475480 secs]
611.740: [GC 1616162K->166576K(6233344K), 0.0484300 secs]
623.176: [GC 1623408K->172544K(6233728K), 0.0480470 secs]
634.301: [GC 1629760K->179898K(6224640K), 0.0476650 secs]
644.689: [GC 1637114K->186504K(6233536K), 0.0494890 secs]
655.749: [GC 1643464K->194986K(6225216K), 0.0494320 secs]
666.243: [GC 1651946K->201401K(6233408K), 0.0492380 secs]
676.872: [GC 1657976K->210353K(6233216K), 0.0498050 secs]
687.094: [GC 1666929K->218950K(6233664K), 0.0515310 secs]
697.387: [GC 1676038K->226219K(6233472K), 0.0499640 secs]
706.949: [GC 1683307K->236012K(6234304K), 0.0527490 secs]
716.542: [GC 1694380K->245631K(6234112K), 0.0520240 secs]
726.057: [GC 1703999K->254840K(6235008K), 0.0554950 secs]
735.580: [GC 1714424K->265366K(6234624K), 0.0518880 secs]
744.728: [GC 1724950K->277015K(6235520K), 0.0561180 secs]
753.973: [GC 1737879K->289124K(6230208K), 0.0544690 secs]
763.414: [GC 1749988K->298181K(6235712K), 0.0537840 secs]
772.434: [GC 1759045K->310471K(6235200K), 0.0537870 secs]
781.698: [GC 1771335K->321424K(6236288K), 0.0557240 secs]
790.227: [GC 1783376K->334159K(6235712K), 0.0608320 secs]
799.135: [GC 1796111K->346042K(6236480K), 0.0561590 secs]
807.699: [GC 1808885K->356791K(6236416K), 0.0581230 secs]
816.230: [GC 1819639K->370709K(6236672K), 0.0575820 secs]
824.822: [GC 1834389K->383241K(6232768K), 0.0564420 secs]
833.212: [GC 1846921K->396219K(6236800K), 0.0590840 secs]
841.413: [GC 1859771K->408839K(6232960K), 0.0568950 secs]
849.785: [GC 1872391K->422059K(6236928K), 0.0568430 secs]
858.102: [GC 1885675K->437596K(6236736K), 0.0804390 secs]
866.175: [GC 1901212K->451755K(6236416K), 0.0588760 secs]
874.366: [GC 1914923K->465389K(6236608K), 0.0592940 secs]
882.079: [GC 1928545K->479912K(6237248K), 0.0578120 secs]
889.959: [GC 1944168K->494279K(6237056K), 0.0596200 secs]
897.840: [GC 1958535K->509101K(6237632K), 0.0594660 secs]
905.542: [GC 1974253K->524853K(6237568K), 0.0598640 secs]
913.188: [GC 1990005K->540282K(6237952K), 0.0650380 secs]
920.850: [GC 2005946K->555614K(6237760K), 0.0592820 secs]
928.411: [GC 2021278K->570843K(6238336K), 0.0601690 secs]
935.815: [GC 2037211K->589110K(6237184K), 0.0619090 secs]
943.286: [GC 2055478K->604134K(6237952K), 0.0688940 secs]
950.703: [GC 2069926K->620242K(6237888K), 0.0621120 secs]
957.805: [GC 2086034K->637163K(6238144K), 0.0636600 secs]
965.156: [GC 2103531K->652895K(6238208K), 0.0620920 secs]
972.523: [GC 2119263K->670759K(6237888K), 0.0640180 secs]
979.446: [GC 2136871K->686426K(6238080K), 0.0624170 secs]
986.809: [GC 2152538K->704403K(6237888K), 0.0632630 secs]
993.765: [GC 2170515K->720834K(6238080K), 0.0849530 secs]
1001.027: [GC 2186946K->739116K(6238464K), 0.0641760 secs]
1007.793: [GC 2205739K->758064K(6237696K), 0.0665660 secs]
1014.929: [GC 2224688K->776826K(6237440K), 0.0656610 secs]
1021.887: [GC 2242298K->794640K(6237760K), 0.0658230 secs]
1028.641: [GC 2260112K->813771K(6237504K), 0.0636860 secs]
1035.439: [GC 2279115K->831947K(6237696K), 0.0652180 secs]
1042.262: [GC 2297291K->850317K(6238080K), 0.0652900 secs]
1048.657: [GC 2316173K->868929K(6237824K), 0.0796080 secs]
1055.681: [GC 2334785K->887342K(6238208K), 0.0660740 secs]
1062.244: [GC 2353710K->905966K(6237120K), 0.0659190 secs]
1069.012: [GC 2372334K->925762K(6238272K), 0.0834420 secs]
1075.581: [GC 2392066K->946024K(6238080K), 0.0666870 secs]
1082.332: [GC 2412328K->965514K(6237760K), 0.0669420 secs]
1088.685: [GC 2431370K->984236K(6237952K), 0.0671610 secs]
1095.371: [GC 2450092K->1003703K(6238272K), 0.0668560 secs]
1101.741: [GC 2470007K->1025253K(6238080K), 0.0679370 secs]
1108.180: [GC 2491557K->1044034K(6238208K), 0.0683220 secs]
1114.480: [GC 2510337K->1064843K(6238144K), 0.0689720 secs]
1120.869: [GC 2531147K->1084081K(6238144K), 0.0675040 secs]
1126.923: [GC 2550449K->1106292K(6238208K), 0.0682990 secs]
1133.399: [GC 2572660K->1126010K(6238336K), 0.0683610 secs]
1139.492: [GC 2592506K->1146231K(6238208K), 0.0695290 secs]
1145.657: [GC 2612727K->1166585K(6238464K), 0.0675140 secs]
1151.628: [GC 2633401K->1187667K(6238400K), 0.0739570 secs]
1157.920: [GC 2654483K->1209559K(6238144K), 0.0700650 secs]
1164.017: [GC 2676055K->1231380K(6237376K), 0.0712870 secs]
1170.165: [GC 2697876K->1250783K(6238272K), 0.0695080 secs]
1176.320: [GC 2717215K->1272749K(6238208K), 0.0708600 secs]
1181.911: [GC 2739181K->1295571K(6237888K), 0.0714360 secs]
1187.634: [GC 2761811K->1316837K(6238144K), 0.0731240 secs]
1193.714: [GC 2783077K->1338774K(6238144K), 0.0797240 secs]
1199.397: [GC 2805014K->1360277K(6238144K), 0.0758810 secs]
1205.412: [GC 2826517K->1381361K(6238272K), 0.0865800 secs]
1211.079: [GC 2847793K->1401836K(6238208K), 0.0715230 secs]
1217.024: [GC 2868268K->1425399K(6237760K), 0.0728110 secs]
1222.849: [GC 2891383K->1447586K(6238016K), 0.0748680 secs]
1228.439: [GC 2913570K->1470295K(6238208K), 0.0992750 secs]
1234.363: [GC 2936599K->1493219K(6237440K), 0.0728460 secs]
1239.942: [GC 2959523K->1515190K(6238144K), 0.0733680 secs]
1245.559: [GC 2981366K->1539708K(6238080K), 0.0759010 secs]
1251.468: [GC 3005884K->1561705K(6220800K), 0.0757910 secs]
1256.669: [GC 3010537K->1583587K(6229440K), 0.0727240 secs]
1262.449: [GC 3032419K->1605829K(6229888K), 0.0732440 secs]
1267.636: [GC 3055365K->1629126K(6229696K), 0.0722980 secs]
1272.943: [GC 3078662K->1650889K(6230592K), 0.0775750 secs]
1278.745: [GC 3101769K->1675097K(6230336K), 0.0734370 secs]
1284.164: [GC 3125977K->1698301K(6231872K), 0.0790580 secs]
1289.498: [GC 3151421K->1721320K(6231296K), 0.0750610 secs]
1294.701: [GC 3174440K->1744567K(6232832K), 0.0766350 secs]
1300.032: [GC 3199799K->1767692K(6232448K), 0.1043830 secs]
1305.422: [GC 3222924K->1791038K(6233728K), 0.0743860 secs]
1310.858: [GC 3247933K->1814847K(6233216K), 0.0752850 secs]
1316.019: [GC 3271743K->1837125K(6234432K), 0.0743050 secs]
1321.066: [GC 3295557K->1859618K(6234048K), 0.0747980 secs]
1326.294: [GC 3318050K->1883308K(6234944K), 0.0787550 secs]
1331.340: [GC 3342828K->1907278K(6234624K), 0.0761270 secs]
1337.013: [GC 3366798K->1953283K(6202304K), 0.1146230 secs]
1342.714: [GC 3380867K->2005762K(6218816K), 0.1134430 secs]
1348.880: [GC 3433346K->2040987K(6155200K), 0.1219650 secs]
1354.743: [GC 3404955K->2072630K(6187008K), 0.0999180 secs]
1360.427: [GC 3436598K->2077384K(6189120K), 0.0823220 secs]
1365.665: [GC 3444040K->2100356K(6187584K), 0.0800050 secs]
1370.835: [GC 3467012K->2123219K(6191360K), 0.0754800 secs]
1375.216: [GC 3494547K->2146890K(6190016K), 0.0760880 secs]
1380.021: [GC 3518218K->2169179K(6194176K), 0.0753490 secs]
1384.860: [GC 3546075K->2195235K(6192768K), 0.0778720 secs]
1389.846: [GC 3572131K->2229170K(6199296K), 0.0894620 secs]
1395.300: [GC 3614706K->2289978K(6196288K), 0.1226950 secs]
1401.227: [GC 3675493K->2341403K(6114624K), 0.1491800 secs]
1407.981: [GC 3642267K->2389489K(6129600K), 0.1349080 secs]
1414.166: [GC 3690353K->2418129K(6139520K), 0.1270130 secs]
1420.343: [GC 3695825K->2428489K(6143872K), 0.1116210 secs]
1425.667: [GC 3706185K->2420196K(6148864K), 0.0845450 secs]
1430.496: [GC 3707044K->2443735K(6148032K), 0.0797980 secs]
1434.837: [GC 3730583K->2467844K(6152064K), 0.0743070 secs]
1439.139: [GC 3759876K->2491117K(6150016K), 0.0889530 secs]
1443.273: [GC 3783149K->2516640K(6157440K), 0.0915960 secs]
1447.663: [GC 3818400K->2540676K(6154368K), 0.0760860 secs]
1451.911: [GC 3842425K->2563504K(6164160K), 0.0777150 secs]
1456.340: [GC 3878448K->2589781K(6160832K), 0.0773000 secs]
1460.673: [GC 3904724K->2619623K(6172864K), 0.0826600 secs]
1465.086: [GC 3950503K->2654363K(6168064K), 0.0898150 secs]
1470.086: [GC 3985243K->2691955K(6177792K), 0.0998280 secs]
1475.085: [GC 4037235K->2731562K(6151232K), 0.1177640 secs]
1480.408: [GC 4076842K->2761855K(6166976K), 0.1117720 secs]
1485.914: [GC 4092543K->2798368K(6143744K), 0.1175900 secs]
1491.208: [GC 4129053K->2821066K(6163968K), 0.1221020 secs]
1496.591: [GC 4140746K->2841389K(6164864K), 0.1076390 secs]
1501.705: [GC 4161069K->2880741K(6167424K), 0.1138940 secs]
1506.452: [GC 4206053K->2916670K(6138304K), 0.1173410 secs]
1511.794: [GC 4241982K->2901969K(6166144K), 0.0889050 secs]
1516.144: [GC 4223185K->2925765K(6165120K), 0.0838750 secs]
1520.409: [GC 4246981K->2951071K(6168384K), 0.1135800 secs]
1524.689: [GC 4276255K->2976371K(6166848K), 0.0831310 secs]
1529.012: [GC 4301555K->3000249K(6172672K), 0.0809660 secs]
1533.280: [GC 4333305K->3025413K(6170432K), 0.0809220 secs]
1537.474: [GC 4358469K->3050213K(6178176K), 0.0812330 secs]
1541.578: [GC 4393701K->3074536K(6175360K), 0.1021700 secs]
1545.777: [GC 4418024K->3099776K(6183936K), 0.0822250 secs]
1550.174: [GC 4454656K->3125578K(6180992K), 0.0819010 secs]
1554.466: [GC 4480458K->3150703K(6189888K), 0.0863720 secs]
1558.749: [GC 4517551K->3176823K(6187008K), 0.0874390 secs]
1563.173: [GC 4543671K->3201469K(6195904K), 0.0829370 secs]
1567.345: [GC 4580412K->3228924K(6193088K), 0.1281690 secs]
1571.495: [GC 4607868K->3254424K(6201856K), 0.0862410 secs]
1575.791: [GC 4645144K->3281731K(6198912K), 0.0972890 secs]
1580.290: [GC 4672451K->3341938K(6189888K), 0.1106650 secs]
1585.134: [GC 4726514K->3404569K(6197312K), 0.1585200 secs]
1590.841: [GC 4789145K->3473879K(6078656K), 0.1993010 secs]
1596.939: [GC 4739799K->3525735K(6086912K), 0.1655220 secs]
1602.483: [GC 4791655K->3556604K(6135552K), 0.1337470 secs]
1607.488: [GC 4818044K->3599722K(6092480K), 0.1376390 secs]
1612.911: [GC 4861162K->3635273K(6121280K), 0.1397890 secs]
1618.215: [GC 4878024K->3665727K(6078720K), 0.1458740 secs]
1623.792: [GC 4908478K->3688725K(6123712K), 0.1384570 secs]
1629.093: [GC 4925397K->3721649K(6123008K), 0.1355630 secs]
1633.822: [GC 4958321K->3691762K(6124608K), 0.0965650 secs]
1638.040: [GC 4930866K->3714829K(6124544K), 0.0874030 secs]
1641.586: [GC 4953933K->3738824K(6126080K), 0.0827250 secs]
1645.232: [GC 4979590K->3762789K(6124736K), 0.0814390 secs]
1648.782: [GC 5003557K->3786696K(6131328K), 0.0823480 secs]
1652.579: [GC 5036360K->3811332K(6128384K), 0.0853170 secs]
1656.344: [GC 5060996K->3835126K(6139008K), 0.0824720 secs]
1659.841: [GC 5099126K->3858937K(6135040K), 0.0816840 secs]
1663.382: [GC 5122937K->3884261K(6148032K), 0.0881210 secs]
1667.062: [GC 5165541K->3909631K(6143296K), 0.1055630 secs]
1670.763: [GC 5190911K->3934387K(6157696K), 0.0837400 secs]
1674.596: [GC 5234928K->3959750K(6152896K), 0.0969740 secs]
1678.321: [GC 5260294K->3986767K(6167488K), 0.0960020 secs]
1681.969: [GC 5306703K->4011362K(6162496K), 0.0853720 secs]
1685.948: [GC 5331298K->4037155K(6176768K), 0.0863510 secs]
1689.663: [GC 5375971K->4064068K(6172096K), 0.0883090 secs]
1693.692: [GC 5402884K->4088372K(6185536K), 0.0869240 secs]
1697.339: [GC 5445236K->4113721K(6181376K), 0.0876570 secs]
1701.487: [GC 5470585K->4140327K(6193280K), 0.0876430 secs]
1705.444: [GC 5512935K->4167039K(6189376K), 0.0900430 secs]
1709.288: [GC 5539647K->4192000K(6200512K), 0.0932980 secs]
1713.262: [GC 5579584K->4219459K(6197120K), 0.0997970 secs]
1717.202: [GC 5607043K->4246889K(6206848K), 0.0911530 secs]
1721.219: [GC 5647465K->4272533K(6203776K), 0.0903890 secs]
1725.190: [GC 5673109K->4300665K(6212416K), 0.0915220 secs]
1729.411: [GC 5712697K->4327882K(6209664K), 0.0924810 secs]
1733.250: [GC 5739914K->4354569K(6217216K), 0.0930470 secs]
1737.359: [GC 5776713K->4382437K(6214976K), 0.1229490 secs]
1741.377: [GC 5804581K->4409578K(6221248K), 0.1048920 secs]
1745.341: [GC 5840106K->4436178K(6219328K), 0.0921440 secs]
1749.352: [GC 5866706K->4464935K(6224448K), 0.0936220 secs]
1753.195: [GC 5902311K->4491691K(6222976K), 0.0982920 secs]
1756.959: [GC 5929067K->4520003K(6226944K), 0.0948010 secs]
1760.836: [GC 5962819K->4548701K(6225920K), 0.0963610 secs]
1764.657: [GC 5991517K->4573840K(6228672K), 0.0992540 secs]
1768.672: [GC 6020048K->4601160K(6227584K), 0.0944610 secs]
1772.388: [GC 6047948K->4629782K(6230528K), 0.0954590 secs]
1776.480: [GC 6079896K->4657390K(6229632K), 0.0948480 secs]
1780.249: [GC 6107502K->4684867K(6232192K), 0.0950000 secs]
1784.125: [GC 6138435K->4713100K(6231424K), 0.0951770 secs]
1787.981: [GC 6166668K->4741724K(6233088K), 0.0977160 secs]
1792.081: [GC 6197596K->4769203K(6232832K), 0.1208870 secs]
1792.202: [Full GC 4769203K->367428K(6232832K), 1.1749320 secs]
1796.012: [GC 1823300K->420524K(6233856K), 0.0546130 secs]
1799.979: [GC 1877993K->448621K(6233664K), 0.0617020 secs]
1803.892: [GC 1906093K->458262K(6229248K), 0.0570500 secs]
1808.498: [GC 1911830K->454543K(6191680K), 0.0409810 secs]
1816.455: [GC 1908111K->454081K(6221056K), 0.0335940 secs]